WigleWifi-1.4,appRelease=v1.2.0,model=ESP32 Marauder,release=v1.2.0,device=ESP32 Marauder,display=SPI TFT,board=ESP32 Marauder,brand=JustCallMeKoko
MAC,SSID,AuthMode,FirstSeen,Channel,RSSI,CurrentLatitude,CurrentLongitude,AltitudeMeters,AccuracyMeters,Type
90:CA:FA:9B:5C:CF,The Force,[WPA2_PSK],2025-3-24 16:40:38,1,-67,34.0443573,-117.2011261,379.60,1.50,WIFI
1E:67:BE:09:97:E9,,[WPA2_PSK],2025-3-24 16:40:38,1,-80,34.0443573,-117.2011261,379.60,1.50,WIFI
1E:67:BE:09:97:E8,,[WPA2_PSK],2025-3-24 16:40:38,1,-81,34.0443573,-117.2011261,379.60,1.50,WIFI
2C:67:BE:09:97:EF,SpectrumSetup-97EB,[WPA2_PSK],2025-3-24 16:40:38,1,-81,34.0443573,-117.2011261,379.60,1.50,WIFI
BE:D7:D4:76:8C:4C,,[WPA2_PSK],2025-3-24 16:40:38,1,-85,34.0443573,-117.2011261,379.60,1.50,WIFI
34:53:D2:52:09:CE,SpectrumSetup-C8,[WPA2_PSK],2025-3-24 16:40:38,1,-86,34.0443573,-117.2011261,379.60,1.50,WIFI
9A:0C:7A:D4:2C:F8,SpectrumSetup-97EB,[WPA2_PSK],2025-3-24 16:40:38,1,-87,34.0443573,-117.2011261,379.60,1.50,WIFI
98:ED:5C:83:A7:13,TeslaPV_83A713,[WPA2_PSK],2025-3-24 16:40:39,2,-61,34.0443573,-117.2011261,379.50,1.50,WIFI
A4:11:62:72:9A:12,ARLO_VMB_4422026869,[WPA2_PSK],2025-3-24 16:40:40,3,-81,34.0443573,-117.2011261,379.40,1.50,WIFI
10:DA:43:99:AA:F6,NETGEAR29,[WPA2_PSK],2025-3-24 16:40:40,3,-86,34.0443573,-117.2011261,379.40,1.50,WIFI
54:04:63:FB:12:D8,,[WPA_WPA2_PSK],2025-3-24 16:40:40,3,-86,34.0443573,-117.2011261,379.40,1.50,WIFI
C2:A5:11:13:3E:5C,ORBI42,[WPA2_PSK],2025-3-24 16:40:41,4,-92,34.0443573,-117.2011261,379.30,1.50,WIFI
90:CA:FA:9B:5D:1A,The Force,[WPA2_PSK],2025-3-24 16:40:43,6,-62,34.0443573,-117.2011261,379.00,1.50,WIFI
90:CA:FA:9B:59:3C,The Force,[WPA2_PSK],2025-3-24 16:40:43,6,-70,34.0443573,-117.2011261,379.00,1.50,WIFI
D4:3F:32:6C:47:C3,,[WPA3_PSK],2025-3-24 16:40:43,6,-75,34.0443573,-117.2011261,379.00,1.50,WIFI
D4:3F:32:6C:47:C6,durian,[WPA2_PSK],2025-3-24 16:40:43,6,-75,34.0443573,-117.2011261,379.00,1.50,WIFI
22:48:6C:B1:A8:3B,,[WPA2_PSK],2025-3-24 16:40:43,6,-81,34.0443573,-117.2011261,379.00,1.50,WIFI
58:2F:F7:75:40:C6,SpectrumSetup-C0,[WPA2_PSK],2025-3-24 16:40:43,6,-88,34.0443573,-117.2011261,379.00,1.50,WIFI
80:69:1A:94:41:B4,Leason2.0,[WPA2_WPA3_PSK],2025-3-24 16:40:45,9,-90,34.0443573,-117.2011261,378.90,1.50,WIFI
00:13:37:AA:3A:34,Redlands Free WiFi,[OPEN],2025-3-24 16:40:47,11,-51,34.0443535,-117.2011490,378.70,1.50,WIFI
02:13:37:AA:3A:34,manage,[WPA2_PSK],2025-3-24 16:40:47,11,-52,34.0443535,-117.2011490,378.70,1.50,WIFI
D4:05:DE:89:EE:67,Honn,[WPA2_PSK],2025-3-24 16:40:47,11,-75,34.0443535,-117.2011490,378.70,1.50,WIFI
D4:05:DE:89:EE:64,,[WPA3_PSK],2025-3-24 16:40:47,11,-76,34.0443535,-117.2011490,378.70,1.50,WIFI
D4:05:DE:89:EE:6A,,[OPEN],2025-3-24 16:40:47,11,-76,34.0443535,-117.2011490,378.70,1.50,WIFI
F8:5B:3B:CE:64:39,MandC,[WPA2_PSK],2025-3-24 16:40:47,11,-83,34.0443535,-117.2011490,378.70,1.50,WIFI
22:3E:A4:04:CF:C2,,[WPA2_PSK],2025-3-24 16:40:47,11,-84,34.0443535,-117.2011490,378.70,1.50,WIFI
00:17:1A:D5:37:06,Winegard2ghzD53705,[WPA2_PSK],2025-3-24 16:40:47,11,-87,34.0443535,-117.2011490,378.70,1.50,WIFI
48:5D:36:48:3D:46,Klausz_WiFi,[WPA2_PSK],2025-3-24 16:40:47,11,-91,34.0443535,-117.2011490,378.70,1.50,WIFI
58:68:7A:10:AF:16,Cookie,[WPA2_WPA3_PSK],2025-3-24 16:40:50,1,-80,34.0443535,-117.2011795,378.60,1.50,WIFI
AA:0C:7A:D4:3E:98,,[WPA2_PSK],2025-3-24 16:40:50,1,-87,34.0443535,-117.2011795,378.60,1.50,WIFI
8A:0C:7A:D4:3E:98,,[WPA2_PSK],2025-3-24 16:40:50,1,-90,34.0443535,-117.2011795,378.60,1.50,WIFI
04:B6:BE:46:60:CE,,[WPA_WPA2_PSK],2025-3-24 16:40:53,2,-81,34.0443535,-117.2011871,378.00,1.50,WIFI
22:3E:A4:9A:0C:40,,[WPA2_PSK],2025-3-24 16:40:54,3,-91,34.0443497,-117.2011871,378.00,1.50,WIFI
D4:3F:32:6C:47:C9,,[OPEN],2025-3-24 16:40:57,6,-72,34.0443382,-117.2012177,377.80,1.50,WIFI
F4:52:46:1D:8C:B9,SpectrumSetup-BB,[WPA2_PSK],2025-3-24 16:40:57,6,-81,34.0443382,-117.2012177,377.80,1.50,WIFI
60:F4:19:01:28:A9,,[OPEN],2025-3-24 16:40:57,6,-82,34.0443382,-117.2012177,377.80,1.50,WIFI
60:F4:19:01:28:A3,,[WPA3_PSK],2025-3-24 16:40:57,6,-83,34.0443382,-117.2012177,377.80,1.50,WIFI
80:78:71:80:F3:1F,SpectrumSetup-21,[WPA2_PSK],2025-3-24 16:40:57,6,-84,34.0443382,-117.2012177,377.80,1.50,WIFI
FC:34:97:05:D4:D0,Belle-2G,[WPA2_PSK],2025-3-24 16:40:59,8,-75,34.0443268,-117.2012482,377.80,1.50,WIFI
FC:34:97:05:D4:D1,BeOurGuest,[WPA2_WPA3_PSK],2025-3-24 16:40:59,8,-78,34.0443268,-117.2012482,377.80,1.50,WIFI
86:69:1A:94:41:B4,,[WPA2_WPA3_PSK],2025-3-24 16:41:0,9,-91,34.0443230,-117.2012482,377.70,1.50,WIFI
F8:F5:32:4C:34:08,Frontier0816,[WPA2_PSK],2025-3-24 16:41:2,11,-92,34.0443192,-117.2012558,377.60,1.50,WIFI
04:B6:BE:86:B3:34,,[WPA_WPA2_PSK],2025-3-24 16:41:5,1,-90,34.0443344,-117.2012558,377.40,1.50,WIFI
A0:04:60:CE:27:AC,NETGEAR49,[WPA2_PSK],2025-3-24 16:41:5,1,-91,34.0443344,-117.2012558,377.40,1.50,WIFI
74:AC:B9:BD:D4:B8,BT_Magnolia,[WPA2_PSK],2025-3-24 16:41:5,1,-91,34.0443344,-117.2012558,377.40,1.50,WIFI
60:32:B1:31:E8:12,DECO,[WPA2_PSK],2025-3-24 16:41:8,3,-84,34.0444412,-117.2013397,376.90,1.50,WIFI
66:32:B1:31:E3:3E,,[WPA2_PSK],2025-3-24 16:41:8,3,-87,34.0444412,-117.2013397,376.90,1.50,WIFI
7E:AC:B9:BD:CB:D1,iPhoneSetup,[WPA2_PSK],2025-3-24 16:41:11,6,-79,34.0446091,-117.2014771,375.90,1.50,WIFI
82:AC:B9:BD:CB:D1,,[WPA2_PSK],2025-3-24 16:41:11,6,-79,34.0446091,-117.2014771,375.90,1.50,WIFI
7A:AC:B9:BD:CB:D1,BT_Magnolia_guest,[WPA2_PSK],2025-3-24 16:41:11,6,-82,34.0446091,-117.2014771,375.90,1.50,WIFI
44:EA:D8:1E:24:B8,ChimePro-1E24B7,[OPEN],2025-3-24 16:41:11,6,-88,34.0446091,-117.2014771,375.90,1.50,WIFI
00:22:6C:A7:D1:04,,[OPEN],2025-3-24 16:41:13,8,-90,34.0447350,-117.2015839,375.40,1.50,WIFI
2E:80:88:D7:76:8B,Cohen,[WPA2_PSK],2025-3-24 16:41:14,9,-85,34.0447922,-117.2016296,375.10,1.50,WIFI
34:60:F9:5F:7E:1B,HandB,[WPA2_PSK],2025-3-24 16:41:14,9,-86,34.0447922,-117.2016296,375.10,1.50,WIFI
9C:0B:05:C3:67:CA,,[OPEN],2025-3-24 16:41:16,11,-78,34.0448723,-117.2017059,374.60,1.50,WIFI
9C:0B:05:C3:67:C4,,[WPA3_PSK],2025-3-24 16:41:16,11,-79,34.0448723,-117.2017059,374.60,1.50,WIFI
9C:0B:05:C3:67:C7,GeorgeYaz,[WPA2_PSK],2025-3-24 16:41:16,11,-80,34.0448723,-117.2017059,374.60,1.50,WIFI
66:CB:E9:7C:99:EC,[LG_Oven]99ec,[WPA2_PSK],2025-3-24 16:41:16,11,-90,34.0448723,-117.2017059,374.60,1.50,WIFI
3C:04:61:9B:96:F8,Frontier2416,[WPA2_PSK],2025-3-24 16:41:19,1,-84,34.0449142,-117.2018051,374.10,1.50,WIFI
7A:AC:B9:BD:D4:B8,BT_Magnolia_guest,[WPA2_PSK],2025-3-24 16:41:19,1,-90,34.0449142,-117.2018051,374.10,1.50,WIFI
C8:D3:FF:15:93:18,DIRECT-17-HP ENVY 5660 series,[WPA2_PSK],2025-3-24 16:41:25,6,-71,34.0447083,-117.2022781,374.90,1.50,WIFI
84:1E:A3:C8:F9:D6,SpectrumSetup-D0,[WPA2_PSK],2025-3-24 16:41:25,6,-84,34.0447083,-117.2022781,374.90,1.50,WIFI
88:6A:E3:DD:3D:D2,tldd3dd2,[WPA2_PSK],2025-3-24 16:41:25,6,-85,34.0447083,-117.2022781,374.90,1.50,WIFI
00:22:6C:A7:D6:9C,,[OPEN],2025-3-24 16:41:27,8,-84,34.0445786,-117.2025146,375.30,1.50,WIFI
32:80:88:D9:17:30,,[WPA2_PSK],2025-3-24 16:41:28,9,-81,34.0445137,-117.2026291,375.30,1.50,WIFI
2E:80:88:D9:17:30,Cohen,[WPA2_PSK],2025-3-24 16:41:28,9,-82,34.0445137,-117.2026291,375.30,1.50,WIFI
CC:CF:83:0D:F8:6C,,[WPA_WPA2_PSK],2025-3-24 16:41:28,9,-84,34.0445137,-117.2026291,375.30,1.50,WIFI
60:32:B1:F9:EF:A6,,[WPA2_PSK],2025-3-24 16:41:29,10,-77,34.0444489,-117.2027588,375.30,1.50,WIFI
72:32:B1:F9:EF:A6,MeatRocket,[WPA2_PSK],2025-3-24 16:41:29,10,-78,34.0444489,-117.2027588,375.30,1.50,WIFI
6A:32:B1:F9:ED:26,MeatRocket,[WPA2_PSK],2025-3-24 16:41:29,10,-89,34.0444489,-117.2027588,375.30,1.50,WIFI
C8:A7:0A:AF:86:08,FiOS-AI0MH,[WPA2_PSK],2025-3-24 16:41:30,11,-65,34.0443802,-117.2028809,375.40,1.50,WIFI
A4:97:33:4C:EC:5D,SpectrumSetup-5F,[WPA2_PSK],2025-3-24 16:41:30,11,-72,34.0443802,-117.2028809,375.40,1.50,WIFI
FC:12:63:A1:77:85,SpectrumSetup-87,[WPA2_PSK],2025-3-24 16:41:30,11,-84,34.0443802,-117.2028809,375.40,1.50,WIFI
88:67:46:8C:7A:89,,[OPEN],2025-3-24 16:41:30,11,-84,34.0443802,-117.2028809,375.40,1.50,WIFI
88:67:46:8C:7A:83,,[WPA3_PSK],2025-3-24 16:41:30,11,-85,34.0443802,-117.2028809,375.40,1.50,WIFI
6A:C0:3E:FA:EB:59,Guest2G,[WPA2_PSK],2025-3-24 16:41:33,1,-83,34.0441742,-117.2032547,375.60,1.50,WIFI
14:C0:3E:FA:EB:58,Shangrila,[WPA2_PSK],2025-3-24 16:41:33,1,-84,34.0441742,-117.2032547,375.60,1.50,WIFI
D8:EC:5E:7E:62:62,Lashin,[WPA2_PSK],2025-3-24 16:41:33,1,-86,34.0441742,-117.2032547,375.60,1.50,WIFI
C8:63:FC:60:CC:F8,Frontier9856,[WPA2_PSK],2025-3-24 16:41:33,1,-88,34.0441742,-117.2032547,375.60,1.50,WIFI
0E:36:C9:FD:C6:E0,guadiz home,[WPA2_PSK],2025-3-24 16:41:35,2,-69,34.0440407,-117.2035141,375.70,1.50,WIFI
08:36:C9:FD:C6:E0,,[WPA2_PSK],2025-3-24 16:41:35,2,-69,34.0440407,-117.2035141,375.70,1.50,WIFI
08:36:C9:FD:CC:B0,,[WPA2_PSK],2025-3-24 16:41:35,2,-70,34.0440407,-117.2035141,375.70,1.50,WIFI
38:94:ED:44:8C:0E,guadiz home,[WPA2_PSK],2025-3-24 16:41:35,2,-74,34.0440407,-117.2035141,375.70,1.50,WIFI
0E:36:C9:FD:CC:B0,guadiz home,[WPA2_PSK],2025-3-24 16:41:35,2,-75,34.0440407,-117.2035141,375.70,1.50,WIFI
14:EB:B6:2C:2D:76,Frontier5472,[WPA2_PSK],2025-3-24 16:41:39,6,-62,34.0437851,-117.2040024,375.60,1.50,WIFI
14:EB:B6:2C:2D:72,Frontier5472,[WPA2_PSK],2025-3-24 16:41:39,6,-66,34.0437851,-117.2040024,375.60,1.50,WIFI
1E:EB:B6:2C:2D:7E,TP-LINK_IoT,[WPA_WPA2_PSK],2025-3-24 16:41:39,6,-66,34.0437851,-117.2040024,375.60,1.50,WIFI
1A:EB:B6:2C:2D:76,,[WPA2_PSK],2025-3-24 16:41:39,6,-68,34.0437851,-117.2040024,375.60,1.50,WIFI
14:EB:B6:2C:2D:7E,Frontier5472,[WPA2_PSK],2025-3-24 16:41:39,6,-68,34.0437851,-117.2040024,375.60,1.50,WIFI
1E:EB:B6:2C:2D:76,TP-LINK_IoT,[WPA_WPA2_PSK],2025-3-24 16:41:39,6,-69,34.0437851,-117.2040024,375.60,1.50,WIFI
1E:EB:B6:2C:2D:72,TP-LINK_IoT,[WPA_WPA2_PSK],2025-3-24 16:41:39,6,-69,34.0437851,-117.2040024,375.60,1.50,WIFI
B0:95:75:14:4A:ED,,[WPA2_PSK],2025-3-24 16:41:39,6,-78,34.0437851,-117.2040024,375.60,1.50,WIFI
B6:95:75:14:4A:E3,Frontier5472,[WPA2_PSK],2025-3-24 16:41:39,6,-81,34.0437851,-117.2040024,375.60,1.50,WIFI
B0:95:75:14:4A:E3,,[WPA2_PSK],2025-3-24 16:41:39,6,-82,34.0437851,-117.2040024,375.60,1.50,WIFI
FA:0D:AC:D8:57:D4,DIRECT-d4-HP M29 LaserJet,[WPA2_PSK],2025-3-24 16:41:39,6,-87,34.0437851,-117.2040024,375.60,1.50,WIFI
B6:95:75:14:4A:ED,Frontier5472,[WPA2_PSK],2025-3-24 16:41:39,6,-87,34.0437851,-117.2040024,375.60,1.50,WIFI
08:B4:B1:4A:D3:1C,MP Google Wifi,[WPA2_PSK],2025-3-24 16:41:44,11,-80,34.0435333,-117.2045059,375.30,1.50,WIFI
08:B4:B1:4A:D6:AD,MP Google Wifi,[WPA2_PSK],2025-3-24 16:41:44,11,-86,34.0435333,-117.2045059,375.30,1.50,WIFI
FC:EC:DA:84:1C:D5,RUCC-guest,[OPEN],2025-3-24 16:41:44,11,-87,34.0435333,-117.2045059,375.30,1.50,WIFI
58:9B:4A:82:BC:DE,SpectrumSetup-48,[WPA2_PSK],2025-3-24 16:41:44,11,-88,34.0435333,-117.2045059,375.30,1.50,WIFI
70:3A:CB:0C:0B:35,NSA Surveillance Van,[WPA2_PSK],2025-3-24 16:41:44,11,-90,34.0435333,-117.2045059,375.30,1.50,WIFI
60:32:B1:82:54:26,Tangerino,[WPA_WPA2_PSK],2025-3-24 16:41:44,11,-92,34.0435333,-117.2045059,375.30,1.50,WIFI
C0:3C:04:AD:12:7D,SpectrumSetup-77,[WPA2_PSK],2025-3-24 16:41:45,1,-81,34.0435104,-117.2045593,375.30,1.50,WIFI
3C:7C:3F:84:9F:F0,Gray-2,[WPA2_PSK],2025-3-24 16:41:45,1,-85,34.0435104,-117.2045593,375.30,1.50,WIFI
14:C0:3E:EC:61:E8,Frontier4800,[WPA2_PSK],2025-3-24 16:41:45,1,-86,34.0435104,-117.2045593,375.30,1.50,WIFI
74:37:5F:F9:3D:A5,SpectrumSetup-A3,[WPA2_PSK],2025-3-24 16:41:45,1,-86,34.0435104,-117.2045593,375.30,1.50,WIFI
B0:FC:88:15:FF:26,SpectrumSetup-20,[WPA2_PSK],2025-3-24 16:41:45,1,-88,34.0435104,-117.2045593,375.30,1.50,WIFI
08:B4:B1:4A:D4:D4,MP Google Wifi,[WPA2_PSK],2025-3-24 16:41:45,1,-88,34.0435104,-117.2045593,375.30,1.50,WIFI
70:3A:CB:09:14:F0,NSA Surveillance Van,[WPA2_PSK],2025-3-24 16:41:53,6,-80,34.0435066,-117.2046051,374.40,1.50,WIFI
62:E9:31:4C:6D:1E,,[WPA2_PSK],2025-3-24 16:41:54,7,-88,34.0435104,-117.2046356,374.50,1.50,WIFI
A8:6E:84:34:CD:C0,caro,[WPA2_PSK],2025-3-24 16:41:56,9,-83,34.0435638,-117.2047424,374.40,1.50,WIFI
B6:39:56:6D:F3:E1,ORBI08,[WPA2_PSK],2025-3-24 16:41:56,9,-85,34.0435638,-117.2047424,374.40,1.50,WIFI
86:EA:ED:47:1C:DB,DIRECT-roku-C8D-6162D4,[WPA2_PSK],2025-3-24 16:41:56,9,-88,34.0435638,-117.2047424,374.40,1.50,WIFI
84:A3:29:45:E7:29,Verizon_G4F7LQ,[WPA2_PSK],2025-3-24 16:41:58,11,-85,34.0437202,-117.2048874,373.90,1.50,WIFI
C8:B4:22:80:7A:06,MySpectrumWiFi08-2G,[WPA2_PSK],2025-3-24 16:41:58,11,-87,34.0437202,-117.2048874,373.90,1.50,WIFI
22:48:6C:BF:DC:0B,,[WPA2_PSK],2025-3-24 16:41:58,11,-87,34.0437202,-117.2048874,373.90,1.50,WIFI
48:5D:36:38:39:C8,FiOS-WGF9E,[WPA2_PSK],2025-3-24 16:41:58,11,-88,34.0437202,-117.2048874,373.90,1.50,WIFI
AC:91:9B:C0:FD:FE,Verizon_Cruella,[WPA2_PSK],2025-3-24 16:41:59,1,-74,34.0438156,-117.2049713,373.50,1.50,WIFI
4C:19:5D:56:8B:5A,Gracie,[WPA2_PSK],2025-3-24 16:41:59,1,-79,34.0438156,-117.2049713,373.50,1.50,WIFI
F0:7B:65:7F:D5:98,SpectrumSetup-D592,[WPA2_PSK],2025-3-24 16:41:59,1,-80,34.0438156,-117.2049713,373.50,1.50,WIFI
34:60:F9:C1:11:4A,,[WPA2_PSK],2025-3-24 16:42:4,3,-75,34.0443268,-117.2053833,371.70,1.50,WIFI
90:70:65:02:5B:B5,,[WPA2_PSK],2025-3-24 16:42:5,4,-78,34.0444031,-117.2054443,371.30,1.50,WIFI
38:94:ED:66:C5:40,Simba,[WPA2_PSK],2025-3-24 16:42:5,4,-87,34.0444031,-117.2054443,371.30,1.50,WIFI
A4:11:62:B5:7C:A4,ARLO_VMB_9878899527,[WPA2_PSK],2025-3-24 16:42:5,4,-88,34.0444031,-117.2054443,371.30,1.50,WIFI
C8:C6:FE:79:A6:09,,[OPEN],2025-3-24 16:42:7,6,-77,34.0445023,-117.2055283,370.70,1.50,WIFI
D8:CF:61:44:8C:C7,TLD,[WPA2_PSK],2025-3-24 16:42:7,6,-77,34.0445023,-117.2055283,370.70,1.50,WIFI
C8:C6:FE:79:A6:03,,[WPA3_PSK],2025-3-24 16:42:7,6,-79,34.0445023,-117.2055283,370.70,1.50,WIFI
C8:C6:FE:79:A6:06,NETGEAR47,[WPA2_PSK],2025-3-24 16:42:7,6,-79,34.0445023,-117.2055283,370.70,1.50,WIFI
C8:C6:FE:79:A6:0F,NETGEAR47 Guest,[WPA2_PSK],2025-3-24 16:42:7,6,-79,34.0445023,-117.2055283,370.70,1.50,WIFI
F0:81:75:E4:D6:C6,SpectrumSetup-C0,[WPA2_PSK],2025-3-24 16:42:7,6,-84,34.0445023,-117.2055283,370.70,1.50,WIFI
F4:52:46:F8:D7:E4,SpectrumSetup-D7E7,[WPA2_PSK],2025-3-24 16:42:7,6,-84,34.0445023,-117.2055283,370.70,1.50,WIFI
A0:64:8F:A3:AB:35,SpectrumSetup-37,[WPA2_PSK],2025-3-24 16:42:7,6,-84,34.0445023,-117.2055283,370.70,1.50,WIFI
78:D2:94:0D:66:95,NETGEAR22,[WPA2_PSK],2025-3-24 16:42:8,7,-53,34.0445366,-117.2055511,370.40,1.50,WIFI
34:98:B5:6D:B4:78,Casa de Esquivel,[WPA2_PSK],2025-3-24 16:42:8,7,-78,34.0445366,-117.2055511,370.40,1.50,WIFI
AA:6E:84:24:CD:C0,,[WPA2_PSK],2025-3-24 16:42:10,9,-63,34.0445824,-117.2055893,369.80,1.50,WIFI
B6:39:56:6C:D8:D6,ORBI08,[WPA2_PSK],2025-3-24 16:42:10,9,-65,34.0445824,-117.2055893,369.80,1.50,WIFI
BA:39:56:6D:F3:E1,,[WPA2_PSK],2025-3-24 16:42:10,9,-65,34.0445824,-117.2055893,369.80,1.50,WIFI
12:59:32:4E:35:D7,,[WPA2_PSK],2025-3-24 16:42:10,9,-81,34.0445824,-117.2055893,369.80,1.50,WIFI
60:F4:19:74:CF:C6,Charmy,[WPA2_PSK],2025-3-24 16:42:12,11,-66,34.0446091,-117.2056046,369.30,1.50,WIFI
60:F4:19:74:CF:C3,,[WPA3_PSK],2025-3-24 16:42:12,11,-66,34.0446091,-117.2056046,369.30,1.50,WIFI
60:F4:19:74:CF:C9,,[OPEN],2025-3-24 16:42:12,11,-66,34.0446091,-117.2056046,369.30,1.50,WIFI
14:7D:05:E3:52:4B,KALEO'S CASA,[WPA2_PSK],2025-3-24 16:42:12,11,-68,34.0446091,-117.2056046,369.30,1.50,WIFI
B0:FC:88:53:0E:2E,TheFellwood,[WPA2_PSK],2025-3-24 16:42:12,11,-79,34.0446091,-117.2056046,369.30,1.50,WIFI
0E:5A:25:28:9F:6B,Spectrum00,[WPA2_PSK],2025-3-24 16:42:12,11,-79,34.0446091,-117.2056046,369.30,1.50,WIFI
48:5D:36:7D:85:BE,verbell106,[WPA2_PSK],2025-3-24 16:42:12,11,-81,34.0446091,-117.2056046,369.30,1.50,WIFI
90:D3:CF:11:30:A0,AvilesFamily,[WPA2_PSK],2025-3-24 16:42:12,11,-82,34.0446091,-117.2056046,369.30,1.50,WIFI
9C:0B:05:6D:38:C4,,[WPA3_PSK],2025-3-24 16:42:12,11,-84,34.0446091,-117.2056046,369.30,1.50,WIFI
9C:0B:05:6D:38:C7,MarceloWifi2,[WPA2_PSK],2025-3-24 16:42:12,11,-84,34.0446091,-117.2056046,369.30,1.50,WIFI
60:F4:19:22:43:26,Maddox,[WPA2_PSK],2025-3-24 16:42:12,11,-86,34.0446091,-117.2056046,369.30,1.50,WIFI
F0:7B:65:F2:8A:9D,SpectrumSetup-8A97,[WPA2_PSK],2025-3-24 16:42:12,11,-87,34.0446091,-117.2056046,369.30,1.50,WIFI
A8:A2:37:1E:84:2B,Verizon_L3CSHG,[WPA2_PSK],2025-3-24 16:42:12,11,-87,34.0446091,-117.2056046,369.30,1.50,WIFI
20:0C:C8:1B:74:9A,UHX72_2GEXT,[WPA2_PSK],2025-3-24 16:42:12,11,-88,34.0446091,-117.2056046,369.30,1.50,WIFI
74:37:5F:C9:85:EB,Wu-Tang LAN,[WPA2_PSK],2025-3-24 16:42:12,11,-90,34.0446091,-117.2056046,369.30,1.50,WIFI
40:47:5E:4D:E6:E9,,[OPEN],2025-3-24 16:42:16,1,-59,34.0448456,-117.2057953,367.70,1.50,WIFI
40:47:5E:4D:E6:E6,Candelaria wifi,[WPA2_PSK],2025-3-24 16:42:16,1,-60,34.0448456,-117.2057953,367.70,1.50,WIFI
40:47:5E:4D:E6:E3,,[WPA3_PSK],2025-3-24 16:42:16,1,-60,34.0448456,-117.2057953,367.70,1.50,WIFI
A8:A2:37:C8:C9:7B,Chicken Little Internet,[WPA2_PSK],2025-3-24 16:42:16,1,-72,34.0448456,-117.2057953,367.70,1.50,WIFI
EC:A9:40:3E:47:08,MySpectrumWiFi07-2G,[WPA2_PSK],2025-3-24 16:42:16,1,-79,34.0448456,-117.2057953,367.70,1.50,WIFI
88:DE:7C:F7:9B:1D,SpectrumSetup-1F,[WPA2_PSK],2025-3-24 16:42:16,1,-79,34.0448456,-117.2057953,367.70,1.50,WIFI
2C:95:69:84:D9:58,Frontier3312,[WPA2_PSK],2025-3-24 16:42:16,1,-86,34.0448456,-117.2057953,367.70,1.50,WIFI
B0:FC:88:73:A0:15,spectrum130,[WPA2_PSK],2025-3-24 16:42:22,6,-62,34.0454216,-117.2062454,362.30,1.50,WIFI
4C:19:5D:0C:C9:75,SpectrumSetup-6F,[WPA2_PSK],2025-3-24 16:42:22,6,-68,34.0454216,-117.2062454,362.30,1.50,WIFI
40:47:5E:2D:0E:A3,,[WPA3_PSK],2025-3-24 16:42:22,6,-71,34.0454216,-117.2062454,362.30,1.50,WIFI
44:AD:B1:5E:7A:DE,Teddyzhouse,[WPA2_PSK],2025-3-24 16:42:22,6,-72,34.0454216,-117.2062454,362.30,1.50,WIFI
40:47:5E:2D:0E:A9,,[OPEN],2025-3-24 16:42:22,6,-72,34.0454216,-117.2062454,362.30,1.50,WIFI
40:47:5E:2D:0E:A6,Ninerhome,[WPA2_PSK],2025-3-24 16:42:22,6,-72,34.0454216,-117.2062454,362.30,1.50,WIFI
F0:81:75:FA:31:46,SpectrumSetup-40,[WPA2_PSK],2025-3-24 16:42:22,6,-77,34.0454216,-117.2062454,362.30,1.50,WIFI
9C:3D:CF:93:3B:90,ARLO_VMB_1663536594,[WPA2_PSK],2025-3-24 16:42:22,6,-77,34.0454216,-117.2062454,362.30,1.50,WIFI
22:3E:A4:09:3C:66,,[WPA2_PSK],2025-3-24 16:42:22,6,-79,34.0454216,-117.2062454,362.30,1.50,WIFI
D0:CF:0E:BF:0E:56,FAA_Found_Out,[WPA2_WPA3_PSK],2025-3-24 16:42:22,6,-81,34.0454216,-117.2062454,362.30,1.50,WIFI
F4:52:46:D4:97:7B,Haz,[WPA2_PSK],2025-3-24 16:42:22,6,-83,34.0454216,-117.2062454,362.30,1.50,WIFI
22:E0:19:5C:85:92,,[WPA2_PSK],2025-3-24 16:42:24,8,-79,34.0456314,-117.2064133,360.20,1.50,WIFI
6C:CD:D6:E5:75:DD,,[WPA2_PSK],2025-3-24 16:42:25,9,-82,34.0457458,-117.2064972,359.20,1.50,WIFI
BA:39:56:6C:D8:D6,,[WPA2_PSK],2025-3-24 16:42:25,9,-86,34.0457458,-117.2064972,359.20,1.50,WIFI
10:7C:61:50:D4:40,MerlinsBeard,[WPA2_PSK],2025-3-24 16:42:26,10,-66,34.0458565,-117.2065735,358.50,1.50,WIFI
80:CC:9C:89:E9:25,NETGEAR69,[WPA2_PSK],2025-3-24 16:42:26,10,-85,34.0458565,-117.2065735,358.50,1.50,WIFI
C8:B4:22:D3:D7:DA,MySpectrumWiFiDC-2G,[WPA2_PSK],2025-3-24 16:42:27,11,-61,34.0459709,-117.2066498,358.00,1.50,WIFI
60:F4:19:63:EF:86,Charmy,[WPA2_PSK],2025-3-24 16:42:27,11,-62,34.0459709,-117.2066498,358.00,1.50,WIFI
88:67:46:79:CC:E3,,[WPA3_PSK],2025-3-24 16:42:27,11,-63,34.0459709,-117.2066498,358.00,1.50,WIFI
88:67:46:79:CC:E9,,[OPEN],2025-3-24 16:42:27,11,-63,34.0459709,-117.2066498,358.00,1.50,WIFI
60:F4:19:63:EF:89,,[OPEN],2025-3-24 16:42:27,11,-63,34.0459709,-117.2066498,358.00,1.50,WIFI
88:67:46:79:CC:E6,wifi,[WPA2_WPA3_PSK],2025-3-24 16:42:27,11,-64,34.0459709,-117.2066498,358.00,1.50,WIFI
88:67:46:63:F9:09,,[OPEN],2025-3-24 16:42:27,11,-69,34.0459709,-117.2066498,358.00,1.50,WIFI
88:67:46:63:F9:03,,[WPA3_PSK],2025-3-24 16:42:27,11,-70,34.0459709,-117.2066498,358.00,1.50,WIFI
88:67:46:63:F9:06,9mbs,[WPA2_PSK],2025-3-24 16:42:27,11,-70,34.0459709,-117.2066498,358.00,1.50,WIFI
AC:91:9B:1D:E4:78,Edwards2,[WPA2_PSK],2025-3-24 16:42:27,11,-75,34.0459709,-117.2066498,358.00,1.50,WIFI
A8:9A:93:8D:AD:06,MySpectrumWiFi00-2G,[WPA2_PSK],2025-3-24 16:42:27,11,-81,34.0459709,-117.2066498,358.00,1.50,WIFI
F8:5B:3B:79:21:1A,SpectrumSetup-1C,[WPA2_PSK],2025-3-24 16:42:28,1,-72,34.0460815,-117.2066956,357.40,1.50,WIFI
4C:19:5D:2F:49:60,SpectrumSetup-5A,[WPA2_PSK],2025-3-24 16:42:28,1,-72,34.0460815,-117.2066956,357.40,1.50,WIFI
54:04:63:C5:16:C9,,[WPA_WPA2_PSK],2025-3-24 16:42:28,1,-74,34.0460815,-117.2066956,357.40,1.50,WIFI
F4:52:46:9F:69:79,SpectrumSetup-697C,[WPA2_PSK],2025-3-24 16:42:28,1,-76,34.0460815,-117.2066956,357.40,1.50,WIFI
CA:C9:A3:4B:A5:93,Tineco_0497,[OPEN],2025-3-24 16:42:28,1,-88,34.0460815,-117.2066956,357.40,1.50,WIFI
6C:CD:D6:DB:80:FC,NETGEAR49,[WPA2_PSK],2025-3-24 16:42:32,2,-76,34.0463982,-117.2067261,355.80,1.50,WIFI
00:C8:96:66:A2:06,,[WPA_WPA2_PSK],2025-3-24 16:42:33,3,-78,34.0464439,-117.2067184,355.80,1.50,WIFI
6C:5A:B0:27:BA:1B,Turton,[WPA2_PSK],2025-3-24 16:42:37,7,-68,34.0465355,-117.2066879,355.70,1.50,WIFI
8E:5A:B0:27:BA:1B,,[WPA2_PSK],2025-3-24 16:42:37,7,-68,34.0465355,-117.2066879,355.70,1.50,WIFI
4C:AB:F8:30:0B:39,SpectrumSetup-3B,[WPA2_PSK],2025-3-24 16:42:41,11,-78,34.0465508,-117.2066879,356.00,1.50,WIFI
88:B1:E1:DD:4D:C0,StoreNet,[WPA2_PSK],2025-3-24 16:42:41,11,-87,34.0465508,-117.2066879,356.00,1.50,WIFI
F8:1A:2B:01:F9:6D,192168,[WPA2_PSK],2025-3-24 16:42:41,11,-87,34.0465508,-117.2066879,356.00,1.50,WIFI
A4:E8:8D:0D:B5:0E,HLD_A,[WPA_WPA2_PSK],2025-3-24 16:42:43,13,-88,34.0465546,-117.2066879,356.00,1.50,WIFI
4C:19:5D:B3:F2:08,SpectrumSetup-02,[WPA2_PSK],2025-3-24 16:42:44,1,-64,34.0465546,-117.2066879,356.00,1.50,WIFI
34:53:D2:EE:54:50,mywifi,[WPA2_PSK],2025-3-24 16:42:44,1,-75,34.0465546,-117.2066879,356.00,1.50,WIFI
28:80:88:25:7F:01,rcdlg12GEXT,[WPA2_PSK],2025-3-24 16:42:48,3,-81,34.0467262,-117.2067795,356.50,1.50,WIFI
4C:AB:F8:9F:4B:35,SpectrumSetup-37,[WPA2_PSK],2025-3-24 16:42:51,6,-65,34.0468369,-117.2070694,356.30,1.50,WIFI
2C:67:BE:02:57:E6,Spectrum1261,[WPA2_PSK],2025-3-24 16:42:51,6,-66,34.0468369,-117.2070694,356.30,1.50,WIFI
4C:19:5D:45:47:94,Kim’s Wifi,[WPA2_PSK],2025-3-24 16:42:56,11,-57,34.0470657,-117.2078323,354.90,1.50,WIFI
88:67:46:97:9D:66,Frontier Abc,[WPA2_PSK],2025-3-24 16:42:56,11,-66,34.0470657,-117.2078323,354.90,1.50,WIFI
88:67:46:97:9D:63,,[WPA3_PSK],2025-3-24 16:42:56,11,-67,34.0470657,-117.2078323,354.90,1.50,WIFI
88:67:46:97:9D:69,,[OPEN],2025-3-24 16:42:56,11,-68,34.0470657,-117.2078323,354.90,1.50,WIFI
4C:AB:F8:49:FE:8D,SpectrumSetup-8F,[WPA2_PSK],2025-3-24 16:42:56,11,-69,34.0470657,-117.2078323,354.90,1.50,WIFI
4C:19:5D:03:C2:FD,SpectrumSetup-F7,[WPA2_PSK],2025-3-24 16:42:58,1,-73,34.0471916,-117.2081451,354.60,1.50,WIFI
4C:AB:F8:EA:90:23,SpectrumSetup-25,[WPA2_PSK],2025-3-24 16:42:58,1,-76,34.0471916,-117.2081451,354.60,1.50,WIFI
4C:AB:F8:5E:5D:9B,SpectrumSetup-9D,[WPA2_PSK],2025-3-24 16:42:58,1,-80,34.0471916,-117.2081451,354.60,1.50,WIFI
D8:CF:61:44:AE:0A,LeDollarBeanz,[WPA2_PSK],2025-3-24 16:42:58,1,-81,34.0471916,-117.2081451,354.60,1.50,WIFI
92:32:4B:50:22:8C,DIRECT-8c-HP M227f LaserJet,[WPA2_PSK],2025-3-24 16:42:58,1,-90,34.0471916,-117.2081451,354.60,1.50,WIFI
56:91:E3:A3:77:06,,[WPA2_PSK],2025-3-24 16:43:3,4,-86,34.0474319,-117.2086411,353.50,1.50,WIFI
AC:DF:9F:51:A0:82,TMOBILE-A080,[WPA2_WPA3_PSK],2025-3-24 16:43:4,5,-69,34.0474930,-117.2086563,353.60,1.50,WIFI
FC:12:63:7E:18:66,Daizy Daze,[WPA2_PSK],2025-3-24 16:43:5,6,-70,34.0475616,-117.2086563,353.60,1.50,WIFI
60:F4:19:F1:E9:23,,[WPA3_PSK],2025-3-24 16:43:5,6,-78,34.0475616,-117.2086563,353.60,1.50,WIFI
4C:AB:F8:45:E8:0D,SpectrumSetup-0F,[WPA2_PSK],2025-3-24 16:43:5,6,-78,34.0475616,-117.2086563,353.60,1.50,WIFI
74:93:DA:A5:5B:05,SpectrumSetup-07,[WPA2_PSK],2025-3-24 16:43:5,6,-83,34.0475616,-117.2086563,353.60,1.50,WIFI
44:AC:85:9F:DD:03,,[WPA3_PSK],2025-3-24 16:43:5,6,-85,34.0475616,-117.2086563,353.60,1.50,WIFI
E6:46:EE:1C:66:07,mor405,[WPA2_PSK],2025-3-24 16:43:7,8,-81,34.0477409,-117.2086258,353.80,1.50,WIFI
34:98:B5:32:92:62,NETGEAR99,[WPA2_PSK],2025-3-24 16:43:8,9,-87,34.0478477,-117.2086182,354.00,1.50,WIFI
10:DA:43:43:45:77,ngHub_319477NK00BC0,[WPA2_PSK],2025-3-24 16:43:10,11,-71,34.0480995,-117.2086258,353.80,1.50,WIFI
2C:00:AB:D4:B4:80,Frontier5920,[WPA2_PSK],2025-3-24 16:43:10,11,-83,34.0480995,-117.2086258,353.80,1.50,WIFI
26:5A:4C:A8:D3:02,MRC_Guest,[WPA2_PSK],2025-3-24 16:43:10,11,-83,34.0480995,-117.2086258,353.80,1.50,WIFI
8C:85:80:CF:93:57,,[WPA_WPA2_PSK],2025-3-24 16:43:13,1,-63,34.0485458,-117.2086258,352.80,1.50,WIFI
74:AC:B9:C4:6D:E1,Ocean Pho 3 Customer,[WPA2_PSK],2025-3-24 16:43:13,1,-75,34.0485458,-117.2086258,352.80,1.50,WIFI
7A:AC:B9:C4:6D:E1,Ocean Pho Staff-HW,[WPA2_PSK],2025-3-24 16:43:13,1,-78,34.0485458,-117.2086258,352.80,1.50,WIFI
2C:67:BE:11:AF:25,SpectrumSetup-AF21,[WPA2_PSK],2025-3-24 16:43:13,1,-81,34.0485458,-117.2086258,352.80,1.50,WIFI
B4:FB:E4:84:D1:29,,[WPA2_PSK],2025-3-24 16:43:13,1,-82,34.0485458,-117.2086258,352.80,1.50,WIFI
B6:FB:E4:94:D1:29,MRC_Private,[WPA2_PSK],2025-3-24 16:43:13,1,-83,34.0485458,-117.2086258,352.80,1.50,WIFI
1A:E8:29:27:05:15,MRC_Guest,[WPA2_PSK],2025-3-24 16:43:13,1,-84,34.0485458,-117.2086258,352.80,1.50,WIFI
90:D3:CF:2B:6B:DC,GarciaFam,[WPA2_PSK],2025-3-24 16:43:13,1,-85,34.0485458,-117.2086258,352.80,1.50,WIFI
14:59:C0:13:4B:8B,NETGEAR90,[WPA2_PSK],2025-3-24 16:43:13,1,-86,34.0485458,-117.2086258,352.80,1.50,WIFI
74:37:5F:CE:A5:5B,SpectrumSetup-59,[WPA2_PSK],2025-3-24 16:43:13,1,-91,34.0485458,-117.2086258,352.80,1.50,WIFI
6C:5A:B0:88:52:44,TP-Link_Extender,[OPEN],2025-3-24 16:43:13,2,-84,34.0485458,-117.2086258,352.80,1.50,WIFI
7A:47:32:D9:9B:7D,,[WPA2_PSK],2025-3-24 16:43:17,4,-84,34.0491943,-117.2086411,350.40,1.50,WIFI
7A:47:32:D9:9B:7E,AmbrosiaBox,[WPA2_PSK],2025-3-24 16:43:17,4,-87,34.0491943,-117.2086411,350.40,1.50,WIFI
74:93:DA:8B:CC:19,SpectrumSetup-1B,[WPA2_PSK],2025-3-24 16:43:19,6,-75,34.0495491,-117.2086411,349.30,1.50,WIFI
FA:8F:CA:68:09:54,Den TV,[OPEN],2025-3-24 16:43:19,6,-88,34.0495491,-117.2086411,349.30,1.50,WIFI
2C:4D:54:B1:AB:20,,[WPA2_PSK],2025-3-24 16:43:20,7,-74,34.0497284,-117.2086411,348.80,1.50,WIFI
2C:4D:54:B1:AB:21,Oso Guest,[WPA2_PSK],2025-3-24 16:43:20,7,-75,34.0497284,-117.2086411,348.80,1.50,WIFI
AC:DF:9F:32:D6:4A,Simmons5G,[WPA2_WPA3_PSK],2025-3-24 16:43:21,8,-84,34.0499039,-117.2086487,348.10,1.50,WIFI
00:C8:96:04:8A:D8,,[WPA_WPA2_PSK],2025-3-24 16:43:21,8,-85,34.0499039,-117.2086487,348.10,1.50,WIFI
00:C8:96:D1:5E:7A,,[WPA_WPA2_PSK],2025-3-24 16:43:22,9,-88,34.0500832,-117.2086487,347.30,1.50,WIFI
40:3F:8C:6E:C7:9E,Bad Bitch Network ,[WPA2_PSK],2025-3-24 16:43:22,9,-91,34.0500832,-117.2086487,347.30,1.50,WIFI
EE:9F:80:B1:3E:14,,[WPA2_PSK],2025-3-24 16:43:23,10,-78,34.0502586,-117.2086487,346.60,1.50,WIFI
E8:9F:80:B1:3E:14,Attmay,[WPA2_PSK],2025-3-24 16:43:23,10,-83,34.0502586,-117.2086487,346.60,1.50,WIFI
0E:36:C9:0F:7B:0B,ORBI99,[WPA2_PSK],2025-3-24 16:43:24,11,-63,34.0504417,-117.2086563,345.90,1.50,WIFI
3C:37:86:3F:E8:DE,ARLO_VMB_9836958515,[WPA2_PSK],2025-3-24 16:43:24,11,-76,34.0504417,-117.2086563,345.90,1.50,WIFI
D4:05:DE:9F:8A:07,MCDC,[WPA2_PSK],2025-3-24 16:43:24,11,-80,34.0504417,-117.2086563,345.90,1.50,WIFI
D4:05:DE:B0:87:84,,[WPA3_PSK],2025-3-24 16:43:24,11,-83,34.0504417,-117.2086563,345.90,1.50,WIFI
D4:05:DE:B0:87:8A,,[OPEN],2025-3-24 16:43:24,11,-83,34.0504417,-117.2086563,345.90,1.50,WIFI
D4:05:DE:B0:87:87,MCDC,[WPA2_PSK],2025-3-24 16:43:24,11,-83,34.0504417,-117.2086563,345.90,1.50,WIFI
FA:8F:CA:7B:63:BA,Cast TV0243.e007,[OPEN],2025-3-24 16:43:24,11,-87,34.0504417,-117.2086563,345.90,1.50,WIFI
90:D3:CF:2B:4A:90,Kitkatz,[WPA2_PSK],2025-3-24 16:43:24,11,-90,34.0504417,-117.2086563,345.90,1.50,WIFI
88:67:46:86:36:66,galatasaray,[WPA2_PSK],2025-3-24 16:43:27,1,-67,34.0509529,-117.2086563,344.10,1.50,WIFI
88:67:46:86:36:69,,[OPEN],2025-3-24 16:43:27,1,-67,34.0509529,-117.2086563,344.10,1.50,WIFI
88:67:46:86:36:63,,[WPA3_PSK],2025-3-24 16:43:27,1,-68,34.0509529,-117.2086563,344.10,1.50,WIFI
74:37:5F:9E:9A:87,SpectrumSetup-85,[WPA2_PSK],2025-3-24 16:43:27,1,-72,34.0509529,-117.2086563,344.10,1.50,WIFI
9C:57:BC:B0:C3:89,,[OPEN],2025-3-24 16:43:27,1,-77,34.0509529,-117.2086563,344.10,1.50,WIFI
9C:57:BC:B0:C3:83,,[WPA3_PSK],2025-3-24 16:43:27,1,-78,34.0509529,-117.2086563,344.10,1.50,WIFI
F0:81:75:CD:C8:EE,DJC7,[WPA2_PSK],2025-3-24 16:43:27,1,-78,34.0509529,-117.2086563,344.10,1.50,WIFI
9C:57:BC:B0:C3:86,PM,[WPA2_PSK],2025-3-24 16:43:27,1,-79,34.0509529,-117.2086563,344.10,1.50,WIFI
90:D3:CF:34:2C:61,SpectrumSetup-2C64,[WPA2_PSK],2025-3-24 16:43:27,1,-82,34.0509529,-117.2086563,344.10,1.50,WIFI
C8:C6:FE:6C:E8:A3,,[WPA3_PSK],2025-3-24 16:43:27,1,-83,34.0509529,-117.2086563,344.10,1.50,WIFI
C8:C6:FE:6C:E8:A6,RXMP,[WPA2_PSK],2025-3-24 16:43:27,1,-83,34.0509529,-117.2086563,344.10,1.50,WIFI
C8:C6:FE:6C:E8:A9,,[OPEN],2025-3-24 16:43:27,1,-85,34.0509529,-117.2086563,344.10,1.50,WIFI
94:A6:7E:E2:4B:A3,NETGEAR81,[WPA2_PSK],2025-3-24 16:43:27,2,-82,34.0509529,-117.2086563,344.10,1.50,WIFI
02:71:47:E9:9D:27,,[WPA2_PSK],2025-3-24 16:43:31,4,-81,34.0514755,-117.2086639,342.90,1.50,WIFI
84:A0:6E:B4:DB:CE,fleming,[WPA2_PSK],2025-3-24 16:43:31,4,-86,34.0514755,-117.2086639,342.90,1.50,WIFI
90:91:64:24:6D:75,fleming-EXT,[WPA2_PSK],2025-3-24 16:43:31,4,-86,34.0514755,-117.2086639,342.90,1.50,WIFI
3A:1A:52:49:3F:C6,DIRECT-5249BFC6,[WPA2_PSK],2025-3-24 16:43:31,4,-88,34.0514755,-117.2086639,342.90,1.50,WIFI
18:A5:FF:A3:FF:CA,TMOBILE-FFC8,[WPA2_WPA3_PSK],2025-3-24 16:43:32,5,-73,34.0515747,-117.2086639,342.60,1.50,WIFI
FC:3F:A6:FE:67:26,Casa Acosta-Segura,[WPA2_PSK],2025-3-24 16:43:33,6,-68,34.0516586,-117.2086639,342.40,1.50,WIFI
FC:3F:A6:FE:67:23,,[WPA3_PSK],2025-3-24 16:43:33,6,-69,34.0516586,-117.2086639,342.40,1.50,WIFI
FC:3F:A6:FE:67:29,,[OPEN],2025-3-24 16:43:33,6,-69,34.0516586,-117.2086639,342.40,1.50,WIFI
D4:3F:32:88:CD:06,bbygrl,[WPA2_PSK],2025-3-24 16:43:33,6,-73,34.0516586,-117.2086639,342.40,1.50,WIFI
28:EC:22:4C:F5:23,,[WPA3_PSK],2025-3-24 16:43:33,6,-73,34.0516586,-117.2086639,342.40,1.50,WIFI
28:EC:22:4C:F5:29,,[OPEN],2025-3-24 16:43:33,6,-74,34.0516586,-117.2086639,342.40,1.50,WIFI
28:EC:22:4C:F5:26,AdAstra,[WPA2_PSK],2025-3-24 16:43:33,6,-76,34.0516586,-117.2086639,342.40,1.50,WIFI
F8:5B:3B:75:13:85,SpectrumSetup-87,[WPA2_PSK],2025-3-24 16:43:33,6,-77,34.0516586,-117.2086639,342.40,1.50,WIFI
9C:3D:CF:23:83:22,NETGEAR30,[WPA2_PSK],2025-3-24 16:43:33,6,-81,34.0516586,-117.2086639,342.40,1.50,WIFI
90:03:71:2B:C3:32,T-Mobile Broadband%IMEI:2%,[WPA2_PSK],2025-3-24 16:43:33,6,-82,34.0516586,-117.2086639,342.40,1.50,WIFI
FC:3F:A6:F8:D6:29,,[OPEN],2025-3-24 16:43:33,6,-82,34.0516586,-117.2086639,342.40,1.50,WIFI
FC:3F:A6:F8:D6:26,Casa Acosta-Segura,[WPA2_PSK],2025-3-24 16:43:33,6,-82,34.0516586,-117.2086639,342.40,1.50,WIFI
28:EC:22:2E:B5:63,,[WPA3_PSK],2025-3-24 16:43:33,6,-84,34.0516586,-117.2086639,342.40,1.50,WIFI
28:EC:22:2E:B5:69,,[OPEN],2025-3-24 16:43:33,6,-85,34.0516586,-117.2086639,342.40,1.50,WIFI
28:EC:22:2E:B5:66,The Internet Machine,[WPA2_PSK],2025-3-24 16:43:33,6,-85,34.0516586,-117.2086639,342.40,1.50,WIFI
70:A7:41:8A:D6:10,EWS Wireless ,[WPA2_PSK],2025-3-24 16:43:33,6,-85,34.0516586,-117.2086639,342.40,1.50,WIFI
7A:A7:41:8A:D6:10,,[WPA2_PSK],2025-3-24 16:43:33,6,-86,34.0516586,-117.2086639,342.40,1.50,WIFI
B0:92:4A:67:07:76,ATTvfkd4dU,[WPA2_PSK],2025-3-24 16:43:33,6,-93,34.0516586,-117.2086639,342.40,1.50,WIFI
2C:C8:1B:2A:4A:B6,NextDVP-U000220686016,[WPA_WPA2_PSK],2025-3-24 16:43:36,8,-78,34.0518036,-117.2086639,342.00,1.50,WIFI
10:DA:43:71:65:FE,LaMerOpale2,[WPA2_PSK],2025-3-24 16:43:37,9,-88,34.0518150,-117.2086639,342.00,1.50,WIFI
1A:1E:A3:2E:53:A3,SpectrumSetup-A0,[WPA2_PSK],2025-3-24 16:43:39,11,-69,34.0518188,-117.2086639,341.90,1.50,WIFI
A0:7F:8A:33:3F:DE,SpectrumSetup-3FD8,[WPA2_PSK],2025-3-24 16:43:39,11,-70,34.0518188,-117.2086639,341.90,1.50,WIFI
74:37:5F:8E:E7:6B,SpectrumSetup-69,[WPA2_PSK],2025-3-24 16:43:39,11,-74,34.0518188,-117.2086639,341.90,1.50,WIFI
74:93:DA:AD:C5:B0,Fouad22,[WPA2_PSK],2025-3-24 16:43:39,11,-74,34.0518188,-117.2086639,341.90,1.50,WIFI
14:7D:05:8E:B9:1F,SpectrumSetup-1D,[WPA2_PSK],2025-3-24 16:43:39,11,-79,34.0518188,-117.2086639,341.90,1.50,WIFI
54:04:63:16:60:C8,,[WPA_WPA2_PSK],2025-3-24 16:43:39,11,-85,34.0518188,-117.2086639,341.90,1.50,WIFI
74:37:5F:D9:2F:C3,Rambo's Hut,[WPA2_PSK],2025-3-24 16:43:41,1,-69,34.0518188,-117.2086639,341.90,1.50,WIFI
74:37:5F:2E:7A:C3,SpectrumSetup-C1,[WPA2_PSK],2025-3-24 16:43:41,1,-76,34.0518188,-117.2086639,341.90,1.50,WIFI
08:F0:1E:E8:8F:E3,,[WPA3_PSK],2025-3-24 16:43:41,1,-76,34.0518188,-117.2086639,341.90,1.50,WIFI
08:F0:1E:E8:8F:E9,,[OPEN],2025-3-24 16:43:41,1,-78,34.0518188,-117.2086639,341.90,1.50,WIFI
C0:6F:98:27:74:63,,[WPA3_PSK],2025-3-24 16:43:41,1,-79,34.0518188,-117.2086639,341.90,1.50,WIFI
C0:6F:98:27:74:69,,[OPEN],2025-3-24 16:43:41,1,-79,34.0518188,-117.2086639,341.90,1.50,WIFI
D8:47:32:FC:78:D8,TP-Link_78D8,[WPA_WPA2_PSK],2025-3-24 16:43:44,2,-76,34.0518188,-117.2086639,341.80,1.50,WIFI
DE:47:32:FC:78:D8,,[WPA2_PSK],2025-3-24 16:43:44,2,-77,34.0518188,-117.2086639,341.80,1.50,WIFI
9C:A5:70:54:F6:83,,[WPA3_PSK],2025-3-24 16:43:48,6,-69,34.0518188,-117.2086639,341.80,1.50,WIFI
9C:A5:70:54:F6:87,,[OPEN],2025-3-24 16:43:48,6,-69,34.0518188,-117.2086639,341.80,1.50,WIFI
9C:A5:70:54:F6:85,BAINS,[WPA2_PSK],2025-3-24 16:43:48,6,-71,34.0518188,-117.2086639,341.80,1.50,WIFI
FC:3F:A6:DE:6C:03,,[WPA3_PSK],2025-3-24 16:43:48,6,-73,34.0518188,-117.2086639,341.80,1.50,WIFI
FC:3F:A6:DE:6C:09,,[OPEN],2025-3-24 16:43:48,6,-73,34.0518188,-117.2086639,341.80,1.50,WIFI
FC:3F:A6:DE:6C:06,Casa Acosta-Segura,[WPA2_PSK],2025-3-24 16:43:48,6,-74,34.0518188,-117.2086639,341.80,1.50,WIFI
D4:3F:32:05:40:83,,[WPA3_PSK],2025-3-24 16:43:48,6,-80,34.0518188,-117.2086639,341.80,1.50,WIFI
D4:3F:32:05:40:89,,[OPEN],2025-3-24 16:43:48,6,-81,34.0518188,-117.2086639,341.80,1.50,WIFI
F0:7B:65:C2:F4:A6,SpectrumSetup-F4A0,[WPA2_PSK],2025-3-24 16:43:48,6,-81,34.0518188,-117.2086639,341.80,1.50,WIFI
A0:89:66:8D:EE:80,,[WPA_WPA2_PSK],2025-3-24 16:43:48,6,-82,34.0518188,-117.2086639,341.80,1.50,WIFI
08:9B:F1:0D:A3:A3,,[WPA3_PSK],2025-3-24 16:43:48,6,-83,34.0518188,-117.2086639,341.80,1.50,WIFI
D8:07:B6:AF:F5:A9,2FAST4U,[WPA_WPA2_PSK],2025-3-24 16:43:52,10,-83,34.0518188,-117.2086639,341.90,1.50,WIFI
F0:B6:61:FB:61:47,Davinci,[WPA2_PSK],2025-3-24 16:43:53,11,-79,34.0518188,-117.2086639,341.90,1.50,WIFI
00:C8:96:C3:F8:E8,,[WPA_WPA2_PSK],2025-3-24 16:43:53,11,-85,34.0518188,-117.2086639,341.90,1.50,WIFI
F4:69:42:01:44:98,Schaffran,[WPA2_PSK],2025-3-24 16:43:56,1,-75,34.0519371,-117.2086639,341.80,1.50,WIFI
74:37:5F:DA:CF:27,KittyKatsWifi,[WPA2_PSK],2025-3-24 16:43:56,1,-78,34.0519371,-117.2086639,341.80,1.50,WIFI
58:9B:4A:AC:27:0A,SpectrumSetup-2706,[WPA2_PSK],2025-3-24 16:43:56,1,-79,34.0519371,-117.2086639,341.80,1.50,WIFI
FC:B2:D6:C9:2D:AC,,[WPA_WPA2_PSK],2025-3-24 16:43:56,1,-79,34.0519371,-117.2086639,341.80,1.50,WIFI
E2:63:DA:B4:2F:75,,[WPA2_PSK],2025-3-24 16:43:56,1,-83,34.0519371,-117.2086639,341.80,1.50,WIFI
40:47:5E:8E:01:29,,[OPEN],2025-3-24 16:43:56,1,-83,34.0519371,-117.2086639,341.80,1.50,WIFI
2C:67:BE:0A:C7:37,Orange Grove Empire,[WPA2_PSK],2025-3-24 16:43:56,1,-87,34.0519371,-117.2086639,341.80,1.50,WIFI
A0:7F:8A:23:5D:41,MR_ANOKYE,[WPA2_PSK],2025-3-24 16:43:56,1,-93,34.0519371,-117.2086639,341.80,1.50,WIFI
A0:89:66:8D:EC:10,,[WPA_WPA2_PSK],2025-3-24 16:44:0,3,-72,34.0523529,-117.2086716,341.30,1.50,WIFI
F0:2F:74:C1:9D:80,4Prophet,[WPA2_PSK],2025-3-24 16:44:2,5,-83,34.0526390,-117.2086716,341.10,1.50,WIFI
D4:3F:32:05:40:86,210,[WPA2_PSK],2025-3-24 16:44:3,6,-61,34.0527992,-117.2086792,341.00,1.50,WIFI
A0:8E:24:4D:16:C3,,[WPA3_PSK],2025-3-24 16:44:3,6,-72,34.0527992,-117.2086792,341.00,1.50,WIFI
A0:8E:24:4D:16:C7,,[OPEN],2025-3-24 16:44:3,6,-72,34.0527992,-117.2086792,341.00,1.50,WIFI
A0:8E:24:4D:16:C5,qtk786,[WPA2_PSK],2025-3-24 16:44:3,6,-72,34.0527992,-117.2086792,341.00,1.50,WIFI
F0:7B:65:EB:AD:88,SpectrumSetup-AD82,[WPA2_PSK],2025-3-24 16:44:3,6,-77,34.0527992,-117.2086792,341.00,1.50,WIFI
A0:7F:8A:1B:BB:F4,SpectrumSetup-BBEE,[WPA2_PSK],2025-3-24 16:44:3,6,-77,34.0527992,-117.2086792,341.00,1.50,WIFI
9C:57:BC:B2:58:09,,[OPEN],2025-3-24 16:44:3,6,-79,34.0527992,-117.2086792,341.00,1.50,WIFI
9C:57:BC:B2:58:03,,[WPA3_PSK],2025-3-24 16:44:3,6,-81,34.0527992,-117.2086792,341.00,1.50,WIFI
9C:57:BC:B2:58:06,RR,[WPA2_PSK],2025-3-24 16:44:3,6,-81,34.0527992,-117.2086792,341.00,1.50,WIFI
74:83:C2:75:0A:34,EWS Wireless,[WPA2_PSK],2025-3-24 16:44:3,6,-83,34.0527992,-117.2086792,341.00,1.50,WIFI
D4:3F:32:8C:69:26,dontstressitsjess,[WPA2_PSK],2025-3-24 16:44:3,6,-83,34.0527992,-117.2086792,341.00,1.50,WIFI
9C:57:BC:9E:10:E9,,[OPEN],2025-3-24 16:44:3,6,-88,34.0527992,-117.2086792,341.00,1.50,WIFI
30:60:0A:FC:28:44,,[WPA_WPA2_PSK],2025-3-24 16:44:3,7,-92,34.0527992,-117.2086792,341.00,1.50,WIFI
78:8C:B5:39:40:B7,Tesseract ,[WPA2_PSK],2025-3-24 16:44:6,9,-83,34.0533333,-117.2086868,340.70,1.50,WIFI
9A:8C:B5:39:40:B7,,[WPA2_PSK],2025-3-24 16:44:6,9,-84,34.0533333,-117.2086868,340.70,1.50,WIFI
5C:DF:89:9F:A2:08,RCS Eagles,[WPA2_PSK],2025-3-24 16:44:7,10,-84,34.0535164,-117.2086868,340.70,1.50,WIFI
2C:67:BE:0F:35:FB,SpectrumSetup-35F7,[WPA2_PSK],2025-3-24 16:44:8,11,-73,34.0537033,-117.2086945,340.80,1.50,WIFI
98:1E:19:5F:FE:06,MySpectrumWiFi00-2G,[WPA2_PSK],2025-3-24 16:44:8,11,-75,34.0537033,-117.2086945,340.80,1.50,WIFI
10:8E:BA:0A:03:EB,,[WPA2_PSK],2025-3-24 16:44:11,1,-86,34.0542488,-117.2087021,341.20,1.50,WIFI
00:42:5A:73:00:C0,WarehouseC,[WPA2_PSK],2025-3-24 16:44:13,2,-93,34.0545845,-117.2087021,341.50,1.50,WIFI
84:23:88:AC:57:28,RCS Eagles,[WPA2_PSK],2025-3-24 16:44:16,5,-87,34.0550079,-117.2087097,341.90,1.50,WIFI
08:33:ED:BE:F1:0D,Fred,[WPA2_PSK],2025-3-24 16:44:17,6,-79,34.0551186,-117.2087173,342.00,1.50,WIFI
24:2D:6C:66:3B:88,montana,[WPA2_PSK],2025-3-24 16:44:17,6,-81,34.0551186,-117.2087173,342.00,1.50,WIFI
DC:8C:37:52:18:C0,CSLWLAN,[WPA2],2025-3-24 16:44:17,6,-86,34.0551186,-117.2087173,342.00,1.50,WIFI
FE:B0:DE:04:AC:FC,DIRECT-fc-HP M182 LaserJet,[WPA2_PSK],2025-3-24 16:44:17,6,-87,34.0551186,-117.2087173,342.00,1.50,WIFI
A4:97:33:29:95:D1,SpectrumSetup-D3,[WPA2_PSK],2025-3-24 16:44:17,6,-87,34.0551186,-117.2087173,342.00,1.50,WIFI
DC:8C:37:52:18:C1,CSLGUEST,[WPA2_PSK],2025-3-24 16:44:17,6,-88,34.0551186,-117.2087173,342.00,1.50,WIFI
24:2D:6C:66:3B:85,,[WPA3_PSK],2025-3-24 16:44:30,6,-71,34.0554466,-117.2087173,342.00,1.50,WIFI
24:2D:6C:66:3B:8B,,[OPEN],2025-3-24 16:44:30,6,-71,34.0554466,-117.2087173,342.00,1.50,WIFI
00:54:AF:2C:BB:04,HotspotBB04,[WPA_WPA2_PSK],2025-3-24 16:44:30,6,-76,34.0554466,-117.2087173,342.00,1.50,WIFI
04:95:E6:65:6F:59,FiOS-XDJ3C_EXT,[WPA_WPA2_PSK],2025-3-24 16:44:30,6,-87,34.0554466,-117.2087173,342.00,1.50,WIFI
F0:72:EA:2A:2E:82,office,[WPA2_PSK],2025-3-24 16:44:38,1,-89,34.0555038,-117.2087173,342.00,1.50,WIFI
EC:8E:B5:19:30:EF,DIRECT-EE-HP ENVY 5660 series,[WPA2_PSK],2025-3-24 16:44:49,11,-79,34.0568237,-117.2087402,341.90,1.50,WIFI
DC:92:72:E5:1B:9F,Red Rose Studio,[WPA2_PSK],2025-3-24 16:44:49,11,-84,34.0568237,-117.2087402,341.90,1.50,WIFI
24:E5:0F:60:DB:10,Union Office,[WPA2_PSK],2025-3-24 16:44:52,1,-84,34.0573349,-117.2087555,341.70,1.50,WIFI
D0:6D:C9:39:DF:E6,Frontier0367,[WPA2_PSK],2025-3-24 16:44:52,1,-84,34.0573349,-117.2087555,341.70,1.50,WIFI
DC:8C:37:51:0D:A1,CSLGUEST,[WPA2_PSK],2025-3-24 16:44:52,1,-90,34.0573349,-117.2087555,341.70,1.50,WIFI
DC:8C:37:51:0D:A0,CSLWLAN,[WPA2],2025-3-24 16:44:52,1,-92,34.0573349,-117.2087555,341.70,1.50,WIFI
9C:C9:EB:5A:8D:B0,VAIS,[WPA2_PSK],2025-3-24 16:44:55,3,-85,34.0578728,-117.2087631,341.50,1.50,WIFI
60:E3:27:4A:D9:08,Wilson,[WPA2_PSK],2025-3-24 16:44:57,5,-79,34.0582314,-117.2087708,341.40,1.50,WIFI
80:2A:A8:1A:99:A5,drfranco,[WPA2_PSK],2025-3-24 16:44:58,6,-74,34.0584030,-117.2087708,341.30,1.50,WIFI
7A:AC:B9:B1:5E:3C,,[WPA2_PSK],2025-3-24 16:44:58,6,-85,34.0584030,-117.2087708,341.30,1.50,WIFI
DC:8C:37:D5:D8:C0,CSLWLAN,[WPA2],2025-3-24 16:44:58,6,-87,34.0584030,-117.2087708,341.30,1.50,WIFI
DC:8C:37:D5:D8:C1,CSLGUEST,[WPA2_PSK],2025-3-24 16:44:58,6,-87,34.0584030,-117.2087708,341.30,1.50,WIFI
EA:9E:B4:23:16:F9,DIRECT-f9-HP M402 LaserJet,[WPA2_PSK],2025-3-24 16:44:58,6,-91,34.0584030,-117.2087708,341.30,1.50,WIFI
10:DA:43:C5:44:69,NETGEAR55,[WPA2_PSK],2025-3-24 16:45:1,9,-86,34.0589371,-117.2087708,341.20,1.50,WIFI
EC:6E:79:00:FF:1E,FWA02-00FF1E,[WPA2_PSK],2025-3-24 16:45:2,10,-82,34.0591164,-117.2087784,341.10,1.50,WIFI
06:18:D6:04:FB:92,KisingerGuest,[WPA2_PSK],2025-3-24 16:45:3,11,-83,34.0592995,-117.2087784,341.10,1.50,WIFI
EE:55:A8:7A:5E:2B,CityThatWorks,[WPA2],2025-3-24 16:45:3,11,-85,34.0592995,-117.2087784,341.10,1.50,WIFI
F2:55:A8:7A:5E:2B,City of Redlands WiFi,[OPEN],2025-3-24 16:45:3,11,-86,34.0592995,-117.2087784,341.10,1.50,WIFI
88:EF:16:F1:93:98,Centaurus,[WPA2_PSK],2025-3-24 16:45:6,1,-83,34.0598259,-117.2087860,341.10,1.50,WIFI
84:EB:3E:F8:88:47,tlf88846,[WPA2_PSK],2025-3-24 16:45:6,1,-84,34.0598259,-117.2087860,341.10,1.50,WIFI
32:F9:0F:29:6F:31,Jstraton@svtfleet.com,[WPA2_PSK],2025-3-24 16:45:6,1,-86,34.0598259,-117.2087860,341.10,1.50,WIFI
00:C8:96:2B:DB:14,,[WPA_WPA2_PSK],2025-3-24 16:45:6,1,-87,34.0598259,-117.2087860,341.10,1.50,WIFI
72:EF:16:F1:93:99,Centaurus Guest,[WPA2_PSK],2025-3-24 16:45:6,1,-88,34.0598259,-117.2087860,341.10,1.50,WIFI
DE:B3:70:FF:CA:36,,[WPA2_PSK],2025-3-24 16:45:6,1,-88,34.0598259,-117.2087860,341.10,1.50,WIFI
2E:4C:C6:F5:D3:E2,CMML-2c4cc6f5d3e2,[OPEN],2025-3-24 16:45:10,3,-81,34.0605049,-117.2087936,341.10,1.50,WIFI
2E:4C:C6:FA:D5:3B,CMML-2c4cc6fad53b,[OPEN],2025-3-24 16:45:10,3,-83,34.0605049,-117.2087936,341.10,1.50,WIFI
2E:4C:C6:FA:31:E6,CMML-2c4cc6fa31e6,[OPEN],2025-3-24 16:45:10,3,-87,34.0605049,-117.2087936,341.10,1.50,WIFI
2E:4C:C6:F8:16:DC,CMML-2c4cc6f816dc,[OPEN],2025-3-24 16:45:10,3,-91,34.0605049,-117.2087936,341.10,1.50,WIFI
78:29:ED:FE:DE:61,MySpectrumWiFi63-2G,[WPA2_PSK],2025-3-24 16:45:13,6,-83,34.0610275,-117.2087936,341.10,1.50,WIFI
A2:05:D6:50:BE:81,,[WPA2_PSK],2025-3-24 16:45:13,6,-86,34.0610275,-117.2087936,341.10,1.50,WIFI
DE:B3:70:FF:C5:9B,,[WPA2_PSK],2025-3-24 16:45:13,6,-86,34.0610275,-117.2087936,341.10,1.50,WIFI
A6:05:D6:50:BE:81,ChiroTouch,[WPA2_PSK],2025-3-24 16:45:13,6,-87,34.0610275,-117.2087936,341.10,1.50,WIFI
E2:B3:70:FF:C5:9B,STEN Guest,[WPA2_WPA3_PSK],2025-3-24 16:45:13,6,-89,34.0610275,-117.2087936,341.10,1.50,WIFI
A6:05:D6:41:18:56,ChiroTouch,[WPA2_PSK],2025-3-24 16:45:18,11,-64,34.0618896,-117.2087555,341.30,1.50,WIFI
9C:C8:FC:12:58:D8,Frontier3072,[WPA2_PSK],2025-3-24 16:45:18,11,-79,34.0618896,-117.2087555,341.30,1.50,WIFI
EC:6E:79:0C:0A:14,CR202-0C0A14,[WPA2_PSK],2025-3-24 16:45:18,11,-85,34.0618896,-117.2087555,341.30,1.50,WIFI
00:30:44:31:F6:0B,AER1600-60a,[WPA2_PSK],2025-3-24 16:45:20,1,-69,34.0621719,-117.2087326,341.40,1.50,WIFI
7C:0C:F6:0B:CA:14,Dash-9427,[WPA2_PSK],2025-3-24 16:45:20,1,-74,34.0621719,-117.2087326,341.40,1.50,WIFI
C2:55:A8:20:7F:11,SMW,[WPA2],2025-3-24 16:45:20,1,-75,34.0621719,-117.2087326,341.40,1.50,WIFI
C0:89:AB:4B:7E:E8,Frontier4160,[WPA2_PSK],2025-3-24 16:45:20,1,-78,34.0621719,-117.2087326,341.40,1.50,WIFI
D4:12:43:D8:41:0A,VAVA_d41243d8410a,[WPA2_PSK],2025-3-24 16:45:20,1,-78,34.0621719,-117.2087326,341.40,1.50,WIFI
A6:18:88:BE:F0:09,,[WPA2_PSK],2025-3-24 16:45:20,1,-83,34.0621719,-117.2087326,341.40,1.50,WIFI
C6:55:A8:20:7F:11,GMFDP,[WPA3_PSK],2025-3-24 16:45:20,1,-84,34.0621719,-117.2087326,341.40,1.50,WIFI
AA:3B:76:37:E5:3F,DIRECT-s3MFC-J4335DW_BRe53f,[WPA2_PSK],2025-3-24 16:45:20,1,-89,34.0621719,-117.2087326,341.40,1.50,WIFI
78:D2:94:19:81:36,NETGEAR36,[WPA2_PSK],2025-3-24 16:45:24,3,-86,34.0625610,-117.2087250,341.60,1.50,WIFI
FC:12:63:E0:50:7B,SpectrumSetup-7D,[WPA2_PSK],2025-3-24 16:45:27,6,-73,34.0626564,-117.2087173,341.60,1.50,WIFI
00:30:44:5A:C4:5F,IBR600C-45e,[WPA2_PSK],2025-3-24 16:45:27,6,-77,34.0626564,-117.2087173,341.60,1.50,WIFI
00:30:44:5A:E0:AC,RAI-SIGNAGE,[WPA2_PSK],2025-3-24 16:45:27,6,-79,34.0626564,-117.2087173,341.60,1.50,WIFI
2C:DC:AD:F3:AD:38,hum02561,[WPA2_PSK],2025-3-24 16:45:29,8,-88,34.0626564,-117.2087173,341.60,1.50,WIFI
72:32:B1:A4:B2:6D,,[WPA2_PSK],2025-3-24 16:45:31,10,-88,34.0626564,-117.2087173,341.60,1.50,WIFI
C8:B4:22:8E:ED:53,MySpectrumWiFi55-2G,[WPA2_PSK],2025-3-24 16:45:32,11,-78,34.0626564,-117.2087173,341.60,1.50,WIFI
00:30:44:50:C4:96,RAI-SIGNAGE,[WPA2_PSK],2025-3-24 16:45:32,11,-81,34.0626564,-117.2087173,341.60,1.50,WIFI
28:C6:8E:CF:72:8E,ce9f6b2b6ab3c50d80ddaa7805e7bad0,[WPA2_PSK],2025-3-24 16:45:32,11,-83,34.0626564,-117.2087173,341.60,1.50,WIFI
2C:58:4F:0D:94:22,Frontier4144,[WPA2_PSK],2025-3-24 16:45:32,11,-84,34.0626564,-117.2087173,341.60,1.50,WIFI
DA:55:A8:20:7F:11,,[WPA2_PSK],2025-3-24 16:45:35,1,-71,34.0626564,-117.2087173,341.60,1.50,WIFI
A8:97:CD:CC:60:52,Frontier1344,[WPA2_PSK],2025-3-24 16:45:35,1,-85,34.0626564,-117.2087173,341.60,1.50,WIFI
34:20:03:FB:B7:D6,Fanimation_FBB7D6,[OPEN],2025-3-24 16:45:38,3,-97,34.0626564,-117.2087173,341.60,1.50,WIFI
60:38:E0:81:99:3E,Mr. Taco (Office),[WPA_WPA2_PSK],2025-3-24 16:45:39,4,-85,34.0626564,-117.2087173,341.60,1.50,WIFI
FC:DB:21:03:89:41,Fames,[WPA2_PSK],2025-3-24 16:45:41,6,-83,34.0626602,-117.2087173,341.60,1.50,WIFI
2C:00:AB:98:F9:B8,Frontier7360,[WPA2_PSK],2025-3-24 16:45:41,6,-89,34.0626602,-117.2087173,341.60,1.50,WIFI
22:AD:56:35:C1:26,HotspotC126,[WPA_WPA2_PSK],2025-3-24 16:45:46,11,-85,34.0626564,-117.2087173,341.70,1.50,WIFI
28:24:FF:A9:34:48,GM-FDP,[WPA2_PSK],2025-3-24 16:46:0,11,-80,34.0626564,-117.2087173,341.50,1.50,WIFI
8E:18:88:BE:F0:09,BGFVWRLSS-MMDA,[WPA2_PSK],2025-3-24 16:46:3,1,-87,34.0626564,-117.2087173,341.50,1.50,WIFI
0C:EA:C9:4D:A0:98,Frontier8368,[WPA2_PSK],2025-3-24 16:46:9,6,-87,34.0626526,-117.2087173,341.50,1.50,WIFI
50:20:65:43:50:E0,T-Mobile Broadband54,[WPA2_PSK],2025-3-24 16:46:9,6,-90,34.0626526,-117.2087173,341.50,1.50,WIFI
96:46:9D:27:E7:9B,,[WPA2_PSK],2025-3-24 16:46:14,11,-79,34.0626526,-117.2087173,341.60,1.50,WIFI
A2:46:9D:27:E7:9B,,[WPA2],2025-3-24 16:46:14,11,-81,34.0626526,-117.2087173,341.60,1.50,WIFI
96:18:88:BE:F0:09,BGFVWRLSS-CHRMBK,[WPA_WPA2_PSK],2025-3-24 16:46:17,1,-88,34.0626526,-117.2087173,341.60,1.50,WIFI
74:37:5F:A8:03:47,SpectrumSetup-45,[WPA2_PSK],2025-3-24 16:46:23,6,-87,34.0626526,-117.2087173,341.70,1.50,WIFI
A8:46:9D:27:E7:9B,DelGuest,[OPEN],2025-3-24 16:46:28,11,-80,34.0626488,-117.2087173,341.70,1.50,WIFI
AE:46:9D:27:E7:9B,DelEmployee,[WPA2_PSK],2025-3-24 16:46:28,11,-81,34.0626488,-117.2087173,341.70,1.50,WIFI
00:14:D1:B1:33:56,Nicks,[WPA2_PSK],2025-3-24 16:46:31,1,-85,34.0626488,-117.2087173,341.70,1.50,WIFI
4C:AB:F8:1C:E3:8E,Verizon_LH6JW6,[WPA2_PSK],2025-3-24 16:46:31,1,-86,34.0626488,-117.2087173,341.70,1.50,WIFI
34:20:03:D9:75:6F,Fanimation_D9756F,[OPEN],2025-3-24 16:46:33,2,-87,34.0626640,-117.2087173,341.70,1.50,WIFI
CC:D0:83:00:F0:C2,eBOS,[OPEN],2025-3-24 16:46:37,6,-80,34.0629425,-117.2087097,342.50,1.50,WIFI
CC:D0:83:00:F0:C1,McDonalds Free WiFi,[OPEN],2025-3-24 16:46:37,6,-82,34.0629425,-117.2087097,342.50,1.50,WIFI
68:D7:9A:84:9D:3B,EDGE Wi-Fi A,[WPA2_PSK],2025-3-24 16:46:37,6,-85,34.0629425,-117.2087097,342.50,1.50,WIFI
72:D7:9A:84:9D:3B,,[WPA2_PSK],2025-3-24 16:46:37,6,-86,34.0629425,-117.2087097,342.50,1.50,WIFI
68:D7:9A:84:9E:EB,EDGE Wi-Fi A,[WPA2_PSK],2025-3-24 16:46:37,6,-88,34.0629425,-117.2087097,342.50,1.50,WIFI
20:F8:5E:DD:CC:26,ADJ Airstream DMX,[WPA2_PSK],2025-3-24 16:46:42,11,-77,34.0635338,-117.2087021,342.90,1.50,WIFI
10:DA:43:3A:6E:99,ngHub_319468NB01B61,[WPA2_PSK],2025-3-24 16:46:42,11,-81,34.0635338,-117.2087021,342.90,1.50,WIFI
EA:38:83:13:86:82,TBC-Guest,[WPA_WPA2_PSK],2025-3-24 16:46:42,11,-91,34.0635338,-117.2087021,342.90,1.50,WIFI
EE:38:83:13:89:62,TBC-Service,[WPA_WPA2_PSK],2025-3-24 16:46:45,1,-89,34.0639496,-117.2086868,343.10,1.50,WIFI
38:08:FD:00:00:66,Silca-Futura_0066,[WEP],2025-3-24 16:46:54,9,-93,34.0653076,-117.2086639,347.20,1.50,WIFI
94:3C:96:FB:A6:06,Frontier2486,[WPA2_PSK],2025-3-24 16:46:56,11,-83,34.0655937,-117.2086639,349.30,1.50,WIFI
02:24:A5:29:EE:2B,myChevrolet 6496,[WPA2_PSK],2025-3-24 16:46:59,1,-84,34.0659790,-117.2086563,351.70,1.50,WIFI
98:25:4A:66:2F:78,Super 8 Office,[WPA2_PSK],2025-3-24 16:46:59,1,-89,34.0659790,-117.2086563,351.70,1.50,WIFI
9E:25:4A:66:2F:78,Super 8,[OPEN],2025-3-24 16:46:59,1,-91,34.0659790,-117.2086563,351.70,1.50,WIFI
0A:F9:E0:6E:8D:78,Tineco_7224,[OPEN],2025-3-24 16:46:59,1,-92,34.0659790,-117.2086563,351.70,1.50,WIFI
00:14:3E:1F:D1:90,GMREPCR,[WPA2_PSK],2025-3-24 16:47:5,6,-75,34.0667763,-117.2086792,353.90,1.50,WIFI
9E:25:4A:66:2E:30,Super 8,[OPEN],2025-3-24 16:47:5,6,-86,34.0667763,-117.2086792,353.90,1.50,WIFI
68:72:51:64:68:03,ABVI,[OPEN],2025-3-24 16:47:5,6,-93,34.0667763,-117.2086792,353.90,1.50,WIFI
32:8D:DB:7A:6C:A5,,[WPA2_PSK],2025-3-24 16:47:10,11,-83,34.0671234,-117.2086792,354.20,1.50,WIFI
66:E2:20:8F:BF:9C,DIRECT-BMW 82595,[WPA2_PSK],2025-3-24 16:47:10,11,-85,34.0671234,-117.2086792,354.20,1.50,WIFI
9E:25:4A:66:28:F6,Super 8,[OPEN],2025-3-24 16:47:10,11,-87,34.0671234,-117.2086792,354.20,1.50,WIFI
98:25:4A:66:28:F6,Super 8 Office,[WPA2_PSK],2025-3-24 16:47:10,11,-90,34.0671234,-117.2086792,354.20,1.50,WIFI
00:15:70:94:E1:E1,101,[OPEN],2025-3-24 16:47:10,11,-94,34.0671234,-117.2086792,354.20,1.50,WIFI
00:30:44:6E:E0:CC,IBR600C-0cb,[WPA2_PSK],2025-3-24 16:47:13,1,-78,34.0671616,-117.2086792,354.40,1.50,WIFI
32:8D:DB:7A:6C:F7,,[WPA2_PSK],2025-3-24 16:47:13,1,-87,34.0671616,-117.2086792,354.40,1.50,WIFI
FC:C7:22:22:66:72,awcdr0418,[WPA_WPA2_PSK],2025-3-24 16:47:19,6,-89,34.0671616,-117.2086792,355.00,1.50,WIFI
62:E6:F0:D1:3C:06,Gomez Family,[WPA2_PSK],2025-3-24 16:47:20,7,-87,34.0671616,-117.2086792,355.10,1.50,WIFI
42:98:B5:FF:37:94,RDPes-IoT,[WPA2_PSK],2025-3-24 16:47:22,9,-90,34.0671616,-117.2086792,355.30,1.50,WIFI
00:E0:4C:B7:62:47,MDRIVEA000O12991,[WPA2_PSK],2025-3-24 16:47:24,11,-85,34.0671616,-117.2086792,355.60,1.50,WIFI
02:8D:DB:7A:6C:F7,UHC_v2,[WPA2],2025-3-24 16:47:27,1,-79,34.0671616,-117.2086792,356.00,1.50,WIFI
6C:63:9C:87:4D:20,Frontier4912,[WPA2_PSK],2025-3-24 16:47:27,1,-92,34.0671616,-117.2086792,356.00,1.50,WIFI
00:54:AF:E6:2F:02,Hotspot2F02,[WPA_WPA2_PSK],2025-3-24 16:47:31,4,-75,34.0672073,-117.2086792,356.20,1.50,WIFI
88:DC:96:8E:45:32,100,[WPA2_PSK],2025-3-24 16:47:31,4,-85,34.0672073,-117.2086792,356.20,1.50,WIFI
FA:38:69:10:A6:D1,Christinas VW,[WPA2_PSK],2025-3-24 16:47:33,6,-73,34.0673409,-117.2086868,355.90,1.50,WIFI
FC:DB:21:40:8E:85,ABRAM EXPEDITED,[WPA2_PSK],2025-3-24 16:47:33,6,-92,34.0673409,-117.2086868,355.90,1.50,WIFI
FC:DB:21:35:D9:39,alpha,[WPA2_PSK],2025-3-24 16:47:33,6,-93,34.0673409,-117.2086868,355.90,1.50,WIFI
1E:5F:67:ED:58:30,,[WPA2_PSK],2025-3-24 16:47:36,9,-70,34.0676575,-117.2086868,354.90,1.50,WIFI
1E:5F:67:ED:58:31,Netgear,[WPA2_PSK],2025-3-24 16:47:36,9,-70,34.0676575,-117.2086868,354.90,1.50,WIFI
1E:5F:67:ED:58:32,Netgear_Guest,[WPA2_PSK],2025-3-24 16:47:36,9,-70,34.0676575,-117.2086868,354.90,1.50,WIFI
68:72:51:0E:F7:A7,ABVI,[OPEN],2025-3-24 16:47:37,10,-73,34.0677834,-117.2086868,354.20,1.50,WIFI
98:25:4A:66:31:16,Super 8 Office,[WPA2_PSK],2025-3-24 16:47:38,11,-75,34.0679169,-117.2086792,353.40,1.50,WIFI
9E:25:4A:66:31:16,Super 8,[OPEN],2025-3-24 16:47:38,11,-77,34.0679169,-117.2086792,353.40,1.50,WIFI
F6:55:A8:08:EE:17,PRESTO,[WPA2_PSK],2025-3-24 16:47:38,11,-82,34.0679169,-117.2086792,353.40,1.50,WIFI
EE:55:A8:08:EE:17,dmtnet,[WPA2_PSK],2025-3-24 16:47:38,11,-83,34.0679169,-117.2086792,353.40,1.50,WIFI
2E:AA:8E:AF:C4:EC,,[WPA_WPA2_PSK],2025-3-24 16:47:38,11,-90,34.0679169,-117.2086792,353.40,1.50,WIFI
88:15:44:A8:3C:2C,,[WPA_WPA2_PSK],2025-3-24 16:47:38,11,-90,34.0679169,-117.2086792,353.40,1.50,WIFI
22:AD:56:27:5D:CB,Hotspot5DCB,[WPA_WPA2_PSK],2025-3-24 16:47:38,11,-91,34.0679169,-117.2086792,353.40,1.50,WIFI
06:8D:DB:7A:6C:F7,MCO716,[WPA2_PSK],2025-3-24 16:47:41,1,-61,34.0683441,-117.2086716,350.80,1.50,WIFI
0C:8D:DB:7A:6C:F7,U-Haul Guest WIFI,[OPEN],2025-3-24 16:47:41,1,-63,34.0683441,-117.2086716,350.80,1.50,WIFI
38:88:71:05:4A:3A,Verizon_M3M9YR,[WPA2_PSK],2025-3-24 16:47:41,1,-78,34.0683441,-117.2086716,350.80,1.50,WIFI
C6:5B:BE:F7:C3:B9,SmartLife-C3B9,[OPEN],2025-3-24 16:47:41,1,-80,34.0683441,-117.2086716,350.80,1.50,WIFI
E0:CB:BC:91:72:D2,Starbucks WiFi,[OPEN],2025-3-24 16:47:41,1,-80,34.0683441,-117.2086716,350.80,1.50,WIFI
E6:CB:BC:91:72:D2,smll,[WPA2],2025-3-24 16:47:41,1,-80,34.0683441,-117.2086716,350.80,1.50,WIFI
EA:CB:BC:91:72:D2,notes,[WPA2_PSK],2025-3-24 16:47:41,1,-80,34.0683441,-117.2086716,350.80,1.50,WIFI
EE:CB:BC:91:72:D2,sip,[WPA2],2025-3-24 16:47:41,1,-80,34.0683441,-117.2086716,350.80,1.50,WIFI
8E:15:44:A8:3D:03,,[WPA2],2025-3-24 16:47:41,1,-89,34.0683441,-117.2086716,350.80,1.50,WIFI
82:15:44:A8:3D:03,EPIC-GUEST,[OPEN],2025-3-24 16:47:41,1,-90,34.0683441,-117.2086716,350.80,1.50,WIFI
86:15:44:A8:3D:03,,[WPA2],2025-3-24 16:47:41,1,-90,34.0683441,-117.2086716,350.80,1.50,WIFI
02:18:4A:AE:A2:47,Ditto,[WPA_WPA2_PSK],2025-3-24 16:47:41,1,-90,34.0683441,-117.2086716,350.80,1.50,WIFI
02:18:4A:AE:A2:45,Gwent,[WPA2_PSK],2025-3-24 16:47:41,1,-94,34.0683441,-117.2086716,350.80,1.50,WIFI
88:DC:96:8F:10:85,100,[WPA2_PSK],2025-3-24 16:47:44,3,-62,34.0687752,-117.2086716,349.10,1.50,WIFI
32:0E:B8:72:25:F3,My VW 3489,[WPA2_PSK],2025-3-24 16:47:47,6,-80,34.0692139,-117.2086868,348.70,1.50,WIFI
2C:B8:ED:D0:EA:D2,ATB,[WPA2_PSK],2025-3-24 16:47:47,6,-89,34.0692139,-117.2086868,348.70,1.50,WIFI
04:D5:90:12:B5:01,SBI-Office-AP,[WPA2],2025-3-24 16:47:52,11,-66,34.0698280,-117.2087326,348.70,1.50,WIFI
04:D5:90:12:B5:00,SBI_Guest,[OPEN],2025-3-24 16:47:52,11,-68,34.0698280,-117.2087326,348.70,1.50,WIFI
04:D5:90:12:B5:02,SBI-Public-IoT,[WPA2_PSK],2025-3-24 16:47:52,11,-68,34.0698280,-117.2087326,348.70,1.50,WIFI
B0:FC:88:27:6D:AC,MySpectrumWiFiB3-5G,[WPA2_PSK],2025-3-24 16:47:52,11,-70,34.0698280,-117.2087326,348.70,1.50,WIFI
04:D5:90:12:B5:03,SBI-IoT,[WPA2_PSK],2025-3-24 16:47:52,11,-74,34.0698280,-117.2087326,348.70,1.50,WIFI
0C:8D:DB:7A:6C:A5,U-Haul Guest WIFI,[OPEN],2025-3-24 16:47:52,11,-79,34.0698280,-117.2087326,348.70,1.50,WIFI
06:8D:DB:7A:6C:A5,MCO716,[WPA2_PSK],2025-3-24 16:47:52,11,-80,34.0698280,-117.2087326,348.70,1.50,WIFI
02:8D:DB:7A:6C:A5,UHC_v2,[WPA2],2025-3-24 16:47:52,11,-80,34.0698280,-117.2087326,348.70,1.50,WIFI
CC:40:D0:0A:05:37,GSMI-Guest,[WPA2_PSK],2025-3-24 16:47:52,11,-87,34.0698280,-117.2087326,348.70,1.50,WIFI
AC:23:16:58:74:5C,,[WPA2_PSK],2025-3-24 16:47:52,11,-93,34.0698280,-117.2087326,348.70,1.50,WIFI
FE:84:A7:7A:A7:3B,DIRECT-wJ-Car_ea03,[WPA2_PSK],2025-3-24 16:47:55,1,-70,34.0700188,-117.2087326,348.60,1.50,WIFI
00:18:0A:83:A5:80,Free WiFi,[OPEN],2025-3-24 16:48:2,6,-62,34.0700645,-117.2087326,348.90,1.50,WIFI
18:C2:41:3C:C7:01,Ono-010,[WPA2_PSK],2025-3-24 16:48:2,6,-83,34.0700645,-117.2087326,348.90,1.50,WIFI
EA:CB:BC:91:68:AB,notes,[WPA2_PSK],2025-3-24 16:48:2,6,-83,34.0700645,-117.2087326,348.90,1.50,WIFI
18:C2:41:3C:C7:02,Ono Guest,[WPA2_PSK],2025-3-24 16:48:2,6,-84,34.0700645,-117.2087326,348.90,1.50,WIFI
F8:E4:FB:97:76:B6,2223J,[WPA2_PSK],2025-3-24 16:48:2,6,-84,34.0700645,-117.2087326,348.90,1.50,WIFI
38:88:71:13:77:0C,Verizon_G4XH4H,[WPA2_PSK],2025-3-24 16:48:2,6,-88,34.0700645,-117.2087326,348.90,1.50,WIFI
0A:7B:5A:FD:EF:B3,iPhone_DX3GN72L0DXP,[WPA2_PSK],2025-3-24 16:48:2,6,-89,34.0700645,-117.2087326,348.90,1.50,WIFI
44:EB:2E:5C:E1:3C,MY ROGUE0409,[WPA2_PSK],2025-3-24 16:48:4,8,-87,34.0700684,-117.2087326,349.00,1.50,WIFI
F8:08:4F:D5:6F:A6,NubiRedlandsGuest,[WPA2_PSK],2025-3-24 16:48:7,11,-79,34.0702019,-117.2087326,349.10,1.50,WIFI
80:CC:9C:3D:93:7E,FFCU,[WPA2_PSK],2025-3-24 16:48:7,11,-80,34.0702019,-117.2087326,349.10,1.50,WIFI
00:18:0A:83:A5:3E,Free WiFi,[OPEN],2025-3-24 16:48:7,11,-84,34.0702019,-117.2087326,349.10,1.50,WIFI
D4:A9:28:06:57:44,FiOS-YYVWK,[WPA2_PSK],2025-3-24 16:48:7,11,-86,34.0702019,-117.2087326,349.10,1.50,WIFI
28:C6:8E:CF:95:05,ngHub_319436NY076C6,[WPA2_PSK],2025-3-24 16:48:7,11,-88,34.0702019,-117.2087326,349.10,1.50,WIFI
24:41:FE:27:8D:7E,Verizon_L6FLFC,[WPA2_PSK],2025-3-24 16:48:9,1,-78,34.0703735,-117.2087326,349.10,1.50,WIFI
80:E5:40:ED:1A:18,Front,[WPA2_PSK],2025-3-24 16:48:9,1,-89,34.0703735,-117.2087326,349.10,1.50,WIFI
B0:19:21:5E:D5:66,Verizon_M3M9YR_EXT,[WPA2_PSK],2025-3-24 16:48:9,1,-90,34.0703735,-117.2087326,349.10,1.50,WIFI
DE:21:F9:21:1A:96,GoodFeet_Guest,[OPEN],2025-3-24 16:48:16,6,-75,34.0712128,-117.2087326,349.30,1.50,WIFI
00:30:44:89:4A:74,360,[WPA2_PSK],2025-3-24 16:48:16,6,-91,34.0712128,-117.2087326,349.30,1.50,WIFI
2C:30:33:64:E4:67,ICS 2.4G,[WPA2_PSK],2025-3-24 16:48:17,7,-81,34.0713501,-117.2087326,349.30,1.50,WIFI
A8:53:7D:CA:9D:31,Target Guest Wi-Fi,[OPEN],2025-3-24 16:48:21,11,-75,34.0720177,-117.2087326,349.30,1.50,WIFI
A8:53:7D:CA:9D:32,DGE,[WPA2_PSK],2025-3-24 16:48:21,11,-75,34.0720177,-117.2087326,349.30,1.50,WIFI
A8:53:7D:CA:9D:33,tcwifi,[WPA2],2025-3-24 16:48:21,11,-75,34.0720177,-117.2087326,349.30,1.50,WIFI
A8:53:7D:CA:9D:34,tcguest,[WPA2],2025-3-24 16:48:21,11,-75,34.0720177,-117.2087326,349.30,1.50,WIFI
A8:53:7D:CA:5E:92,DGE,[WPA2_PSK],2025-3-24 16:48:21,11,-76,34.0720177,-117.2087326,349.30,1.50,WIFI
A8:53:7D:CA:5E:94,tcguest,[WPA2],2025-3-24 16:48:21,11,-76,34.0720177,-117.2087326,349.30,1.50,WIFI
A8:53:7D:CA:5E:91,Target Guest Wi-Fi,[OPEN],2025-3-24 16:48:21,11,-77,34.0720177,-117.2087326,349.30,1.50,WIFI
A8:53:7D:CA:5E:93,tcwifi,[WPA2],2025-3-24 16:48:21,11,-77,34.0720177,-117.2087326,349.30,1.50,WIFI
00:15:70:94:E1:E0,108,[OPEN],2025-3-24 16:48:21,11,-82,34.0720177,-117.2087326,349.30,1.50,WIFI
4A:5F:99:97:6D:05,DIRECT-05-HP M402 LaserJet,[WPA2_PSK],2025-3-24 16:48:21,11,-86,34.0720177,-117.2087326,349.30,1.50,WIFI
26:56:FE:56:3A:55,cbg19751a,[WPA2_PSK],2025-3-24 16:48:21,11,-86,34.0720177,-117.2087326,349.30,1.50,WIFI
A8:53:7D:CA:6C:A4,tcguest,[WPA2],2025-3-24 16:48:21,11,-87,34.0720177,-117.2087326,349.30,1.50,WIFI
E2:55:A8:AE:0D:5A,massage envy,[WPA2_PSK],2025-3-24 16:48:21,11,-87,34.0720177,-117.2087326,349.30,1.50,WIFI
DA:9C:67:86:6E:03,DIRECT-03-HP M402 LaserJet,[WPA2_PSK],2025-3-24 16:48:21,11,-88,34.0720177,-117.2087326,349.30,1.50,WIFI
A8:53:7D:CA:6C:A1,Target Guest Wi-Fi,[OPEN],2025-3-24 16:48:21,11,-88,34.0720177,-117.2087326,349.30,1.50,WIFI
F6:55:A8:AE:0D:5A,ME-Staff,[WPA2_PSK],2025-3-24 16:48:21,11,-89,34.0720177,-117.2087326,349.30,1.50,WIFI
EE:55:A8:AE:0D:5A,ME-Utility,[WPA_WPA2_PSK],2025-3-24 16:48:21,11,-90,34.0720177,-117.2087326,349.30,1.50,WIFI
C8:B5:AD:6A:BB:02,SOS,[WPA2_PSK],2025-3-24 16:48:21,11,-94,34.0720177,-117.2087326,349.30,1.50,WIFI
44:37:0B:68:D2:80,SerenityDashCam,[WPA_WPA2_PSK],2025-3-24 16:48:25,1,-69,34.0727692,-117.2087326,349.20,1.50,WIFI
A8:53:7D:CA:5F:E1,Target Guest Wi-Fi,[OPEN],2025-3-24 16:48:25,1,-80,34.0727692,-117.2087326,349.20,1.50,WIFI
A6:18:88:BE:DD:CC,,[WPA2_PSK],2025-3-24 16:48:25,1,-80,34.0727692,-117.2087326,349.20,1.50,WIFI
A8:53:7D:CA:5F:E3,tcwifi,[WPA2],2025-3-24 16:48:25,1,-80,34.0727692,-117.2087326,349.20,1.50,WIFI
A8:53:7D:CA:5F:E2,DGE,[WPA2_PSK],2025-3-24 16:48:25,1,-81,34.0727692,-117.2087326,349.20,1.50,WIFI
98:18:88:BE:DD:CC,MFRM_POS,[WPA3_PSK],2025-3-24 16:48:25,1,-81,34.0727692,-117.2087326,349.20,1.50,WIFI
A8:53:7D:CA:5F:E4,tcguest,[WPA2],2025-3-24 16:48:25,1,-81,34.0727692,-117.2087326,349.20,1.50,WIFI
C8:B8:2F:80:84:44,,[WPA3_PSK],2025-3-24 16:48:25,1,-82,34.0727692,-117.2087326,349.20,1.50,WIFI
C8:B8:2F:80:84:46,dusty,[WPA2_PSK],2025-3-24 16:48:25,1,-82,34.0727692,-117.2087326,349.20,1.50,WIFI
C8:B8:2F:80:84:48,,[OPEN],2025-3-24 16:48:25,1,-83,34.0727692,-117.2087326,349.20,1.50,WIFI
92:18:88:BE:DD:CC,MFRM_IOT,[WPA2_PSK],2025-3-24 16:48:25,1,-84,34.0727692,-117.2087326,349.20,1.50,WIFI
9E:18:88:BE:DD:CC,MFRM_GUEST,[WPA2_PSK],2025-3-24 16:48:25,1,-85,34.0727692,-117.2087326,349.20,1.50,WIFI
C8:B5:AD:2D:6E:83,TB_Store,[WPA2],2025-3-24 16:48:25,1,-90,34.0727692,-117.2087326,349.20,1.50,WIFI
C8:B5:AD:2D:6E:82,SOS,[WPA2_PSK],2025-3-24 16:48:25,1,-91,34.0727692,-117.2087326,349.20,1.50,WIFI
C8:B5:AD:2D:6E:81,Mens Wearhouse Guest,[OPEN],2025-3-24 16:48:25,1,-92,34.0727692,-117.2087326,349.20,1.50,WIFI
18:7C:0B:6D:E5:88,TheSummit_Resident_WiFi,[WPA2_PSK],2025-3-24 16:48:29,4,-83,34.0735435,-117.2087326,348.90,1.50,WIFI
18:7C:0B:2D:E5:88,TheSummit_Guest,[OPEN],2025-3-24 16:48:29,4,-84,34.0735435,-117.2087326,348.90,1.50,WIFI
18:7C:0B:2D:E7:B8,TheSummit_Guest,[OPEN],2025-3-24 16:48:31,6,-81,34.0739365,-117.2087326,348.80,1.50,WIFI
18:7C:0B:6D:E7:B8,TheSummit_Resident_WiFi,[WPA2_PSK],2025-3-24 16:48:31,6,-81,34.0739365,-117.2087326,348.80,1.50,WIFI
18:7C:0B:6D:DB:C8,TheSummit_Resident_WiFi,[WPA2_PSK],2025-3-24 16:48:31,6,-83,34.0739365,-117.2087326,348.80,1.50,WIFI
18:7C:0B:2D:DB:C8,TheSummit_Guest,[OPEN],2025-3-24 16:48:31,6,-84,34.0739365,-117.2087326,348.80,1.50,WIFI
18:7C:0B:6D:E0:E8,TheSummit_Resident_WiFi,[WPA2_PSK],2025-3-24 16:48:31,6,-87,34.0739365,-117.2087326,348.80,1.50,WIFI
18:7C:0B:2D:E0:E8,TheSummit_Guest,[OPEN],2025-3-24 16:48:31,6,-87,34.0739365,-117.2087326,348.80,1.50,WIFI
18:7C:0B:2D:E5:38,TheSummit_Guest,[OPEN],2025-3-24 16:48:31,6,-87,34.0739365,-117.2087326,348.80,1.50,WIFI
18:7C:0B:6D:DD:F8,TheSummit_Resident_WiFi,[WPA2_PSK],2025-3-24 16:48:31,6,-87,34.0739365,-117.2087326,348.80,1.50,WIFI
18:7C:0B:6D:E5:38,TheSummit_Resident_WiFi,[WPA2_PSK],2025-3-24 16:48:31,6,-89,34.0739365,-117.2087326,348.80,1.50,WIFI
9C:53:22:CB:90:EB,G-Street,[WPA2_PSK],2025-3-24 16:48:34,9,-68,34.0745430,-117.2087326,348.80,1.50,WIFI
18:7C:0B:6D:DE:08,TheSummit_Resident_WiFi,[WPA2_PSK],2025-3-24 16:48:36,11,-75,34.0749626,-117.2087326,348.70,1.50,WIFI
18:7C:0B:2D:DE:08,TheSummit_Guest,[OPEN],2025-3-24 16:48:36,11,-76,34.0749626,-117.2087326,348.70,1.50,WIFI
18:7C:0B:6D:DF:48,TheSummit_Resident_WiFi,[WPA2_PSK],2025-3-24 16:48:36,11,-77,34.0749626,-117.2087326,348.70,1.50,WIFI
18:7C:0B:6D:E8:88,TheSummit_Resident_WiFi,[WPA2_PSK],2025-3-24 16:48:36,11,-79,34.0749626,-117.2087326,348.70,1.50,WIFI
18:7C:0B:2D:E8:88,TheSummit_Guest,[OPEN],2025-3-24 16:48:36,11,-80,34.0749626,-117.2087326,348.70,1.50,WIFI
18:7C:0B:2D:E2:48,TheSummit_Guest,[OPEN],2025-3-24 16:48:36,11,-81,34.0749626,-117.2087326,348.70,1.50,WIFI
18:7C:0B:2D:E7:C8,TheSummit_Guest,[OPEN],2025-3-24 16:48:36,11,-81,34.0749626,-117.2087326,348.70,1.50,WIFI
18:7C:0B:6D:E2:48,TheSummit_Resident_WiFi,[WPA2_PSK],2025-3-24 16:48:36,11,-82,34.0749626,-117.2087326,348.70,1.50,WIFI
E8:9F:80:BC:53:F2,G-Street_Ext,[WPA2_PSK],2025-3-24 16:48:36,11,-82,34.0749626,-117.2087326,348.70,1.50,WIFI
18:7C:0B:2D:E4:D8,TheSummit_Guest,[OPEN],2025-3-24 16:48:36,11,-84,34.0749626,-117.2087326,348.70,1.50,WIFI
18:7C:0B:2D:DB:28,TheSummit_Guest,[OPEN],2025-3-24 16:48:36,11,-85,34.0749626,-117.2087326,348.70,1.50,WIFI
18:7C:0B:6D:E7:C8,TheSummit_Resident_WiFi,[WPA2_PSK],2025-3-24 16:48:36,11,-85,34.0749626,-117.2087326,348.70,1.50,WIFI
18:7C:0B:6D:E4:D8,TheSummit_Resident_WiFi,[WPA2_PSK],2025-3-24 16:48:36,11,-86,34.0749626,-117.2087326,348.70,1.50,WIFI
18:7C:0B:6D:DB:28,TheSummit_Resident_WiFi,[WPA2_PSK],2025-3-24 16:48:36,11,-87,34.0749626,-117.2087326,348.70,1.50,WIFI
18:7C:0B:6D:E8:38,TheSummit_Resident_WiFi,[WPA2_PSK],2025-3-24 16:48:36,11,-89,34.0749626,-117.2087326,348.70,1.50,WIFI
84:23:88:1D:1B:78,Marriott Bonvoy,[OPEN],2025-3-24 16:48:36,11,-89,34.0749626,-117.2087326,348.70,1.50,WIFI
84:23:88:9D:1B:79,Relay,[WPA2_PSK],2025-3-24 16:48:36,11,-90,34.0749626,-117.2087326,348.70,1.50,WIFI
18:7C:0B:2D:D4:18,TheSummit_Guest,[OPEN],2025-3-24 16:48:37,1,-79,34.0751724,-117.2087326,348.60,1.50,WIFI
18:7C:0B:6D:D4:18,TheSummit_Resident_WiFi,[WPA2_PSK],2025-3-24 16:48:37,1,-79,34.0751724,-117.2087326,348.60,1.50,WIFI
18:7C:0B:6D:D8:98,TheSummit_Resident_WiFi,[WPA2_PSK],2025-3-24 16:48:37,1,-84,34.0751724,-117.2087326,348.60,1.50,WIFI
18:7C:0B:2D:D8:98,TheSummit_Guest,[OPEN],2025-3-24 16:48:37,1,-85,34.0751724,-117.2087326,348.60,1.50,WIFI
94:3C:96:F6:2B:96,Frontier1908,[WPA2_PSK],2025-3-24 16:48:37,1,-91,34.0751724,-117.2087326,348.60,1.50,WIFI
04:F0:21:AB:44:D9,,[WPA2_PSK],2025-3-24 16:48:44,4,-83,34.0765533,-117.2087250,348.00,1.50,WIFI
32:E0:96:09:AA:B8,,[WPA2_PSK],2025-3-24 16:48:44,4,-84,34.0765533,-117.2087250,348.00,1.50,WIFI
B6:53:F9:83:01:3C,,[WPA2_PSK],2025-3-24 16:48:46,6,-77,34.0769310,-117.2087326,348.00,1.50,WIFI
B6:53:F9:23:01:3C,STARLINK,[OPEN],2025-3-24 16:48:46,6,-78,34.0769310,-117.2087326,348.00,1.50,WIFI
18:7C:0B:2D:E4:E8,TheSummit_Guest,[OPEN],2025-3-24 16:48:46,6,-91,34.0769310,-117.2087326,348.00,1.50,WIFI
18:7C:0B:6D:E4:E8,TheSummit_Resident_WiFi,[WPA2_PSK],2025-3-24 16:48:46,6,-92,34.0769310,-117.2087326,348.00,1.50,WIFI
40:E3:D6:90:D2:A0,RedlandsOFC,[WPA2_PSK],2025-3-24 16:48:51,11,-81,34.0779114,-117.2087250,347.60,1.50,WIFI
40:E3:D6:90:D2:A1,RedlandsGST,[WPA2_PSK],2025-3-24 16:48:51,11,-82,34.0779114,-117.2087250,347.60,1.50,WIFI
40:E3:D6:90:D2:A2,RedlandsWH,[WPA2_PSK],2025-3-24 16:48:51,11,-82,34.0779114,-117.2087250,347.60,1.50,WIFI
40:E3:D6:90:EF:62,RedlandsWH,[WPA2_PSK],2025-3-24 16:48:51,11,-87,34.0779114,-117.2087250,347.60,1.50,WIFI
40:E3:D6:90:DD:A1,RedlandsGST,[WPA2_PSK],2025-3-24 16:48:51,11,-88,34.0779114,-117.2087250,347.60,1.50,WIFI
40:E3:D6:90:DD:A0,RedlandsOFC,[WPA2_PSK],2025-3-24 16:48:51,11,-89,34.0779114,-117.2087250,347.60,1.50,WIFI
40:E3:D6:90:EF:61,RedlandsGST,[WPA2_PSK],2025-3-24 16:48:51,11,-89,34.0779114,-117.2087250,347.60,1.50,WIFI
40:E3:D6:90:EF:60,RedlandsOFC,[WPA2_PSK],2025-3-24 16:48:51,11,-90,34.0779114,-117.2087250,347.60,1.50,WIFI
40:E3:D6:90:DD:A2,RedlandsWH,[WPA2_PSK],2025-3-24 16:48:51,11,-95,34.0779114,-117.2087250,347.60,1.50,WIFI
00:25:CA:7F:0A:4D,SDP5-S23W255X92_7001e5fd,[WPA2_PSK],2025-3-24 16:48:52,1,-88,34.0781021,-117.2087250,347.60,1.50,WIFI
40:E3:D6:90:EB:41,RedlandsGST,[WPA2_PSK],2025-3-24 16:48:52,1,-90,34.0781021,-117.2087250,347.60,1.50,WIFI
40:E3:D6:90:EB:40,RedlandsOFC,[WPA2_PSK],2025-3-24 16:48:52,1,-93,34.0781021,-117.2087250,347.60,1.50,WIFI
00:30:44:6E:E1:17,IBR600C-116,[WPA2_PSK],2025-3-24 16:49:0,6,-77,34.0793915,-117.2087097,347.80,1.50,WIFI
40:E3:D6:90:F5:80,RedlandsOFC,[WPA2_PSK],2025-3-24 16:49:0,6,-88,34.0793915,-117.2087097,347.80,1.50,WIFI
40:E3:D6:90:F5:81,RedlandsGST,[WPA2_PSK],2025-3-24 16:49:0,6,-88,34.0793915,-117.2087097,347.80,1.50,WIFI
40:E3:D6:90:EB:02,RedlandsWH,[WPA2_PSK],2025-3-24 16:49:0,6,-89,34.0793915,-117.2087097,347.80,1.50,WIFI
40:E3:D6:90:EB:01,RedlandsGST,[WPA2_PSK],2025-3-24 16:49:0,6,-90,34.0793915,-117.2087097,347.80,1.50,WIFI
40:E3:D6:90:F5:82,RedlandsWH,[WPA2_PSK],2025-3-24 16:49:0,6,-90,34.0793915,-117.2087097,347.80,1.50,WIFI
40:E3:D6:90:F2:02,RedlandsWH,[WPA2_PSK],2025-3-24 16:49:0,6,-90,34.0793915,-117.2087097,347.80,1.50,WIFI
40:E3:D6:90:F2:00,RedlandsOFC,[WPA2_PSK],2025-3-24 16:49:0,6,-91,34.0793915,-117.2087097,347.80,1.50,WIFI
B2:15:A2:C0:2A:44,,[WPA2_PSK],2025-3-24 16:49:0,6,-91,34.0793915,-117.2087097,347.80,1.50,WIFI
40:E3:D6:90:F2:01,RedlandsGST,[WPA2_PSK],2025-3-24 16:49:0,6,-92,34.0793915,-117.2087097,347.80,1.50,WIFI
40:E3:D6:90:EB:00,RedlandsOFC,[WPA2_PSK],2025-3-24 16:49:0,6,-94,34.0793915,-117.2087097,347.80,1.50,WIFI
32:8D:DB:71:48:82,,[WPA2_PSK],2025-3-24 16:49:6,11,-82,34.0802269,-117.2087021,348.20,1.50,WIFI
0C:8D:DB:71:48:82,WLAN-G6,[WPA2],2025-3-24 16:49:6,11,-83,34.0802269,-117.2087021,348.20,1.50,WIFI
08:45:D1:83:1C:E1,BYOD,[WPA2],2025-3-24 16:49:6,11,-86,34.0802269,-117.2087021,348.20,1.50,WIFI
08:45:D1:83:1C:E0,CorpWLAN,[WPA2],2025-3-24 16:49:6,11,-87,34.0802269,-117.2087021,348.20,1.50,WIFI
08:45:D1:83:1C:E2,Warehouse,[WPA2_PSK],2025-3-24 16:49:6,11,-87,34.0802269,-117.2087021,348.20,1.50,WIFI
08:45:D1:83:1C:E3,Guestnet,[OPEN],2025-3-24 16:49:6,11,-87,34.0802269,-117.2087021,348.20,1.50,WIFI
08:45:D1:83:40:A2,Warehouse,[WPA2_PSK],2025-3-24 16:49:9,1,-83,34.0805359,-117.2087021,348.20,1.50,WIFI
08:45:D1:83:40:A3,Guestnet,[OPEN],2025-3-24 16:49:9,1,-84,34.0805359,-117.2087021,348.20,1.50,WIFI
4C:8B:30:6C:59:BF,CD63D,[WPA2_PSK],2025-3-24 16:49:15,6,-88,34.0807762,-117.2087021,348.30,1.50,WIFI
B6:53:F9:53:01:3C,,[WPA2_PSK],2025-3-24 16:49:15,6,-88,34.0807762,-117.2087021,348.30,1.50,WIFI
06:8D:DB:71:48:82,WLAN-G7,[WPA2],2025-3-24 16:49:20,11,-84,34.0808182,-117.2087021,348.30,1.50,WIFI
80:EA:07:39:64:30,GoPlus_2.4G,[WPA_WPA2_PSK],2025-3-24 16:49:20,11,-90,34.0808182,-117.2087021,348.30,1.50,WIFI
D8:10:68:AB:5F:DE,MB Hotspot 34710,[WPA2_PSK],2025-3-24 16:49:22,1,-92,34.0809174,-117.2087021,348.30,1.50,WIFI
02:54:AF:F5:26:04,Hotspot2604,[WPA_WPA2_PSK],2025-3-24 16:49:28,6,-87,34.0814705,-117.2086945,348.30,1.50,WIFI
E2:87:78:25:ED:D1,Mid Valley Mini,[WPA2_PSK],2025-3-24 16:49:33,11,-93,34.0821495,-117.2086945,348.00,1.50,WIFI
60:3A:7C:C4:14:53,GoPlus_2.4G,[WPA_WPA2_PSK],2025-3-24 16:49:35,1,-87,34.0824623,-117.2086945,347.90,1.50,WIFI
BE:75:36:A2:8B:35,myChevrolet,[WPA2_PSK],2025-3-24 16:49:42,6,-82,34.0836868,-117.2086868,347.40,1.50,WIFI
F8:8C:21:DF:1E:EF,PIONEER-OFFICE 2.4G,[WPA_WPA2_PSK],2025-3-24 16:49:47,11,-90,34.0845833,-117.2086792,347.10,1.50,WIFI
9C:05:D6:F4:47:BC,lss-wireoff,[WPA2_WPA3_PSK],2025-3-24 16:49:47,11,-91,34.0845833,-117.2086792,347.10,1.50,WIFI
FA:8C:21:9F:1E:EF,pioneerguest,[WPA_WPA2_PSK],2025-3-24 16:49:47,11,-92,34.0845833,-117.2086792,347.10,1.50,WIFI
22:AD:56:AE:E2:E7,HotspotE2E7,[WPA_WPA2_PSK],2025-3-24 16:49:49,1,-81,34.0849609,-117.2086868,346.90,1.50,WIFI
3E:EF:95:B1:D3:CB,Galaxy S24 66BC,[WPA2_PSK],2025-3-24 16:49:49,1,-93,34.0849609,-117.2086868,346.90,1.50,WIFI
7E:45:58:83:8A:A2,PML-RFGuns,[WPA2_PSK],2025-3-24 16:49:49,1,-93,34.0849609,-117.2086868,346.90,1.50,WIFI
FA:DA:0C:5A:91:7F,DIRECT-7F-HP M608 LaserJet,[WPA2_PSK],2025-3-24 16:49:53,3,-94,34.0857506,-117.2086868,346.50,1.50,WIFI
60:3A:7C:C4:14:DD,GoPlus_2.4G,[WPA_WPA2_PSK],2025-3-24 16:49:56,6,-78,34.0863342,-117.2086868,346.30,1.50,WIFI
60:3A:7C:C4:14:87,GoPlus_2.4G,[WPA_WPA2_PSK],2025-3-24 16:49:56,6,-78,34.0863342,-117.2086868,346.30,1.50,WIFI
48:91:D5:5C:8B:62,MCS-Wireless,[WPA2_PSK],2025-3-24 16:49:56,6,-89,34.0863342,-117.2086868,346.30,1.50,WIFI
5C:64:F1:78:87:22,iHammer,[WPA2_PSK],2025-3-24 16:49:56,6,-90,34.0863342,-117.2086868,346.30,1.50,WIFI
60:3A:7C:C4:14:99,GoPlus_2.4G,[WPA_WPA2_PSK],2025-3-24 16:50:1,11,-81,34.0873146,-117.2086868,345.70,1.50,WIFI
60:3A:7C:C4:14:03,GoPlus_2.4G,[WPA_WPA2_PSK],2025-3-24 16:50:1,11,-88,34.0873146,-117.2086868,345.70,1.50,WIFI
02:24:A5:7D:7A:00,myChevrolet 4909,[WPA2_PSK],2025-3-24 16:50:3,1,-87,34.0877075,-117.2086868,345.60,1.50,WIFI
36:62:3A:0B:98:10,Bennett Ct Apple Guest Network,[WPA_WPA2_PSK],2025-3-24 16:50:10,6,-94,34.0890045,-117.2086945,342.90,1.50,WIFI
34:12:98:0B:3A:62,Dennis's Wi-Fi Network,[WPA2_PSK],2025-3-24 16:50:10,6,-95,34.0890045,-117.2086945,342.90,1.50,WIFI
0C:73:29:EE:DC:1B,Chimo,[WPA2_PSK],2025-3-24 16:50:15,11,-92,34.0899849,-117.2087021,338.80,1.50,WIFI
00:30:44:31:5A:BF,IBR600-abf,[WPA_WPA2_PSK],2025-3-24 16:50:17,1,-92,34.0904045,-117.2087021,337.30,1.50,WIFI
