WigleWifi-1.4,appRelease=v1.2.0,model=ESP32 Marauder,release=v1.2.0,device=ESP32 Marauder,display=SPI TFT,board=ESP32 Marauder,brand=JustCallMeKoko
MAC,SSID,AuthMode,FirstSeen,Channel,RSSI,CurrentLatitude,CurrentLongitude,AltitudeMeters,AccuracyMeters,Type
04:17:B6:50:5E:04,,[WPA2_PSK],2026-9-16 20:26:26,1,-93,34.0790749,-117.1950073,358.10,2.50,WIFI
50:2F:54:2E:49:1C,,[WPA_WPA2_PSK],2026-9-16 20:26:28,3,-78,34.0790710,-117.1950073,358.50,2.00,WIFI
AC:91:9B:DF:13:3A,Verizon_RS9MDJ,[WPA2_PSK],2026-9-16 20:26:31,6,-94,34.0790672,-117.1950150,359.00,2.00,WIFI
04:D6:88:45:0B:88,,[WPA_WPA2_PSK],2026-9-16 20:26:39,1,-92,34.0789909,-117.1951370,359.40,1.75,WIFI
4C:AB:F8:53:CF:15,SpectrumSetup-17,[WPA2_PSK],2026-9-16 20:26:39,1,-96,34.0789909,-117.1951370,359.40,1.75,WIFI
9C:0B:05:7C:EA:A7,K&GH,[WPA2_PSK],2026-9-16 20:26:45,6,-87,34.0786514,-117.1950378,360.60,1.75,WIFI
9C:0B:05:7C:EA:A4,,[WPA3_PSK],2026-9-16 20:26:45,6,-88,34.0786514,-117.1950378,360.60,1.75,WIFI
9C:0B:05:7C:EA:AA,,[OPEN],2026-9-16 20:26:45,6,-88,34.0786514,-117.1950378,360.60,1.75,WIFI
2C:00:AB:9B:14:18,Frontier9296,[WPA2_PSK],2026-9-16 20:26:53,1,-92,34.0784073,-117.1943817,361.70,1.50,WIFI
2C:67:BE:7B:C8:D3,The Ranch 2,[WPA2_PSK],2026-9-16 20:26:53,1,-93,34.0784073,-117.1943817,361.70,1.50,WIFI
0E:67:BE:7B:C8:D4,,[WPA2_PSK],2026-9-16 20:26:53,1,-94,34.0784073,-117.1943817,361.70,1.50,WIFI
54:04:63:C8:52:F1,,[WPA_WPA2_PSK],2026-9-16 20:26:53,1,-94,34.0784073,-117.1943817,361.70,1.50,WIFI
F4:25:3C:5B:E9:C6,Singleton,[WPA2_PSK],2026-9-16 20:27:7,1,-84,34.0779419,-117.1938248,362.80,1.50,WIFI
00:90:4C:C5:12:38,Ring-c51238,[OPEN],2026-9-16 20:27:7,1,-95,34.0779419,-117.1938248,362.80,1.50,WIFI
48:5D:60:2C:75:4A,HPCP1525-2c754a,[OPEN],2026-9-16 20:27:13,6,-93,34.0778313,-117.1935196,363.20,1.50,WIFI
28:EC:22:30:89:C3,,[WPA3_PSK],2026-9-16 20:27:27,6,-92,34.0776215,-117.1931915,365.10,1.50,WIFI
AC:39:3D:DA:11:05,,[WPA3_PSK],2026-9-16 20:27:41,6,-88,34.0773811,-117.1936646,363.20,1.50,WIFI
AC:39:3D:DA:11:08,shakely,[WPA2_PSK],2026-9-16 20:27:41,6,-88,34.0773811,-117.1936646,363.20,1.50,WIFI
AC:39:3D:DA:11:0B,,[OPEN],2026-9-16 20:27:41,6,-90,34.0773811,-117.1936646,363.20,1.50,WIFI
F2:0D:35:2D:7C:44,CHEVROLET9428,[WPA2_WPA3_PSK],2026-9-16 20:27:41,6,-95,34.0773811,-117.1936646,363.20,1.50,WIFI
AC:39:3D:DD:0C:C5,,[WPA3_PSK],2026-9-16 20:27:41,6,-95,34.0773811,-117.1936646,363.20,1.50,WIFI
70:68:71:6D:19:A7,TYPE_S_DVR27_4K_6D19A7,[WPA2_PSK],2026-9-16 20:32:3,2,-91,34.0746841,-117.2014847,351.40,1.50,WIFI
76:48:0E:07:BE:ED,CHEVROLET5394,[WPA2_WPA3_PSK],2026-9-16 20:32:21,6,-91,34.0727043,-117.2014847,353.10,1.50,WIFI
E0:22:A1:D5:CE:84,YADA_DVR24_1080P_D5CE84,[WPA2_PSK],2026-9-16 20:37:35,11,-97,34.0726013,-117.2027588,349.50,1.75,WIFI
1C:D3:AF:BE:62:7E,myChevrolet 4765,[WPA2_PSK],2026-9-16 20:40:26,1,-98,34.0719109,-117.2038498,348.50,1.50,WIFI
0C:82:47:3D:67:60,,[WPA_WPA2_PSK],2026-9-16 20:40:40,1,-95,34.0711365,-117.2041702,347.80,1.50,WIFI
D4:DC:09:C8:6F:FD,,[WPA2_PSK],2026-9-16 20:40:46,6,-84,34.0709877,-117.2042389,347.60,1.50,WIFI
D4:DC:09:C8:6F:FA,CFA Private Wi-Fi,[WPA2],2026-9-16 20:40:46,6,-90,34.0709877,-117.2042389,347.60,1.50,WIFI
22:AD:56:3F:A1:2E,HotspotA12E,[WPA_WPA2_PSK],2026-9-16 20:40:51,11,-96,34.0708733,-117.2042542,346.90,1.50,WIFI
D4:DC:09:C8:55:81,,[WPA2_PSK],2026-9-16 20:41:5,11,-97,34.0704002,-117.2042694,344.50,1.50,WIFI
38:88:71:05:4A:3A,Verizon_M3M9YR,[WPA2_PSK],2026-9-16 20:41:51,1,-86,34.0703163,-117.2082596,340.30,1.50,WIFI
E0:10:7F:27:9B:F8,MOTEL7WEST,[OPEN],2026-9-16 20:41:54,3,-88,34.0703125,-117.2082596,340.20,1.50,WIFI
EC:D9:09:31:09:A1,TOYOTA Corolla-2.4g_3109a1,[WPA2_PSK],2026-9-16 20:42:37,4,-86,34.0703125,-117.2082672,340.80,1.50,WIFI
B0:FC:88:27:6D:AC,MySpectrumWiFiB3-5G,[WPA2_PSK],2026-9-16 20:42:53,6,-94,34.0702782,-117.2087784,341.20,1.50,WIFI
12:E8:A7:84:B4:76,myChevrolet,[WPA2_PSK],2026-9-16 20:43:8,7,-96,34.0695267,-117.2091370,341.10,1.50,WIFI
88:DC:96:8F:10:85,100,[WPA2_PSK],2026-9-16 20:43:19,4,-87,34.0692673,-117.2093811,340.00,1.50,WIFI
28:C6:8E:CF:95:05,ngHub_319436NY076C6,[WPA2_PSK],2026-9-16 20:43:26,11,-93,34.0691109,-117.2092285,338.90,1.50,WIFI
2C:B8:ED:D0:EA:D2,ATB,[WPA2_PSK],2026-9-16 20:43:35,6,-86,34.0690956,-117.2091370,338.70,1.50,WIFI
2C:B8:ED:D0:EA:D3,SSM,[WPA2_PSK],2026-9-16 20:43:35,6,-87,34.0690956,-117.2091370,338.70,1.50,WIFI
2C:B8:ED:D0:EA:D1,,[WPA2_PSK],2026-9-16 20:43:35,6,-87,34.0690956,-117.2091370,338.70,1.50,WIFI
88:DC:96:8E:45:32,100,[WPA2_PSK],2026-9-16 20:43:36,7,-93,34.0690956,-117.2091370,338.70,1.50,WIFI
60:E8:5B:EE:F5:5B,Vive Hub-017e2fdc,[WPA2_PSK],2026-9-16 20:44:7,10,-94,34.0691681,-117.2090607,340.00,1.50,WIFI
E6:CB:BC:91:72:D2,smll,[WPA2],2026-9-16 20:44:9,1,-84,34.0691681,-117.2090607,340.00,1.50,WIFI
EA:CB:BC:91:72:D2,notes,[WPA2_PSK],2026-9-16 20:44:9,1,-84,34.0691681,-117.2090607,340.00,1.50,WIFI
EE:CB:BC:91:72:D2,sip,[WPA2],2026-9-16 20:44:9,1,-84,34.0691681,-117.2090607,340.00,1.50,WIFI
E0:CB:BC:91:72:D2,Starbucks WiFi,[OPEN],2026-9-16 20:44:9,1,-85,34.0691681,-117.2090607,340.00,1.50,WIFI
E0:CB:BC:91:68:AB,Starbucks WiFi,[OPEN],2026-9-16 20:45:46,11,-76,34.0692902,-117.2090073,342.50,1.75,WIFI
E6:CB:BC:91:68:AB,smll,[WPA2],2026-9-16 20:45:46,11,-76,34.0692902,-117.2090073,342.50,1.75,WIFI
EA:CB:BC:91:68:AB,notes,[WPA2_PSK],2026-9-16 20:45:46,11,-76,34.0692902,-117.2090073,342.50,1.75,WIFI
EE:CB:BC:91:68:AB,sip,[WPA2],2026-9-16 20:45:46,11,-76,34.0692902,-117.2090073,342.50,1.75,WIFI
66:49:92:C0:48:70,,[WPA2_PSK],2026-9-16 20:46:14,11,-89,34.0694962,-117.2091751,343.30,1.75,WIFI
56:49:92:C0:48:70,,[WPA2_PSK],2026-9-16 20:46:14,11,-90,34.0694962,-117.2091751,343.30,1.75,WIFI
7A:49:92:C0:48:70,snexternal,[WPA2_PSK],2026-9-16 20:46:14,11,-91,34.0694962,-117.2091751,343.30,1.75,WIFI
72:49:92:C0:48:70,SN Guest,[OPEN],2026-9-16 20:46:14,11,-92,34.0694962,-117.2091751,343.30,1.75,WIFI
62:E6:F0:8D:54:7F,notyours,[WPA2_PSK],2026-9-16 20:46:31,1,-88,34.0690269,-117.2088623,342.20,1.75,WIFI
A8:43:A4:BB:7B:7B,CARDV_N6_7b7b,[WPA2_PSK],2026-9-16 20:46:34,3,-76,34.0688896,-117.2088623,342.10,1.75,WIFI
32:8D:DB:7A:6C:F7,,[WPA2_PSK],2026-9-16 20:46:42,11,-86,34.0685081,-117.2088470,344.10,1.75,WIFI
C4:B7:57:2C:8C:47,TOYOTA Camry-2.4g_2c8c47,[WPA2_PSK],2026-9-16 20:47:13,1,-93,34.0678291,-117.2088318,347.40,1.75,WIFI
34:98:B5:6A:44:82,TCC_WiFi_RPD,[WPA2_PSK],2026-9-16 20:49:2,10,-92,34.0618324,-117.2088623,341.50,1.75,WIFI
A6:05:D6:41:18:56,,[WPA2_PSK],2026-9-16 20:49:3,11,-89,34.0617294,-117.2088623,341.50,1.75,WIFI
9C:05:D6:41:18:56,ChiroTouch,[WPA2_PSK],2026-9-16 20:49:3,11,-92,34.0617294,-117.2088623,341.50,1.75,WIFI
40:D5:21:F7:CD:6C,myChevrolet 0984,[WPA2_PSK],2026-9-16 20:49:31,11,-95,34.0589828,-117.2088318,341.00,1.75,WIFI
2C:67:BE:0F:35:FB,SpectrumSetup-35F7,[WPA2_PSK],2026-9-16 20:50:27,11,-97,34.0534325,-117.2087631,339.40,1.75,WIFI
18:A5:FF:A3:FF:CA,TMOBILE-FFC8,[WPA2_WPA3_PSK],2026-9-16 20:50:35,5,-90,34.0519485,-117.2087326,340.00,1.75,WIFI
A0:8A:06:D7:61:6C,JotiGameBandKar,[WPA2_PSK],2026-9-16 20:50:36,6,-88,34.0517578,-117.2087326,340.30,1.75,WIFI
28:EC:22:4C:F5:23,,[WPA3_PSK],2026-9-16 20:50:36,6,-94,34.0517578,-117.2087326,340.30,1.75,WIFI
A0:55:1F:46:8D:30,SpectrumSetup-8D2A,[WPA2_PSK],2026-9-16 20:50:36,6,-94,34.0517578,-117.2087326,340.30,1.75,WIFI
2C:00:AB:98:F8:D8,Frontier1248,[WPA2_PSK],2026-9-16 20:50:41,11,-92,34.0508041,-117.2087173,342.20,1.75,WIFI
EE:9F:80:B1:3E:14,,[WPA2_PSK],2026-9-16 20:50:41,11,-95,34.0508041,-117.2087173,342.20,1.75,WIFI
A0:40:A0:61:C4:49,Frontier1248_EXT,[WPA2_PSK],2026-9-16 20:50:41,11,-95,34.0508041,-117.2087173,342.20,1.75,WIFI
A0:8A:06:7B:F6:5C,SpectrumSetup-AF21,[WPA2_PSK],2026-9-16 20:50:44,1,-93,34.0502625,-117.2087097,344.00,1.75,WIFI
4C:AB:F8:E2:F5:DF,M and J Smoke Shop,[WPA2_PSK],2026-9-16 20:50:50,6,-95,34.0492783,-117.2086868,347.60,1.75,WIFI
60:D0:2C:76:7E:83,Recover.Me-367E80,[WPA2_PSK],2026-9-16 20:50:53,9,-92,34.0489235,-117.2086716,349.40,1.75,WIFI
18:58:80:BF:08:2D,TMOBILE-082B,[WPA2_WPA3_PSK],2026-9-16 20:51:6,8,-87,34.0477371,-117.2086563,351.40,1.75,WIFI
3C:6A:D2:98:44:14,TMOBILE-082B_EXT,[WPA2_WPA3_PSK],2026-9-16 20:51:6,8,-94,34.0477371,-117.2086563,351.40,1.75,WIFI
B0:FC:88:79:15:EE,SPECTRE,[WPA2_PSK],2026-9-16 20:51:10,1,-94,34.0474625,-117.2087250,351.10,1.75,WIFI
2C:67:BE:02:57:E6,Spectrum1261,[WPA2_PSK],2026-9-16 20:51:23,11,-84,34.0468369,-117.2075424,353.10,1.75,WIFI
2C:67:BE:91:AA:B3,Spectrum-1821,[WPA2_PSK],2026-9-16 20:51:23,11,-86,34.0468369,-117.2075424,353.10,1.75,WIFI
F4:52:46:5E:4D:DE,Cats4ever,[WPA2_PSK],2026-9-16 20:51:23,11,-95,34.0468369,-117.2075424,353.10,1.75,WIFI
4C:19:5D:B3:F2:08,SpectrumSetup-02,[WPA2_PSK],2026-9-16 20:51:25,1,-84,34.0467606,-117.2072983,353.70,1.75,WIFI
18:A5:BA:AC:C6:0E,Tmobile2,[WPA2_WPA3_PSK],2026-9-16 20:51:25,1,-93,34.0467606,-117.2072983,353.70,1.75,WIFI
48:22:54:2F:55:D3,SkadooshNet,[WPA2_PSK],2026-9-16 20:51:28,2,-97,34.0467186,-117.2070465,354.40,1.75,WIFI
D8:A7:56:64:7B:4E,MySpectrumWiFi48-2G,[WPA2_PSK],2026-9-16 20:51:53,1,-88,34.0468712,-117.2065735,355.50,1.75,WIFI
DC:08:DA:C1:65:F4,SpectrumSetup-E3,[WPA2_PSK],2026-9-16 20:52:0,6,-95,34.0470467,-117.2065887,354.30,1.75,WIFI
F4:52:46:92:46:A1,stardewstudio,[WPA2_PSK],2026-9-16 20:52:28,6,-92,34.0471649,-117.2069244,354.30,1.75,WIFI
6C:5A:B0:27:BA:1B,Turton,[WPA2_PSK],2026-9-16 20:52:31,9,-95,34.0471230,-117.2068863,354.30,1.75,WIFI
8E:5A:B0:27:BA:1B,,[WPA2_PSK],2026-9-16 20:52:45,9,-92,34.0471153,-117.2068787,354.10,1.75,WIFI
4C:19:5D:45:47:94,Kim’s Wifi,[WPA2_PSK],2026-9-16 20:52:49,1,-89,34.0471191,-117.2068787,354.20,1.75,WIFI
90:D3:CF:B9:39:35,SpectrumSetup-3938,[WPA2_PSK],2026-9-16 20:53:57,11,-95,34.0471230,-117.2068787,354.00,1.75,WIFI
80:78:71:05:7C:7D,MySpectrumWiFi7F-2G,[WPA2_PSK],2026-9-16 20:55:35,11,-96,34.0468636,-117.2066650,355.60,1.75,WIFI
74:37:5F:CD:6E:D3,SpectrumSetup-49,[WPA2_PSK],2026-9-16 20:56:6,1,-94,34.0465088,-117.2059860,357.00,1.75,WIFI
2C:EA:DC:21:EC:29,SpectrumSetup-2B,[WPA2_PSK],2026-9-16 20:56:6,1,-94,34.0465088,-117.2059860,357.00,1.75,WIFI
2C:67:BE:6A:90:63,HomeNet,[WPA2_PSK],2026-9-16 20:56:12,6,-87,34.0464897,-117.2049408,358.00,1.75,WIFI
2C:67:BE:71:D6:52,SpectrumSetup-F7E1,[WPA2_PSK],2026-9-16 20:56:12,6,-93,34.0464897,-117.2049408,358.00,1.75,WIFI
FC:12:63:B7:33:03,Lakers Nation,[WPA2_PSK],2026-9-16 20:56:20,1,-89,34.0465126,-117.2033615,359.10,1.75,WIFI
A0:8A:06:51:1A:8D,Spec3,[WPA2_PSK],2026-9-16 20:56:20,1,-91,34.0465126,-117.2033615,359.10,1.75,WIFI
9C:05:D6:62:FA:5A,ManagementVds,[WPA2_WPA3_PSK],2026-9-16 20:56:31,11,-91,34.0468712,-117.2012100,359.70,1.75,WIFI
88:33:74:C3:D3:AB,SpectrumSetup-D3AE,[WPA2_PSK],2026-9-16 20:56:31,11,-94,34.0468712,-117.2012100,359.70,1.75,WIFI
90:0E:84:D7:AE:83,,[WPA3_PSK],2026-9-16 20:56:34,1,-85,34.0470695,-117.2006683,358.90,1.75,WIFI
90:0E:84:D7:AE:86,EZM2013,[WPA2_PSK],2026-9-16 20:56:34,1,-87,34.0470695,-117.2006683,358.90,1.75,WIFI
2C:67:BE:58:30:D5,DeadMoon,[WPA2_PSK],2026-9-16 20:56:34,1,-87,34.0470695,-117.2006683,358.90,1.75,WIFI
74:37:5F:DA:99:47,SpectrumSetup-45,[WPA2_PSK],2026-9-16 20:56:34,1,-91,34.0470695,-117.2006683,358.90,1.75,WIFI
98:1E:19:29:93:7E,MySpectrumWiFi78-2G,[WPA2_PSK],2026-9-16 20:56:34,1,-96,34.0470695,-117.2006683,358.90,1.75,WIFI
08:33:ED:FC:E2:E7,SpectrumSetup-E9,[WPA2_PSK],2026-9-16 20:56:45,11,-80,34.0479507,-117.1989746,358.90,1.75,WIFI
92:2B:AA:59:40:D6,Casa de Pineda-Fi,[WPA2_PSK],2026-9-16 20:56:54,6,-87,34.0486870,-117.1976547,360.20,1.75,WIFI
82:2B:AA:59:40:D6,,[WPA2_PSK],2026-9-16 20:56:54,6,-89,34.0486870,-117.1976547,360.20,1.75,WIFI
04:17:B6:C3:1A:F6,,[WPA2_PSK],2026-9-16 20:56:59,11,-84,34.0490990,-117.1969147,361.60,1.75,WIFI
F8:5B:3B:75:DD:17,SpectrumSetup-19,[WPA2_PSK],2026-9-16 20:57:2,1,-86,34.0493393,-117.1964645,362.50,1.75,WIFI
80:78:71:49:B3:CD,SpectrumSetup-CF,[WPA2_PSK],2026-9-16 20:57:2,1,-92,34.0493393,-117.1964645,362.50,1.75,WIFI
2C:67:BE:90:59:5B,SpectrumSetup-5957,[WPA2_PSK],2026-9-16 20:57:2,1,-94,34.0493393,-117.1964645,362.50,1.75,WIFI
1A:33:74:98:8A:FD,,[WPA2_PSK],2026-9-16 20:57:8,6,-89,34.0498238,-117.1955948,363.20,1.75,WIFI
2A:33:74:98:8A:FD,,[WPA2_PSK],2026-9-16 20:57:8,6,-90,34.0498238,-117.1955948,363.20,1.75,WIFI
FA:33:74:98:8A:FD,Nuestro dulce rincon,[WPA2_PSK],2026-9-16 20:57:8,6,-90,34.0498238,-117.1955948,363.20,1.75,WIFI
F0:7B:65:EF:A4:DA,SpectrumSetup-A4D4,[WPA2_PSK],2026-9-16 20:57:8,6,-93,34.0498238,-117.1955948,363.20,1.75,WIFI
64:FA:2B:71:96:BD,WayneManor,[WPA2_PSK],2026-9-16 20:57:8,6,-95,34.0498238,-117.1955948,363.20,1.75,WIFI
80:CC:9C:3E:C9:B6,Oktoberfest,[WPA2_PSK],2026-9-16 20:57:9,7,-81,34.0499077,-117.1954422,363.20,1.75,WIFI
72:CC:9C:3E:C9:B7,Oktoberfest-Guest,[WPA2_PSK],2026-9-16 20:57:9,7,-85,34.0499077,-117.1954422,363.20,1.75,WIFI
88:DE:7C:B5:47:2C,Gogorouterrangers,[WPA2_PSK],2026-9-16 20:57:16,1,-89,34.0504951,-117.1943665,363.20,1.75,WIFI
4C:AB:F8:45:E8:F1,PalmTree.Wifi,[WPA2_PSK],2026-9-16 20:57:16,1,-94,34.0504951,-117.1943665,363.20,1.75,WIFI
D2:9E:43:A2:68:FE,,[WPA2_PSK],2026-9-16 20:57:20,4,-86,34.0508270,-117.1937714,363.20,1.75,WIFI
CE:9E:43:A2:68:FE,chartique,[WPA2_PSK],2026-9-16 20:57:20,4,-92,34.0508270,-117.1937714,363.20,1.75,WIFI
4C:19:5D:49:A8:14,Jakes Wifi,[WPA2_PSK],2026-9-16 20:57:22,6,-84,34.0509911,-117.1934738,363.50,1.75,WIFI
54:65:DE:76:22:00,Tannya,[WPA_WPA2_PSK],2026-9-16 20:57:22,6,-85,34.0509911,-117.1934738,363.50,1.75,WIFI
B0:FC:88:51:51:2C,MelloLynn,[WPA2_PSK],2026-9-16 20:57:22,6,-89,34.0509911,-117.1934738,363.50,1.75,WIFI
A0:7F:8A:58:23:B5,SpectrumSetup-23AF,[WPA2_PSK],2026-9-16 20:57:22,6,-93,34.0509911,-117.1934738,363.50,1.75,WIFI
74:37:5F:70:63:2B,SpectrumSetup-29,[WPA2_PSK],2026-9-16 20:57:30,1,-85,34.0516777,-117.1922302,366.20,1.75,WIFI
18:0C:7A:9F:7A:D6,Frontier1105,[WPA2_PSK],2026-9-16 20:57:30,1,-93,34.0516777,-117.1922302,366.20,1.75,WIFI
94:F7:17:E8:F9:A8,,[WPA_WPA2_PSK],2026-9-16 20:57:30,1,-94,34.0516777,-117.1922302,366.20,1.75,WIFI
34:98:B5:C1:D5:8C,NETGEAR37,[WPA2_PSK],2026-9-16 20:57:34,4,-90,34.0519829,-117.1916733,367.70,1.75,WIFI
98:1E:19:6C:2B:1E,MySpectrumWiFi18-2G,[WPA2_PSK],2026-9-16 20:57:36,6,-90,34.0521126,-117.1914368,368.30,1.75,WIFI
FA:6D:CC:AC:EE:31,myChevrolet EE31,[WPA2_PSK],2026-9-16 20:58:5,7,-89,34.0523643,-117.1909866,369.20,1.75,WIFI
40:47:5E:53:DA:EF,qhmwifi Guest,[WPA2_PSK],2026-9-16 20:58:9,11,-84,34.0525513,-117.1906586,369.90,1.75,WIFI
40:47:5E:53:DA:E3,,[WPA3_PSK],2026-9-16 20:58:9,11,-85,34.0525513,-117.1906586,369.90,1.75,WIFI
40:47:5E:53:DA:E6,qhmwifi,[WPA2_PSK],2026-9-16 20:58:9,11,-86,34.0525513,-117.1906586,369.90,1.75,WIFI
B0:19:21:23:ED:4E,FiOS-R5L06_EXT,[WPA2_PSK],2026-9-16 20:58:9,11,-94,34.0525513,-117.1906586,369.90,1.75,WIFI
5C:51:DF:45:4C:4F,Bridger Guest,[WPA2_PSK],2026-9-16 20:58:18,6,-83,34.0532227,-117.1894379,373.20,1.75,WIFI
5C:51:DF:45:4C:43,,[WPA3_PSK],2026-9-16 20:58:18,6,-83,34.0532227,-117.1894379,373.20,1.75,WIFI
5C:51:DF:45:4C:49,,[OPEN],2026-9-16 20:58:18,6,-84,34.0532227,-117.1894379,373.20,1.75,WIFI
5C:51:DF:45:4C:46,AFS Inc,[WPA2_PSK],2026-9-16 20:58:18,6,-87,34.0532227,-117.1894379,373.20,1.75,WIFI
A8:9C:6C:C8:AE:94,,[WPA2_PSK],2026-9-16 20:58:23,11,-95,34.0536156,-117.1887207,374.80,1.75,WIFI
B2:9C:6C:C8:AE:94,MILLING,[WPA2_WPA3_PSK],2026-9-16 20:58:23,11,-95,34.0536156,-117.1887207,374.80,1.75,WIFI
F4:52:46:ED:90:03,SpectrumSetup-05,[WPA2_PSK],2026-9-16 20:58:39,1,-93,34.0548630,-117.1864548,377.50,1.75,WIFI
76:03:CE:8C:5A:43,CHEVROLET6304,[WPA2_WPA3_PSK],2026-9-16 20:58:46,6,-90,34.0551414,-117.1858826,374.80,1.75,WIFI
4C:AB:F8:05:1A:3A,IMX Pilates,[WPA2_PSK],2026-9-16 21:1:0,1,-94,34.0553093,-117.1856842,375.10,1.75,WIFI
00:01:21:33:52:BA,MissionGuest,[WPA2_PSK],2026-9-16 21:1:14,1,-96,34.0555573,-117.1842194,377.30,1.75,WIFI
C8:E3:06:6A:A5:07,,[OPEN],2026-9-16 21:1:21,6,-85,34.0555496,-117.1832275,379.60,1.75,WIFI
C8:E3:06:6A:A5:05,RedlandsCO1,[WPA2_PSK],2026-9-16 21:1:21,6,-86,34.0555496,-117.1832275,379.60,1.75,WIFI
C8:E3:06:6A:A5:03,,[WPA3_PSK],2026-9-16 21:1:21,6,-87,34.0555496,-117.1832275,379.60,1.75,WIFI
60:B7:6E:D7:60:9E,Kissui,[WPA2_PSK],2026-9-16 21:1:30,1,-95,34.0556717,-117.1825638,381.00,1.75,WIFI
60:B7:6E:D7:60:A9,Kissui,[WPA2_PSK],2026-9-16 21:1:30,1,-95,34.0556717,-117.1825638,381.00,1.75,WIFI
9C:57:BC:7C:FF:A6,TheIndustry,[WPA2_PSK],2026-9-16 21:1:49,6,-87,34.0568542,-117.1825256,377.90,1.75,WIFI
9C:57:BC:7C:FF:A9,,[OPEN],2026-9-16 21:1:49,6,-88,34.0568542,-117.1825256,377.90,1.75,WIFI
88:DE:7C:54:55:B5,honeyhabits,[WPA2_PSK],2026-9-16 21:1:49,6,-89,34.0568542,-117.1825256,377.90,1.75,WIFI
60:19:71:F7:DC:70,DG1670A72,[WPA2_PSK],2026-9-16 21:1:54,11,-94,34.0569611,-117.1825256,377.70,1.75,WIFI
98:1E:19:5E:6C:56,MySpectrumWiFi50-2G,[WPA2_PSK],2026-9-16 21:1:54,11,-95,34.0569611,-117.1825256,377.70,1.75,WIFI
54:47:CC:F6:30:26,Frontier0500,[WPA2_PSK],2026-9-16 21:1:54,11,-95,34.0569611,-117.1825256,377.70,1.75,WIFI
A0:89:66:EA:79:0C,,[WPA_WPA2_PSK],2026-9-16 21:1:57,1,-84,34.0569611,-117.1825256,377.70,1.75,WIFI
AC:8B:A9:5F:B4:22,FCH-Admin,[WPA2_PSK],2026-9-16 21:2:3,6,-90,34.0570984,-117.1825180,377.80,1.75,WIFI
B2:8B:A9:5F:B4:22,FCH-Staff,[WPA2_PSK],2026-9-16 21:2:3,6,-93,34.0570984,-117.1825180,377.80,1.75,WIFI
E8:9F:80:73:27:44,J & M Income Tax,[WPA2_PSK],2026-9-16 21:2:4,7,-92,34.0571632,-117.1825180,377.80,1.75,WIFI
2E:DC:AD:C3:E0:8D,DIRECT-aj-zowphims,[WPA2_PSK],2026-9-16 21:2:8,11,-87,34.0574875,-117.1825180,377.80,1.75,WIFI
AA:6E:84:A3:B3:E3,,[WPA2_PSK],2026-9-16 21:2:14,3,-94,34.0579605,-117.1825256,378.60,1.75,WIFI
7C:DB:98:46:B6:4D,MySpectrumWiFi4F-2G,[WPA2_PSK],2026-9-16 21:2:36,11,-94,34.0587692,-117.1825180,378.90,1.75,WIFI
D0:57:94:FE:12:3E,MySpectrumWiFi38-2G,[WPA2_PSK],2026-9-16 21:2:39,1,-92,34.0587692,-117.1825104,378.90,1.75,WIFI
1C:3B:F3:15:19:5B,TP-LINK_Smart Plug_195B,[OPEN],2026-9-16 21:2:45,6,-85,34.0588303,-117.1825104,379.90,1.75,WIFI
00:30:44:37:87:2A,,[WPA2_PSK],2026-9-16 21:2:53,1,-93,34.0593796,-117.1825104,379.30,1.75,WIFI
B2:5C:DA:FC:F0:D1,DIRECT-D1-HP OfficeJet Pro 9020,[WPA2_PSK],2026-9-16 21:3:2,9,-95,34.0596428,-117.1823196,379.30,1.75,WIFI
F8:08:4F:D9:1C:66,MySpectrumWiFi60-2G,[WPA2_PSK],2026-9-16 21:3:7,1,-94,34.0596542,-117.1820221,379.70,1.75,WIFI
94:3C:96:F6:34:66,Frontier0027,[WPA2_PSK],2026-9-16 21:3:13,6,-94,34.0596542,-117.1816788,380.80,1.75,WIFI
18:A5:FF:19:8E:3C,446orange,[WPA2_WPA3_PSK],2026-9-16 21:3:13,6,-95,34.0596542,-117.1816788,380.80,1.75,WIFI
BA:AA:3F:EB:DF:97,5 Points Nails and Spa(Guest),[WPA2_PSK],2026-9-16 21:3:21,1,-96,34.0594559,-117.1815948,379.70,1.75,WIFI
04:17:B6:F0:4B:6C,,[WPA2_PSK],2026-9-16 21:3:27,6,-90,34.0593605,-117.1814957,378.10,1.75,WIFI
C0:4E:30:19:42:4D,WF2_c04e3019424c,[WPA_WPA2_PSK],2026-9-16 21:3:35,1,-79,34.0593529,-117.1814957,378.30,1.75,WIFI
C0:4E:30:19:42:39,WF2_c04e30194238,[WPA_WPA2_PSK],2026-9-16 21:3:35,1,-80,34.0593529,-117.1814957,378.30,1.75,WIFI
D0:6D:C9:39:67:A6,Frontier0319,[WPA2_PSK],2026-9-16 21:3:46,11,-94,34.0593529,-117.1814957,378.50,1.75,WIFI
00:C8:96:2C:34:CC,,[WPA_WPA2_PSK],2026-9-16 21:3:49,1,-94,34.0593529,-117.1814957,378.60,1.75,WIFI
A4:97:33:B4:59:55,SpectrumSetup-57,[WPA2_PSK],2026-9-16 21:4:42,11,-96,34.0593452,-117.1814957,379.90,1.75,WIFI
06:30:44:B2:45:85,H&R Block Guests,[OPEN],2026-9-16 21:4:58,1,-94,34.0593452,-117.1814957,379.90,1.75,WIFI
00:30:44:B2:45:85,H&R Block IoT,[WPA2_PSK],2026-9-16 21:4:58,1,-96,34.0593452,-117.1814957,379.90,1.75,WIFI
FC:7F:F1:51:1F:20,CorpSecure,[WPA2],2026-9-16 21:5:24,11,-91,34.0593452,-117.1814957,379.90,1.75,WIFI
A8:40:0B:3E:B1:EB,HotspotQNrd,[WPA_WPA2_PSK],2026-9-16 21:5:47,6,-84,34.0592918,-117.1813965,380.60,1.75,WIFI
6E:3A:1E:44:7E:BD,Audiology,[WPA_WPA2_PSK],2026-9-16 21:6:8,1,-93,34.0591583,-117.1809540,381.20,1.75,WIFI
62:3A:1E:44:7E:BD,Audiology - Guest,[WPA_WPA2_PSK],2026-9-16 21:6:8,1,-93,34.0591583,-117.1809540,381.20,1.75,WIFI
FC:9C:98:C8:B3:A0,ARLO_VMB_4754427197,[WPA2_PSK],2026-9-16 21:6:43,6,-94,34.0592957,-117.1806259,382.40,1.75,WIFI
24:94:CB:1C:4B:98,Frontier8944,[WPA2_PSK],2026-9-16 21:8:15,1,-95,34.0592957,-117.1806259,383.50,1.50,WIFI
78:61:7C:4A:05:52,WiFi Hotspot 2820,[WPA2_PSK],2026-9-16 21:12:20,6,-92,34.0592842,-117.1806259,382.80,1.75,WIFI
E8:26:89:51:FD:A1,,[WPA2_PSK],2026-9-16 21:20:31,6,-92,34.0592842,-117.1806107,383.30,1.75,WIFI
80:E5:40:EB:FD:A8,Frontier3824,[WPA2_PSK],2026-9-16 21:28:35,1,-94,34.0592880,-117.1806259,384.00,1.75,WIFI
62:00:AB:A4:22:19,OrangeOptometry-guest,[WPA2_PSK],2026-9-16 21:28:46,11,-96,34.0593109,-117.1806641,384.20,1.75,WIFI
98:ED:7E:1E:13:44,,[WPA3_PSK],2026-9-16 21:28:55,6,-87,34.0594978,-117.1806335,383.90,1.75,WIFI
98:ED:7E:1E:13:4A,,[OPEN],2026-9-16 21:28:55,6,-87,34.0594978,-117.1806335,383.90,1.75,WIFI
98:ED:7E:1E:13:47,Orange Plaza Dentistry,[WPA2_PSK],2026-9-16 21:28:55,6,-88,34.0594978,-117.1806335,383.90,1.75,WIFI
98:ED:7E:1E:13:50,Orange Plaza Dentistry Guest,[WPA2_PSK],2026-9-16 21:28:55,6,-88,34.0594978,-117.1806335,383.90,1.75,WIFI
54:47:CC:33:10:37,TMOBILE-1031,[WPA2_WPA3_PSK],2026-9-16 21:29:9,6,-96,34.0592041,-117.1804428,384.20,1.75,WIFI
C4:A8:16:B0:CD:46,Tour For Less,[WPA2_PSK],2026-9-16 21:29:14,11,-79,34.0586548,-117.1804504,384.20,1.75,WIFI
C4:A8:16:B0:CD:43,,[WPA3_PSK],2026-9-16 21:29:14,11,-80,34.0586548,-117.1804504,384.20,1.75,WIFI
C4:A8:16:B0:CD:49,,[OPEN],2026-9-16 21:29:14,11,-81,34.0586548,-117.1804504,384.20,1.75,WIFI
74:83:C2:31:3E:0C,Redlands Shell,[WPA2_PSK],2026-9-16 21:29:23,6,-94,34.0576096,-117.1804428,381.80,1.75,WIFI
3C:64:CF:2F:81:16,,[WPA2_PSK],2026-9-16 21:29:26,9,-89,34.0574493,-117.1804504,381.70,1.75,WIFI
3E:24:CF:2F:81:16,mowlan,[WPA2_WPA3_PSK],2026-9-16 21:29:26,9,-91,34.0574493,-117.1804504,381.70,1.75,WIFI
00:7F:28:C0:F4:FF,Moonandmirror,[WPA2_PSK],2026-9-16 21:29:28,11,-95,34.0574379,-117.1804504,382.10,1.75,WIFI
BA:16:5F:1F:8C:9F,[LG_Window A/C]8c9f,[WPA2_PSK],2026-9-16 21:29:43,11,-95,34.0573273,-117.1813660,379.70,1.75,WIFI
A8:6E:84:F9:C2:95,Briggs&Coops,[WPA2_WPA3_PSK],2026-9-16 21:29:50,4,-94,34.0573311,-117.1823196,378.00,1.75,WIFI
BA:9F:09:5F:24:AC,No Chill PARTYNEXTDOOR,[WPA2_PSK],2026-9-16 21:30:6,6,-91,34.0573502,-117.1844025,375.80,2.00,WIFI
20:F3:75:3C:1E:02,Verizon-1E06,[WPA2_PSK],2026-9-16 21:30:28,1,-93,34.0573349,-117.1855621,374.30,2.00,WIFI
18:A9:ED:80:26:83,,[WPA3_PSK],2026-9-16 21:30:53,11,-71,34.0564156,-117.1869583,373.10,2.00,WIFI
18:A9:ED:80:26:89,,[OPEN],2026-9-16 21:30:53,11,-72,34.0564156,-117.1869583,373.10,2.00,WIFI
18:A9:ED:80:26:86,Frontier2528,[WPA2_PSK],2026-9-16 21:30:53,11,-72,34.0564156,-117.1869583,373.10,2.00,WIFI
18:A9:ED:80:26:8F,Frontier2528 Guest,[OPEN],2026-9-16 21:30:53,11,-74,34.0564156,-117.1869583,373.10,2.00,WIFI
18:A9:ED:85:AD:86,Frontier2528,[WPA2_PSK],2026-9-16 21:30:53,11,-78,34.0564156,-117.1869583,373.10,2.00,WIFI
18:A9:ED:85:AD:83,,[WPA3_PSK],2026-9-16 21:30:53,11,-79,34.0564156,-117.1869583,373.10,2.00,WIFI
18:A9:ED:85:AD:89,,[OPEN],2026-9-16 21:30:53,11,-80,34.0564156,-117.1869583,373.10,2.00,WIFI
18:A9:ED:85:AD:8F,Frontier2528 Guest,[OPEN],2026-9-16 21:30:53,11,-80,34.0564156,-117.1869583,373.10,2.00,WIFI
AA:B1:3B:FD:6E:25,DIRECT-25-HP OfficeJet Pro 9010,[WPA2_PSK],2026-9-16 21:30:56,1,-93,34.0562782,-117.1869736,372.20,2.00,WIFI
12:B1:DF:B8:69:80,DIRECT-80-HP M227f LaserJet,[WPA2_PSK],2026-9-16 21:31:2,6,-94,34.0562096,-117.1869888,372.70,2.00,WIFI
B0:19:21:DF:80:BA,TP-LINK_Power Strip_80BA,[OPEN],2026-9-16 21:31:2,6,-96,34.0562096,-117.1869888,372.70,2.00,WIFI
B8:69:F4:CC:43:73,NCV Phones,[WPA2_PSK],2026-9-16 21:31:13,3,-88,34.0562439,-117.1869888,373.30,2.00,WIFI
4C:AB:F8:A0:2B:1D,Babymamatrap,[WPA2_PSK],2026-9-16 21:31:16,6,-93,34.0562477,-117.1869888,373.50,2.00,WIFI
18:0C:7A:9F:61:76,Frontier0697,[WPA2_PSK],2026-9-16 21:31:24,1,-91,34.0562477,-117.1869888,373.50,2.00,WIFI
8C:90:2D:20:26:01,TP-LINK_Power Strip_2601,[OPEN],2026-9-16 21:32:12,6,-97,34.0562477,-117.1869888,372.80,2.00,WIFI
40:D5:21:8D:AE:6C,myBuick4584,[WPA2_WPA3_PSK],2026-9-16 21:50:39,6,-94,34.0562401,-117.1869965,372.80,1.75,WIFI
DE:0C:DD:C9:AF:43,celina,[WPA2_WPA3_PSK],2026-9-16 22:7:42,6,-92,34.0562325,-117.1869888,372.30,1.75,WIFI
04:42:1A:12:A9:E9,Frontier7680,[WPA2_PSK],2026-9-16 22:20:59,3,-99,34.0562401,-117.1869965,371.60,1.75,WIFI
06:D9:BE:FE:71:D8,NYPizza Guest,[WPA2_PSK],2026-9-16 22:29:35,1,-89,34.0564232,-117.1884003,372.00,1.75,WIFI
06:D9:BE:FE:71:DA,New York Pizza,[WPA2_PSK],2026-9-16 22:29:35,1,-90,34.0564232,-117.1884003,372.00,1.75,WIFI
00:19:9D:FF:6E:CE,VIZIOCastDisplay0394,[OPEN],2026-9-16 22:29:35,1,-93,34.0564232,-117.1884003,372.00,1.75,WIFI
94:91:7F:79:22:45,MySpectrumWiFi47-2G,[WPA2_PSK],2026-9-16 22:29:46,11,-87,34.0566788,-117.1897049,370.00,1.75,WIFI
74:37:5F:39:D3:2F,Psychic shop,[WPA2_PSK],2026-9-16 22:29:46,11,-91,34.0566788,-117.1897049,370.00,1.75,WIFI
5C:FC:E1:7D:57:EB,HVP_5cfce17d57e9-Pairing,[WPA2_PSK],2026-9-16 22:29:46,11,-92,34.0566788,-117.1897049,370.00,1.75,WIFI
F8:AA:3F:F3:DA:33,MySpectrumWiFi68-2G,[WPA2_PSK],2026-9-16 22:29:46,11,-93,34.0566788,-117.1897049,370.00,1.75,WIFI
34:5D:9E:C3:3D:B6,Frontier0048,[WPA2_PSK],2026-9-16 22:29:46,11,-93,34.0566788,-117.1897049,370.00,1.75,WIFI
40:5D:82:04:C4:C6,ngHub_319459NL01525,[WPA2_PSK],2026-9-16 22:29:46,11,-96,34.0566788,-117.1897049,370.00,1.75,WIFI
20:3A:0C:2F:94:C9,,[OPEN],2026-9-16 22:29:49,1,-80,34.0567703,-117.1900635,369.90,1.75,WIFI
20:3A:0C:2F:94:C6,THLF,[WPA2_PSK],2026-9-16 22:29:49,1,-81,34.0567703,-117.1900635,369.90,1.75,WIFI
20:3A:0C:2F:94:CF,THLF Guest,[WPA2_PSK],2026-9-16 22:29:49,1,-81,34.0567703,-117.1900635,369.90,1.75,WIFI
9A:8D:CE:26:36:F7,Roam,[WPA2_PSK],2026-9-16 22:29:49,1,-85,34.0567703,-117.1900635,369.90,1.75,WIFI
9A:8D:CE:66:36:F7,,[WPA2_WPA3_PSK],2026-9-16 22:29:49,1,-87,34.0567703,-117.1900635,369.90,1.75,WIFI
9A:8D:CE:46:36:F7,,[WPA2_WPA3_PSK],2026-9-16 22:29:49,1,-92,34.0567703,-117.1900635,369.90,1.75,WIFI
26:18:D6:47:20:67,,[WPA2_PSK],2026-9-16 22:29:49,1,-93,34.0567703,-117.1900635,369.90,1.75,WIFI
72:7F:F0:1F:3A:64,,[WPA2_PSK],2026-9-16 22:30:5,2,-93,34.0570869,-117.1912003,369.80,1.75,WIFI
72:7F:F0:1F:3A:63,brylor,[WPA2_WPA3_PSK],2026-9-16 22:30:5,2,-96,34.0570869,-117.1912003,369.80,1.75,WIFI
5A:E4:03:0B:CD:BC,PaidTruck,[WPA2_PSK],2026-9-16 22:30:10,7,-95,34.0570908,-117.1912079,369.80,1.75,WIFI
94:F7:17:7C:F9:00,,[WPA_WPA2_PSK],2026-9-16 22:30:17,1,-91,34.0573273,-117.1913223,367.50,1.75,WIFI
D8:07:B6:73:0A:EA,Ewater,[WPA2_PSK],2026-9-16 22:31:6,7,-89,34.0593338,-117.1913528,364.80,1.75,WIFI
DE:07:B6:73:0A:EA,Ewater_Guest,[OPEN],2026-9-16 22:31:6,7,-90,34.0593338,-117.1913528,364.80,1.75,WIFI
5A:E4:03:C7:B5:48,myChevrolet b548,[WPA2_PSK],2026-9-16 22:31:19,6,-86,34.0595131,-117.1913452,365.60,1.75,WIFI
E2:07:B6:73:0A:EA,,[WPA2_PSK],2026-9-16 22:31:20,7,-91,34.0595360,-117.1913452,365.60,1.75,WIFI
24:F3:E3:C9:F1:C3,,[WPA3_PSK],2026-9-16 22:31:24,11,-85,34.0597801,-117.1913528,365.90,1.75,WIFI
24:F3:E3:C9:F1:C6,TexasHouse,[WPA2_PSK],2026-9-16 22:31:24,11,-85,34.0597801,-117.1913528,365.90,1.75,WIFI
24:F3:E3:C9:F1:C9,,[OPEN],2026-9-16 22:31:24,11,-86,34.0597801,-117.1913528,365.90,1.75,WIFI
7A:45:58:1B:EC:05,Frontier0583,[WPA2_PSK],2026-9-16 22:31:33,6,-91,34.0608864,-117.1913681,367.00,1.75,WIFI
E6:C2:50:25:EB:BB,NTGRBH_E0C25025EBBD,[WPA2_WPA3_PSK],2026-9-16 22:31:35,8,-92,34.0611763,-117.1913757,367.30,1.75,WIFI
E0:C2:50:25:EB:BB,ORBI58,[WPA2_PSK],2026-9-16 22:31:35,8,-94,34.0611763,-117.1913757,367.30,1.75,WIFI
D0:6D:C9:2F:1E:C6,Frontier1250,[WPA2_PSK],2026-9-16 22:31:47,6,-96,34.0625458,-117.1913834,368.60,1.75,WIFI
B2:8B:0A:5A:35:F6,,[WPA2_WPA3_PSK],2026-9-16 22:31:52,11,-90,34.0625725,-117.1913834,368.70,1.75,WIFI
B2:8B:0A:2A:35:F6,STARLINK,[OPEN],2026-9-16 22:31:52,11,-91,34.0625725,-117.1913834,368.70,1.75,WIFI
B2:8B:0A:8A:35:F6,,[WPA2_WPA3_PSK],2026-9-16 22:31:52,11,-91,34.0625725,-117.1913834,368.70,1.75,WIFI
74:93:DA:1D:4C:E5,SpectrumSetup-E7,[WPA2_PSK],2026-9-16 22:32:9,1,-85,34.0632744,-117.1912308,369.60,1.75,WIFI
60:45:CB:CA:A1:08,ASUS,[WPA2_PSK],2026-9-16 22:32:12,3,-95,34.0635529,-117.1912231,369.90,1.75,WIFI
28:EE:52:6D:A4:C4,TP-Link_A4C5,[WPA_WPA2_PSK],2026-9-16 22:32:13,4,-89,34.0636559,-117.1912231,369.80,1.75,WIFI
F0:B6:61:64:EB:E4,,[WPA3_PSK],2026-9-16 22:32:15,6,-83,34.0638924,-117.1912231,369.80,1.75,WIFI
F0:B6:61:64:EB:EA,,[OPEN],2026-9-16 22:32:15,6,-84,34.0638924,-117.1912231,369.80,1.75,WIFI
F0:B6:61:64:EB:E7,RebelSquad,[WPA2_PSK],2026-9-16 22:32:15,6,-84,34.0638924,-117.1912231,369.80,1.75,WIFI
4C:22:F3:5D:F6:6B,The Republic,[WPA2_PSK],2026-9-16 22:32:21,1,-89,34.0646782,-117.1912155,369.90,1.75,WIFI
38:17:B1:55:67:DE,Juarezwifi,[WPA2_PSK],2026-9-16 22:32:21,1,-93,34.0646782,-117.1912155,369.90,1.75,WIFI
14:7D:05:E3:4E:BB,SpectrumSetup-B9,[WPA2_PSK],2026-9-16 22:32:21,1,-94,34.0646782,-117.1912155,369.90,1.75,WIFI
F8:5B:3B:91:3F:35,SpectrumSetup-37,[WPA2_PSK],2026-9-16 22:32:29,6,-95,34.0658226,-117.1912079,370.10,1.75,WIFI
74:93:DA:0F:38:AD,SpectrumSetup-AF,[WPA2_PSK],2026-9-16 22:32:34,11,-89,34.0665855,-117.1911926,370.10,1.75,WIFI
E0:76:D0:61:33:6E,Hi-Smart-e076d061336e,[OPEN],2026-9-16 22:32:40,3,-98,34.0675201,-117.1911850,370.10,1.75,WIFI
62:0C:6B:EF:98:1F,CFC Apostolic-Guest,[WPA2_PSK],2026-9-16 22:32:44,7,-91,34.0681381,-117.1911850,370.10,1.75,WIFI
A2:36:C9:87:36:BD,CFC Apostolic-Guest,[WPA2_PSK],2026-9-16 22:32:44,7,-91,34.0681381,-117.1911850,370.10,1.75,WIFI
10:0C:6B:EF:98:1E,CFC Apostolic,[WPA2_PSK],2026-9-16 22:32:44,7,-93,34.0681381,-117.1911850,370.10,1.75,WIFI
AC:DF:9F:25:98:C8,TMOBILE-98C6,[WPA2_WPA3_PSK],2026-9-16 22:32:50,1,-90,34.0690384,-117.1911774,370.20,1.75,WIFI
14:7D:05:CC:F7:63,SpectrumSetup-61,[WPA2_PSK],2026-9-16 22:32:50,1,-95,34.0690384,-117.1911774,370.20,1.75,WIFI
F4:52:46:C4:EB:EF,SpectrumSetup-2BAD,[WPA2_PSK],2026-9-16 22:32:50,1,-95,34.0690384,-117.1911774,370.20,1.75,WIFI
18:A5:FF:32:32:B2,TMOBILE-32B0,[WPA2_WPA3_PSK],2026-9-16 22:32:55,4,-85,34.0696106,-117.1911697,370.30,1.75,WIFI
4C:AB:F8:00:B8:24,SpectrumSetup-26,[WPA2_PSK],2026-9-16 22:33:4,1,-93,34.0698242,-117.1911697,369.90,1.75,WIFI
18:A5:FF:62:3A:6E,Corinne:),[WPA2_WPA3_PSK],2026-9-16 22:33:25,6,-94,34.0698280,-117.1911697,370.00,1.75,WIFI
CC:C2:61:36:82:AA,Driveri:6603092128,[WPA_WPA2_PSK],2026-9-16 22:33:39,6,-92,34.0698280,-117.1911697,370.10,1.75,WIFI
A0:EE:EE:DB:37:A0,,[WPA_WPA2_PSK],2026-9-16 22:33:53,6,-90,34.0708809,-117.1911621,370.50,1.75,WIFI
06:41:BE:AE:89:42,SpectrumSetup-8940,[WPA2_PSK],2026-9-16 22:34:15,1,-90,34.0723076,-117.1911545,370.30,1.75,WIFI
04:D6:88:DB:DC:2C,,[WPA_WPA2_PSK],2026-9-16 22:34:38,9,-93,34.0725937,-117.1911545,370.00,1.75,WIFI
F4:25:3C:70:2F:86,Frontier7216,[WPA2_PSK],2026-9-16 22:34:42,1,-84,34.0726166,-117.1911545,370.10,1.75,WIFI
30:60:0A:25:80:54,,[WPA_WPA2_PSK],2026-9-16 22:35:8,11,-95,34.0728607,-117.1911469,370.10,1.75,WIFI
BC:96:E5:86:88:52,SpectrumSetup-884E,[WPA2_PSK],2026-9-16 22:35:17,6,-96,34.0729828,-117.1911469,370.10,1.75,WIFI
50:2F:54:7E:74:64,,[WPA_WPA2_PSK],2026-9-16 22:36:26,6,-89,34.0746727,-117.1911163,371.20,1.75,WIFI
A0:7F:8A:36:C9:DB,SpectrumSetup-C9D5,[WPA2_PSK],2026-9-16 22:36:26,6,-95,34.0746727,-117.1911163,371.20,1.75,WIFI
88:3B:DC:49:91:25,Aisee-V3-G06E2BMP,[WPA2_PSK],2026-9-16 22:36:46,11,-95,34.0770264,-117.1911163,370.10,1.75,WIFI
5C:18:DD:F0:A9:93,,[WPA_WPA2_PSK],2026-9-16 22:37:17,1,-93,34.0777626,-117.1930542,364.60,1.75,WIFI
64:DA:ED:8F:A9:25,Spectrum Internet,[WPA2_PSK],2026-9-16 22:37:23,6,-88,34.0781822,-117.1930923,364.60,1.75,WIFI
CC:B0:DA:C6:8C:CA,,[WPA2_PSK],2026-9-16 22:37:23,6,-89,34.0781822,-117.1930923,364.60,1.75,WIFI
64:DA:ED:8F:A9:23,,[WPA3_PSK],2026-9-16 22:37:23,6,-91,34.0781822,-117.1930923,364.60,1.75,WIFI
D4:05:DE:38:DA:44,,[WPA3_PSK],2026-9-16 22:37:28,11,-81,34.0785866,-117.1932602,364.30,1.75,WIFI
D4:05:DE:38:DA:47,AOL,[WPA2_PSK],2026-9-16 22:37:28,11,-81,34.0785866,-117.1932602,364.30,1.75,WIFI
D4:05:DE:38:DA:4A,,[OPEN],2026-9-16 22:37:28,11,-82,34.0785866,-117.1932602,364.30,1.75,WIFI
08:3A:88:35:3A:57,Ring-353a57,[OPEN],2026-9-16 22:37:31,1,-88,34.0787354,-117.1933899,364.60,1.75,WIFI
EE:FA:C4:E8:89:62,SSID_IoT,[WPA_WPA2_PSK],2026-9-16 22:37:39,8,-93,34.0789490,-117.1937714,364.40,1.75,WIFI
F0:B6:61:36:12:84,,[WPA3_PSK],2026-9-16 22:37:42,11,-86,34.0790176,-117.1940994,364.40,1.75,WIFI
E8:D3:EB:05:0F:03,,[WPA3_PSK],2026-9-16 22:37:42,11,-88,34.0790176,-117.1940994,364.40,1.75,WIFI
F0:B6:61:36:12:90,kkk,[WPA2_PSK],2026-9-16 22:37:42,11,-88,34.0790176,-117.1940994,364.40,1.75,WIFI
F0:B6:61:36:12:8A,,[OPEN],2026-9-16 22:37:42,11,-89,34.0790176,-117.1940994,364.40,1.75,WIFI
F0:B6:61:36:12:87,kknet,[WPA2_PSK],2026-9-16 22:37:42,11,-89,34.0790176,-117.1940994,364.40,1.75,WIFI
F0:22:1D:8A:CA:97,,[WPA2_PSK],2026-9-16 22:37:43,13,-97,34.0790329,-117.1941910,364.20,1.75,WIFI
90:4C:81:FA:4E:00,Garello_Apple,[WPA2_WPA3_PSK],2026-9-16 22:37:51,6,-91,34.0795898,-117.1944580,363.00,1.75,WIFI
20:D7:78:B2:F1:59,ENVOY_011155,[OPEN],2026-9-16 22:37:55,10,-92,34.0799751,-117.1944504,362.80,1.75,WIFI
2E:AA:8E:FC:86:BB,,[WPA_WPA2_PSK],2026-9-16 22:37:56,11,-95,34.0800705,-117.1944504,362.80,1.75,WIFI
8C:85:80:39:3F:B0,,[WPA_WPA2_PSK],2026-9-16 22:37:59,1,-94,34.0803146,-117.1944351,362.50,1.75,WIFI
78:76:89:33:04:0A,,[OPEN],2026-9-16 22:38:5,6,-81,34.0805016,-117.1945114,362.60,1.75,WIFI
78:76:89:33:04:07,pinky,[WPA2_PSK],2026-9-16 22:38:5,6,-81,34.0805016,-117.1945114,362.60,1.75,WIFI
78:76:89:33:04:04,,[WPA3_PSK],2026-9-16 22:38:5,6,-82,34.0805016,-117.1945114,362.60,1.75,WIFI
78:76:89:36:9D:E4,,[WPA3_PSK],2026-9-16 22:38:5,6,-83,34.0805016,-117.1945114,362.60,1.75,WIFI
78:76:89:36:9D:EA,,[OPEN],2026-9-16 22:38:5,6,-83,34.0805016,-117.1945114,362.60,1.75,WIFI
78:76:89:36:9D:E7,pinky,[WPA2_PSK],2026-9-16 22:38:5,6,-83,34.0805016,-117.1945114,362.60,1.75,WIFI
C8:E3:06:5F:64:83,,[WPA3_PSK],2026-9-16 22:38:5,6,-86,34.0805016,-117.1945114,362.60,1.75,WIFI
C8:E3:06:5F:64:87,,[OPEN],2026-9-16 22:38:5,6,-86,34.0805016,-117.1945114,362.60,1.75,WIFI
C8:E3:06:5F:64:85,Kteam,[WPA2_WPA3_PSK],2026-9-16 22:38:5,6,-87,34.0805016,-117.1945114,362.60,1.75,WIFI
78:76:89:2D:0B:27,pinky,[WPA2_PSK],2026-9-16 22:38:19,6,-78,34.0805016,-117.1947937,362.40,1.75,WIFI
78:76:89:2D:0B:24,,[WPA3_PSK],2026-9-16 22:38:19,6,-79,34.0805016,-117.1947937,362.40,1.75,WIFI
78:76:89:2D:0B:2A,,[OPEN],2026-9-16 22:38:19,6,-79,34.0805016,-117.1947937,362.40,1.75,WIFI
2C:EA:DC:9E:32:85,SpectrumSetup-87,[WPA2_PSK],2026-9-16 22:38:33,6,-91,34.0805054,-117.1948013,362.80,1.75,WIFI
FA:8F:CA:6F:EE:B3,Kitchen speaker.ynm_,[OPEN],2026-9-16 22:38:47,6,-95,34.0805168,-117.1950073,362.70,1.75,WIFI
68:AB:A9:40:85:06,ATTUdSSHvs,[WPA2_PSK],2026-9-16 22:38:50,9,-83,34.0804214,-117.1951447,362.60,1.75,WIFI
72:AB:A9:40:85:06,,[WPA2_PSK],2026-9-16 22:38:50,9,-83,34.0804214,-117.1951447,362.60,1.75,WIFI
64:97:14:2A:E7:89,,[OPEN],2026-9-16 22:38:52,11,-87,34.0803070,-117.1951675,362.50,1.75,WIFI
30:34:22:68:30:C3,,[WPA3_PSK],2026-9-16 22:38:52,11,-89,34.0803070,-117.1951675,362.50,1.75,WIFI
64:97:14:2A:E7:83,,[WPA3_PSK],2026-9-16 22:38:52,11,-90,34.0803070,-117.1951675,362.50,1.75,WIFI
64:97:14:2A:E7:86,SuperRachel,[WPA2_PSK],2026-9-16 22:38:52,11,-90,34.0803070,-117.1951675,362.50,1.75,WIFI
30:34:22:68:30:C9,,[OPEN],2026-9-16 22:38:52,11,-90,34.0803070,-117.1951675,362.50,1.75,WIFI
30:34:22:68:30:CF,Rambo Guest,[WPA2_PSK],2026-9-16 22:38:52,11,-90,34.0803070,-117.1951675,362.50,1.75,WIFI
30:34:22:68:30:C6,Rambo909,[WPA2_PSK],2026-9-16 22:38:52,11,-91,34.0803070,-117.1951675,362.50,1.75,WIFI
F0:B6:61:1D:A7:64,,[WPA3_PSK],2026-9-16 22:39:1,6,-86,34.0796547,-117.1951523,362.10,1.75,WIFI
74:93:DA:01:EC:E2,Verizon_S3P4GR,[WPA2_PSK],2026-9-16 22:39:1,6,-87,34.0796547,-117.1951523,362.10,1.75,WIFI
F0:B6:61:1D:A7:6A,,[OPEN],2026-9-16 22:39:1,6,-88,34.0796547,-117.1951523,362.10,1.75,WIFI
F0:B6:61:1D:A7:67,prafrontier,[WPA2_PSK],2026-9-16 22:39:1,6,-88,34.0796547,-117.1951523,362.10,1.75,WIFI
F0:B6:61:1D:A7:70,PraGuest,[WPA2_PSK],2026-9-16 22:39:1,6,-88,34.0796547,-117.1951523,362.10,1.75,WIFI
DC:69:B5:DE:E5:A3,,[WPA3_PSK],2026-9-16 22:39:1,6,-89,34.0796547,-117.1951523,362.10,1.75,WIFI
C2:FB:B3:AC:E3:46,,[WPA2_PSK],2026-9-16 22:39:14,5,-98,34.0790329,-117.1951294,362.40,1.75,WIFI
80:AF:9F:9F:C7:C3,,[WPA3_PSK],2026-9-16 22:39:20,11,-90,34.0790558,-117.1950989,362.70,1.75,WIFI
F0:7B:65:31:E8:F1,SpectrumSetup-E8EB,[WPA2_PSK],2026-9-16 22:39:34,11,-94,34.0790672,-117.1950455,363.00,1.75,WIFI
