WigleWifi-1.4,appRelease=v1.2.0,model=ESP32 Marauder,release=v1.2.0,device=ESP32 Marauder,display=SPI TFT,board=ESP32 Marauder,brand=JustCallMeKoko
MAC,SSID,AuthMode,FirstSeen,Channel,RSSI,CurrentLatitude,CurrentLongitude,AltitudeMeters,AccuracyMeters,Type
58:68:7A:10:AF:17,Cookie,[WPA2_WPA3_PSK],2025-12-2 23:11:16,1,-77,34.0443916,-117.2011490,367.40,1.75,WIFI
10:DA:43:99:AA:F6,NETGEAR29,[WPA2_PSK],2025-12-2 23:11:18,3,-85,34.0443916,-117.2011490,366.70,1.75,WIFI
FC:34:97:05:D4:D0,Belle-2G,[WPA2_PSK],2025-12-2 23:11:18,3,-86,34.0443916,-117.2011490,366.70,1.75,WIFI
00:22:6C:A7:DA:30,,[OPEN],2025-12-2 23:11:18,3,-90,34.0443916,-117.2011490,366.70,1.75,WIFI
90:CA:FA:9B:59:3C,The Force,[WPA2_PSK],2025-12-2 23:11:21,6,-66,34.0443916,-117.2011490,366.60,1.75,WIFI
D4:3F:32:6C:47:C3,,[WPA3_PSK],2025-12-2 23:11:21,6,-66,34.0443916,-117.2011490,366.60,1.75,WIFI
D4:3F:32:6C:47:C9,,[OPEN],2025-12-2 23:11:21,6,-66,34.0443916,-117.2011490,366.60,1.75,WIFI
D4:3F:32:6C:47:C6,durian,[WPA2_PSK],2025-12-2 23:11:21,6,-70,34.0443916,-117.2011490,366.60,1.75,WIFI
90:CA:FA:9B:5D:1A,The Force,[WPA2_PSK],2025-12-2 23:11:21,6,-72,34.0443916,-117.2011490,366.60,1.75,WIFI
12:78:71:80:F3:1F,,[WPA2_PSK],2025-12-2 23:11:21,6,-78,34.0443916,-117.2011490,366.60,1.75,WIFI
90:CA:FA:9B:5C:CF,The Force,[WPA2_PSK],2025-12-2 23:11:21,6,-82,34.0443916,-117.2011490,366.60,1.75,WIFI
D0:16:7C:8D:8B:E7,,[OPEN],2025-12-2 23:11:21,6,-85,34.0443916,-117.2011490,366.60,1.75,WIFI
A4:11:62:72:9A:12,ARLO_VMB_4422026869,[WPA2_PSK],2025-12-2 23:11:23,9,-64,34.0443916,-117.2011642,367.20,1.75,WIFI
94:A9:A8:49:B2:08,ENVOY_098670,[OPEN],2025-12-2 23:11:25,10,-77,34.0443916,-117.2011642,367.10,1.75,WIFI
F8:5B:3B:CE:64:39,MandC,[WPA2_PSK],2025-12-2 23:11:26,11,-72,34.0443916,-117.2011642,367.10,1.75,WIFI
D6:47:CC:7F:68:AE,SpectrumSetup-21,[WPA2_PSK],2025-12-2 23:11:26,11,-72,34.0443916,-117.2011642,367.10,1.75,WIFI
9A:0C:7A:D4:2C:F8,SpectrumSetup-97EB,[WPA2_PSK],2025-12-2 23:11:26,11,-72,34.0443916,-117.2011642,367.10,1.75,WIFI
8A:0C:7A:D4:2C:F8,,[WPA2_PSK],2025-12-2 23:11:26,11,-73,34.0443916,-117.2011642,367.10,1.75,WIFI
AA:0C:7A:D4:2C:F8,,[WPA2_PSK],2025-12-2 23:11:26,11,-73,34.0443916,-117.2011642,367.10,1.75,WIFI
E6:47:CC:7F:68:AE,,[WPA2_PSK],2025-12-2 23:11:26,11,-77,34.0443916,-117.2011642,367.10,1.75,WIFI
C6:47:CC:7F:68:AE,,[WPA2_PSK],2025-12-2 23:11:26,11,-78,34.0443916,-117.2011642,367.10,1.75,WIFI
22:48:6C:B1:A8:3B,,[WPA2_PSK],2025-12-2 23:11:26,11,-79,34.0443916,-117.2011642,367.10,1.75,WIFI
D4:05:DE:89:EE:6A,,[OPEN],2025-12-2 23:11:26,11,-86,34.0443916,-117.2011642,367.10,1.75,WIFI
B2:4A:39:F2:27:62,,[OPEN],2025-12-2 23:11:26,11,-86,34.0443916,-117.2011642,367.10,1.75,WIFI
D4:05:DE:89:EE:64,,[WPA3_PSK],2025-12-2 23:11:26,11,-87,34.0443916,-117.2011642,367.10,1.75,WIFI
D4:05:DE:89:EE:67,Honn,[WPA2_PSK],2025-12-2 23:11:26,11,-88,34.0443916,-117.2011642,367.10,1.75,WIFI
A0:8A:06:C5:85:A7,joola-2G,[WPA2_PSK],2025-12-2 23:11:26,11,-90,34.0443916,-117.2011642,367.10,1.75,WIFI
48:5D:36:48:3D:46,Klausz_WiFi,[WPA2_PSK],2025-12-2 23:11:26,11,-94,34.0443916,-117.2011642,367.10,1.75,WIFI
54:04:63:FB:12:D8,,[WPA_WPA2_PSK],2025-12-2 23:11:26,1,-67,34.0443916,-117.2011642,367.10,1.75,WIFI
1E:67:BE:09:97:E9,,[WPA2_PSK],2025-12-2 23:11:26,1,-77,34.0443916,-117.2011642,367.10,1.75,WIFI
2C:67:BE:09:97:EF,SpectrumSetup-97EB,[WPA2_PSK],2025-12-2 23:11:26,1,-79,34.0443916,-117.2011642,367.10,1.75,WIFI
A0:04:60:CE:27:AC,NETGEAR49,[WPA2_PSK],2025-12-2 23:11:26,1,-82,34.0443916,-117.2011642,367.10,1.75,WIFI
80:69:1A:94:41:18,Leason2.0,[WPA2_WPA3_PSK],2025-12-2 23:11:26,1,-83,34.0443916,-117.2011642,367.10,1.75,WIFI
86:69:1A:94:41:18,,[WPA2_WPA3_PSK],2025-12-2 23:11:26,1,-84,34.0443916,-117.2011642,367.10,1.75,WIFI
3C:04:61:9B:96:F8,Frontier2416,[WPA2_PSK],2025-12-2 23:11:26,1,-86,34.0443916,-117.2011642,367.10,1.75,WIFI
86:69:1A:94:41:B4,,[WPA2_WPA3_PSK],2025-12-2 23:11:26,1,-91,34.0443916,-117.2011642,367.10,1.75,WIFI
FC:34:97:05:D4:D1,BeOurGuest,[WPA2_WPA3_PSK],2025-12-2 23:11:32,3,-80,34.0443764,-117.2012329,367.00,1.75,WIFI
66:32:B1:31:F2:2A,,[WPA2_PSK],2025-12-2 23:11:32,3,-86,34.0443764,-117.2012329,367.00,1.75,WIFI
04:B6:BE:86:B3:34,,[WPA_WPA2_PSK],2025-12-2 23:11:32,3,-87,34.0443764,-117.2012329,367.00,1.75,WIFI
9A:0C:7A:D4:3E:98,SpectrumSetup-97EB,[WPA2_PSK],2025-12-2 23:11:35,6,-75,34.0443535,-117.2012711,367.30,1.75,WIFI
F2:78:71:80:F3:1F,,[WPA2_PSK],2025-12-2 23:11:35,6,-77,34.0443535,-117.2012711,367.30,1.75,WIFI
8A:0C:7A:D4:3E:98,,[WPA2_PSK],2025-12-2 23:11:35,6,-77,34.0443535,-117.2012711,367.30,1.75,WIFI
AA:0C:7A:D4:3E:98,,[WPA2_PSK],2025-12-2 23:11:35,6,-79,34.0443535,-117.2012711,367.30,1.75,WIFI
04:B6:BE:46:60:CE,,[WPA_WPA2_PSK],2025-12-2 23:11:35,6,-82,34.0443535,-117.2012711,367.30,1.75,WIFI
60:F4:19:01:28:A3,,[WPA3_PSK],2025-12-2 23:11:35,6,-84,34.0443535,-117.2012711,367.30,1.75,WIFI
60:F4:19:01:28:A9,,[OPEN],2025-12-2 23:11:35,6,-84,34.0443535,-117.2012711,367.30,1.75,WIFI
60:F4:19:01:28:A6,WZWMK,[WPA2_PSK],2025-12-2 23:11:35,6,-84,34.0443535,-117.2012711,367.30,1.75,WIFI
58:2F:F7:75:40:C6,SpectrumSetup-C0,[WPA2_PSK],2025-12-2 23:11:35,6,-85,34.0443535,-117.2012711,367.30,1.75,WIFI
7E:AC:B9:BD:CB:D1,iPhoneSetup,[WPA2_PSK],2025-12-2 23:11:35,6,-90,34.0443535,-117.2012711,367.30,1.75,WIFI
CC:40:D0:A2:8E:62,NETGEAR91,[WPA2_PSK],2025-12-2 23:11:42,1,-77,34.0444336,-117.2013474,366.90,1.75,WIFI
1E:67:BE:09:97:E8,,[WPA2_PSK],2025-12-2 23:11:42,1,-79,34.0444336,-117.2013474,366.90,1.75,WIFI
22:3E:A4:9C:D0:7F,,[WPA2_PSK],2025-12-2 23:11:42,1,-83,34.0444336,-117.2013474,366.90,1.75,WIFI
C0:5D:89:D0:13:89,PNR08IF3106216F090,[OPEN],2025-12-2 23:11:42,1,-88,34.0444336,-117.2013474,366.90,1.75,WIFI
00:22:6C:A7:D7:04,,[OPEN],2025-12-2 23:11:46,3,-86,34.0446434,-117.2015381,365.30,1.75,WIFI
88:57:1D:51:C7:14,[range]_E30AJT7113083P,[WPA2_PSK],2025-12-2 23:11:47,4,-87,34.0447083,-117.2015839,365.00,1.75,WIFI
90:48:46:C2:6E:23,ENVOY_112083,[OPEN],2025-12-2 23:11:48,5,-78,34.0447693,-117.2016220,364.60,1.75,WIFI
9C:0B:05:C3:67:CA,,[OPEN],2025-12-2 23:11:49,6,-71,34.0448227,-117.2016678,364.20,1.75,WIFI
9C:0B:05:C3:67:C4,,[WPA3_PSK],2025-12-2 23:11:49,6,-72,34.0448227,-117.2016678,364.20,1.75,WIFI
9C:0B:05:C3:67:C7,GeorgeYaz,[WPA2_PSK],2025-12-2 23:11:49,6,-73,34.0448227,-117.2016678,364.20,1.75,WIFI
74:AC:B9:BD:CB:D1,BT_Magnolia,[WPA2_PSK],2025-12-2 23:11:49,6,-75,34.0448227,-117.2016678,364.20,1.75,WIFI
7A:AC:B9:BD:CB:D1,BT_Magnolia_guest,[WPA2_PSK],2025-12-2 23:11:49,6,-75,34.0448227,-117.2016678,364.20,1.75,WIFI
82:AC:B9:BD:CB:D1,,[WPA2_PSK],2025-12-2 23:11:49,6,-77,34.0448227,-117.2016678,364.20,1.75,WIFI
7A:AC:B9:BD:D4:B8,BT_Magnolia_guest,[WPA2_PSK],2025-12-2 23:11:49,6,-79,34.0448227,-117.2016678,364.20,1.75,WIFI
74:AC:B9:BD:D4:B8,BT_Magnolia,[WPA2_PSK],2025-12-2 23:11:49,6,-79,34.0448227,-117.2016678,364.20,1.75,WIFI
7E:AC:B9:BD:D4:B8,iPhoneSetup,[WPA2_PSK],2025-12-2 23:11:49,6,-83,34.0448227,-117.2016678,364.20,1.75,WIFI
44:EA:D8:1E:24:B8,ChimePro-1E24B7,[OPEN],2025-12-2 23:11:49,6,-86,34.0448227,-117.2016678,364.20,1.75,WIFI
84:1E:A3:C8:F9:D6,SpectrumSetup-D0,[WPA2_PSK],2025-12-2 23:11:49,6,-86,34.0448227,-117.2016678,364.20,1.75,WIFI
F8:CA:59:94:B5:2B,AWI-736893,[WPA2_PSK],2025-12-2 23:11:49,6,-87,34.0448227,-117.2016678,364.20,1.75,WIFI
54:B7:BD:B8:7A:FF,Verizon_B3N96G,[WPA2_PSK],2025-12-2 23:11:49,6,-89,34.0448227,-117.2016678,364.20,1.75,WIFI
C6:C9:E3:8D:C2:42,,[WPA2_PSK],2025-12-2 23:11:49,7,-94,34.0448227,-117.2016678,364.20,1.75,WIFI
24:F3:E3:08:18:0F,Frontier4864 Guest,[WPA2_PSK],2025-12-2 23:11:55,11,-74,34.0450172,-117.2017059,362.80,1.75,WIFI
24:F3:E3:08:18:03,,[WPA3_PSK],2025-12-2 23:11:55,11,-75,34.0450172,-117.2017059,362.80,1.75,WIFI
24:F3:E3:08:18:06,Cohen 6g,[WPA2_PSK],2025-12-2 23:11:55,11,-76,34.0450172,-117.2017059,362.80,1.75,WIFI
44:AC:85:6E:45:C6,Normanrose,[WPA2_PSK],2025-12-2 23:11:55,11,-78,34.0450172,-117.2017059,362.80,1.75,WIFI
A0:89:66:E1:74:AC,,[WPA_WPA2_PSK],2025-12-2 23:11:58,1,-80,34.0451202,-117.2015457,362.60,1.75,WIFI
74:37:5F:DA:99:47,SpectrumSetup-45,[WPA2_PSK],2025-12-2 23:11:58,1,-82,34.0451202,-117.2015457,362.60,1.75,WIFI
C8:B4:22:05:E5:E7,Cooks Retreat,[WPA2_PSK],2025-12-2 23:11:58,1,-82,34.0451202,-117.2015457,362.60,1.75,WIFI
C4:8E:8F:E4:98:76,WIFIE49872,[WPA2_PSK],2025-12-2 23:11:58,1,-84,34.0451202,-117.2015457,362.60,1.75,WIFI
9C:C8:FC:01:AE:48,Roberts,[WPA2_PSK],2025-12-2 23:11:58,1,-90,34.0451202,-117.2015457,362.60,1.75,WIFI
28:C2:DD:BD:4C:74,WMbd4c74,[OPEN],2025-12-2 23:12:0,2,-88,34.0452080,-117.2013931,362.50,1.75,WIFI
18:A9:ED:77:E2:46,2BPB2,[WPA2_PSK],2025-12-2 23:12:4,6,-75,34.0453339,-117.2011566,362.20,1.75,WIFI
64:D9:C2:CF:93:C9,,[OPEN],2025-12-2 23:12:4,6,-78,34.0453339,-117.2011566,362.20,1.75,WIFI
64:D9:C2:CF:93:C6,Calderon Family,[WPA2_PSK],2025-12-2 23:12:4,6,-79,34.0453339,-117.2011566,362.20,1.75,WIFI
64:D9:C2:CF:93:C3,,[WPA3_PSK],2025-12-2 23:12:4,6,-79,34.0453339,-117.2011566,362.20,1.75,WIFI
F0:9F:C2:CC:90:F6,ManagementVds,[WPA2_WPA3_PSK],2025-12-2 23:12:4,6,-80,34.0453339,-117.2011566,362.20,1.75,WIFI
D0:16:7C:8D:8B:E3,,[WPA3_PSK],2025-12-2 23:12:4,6,-81,34.0453339,-117.2011566,362.20,1.75,WIFI
58:2F:F7:68:A1:56,SpectrumSetup-50,[WPA2_PSK],2025-12-2 23:12:4,6,-82,34.0453339,-117.2011566,362.20,1.75,WIFI
74:37:5F:55:FA:13,ierr2006,[WPA2_PSK],2025-12-2 23:12:4,6,-84,34.0453339,-117.2011566,362.20,1.75,WIFI
56:60:F9:5F:7E:1B,,[WPA2_PSK],2025-12-2 23:12:6,8,-73,34.0453568,-117.2011108,362.00,1.75,WIFI
DA:EB:97:EE:2E:35,Keidel-guest2.4,[WPA2_PSK],2025-12-2 23:12:8,10,-81,34.0453720,-117.2010880,361.70,1.75,WIFI
44:AC:85:6E:45:C3,,[WPA3_PSK],2025-12-2 23:12:9,11,-68,34.0453949,-117.2010803,361.60,1.75,WIFI
A8:B0:88:75:59:E6,,[WPA3_PSK],2025-12-2 23:12:9,11,-69,34.0453949,-117.2010803,361.60,1.75,WIFI
9C:A5:70:9B:A0:03,,[WPA3_PSK],2025-12-2 23:12:9,11,-72,34.0453949,-117.2010803,361.60,1.75,WIFI
9C:A5:70:9B:A0:05,Normanrose,[WPA2_PSK],2025-12-2 23:12:9,11,-72,34.0453949,-117.2010803,361.60,1.75,WIFI
00:CB:51:4F:64:8E,MySpectrumWiFi88-2G,[WPA2_PSK],2025-12-2 23:12:10,1,-77,34.0454369,-117.2010803,361.70,1.75,WIFI
84:1E:A3:29:7F:16,Marquez,[WPA2_PSK],2025-12-2 23:12:10,1,-81,34.0454369,-117.2010803,361.70,1.75,WIFI
D0:6D:C9:39:94:06,Frontier1031,[WPA2_PSK],2025-12-2 23:12:10,1,-82,34.0454369,-117.2010803,361.70,1.75,WIFI
D0:6D:C9:2D:C7:86,Fruit Farm,[WPA2_PSK],2025-12-2 23:12:10,1,-82,34.0454369,-117.2010803,361.70,1.75,WIFI
A8:3A:79:F5:89:A3,CK_STAGE,[WPA2_PSK],2025-12-2 23:12:10,1,-86,34.0454369,-117.2010803,361.70,1.75,WIFI
F0:81:75:C0:58:AE,SpectrumSetup-A8,[WPA2_PSK],2025-12-2 23:12:10,1,-86,34.0454369,-117.2010803,361.70,1.75,WIFI
E4:F4:C6:15:AD:8C,wtwood,[WPA_WPA2_PSK],2025-12-2 23:12:17,5,-87,34.0459213,-117.2014236,359.90,1.75,WIFI
24:41:FE:48:01:22,Verizon_6KNG9L,[WPA2_PSK],2025-12-2 23:12:18,6,-77,34.0460052,-117.2014847,359.40,1.75,WIFI
66:DB:48:25:EA:49,Spectrum pixel,[WPA2_PSK],2025-12-2 23:12:18,6,-78,34.0460052,-117.2014847,359.40,1.75,WIFI
18:A9:ED:77:E2:49,,[OPEN],2025-12-2 23:12:18,6,-78,34.0460052,-117.2014847,359.40,1.75,WIFI
AC:91:9B:B8:E2:48,Verizon_K4L9KV,[WPA2_PSK],2025-12-2 23:12:18,6,-82,34.0460052,-117.2014847,359.40,1.75,WIFI
F4:52:46:BD:3A:AA,Pikachu,[WPA2_PSK],2025-12-2 23:12:18,6,-88,34.0460052,-117.2014847,359.40,1.75,WIFI
F0:7B:65:3C:22:AA,SpectrumSetup-22A4,[WPA2_PSK],2025-12-2 23:12:23,11,-56,34.0463905,-117.2017670,357.60,1.75,WIFI
20:3A:0C:DB:27:06,Katie157,[WPA2_PSK],2025-12-2 23:12:23,11,-71,34.0463905,-117.2017670,357.60,1.75,WIFI
60:F4:19:8B:6B:26,Logan Wifi,[WPA2_PSK],2025-12-2 23:12:23,11,-73,34.0463905,-117.2017670,357.60,1.75,WIFI
2C:67:BE:0A:1B:ED,SpectrumSetup-1BE9,[WPA2_PSK],2025-12-2 23:12:23,11,-76,34.0463905,-117.2017670,357.60,1.75,WIFI
A8:3A:79:F5:89:A2,CK_BYOD,[WPA2_PSK],2025-12-2 23:12:26,1,-77,34.0465393,-117.2018356,357.00,1.75,WIFI
A8:3A:79:F5:89:A5,CK_STORE,[WPA2],2025-12-2 23:12:26,1,-78,34.0465393,-117.2018356,357.00,1.75,WIFI
88:67:46:6F:6E:C9,,[OPEN],2025-12-2 23:12:26,1,-82,34.0465393,-117.2018356,357.00,1.75,WIFI
8E:49:62:A4:FA:F6,,[WPA2_PSK],2025-12-2 23:12:26,1,-87,34.0465393,-117.2018356,357.00,1.75,WIFI
6C:99:61:D5:6E:FE,HayesHouse,[WPA2_PSK],2025-12-2 23:12:26,1,-90,34.0465393,-117.2018356,357.00,1.75,WIFI
B0:A7:B9:4A:14:FC,Ziprick,[WPA_WPA2_PSK],2025-12-2 23:12:29,3,-87,34.0465775,-117.2018433,356.80,1.75,WIFI
B6:A7:B9:4A:14:FD,Ziprick Guest,[WPA_WPA2_PSK],2025-12-2 23:12:29,3,-87,34.0465775,-117.2018433,356.80,1.75,WIFI
5C:A5:BC:92:B8:43,,[WPA3_PSK],2025-12-2 23:12:32,6,-80,34.0466385,-117.2018127,357.00,1.75,WIFI
08:B4:B1:E8:C4:5C,Drug Addicts Only,[WPA2_PSK],2025-12-2 23:12:32,6,-82,34.0466385,-117.2018127,357.00,1.75,WIFI
18:A9:ED:77:E2:43,,[WPA3_PSK],2025-12-2 23:12:32,6,-83,34.0466385,-117.2018127,357.00,1.75,WIFI
00:18:05:10:4E:12,,[WPA2_PSK],2025-12-2 23:12:32,6,-84,34.0466385,-117.2018127,357.00,1.75,WIFI
D8:07:B6:D7:7E:B6,RPeters,[WPA2_WPA3_PSK],2025-12-2 23:12:32,6,-87,34.0466385,-117.2018127,357.00,1.75,WIFI
3C:F0:83:E0:07:6C,CASA-CNAVARROS,[WPA2_WPA3_PSK],2025-12-2 23:12:34,8,-80,34.0466957,-117.2017288,357.10,1.75,WIFI
34:60:F9:5F:7E:1B,HandB,[WPA2_PSK],2025-12-2 23:12:34,8,-89,34.0466957,-117.2017288,357.10,1.75,WIFI
A0:36:BC:75:07:58,Ramirez Router,[WPA2_PSK],2025-12-2 23:12:35,9,-86,34.0467186,-117.2016525,357.10,1.75,WIFI
C8:E3:06:28:83:87,,[OPEN],2025-12-2 23:12:37,11,-70,34.0467720,-117.2015076,357.00,1.75,WIFI
C8:E3:06:28:83:85,Wild horse,[WPA2_PSK],2025-12-2 23:12:37,11,-70,34.0467720,-117.2015076,357.00,1.75,WIFI
C8:E3:06:28:83:83,,[WPA3_PSK],2025-12-2 23:12:37,11,-71,34.0467720,-117.2015076,357.00,1.75,WIFI
C8:E3:06:2B:EA:27,,[OPEN],2025-12-2 23:12:37,11,-72,34.0467720,-117.2015076,357.00,1.75,WIFI
60:F4:19:8B:6B:23,,[WPA3_PSK],2025-12-2 23:12:37,11,-73,34.0467720,-117.2015076,357.00,1.75,WIFI
60:F4:19:8B:6B:29,,[OPEN],2025-12-2 23:12:37,11,-73,34.0467720,-117.2015076,357.00,1.75,WIFI
C8:E3:06:2B:EA:23,,[WPA3_PSK],2025-12-2 23:12:37,11,-73,34.0467720,-117.2015076,357.00,1.75,WIFI
88:67:46:64:0E:E3,,[WPA3_PSK],2025-12-2 23:12:37,11,-73,34.0467720,-117.2015076,357.00,1.75,WIFI
88:67:46:64:0E:E9,,[OPEN],2025-12-2 23:12:37,11,-74,34.0467720,-117.2015076,357.00,1.75,WIFI
88:67:46:64:0E:E6,Frontier16,[WPA2_PSK],2025-12-2 23:12:37,11,-74,34.0467720,-117.2015076,357.00,1.75,WIFI
44:AC:85:6E:45:C9,,[OPEN],2025-12-2 23:12:37,11,-75,34.0467720,-117.2015076,357.00,1.75,WIFI
9C:05:D6:62:FA:5A,ManagementVds,[WPA2_WPA3_PSK],2025-12-2 23:12:38,1,-68,34.0467911,-117.2014389,357.00,1.75,WIFI
CC:CF:83:48:E9:F0,,[WPA_WPA2_PSK],2025-12-2 23:12:38,1,-79,34.0467911,-117.2014389,357.00,1.75,WIFI
20:3A:0C:DC:CA:09,,[OPEN],2025-12-2 23:12:38,1,-80,34.0467911,-117.2014389,357.00,1.75,WIFI
20:3A:0C:DC:CA:06,uribe ,[WPA2_PSK],2025-12-2 23:12:38,1,-81,34.0467911,-117.2014389,357.00,1.75,WIFI
22:E0:19:5C:07:5F,,[WPA2_PSK],2025-12-2 23:12:43,3,-79,34.0468674,-117.2012100,357.00,1.75,WIFI
C0:6F:98:6E:52:86,familyof8,[WPA2_PSK],2025-12-2 23:12:46,6,-68,34.0469055,-117.2011032,357.20,1.75,WIFI
44:AC:85:86:4F:E3,,[WPA3_PSK],2025-12-2 23:12:46,6,-69,34.0469055,-117.2011032,357.20,1.75,WIFI
44:AC:85:86:4F:E9,,[OPEN],2025-12-2 23:12:46,6,-70,34.0469055,-117.2011032,357.20,1.75,WIFI
E4:19:7F:4A:94:C9,,[OPEN],2025-12-2 23:12:46,6,-74,34.0469055,-117.2011032,357.20,1.75,WIFI
A0:8A:06:AA:BF:D0,SpectrumSetup-A8,[WPA2_PSK],2025-12-2 23:12:46,6,-75,34.0469055,-117.2011032,357.20,1.75,WIFI
E4:19:7F:4A:94:C6,Brookside Cleaners,[WPA2_PSK],2025-12-2 23:12:46,6,-75,34.0469055,-117.2011032,357.20,1.75,WIFI
E4:19:7F:4A:94:CF,Brookside Cleaners Guest,[OPEN],2025-12-2 23:12:46,6,-75,34.0469055,-117.2011032,357.20,1.75,WIFI
C0:6F:98:6E:52:89,,[OPEN],2025-12-2 23:12:46,6,-76,34.0469055,-117.2011032,357.20,1.75,WIFI
D4:05:DE:84:8E:A7,yoyitario,[WPA2_PSK],2025-12-2 23:12:46,6,-78,34.0469055,-117.2011032,357.20,1.75,WIFI
D4:05:DE:84:8E:AA,,[OPEN],2025-12-2 23:12:46,6,-79,34.0469055,-117.2011032,357.20,1.75,WIFI
D4:05:DE:84:8E:A4,,[WPA3_PSK],2025-12-2 23:12:46,6,-81,34.0469055,-117.2011032,357.20,1.75,WIFI
00:18:05:10:21:05,,[WPA2_PSK],2025-12-2 23:12:46,6,-81,34.0469055,-117.2011032,357.20,1.75,WIFI
9C:0B:05:E0:9C:C4,,[WPA3_PSK],2025-12-2 23:12:46,6,-82,34.0469055,-117.2011032,357.20,1.75,WIFI
AC:E2:D3:E2:AF:76,DIRECT-75-HP OfficeJet Pro 6960,[WPA2_PSK],2025-12-2 23:12:46,6,-85,34.0469055,-117.2011032,357.20,1.75,WIFI
34:68:95:FA:1E:1B,MyWifi,[WPA_WPA2_PSK],2025-12-2 23:12:46,7,-83,34.0469055,-117.2011032,357.20,1.75,WIFI
16:0C:6B:2A:DE:6C,,[WPA2_PSK],2025-12-2 23:12:50,9,-88,34.0469589,-117.2009506,357.30,1.75,WIFI
86:69:1A:0A:50:C9,,[WPA2_PSK],2025-12-2 23:12:50,9,-89,34.0469589,-117.2009506,357.30,1.75,WIFI
1E:0C:6B:2A:DE:6C,Irie-IoT,[WPA2_PSK],2025-12-2 23:12:50,9,-89,34.0469589,-117.2009506,357.30,1.75,WIFI
2C:67:BE:0E:8E:17,Addieshome,[WPA2_PSK],2025-12-2 23:12:52,11,-80,34.0469856,-117.2008820,357.30,1.75,WIFI
F4:52:46:FF:A0:CF,SpectrumSetup-A0D2,[WPA2_PSK],2025-12-2 23:12:52,11,-83,34.0469856,-117.2008820,357.30,1.75,WIFI
F0:81:75:08:78:E6,MySpectrumWiFie0-2G,[WPA2_PSK],2025-12-2 23:12:55,1,-70,34.0470238,-117.2007904,357.30,1.75,WIFI
94:CD:FD:47:61:C3,,[WPA3_PSK],2025-12-2 23:13:1,6,-60,34.0471268,-117.2005615,357.10,1.75,WIFI
94:CD:FD:47:61:C9,,[OPEN],2025-12-2 23:13:1,6,-60,34.0471268,-117.2005615,357.10,1.75,WIFI
94:CD:FD:47:61:C6,EMZ,[WPA2_PSK],2025-12-2 23:13:1,6,-62,34.0471268,-117.2005615,357.10,1.75,WIFI
34:53:D2:BB:5B:67,DeadMoon,[WPA2_PSK],2025-12-2 23:13:1,6,-64,34.0471268,-117.2005615,357.10,1.75,WIFI
F4:52:46:BD:F3:A5,Hashslingingslasher,[WPA2_PSK],2025-12-2 23:13:1,6,-72,34.0471268,-117.2005615,357.10,1.75,WIFI
40:47:5E:34:56:69,,[OPEN],2025-12-2 23:13:1,6,-72,34.0471268,-117.2005615,357.10,1.75,WIFI
40:47:5E:34:56:66,Perez Family,[WPA2_PSK],2025-12-2 23:13:1,6,-72,34.0471268,-117.2005615,357.10,1.75,WIFI
40:47:5E:34:56:63,,[WPA3_PSK],2025-12-2 23:13:1,6,-73,34.0471268,-117.2005615,357.10,1.75,WIFI
D0:68:27:DF:41:09,,[OPEN],2025-12-2 23:13:1,6,-76,34.0471268,-117.2005615,357.10,1.75,WIFI
D0:68:27:DF:41:06,Burgers,[WPA2_PSK],2025-12-2 23:13:1,6,-77,34.0471268,-117.2005615,357.10,1.75,WIFI
E4:19:7F:4A:94:C3,,[WPA3_PSK],2025-12-2 23:13:1,6,-79,34.0471268,-117.2005615,357.10,1.75,WIFI
9C:0B:05:B0:8D:AA,,[OPEN],2025-12-2 23:13:1,6,-80,34.0471268,-117.2005615,357.10,1.75,WIFI
9C:0B:05:B0:8D:A7,jacksonhouse,[WPA2_PSK],2025-12-2 23:13:1,6,-80,34.0471268,-117.2005615,357.10,1.75,WIFI
D0:68:27:F8:A9:86,Burgers,[WPA2_PSK],2025-12-2 23:13:1,6,-80,34.0471268,-117.2005615,357.10,1.75,WIFI
9C:0B:05:B0:8D:A4,,[WPA3_PSK],2025-12-2 23:13:1,6,-81,34.0471268,-117.2005615,357.10,1.75,WIFI
60:F4:19:51:90:A3,,[WPA3_PSK],2025-12-2 23:13:1,6,-82,34.0471268,-117.2005615,357.10,1.75,WIFI
D0:68:27:FD:B9:C9,,[OPEN],2025-12-2 23:13:1,6,-82,34.0471268,-117.2005615,357.10,1.75,WIFI
D0:68:27:FD:B9:C6,Burgers,[WPA2_PSK],2025-12-2 23:13:1,6,-82,34.0471268,-117.2005615,357.10,1.75,WIFI
7C:2E:BD:89:0B:18,leoffice,[WPA2_PSK],2025-12-2 23:13:1,6,-87,34.0471268,-117.2005615,357.10,1.75,WIFI
80:69:1A:0A:50:C9,_LinksysSetup0C8,[WPA2_PSK],2025-12-2 23:13:5,9,-79,34.0471725,-117.2004700,356.50,1.75,WIFI
E4:19:7F:D5:98:0F,anaysbarbershop Guest,[WPA2_PSK],2025-12-2 23:13:7,11,-69,34.0471840,-117.2004471,356.40,1.75,WIFI
24:F3:E3:80:8F:09,,[OPEN],2025-12-2 23:13:7,11,-72,34.0471840,-117.2004471,356.40,1.75,WIFI
24:F3:E3:80:8F:03,,[WPA3_PSK],2025-12-2 23:13:7,11,-74,34.0471840,-117.2004471,356.40,1.75,WIFI
24:F3:E3:80:8F:06,Zeusx,[WPA2_PSK],2025-12-2 23:13:7,11,-75,34.0471840,-117.2004471,356.40,1.75,WIFI
24:F3:E3:15:74:C3,,[WPA3_PSK],2025-12-2 23:13:7,11,-76,34.0471840,-117.2004471,356.40,1.75,WIFI
A0:55:1F:19:A6:8C,SpectrumSetup-A686,[WPA2_PSK],2025-12-2 23:13:7,11,-77,34.0471840,-117.2004471,356.40,1.75,WIFI
8C:85:80:66:4E:68,,[WPA_WPA2_PSK],2025-12-2 23:13:14,4,-88,34.0471916,-117.2004395,356.40,1.75,WIFI
BE:F8:7E:1E:C9:54,Verizon_Rod_guest,[WPA2_WPA3_PSK],2025-12-2 23:13:16,6,-89,34.0471916,-117.2004395,356.40,1.75,WIFI
B0:19:21:E0:3E:23,Wifussy,[WPA2_PSK],2025-12-2 23:13:20,10,-87,34.0471878,-117.2004318,356.50,1.75,WIFI
24:F3:E3:FC:67:06,yaccub,[WPA2_PSK],2025-12-2 23:13:21,11,-67,34.0471878,-117.2004318,356.50,1.75,WIFI
E4:19:7F:D5:98:06,anaysbarbershop,[WPA2_PSK],2025-12-2 23:13:21,11,-68,34.0471878,-117.2004318,356.50,1.75,WIFI
E4:19:7F:D5:98:03,,[WPA3_PSK],2025-12-2 23:13:21,11,-69,34.0471878,-117.2004318,356.50,1.75,WIFI
F4:52:46:D9:0A:F5,SpectrumSetup-0AF8,[WPA2_PSK],2025-12-2 23:13:21,11,-83,34.0471878,-117.2004318,356.50,1.75,WIFI
06:5F:67:8D:F7:5E,,[WPA2_PSK],2025-12-2 23:13:29,5,-86,34.0472984,-117.2001953,356.20,1.75,WIFI
00:5F:67:8D:F7:5E,Adobo,[WPA2_PSK],2025-12-2 23:13:29,5,-88,34.0472984,-117.2001953,356.20,1.75,WIFI
D0:68:27:DF:41:03,,[WPA3_PSK],2025-12-2 23:13:30,6,-66,34.0473442,-117.2001038,356.20,1.75,WIFI
20:3A:0C:D9:1D:03,,[WPA3_PSK],2025-12-2 23:13:30,6,-73,34.0473442,-117.2001038,356.20,1.75,WIFI
20:3A:0C:D9:1D:09,,[OPEN],2025-12-2 23:13:30,6,-73,34.0473442,-117.2001038,356.20,1.75,WIFI
24:F3:E3:1C:A0:C9,,[OPEN],2025-12-2 23:13:30,6,-75,34.0473442,-117.2001038,356.20,1.75,WIFI
24:F3:E3:1C:A0:C6,LopezM14,[WPA2_PSK],2025-12-2 23:13:30,6,-75,34.0473442,-117.2001038,356.20,1.75,WIFI
24:F3:E3:1C:A0:C3,,[WPA3_PSK],2025-12-2 23:13:30,6,-76,34.0473442,-117.2001038,356.20,1.75,WIFI
C0:6F:98:91:C9:E9,,[OPEN],2025-12-2 23:13:30,6,-77,34.0473442,-117.2001038,356.20,1.75,WIFI
C0:C9:E3:CB:71:4C,M3_OfficeLink,[WPA2_WPA3_PSK],2025-12-2 23:13:32,8,-73,34.0474396,-117.1999207,356.40,1.75,WIFI
92:C9:E3:CB:71:4F,DrMRedlandsBest,[WPA2_WPA3_PSK],2025-12-2 23:13:32,8,-76,34.0474396,-117.1999207,356.40,1.75,WIFI
C8:7F:54:12:98:00,DeepDark,[WPA2_PSK],2025-12-2 23:13:34,10,-62,34.0475311,-117.1997452,356.60,1.75,WIFI
D2:19:21:E0:3E:23,,[WPA2_PSK],2025-12-2 23:13:34,10,-70,34.0475311,-117.1997452,356.60,1.75,WIFI
78:76:89:04:8F:24,,[WPA3_PSK],2025-12-2 23:13:35,11,-76,34.0475769,-117.1996613,356.70,1.75,WIFI
78:76:89:04:8F:27,Not The FBI,[WPA2_PSK],2025-12-2 23:13:35,11,-76,34.0475769,-117.1996613,356.70,1.75,WIFI
78:76:89:04:8F:2A,,[OPEN],2025-12-2 23:13:35,11,-77,34.0475769,-117.1996613,356.70,1.75,WIFI
AC:B6:87:32:80:DB,Verizon_647KQZ,[WPA2_PSK],2025-12-2 23:13:35,11,-77,34.0475769,-117.1996613,356.70,1.75,WIFI
00:1C:C2:A1:27:94,A9047L-8K-95,[OPEN],2025-12-2 23:13:35,11,-80,34.0475769,-117.1996613,356.70,1.75,WIFI
44:D4:53:81:E1:DE,SpectrumSetup-D8,[WPA2_PSK],2025-12-2 23:13:35,11,-85,34.0475769,-117.1996613,356.70,1.75,WIFI
48:D2:4F:FD:AB:5E,SpectrumSetup-58,[WPA2_PSK],2025-12-2 23:13:35,11,-86,34.0475769,-117.1996613,356.70,1.75,WIFI
20:3A:0C:2D:E1:83,,[WPA3_PSK],2025-12-2 23:13:36,1,-71,34.0476189,-117.1995926,356.70,1.75,WIFI
20:3A:0C:2D:E1:89,,[OPEN],2025-12-2 23:13:36,1,-73,34.0476189,-117.1995926,356.70,1.75,WIFI
C4:A8:16:AD:D1:C3,,[WPA3_PSK],2025-12-2 23:13:36,1,-75,34.0476189,-117.1995926,356.70,1.75,WIFI
C4:A8:16:AD:D1:C6,arashi,[WPA2_PSK],2025-12-2 23:13:36,1,-75,34.0476189,-117.1995926,356.70,1.75,WIFI
F8:5B:3B:D7:15:FF,SpectrumSetup-01,[WPA2_PSK],2025-12-2 23:13:36,1,-75,34.0476189,-117.1995926,356.70,1.75,WIFI
20:3A:0C:2D:E1:86,Rambo13,[WPA2_PSK],2025-12-2 23:13:36,1,-77,34.0476189,-117.1995926,356.70,1.75,WIFI
00:C8:96:CD:64:C2,,[WPA_WPA2_PSK],2025-12-2 23:13:36,1,-78,34.0476189,-117.1995926,356.70,1.75,WIFI
A0:89:66:9C:44:00,,[WPA_WPA2_PSK],2025-12-2 23:13:36,1,-82,34.0476189,-117.1995926,356.70,1.75,WIFI
F8:5B:3B:D7:73:9F,SpectrumSetup-A1,[WPA2_PSK],2025-12-2 23:13:44,6,-70,34.0478554,-117.1991425,357.00,1.75,WIFI
BC:96:E5:87:49:57,SpectrumSetup-9231,[WPA2_PSK],2025-12-2 23:13:44,6,-74,34.0478554,-117.1991425,357.00,1.75,WIFI
9A:9C:27:E7:3C:C2,SpectrumSetup-C1,[WPA2_PSK],2025-12-2 23:13:44,6,-77,34.0478554,-117.1991425,357.00,1.75,WIFI
BC:F8:7E:2E:C9:54,Virus Download,[WPA2_PSK],2025-12-2 23:13:44,6,-78,34.0478554,-117.1991425,357.00,1.75,WIFI
D8:8E:D4:69:7C:89,,[OPEN],2025-12-2 23:13:44,6,-81,34.0478554,-117.1991425,357.00,1.75,WIFI
FC:12:63:B9:5A:D5,SpectrumSetup-D7,[WPA2_PSK],2025-12-2 23:13:44,6,-82,34.0478554,-117.1991425,357.00,1.75,WIFI
D8:8E:D4:69:7C:83,,[WPA3_PSK],2025-12-2 23:13:44,6,-82,34.0478554,-117.1991425,357.00,1.75,WIFI
D8:8E:D4:69:7C:86,Wilson Home,[WPA2_PSK],2025-12-2 23:13:44,6,-82,34.0478554,-117.1991425,357.00,1.75,WIFI
84:1E:A3:29:25:06,SpectrumSetup-00,[WPA2_PSK],2025-12-2 23:13:44,6,-83,34.0478554,-117.1991425,357.00,1.75,WIFI
96:9A:4A:B7:E2:D6,,[WPA2_PSK],2025-12-2 23:13:44,7,-85,34.0478554,-117.1991425,357.00,1.75,WIFI
90:CD:B6:A1:22:2D,WIFIA12229,[WPA2_PSK],2025-12-2 23:13:49,11,-65,34.0479012,-117.1990585,357.00,1.75,WIFI
92:93:5A:0D:CD:2A,SBG8300Guest-F9E1,[WPA2_PSK],2025-12-2 23:13:49,11,-72,34.0479012,-117.1990585,357.00,1.75,WIFI
A0:55:1F:1E:83:8D,SpectrumSetup-8387,[WPA2_PSK],2025-12-2 23:13:49,11,-75,34.0479012,-117.1990585,357.00,1.75,WIFI
8C:83:94:67:E0:B6,Verizon_CQD7L7,[WPA2_PSK],2025-12-2 23:13:49,11,-81,34.0479012,-117.1990585,357.00,1.75,WIFI
74:37:5F:DA:8B:77,SpectrumSetup-75,[WPA2_PSK],2025-12-2 23:13:49,11,-89,34.0479012,-117.1990585,357.00,1.75,WIFI
4C:22:F3:37:C1:FF,Verizon_S6PV6L,[WPA2_PSK],2025-12-2 23:13:51,1,-76,34.0479012,-117.1990585,357.00,1.75,WIFI
BC:96:E5:87:97:FB,SpectrumSetup-97F7,[WPA2_PSK],2025-12-2 23:13:51,1,-81,34.0479012,-117.1990585,357.00,1.75,WIFI
84:1E:A3:CB:20:46,MooMooMeadows,[WPA2_PSK],2025-12-2 23:13:51,1,-83,34.0479012,-117.1990585,357.00,1.75,WIFI
F6:92:BF:57:54:2A,,[WPA2_PSK],2025-12-2 23:13:51,1,-86,34.0479012,-117.1990585,357.00,1.75,WIFI
80:78:71:D8:20:26,SpectrumSetup-28,[WPA2_PSK],2025-12-2 23:13:51,1,-86,34.0479012,-117.1990585,357.00,1.75,WIFI
5E:96:71:F3:F2:86,Verizon_Rod_guest,[WPA2_WPA3_PSK],2025-12-2 23:13:58,6,-80,34.0479507,-117.1989594,356.90,1.75,WIFI
96:9A:4A:B8:11:66,,[WPA2_PSK],2025-12-2 23:13:59,7,-83,34.0479774,-117.1989212,356.90,1.75,WIFI
A0:8E:24:7D:8D:25,Wilson Clinic,[WPA2_PSK],2025-12-2 23:14:3,11,-74,34.0481110,-117.1986618,357.10,1.75,WIFI
A0:8E:24:7D:72:A3,,[WPA3_PSK],2025-12-2 23:14:3,11,-75,34.0481110,-117.1986618,357.10,1.75,WIFI
A0:8E:24:7D:72:A7,,[OPEN],2025-12-2 23:14:3,11,-75,34.0481110,-117.1986618,357.10,1.75,WIFI
A0:8E:24:7D:72:A5,Wilson Clinic,[WPA2_PSK],2025-12-2 23:14:3,11,-75,34.0481110,-117.1986618,357.10,1.75,WIFI
64:DA:ED:0E:13:C7,,[OPEN],2025-12-2 23:14:3,11,-77,34.0481110,-117.1986618,357.10,1.75,WIFI
CA:5A:CF:CE:BE:49,DIRECT-49-HP OfficeJet Pro 8020,[WPA2_PSK],2025-12-2 23:14:3,11,-77,34.0481110,-117.1986618,357.10,1.75,WIFI
64:DA:ED:0E:13:C5,Wilson Clinic,[WPA2_PSK],2025-12-2 23:14:3,11,-78,34.0481110,-117.1986618,357.10,1.75,WIFI
34:DB:9C:6C:3F:FE,MySpectrumWiFif8-2G,[WPA2_PSK],2025-12-2 23:14:3,11,-79,34.0481110,-117.1986618,357.10,1.75,WIFI
64:DA:ED:0C:A5:C7,,[OPEN],2025-12-2 23:14:3,11,-79,34.0481110,-117.1986618,357.10,1.75,WIFI
64:DA:ED:0E:13:C3,,[WPA3_PSK],2025-12-2 23:14:3,11,-80,34.0481110,-117.1986618,357.10,1.75,WIFI
64:DA:ED:0C:A5:C5,Wilson Clinic,[WPA2_PSK],2025-12-2 23:14:3,11,-80,34.0481110,-117.1986618,357.10,1.75,WIFI
64:DA:ED:0C:A5:C3,,[WPA3_PSK],2025-12-2 23:14:3,11,-81,34.0481110,-117.1986618,357.10,1.75,WIFI
F0:7B:65:CC:0B:8C,Casa de Pineda-Fi,[WPA2_PSK],2025-12-2 23:14:3,11,-84,34.0481110,-117.1986618,357.10,1.75,WIFI
4C:AB:F8:E3:65:BB,SpectrumSetup-BD,[WPA2_PSK],2025-12-2 23:14:3,11,-85,34.0481110,-117.1986618,357.10,1.75,WIFI
E8:FC:AF:AF:F1:EF,ngHub_319446NU03D61,[WPA2_PSK],2025-12-2 23:14:3,11,-87,34.0481110,-117.1986618,357.10,1.75,WIFI
BC:82:5D:57:CF:5E,Joybpt,[WPA2_PSK],2025-12-2 23:14:7,1,-72,34.0482864,-117.1983414,357.20,1.75,WIFI
34:53:D2:CC:08:E2,Bartlett,[WPA2_PSK],2025-12-2 23:14:7,1,-79,34.0482864,-117.1983414,357.20,1.75,WIFI
88:DE:7C:32:E4:F9,SpectrumSetup-FB,[WPA2_PSK],2025-12-2 23:14:7,1,-85,34.0482864,-117.1983414,357.20,1.75,WIFI
0E:EA:14:14:34:7A,,[WPA2_PSK],2025-12-2 23:14:7,1,-89,34.0482864,-117.1983414,357.20,1.75,WIFI
6A:19:21:57:AD:0E,SpectrumSetup-CF_2.4GEXT,[WPA2_PSK],2025-12-2 23:14:9,2,-84,34.0483971,-117.1981506,357.20,1.75,WIFI
CC:40:D0:05:83:4C,NETGEAR86,[WPA2_PSK],2025-12-2 23:14:12,5,-66,34.0485725,-117.1978302,357.80,1.75,WIFI
A4:11:62:CA:12:34,ARLO_VMB_2804592903,[WPA2_PSK],2025-12-2 23:14:12,5,-77,34.0485725,-117.1978302,357.80,1.75,WIFI
CE:40:D0:7D:51:58,IYBI-Guest,[WPA2_PSK],2025-12-2 23:14:12,5,-79,34.0485725,-117.1978302,357.80,1.75,WIFI
74:37:5F:26:BF:83,SpectrumSetup-81,[WPA2_PSK],2025-12-2 23:14:13,6,-66,34.0486374,-117.1977234,357.90,1.75,WIFI
58:96:71:F3:F2:86,Virus Download,[WPA2_PSK],2025-12-2 23:14:13,6,-76,34.0486374,-117.1977234,357.90,1.75,WIFI
3C:37:86:95:34:80,NETGEAR,[WPA2_PSK],2025-12-2 23:14:16,9,-91,34.0488396,-117.1973572,358.90,1.75,WIFI
74:37:5F:DA:46:A3,Kat,[WPA2_PSK],2025-12-2 23:14:18,11,-62,34.0489731,-117.1971130,359.40,1.75,WIFI
D4:3F:32:97:5A:26,SilverFox,[WPA2_PSK],2025-12-2 23:14:18,11,-68,34.0489731,-117.1971130,359.40,1.75,WIFI
90:D3:CF:E3:AF:83,SpectrumSetup-4338,[WPA2_PSK],2025-12-2 23:14:18,11,-68,34.0489731,-117.1971130,359.40,1.75,WIFI
4C:19:5D:2C:9F:97,SpectrumSetup-42CC,[WPA2_PSK],2025-12-2 23:14:18,11,-71,34.0489731,-117.1971130,359.40,1.75,WIFI
58:96:71:D0:CC:8E,Verizon_X3FT6K,[WPA2_PSK],2025-12-2 23:14:18,11,-78,34.0489731,-117.1971130,359.40,1.75,WIFI
F0:7B:65:95:34:0E,A_J,[WPA2_PSK],2025-12-2 23:14:18,11,-78,34.0489731,-117.1971130,359.40,1.75,WIFI
12:7B:65:CC:0B:8D,,[WPA2_PSK],2025-12-2 23:14:18,11,-81,34.0489731,-117.1971130,359.40,1.75,WIFI
12:7B:65:CC:0B:8E,,[WPA2_PSK],2025-12-2 23:14:18,11,-81,34.0489731,-117.1971130,359.40,1.75,WIFI
0C:EA:14:E4:35:7E,Square Carolyn's,[WPA2_PSK],2025-12-2 23:14:18,11,-83,34.0489731,-117.1971130,359.40,1.75,WIFI
74:37:5F:55:E9:1B,SpectrumSetup-19,[WPA2_PSK],2025-12-2 23:14:18,11,-86,34.0489731,-117.1971130,359.40,1.75,WIFI
F4:52:46:9C:5F:E0,SpectrumSetup-5FE3,[WPA2_PSK],2025-12-2 23:14:18,11,-86,34.0489731,-117.1971130,359.40,1.75,WIFI
80:78:71:49:B3:CD,SpectrumSetup-CF,[WPA2_PSK],2025-12-2 23:14:18,1,-62,34.0489731,-117.1971130,359.40,1.75,WIFI
F4:05:95:9F:11:1C,Fie-15g,[WPA2_PSK],2025-12-2 23:14:18,1,-68,34.0489731,-117.1971130,359.40,1.75,WIFI
14:7D:05:4E:07:C3,SpectrumSetup-C1,[WPA2_PSK],2025-12-2 23:14:18,1,-70,34.0489731,-117.1971130,359.40,1.75,WIFI
2C:58:4F:1F:5D:28,Frontier9712,[WPA2_PSK],2025-12-2 23:14:18,1,-78,34.0489731,-117.1971130,359.40,1.75,WIFI
84:1E:A3:21:A0:B6,SpectrumSetup-B0,[WPA2_PSK],2025-12-2 23:14:18,1,-79,34.0489731,-117.1971130,359.40,1.75,WIFI
5C:18:DD:EB:5E:04,,[WPA_WPA2_PSK],2025-12-2 23:14:18,1,-80,34.0489731,-117.1971130,359.40,1.75,WIFI
CC:58:30:F7:8D:A7,TMOBILE-8DA1,[WPA2_WPA3_PSK],2025-12-2 23:14:18,1,-80,34.0489731,-117.1971130,359.40,1.75,WIFI
24:F3:E3:C1:0D:46,Live By the Creed,[WPA2_PSK],2025-12-2 23:14:18,1,-80,34.0489731,-117.1971130,359.40,1.75,WIFI
18:A9:ED:4B:FC:06,Live By the Creed,[WPA2_PSK],2025-12-2 23:14:18,1,-82,34.0489731,-117.1971130,359.40,1.75,WIFI
1A:93:7F:AA:CA:C4,SunPower50275,[WPA2_PSK],2025-12-2 23:14:18,1,-83,34.0489731,-117.1971130,359.40,1.75,WIFI
2C:EA:DC:2E:17:D5,SpectrumSetup-D7,[WPA2_PSK],2025-12-2 23:14:18,1,-91,34.0489731,-117.1971130,359.40,1.75,WIFI
1A:0C:6B:DD:53:A9,BROOKSIDEMANOR,[WPA2_WPA3_PSK],2025-12-2 23:14:24,3,-86,34.0493851,-117.1963654,360.30,1.75,WIFI
CE:9E:43:D8:13:F2,ORBI86,[WPA2_PSK],2025-12-2 23:14:24,3,-88,34.0493851,-117.1963654,360.30,1.75,WIFI
54:07:7D:10:43:23,TP-LINK_785058,[WPA3_PSK],2025-12-2 23:14:26,5,-66,34.0495224,-117.1961212,360.80,1.75,WIFI
F8:08:4F:D6:10:4E,SpectrumSetup-48,[WPA2_PSK],2025-12-2 23:14:27,6,-66,34.0495911,-117.1959991,360.80,1.75,WIFI
BC:FD:0C:99:15:62,KiaraCam,[WPA2_PSK],2025-12-2 23:14:27,6,-66,34.0495911,-117.1959991,360.80,1.75,WIFI
F0:7B:65:EF:A4:DA,SpectrumSetup-A4D4,[WPA2_PSK],2025-12-2 23:14:27,6,-66,34.0495911,-117.1959991,360.80,1.75,WIFI
02:12:63:05:52:F8,CoxFamilyPalace-Guest,[WPA2_PSK],2025-12-2 23:14:27,6,-70,34.0495911,-117.1959991,360.80,1.75,WIFI
72:CC:9C:3E:C9:B7,Oktoberfest-Guest,[WPA2_PSK],2025-12-2 23:14:28,7,-72,34.0496597,-117.1958771,360.80,1.75,WIFI
80:CC:9C:3E:C9:B6,Oktoberfest,[WPA2_PSK],2025-12-2 23:14:28,7,-74,34.0496597,-117.1958771,360.80,1.75,WIFI
42:AE:30:A8:93:04,,[WPA2_PSK],2025-12-2 23:14:30,9,-72,34.0497932,-117.1956329,360.60,1.75,WIFI
F0:A7:31:67:75:5B,wanna get pizza?,[WPA2_PSK],2025-12-2 23:14:30,9,-78,34.0497932,-117.1956329,360.60,1.75,WIFI
F2:A7:31:27:75:5B,,[WPA2_PSK],2025-12-2 23:14:30,9,-83,34.0497932,-117.1956329,360.60,1.75,WIFI
A8:13:0B:A4:FB:C8,arana/esparza,[WPA2_PSK],2025-12-2 23:14:32,11,-73,34.0499229,-117.1953964,360.20,1.75,WIFI
0E:5A:25:22:87:65,SpectrumSetup-64,[WPA2_PSK],2025-12-2 23:14:32,11,-83,34.0499229,-117.1953964,360.20,1.75,WIFI
88:DE:7C:B5:47:2C,Gogorouterrangers,[WPA2_PSK],2025-12-2 23:14:35,1,-67,34.0501251,-117.1950302,360.30,1.75,WIFI
24:41:FE:B7:88:BA,Verizon_N6FHD3,[WPA2_PSK],2025-12-2 23:14:35,1,-73,34.0501251,-117.1950302,360.30,1.75,WIFI
B8:66:85:D7:C5:46,MySpectrumWiFi40-2G,[WPA2_PSK],2025-12-2 23:14:35,1,-76,34.0501251,-117.1950302,360.30,1.75,WIFI
F4:05:95:AB:D3:7A,GigaNet,[WPA2_PSK],2025-12-2 23:14:35,1,-82,34.0501251,-117.1950302,360.30,1.75,WIFI
74:37:5F:A8:03:87,SpectrumSetup-85,[WPA2_PSK],2025-12-2 23:14:35,1,-83,34.0501251,-117.1950302,360.30,1.75,WIFI
4C:19:5D:10:6E:4B,SpectrumSetup-45,[WPA2_PSK],2025-12-2 23:14:35,1,-85,34.0501251,-117.1950302,360.30,1.75,WIFI
F0:7B:65:6C:8D:67,SpectrumSetup-8D61,[WPA2_PSK],2025-12-2 23:14:35,1,-86,34.0501251,-117.1950302,360.30,1.75,WIFI
16:0C:6B:DD:53:A9,ORBI86,[WPA2_PSK],2025-12-2 23:14:39,3,-79,34.0503960,-117.1945419,360.80,1.75,WIFI
8C:85:80:1B:66:8A,,[WPA_WPA2_PSK],2025-12-2 23:14:39,3,-85,34.0503960,-117.1945419,360.80,1.75,WIFI
1C:3B:F3:9C:9B:8B,CHATHOME_2G,[WPA2_PSK],2025-12-2 23:14:39,3,-87,34.0503960,-117.1945419,360.80,1.75,WIFI
A8:9A:93:BE:54:7E,Arias,[WPA2_PSK],2025-12-2 23:14:39,4,-76,34.0503960,-117.1945419,360.80,1.75,WIFI
78:D6:D6:C0:20:05,TP-LINK_1B8B_5G,[WPA2_PSK],2025-12-2 23:14:42,6,-70,34.0505905,-117.1941910,361.30,1.75,WIFI
78:D6:D6:C0:20:03,,[WPA3_PSK],2025-12-2 23:14:42,6,-70,34.0505905,-117.1941910,361.30,1.75,WIFI
78:D6:D6:C0:20:07,,[OPEN],2025-12-2 23:14:42,6,-70,34.0505905,-117.1941910,361.30,1.75,WIFI
4C:AB:F8:45:E8:F1,PalmTree.Wifi,[WPA2_PSK],2025-12-2 23:14:42,6,-72,34.0505905,-117.1941910,361.30,1.75,WIFI
F4:69:42:59:D4:47,SpectrumSetup-49,[WPA2_PSK],2025-12-2 23:14:42,6,-72,34.0505905,-117.1941910,361.30,1.75,WIFI
58:9B:4A:88:22:69,yallgotsomesugar,[WPA2_PSK],2025-12-2 23:14:42,6,-72,34.0505905,-117.1941910,361.30,1.75,WIFI
F0:21:E0:0D:82:63,,[WPA3_PSK],2025-12-2 23:14:42,6,-74,34.0505905,-117.1941910,361.30,1.75,WIFI
F0:21:E0:0D:82:65,SunOfUs,[WPA2_WPA3_PSK],2025-12-2 23:14:42,6,-76,34.0505905,-117.1941910,361.30,1.75,WIFI
F0:21:E0:0D:82:6B,SunOfUs Guest,[WPA2_WPA3_PSK],2025-12-2 23:14:42,6,-76,34.0505905,-117.1941910,361.30,1.75,WIFI
2C:67:BE:39:38:6A,TELL YOUR WiFi I SAY HI,[WPA2_PSK],2025-12-2 23:14:42,6,-77,34.0505905,-117.1941910,361.30,1.75,WIFI
F0:21:E0:0E:BD:A3,,[WPA3_PSK],2025-12-2 23:14:42,6,-80,34.0505905,-117.1941910,361.30,1.75,WIFI
24:41:FE:88:DF:E2,FK 22,[WPA2_PSK],2025-12-2 23:14:42,6,-80,34.0505905,-117.1941910,361.30,1.75,WIFI
24:41:FE:8D:05:46,GOLDENGIRLS,[WPA2_PSK],2025-12-2 23:14:42,6,-83,34.0505905,-117.1941910,361.30,1.75,WIFI
CE:9E:43:A3:A6:3E,chartique,[WPA2_PSK],2025-12-2 23:14:44,8,-68,34.0507202,-117.1939697,361.20,1.75,WIFI
D2:9E:43:A3:A6:3E,,[WPA2_PSK],2025-12-2 23:14:44,8,-72,34.0507202,-117.1939697,361.20,1.75,WIFI
84:A0:6E:C3:A2:1E,MySpectrumWiFi18-2G,[WPA2_PSK],2025-12-2 23:14:44,8,-89,34.0507202,-117.1939697,361.20,1.75,WIFI
74:FE:CE:A7:83:48,SpectrumSetup-60,[WPA2_PSK],2025-12-2 23:14:46,10,-78,34.0508385,-117.1937485,361.20,1.75,WIFI
50:09:59:C5:D2:B2,resortstyleliving,[WPA2_PSK],2025-12-2 23:14:47,11,-60,34.0508957,-117.1936493,361.20,1.75,WIFI
54:65:DE:76:22:00,Tannya,[WPA_WPA2_PSK],2025-12-2 23:14:47,11,-74,34.0508957,-117.1936493,361.20,1.75,WIFI
A0:8A:06:C6:33:49,SpectrumSetup-334C,[WPA2_PSK],2025-12-2 23:14:47,11,-76,34.0508957,-117.1936493,361.20,1.75,WIFI
F0:7B:65:30:C8:5A,SpectrumSetup-C854,[WPA2_PSK],2025-12-2 23:14:47,11,-80,34.0508957,-117.1936493,361.20,1.75,WIFI
60:D5:61:13:FD:74,,[WPA2_PSK],2025-12-2 23:14:50,13,-87,34.0510483,-117.1933670,361.70,1.75,WIFI
5C:FA:25:BA:CA:2F,Prettylynn,[WPA2_PSK],2025-12-2 23:14:50,1,-63,34.0510483,-117.1933670,361.70,1.75,WIFI
4C:19:5D:49:A8:14,Jakes Wifi,[WPA2_PSK],2025-12-2 23:14:50,1,-67,34.0510483,-117.1933670,361.70,1.75,WIFI
4C:AB:F8:B4:F3:33,J&S WIFI,[WPA2_PSK],2025-12-2 23:14:50,1,-79,34.0510483,-117.1933670,361.70,1.75,WIFI
74:37:5F:27:3D:37,SincereParis,[WPA2_PSK],2025-12-2 23:14:50,1,-79,34.0510483,-117.1933670,361.70,1.75,WIFI
74:37:5F:70:63:2B,SpectrumSetup-29,[WPA2_PSK],2025-12-2 23:14:50,1,-82,34.0510483,-117.1933670,361.70,1.75,WIFI
D0:6D:C9:39:6C:B6,Frontier0401,[WPA2_PSK],2025-12-2 23:14:50,1,-85,34.0510483,-117.1933670,361.70,1.75,WIFI
20:9A:7D:20:83:56,SpectrumSetup-50,[WPA2_PSK],2025-12-2 23:14:50,1,-86,34.0510483,-117.1933670,361.70,1.75,WIFI
CA:DD:6A:00:9B:85,,[WPA2_PSK],2025-12-2 23:14:50,1,-86,34.0510483,-117.1933670,361.70,1.75,WIFI
98:ED:5C:FF:69:24,TeslaPV_FF6924,[WPA2_PSK],2025-12-2 23:14:53,3,-81,34.0511513,-117.1931839,361.90,1.75,WIFI
A6:40:A0:71:E2:CC,Ya Baby,[WPA2_PSK],2025-12-2 23:14:53,3,-89,34.0511513,-117.1931839,361.90,1.75,WIFI
A0:36:BC:1B:A3:38,PaddysPub,[WPA2_PSK],2025-12-2 23:14:54,4,-77,34.0511742,-117.1931458,362.00,1.50,WIFI
4C:AB:F8:59:18:95,SpectrumSetup-97,[WPA2_PSK],2025-12-2 23:14:56,6,-63,34.0512161,-117.1930695,362.10,1.50,WIFI
C8:B4:22:D0:81:15,SpectrumSetup-17,[WPA2_PSK],2025-12-2 23:14:56,6,-71,34.0512161,-117.1930695,362.10,1.50,WIFI
2C:67:BE:47:8F:9B,SpectrumSetup-8F97,[WPA2_PSK],2025-12-2 23:14:56,6,-74,34.0512161,-117.1930695,362.10,1.50,WIFI
CE:9E:43:A2:68:FE,chartique,[WPA2_PSK],2025-12-2 23:14:58,8,-59,34.0512505,-117.1930084,362.20,1.50,WIFI
A8:97:CD:D7:85:28,Frontier1664,[WPA2_PSK],2025-12-2 23:15:1,11,-73,34.0513000,-117.1929092,362.50,1.75,WIFI
BC:96:E5:87:36:DB,SpectrumSetup-36D7,[WPA2_PSK],2025-12-2 23:15:1,11,-80,34.0513000,-117.1929092,362.50,1.75,WIFI
26:5A:4C:C5:DC:55,SmilesRedlands-Guest,[WPA2_PSK],2025-12-2 23:15:1,11,-81,34.0513000,-117.1929092,362.50,1.75,WIFI
88:DE:7C:28:E0:61,Juanita1962,[WPA2_PSK],2025-12-2 23:15:1,11,-82,34.0513000,-117.1929092,362.50,1.75,WIFI
26:5A:4C:A5:DC:55,SW-IOT,[WPA2_PSK],2025-12-2 23:15:1,11,-82,34.0513000,-117.1929092,362.50,1.75,WIFI
26:5A:4C:95:BE:67,LinkZone,[WPA2_PSK],2025-12-2 23:15:1,11,-84,34.0513000,-117.1929092,362.50,1.75,WIFI
54:47:CC:E8:11:56,Frontier2179,[WPA2_PSK],2025-12-2 23:15:1,11,-84,34.0513000,-117.1929092,362.50,1.75,WIFI
24:5A:4C:85:BE:67,SW,[WPA2_PSK],2025-12-2 23:15:1,11,-85,34.0513000,-117.1929092,362.50,1.75,WIFI
24:EC:4A:E6:C2:1D,PL-WF105-1CC2,[OPEN],2025-12-2 23:15:3,1,-83,34.0513268,-117.1928635,362.90,1.50,WIFI
A0:8A:06:9F:43:6E,SpectrumSetup-E3,[WPA2_PSK],2025-12-2 23:15:3,1,-85,34.0513268,-117.1928635,362.90,1.50,WIFI
BC:10:2F:37:8D:A0,[range]_E30AJT7113744T,[WPA2_PSK],2025-12-2 23:15:3,1,-85,34.0513268,-117.1928635,362.90,1.50,WIFI
D8:EC:5E:94:4A:CA,DA_CALI_KING,[WPA2_PSK],2025-12-2 23:15:3,1,-87,34.0513268,-117.1928635,362.90,1.50,WIFI
34:98:B5:C1:D5:8C,NETGEAR37,[WPA2_PSK],2025-12-2 23:15:7,3,-89,34.0513992,-117.1927338,363.60,1.50,WIFI
54:47:CC:F8:B1:26,Frontier1199,[WPA2_PSK],2025-12-2 23:15:10,6,-66,34.0514793,-117.1925735,364.30,1.50,WIFI
88:DE:7C:C6:AD:59,SpectrumSetup-5B,[WPA2_PSK],2025-12-2 23:15:10,6,-69,34.0514793,-117.1925735,364.30,1.50,WIFI
A0:8A:06:63:9E:1B,SpectrumSetup-AEC4,[WPA2_PSK],2025-12-2 23:15:10,6,-72,34.0514793,-117.1925735,364.30,1.50,WIFI
80:CC:9C:96:F1:42,Elite_Guest,[WPA2_PSK],2025-12-2 23:15:10,6,-75,34.0514793,-117.1925735,364.30,1.50,WIFI
3C:37:86:4B:1F:7E,NETGEAR62,[WPA2_PSK],2025-12-2 23:15:14,10,-75,34.0515938,-117.1923752,364.80,1.50,WIFI
88:DE:7C:D3:F7:AD,SpectrumSetup-AF,[WPA2_PSK],2025-12-2 23:15:15,11,-62,34.0516167,-117.1923447,364.20,1.50,WIFI
4C:19:5D:AF:EF:81,Pánfilosworld,[WPA2_PSK],2025-12-2 23:15:15,11,-74,34.0516167,-117.1923447,364.20,1.50,WIFI
A0:EE:EE:D7:92:38,,[WPA_WPA2_PSK],2025-12-2 23:15:17,1,-69,34.0516472,-117.1923065,364.30,1.50,WIFI
94:F7:17:E8:F9:A8,,[WPA_WPA2_PSK],2025-12-2 23:15:17,1,-81,34.0516472,-117.1923065,364.30,1.50,WIFI
0C:83:CC:F8:50:85,tlf85085,[WPA2_PSK],2025-12-2 23:15:17,1,-84,34.0516472,-117.1923065,364.30,1.50,WIFI
6C:CD:D6:0D:B6:B1,NETGEAR89,[WPA2_PSK],2025-12-2 23:15:22,4,-78,34.0517120,-117.1921844,364.70,1.50,WIFI
FC:12:63:D7:71:0E,SpectrumSetup-10,[WPA2_PSK],2025-12-2 23:15:24,6,-71,34.0517502,-117.1921158,365.10,1.50,WIFI
40:AE:30:CB:4A:9A,Guest0784_EXT,[WPA2_PSK],2025-12-2 23:15:24,6,-83,34.0517502,-117.1921158,365.10,1.50,WIFI
FA:8F:CA:8A:89:77,JBL Bar 5.1_1648.l025,[OPEN],2025-12-2 23:15:24,6,-87,34.0517502,-117.1921158,365.10,1.50,WIFI
E2:D3:62:29:E4:E7,,[WPA2_PSK],2025-12-2 23:15:25,7,-78,34.0517693,-117.1920776,365.20,1.50,WIFI
72:98:B5:69:E6:99,SHWING Network-Guest,[WPA2_PSK],2025-12-2 23:15:26,8,-88,34.0517807,-117.1920547,365.20,1.50,WIFI
94:18:65:EC:AF:22,Frontier1637,[WPA2_PSK],2025-12-2 23:15:27,9,-60,34.0517921,-117.1920319,365.20,1.50,WIFI
2C:67:BE:1E:EA:64,Avila’s,[WPA2_PSK],2025-12-2 23:15:29,11,-52,34.0518112,-117.1920013,365.30,1.50,WIFI
26:5A:4C:95:DC:55,LinkZone,[WPA2_PSK],2025-12-2 23:15:29,11,-74,34.0518112,-117.1920013,365.30,1.50,WIFI
26:5A:4C:B5:DC:55,,[WPA2_PSK],2025-12-2 23:15:29,11,-75,34.0518112,-117.1920013,365.30,1.50,WIFI
0A:7B:C8:A8:B6:45,MOR Public,[WPA2_PSK],2025-12-2 23:15:29,11,-77,34.0518112,-117.1920013,365.30,1.50,WIFI
06:7B:C8:A8:B6:45,AK Smiley Staff,[WPA2_PSK],2025-12-2 23:15:29,11,-77,34.0518112,-117.1920013,365.30,1.50,WIFI
02:7B:C8:A8:B6:45,MOR IoT,[WPA2_PSK],2025-12-2 23:15:29,11,-79,34.0518112,-117.1920013,365.30,1.50,WIFI
0C:7B:C8:A8:B6:45,AK Smiley Private,[WPA2_PSK],2025-12-2 23:15:29,11,-80,34.0518112,-117.1920013,365.30,1.50,WIFI
18:0C:7A:9F:7A:D6,Frontier1105,[WPA2_PSK],2025-12-2 23:15:31,1,-68,34.0518227,-117.1919861,365.30,1.50,WIFI
2C:67:BE:45:FB:7C,SpectrumSetup-FB78,[WPA2_PSK],2025-12-2 23:15:31,1,-86,34.0518227,-117.1919861,365.30,1.50,WIFI
44:D4:53:7C:1B:86,SpectrumSetup-80,[WPA2_PSK],2025-12-2 23:15:31,1,-87,34.0518227,-117.1919861,365.30,1.50,WIFI
00:C8:96:D1:41:E2,,[WPA_WPA2_PSK],2025-12-2 23:15:31,1,-88,34.0518227,-117.1919861,365.30,1.50,WIFI
A0:89:66:E1:C9:7C,,[WPA_WPA2_PSK],2025-12-2 23:15:31,1,-90,34.0518227,-117.1919861,365.30,1.50,WIFI
CC:CF:83:48:70:70,,[WPA_WPA2_PSK],2025-12-2 23:15:31,1,-90,34.0518227,-117.1919861,365.30,1.50,WIFI
A0:8A:06:5A:A3:99,Simbas wifi,[WPA2_PSK],2025-12-2 23:15:38,6,-78,34.0518265,-117.1919785,365.90,1.50,WIFI
A0:7F:8A:58:1B:BC,SpectrumSetup-1BB6,[WPA2_PSK],2025-12-2 23:15:38,6,-79,34.0518265,-117.1919785,365.90,1.50,WIFI
74:37:5F:EF:46:5F,SpectrumSetup-5D,[WPA2_PSK],2025-12-2 23:15:38,6,-82,34.0518265,-117.1919785,365.90,1.50,WIFI
74:93:DA:57:8F:D5,SpectrumSetup-D7,[WPA2_PSK],2025-12-2 23:15:38,6,-84,34.0518265,-117.1919785,365.90,1.50,WIFI
D4:5D:64:9D:C3:B0,ASUS_B0,[OPEN],2025-12-2 23:15:39,7,-85,34.0518265,-117.1919785,366.10,1.50,WIFI
D2:9E:43:A2:68:FE,,[WPA2_PSK],2025-12-2 23:15:40,8,-80,34.0518265,-117.1919708,366.20,1.50,WIFI
32:7B:C8:A8:B6:45,,[WPA2_PSK],2025-12-2 23:15:43,11,-76,34.0518265,-117.1919708,366.60,1.50,WIFI
30:93:BC:81:15:F6,PEARLY WHITES,[WPA2_PSK],2025-12-2 23:15:43,11,-79,34.0518265,-117.1919708,366.60,1.50,WIFI
2A:97:CD:74:82:23,lazorfamily,[WPA2_PSK],2025-12-2 23:15:45,1,-70,34.0518265,-117.1919708,366.70,1.50,WIFI
88:DC:97:0C:90:90,SGH WAP,[WPA2_PSK],2025-12-2 23:15:51,5,-89,34.0518761,-117.1918716,367.20,1.50,WIFI
E4:55:A8:5D:82:CD,AK Smiley Private,[WPA2_PSK],2025-12-2 23:15:52,6,-74,34.0519142,-117.1918030,367.40,1.50,WIFI
EA:55:A8:5D:82:CD,MOR IoT,[WPA2_PSK],2025-12-2 23:15:52,6,-74,34.0519142,-117.1918030,367.40,1.50,WIFI
EE:55:A8:5D:82:CD,AK Smiley Staff,[WPA2_PSK],2025-12-2 23:15:52,6,-75,34.0519142,-117.1918030,367.40,1.50,WIFI
22:48:6C:5B:9E:FA,,[WPA2_PSK],2025-12-2 23:15:52,6,-75,34.0519142,-117.1918030,367.40,1.50,WIFI
E2:55:A8:5D:82:CD,MOR Public,[WPA2_PSK],2025-12-2 23:15:52,6,-76,34.0519142,-117.1918030,367.40,1.50,WIFI
F8:5B:3B:31:0C:DC,Della Donna,[WPA2_PSK],2025-12-2 23:15:52,6,-81,34.0519142,-117.1918030,367.40,1.50,WIFI
4C:AB:F8:25:27:3F,Wirefoxterriers,[WPA2_PSK],2025-12-2 23:15:52,6,-83,34.0519142,-117.1918030,367.40,1.50,WIFI
34:98:B5:69:E6:98,SHWING Network,[WPA2_PSK],2025-12-2 23:15:54,8,-85,34.0520172,-117.1916275,368.00,1.50,WIFI
6C:CD:D6:EB:F5:AF,ATS_ORBI,[WPA2_PSK],2025-12-2 23:15:55,9,-86,34.0520630,-117.1915359,368.30,1.50,WIFI
98:1E:19:6C:2B:1E,MySpectrumWiFi18-2G,[WPA2_PSK],2025-12-2 23:15:57,11,-65,34.0521507,-117.1913757,368.50,1.50,WIFI
72:CD:D6:C2:38:21,PSD,[WPA2_PSK],2025-12-2 23:15:57,11,-65,34.0521507,-117.1913757,368.50,1.50,WIFI
A0:7F:8A:32:B0:5C,Daviddarkhold1,[WPA2_PSK],2025-12-2 23:15:57,11,-68,34.0521507,-117.1913757,368.50,1.50,WIFI
C0:6F:98:7E:8B:C3,,[WPA3_PSK],2025-12-2 23:15:57,11,-84,34.0521507,-117.1913757,368.50,1.50,WIFI
B0:19:21:23:ED:4E,FiOS-R5L06_EXT,[WPA2_PSK],2025-12-2 23:15:57,11,-85,34.0521507,-117.1913757,368.50,1.50,WIFI
C0:6F:98:7E:8B:C9,,[OPEN],2025-12-2 23:15:57,11,-85,34.0521507,-117.1913757,368.50,1.50,WIFI
2A:80:88:33:05:56,NETGEAR43-Guest,[WPA2_PSK],2025-12-2 23:16:4,4,-85,34.0522614,-117.1911774,368.70,1.50,WIFI
8E:DC:97:0C:90:90,SGH Guest,[WPA2_PSK],2025-12-2 23:16:5,5,-86,34.0522614,-117.1911697,368.80,1.50,WIFI
80:69:1A:22:A0:36,Wifi4cocomelon,[WPA2_WPA3_PSK],2025-12-2 23:16:5,5,-89,34.0522614,-117.1911697,368.80,1.50,WIFI
86:69:1A:22:A0:36,,[WPA2_PSK],2025-12-2 23:16:5,5,-89,34.0522614,-117.1911697,368.80,1.50,WIFI
40:47:5E:53:DA:E6,qhmwifi,[WPA2_PSK],2025-12-2 23:16:6,6,-72,34.0522614,-117.1911697,368.80,1.50,WIFI
40:47:5E:53:DA:EF,qhmwifi Guest,[WPA2_PSK],2025-12-2 23:16:6,6,-77,34.0522614,-117.1911697,368.80,1.50,WIFI
72:D7:9A:3B:93:9B,,[WPA2_WPA3_PSK],2025-12-2 23:16:6,6,-79,34.0522614,-117.1911697,368.80,1.50,WIFI
F0:B6:61:8D:E0:6A,,[OPEN],2025-12-2 23:16:6,6,-79,34.0522614,-117.1911697,368.80,1.50,WIFI
68:D7:9A:3B:93:9B,EmmersonBartlett703  ,[WPA2_PSK],2025-12-2 23:16:6,6,-80,34.0522614,-117.1911697,368.80,1.50,WIFI
AA:3B:76:03:0B:49,DIRECT-49-HP M283 LaserJet,[WPA2_PSK],2025-12-2 23:16:6,6,-83,34.0522614,-117.1911697,368.80,1.50,WIFI
9C:AD:97:C5:D0:EC,HP-Print-ec-LaserJet Pro M201dw,[WPA2_PSK],2025-12-2 23:16:6,6,-86,34.0522614,-117.1911697,368.80,1.50,WIFI
AA:A7:95:CF:D6:1A,DIRECT-1a-HP M452 LaserJet,[WPA2_PSK],2025-12-2 23:16:6,6,-88,34.0522614,-117.1911697,368.80,1.50,WIFI
5A:E4:03:00:70:4A,myGMC 704A,[WPA2_PSK],2025-12-2 23:16:7,7,-76,34.0522614,-117.1911697,368.80,1.50,WIFI
76:CD:D6:C2:38:21,,[WPA2_PSK],2025-12-2 23:16:11,11,-78,34.0522614,-117.1911774,368.90,1.50,WIFI
88:67:46:74:7B:86,Aerobika,[WPA2_WPA3_PSK],2025-12-2 23:16:11,11,-79,34.0522614,-117.1911774,368.90,1.50,WIFI
88:67:46:74:7B:89,,[OPEN],2025-12-2 23:16:11,11,-80,34.0522614,-117.1911774,368.90,1.50,WIFI
D6:4D:A4:55:1E:2A,DIRECT-MK-Car_d47c,[WPA2_PSK],2025-12-2 23:16:11,11,-84,34.0522614,-117.1911774,368.90,1.50,WIFI
28:80:88:33:05:55,NETGEAR43,[WPA2_PSK],2025-12-2 23:16:18,4,-85,34.0522652,-117.1911774,368.90,1.50,WIFI
04:42:1A:DB:6A:81,PrettyFly4aWiFi,[WPA2_PSK],2025-12-2 23:16:19,5,-91,34.0522652,-117.1911774,368.90,1.50,WIFI
40:47:5E:53:DA:E3,,[WPA3_PSK],2025-12-2 23:16:20,6,-76,34.0522652,-117.1911774,368.90,1.50,WIFI
40:47:5E:53:DA:E9,,[OPEN],2025-12-2 23:16:20,6,-76,34.0522652,-117.1911774,368.90,1.50,WIFI
74:93:DA:05:87:9A,SpectrumSetup-07,[WPA2_PSK],2025-12-2 23:16:20,6,-85,34.0522652,-117.1911774,368.90,1.50,WIFI
12:EA:14:3F:59:1E,,[WPA2_PSK],2025-12-2 23:16:20,6,-89,34.0522652,-117.1911774,368.90,1.50,WIFI
A8:97:CD:DD:C9:C8,Frontier2448,[WPA2_PSK],2025-12-2 23:16:25,11,-79,34.0522652,-117.1911774,368.80,1.50,WIFI
A0:7F:8A:0A:8E:9A,DollyWolly1133,[WPA2_PSK],2025-12-2 23:16:25,11,-81,34.0522652,-117.1911774,368.80,1.50,WIFI
54:04:63:CB:E3:61,,[WPA_WPA2_PSK],2025-12-2 23:16:28,1,-86,34.0523071,-117.1910858,368.90,1.50,WIFI
66:A4:B7:91:A2:3A,,[WPA2_PSK],2025-12-2 23:16:31,3,-85,34.0524178,-117.1908875,369.40,1.50,WIFI
1C:61:B4:19:EB:C7,TEAM_PEETA,[WPA2_PSK],2025-12-2 23:16:32,4,-79,34.0524673,-117.1908035,369.40,1.50,WIFI
3E:61:B4:19:EB:C7,,[WPA2_PSK],2025-12-2 23:16:32,4,-81,34.0524673,-117.1908035,369.40,1.50,WIFI
F0:B6:61:8D:E0:67,nacho,[WPA2_PSK],2025-12-2 23:16:34,6,-61,34.0525856,-117.1905823,369.60,1.50,WIFI
F0:B6:61:8D:E0:64,,[WPA3_PSK],2025-12-2 23:16:34,6,-63,34.0525856,-117.1905823,369.60,1.50,WIFI
12:B1:DF:5F:10:C7,DIRECT-c7-HP M283 LaserJet,[WPA2_PSK],2025-12-2 23:16:34,6,-76,34.0525856,-117.1905823,369.60,1.50,WIFI
28:EC:22:9B:C4:06,qhmwifi,[WPA2_PSK],2025-12-2 23:16:34,6,-77,34.0525856,-117.1905823,369.60,1.50,WIFI
28:EC:22:9B:C4:0F,qhmwifi Guest,[WPA2_PSK],2025-12-2 23:16:34,6,-77,34.0525856,-117.1905823,369.60,1.50,WIFI
DA:0F:99:8A:05:F7,DIRECT-f7-HP M452 LaserJet,[WPA2_PSK],2025-12-2 23:16:34,6,-77,34.0525856,-117.1905823,369.60,1.50,WIFI
62:6D:C7:07:CD:9B,DIRECT-9b-HP M277 LaserJet,[WPA2_PSK],2025-12-2 23:16:34,6,-81,34.0525856,-117.1905823,369.60,1.50,WIFI
C0:A0:BB:EC:61:0E,dlink-610E,[WPA_WPA2_PSK],2025-12-2 23:16:36,8,-64,34.0527153,-117.1903458,370.10,1.50,WIFI
9E:C9:EB:EF:D7:82,RFD-PRIVATE-5,[WPA2_PSK],2025-12-2 23:16:37,9,-92,34.0527840,-117.1902161,370.30,1.50,WIFI
74:37:5F:ED:AB:9F,SpectrumSetup-9D,[WPA2_PSK],2025-12-2 23:16:39,11,-63,34.0529289,-117.1899567,371.10,1.50,WIFI
F4:52:46:C1:98:66,merry chrysler chrimuss,[WPA2_PSK],2025-12-2 23:16:39,11,-65,34.0529289,-117.1899567,371.10,1.50,WIFI
F0:81:75:F7:3C:86,Beachlover,[WPA2_PSK],2025-12-2 23:16:39,11,-69,34.0529289,-117.1899567,371.10,1.50,WIFI
BC:07:1D:2E:DF:20,The 4th best_EXT,[WPA2_PSK],2025-12-2 23:16:39,11,-70,34.0529289,-117.1899567,371.10,1.50,WIFI
84:1E:A3:D1:37:36,SpectrumSetup-30,[WPA2_PSK],2025-12-2 23:16:39,11,-72,34.0529289,-117.1899567,371.10,1.50,WIFI
9C:4F:5F:6C:A8:C0,C's Wifi,[WPA2_PSK],2025-12-2 23:16:39,11,-76,34.0529289,-117.1899567,371.10,1.50,WIFI
8C:85:80:C7:1B:E6,,[WPA_WPA2_PSK],2025-12-2 23:16:39,11,-78,34.0529289,-117.1899567,371.10,1.50,WIFI
B0:FC:88:3E:ED:FF,SpectrumSetup-F9,[WPA2_PSK],2025-12-2 23:16:39,11,-87,34.0529289,-117.1899567,371.10,1.50,WIFI
2C:EA:DC:22:6D:D5,Samantha,[WPA2_PSK],2025-12-2 23:16:42,1,-66,34.0531273,-117.1895905,371.60,1.50,WIFI
52:57:9C:E3:F1:F2,DIRECT-Dw-EPSON-WF-4830 Series,[WPA2_PSK],2025-12-2 23:16:42,1,-85,34.0531273,-117.1895905,371.60,1.50,WIFI
1C:AF:F7:D8:D5:39,john2,[WEP],2025-12-2 23:16:47,5,-72,34.0534172,-117.1890717,373.20,1.50,WIFI
DE:CD:2F:84:77:DA,DIRECT-nf-EPSON-WF-7840 Series,[WPA2_PSK],2025-12-2 23:16:47,5,-81,34.0534172,-117.1890717,373.20,1.50,WIFI
A6:C9:EB:F6:BD:67,,[WPA2_PSK],2025-12-2 23:16:48,6,-51,34.0534706,-117.1889648,373.50,1.50,WIFI
AC:E2:D3:C6:E4:1D,DIRECT-1A-HP OfficeJet Pro 8720,[WPA2_PSK],2025-12-2 23:16:48,6,-64,34.0534706,-117.1889648,373.50,1.50,WIFI
CE:9E:A2:0F:AD:61,,[WPA2_PSK],2025-12-2 23:16:48,6,-68,34.0534706,-117.1889648,373.50,1.50,WIFI
4C:AB:F8:B7:95:A2,COB WIFI,[WPA2_PSK],2025-12-2 23:16:48,6,-69,34.0534706,-117.1889648,373.50,1.50,WIFI
EC:8E:B5:01:20:04,DIRECT-CF-HP OfficeJet Pro 8710,[WPA2_PSK],2025-12-2 23:16:48,6,-74,34.0534706,-117.1889648,373.50,1.50,WIFI
DA:B3:70:9A:EB:CB,KHDG_GUEST,[WPA2_PSK],2025-12-2 23:16:48,6,-75,34.0534706,-117.1889648,373.50,1.50,WIFI
DA:B3:70:AA:EB:CB,,[WPA2_PSK],2025-12-2 23:16:48,6,-80,34.0534706,-117.1889648,373.50,1.50,WIFI
CA:4E:FC:69:BC:12,Spectrum-11,[WPA2_PSK],2025-12-2 23:16:48,6,-81,34.0534706,-117.1889648,373.50,1.50,WIFI
D8:B3:70:8A:EB:CB,KHDG_MAIN_AP,[WPA2_PSK],2025-12-2 23:16:48,6,-84,34.0534706,-117.1889648,373.50,1.50,WIFI
E2:63:DA:43:F1:EB,,[WPA2_PSK],2025-12-2 23:16:48,6,-90,34.0534706,-117.1889648,373.50,1.50,WIFI
9C:C9:EB:EF:D7:81,MILLING,[WPA2_PSK],2025-12-2 23:16:52,9,-68,34.0537071,-117.1885529,374.20,1.50,WIFI
9E:C9:EB:EF:D8:87,RFD-Guest,[WPA2_PSK],2025-12-2 23:16:53,10,-67,34.0537758,-117.1884308,374.30,1.50,WIFI
9E:C9:EB:EF:D8:80,RFD-PRIVATE-5,[WPA2_PSK],2025-12-2 23:16:53,10,-67,34.0537758,-117.1884308,374.30,1.50,WIFI
9C:C9:EB:EF:D8:86,MILLING,[WPA2_PSK],2025-12-2 23:16:53,10,-70,34.0537758,-117.1884308,374.30,1.50,WIFI
C4:A8:16:36:16:91,Redlands Surgery Center Guest,[WPA2_PSK],2025-12-2 23:16:54,11,-57,34.0538445,-117.1883011,374.40,1.50,WIFI
C4:A8:16:36:16:88,Redlands Surgery Center,[WPA2_PSK],2025-12-2 23:16:54,11,-58,34.0538445,-117.1883011,374.40,1.50,WIFI
64:97:14:0D:EE:46,Redlands Surgery Center,[WPA2_PSK],2025-12-2 23:16:54,11,-65,34.0538445,-117.1883011,374.40,1.50,WIFI
64:97:14:16:52:0F,Redlands Surgery Center Guest,[WPA2_PSK],2025-12-2 23:16:54,11,-65,34.0538445,-117.1883011,374.40,1.50,WIFI
64:97:14:10:69:C9,,[OPEN],2025-12-2 23:16:54,11,-65,34.0538445,-117.1883011,374.40,1.50,WIFI
C4:A8:16:36:16:85,,[WPA3_PSK],2025-12-2 23:16:54,11,-66,34.0538445,-117.1883011,374.40,1.50,WIFI
64:97:14:0F:8F:83,,[WPA3_PSK],2025-12-2 23:16:54,11,-66,34.0538445,-117.1883011,374.40,1.50,WIFI
64:97:14:10:69:C3,,[WPA3_PSK],2025-12-2 23:16:54,11,-66,34.0538445,-117.1883011,374.40,1.50,WIFI
64:97:14:10:69:C6,Redlands Surgery Center,[WPA2_PSK],2025-12-2 23:16:54,11,-66,34.0538445,-117.1883011,374.40,1.50,WIFI
64:97:14:0F:8F:8F,Redlands Surgery Center Guest,[WPA2_PSK],2025-12-2 23:16:54,11,-67,34.0538445,-117.1883011,374.40,1.50,WIFI
24:2D:6C:ED:4F:45,,[WPA3_PSK],2025-12-2 23:16:54,11,-67,34.0538445,-117.1883011,374.40,1.50,WIFI
64:97:14:0F:8F:89,,[OPEN],2025-12-2 23:16:54,11,-67,34.0538445,-117.1883011,374.40,1.50,WIFI
40:47:5E:07:90:E6,Frontier8560,[WPA2_PSK],2025-12-2 23:16:54,11,-68,34.0538445,-117.1883011,374.40,1.50,WIFI
64:97:14:16:52:06,Redlands Surgery Center,[WPA2_PSK],2025-12-2 23:16:54,11,-68,34.0538445,-117.1883011,374.40,1.50,WIFI
48:A2:E6:5B:80:E1,HVP_48a2e65b80e0-Pairing,[WPA2_PSK],2025-12-2 23:16:54,11,-68,34.0538445,-117.1883011,374.40,1.50,WIFI
64:97:14:0F:8F:86,Redlands Surgery Center,[WPA2_PSK],2025-12-2 23:16:54,11,-68,34.0538445,-117.1883011,374.40,1.50,WIFI
24:2D:6C:ED:4F:4B,,[OPEN],2025-12-2 23:16:54,11,-68,34.0538445,-117.1883011,374.40,1.50,WIFI
64:97:14:16:52:03,,[WPA3_PSK],2025-12-2 23:16:54,11,-69,34.0538445,-117.1883011,374.40,1.50,WIFI
64:97:14:16:52:09,,[OPEN],2025-12-2 23:16:54,11,-69,34.0538445,-117.1883011,374.40,1.50,WIFI
24:2D:6C:ED:4F:48,Redlands Surgery Center,[WPA2_PSK],2025-12-2 23:16:54,11,-70,34.0538445,-117.1883011,374.40,1.50,WIFI
24:2D:6C:ED:4F:51,Redlands Surgery Center Guest,[WPA2_PSK],2025-12-2 23:16:54,11,-70,34.0538445,-117.1883011,374.40,1.50,WIFI
64:97:14:0D:EE:4F,Redlands Surgery Center Guest,[WPA2_PSK],2025-12-2 23:16:54,11,-70,34.0538445,-117.1883011,374.40,1.50,WIFI
24:2D:6C:41:6F:08,Redlands Surgery Center,[WPA2_PSK],2025-12-2 23:16:54,11,-71,34.0538445,-117.1883011,374.40,1.50,WIFI
64:97:14:10:69:CF,Redlands Surgery Center Guest,[WPA2_PSK],2025-12-2 23:16:54,11,-71,34.0538445,-117.1883011,374.40,1.50,WIFI
24:2D:6C:41:6F:11,Redlands Surgery Center Guest,[WPA2_PSK],2025-12-2 23:16:54,11,-73,34.0538445,-117.1883011,374.40,1.50,WIFI
24:2D:6C:41:6F:0B,,[OPEN],2025-12-2 23:16:54,11,-76,34.0538445,-117.1883011,374.40,1.50,WIFI
64:97:14:0C:8E:86,Redlands Surgery Center,[WPA2_PSK],2025-12-2 23:16:54,11,-76,34.0538445,-117.1883011,374.40,1.50,WIFI
FE:01:7C:72:8E:53,DIRECT-53-HP M254 LaserJet,[WPA2_PSK],2025-12-2 23:16:54,11,-77,34.0538445,-117.1883011,374.40,1.50,WIFI
64:97:14:0C:8E:8F,Redlands Surgery Center Guest,[WPA2_PSK],2025-12-2 23:16:54,11,-77,34.0538445,-117.1883011,374.40,1.50,WIFI
64:97:14:0C:8E:83,,[WPA3_PSK],2025-12-2 23:16:54,11,-78,34.0538445,-117.1883011,374.40,1.50,WIFI
48:F8:B3:03:E4:38,smile,[WEP],2025-12-2 23:16:54,11,-80,34.0538445,-117.1883011,374.40,1.50,WIFI
A8:97:CD:A4:00:28,Frontier5280,[WPA2_PSK],2025-12-2 23:16:54,11,-80,34.0538445,-117.1883011,374.40,1.50,WIFI
4C:19:5D:95:AC:27,SpectrumSetup-21,[WPA2_PSK],2025-12-2 23:16:55,1,-58,34.0539169,-117.1881790,374.50,1.50,WIFI
00:C8:96:38:90:B0,,[WPA_WPA2_PSK],2025-12-2 23:16:55,1,-87,34.0539169,-117.1881790,374.50,1.50,WIFI
10:0C:6B:35:31:E2,,[WPA2_PSK],2025-12-2 23:17:1,2,-65,34.0543633,-117.1873627,375.30,1.50,WIFI
B2:0C:D1:0A:4C:4F,DIRECT-4F-HP Tango,[WPA2_PSK],2025-12-2 23:17:1,2,-85,34.0543633,-117.1873627,375.30,1.50,WIFI
74:37:5F:CD:C2:87,lo_and_chlo,[WPA2_PSK],2025-12-2 23:17:5,6,-71,34.0546799,-117.1867905,375.80,1.50,WIFI
48:00:33:8A:B1:4D,TC8717T47,[WPA2_PSK],2025-12-2 23:17:5,6,-76,34.0546799,-117.1867905,375.80,1.50,WIFI
4C:19:5D:4F:01:6A,SpectrumSetup-64,[WPA2_PSK],2025-12-2 23:17:5,6,-76,34.0546799,-117.1867905,375.80,1.50,WIFI
20:23:51:6E:44:F8,NEB Office,[WPA2_PSK],2025-12-2 23:17:5,6,-77,34.0546799,-117.1867905,375.80,1.50,WIFI
FE:55:A8:A4:14:3B,PSD-MOBILE,[WPA2],2025-12-2 23:17:5,6,-78,34.0546799,-117.1867905,375.80,1.50,WIFI
26:23:51:6E:44:F8,NEB Office_Guest,[WPA2_PSK],2025-12-2 23:17:5,6,-79,34.0546799,-117.1867905,375.80,1.50,WIFI
F4:52:46:ED:90:03,SpectrumSetup-05,[WPA2_PSK],2025-12-2 23:17:5,6,-80,34.0546799,-117.1867905,375.80,1.50,WIFI
B8:69:F4:CC:43:73,NCV Phones,[WPA2_PSK],2025-12-2 23:17:7,8,-86,34.0548248,-117.1865387,375.60,1.50,WIFI
0C:EF:15:F6:5E:9F,Kona301,[WPA2_PSK],2025-12-2 23:17:8,9,-82,34.0548935,-117.1864090,375.30,1.50,WIFI
2E:EF:15:F6:5E:9F,,[WPA2_PSK],2025-12-2 23:17:8,9,-83,34.0548935,-117.1864090,375.30,1.50,WIFI
3E:37:86:79:A1:09,Cortner-Guest,[WPA2_PSK],2025-12-2 23:17:9,10,-79,34.0549583,-117.1862869,374.90,1.50,WIFI
3C:37:86:8C:F9:B8,CortnerNew,[WPA2_PSK],2025-12-2 23:17:9,10,-84,34.0549583,-117.1862869,374.90,1.50,WIFI
84:70:D7:35:89:24,,[WPA3_PSK],2025-12-2 23:17:10,11,-72,34.0550232,-117.1861725,374.50,1.50,WIFI
84:70:D7:35:89:2A,,[OPEN],2025-12-2 23:17:10,11,-72,34.0550232,-117.1861725,374.50,1.50,WIFI
84:70:D7:35:89:27,newone,[WPA2_PSK],2025-12-2 23:17:10,11,-72,34.0550232,-117.1861725,374.50,1.50,WIFI
08:9B:F1:95:B4:C3,,[WPA3_PSK],2025-12-2 23:17:10,11,-84,34.0550232,-117.1861725,374.50,1.50,WIFI
08:9B:F1:95:B4:C6,newone,[WPA2_PSK],2025-12-2 23:17:10,11,-85,34.0550232,-117.1861725,374.50,1.50,WIFI
04:A1:51:55:D8:95,ngHub_319441NC021FB,[WPA2_PSK],2025-12-2 23:17:10,11,-90,34.0550232,-117.1861725,374.50,1.50,WIFI
18:A9:ED:85:AD:86,Frontier2528,[WPA2_PSK],2025-12-2 23:17:12,1,-71,34.0551414,-117.1859741,373.80,1.50,WIFI
18:A9:ED:85:AD:8F,Frontier2528 Guest,[OPEN],2025-12-2 23:17:12,1,-71,34.0551414,-117.1859741,373.80,1.50,WIFI
18:A9:ED:85:AD:83,,[WPA3_PSK],2025-12-2 23:17:12,1,-71,34.0551414,-117.1859741,373.80,1.50,WIFI
18:A9:ED:80:26:86,Frontier2528,[WPA2_PSK],2025-12-2 23:17:12,1,-80,34.0551414,-117.1859741,373.80,1.50,WIFI
18:A9:ED:80:26:8F,Frontier2528 Guest,[OPEN],2025-12-2 23:17:12,1,-80,34.0551414,-117.1859741,373.80,1.50,WIFI
EE:9F:80:A9:09:E4,,[WPA2_PSK],2025-12-2 23:17:16,3,-84,34.0552979,-117.1856995,373.50,1.50,WIFI
D4:76:A0:1A:E7:B9,Cortner_TLAN,[WPA2_PSK],2025-12-2 23:17:19,6,-80,34.0553322,-117.1856232,373.70,1.50,WIFI
04:17:B6:3E:36:F8,,[WPA_WPA2_PSK],2025-12-2 23:17:19,6,-81,34.0553322,-117.1856232,373.70,1.50,WIFI
D4:76:A0:1A:E7:B8,Cortner_GLAN,[WPA2_PSK],2025-12-2 23:17:19,6,-82,34.0553322,-117.1856232,373.70,1.50,WIFI
D0:6D:C9:39:55:26,Frontier0023,[WPA2_PSK],2025-12-2 23:17:19,6,-87,34.0553322,-117.1856232,373.70,1.50,WIFI
6E:D7:9A:71:81:6C,Pure Gold WiFi,[WPA2_PSK],2025-12-2 23:17:19,6,-88,34.0553322,-117.1856232,373.70,1.50,WIFI
24:A0:74:77:79:20,Echelon-Up,[WPA_WPA2_PSK],2025-12-2 23:17:19,6,-89,34.0553322,-117.1856232,373.70,1.50,WIFI
60:B7:6E:8B:C4:0E,setupC40E0,[WPA2_PSK],2025-12-2 23:17:19,6,-89,34.0553322,-117.1856232,373.70,1.50,WIFI
C2:A7:B9:25:02:F8,,[WPA2_PSK],2025-12-2 23:17:23,10,-88,34.0553513,-117.1855850,373.50,1.75,WIFI
64:C2:69:D7:C1:67,,[OPEN],2025-12-2 23:17:24,11,-68,34.0553818,-117.1855316,373.60,1.75,WIFI
64:C2:69:D7:C1:65,RedlandsCO1,[WPA2_PSK],2025-12-2 23:17:24,11,-68,34.0553818,-117.1855316,373.60,1.75,WIFI
64:C2:69:D7:C1:63,,[WPA3_PSK],2025-12-2 23:17:24,11,-69,34.0553818,-117.1855316,373.60,1.75,WIFI
78:76:89:E8:F4:F4,newone,[WPA2_PSK],2025-12-2 23:17:24,11,-76,34.0553818,-117.1855316,373.60,1.75,WIFI
94:3C:96:FA:9B:36,Frontier1358,[WPA2_PSK],2025-12-2 23:17:24,11,-78,34.0553818,-117.1855316,373.60,1.75,WIFI
94:CD:FD:C0:1A:86,Hector Bigfish,[WPA2_PSK],2025-12-2 23:17:24,11,-78,34.0553818,-117.1855316,373.60,1.75,WIFI
9C:4F:5F:94:05:18,Vine St,[WPA2_PSK],2025-12-2 23:17:24,11,-87,34.0553818,-117.1855316,373.60,1.75,WIFI
DC:92:72:E4:1A:1F,Frontier0566,[WPA2_PSK],2025-12-2 23:17:24,11,-89,34.0553818,-117.1855316,373.60,1.75,WIFI
90:BF:D9:47:30:78,,[WPA_WPA2_PSK],2025-12-2 23:17:26,1,-64,34.0554543,-117.1853714,373.90,1.75,WIFI
94:CD:FD:BF:EE:06,Hector Bigfish,[WPA2_PSK],2025-12-2 23:17:26,1,-75,34.0554543,-117.1853714,373.90,1.75,WIFI
94:CD:FD:BF:EE:09,,[OPEN],2025-12-2 23:17:26,1,-77,34.0554543,-117.1853714,373.90,1.75,WIFI
1A:E8:29:64:8C:F6,,[WPA2_PSK],2025-12-2 23:17:26,1,-84,34.0554543,-117.1853714,373.90,1.75,WIFI
4C:AB:F8:A0:2B:1D,Babymamatrap,[WPA2_PSK],2025-12-2 23:17:26,1,-85,34.0554543,-117.1853714,373.90,1.75,WIFI
A0:EE:EE:D8:CA:80,,[WPA_WPA2_PSK],2025-12-2 23:17:26,1,-85,34.0554543,-117.1853714,373.90,1.75,WIFI
4C:19:5D:58:A3:34,Redlands Carriage House,[WPA2_PSK],2025-12-2 23:17:26,1,-86,34.0554543,-117.1853714,373.90,1.75,WIFI
06:01:21:33:52:BA,MissionPeds,[WPA2_PSK],2025-12-2 23:17:33,6,-57,34.0555344,-117.1844482,374.50,1.75,WIFI
00:01:21:33:52:BA,MissionGuest,[WPA2_PSK],2025-12-2 23:17:33,6,-58,34.0555344,-117.1844482,374.50,1.75,WIFI
06:01:21:33:52:A5,MissionPeds,[WPA2_PSK],2025-12-2 23:17:33,6,-64,34.0555344,-117.1844482,374.50,1.75,WIFI
00:01:21:33:52:A5,MissionGuest,[WPA2_PSK],2025-12-2 23:17:33,6,-65,34.0555344,-117.1844482,374.50,1.75,WIFI
FA:8F:CA:67:11:D2,Den TV.v_,[OPEN],2025-12-2 23:17:33,6,-75,34.0555344,-117.1844482,374.50,1.75,WIFI
06:01:21:33:57:3D,MissionPeds,[WPA2_PSK],2025-12-2 23:17:38,11,-62,34.0555344,-117.1837463,375.30,1.75,WIFI
00:01:21:33:57:3D,MissionGuest,[WPA2_PSK],2025-12-2 23:17:38,11,-63,34.0555344,-117.1837463,375.30,1.75,WIFI
C8:E3:06:6A:A5:05,RedlandsCO1,[WPA2_PSK],2025-12-2 23:17:38,11,-77,34.0555344,-117.1837463,375.30,1.75,WIFI
A8:F7:D9:B9:33:BC,CVSConnect,[OPEN],2025-12-2 23:17:38,11,-88,34.0555344,-117.1837463,375.30,1.75,WIFI
18:1B:EB:08:29:D7,66YR2,[WPA2_PSK],2025-12-2 23:17:40,1,-67,34.0555344,-117.1834717,375.70,1.75,WIFI
74:37:5F:CA:E0:7B,SpectrumSetup-79,[WPA2_PSK],2025-12-2 23:17:40,1,-73,34.0555344,-117.1834717,375.70,1.75,WIFI
66:52:46:ED:5A:73,,[WPA2_PSK],2025-12-2 23:17:40,1,-82,34.0555344,-117.1834717,375.70,1.75,WIFI
E2:55:7D:47:9A:45,RPD Corp,[WPA2],2025-12-2 23:17:47,6,-63,34.0555382,-117.1826401,376.70,1.75,WIFI
E2:55:7D:47:9A:42,Redlands BYOD,[WPA2],2025-12-2 23:17:47,6,-64,34.0555382,-117.1826401,376.70,1.75,WIFI
E2:55:7D:47:9A:43,Redlands Private,[WPA2_PSK],2025-12-2 23:17:47,6,-64,34.0555382,-117.1826401,376.70,1.75,WIFI
E2:55:7D:47:9A:4E,rpdguest,[WPA2_PSK],2025-12-2 23:17:47,6,-64,34.0555382,-117.1826401,376.70,1.75,WIFI
D4:A9:28:0A:79:4A,The Orange Space 2G,[WPA2_PSK],2025-12-2 23:17:47,6,-66,34.0555382,-117.1826401,376.70,1.75,WIFI
E2:55:7D:47:9A:46,RPD BYOD,[WPA2],2025-12-2 23:17:47,6,-66,34.0555382,-117.1826401,376.70,1.75,WIFI
A4:13:4E:D7:CC:31,BatterRebellion 2.4,[WPA2_PSK],2025-12-2 23:17:47,6,-71,34.0555382,-117.1826401,376.70,1.75,WIFI
8C:88:81:6C:E1:00,City of Redlands,[OPEN],2025-12-2 23:17:47,6,-78,34.0555382,-117.1826401,376.70,1.75,WIFI
96:3C:96:FC:9E:07,lcnbooksandcats,[WPA2_PSK],2025-12-2 23:17:52,11,-68,34.0555344,-117.1821518,376.90,1.75,WIFI
94:3C:96:FC:9E:06,Frontier0180,[WPA2_PSK],2025-12-2 23:17:52,11,-73,34.0555344,-117.1821518,376.90,1.75,WIFI
08:33:ED:FA:00:B5,Top Choice Gaming,[WPA2_PSK],2025-12-2 23:17:52,11,-76,34.0555344,-117.1821518,376.90,1.75,WIFI
04:A1:51:4B:0F:5E,ngHub_31943BNU01590,[WPA2_PSK],2025-12-2 23:17:52,11,-80,34.0555344,-117.1821518,376.90,1.75,WIFI
CA:33:ED:FA:00:B5,TCG Guest,[WPA2_PSK],2025-12-2 23:17:52,11,-81,34.0555344,-117.1821518,376.90,1.75,WIFI
60:B7:6E:C9:50:E9,GATE,[WPA2_PSK],2025-12-2 23:17:54,1,-54,34.0555344,-117.1819992,377.10,1.75,WIFI
A4:6B:1F:8D:77:51,TP-Link_6C6C Guest,[OPEN],2025-12-2 23:17:54,1,-70,34.0555344,-117.1819992,377.10,1.75,WIFI
A4:6B:1F:8D:77:48,TP-Link_6C6C,[WPA2_PSK],2025-12-2 23:17:54,1,-72,34.0555344,-117.1819992,377.10,1.75,WIFI
72:D7:9A:C1:A9:00,,[WPA2_PSK],2025-12-2 23:18:1,6,-68,34.0555305,-117.1817093,376.90,1.75,WIFI
5E:60:BA:4A:CA:90,DIRECT-90-HP OfficeJet Pro 7740,[WPA2_PSK],2025-12-2 23:18:1,6,-68,34.0555305,-117.1817093,376.90,1.75,WIFI
6E:D7:9A:C1:A9:00,IoT,[WPA2_PSK],2025-12-2 23:18:1,6,-70,34.0555305,-117.1817093,376.90,1.75,WIFI
A6:15:44:67:93:4C,RPD,[WPA2_PSK],2025-12-2 23:18:1,6,-75,34.0555305,-117.1817093,376.90,1.75,WIFI
8E:15:44:67:93:4C,Redlands Corp,[WPA2],2025-12-2 23:18:1,6,-76,34.0555305,-117.1817093,376.90,1.75,WIFI
86:15:44:67:93:4C,Redlands Private,[WPA2_PSK],2025-12-2 23:18:1,6,-76,34.0555305,-117.1817093,376.90,1.75,WIFI
E2:55:7D:45:5E:F1,Redlands Corp,[WPA2],2025-12-2 23:18:6,11,-75,34.0555305,-117.1815872,377.00,1.75,WIFI
B8:66:85:CA:A5:D6,MySpectrumWiFid0-2G,[WPA2_PSK],2025-12-2 23:18:6,11,-76,34.0555305,-117.1815872,377.00,1.75,WIFI
74:93:DA:A5:1B:5D,SpectrumSetup-5F,[WPA2_PSK],2025-12-2 23:18:8,1,-68,34.0555305,-117.1815414,377.30,1.75,WIFI
AE:8B:A9:12:62:AA,The Eating Room Guest,[WPA2_PSK],2025-12-2 23:18:8,1,-73,34.0555305,-117.1815414,377.30,1.75,WIFI
AE:8B:A9:32:62:AA,,[WPA2_PSK],2025-12-2 23:18:8,1,-73,34.0555305,-117.1815414,377.30,1.75,WIFI
AC:8B:A9:42:62:AA,The Eating Room,[WPA2_PSK],2025-12-2 23:18:8,1,-74,34.0555305,-117.1815414,377.30,1.75,WIFI
DC:92:72:4C:70:77,Penthouse Network,[WPA2_WPA3_PSK],2025-12-2 23:18:8,1,-76,34.0555305,-117.1815414,377.30,1.75,WIFI
90:D3:CF:18:7A:4F,SpectrumSetup-7A52,[WPA2_PSK],2025-12-2 23:18:8,1,-77,34.0555305,-117.1815414,377.30,1.75,WIFI
AE:8B:A9:22:62:AA,WCP-MGRN-AP,[WPA2_PSK],2025-12-2 23:18:8,1,-77,34.0555305,-117.1815414,377.30,1.75,WIFI
E2:63:DA:AA:4A:4A,BDA First Floor Guest,[WPA2_PSK],2025-12-2 23:18:8,1,-82,34.0555305,-117.1815414,377.30,1.75,WIFI
D0:6D:C9:27:62:C6,Frontier1523,[WPA2_PSK],2025-12-2 23:18:8,1,-85,34.0555305,-117.1815414,377.30,1.75,WIFI
38:94:ED:4B:99:3E,JBM,[WPA2_PSK],2025-12-2 23:18:12,3,-86,34.0555305,-117.1812744,378.30,1.75,WIFI
AC:8B:A9:42:6D:C6,The Eating Room,[WPA2_PSK],2025-12-2 23:18:15,6,-75,34.0555305,-117.1810913,378.40,1.75,WIFI
92:15:44:67:93:4C,RPD BYOD,[WPA2],2025-12-2 23:18:15,6,-76,34.0555305,-117.1810913,378.40,1.75,WIFI
AE:8B:A9:22:6D:C6,WCP-MGRN-AP,[WPA2_PSK],2025-12-2 23:18:15,6,-76,34.0555305,-117.1810913,378.40,1.75,WIFI
AE:8B:A9:32:6D:C6,,[WPA2_PSK],2025-12-2 23:18:15,6,-85,34.0555305,-117.1810913,378.40,1.75,WIFI
5C:E9:31:0D:B2:50,MGER-RDL-AP2,[WPA_WPA2_PSK],2025-12-2 23:18:20,11,-73,34.0555305,-117.1808929,378.60,1.75,WIFI
E4:8E:10:D0:EF:FC,,[WPA_WPA2_PSK],2025-12-2 23:18:23,1,-74,34.0555305,-117.1806870,378.90,1.75,WIFI
5C:18:DD:EB:59:3C,,[WPA_WPA2_PSK],2025-12-2 23:18:23,1,-75,34.0555305,-117.1806870,378.90,1.75,WIFI
54:47:CC:34:87:77,TMOBILE-8771,[WPA2_WPA3_PSK],2025-12-2 23:18:23,1,-75,34.0555305,-117.1806870,378.90,1.75,WIFI
22:AD:56:4E:84:EE,Hotspot84EE,[WPA_WPA2_PSK],2025-12-2 23:18:23,1,-84,34.0555305,-117.1806870,378.90,1.75,WIFI
94:A6:7E:E3:5D:72,SES147,[WPA2_PSK],2025-12-2 23:18:25,2,-79,34.0555267,-117.1805649,378.90,1.75,WIFI
4C:ED:FB:31:02:50,FWY,[WPA2_PSK],2025-12-2 23:18:26,3,-81,34.0555267,-117.1805344,379.40,1.75,WIFI
4C:AB:F8:36:C3:CD,SpectrumSetup-CF,[WPA2_PSK],2025-12-2 23:18:29,6,-70,34.0555229,-117.1805191,379.40,1.75,WIFI
A8:B0:88:3C:A4:26,,[WPA3_PSK],2025-12-2 23:18:29,6,-75,34.0555229,-117.1805191,379.40,1.75,WIFI
A8:B0:88:3C:A4:2A,,[OPEN],2025-12-2 23:18:29,6,-75,34.0555229,-117.1805191,379.40,1.75,WIFI
A8:B0:88:3C:A4:28,The Mane Collective,[WPA2_PSK],2025-12-2 23:18:29,6,-75,34.0555229,-117.1805191,379.40,1.75,WIFI
88:DE:7C:B9:41:81,SpectrumSetup-83,[WPA2_PSK],2025-12-2 23:18:29,6,-78,34.0555229,-117.1805191,379.40,1.75,WIFI
C0:36:53:73:B7:68,,[OPEN],2025-12-2 23:18:29,6,-79,34.0555229,-117.1805191,379.40,1.75,WIFI
C0:36:53:73:B7:64,,[WPA3_PSK],2025-12-2 23:18:29,6,-81,34.0555229,-117.1805191,379.40,1.75,WIFI
C0:36:53:73:B7:66,MFS,[WPA2_PSK],2025-12-2 23:18:29,6,-82,34.0555229,-117.1805191,379.40,1.75,WIFI
AE:E3:AE:FB:57:92,CADILLAC7676,[WPA2_WPA3_PSK],2025-12-2 23:18:29,6,-83,34.0555229,-117.1805191,379.40,1.75,WIFI
84:78:48:A6:79:90,SimplyWellness,[WPA2_WPA3_PSK],2025-12-2 23:18:29,6,-87,34.0555229,-117.1805191,379.40,1.75,WIFI
98:ED:7E:29:95:24,,[WPA3_PSK],2025-12-2 23:18:35,11,-53,34.0555191,-117.1801300,380.20,1.75,WIFI
98:ED:7E:29:95:2A,,[OPEN],2025-12-2 23:18:35,11,-54,34.0555191,-117.1801300,380.20,1.75,WIFI
98:ED:7E:29:95:27,210 Redlands,[WPA2_PSK],2025-12-2 23:18:35,11,-61,34.0555191,-117.1801300,380.20,1.75,WIFI
98:ED:7E:29:95:30,210 Redlands Guest,[WPA2_PSK],2025-12-2 23:18:35,11,-61,34.0555191,-117.1801300,380.20,1.75,WIFI
98:ED:7E:2B:CF:27,210 Redlands,[WPA2_PSK],2025-12-2 23:18:35,11,-65,34.0555191,-117.1801300,380.20,1.75,WIFI
98:ED:7E:2B:CF:2A,,[OPEN],2025-12-2 23:18:35,11,-68,34.0555191,-117.1801300,380.20,1.75,WIFI
98:ED:7E:2B:CF:30,210 Redlands Guest,[WPA2_PSK],2025-12-2 23:18:35,11,-69,34.0555191,-117.1801300,380.20,1.75,WIFI
98:ED:7E:2B:23:B0,210 Redlands Guest,[WPA2_PSK],2025-12-2 23:18:35,11,-70,34.0555191,-117.1801300,380.20,1.75,WIFI
98:ED:7E:2B:23:A7,210 Redlands,[WPA2_PSK],2025-12-2 23:18:35,11,-71,34.0555191,-117.1801300,380.20,1.75,WIFI
98:ED:7E:2B:23:A4,,[WPA3_PSK],2025-12-2 23:18:35,11,-72,34.0555191,-117.1801300,380.20,1.75,WIFI
A8:B0:88:14:F2:68,210 Redlands,[WPA2_PSK],2025-12-2 23:18:35,11,-77,34.0555191,-117.1801300,380.20,1.75,WIFI
A8:B0:88:14:F2:6E,210 Redlands Guest,[WPA2_PSK],2025-12-2 23:18:35,11,-78,34.0555191,-117.1801300,380.20,1.75,WIFI
88:67:46:99:D5:C3,,[WPA3_PSK],2025-12-2 23:18:35,1,-70,34.0555191,-117.1801300,380.20,1.75,WIFI
88:67:46:99:D5:C6,The Mane Collective,[WPA2_PSK],2025-12-2 23:18:35,1,-70,34.0555191,-117.1801300,380.20,1.75,WIFI
88:67:46:99:D5:C9,,[OPEN],2025-12-2 23:18:35,1,-71,34.0555191,-117.1801300,380.20,1.75,WIFI
88:67:46:99:D5:CF,The Mane Collective Salon,[WPA2_PSK],2025-12-2 23:18:35,1,-71,34.0555191,-117.1801300,380.20,1.75,WIFI
5C:18:DD:F9:1A:2C,,[WPA_WPA2_PSK],2025-12-2 23:18:35,1,-78,34.0555191,-117.1801300,380.20,1.75,WIFI
0C:EA:14:81:BB:EA,Catalyst Office,[WPA2_PSK],2025-12-2 23:18:35,1,-83,34.0555191,-117.1801300,380.20,1.75,WIFI
12:EA:14:81:BB:EA,Atlas Secure,[WPA2_PSK],2025-12-2 23:18:35,1,-83,34.0555191,-117.1801300,380.20,1.75,WIFI
16:EA:14:81:BB:EA,,[WPA2_PSK],2025-12-2 23:18:35,1,-83,34.0555191,-117.1801300,380.20,1.75,WIFI
C8:63:FC:60:D4:08,Frontier1664,[WPA2_PSK],2025-12-2 23:18:35,1,-84,34.0555191,-117.1801300,380.20,1.75,WIFI
3A:98:B5:E0:AC:F5,,[WPA2_PSK],2025-12-2 23:18:42,4,-51,34.0555191,-117.1794205,381.50,1.75,WIFI
42:98:B5:E0:AC:F5,Lambertones Pickups-IoT,[WPA2_PSK],2025-12-2 23:18:42,4,-54,34.0555191,-117.1794205,381.50,1.75,WIFI
34:98:B5:E0:AC:F5,Lambertones Pickups,[WPA2_WPA3_PSK],2025-12-2 23:18:42,4,-74,34.0555191,-117.1794205,381.50,1.75,WIFI
88:DE:7C:B5:9A:D0,SpectrumSetup-D2,[WPA2_PSK],2025-12-2 23:18:44,6,-64,34.0555191,-117.1792450,381.90,1.75,WIFI
40:B0:34:7E:0F:D6,DIRECT-D5-HP OfficeJet Pro 8720,[WPA2_PSK],2025-12-2 23:18:44,6,-73,34.0555191,-117.1792450,381.90,1.75,WIFI
9C:4F:5F:48:96:DA,swoonswank,[WPA2_PSK],2025-12-2 23:18:44,6,-75,34.0555191,-117.1792450,381.90,1.75,WIFI
B0:FC:88:03:75:36,Frontier2468,[WPA2_PSK],2025-12-2 23:18:44,6,-77,34.0555191,-117.1792450,381.90,1.75,WIFI
CA:5A:CF:FA:45:F0,DIRECT-F0-HP DesignJet T650,[WPA2_PSK],2025-12-2 23:18:44,6,-77,34.0555191,-117.1792450,381.90,1.75,WIFI
F8:E4:FB:3B:09:EA,BPNH7,[WPA2_PSK],2025-12-2 23:18:44,6,-78,34.0555191,-117.1792450,381.90,1.75,WIFI
24:2D:6C:69:23:45,,[WPA3_PSK],2025-12-2 23:18:44,6,-79,34.0555191,-117.1792450,381.90,1.75,WIFI
FC:12:63:A1:4F:45,SpectrumSetup-47,[WPA2_PSK],2025-12-2 23:18:44,6,-82,34.0555191,-117.1792450,381.90,1.75,WIFI
08:7B:12:3F:8B:D6,2.4 Gotham,[WPA2_PSK],2025-12-2 23:18:44,6,-84,34.0555191,-117.1792450,381.90,1.75,WIFI
00:1D:05:61:5C:73,Cooper-001D05615C73,[WPA2_PSK],2025-12-2 23:18:44,6,-85,34.0555191,-117.1792450,381.90,1.75,WIFI
7E:57:58:AC:53:BB,DIRECT-BB-HP Color LJ 4201,[WPA2_PSK],2025-12-2 23:18:44,6,-87,34.0555191,-117.1792450,381.90,1.75,WIFI
F0:B6:61:B9:D9:64,,[WPA3_PSK],2025-12-2 23:18:49,11,-54,34.0555115,-117.1789093,382.80,1.75,WIFI
F0:B6:61:B9:D9:6A,,[OPEN],2025-12-2 23:18:49,11,-54,34.0555115,-117.1789093,382.80,1.75,WIFI
F0:B6:61:B9:D9:67,Energy Lab,[WPA2_PSK],2025-12-2 23:18:49,11,-58,34.0555115,-117.1789093,382.80,1.75,WIFI
D4:05:DE:20:DF:E4,,[WPA3_PSK],2025-12-2 23:18:49,11,-60,34.0555115,-117.1789093,382.80,1.75,WIFI
D4:05:DE:20:DF:EA,,[OPEN],2025-12-2 23:18:49,11,-60,34.0555115,-117.1789093,382.80,1.75,WIFI
D4:05:DE:20:DF:E7,Energy Lab,[WPA2_PSK],2025-12-2 23:18:49,11,-63,34.0555115,-117.1789093,382.80,1.75,WIFI
AC:D3:1D:FC:A4:6F,Sturdy Bridge,[WPA2_PSK],2025-12-2 23:18:49,11,-69,34.0555115,-117.1789093,382.80,1.75,WIFI
AA:D3:1D:FC:A4:6F,Citrone Guest,[WPA2_PSK],2025-12-2 23:18:49,11,-70,34.0555115,-117.1789093,382.80,1.75,WIFI
00:0F:B5:E5:01:BC,NETGEAR,[OPEN],2025-12-2 23:18:49,11,-74,34.0555115,-117.1789093,382.80,1.75,WIFI
D4:05:DE:1F:E7:E7,Energy Lab,[WPA2_PSK],2025-12-2 23:18:49,11,-77,34.0555115,-117.1789093,382.80,1.75,WIFI
D4:05:DE:1F:E7:EA,,[OPEN],2025-12-2 23:18:49,11,-78,34.0555115,-117.1789093,382.80,1.75,WIFI
9C:3D:CF:81:E0:42,NETGEAR76,[WPA2_PSK],2025-12-2 23:18:53,1,-55,34.0554886,-117.1787872,383.10,1.75,WIFI
80:2A:A8:D1:A4:09,MPN,[WPA2_PSK],2025-12-2 23:18:53,1,-67,34.0554886,-117.1787872,383.10,1.75,WIFI
FC:3F:DB:C5:11:22,DIRECT-21-HP OfficeJet Pro 8710,[WPA2_PSK],2025-12-2 23:18:53,1,-77,34.0554886,-117.1787872,383.10,1.75,WIFI
98:F7:81:E6:E4:08,Frontier6576,[WPA2_PSK],2025-12-2 23:18:53,1,-82,34.0554886,-117.1787872,383.10,1.75,WIFI
78:71:9C:18:38:B0,DG1670AB2,[WPA2_PSK],2025-12-2 23:18:53,1,-85,34.0554886,-117.1787872,383.10,1.75,WIFI
CC:40:D0:6F:D5:A0,NETGEAR73,[WPA2_PSK],2025-12-2 23:18:53,1,-85,34.0554886,-117.1787872,383.10,1.75,WIFI
F6:9F:C2:D1:51:78,,[WPA2_PSK],2025-12-2 23:18:53,1,-89,34.0554886,-117.1787872,383.10,1.75,WIFI
