WigleWifi-1.4,appRelease=v1.2.0,model=ESP32 Marauder,release=v1.2.0,device=ESP32 Marauder,display=SPI TFT,board=ESP32 Marauder,brand=JustCallMeKoko
MAC,SSID,AuthMode,FirstSeen,Channel,RSSI,CurrentLatitude,CurrentLongitude,AltitudeMeters,AccuracyMeters,Type
3C:8C:F8:F9:0A:BB,TRENDnet740_RFJA,[WPA2],2025-12-3 17:14:17,1,-71,34.0625763,-117.1963806,374.50,2.00,WIFI
C4:EB:42:81:3B:67,TMOBILE-3B61,[WPA2_WPA3_PSK],2025-12-3 17:14:17,1,-82,34.0625763,-117.1963806,374.50,2.00,WIFI
D0:6D:C9:2E:66:56,Vet_Bld,[WPA2_PSK],2025-12-3 17:14:17,1,-83,34.0625763,-117.1963806,374.50,2.00,WIFI
24:C9:A1:2A:AA:68,Ayres Hotels,[OPEN],2025-12-3 17:14:19,3,-65,34.0625725,-117.1963806,374.10,2.00,WIFI
52:49:10:42:35:8D,CHEVROLET_3870,[WPA2_WPA3_PSK],2025-12-3 17:14:22,6,-81,34.0625725,-117.1963882,373.70,2.00,WIFI
00:C0:02:3F:5B:23,Motel6(Macrotech),[OPEN],2025-12-3 17:14:22,6,-85,34.0625725,-117.1963882,373.70,2.00,WIFI
24:C9:A1:31:41:B8,Ayres Hotels,[OPEN],2025-12-3 17:14:24,8,-83,34.0625725,-117.1963882,373.50,2.00,WIFI
2C:E6:CC:12:48:88,Ayres Hotels,[OPEN],2025-12-3 17:14:27,11,-72,34.0625687,-117.1964035,373.10,2.00,WIFI
D0:6D:C9:22:97:C6,Frontier0404,[WPA2_PSK],2025-12-3 17:14:27,11,-88,34.0625687,-117.1964035,373.10,2.00,WIFI
2C:E6:CC:12:29:58,Ayres Hotels,[OPEN],2025-12-3 17:14:27,11,-88,34.0625687,-117.1964035,373.10,2.00,WIFI
2C:E6:CC:12:53:78,Ayres Hotels,[OPEN],2025-12-3 17:14:27,11,-91,34.0625687,-117.1964035,373.10,2.00,WIFI
E0:E1:A9:0B:BC:AB,,[WPA2_PSK],2025-12-3 17:14:29,13,-89,34.0625687,-117.1964111,372.90,2.00,WIFI
22:AD:56:4F:11:89,Hotspot1189,[WPA_WPA2_PSK],2025-12-3 17:14:29,1,-85,34.0625687,-117.1964111,372.90,2.00,WIFI
78:8A:20:24:89:6B,ToyotaSecure,[WPA2_PSK],2025-12-3 17:14:41,11,-83,34.0627098,-117.1964493,372.00,2.00,WIFI
7E:8A:20:24:89:6B,TOR,[WPA2_PSK],2025-12-3 17:14:41,11,-85,34.0627098,-117.1964493,372.00,2.00,WIFI
28:EC:22:22:16:A6,Splitz EB,[WPA2_PSK],2025-12-3 17:14:44,1,-65,34.0627518,-117.1964417,372.40,2.00,WIFI
28:EC:22:1D:1A:CF,Let’s Go Brandon,[WPA2_PSK],2025-12-3 17:14:44,1,-84,34.0627518,-117.1964417,372.40,2.00,WIFI
2C:E6:CC:12:4F:98,Ayres Hotels,[OPEN],2025-12-3 17:14:44,1,-88,34.0627518,-117.1964417,372.40,2.00,WIFI
24:C9:A1:31:5B:C8,Ayres Hotels,[OPEN],2025-12-3 17:14:48,4,-65,34.0627518,-117.1964417,372.60,2.00,WIFI
FE:84:A7:16:D2:26,My VW 3975,[WPA2_PSK],2025-12-3 17:14:50,6,-64,34.0627518,-117.1964417,372.50,2.00,WIFI
AC:15:A2:CF:D1:94,RCC-NET,[WPA2_PSK],2025-12-3 17:14:50,6,-82,34.0627518,-117.1964417,372.50,2.00,WIFI
00:30:44:59:64:03,IBR600C-402,[WPA2_PSK],2025-12-3 17:14:50,6,-82,34.0627518,-117.1964417,372.50,2.00,WIFI
FC:DB:21:8F:AE:E3,Pro Energy Vehicle Wifi,[WPA2_WPA3_PSK],2025-12-3 17:14:50,6,-87,34.0627518,-117.1964417,372.50,2.00,WIFI
34:98:B5:5A:9D:2F,ShakeysEclub,[WPA2_PSK],2025-12-3 17:14:54,10,-81,34.0628014,-117.1963577,373.20,2.00,WIFI
C4:49:BB:BA:0D:3F,WiFi Hotspot 6207,[WPA2_PSK],2025-12-3 17:14:55,11,-84,34.0627937,-117.1963120,373.40,2.00,WIFI
82:8A:20:24:89:6B,,[WPA2_PSK],2025-12-3 17:14:55,11,-88,34.0627937,-117.1963120,373.40,2.00,WIFI
82:8A:20:24:89:6F,,[WPA2_PSK],2025-12-3 17:14:55,11,-89,34.0627937,-117.1963120,373.40,2.00,WIFI
72:D7:9A:D1:0D:A3,amusementconnect,[WPA2_PSK],2025-12-3 17:14:55,11,-91,34.0627937,-117.1963120,373.40,2.00,WIFI
40:47:5E:E0:6A:A6,Splitz EB,[WPA2_PSK],2025-12-3 17:14:58,1,-64,34.0627213,-117.1960983,375.00,2.00,WIFI
40:47:5E:E0:6A:AF,Let’s Go Brandon,[WPA2_PSK],2025-12-3 17:14:58,1,-64,34.0627213,-117.1960983,375.00,2.00,WIFI
40:47:5E:E0:6A:A9,,[OPEN],2025-12-3 17:14:58,1,-66,34.0627213,-117.1960983,375.00,2.00,WIFI
40:47:5E:E0:6A:A3,,[WPA3_PSK],2025-12-3 17:14:58,1,-67,34.0627213,-117.1960983,375.00,2.00,WIFI
28:EC:22:22:16:AF,Let’s Go Brandon,[WPA2_PSK],2025-12-3 17:14:58,1,-72,34.0627213,-117.1960983,375.00,2.00,WIFI
28:EC:22:1D:1A:C9,,[OPEN],2025-12-3 17:14:58,1,-77,34.0627213,-117.1960983,375.00,2.00,WIFI
28:EC:22:1D:1A:C3,,[WPA3_PSK],2025-12-3 17:14:58,1,-79,34.0627213,-117.1960983,375.00,2.00,WIFI
28:EC:22:1D:1A:C6,Splitz EB,[WPA2_PSK],2025-12-3 17:14:58,1,-81,34.0627213,-117.1960983,375.00,2.00,WIFI
22:9A:63:7D:4B:F5,,[WPA2_PSK],2025-12-3 17:14:58,1,-82,34.0627213,-117.1960983,375.00,2.00,WIFI
2C:E6:CC:3F:01:B8,Ayres Hotels,[OPEN],2025-12-3 17:15:2,4,-82,34.0626450,-117.1958466,379.10,2.00,WIFI
66:6C:80:61:28:01,DIRECT-01-HP M283 LaserJet,[WPA2_PSK],2025-12-3 17:15:4,6,-87,34.0625763,-117.1958237,381.80,2.00,WIFI
02:FE:5D:BD:2A:00,Pvt.WFR_Denali.8510,[WPA2_PSK],2025-12-3 17:15:4,6,-90,34.0625763,-117.1958237,381.80,2.00,WIFI
54:13:79:3F:02:7C,SETUP,[OPEN],2025-12-3 17:15:9,11,-75,34.0621643,-117.1958160,382.50,2.00,WIFI
00:54:AF:4F:02:FD,Hotspot02FD,[WPA_WPA2_PSK],2025-12-3 17:15:9,11,-78,34.0621643,-117.1958160,382.50,2.00,WIFI
E0:E1:A9:0B:FF:A4,RV2458-2.4G,[WPA2_PSK],2025-12-3 17:15:9,11,-81,34.0621643,-117.1958160,382.50,2.00,WIFI
78:8A:20:24:8B:DC,ToyotaSecure,[WPA2_PSK],2025-12-3 17:15:9,11,-84,34.0621643,-117.1958160,382.50,2.00,WIFI
7E:8A:20:24:8B:DC,TOR,[WPA2_PSK],2025-12-3 17:15:9,11,-87,34.0621643,-117.1958160,382.50,2.00,WIFI
AC:B6:87:38:B1:81,Verizon_PQ9TNZ,[WPA2_PSK],2025-12-3 17:15:9,11,-90,34.0621643,-117.1958160,382.50,2.00,WIFI
54:21:60:14:19:55,Alula141954,[WPA_WPA2_PSK],2025-12-3 17:15:12,1,-62,34.0618515,-117.1958084,382.00,2.00,WIFI
04:B6:BE:8D:CD:F4,,[WPA_WPA2_PSK],2025-12-3 17:15:12,1,-82,34.0618515,-117.1958084,382.00,2.00,WIFI
28:70:4E:75:50:D5,asp_redlands,[WPA2_PSK],2025-12-3 17:15:12,1,-82,34.0618515,-117.1958084,382.00,2.00,WIFI
54:04:63:C5:02:71,,[WPA_WPA2_PSK],2025-12-3 17:15:12,1,-88,34.0618515,-117.1958084,382.00,2.00,WIFI
2C:E6:CC:12:43:98,Ayres Hotels,[OPEN],2025-12-3 17:15:16,4,-87,34.0614090,-117.1958160,380.50,2.00,WIFI
FA:0D:AC:76:C7:0E,DIRECT-0E-HP M428fdw LJ,[WPA2_PSK],2025-12-3 17:15:18,6,-77,34.0611610,-117.1958084,379.40,2.00,WIFI
AC:15:A2:CF:D1:8A,RCC-NET,[WPA2_PSK],2025-12-3 17:15:18,6,-88,34.0611610,-117.1958084,379.40,2.00,WIFI
F8:E4:FB:97:86:22,BENJARONG1001,[WEP],2025-12-3 17:15:33,6,-91,34.0598564,-117.1949310,372.80,2.00,WIFI
28:38:5C:3F:B1:BC,HotspotpTiQ,[WPA_WPA2_PSK],2025-12-3 17:15:33,6,-92,34.0598564,-117.1949310,372.80,2.00,WIFI
F4:63:49:D3:64:17,Franklin T10 5960,[WPA2_PSK],2025-12-3 17:15:41,1,-88,34.0596199,-117.1937866,371.50,2.00,WIFI
14:7D:05:9E:DE:A3,SpectrumSetup-A1,[WPA2_PSK],2025-12-3 17:15:41,1,-89,34.0596199,-117.1937866,371.50,2.00,WIFI
F2:CB:BC:8C:25:AF,student_data,[WPA2],2025-12-3 17:15:52,11,-78,34.0596123,-117.1925201,372.10,2.00,WIFI
FE:CB:BC:8C:25:AF,RUSD_WiFi,[WPA2],2025-12-3 17:15:52,11,-78,34.0596123,-117.1925201,372.10,2.00,WIFI
DA:CB:BC:8C:25:AF,RUSD_Devices,[WPA2_PSK],2025-12-3 17:15:52,11,-80,34.0596123,-117.1925201,372.10,2.00,WIFI
24:F3:E3:C9:F1:C6,TexasHouse,[WPA2_PSK],2025-12-3 17:15:55,1,-77,34.0596123,-117.1922455,372.40,2.00,WIFI
F4:E2:C6:A8:2C:21,RedlandsUtilityService,[WPA2_PSK],2025-12-3 17:15:55,1,-88,34.0596123,-117.1922455,372.40,2.00,WIFI
E2:07:B6:73:0A:EA,,[WPA2_PSK],2025-12-3 17:16:1,6,-66,34.0596123,-117.1917572,373.50,2.00,WIFI
D8:07:B6:73:0A:EA,Ewater,[WPA2_PSK],2025-12-3 17:16:1,6,-67,34.0596123,-117.1917572,373.50,2.00,WIFI
DE:07:B6:73:0A:EA,Ewater_Guest,[OPEN],2025-12-3 17:16:1,6,-70,34.0596123,-117.1917572,373.50,2.00,WIFI
CA:5A:CF:5D:FF:8D,DIRECT-8D-HP M404dw LJ,[WPA2_PSK],2025-12-3 17:16:1,6,-71,34.0596123,-117.1917572,373.50,2.00,WIFI
E2:07:B6:73:0A:F2,,[WPA2_PSK],2025-12-3 17:16:1,6,-75,34.0596123,-117.1917572,373.50,2.00,WIFI
DE:07:B6:73:0A:F2,Ewater_Guest,[OPEN],2025-12-3 17:16:1,6,-76,34.0596123,-117.1917572,373.50,2.00,WIFI
DC:92:72:E4:0D:FF,Frontier0371,[WPA2_PSK],2025-12-3 17:16:1,6,-76,34.0596123,-117.1917572,373.50,2.00,WIFI
D8:07:B6:73:0A:F2,Ewater,[WPA2_PSK],2025-12-3 17:16:1,6,-78,34.0596123,-117.1917572,373.50,2.00,WIFI
78:76:89:A4:7B:62,,[WPA3_PSK],2025-12-3 17:16:1,6,-80,34.0596123,-117.1917572,373.50,2.00,WIFI
78:76:89:A4:7B:64,Jesters,[WPA2_PSK],2025-12-3 17:16:1,6,-80,34.0596123,-117.1917572,373.50,2.00,WIFI
88:DE:7C:ED:7F:88,SpectrumSetup-8A,[WPA2_PSK],2025-12-3 17:16:1,6,-81,34.0596123,-117.1917572,373.50,2.00,WIFI
78:76:89:A4:7B:66,,[OPEN],2025-12-3 17:16:1,6,-82,34.0596123,-117.1917572,373.50,2.00,WIFI
90:D3:CF:17:48:01,SpectrumSetup-03,[WPA2_PSK],2025-12-3 17:16:1,6,-88,34.0596123,-117.1917572,373.50,2.00,WIFI
3E:55:76:7A:99:3E,DIRECT-3e-HP M203 LaserJet,[WPA2_PSK],2025-12-3 17:16:1,6,-89,34.0596123,-117.1917572,373.50,2.00,WIFI
E6:C2:50:25:EB:BB,NTGRBH_E0C25025EBBD,[WPA2_WPA3_PSK],2025-12-3 17:16:3,8,-90,34.0596085,-117.1916351,374.00,2.00,WIFI
50:6A:03:C5:34:BA,Oreo22,[WPA2_PSK],2025-12-3 17:16:4,9,-78,34.0596046,-117.1915817,374.20,2.00,WIFI
34:98:B5:7C:88:65,EWS-Redlands,[WPA2_PSK],2025-12-3 17:16:5,10,-79,34.0596008,-117.1915512,374.30,2.00,WIFI
24:F3:E3:C9:F1:C9,,[OPEN],2025-12-3 17:16:8,1,-64,34.0595741,-117.1914902,374.20,2.00,WIFI
24:F3:E3:C9:F1:C3,,[WPA3_PSK],2025-12-3 17:16:8,1,-68,34.0595741,-117.1914902,374.20,2.00,WIFI
BE:FB:E4:14:E1:53,watablet,[WPA_WPA2_PSK],2025-12-3 17:16:15,6,-76,34.0590782,-117.1914063,373.50,2.00,WIFI
BA:FB:E4:14:E1:53,,[WPA_WPA2_PSK],2025-12-3 17:16:15,6,-78,34.0590782,-117.1914063,373.50,2.00,WIFI
C2:FB:E4:14:E1:53,,[WPA2_PSK],2025-12-3 17:16:15,6,-78,34.0590782,-117.1914063,373.50,2.00,WIFI
B4:FB:E4:14:E1:53,witech2,[WPA_WPA2_PSK],2025-12-3 17:16:15,6,-79,34.0590782,-117.1914063,373.50,2.00,WIFI
5C:8E:8B:54:93:FE,V100Pro_DC8A4502,[WPA2_PSK],2025-12-3 17:16:15,6,-88,34.0590782,-117.1914063,373.50,2.00,WIFI
24:4B:FE:71:8F:71,Mi Casa Su Casa,[WPA2_PSK],2025-12-3 17:16:17,8,-85,34.0588646,-117.1914063,372.80,2.00,WIFI
24:4B:FE:71:8F:70,Snowdog,[WPA2_PSK],2025-12-3 17:16:17,8,-87,34.0588646,-117.1914063,372.80,2.00,WIFI
A0:36:BC:1E:6F:F0,Snowdog,[WPA2_PSK],2025-12-3 17:16:17,8,-88,34.0588646,-117.1914063,372.80,2.00,WIFI
EA:47:32:D8:63:11,,[WPA2_PSK],2025-12-3 17:16:19,10,-90,34.0586319,-117.1913986,372.00,2.00,WIFI
E8:ED:D6:84:22:70,VCCR,[WPA2_PSK],2025-12-3 17:16:20,11,-82,34.0585175,-117.1913986,371.90,2.00,WIFI
E8:ED:D6:84:22:72,VWP,[WPA2_PSK],2025-12-3 17:16:20,11,-82,34.0585175,-117.1913986,371.90,2.00,WIFI
E8:ED:D6:84:22:74,V-Guest,[OPEN],2025-12-3 17:16:20,11,-82,34.0585175,-117.1913986,371.90,2.00,WIFI
7E:8A:20:B1:B2:87,RedlandAutoPlaza-Guest,[WPA_WPA2_PSK],2025-12-3 17:16:20,11,-82,34.0585175,-117.1913986,371.90,2.00,WIFI
E8:ED:D6:84:22:75,VWV,[WPA2_PSK],2025-12-3 17:16:20,11,-83,34.0585175,-117.1913986,371.90,2.00,WIFI
78:8A:20:B1:B2:87,SD,[WPA_WPA2_PSK],2025-12-3 17:16:20,11,-83,34.0585175,-117.1913986,371.90,2.00,WIFI
82:8A:20:B1:B2:87,RAPSecure,[WPA_WPA2_PSK],2025-12-3 17:16:20,11,-83,34.0585175,-117.1913986,371.90,2.00,WIFI
E8:ED:D6:84:22:71,VGG,[WPA2_PSK],2025-12-3 17:16:20,11,-84,34.0585175,-117.1913986,371.90,2.00,WIFI
E8:ED:D6:84:22:73,VWS,[WPA2],2025-12-3 17:16:20,11,-84,34.0585175,-117.1913986,371.90,2.00,WIFI
B8:66:85:C9:91:96,MySpectrumWiFi90-2G,[WPA2_PSK],2025-12-3 17:16:20,11,-91,34.0585175,-117.1913986,371.90,2.00,WIFI
72:7F:F0:1F:3A:63,brylor,[WPA2_WPA3_PSK],2025-12-3 17:16:26,3,-83,34.0580025,-117.1913986,372.10,2.00,WIFI
30:0E:B8:5C:9D:DB,CAR-1382,[WPA2_PSK],2025-12-3 17:16:27,4,-67,34.0579720,-117.1913986,371.90,2.00,WIFI
CC:C2:61:36:88:7E,Driveri:6603092834,[WPA_WPA2_PSK],2025-12-3 17:16:29,6,-69,34.0579605,-117.1913986,371.60,2.00,WIFI
DA:00:F6:28:51:BA,Pote starlink,[WPA2_PSK],2025-12-3 17:16:29,6,-84,34.0579605,-117.1913986,371.60,2.00,WIFI
DA:00:F6:58:51:BA,,[WPA2_PSK],2025-12-3 17:16:29,6,-86,34.0579605,-117.1913986,371.60,2.00,WIFI
DA:00:F6:88:51:BA,,[WPA2_PSK],2025-12-3 17:16:29,6,-86,34.0579605,-117.1913986,371.60,2.00,WIFI
2C:EA:DC:D5:E3:BA,SpectrumSetup-BC,[WPA2_PSK],2025-12-3 17:16:29,6,-90,34.0579605,-117.1913986,371.60,2.00,WIFI
C8:7F:54:94:DD:18,Mermaid Oasis,[WPA2_PSK],2025-12-3 17:16:33,10,-91,34.0579605,-117.1913986,371.60,2.00,WIFI
D2:62:83:1E:A6:65,Remote Detenator,[WPA2_PSK],2025-12-3 17:16:34,11,-82,34.0579605,-117.1913986,371.60,2.00,WIFI
A8:3A:79:F5:B7:44,CK_MGR,[WPA2_PSK],2025-12-3 17:16:38,1,-82,34.0579567,-117.1914063,371.60,2.00,WIFI
A8:3A:79:F5:B7:42,CK_BYOD,[WPA2_PSK],2025-12-3 17:16:38,1,-83,34.0579567,-117.1914063,371.60,2.00,WIFI
BC:FD:0C:47:DC:3C,KAWA_D6_dc3c,[WPA_WPA2_PSK],2025-12-3 17:16:44,7,-83,34.0579376,-117.1914063,371.70,2.00,WIFI
38:88:71:0C:7C:9E,Verizon_H3F6HT,[WPA2_PSK],2025-12-3 17:16:48,11,-81,34.0577278,-117.1914063,372.10,2.00,WIFI
34:6B:46:2D:54:6E,MySpectrumWiFi68-2G,[WPA2_PSK],2025-12-3 17:16:48,11,-87,34.0577278,-117.1914063,372.10,2.00,WIFI
94:83:C4:07:74:FB,crkems750,[WPA_PSK],2025-12-3 17:16:48,11,-88,34.0577278,-117.1914063,372.10,2.00,WIFI
94:F7:17:7C:F9:00,,[WPA_WPA2_PSK],2025-12-3 17:16:51,1,-60,34.0574417,-117.1914063,372.10,2.00,WIFI
D4:3F:32:8D:C7:26,TARDIS,[WPA2_PSK],2025-12-3 17:16:57,6,-73,34.0568199,-117.1914749,372.80,2.00,WIFI
58:9B:4A:9E:AE:28,SpectrumSetup-AE24,[WPA2_PSK],2025-12-3 17:16:57,6,-74,34.0568199,-117.1914749,372.80,2.00,WIFI
24:F3:E3:60:DC:46,Lore,[WPA2_PSK],2025-12-3 17:16:57,6,-80,34.0568199,-117.1914749,372.80,2.00,WIFI
18:A9:ED:59:E5:46,Lovie,[WPA2_PSK],2025-12-3 17:16:57,6,-81,34.0568199,-117.1914749,372.80,2.00,WIFI
4A:63:FC:42:CC:79,Zamora-5G,[WPA2_PSK],2025-12-3 17:16:57,6,-81,34.0568199,-117.1914749,372.80,2.00,WIFI
D4:05:DE:B0:46:24,,[WPA3_PSK],2025-12-3 17:16:57,6,-81,34.0568199,-117.1914749,372.80,2.00,WIFI
24:41:FE:F9:43:42,Verizon_N33HKZ,[WPA2_PSK],2025-12-3 17:16:57,6,-82,34.0568199,-117.1914749,372.80,2.00,WIFI
D4:05:DE:B0:46:27,Thisismine,[WPA2_PSK],2025-12-3 17:16:57,6,-82,34.0568199,-117.1914749,372.80,2.00,WIFI
30:23:03:CB:2A:19,livelaughlove,[WPA2_PSK],2025-12-3 17:17:0,8,-64,34.0565338,-117.1916733,372.40,2.00,WIFI
36:23:03:CB:2A:19,,[WPA2_PSK],2025-12-3 17:17:0,8,-65,34.0565338,-117.1916733,372.40,2.00,WIFI
14:59:C0:4E:66:6E,NETGEAR68,[WPA2_PSK],2025-12-3 17:17:1,9,-74,34.0564384,-117.1917572,372.10,2.00,WIFI
4A:BA:4E:67:C0:19,DIRECT-19-HP ENVY Photo 7100,[WPA2_PSK],2025-12-3 17:17:2,10,-79,34.0563507,-117.1918564,371.90,2.00,WIFI
EE:9F:80:DF:96:42,Scajaquada2Guest,[WPA2_PSK],2025-12-3 17:17:3,11,-76,34.0562553,-117.1919632,371.60,2.00,WIFI
34:DB:9C:67:5A:A6,MySpectrumWiFia0-2G,[WPA2_PSK],2025-12-3 17:17:3,11,-77,34.0562553,-117.1919632,371.60,2.00,WIFI
40:3F:8C:F1:64:D6,DYER_EXT,[WPA_WPA2_PSK],2025-12-3 17:17:3,11,-78,34.0562553,-117.1919632,371.60,2.00,WIFI
10:DA:43:AE:6A:7A,NETGEAR29,[WPA2_PSK],2025-12-3 17:17:3,11,-79,34.0562553,-117.1919632,371.60,2.00,WIFI
F2:9F:80:DF:96:42,,[WPA2_PSK],2025-12-3 17:17:3,11,-79,34.0562553,-117.1919632,371.60,2.00,WIFI
A8:97:CD:CF:37:08,DYER,[WPA2_PSK],2025-12-3 17:17:3,11,-82,34.0562553,-117.1919632,371.60,2.00,WIFI
B2:0C:D1:A7:4B:A7,DIRECT-A7-HP ENVY 5000 series,[WPA2_PSK],2025-12-3 17:17:3,11,-84,34.0562553,-117.1919632,371.60,2.00,WIFI
84:A0:6E:D5:7E:E6,MySpectrumWiFie0-2G,[WPA2_PSK],2025-12-3 17:17:5,1,-69,34.0560646,-117.1921539,371.40,2.00,WIFI
28:EC:22:EC:FA:C3,,[WPA3_PSK],2025-12-3 17:17:5,1,-71,34.0560646,-117.1921539,371.40,2.00,WIFI
28:EC:22:EC:FA:C9,,[OPEN],2025-12-3 17:17:5,1,-71,34.0560646,-117.1921539,371.40,2.00,WIFI
28:EC:22:EC:FA:C6,Frontier147,[WPA2_PSK],2025-12-3 17:17:5,1,-76,34.0560646,-117.1921539,371.40,2.00,WIFI
18:A9:ED:FD:E8:86,Mailander,[WPA2_PSK],2025-12-3 17:17:5,1,-78,34.0560646,-117.1921539,371.40,2.00,WIFI
FC:12:63:A1:DF:A1,SpectrumSetup-A3,[WPA2_PSK],2025-12-3 17:17:5,1,-78,34.0560646,-117.1921539,371.40,2.00,WIFI
18:A9:ED:FD:E8:83,,[WPA3_PSK],2025-12-3 17:17:5,1,-79,34.0560646,-117.1921539,371.40,2.00,WIFI
18:A9:ED:FD:E8:89,,[OPEN],2025-12-3 17:17:5,1,-79,34.0560646,-117.1921539,371.40,2.00,WIFI
F8:BB:BF:92:46:A5,,[OPEN],2025-12-3 17:17:5,1,-83,34.0560646,-117.1921539,371.40,2.00,WIFI
80:78:71:BA:51:E7,SpectrumSetup-E9,[WPA2_PSK],2025-12-3 17:17:5,1,-83,34.0560646,-117.1921539,371.40,2.00,WIFI
D2:6D:C9:37:5A:E7,Guest0809,[WPA2_PSK],2025-12-3 17:17:5,1,-84,34.0560646,-117.1921539,371.40,2.00,WIFI
5C:18:DD:EB:5E:E4,,[WPA_WPA2_PSK],2025-12-3 17:17:5,1,-86,34.0560646,-117.1921539,371.40,2.00,WIFI
18:60:41:3D:82:EA,TMOBILE-82E8,[WPA2_WPA3_PSK],2025-12-3 17:17:5,2,-70,34.0560646,-117.1921539,371.40,2.00,WIFI
1A:60:41:7D:82:EA,,[WPA2_WPA3_PSK],2025-12-3 17:17:5,2,-70,34.0560646,-117.1921539,371.40,2.00,WIFI
08:7B:12:4B:F9:3F,Museum of Redlands Free WiFi,[WPA2_PSK],2025-12-3 17:17:12,6,-60,34.0553589,-117.1927338,371.30,2.00,WIFI
28:EC:22:F1:BA:26,Duh duh duhhh,[WPA2_PSK],2025-12-3 17:17:12,6,-70,34.0553589,-117.1927338,371.30,2.00,WIFI
22:61:B4:48:41:CE,JOBAU_Guest,[WPA_WPA2_PSK],2025-12-3 17:17:12,6,-72,34.0553589,-117.1927338,371.30,2.00,WIFI
1C:61:B4:48:41:CE,JOJOBAU,[WPA2_WPA3_PSK],2025-12-3 17:17:12,6,-73,34.0553589,-117.1927338,371.30,2.00,WIFI
BC:82:5D:53:B7:04,Homeraft,[WPA2_PSK],2025-12-3 17:17:12,6,-74,34.0553589,-117.1927338,371.30,2.00,WIFI
26:61:B4:48:41:CE,,[WPA2_PSK],2025-12-3 17:17:12,6,-75,34.0553589,-117.1927338,371.30,2.00,WIFI
22:61:B4:48:41:C6,JOBAU_Guest,[WPA_WPA2_PSK],2025-12-3 17:17:12,6,-75,34.0553589,-117.1927338,371.30,2.00,WIFI
34:98:B5:58:D2:B8,Toriuta,[WPA2_PSK],2025-12-3 17:17:13,7,-64,34.0552711,-117.1927872,371.10,2.00,WIFI
86:2A:FD:69:8D:1D,DIRECT-1D-HP ENVY 5000 series,[WPA2_PSK],2025-12-3 17:17:13,7,-83,34.0552711,-117.1927872,371.10,2.00,WIFI
94:18:65:E4:F9:D4,NETGEAR36,[WPA2_PSK],2025-12-3 17:17:15,9,-76,34.0551033,-117.1928482,371.10,2.00,WIFI
8C:86:DD:E6:2B:01,Hyperdrive,[WPA2_PSK],2025-12-3 17:17:16,10,-76,34.0550194,-117.1928558,371.30,2.00,WIFI
92:86:DD:E6:2B:01,,[WPA2_PSK],2025-12-3 17:17:16,10,-76,34.0550194,-117.1928558,371.30,2.00,WIFI
94:F7:17:D0:AD:3C,,[WPA_WPA2_PSK],2025-12-3 17:17:16,10,-87,34.0550194,-117.1928558,371.30,2.00,WIFI
58:9B:4A:A0:CB:9E,SpectrumSetup-CB9A,[WPA2_PSK],2025-12-3 17:17:17,11,-62,34.0549278,-117.1928558,371.60,2.00,WIFI
C8:C6:FE:24:8E:A3,,[WPA3_PSK],2025-12-3 17:17:17,11,-68,34.0549278,-117.1928558,371.60,2.00,WIFI
C8:C6:FE:24:8E:A6,NathRich,[WPA2_WPA3_PSK],2025-12-3 17:17:17,11,-68,34.0549278,-117.1928558,371.60,2.00,WIFI
C8:C6:FE:24:8E:A9,,[OPEN],2025-12-3 17:17:17,11,-69,34.0549278,-117.1928558,371.60,2.00,WIFI
50:27:A9:0E:87:A3,,[WPA3_PSK],2025-12-3 17:17:17,11,-72,34.0549278,-117.1928558,371.60,2.00,WIFI
50:27:A9:0E:87:A7,,[OPEN],2025-12-3 17:17:17,11,-72,34.0549278,-117.1928558,371.60,2.00,WIFI
50:27:A9:0E:87:A5,Krames,[WPA2_PSK],2025-12-3 17:17:17,11,-73,34.0549278,-117.1928558,371.60,2.00,WIFI
58:9B:4A:83:D7:0E,lindamike8,[WPA2_PSK],2025-12-3 17:17:17,11,-75,34.0549278,-117.1928558,371.60,2.00,WIFI
FC:12:63:B3:FB:7F,letsgoBroncos68,[WPA2_PSK],2025-12-3 17:17:17,11,-75,34.0549278,-117.1928558,371.60,2.00,WIFI
9C:3D:CF:6D:8E:16,NTGR_VMB_1526256054,[WPA2_PSK],2025-12-3 17:17:17,11,-75,34.0549278,-117.1928558,371.60,2.00,WIFI
00:24:D2:4D:E4:54,KVPKR,[WEP],2025-12-3 17:17:17,11,-77,34.0549278,-117.1928558,371.60,2.00,WIFI
72:CD:D6:C1:1E:63,PSD,[WPA2_PSK],2025-12-3 17:17:17,11,-78,34.0549278,-117.1928558,371.60,2.00,WIFI
F0:B6:61:82:E9:04,,[WPA3_PSK],2025-12-3 17:17:17,11,-79,34.0549278,-117.1928558,371.60,2.00,WIFI
F0:B6:61:82:E9:0A,,[OPEN],2025-12-3 17:17:17,11,-79,34.0549278,-117.1928558,371.60,2.00,WIFI
F0:B6:61:82:E9:07,Frontier3632,[WPA2_PSK],2025-12-3 17:17:17,11,-79,34.0549278,-117.1928558,371.60,2.00,WIFI
88:6A:E3:9A:B9:1B,tl9ab91b,[WPA2_PSK],2025-12-3 17:17:17,11,-82,34.0549278,-117.1928558,371.60,2.00,WIFI
A4:11:62:57:CA:B2,ARLO_VMB_3092728225,[WPA2_PSK],2025-12-3 17:17:17,11,-82,34.0549278,-117.1928558,371.60,2.00,WIFI
24:F3:E3:5B:5F:83,,[WPA3_PSK],2025-12-3 17:17:17,11,-83,34.0549278,-117.1928558,371.60,2.00,WIFI
FA:8F:CA:92:D0:B7,,[OPEN],2025-12-3 17:17:17,11,-84,34.0549278,-117.1928558,371.60,2.00,WIFI
7C:DB:98:B9:88:FF,MySpectrumWiFi01-2G,[WPA2_PSK],2025-12-3 17:17:17,11,-86,34.0549278,-117.1928558,371.60,2.00,WIFI
F4:52:46:E3:64:95,SpectrumSetup-6498,[WPA2_PSK],2025-12-3 17:17:17,11,-89,34.0549278,-117.1928558,371.60,2.00,WIFI
C0:6F:98:00:67:46,Ollie’s Home,[WPA2_PSK],2025-12-3 17:17:21,1,-64,34.0545616,-117.1926880,371.90,2.00,WIFI
C8:C6:FE:6E:B0:C6,PalaceAbode,[WPA2_PSK],2025-12-3 17:17:21,1,-68,34.0545616,-117.1926880,371.90,2.00,WIFI
C8:C6:FE:6E:B0:C3,,[WPA3_PSK],2025-12-3 17:17:21,1,-69,34.0545616,-117.1926880,371.90,2.00,WIFI
C8:C6:FE:6E:B0:C9,,[OPEN],2025-12-3 17:17:21,1,-69,34.0545616,-117.1926880,371.90,2.00,WIFI
74:37:5F:C9:08:BF,SpectrumSetup-BD,[WPA2_PSK],2025-12-3 17:17:21,1,-72,34.0545616,-117.1926880,371.90,2.00,WIFI
20:9A:7D:1F:B1:36,SpectrumSetup-30,[WPA2_PSK],2025-12-3 17:17:21,1,-72,34.0545616,-117.1926880,371.90,2.00,WIFI
18:A9:ED:4A:B8:06,State,[WPA2_PSK],2025-12-3 17:17:21,1,-72,34.0545616,-117.1926880,371.90,2.00,WIFI
18:A9:ED:4A:B8:03,,[WPA3_PSK],2025-12-3 17:17:21,1,-73,34.0545616,-117.1926880,371.90,2.00,WIFI
18:A9:ED:4A:B8:09,,[OPEN],2025-12-3 17:17:21,1,-73,34.0545616,-117.1926880,371.90,2.00,WIFI
30:60:0A:3C:76:48,,[WPA_WPA2_PSK],2025-12-3 17:17:21,1,-75,34.0545616,-117.1926880,371.90,2.00,WIFI
44:AC:85:9C:FB:E6,Frontier3366,[WPA2_PSK],2025-12-3 17:17:21,1,-76,34.0545616,-117.1926880,371.90,2.00,WIFI
94:F7:17:83:E5:E0,,[WPA_WPA2_PSK],2025-12-3 17:17:21,1,-80,34.0545616,-117.1926880,371.90,2.00,WIFI
F8:2A:53:16:EB:3E,midea_da_0353,[OPEN],2025-12-3 17:17:21,1,-89,34.0545616,-117.1926880,371.90,2.00,WIFI
24:F3:E3:61:99:89,,[OPEN],2025-12-3 17:17:28,6,-58,34.0537987,-117.1920776,374.50,2.00,WIFI
24:F3:E3:61:99:83,,[WPA3_PSK],2025-12-3 17:17:28,6,-59,34.0537987,-117.1920776,374.50,2.00,WIFI
24:F3:E3:61:99:86,Basketball,[WPA2_PSK],2025-12-3 17:17:28,6,-59,34.0537987,-117.1920776,374.50,2.00,WIFI
08:F0:1E:E5:F7:86,MOTOD532-5G,[WPA2_WPA3_PSK],2025-12-3 17:17:28,6,-65,34.0537987,-117.1920776,374.50,2.00,WIFI
08:F0:1E:E5:F7:89,,[OPEN],2025-12-3 17:17:28,6,-66,34.0537987,-117.1920776,374.50,2.00,WIFI
D4:05:DE:01:FC:24,,[WPA3_PSK],2025-12-3 17:17:28,6,-66,34.0537987,-117.1920776,374.50,2.00,WIFI
D4:05:DE:01:FC:2A,,[OPEN],2025-12-3 17:17:28,6,-66,34.0537987,-117.1920776,374.50,2.00,WIFI
08:F0:1E:E5:F7:83,,[WPA3_PSK],2025-12-3 17:17:28,6,-68,34.0537987,-117.1920776,374.50,2.00,WIFI
D4:05:DE:01:FC:27,eero,[WPA2_PSK],2025-12-3 17:17:28,6,-70,34.0537987,-117.1920776,374.50,2.00,WIFI
58:9B:4A:A2:AB:DB,Killian,[WPA2_PSK],2025-12-3 17:17:28,6,-77,34.0537987,-117.1920776,374.50,2.00,WIFI
C4:F1:74:A8:02:27,MOTOD532-5G,[WPA2_WPA3_PSK],2025-12-3 17:17:28,6,-78,34.0537987,-117.1920776,374.50,2.00,WIFI
FC:12:63:A8:AC:0D,SpectrumSetup-0F,[WPA2_PSK],2025-12-3 17:17:28,6,-81,34.0537987,-117.1920776,374.50,2.00,WIFI
34:64:A9:8D:E6:DB,HP-Print-DB-ENVY 4500 series,[WPA2_PSK],2025-12-3 17:17:28,6,-82,34.0537987,-117.1920776,374.50,2.00,WIFI
6C:79:B8:ED:4F:C3,Ring Setup c3,[OPEN],2025-12-3 17:17:28,6,-86,34.0537987,-117.1920776,374.50,2.00,WIFI
FC:12:63:B8:66:25,SpectrumSetup-27,[WPA2_PSK],2025-12-3 17:17:28,6,-91,34.0537987,-117.1920776,374.50,2.00,WIFI
8C:86:DD:E6:2C:28,Hyperdrive,[WPA2_PSK],2025-12-3 17:17:33,10,-80,34.0532608,-117.1916580,375.50,2.00,WIFI
76:CD:D6:C2:38:21,,[WPA2_PSK],2025-12-3 17:17:34,11,-47,34.0531654,-117.1915817,375.50,2.00,WIFI
72:CD:D6:C2:38:21,PSD,[WPA2_PSK],2025-12-3 17:17:34,11,-54,34.0531654,-117.1915817,375.50,2.00,WIFI
78:76:89:09:F6:CA,,[OPEN],2025-12-3 17:17:34,11,-65,34.0531654,-117.1915817,375.50,2.00,WIFI
76:CD:D6:C1:1E:63,,[WPA2_PSK],2025-12-3 17:17:34,11,-65,34.0531654,-117.1915817,375.50,2.00,WIFI
78:76:89:09:F6:C4,,[WPA3_PSK],2025-12-3 17:17:34,11,-67,34.0531654,-117.1915817,375.50,2.00,WIFI
78:76:89:09:F6:C7,The One Piece,[WPA2_PSK],2025-12-3 17:17:34,11,-67,34.0531654,-117.1915817,375.50,2.00,WIFI
F4:05:95:A8:C0:C0,SpectrumSetup-BA,[WPA2_PSK],2025-12-3 17:17:34,11,-75,34.0531654,-117.1915817,375.50,2.00,WIFI
58:EF:68:B6:C0:E1,BillWiTheScienceFi,[WPA_WPA2_PSK],2025-12-3 17:17:34,11,-80,34.0531654,-117.1915817,375.50,2.00,WIFI
28:EC:22:E7:FA:C6,Urbancarpfam,[WPA2_PSK],2025-12-3 17:17:34,11,-80,34.0531654,-117.1915817,375.50,2.00,WIFI
28:EC:22:E7:FA:C3,,[WPA3_PSK],2025-12-3 17:17:34,11,-81,34.0531654,-117.1915817,375.50,2.00,WIFI
28:EC:22:E7:FA:C9,,[OPEN],2025-12-3 17:17:34,11,-82,34.0531654,-117.1915817,375.50,2.00,WIFI
F0:B6:61:BB:36:2A,,[OPEN],2025-12-3 17:17:34,11,-83,34.0531654,-117.1915817,375.50,2.00,WIFI
14:7D:05:E3:5C:43,3BlackCats,[WPA2_PSK],2025-12-3 17:17:34,11,-84,34.0531654,-117.1915817,375.50,2.00,WIFI
BA:16:5F:A3:7D:4E,[LG_Wall-Mount A/C]7d4e,[WPA2_PSK],2025-12-3 17:17:34,11,-86,34.0531654,-117.1915817,375.50,2.00,WIFI
A0:7F:8A:54:28:46,SpectrumSetup-2840,[WPA2_PSK],2025-12-3 17:17:34,11,-86,34.0531654,-117.1915817,375.50,2.00,WIFI
64:C2:69:DF:C4:A5,Redlands Abode,[WPA2_PSK],2025-12-3 17:17:37,1,-80,34.0529289,-117.1913910,375.50,2.00,WIFI
64:C2:69:DF:C4:A3,,[WPA3_PSK],2025-12-3 17:17:37,1,-81,34.0529289,-117.1913910,375.50,2.00,WIFI
00:54:AF:CD:AF:C2,HotspotAFC2,[WPA_WPA2_PSK],2025-12-3 17:17:40,3,-69,34.0527763,-117.1912613,376.30,2.00,WIFI
10:CE:A9:8B:2C:F7,Vive-017d485e,[WPA2_PSK],2025-12-3 17:17:40,3,-76,34.0527763,-117.1912613,376.30,2.00,WIFI
28:EC:22:9B:C4:03,,[WPA3_PSK],2025-12-3 17:17:43,6,-68,34.0526466,-117.1911697,376.60,2.00,WIFI
28:EC:22:9B:C4:09,,[OPEN],2025-12-3 17:17:43,6,-68,34.0526466,-117.1911697,376.60,2.00,WIFI
28:EC:22:9B:C4:06,qhmwifi,[WPA2_PSK],2025-12-3 17:17:43,6,-68,34.0526466,-117.1911697,376.60,2.00,WIFI
28:EC:22:9B:C4:0F,qhmwifi Guest,[WPA2_PSK],2025-12-3 17:17:43,6,-69,34.0526466,-117.1911697,376.60,2.00,WIFI
28:EC:22:AA:1F:89,,[OPEN],2025-12-3 17:17:43,6,-73,34.0526466,-117.1911697,376.60,2.00,WIFI
28:EC:22:AA:1F:83,,[WPA3_PSK],2025-12-3 17:17:43,6,-74,34.0526466,-117.1911697,376.60,2.00,WIFI
28:EC:22:AA:1F:86,qhmwifi,[WPA2_PSK],2025-12-3 17:17:43,6,-74,34.0526466,-117.1911697,376.60,2.00,WIFI
AA:3B:76:03:0B:49,DIRECT-49-HP M283 LaserJet,[WPA2_PSK],2025-12-3 17:17:43,6,-75,34.0526466,-117.1911697,376.60,2.00,WIFI
D4:5D:64:9D:C3:B0,ASUS_B0,[OPEN],2025-12-3 17:17:44,7,-76,34.0526085,-117.1911392,376.80,2.00,WIFI
C0:A0:BB:EC:61:0E,dlink-610E,[WPA_WPA2_PSK],2025-12-3 17:17:45,8,-85,34.0525627,-117.1911011,376.90,2.00,WIFI
CE:9E:43:A2:68:FE,chartique,[WPA2_PSK],2025-12-3 17:17:45,8,-85,34.0525627,-117.1911011,376.90,2.00,WIFI
34:98:B5:69:E6:98,SHWING Network,[WPA2_PSK],2025-12-3 17:17:45,8,-89,34.0525627,-117.1911011,376.90,2.00,WIFI
A0:7F:8A:32:B0:5C,Daviddarkhold1,[WPA2_PSK],2025-12-3 17:17:48,11,-68,34.0524483,-117.1909256,377.30,2.00,WIFI
B0:19:21:23:ED:4E,FiOS-R5L06_EXT,[WPA2_PSK],2025-12-3 17:17:48,11,-70,34.0524483,-117.1909256,377.30,2.00,WIFI
E4:19:7F:09:BA:46,TeamMurphurs,[WPA2_PSK],2025-12-3 17:17:48,11,-77,34.0524483,-117.1909256,377.30,2.00,WIFI
A8:97:CD:DD:C9:C8,Frontier2448,[WPA2_PSK],2025-12-3 17:17:48,11,-79,34.0524483,-117.1909256,377.30,2.00,WIFI
4A:5D:36:73:D0:B5,FiOS-R5L06-Guest,[WPA2_PSK],2025-12-3 17:17:48,11,-79,34.0524483,-117.1909256,377.30,2.00,WIFI
3C:37:86:D7:DC:2D,FiOS-R5L06_2GEXT,[WPA_WPA2_PSK],2025-12-3 17:17:48,11,-81,34.0524483,-117.1909256,377.30,2.00,WIFI
48:5D:36:73:D0:B4,FiOS-R5L06,[WPA2_PSK],2025-12-3 17:17:48,11,-81,34.0524483,-117.1909256,377.30,2.00,WIFI
74:93:DA:05:87:9A,SpectrumSetup-07,[WPA2_PSK],2025-12-3 17:17:48,11,-83,34.0524483,-117.1909256,377.30,2.00,WIFI
F4:69:42:4C:CD:F5,SpectrumSetup-F7,[WPA2_PSK],2025-12-3 17:17:51,1,-63,34.0525017,-117.1907349,377.30,2.00,WIFI
38:E1:F4:95:F4:77,AyalaWiFi,[WPA2_WPA3_PSK],2025-12-3 17:17:51,1,-72,34.0525017,-117.1907349,377.30,2.00,WIFI
74:37:5F:8E:DD:B7,SpectrumSetup-B5,[WPA2_PSK],2025-12-3 17:17:51,1,-75,34.0525017,-117.1907349,377.30,2.00,WIFI
66:22:32:9B:B0:A2,RG Guest,[WPA2_PSK],2025-12-3 17:17:51,1,-76,34.0525017,-117.1907349,377.30,2.00,WIFI
60:22:32:9B:B0:A2,RG,[WPA2_PSK],2025-12-3 17:17:51,1,-77,34.0525017,-117.1907349,377.30,2.00,WIFI
00:C8:96:2B:D3:5C,,[WPA_WPA2_PSK],2025-12-3 17:17:51,1,-86,34.0525017,-117.1907349,377.30,2.00,WIFI
2C:EA:DC:22:6D:D5,Samantha,[WPA2_PSK],2025-12-3 17:17:57,6,-61,34.0528679,-117.1901169,378.60,2.00,WIFI
A0:8A:06:45:CC:ED,Liz86,[WPA2_PSK],2025-12-3 17:17:57,6,-64,34.0528679,-117.1901169,378.60,2.00,WIFI
7E:45:58:2A:90:7A,The 4th best,[WPA2_PSK],2025-12-3 17:17:57,6,-71,34.0528679,-117.1901169,378.60,2.00,WIFI
AA:A7:95:CF:D6:1A,DIRECT-1a-HP M452 LaserJet,[WPA2_PSK],2025-12-3 17:17:57,6,-72,34.0528679,-117.1901169,378.60,2.00,WIFI
24:5A:4C:57:1C:84,The 1st Best,[WPA2_PSK],2025-12-3 17:17:57,6,-76,34.0528679,-117.1901169,378.60,2.00,WIFI
8C:85:80:C7:1B:E6,,[WPA_WPA2_PSK],2025-12-3 17:17:57,6,-77,34.0528679,-117.1901169,378.60,2.00,WIFI
82:83:C2:8D:91:80,RSDAC_MR,[WPA2_PSK],2025-12-3 17:17:57,6,-81,34.0528679,-117.1901169,378.60,2.00,WIFI
9E:C9:EB:EF:D7:82,RFD-PRIVATE-5,[WPA2_PSK],2025-12-3 17:18:0,9,-83,34.0530891,-117.1897202,379.70,2.00,WIFI
9C:C9:EB:EF:D7:81,MILLING,[WPA2_PSK],2025-12-3 17:18:0,9,-84,34.0530891,-117.1897202,379.70,2.00,WIFI
9C:C9:EB:EF:D8:86,MILLING,[WPA2_PSK],2025-12-3 17:18:1,10,-83,34.0531616,-117.1895905,380.20,2.00,WIFI
74:37:5F:ED:AB:9F,SpectrumSetup-9D,[WPA2_PSK],2025-12-3 17:18:2,11,-67,34.0532303,-117.1894608,380.70,2.00,WIFI
B0:FC:88:3E:ED:FF,SpectrumSetup-F9,[WPA2_PSK],2025-12-3 17:18:2,11,-69,34.0532303,-117.1894608,380.70,2.00,WIFI
9C:4F:5F:6C:A8:C0,C's Wifi,[WPA2_PSK],2025-12-3 17:18:2,11,-77,34.0532303,-117.1894608,380.70,2.00,WIFI
8A:2A:A8:C1:C4:82,,[WPA2_PSK],2025-12-3 17:18:2,11,-82,34.0532303,-117.1894608,380.70,2.00,WIFI
80:2A:A8:C1:C4:82,KHDG_MAIN_AP,[WPA2_PSK],2025-12-3 17:18:2,11,-82,34.0532303,-117.1894608,380.70,2.00,WIFI
86:2A:A8:C1:C4:82,KHDG_GUEST,[WPA2_PSK],2025-12-3 17:18:2,11,-84,34.0532303,-117.1894608,380.70,2.00,WIFI
F8:2D:C0:E2:E6:E8,Spicy Taco Shack,[WPA2_PSK],2025-12-3 17:18:2,11,-87,34.0532303,-117.1894608,380.70,2.00,WIFI
C4:01:7C:58:C2:B3,island-18C2B0,[WPA2_PSK],2025-12-3 17:18:5,1,-63,34.0534363,-117.1890945,381.80,2.00,WIFI
40:ED:00:12:09:3E,Renaissance MD,[WPA2_WPA3_PSK],2025-12-3 17:18:5,1,-66,34.0534363,-117.1890945,381.80,2.00,WIFI
A6:09:D0:37:D0:5A,,[WPA2_PSK],2025-12-3 17:18:5,1,-68,34.0534363,-117.1890945,381.80,2.00,WIFI
46:ED:00:12:09:3E,Renaissance MD Guest,[WPA2_WPA3_PSK],2025-12-3 17:18:5,1,-69,34.0534363,-117.1890945,381.80,2.00,WIFI
90:09:D0:37:D0:5A,RMD,[WPA2_PSK],2025-12-3 17:18:5,1,-69,34.0534363,-117.1890945,381.80,2.00,WIFI
A0:64:8F:E1:C6:C3,MySpectrumWiFic5-2G,[WPA2_PSK],2025-12-3 17:18:5,1,-70,34.0534363,-117.1890945,381.80,2.00,WIFI
B2:09:D0:37:D0:5A,RMDGuest,[WPA2_PSK],2025-12-3 17:18:5,1,-70,34.0534363,-117.1890945,381.80,2.00,WIFI
2C:67:BE:0F:B6:11,SpectrumSetup-B60D,[WPA2_PSK],2025-12-3 17:18:5,1,-77,34.0534363,-117.1890945,381.80,2.00,WIFI
00:35:FF:2B:44:21,SMA3008304352,[WPA2_PSK],2025-12-3 17:18:5,1,-84,34.0534363,-117.1890945,381.80,2.00,WIFI
A6:3D:CF:E5:CF:78,,[WPA2_PSK],2025-12-3 17:18:9,4,-64,34.0536728,-117.1886749,383.90,2.00,WIFI
D2:40:D0:60:72:13,ORBI33,[WPA2_PSK],2025-12-3 17:18:9,4,-65,34.0536728,-117.1886749,383.90,2.00,WIFI
A2:3D:CF:E5:CF:78,ORBI33,[WPA2_PSK],2025-12-3 17:18:9,4,-69,34.0536728,-117.1886749,383.90,2.00,WIFI
A6:3D:CF:E5:37:BB,,[WPA2_PSK],2025-12-3 17:18:9,4,-78,34.0536728,-117.1886749,383.90,2.00,WIFI
C8:99:B2:18:5E:53,Verizon_4BFX9N,[WPA2_PSK],2025-12-3 17:18:11,6,-72,34.0537834,-117.1884766,384.10,2.00,WIFI
78:45:58:CF:E8:C0,NETGEAR88,[WPA2_PSK],2025-12-3 17:18:11,6,-75,34.0537834,-117.1884766,384.10,2.00,WIFI
F0:3E:90:59:B6:93,island-19B690,[WPA2_PSK],2025-12-3 17:18:11,6,-78,34.0537834,-117.1884766,384.10,2.00,WIFI
7A:45:58:CF:E8:C0,,[WPA2_PSK],2025-12-3 17:18:11,6,-78,34.0537834,-117.1884766,384.10,2.00,WIFI
EC:74:27:1E:D7:03,,[WPA3_PSK],2025-12-3 17:18:11,6,-79,34.0537834,-117.1884766,384.10,2.00,WIFI
EC:74:27:1E:D7:07,,[OPEN],2025-12-3 17:18:11,6,-80,34.0537834,-117.1884766,384.10,2.00,WIFI
60:38:E0:74:11:A0,LPL07303,[WPA_WPA2_PSK],2025-12-3 17:18:14,9,-80,34.0539589,-117.1881638,384.80,2.00,WIFI
9C:A2:F4:2B:9C:E6,Brittany 2.4,[WPA_WPA2_PSK],2025-12-3 17:18:15,10,-83,34.0540237,-117.1880493,384.90,2.00,WIFI
1C:BF:CE:27:CB:10,FiOS-DPIEI-PRO,[WPA2_PSK],2025-12-3 17:18:16,11,-64,34.0540924,-117.1879196,384.90,2.00,WIFI
64:97:14:0F:8F:86,Redlands Surgery Center,[WPA2_PSK],2025-12-3 17:18:16,11,-72,34.0540924,-117.1879196,384.90,2.00,WIFI
64:97:14:0F:8F:89,,[OPEN],2025-12-3 17:18:16,11,-73,34.0540924,-117.1879196,384.90,2.00,WIFI
64:97:14:0C:8E:89,,[OPEN],2025-12-3 17:18:16,11,-74,34.0540924,-117.1879196,384.90,2.00,WIFI
98:1E:19:3C:0D:96,OTD,[WPA2_PSK],2025-12-3 17:18:16,11,-76,34.0540924,-117.1879196,384.90,2.00,WIFI
64:97:14:0F:8F:8F,Redlands Surgery Center Guest,[WPA2_PSK],2025-12-3 17:18:16,11,-76,34.0540924,-117.1879196,384.90,2.00,WIFI
64:97:14:0C:8E:86,Redlands Surgery Center,[WPA2_PSK],2025-12-3 17:18:16,11,-78,34.0540924,-117.1879196,384.90,2.00,WIFI
64:97:14:0C:8E:8F,Redlands Surgery Center Guest,[WPA2_PSK],2025-12-3 17:18:16,11,-78,34.0540924,-117.1879196,384.90,2.00,WIFI
48:5D:36:9F:DD:84,FiOS-DPIEI,[WPA2_PSK],2025-12-3 17:18:16,11,-79,34.0540924,-117.1879196,384.90,2.00,WIFI
F0:81:75:08:4E:4E,MySpectrumWiFi48-2G,[WPA2_PSK],2025-12-3 17:18:16,11,-81,34.0540924,-117.1879196,384.90,2.00,WIFI
48:A2:E6:5B:80:E1,HVP_48a2e65b80e0-Pairing,[WPA2_PSK],2025-12-3 17:18:16,11,-85,34.0540924,-117.1879196,384.90,2.00,WIFI
FE:01:7C:72:8E:53,DIRECT-53-HP M254 LaserJet,[WPA2_PSK],2025-12-3 17:18:16,11,-86,34.0540924,-117.1879196,384.90,2.00,WIFI
4C:19:5D:95:AC:27,SpectrumSetup-21,[WPA2_PSK],2025-12-3 17:18:20,1,-74,34.0543823,-117.1873932,385.60,2.00,WIFI
A0:55:1F:9E:74:CC,Daniels,[WPA2_PSK],2025-12-3 17:18:20,1,-77,34.0543823,-117.1873932,385.60,2.00,WIFI
44:AC:85:A1:64:C3,,[WPA3_PSK],2025-12-3 17:18:20,1,-78,34.0543823,-117.1873932,385.60,2.00,WIFI
DA:55:A8:A4:2A:4B,,[WPA2_PSK],2025-12-3 17:18:20,1,-78,34.0543823,-117.1873932,385.60,2.00,WIFI
E4:55:A8:A4:2A:4B,hs-net,[WPA2],2025-12-3 17:18:20,1,-79,34.0543823,-117.1873932,385.60,2.00,WIFI
E2:55:A8:A4:2A:4B,hs-guest,[OPEN],2025-12-3 17:18:20,1,-79,34.0543823,-117.1873932,385.60,2.00,WIFI
EA:55:A8:A4:2A:4B,,[WPA2_PSK],2025-12-3 17:18:20,1,-79,34.0543823,-117.1873932,385.60,2.00,WIFI
F2:55:A8:A4:2A:4B,,[WPA2_PSK],2025-12-3 17:18:20,1,-80,34.0543823,-117.1873932,385.60,2.00,WIFI
12:55:1F:9E:74:CE,,[WPA2_PSK],2025-12-3 17:18:20,1,-81,34.0543823,-117.1873932,385.60,2.00,WIFI
A0:7F:8A:59:EF:61,SpectrumSetup-EF5B,[WPA2_PSK],2025-12-3 17:18:20,1,-90,34.0543823,-117.1873932,385.60,2.00,WIFI
16:0C:6B:35:31:E2,Schaepper Psychiatry,[WPA2_PSK],2025-12-3 17:18:21,2,-74,34.0544624,-117.1872559,385.60,2.00,WIFI
94:F7:BE:4E:D9:1A,TMOBILE-D918,[WPA2_WPA3_PSK],2025-12-3 17:18:21,2,-88,34.0544624,-117.1872559,385.60,2.00,WIFI
04:17:B6:D6:C3:95,,[WPA_WPA2_PSK],2025-12-3 17:18:23,3,-90,34.0546227,-117.1869659,385.90,2.00,WIFI
94:18:65:5B:37:F0,AISemployee,[WPA2_PSK],2025-12-3 17:18:24,4,-83,34.0547028,-117.1868134,385.90,2.00,WIFI
D4:76:A0:1A:E7:B9,Cortner_TLAN,[WPA2_PSK],2025-12-3 17:18:26,6,-72,34.0548668,-117.1865387,385.60,2.00,WIFI
D4:76:A0:1A:E7:B8,Cortner_GLAN,[WPA2_PSK],2025-12-3 17:18:26,6,-72,34.0548668,-117.1865387,385.60,2.00,WIFI
F4:52:46:ED:90:03,SpectrumSetup-05,[WPA2_PSK],2025-12-3 17:18:26,6,-77,34.0548668,-117.1865387,385.60,2.00,WIFI
06:0E:3C:0C:11:D1,DIRECT-D1-HP BHHS Perrie Print,[WPA2_PSK],2025-12-3 17:18:26,6,-89,34.0548668,-117.1865387,385.60,2.00,WIFI
0C:EF:15:F6:5E:9F,Kona301,[WPA2_PSK],2025-12-3 17:18:29,9,-86,34.0551033,-117.1861191,383.90,2.00,WIFI
3C:37:86:8C:F9:B8,CortnerNew,[WPA2_PSK],2025-12-3 17:18:30,10,-82,34.0551758,-117.1859894,383.40,2.00,WIFI
3E:37:86:79:A1:09,Cortner-Guest,[WPA2_PSK],2025-12-3 17:18:30,10,-84,34.0551758,-117.1859894,383.40,2.00,WIFI
74:93:DA:57:4B:31,SpectrumSetup-33,[WPA2_PSK],2025-12-3 17:18:31,11,-86,34.0552483,-117.1858673,383.10,2.00,WIFI
94:3C:96:FA:9B:36,Frontier1358,[WPA2_PSK],2025-12-3 17:18:31,11,-87,34.0552483,-117.1858673,383.10,2.00,WIFI
AC:E2:D3:C1:D9:72,DIRECT-6E-HP OfficeJet Pro 8710,[WPA2_PSK],2025-12-3 17:18:31,11,-87,34.0552483,-117.1858673,383.10,2.00,WIFI
AC:E2:D3:C1:D9:AA,DIRECT-A5-HP OfficeJet Pro 8710,[WPA2_PSK],2025-12-3 17:18:31,11,-91,34.0552483,-117.1858673,383.10,2.00,WIFI
94:CD:FD:BF:EE:03,,[WPA3_PSK],2025-12-3 17:18:35,1,-73,34.0554962,-117.1853714,382.80,2.00,WIFI
18:A9:ED:85:AD:8F,Frontier2528 Guest,[OPEN],2025-12-3 17:18:35,1,-74,34.0554962,-117.1853714,382.80,2.00,WIFI
18:A9:ED:85:AD:86,Frontier2528,[WPA2_PSK],2025-12-3 17:18:35,1,-75,34.0554962,-117.1853714,382.80,2.00,WIFI
94:CD:FD:BF:EE:09,,[OPEN],2025-12-3 17:18:35,1,-75,34.0554962,-117.1853714,382.80,2.00,WIFI
94:CD:FD:BF:EE:06,Hector Bigfish,[WPA2_PSK],2025-12-3 17:18:35,1,-75,34.0554962,-117.1853714,382.80,2.00,WIFI
18:A9:ED:85:AD:89,,[OPEN],2025-12-3 17:18:35,1,-75,34.0554962,-117.1853714,382.80,2.00,WIFI
44:AC:85:A1:64:C9,,[OPEN],2025-12-3 17:18:35,1,-76,34.0554962,-117.1853714,382.80,2.00,WIFI
18:A9:ED:85:AD:83,,[WPA3_PSK],2025-12-3 17:18:35,1,-76,34.0554962,-117.1853714,382.80,2.00,WIFI
A0:EE:EE:D8:CA:80,,[WPA_WPA2_PSK],2025-12-3 17:18:35,1,-81,34.0554962,-117.1853714,382.80,2.00,WIFI
74:37:5F:CA:E0:7B,SpectrumSetup-79,[WPA2_PSK],2025-12-3 17:18:35,1,-83,34.0554962,-117.1853714,382.80,2.00,WIFI
CA:2C:4F:AD:C4:08,HiSmart-01-ca2c4fadc408,[OPEN],2025-12-3 17:18:37,3,-78,34.0555611,-117.1850891,383.10,2.00,WIFI
06:01:21:33:52:BA,MissionPeds,[WPA2_PSK],2025-12-3 17:18:40,6,-73,34.0555687,-117.1846008,383.90,2.00,WIFI
00:01:21:33:52:BA,MissionGuest,[WPA2_PSK],2025-12-3 17:18:40,6,-76,34.0555687,-117.1846008,383.90,2.00,WIFI
FA:8F:CA:67:11:D2,Den TV.v_,[OPEN],2025-12-3 17:18:40,6,-79,34.0555687,-117.1846008,383.90,2.00,WIFI
D0:6D:C9:39:55:26,Frontier0023,[WPA2_PSK],2025-12-3 17:18:40,6,-79,34.0555687,-117.1846008,383.90,2.00,WIFI
64:C2:69:D7:C1:65,RedlandsCO1,[WPA2_PSK],2025-12-3 17:18:45,11,-76,34.0555611,-117.1837616,385.20,2.00,WIFI
00:01:21:33:57:3D,MissionGuest,[WPA2_PSK],2025-12-3 17:18:45,11,-78,34.0555611,-117.1837616,385.20,2.00,WIFI
06:01:21:33:57:3D,MissionPeds,[WPA2_PSK],2025-12-3 17:18:45,11,-81,34.0555611,-117.1837616,385.20,2.00,WIFI
A8:F7:D9:B9:28:7B,,[WPA2_PSK],2025-12-3 17:18:45,11,-84,34.0555611,-117.1837616,385.20,2.00,WIFI
A8:F7:D9:B9:28:78,,[WPA2_PSK],2025-12-3 17:18:45,11,-87,34.0555611,-117.1837616,385.20,2.00,WIFI
18:1B:EB:08:29:D7,66YR2,[WPA2_PSK],2025-12-3 17:18:48,1,-56,34.0555611,-117.1833267,386.10,2.00,WIFI
A0:89:66:EA:79:0C,,[WPA_WPA2_PSK],2025-12-3 17:18:48,1,-75,34.0555611,-117.1833267,386.10,2.00,WIFI
D4:A9:28:0A:79:4A,The Orange Space 2G,[WPA2_PSK],2025-12-3 17:18:54,6,-79,34.0555534,-117.1828766,387.10,2.00,WIFI
88:DE:7C:B4:47:B4,SpectrumSetup-B6,[WPA2_PSK],2025-12-3 17:18:54,6,-79,34.0555534,-117.1828766,387.10,2.00,WIFI
6E:D7:9A:84:07:CC,,[WPA2_PSK],2025-12-3 17:18:54,6,-81,34.0555534,-117.1828766,387.10,2.00,WIFI
9A:CD:AC:18:C2:D5,DHub-3e7f,[WPA2_PSK],2025-12-3 17:18:54,6,-83,34.0555534,-117.1828766,387.10,2.00,WIFI
14:7D:05:E7:6F:7F,SpectrumSetup-7D,[WPA2_PSK],2025-12-3 17:18:54,6,-84,34.0555534,-117.1828766,387.10,2.00,WIFI
F4:92:BF:6A:02:E1,KithShop,[WPA2_PSK],2025-12-3 17:18:54,6,-85,34.0555534,-117.1828766,387.10,2.00,WIFI
86:88:81:6C:E1:00,Redlands BYOD,[WPA2],2025-12-3 17:18:54,6,-86,34.0555534,-117.1828766,387.10,2.00,WIFI
8C:DD:0B:A6:90:27,,[OPEN],2025-12-3 17:18:54,6,-86,34.0555534,-117.1828766,387.10,2.00,WIFI
A8:13:0B:82:86:45,,[WPA3_PSK],2025-12-3 17:18:59,11,-71,34.0555534,-117.1828079,387.40,2.00,WIFI
E2:55:7D:47:9A:41,Redlands Corp,[WPA2],2025-12-3 17:19:8,6,-56,34.0555344,-117.1822586,388.20,2.00,WIFI
E2:55:7D:47:9A:40,City of Redlands,[OPEN],2025-12-3 17:19:8,6,-57,34.0555344,-117.1822586,388.20,2.00,WIFI
E2:55:7D:47:9A:42,Redlands BYOD,[WPA2],2025-12-3 17:19:8,6,-57,34.0555344,-117.1822586,388.20,2.00,WIFI
E2:55:7D:47:9A:43,Redlands Private,[WPA2_PSK],2025-12-3 17:19:8,6,-57,34.0555344,-117.1822586,388.20,2.00,WIFI
E2:55:7D:47:9A:44,Redlands Internet,[WPA2_PSK],2025-12-3 17:19:8,6,-57,34.0555344,-117.1822586,388.20,2.00,WIFI
E2:55:7D:47:9A:45,RPD Corp,[WPA2],2025-12-3 17:19:8,6,-57,34.0555344,-117.1822586,388.20,2.00,WIFI
E2:55:7D:47:9A:4E,rpdguest,[WPA2_PSK],2025-12-3 17:19:8,6,-57,34.0555344,-117.1822586,388.20,2.00,WIFI
E2:55:7D:47:9A:46,RPD BYOD,[WPA2],2025-12-3 17:19:8,6,-58,34.0555344,-117.1822586,388.20,2.00,WIFI
E2:55:7D:47:9A:4B,RPD,[WPA2_PSK],2025-12-3 17:19:8,6,-58,34.0555344,-117.1822586,388.20,2.00,WIFI
A4:13:4E:D7:DA:11,BatterRebellion 2.4,[WPA2_PSK],2025-12-3 17:19:8,6,-61,34.0555344,-117.1822586,388.20,2.00,WIFI
A4:13:4E:D7:CC:31,BatterRebellion 2.4,[WPA2_PSK],2025-12-3 17:19:8,6,-63,34.0555344,-117.1822586,388.20,2.00,WIFI
4C:AB:F8:4C:31:0D,SpectrumSetup-0F,[WPA2_PSK],2025-12-3 17:19:8,6,-72,34.0555344,-117.1822586,388.20,2.00,WIFI
82:88:81:6C:E1:00,Redlands Private,[WPA2_WPA3_PSK],2025-12-3 17:19:8,6,-82,34.0555344,-117.1822586,388.20,2.00,WIFI
B6:88:81:6C:E1:00,rpdguest,[WPA2_WPA3_PSK],2025-12-3 17:19:8,6,-82,34.0555344,-117.1822586,388.20,2.00,WIFI
E2:55:7D:45:5E:F1,Redlands Corp,[WPA2],2025-12-3 17:19:14,11,-77,34.0555305,-117.1818695,388.90,2.00,WIFI
12:B6:76:A8:17:F2,DIRECT-F2-HP Color LJ 3301,[WPA2_PSK],2025-12-3 17:19:14,11,-77,34.0555305,-117.1818695,388.90,2.00,WIFI
E2:55:7D:45:5E:F2,Redlands BYOD,[WPA2],2025-12-3 17:19:14,11,-79,34.0555305,-117.1818695,388.90,2.00,WIFI
E2:55:7D:45:5E:F3,Redlands Private,[WPA2_PSK],2025-12-3 17:19:14,11,-80,34.0555305,-117.1818695,388.90,2.00,WIFI
82:3F:5D:2F:1B:BE,@WAVLINK_Guest,[WPA_WPA2_PSK],2025-12-3 17:19:15,13,-86,34.0555305,-117.1818237,389.00,2.00,WIFI
80:3F:5D:2F:1B:BC,@WAVLINK_BB,[WPA_WPA2_PSK],2025-12-3 17:19:15,13,-90,34.0555305,-117.1818237,389.00,2.00,WIFI
60:B7:6E:C9:50:E9,GATE,[WPA2_PSK],2025-12-3 17:19:17,1,-67,34.0555305,-117.1817245,389.10,2.00,WIFI
A4:6B:1F:8D:77:51,TP-Link_6C6C Guest,[OPEN],2025-12-3 17:19:17,1,-76,34.0555305,-117.1817245,389.10,2.00,WIFI
28:EC:22:A1:C1:26,District/Copehouse,[WPA2_PSK],2025-12-3 17:19:17,1,-77,34.0555305,-117.1817245,389.10,2.00,WIFI
A4:6B:1F:8D:77:45,,[WPA3_PSK],2025-12-3 17:19:17,1,-77,34.0555305,-117.1817245,389.10,2.00,WIFI
28:EC:22:A1:C1:2F,District/Copehouse Guest,[WPA2_PSK],2025-12-3 17:19:17,1,-78,34.0555305,-117.1817245,389.10,2.00,WIFI
74:93:DA:A5:1B:5D,SpectrumSetup-5F,[WPA2_PSK],2025-12-3 17:19:17,1,-78,34.0555305,-117.1817245,389.10,2.00,WIFI
60:B7:6E:C9:51:2B,GATE,[WPA2_PSK],2025-12-3 17:19:17,1,-79,34.0555305,-117.1817245,389.10,2.00,WIFI
F2:63:DA:AA:4A:4A,,[WPA2_PSK],2025-12-3 17:19:17,1,-85,34.0555305,-117.1817245,389.10,2.00,WIFI
84:25:3F:AB:B5:0E,OT_BB_5B498C48B50E,[WPA2_PSK],2025-12-3 17:19:23,6,-71,34.0555267,-117.1815643,389.90,2.00,WIFI
68:D7:9A:C1:A9:00,Redlands-Jewelers,[WPA2_PSK],2025-12-3 17:19:23,6,-72,34.0555267,-117.1815643,389.90,2.00,WIFI
92:15:44:67:93:4C,RPD BYOD,[WPA2],2025-12-3 17:19:23,6,-72,34.0555267,-117.1815643,389.90,2.00,WIFI
6E:D7:9A:C1:A9:00,IoT,[WPA2_PSK],2025-12-3 17:19:23,6,-73,34.0555267,-117.1815643,389.90,2.00,WIFI
A4:97:33:08:BD:35,INNER.G_BEAUTY,[WPA2_PSK],2025-12-3 17:19:23,6,-79,34.0555267,-117.1815643,389.90,2.00,WIFI
50:33:8B:F8:C4:C0,PNet6582820,[WPA2_PSK],2025-12-3 17:19:23,6,-84,34.0555267,-117.1815643,389.90,2.00,WIFI
AE:8B:A9:32:62:AA,,[WPA2_PSK],2025-12-3 17:19:31,1,-59,34.0555229,-117.1812286,391.40,2.00,WIFI
AE:8B:A9:22:62:AA,WCP-MGRN-AP,[WPA2_PSK],2025-12-3 17:19:31,1,-66,34.0555229,-117.1812286,391.40,2.00,WIFI
AC:8B:A9:42:62:AA,The Eating Room,[WPA2_PSK],2025-12-3 17:19:31,1,-66,34.0555229,-117.1812286,391.40,2.00,WIFI
AE:8B:A9:12:62:AA,The Eating Room Guest,[WPA2_PSK],2025-12-3 17:19:31,1,-67,34.0555229,-117.1812286,391.40,2.00,WIFI
FC:DB:21:0E:16:46,sbfleet,[WPA2_PSK],2025-12-3 17:19:37,6,-73,34.0555153,-117.1807785,392.00,2.00,WIFI
20:3A:0C:93:78:4F,StateStreetOptometry Guest,[OPEN],2025-12-3 17:19:37,6,-79,34.0555153,-117.1807785,392.00,2.00,WIFI
08:7B:12:3F:8B:D6,2.4 Gotham,[WPA2_PSK],2025-12-3 17:19:37,6,-80,34.0555153,-117.1807785,392.00,2.00,WIFI
C0:36:53:73:B7:64,,[WPA3_PSK],2025-12-3 17:19:37,6,-83,34.0555153,-117.1807785,392.00,2.00,WIFI
88:DE:7C:B5:9A:D0,SpectrumSetup-D2,[WPA2_PSK],2025-12-3 17:19:37,6,-85,34.0555153,-117.1807785,392.00,2.00,WIFI
00:1D:05:61:5C:73,Cooper-001D05615C73,[WPA2_PSK],2025-12-3 17:19:37,6,-89,34.0555153,-117.1807785,392.00,2.00,WIFI
9C:3D:CF:4C:A4:7A,NETGEAR69,[WPA2_PSK],2025-12-3 17:19:40,9,-86,34.0555115,-117.1805649,392.20,2.00,WIFI
98:ED:7E:29:95:27,210 Redlands,[WPA2_PSK],2025-12-3 17:19:42,11,-73,34.0555115,-117.1804962,392.10,2.00,WIFI
98:ED:7E:29:95:24,,[WPA3_PSK],2025-12-3 17:19:42,11,-74,34.0555115,-117.1804962,392.10,2.00,WIFI
98:ED:7E:29:95:2A,,[OPEN],2025-12-3 17:19:42,11,-74,34.0555115,-117.1804962,392.10,2.00,WIFI
98:ED:7E:29:95:30,210 Redlands Guest,[WPA2_PSK],2025-12-3 17:19:42,11,-74,34.0555115,-117.1804962,392.10,2.00,WIFI
88:67:46:93:A7:23,,[WPA3_PSK],2025-12-3 17:19:45,1,-69,34.0555115,-117.1804657,391.80,2.00,WIFI
88:67:46:93:A7:29,,[OPEN],2025-12-3 17:19:45,1,-69,34.0555115,-117.1804657,391.80,2.00,WIFI
88:67:46:93:A7:26,The Mane Collective,[WPA2_PSK],2025-12-3 17:19:45,1,-71,34.0555115,-117.1804657,391.80,2.00,WIFI
88:67:46:93:A7:2F,The Mane Collective Salon,[WPA2_PSK],2025-12-3 17:19:45,1,-72,34.0555115,-117.1804657,391.80,2.00,WIFI
F4:52:46:DA:11:34,SpectrumSetup-1137,[WPA2_PSK],2025-12-3 17:19:45,1,-77,34.0555115,-117.1804657,391.80,2.00,WIFI
4C:AB:F8:36:C3:CD,SpectrumSetup-CF,[WPA2_PSK],2025-12-3 17:19:51,6,-69,34.0555077,-117.1800537,392.90,2.00,WIFI
A8:B0:88:3C:A4:2A,,[OPEN],2025-12-3 17:19:51,6,-72,34.0555077,-117.1800537,392.90,2.00,WIFI
A8:B0:88:3C:A4:28,The Mane Collective,[WPA2_PSK],2025-12-3 17:19:51,6,-72,34.0555077,-117.1800537,392.90,2.00,WIFI
A8:B0:88:3C:A4:26,,[WPA3_PSK],2025-12-3 17:19:51,6,-73,34.0555077,-117.1800537,392.90,2.00,WIFI
78:61:7C:16:19:BE,WiFi Hotspot 2208,[WPA2_PSK],2025-12-3 17:19:51,6,-80,34.0555077,-117.1800537,392.90,2.00,WIFI
24:2D:6C:69:23:48,MFS,[WPA2_PSK],2025-12-3 17:19:51,6,-82,34.0555077,-117.1800537,392.90,2.00,WIFI
F0:B6:61:B9:D9:64,,[WPA3_PSK],2025-12-3 17:19:56,11,-75,34.0555115,-117.1796341,393.60,2.00,WIFI
AA:D3:1D:FC:A4:6F,Citrone Guest,[WPA2_PSK],2025-12-3 17:19:56,11,-75,34.0555115,-117.1796341,393.60,2.00,WIFI
92:D3:1D:FC:A4:6F,,[WPA2_PSK],2025-12-3 17:19:56,11,-75,34.0555115,-117.1796341,393.60,2.00,WIFI
F0:B6:61:B9:D9:6A,,[OPEN],2025-12-3 17:19:56,11,-78,34.0555115,-117.1796341,393.60,2.00,WIFI
F0:B6:61:B9:D9:67,Energy Lab,[WPA2_PSK],2025-12-3 17:19:56,11,-79,34.0555115,-117.1796341,393.60,2.00,WIFI
74:93:DA:95:9D:5A,SpectrumSetup-5C,[WPA2_PSK],2025-12-3 17:19:56,11,-84,34.0555115,-117.1796341,393.60,2.00,WIFI
A0:8A:06:63:E8:E9,SpectrumSetup-E8EC,[WPA2_PSK],2025-12-3 17:19:56,11,-85,34.0555115,-117.1796341,393.60,2.00,WIFI
14:7D:05:4B:24:5B,deaux,[WPA2_PSK],2025-12-3 17:19:56,11,-86,34.0555115,-117.1796341,393.60,2.00,WIFI
C8:63:FC:60:D4:08,Frontier1664,[WPA2_PSK],2025-12-3 17:19:59,1,-78,34.0555077,-117.1793671,394.10,2.00,WIFI
88:67:46:99:D5:C9,,[OPEN],2025-12-3 17:19:59,1,-78,34.0555077,-117.1793671,394.10,2.00,WIFI
88:67:46:99:D5:C3,,[WPA3_PSK],2025-12-3 17:19:59,1,-79,34.0555077,-117.1793671,394.10,2.00,WIFI
88:67:46:99:D5:C6,The Mane Collective,[WPA2_PSK],2025-12-3 17:19:59,1,-79,34.0555077,-117.1793671,394.10,2.00,WIFI
9C:4F:5F:48:96:DA,swoonswank,[WPA2_PSK],2025-12-3 17:20:5,6,-67,34.0555077,-117.1788712,395.00,2.00,WIFI
40:B0:34:7E:0F:D6,DIRECT-D5-HP OfficeJet Pro 8720,[WPA2_PSK],2025-12-3 17:20:5,6,-69,34.0555077,-117.1788712,395.00,2.00,WIFI
FC:12:63:A1:4F:45,SpectrumSetup-47,[WPA2_PSK],2025-12-3 17:20:5,6,-73,34.0555077,-117.1788712,395.00,2.00,WIFI
8E:49:62:3D:0D:11,,[WPA2_PSK],2025-12-3 17:20:5,6,-77,34.0555077,-117.1788712,395.00,2.00,WIFI
4A:9E:BD:EE:FA:8E,DIRECT-8E-HP ,[WPA2_PSK],2025-12-3 17:20:5,6,-78,34.0555077,-117.1788712,395.00,2.00,WIFI
F8:E4:FB:3B:09:EA,BPNH7,[WPA2_PSK],2025-12-3 17:20:5,6,-82,34.0555077,-117.1788712,395.00,2.00,WIFI
54:47:CC:F5:CA:06,Frontier0196,[WPA2_PSK],2025-12-3 17:20:5,6,-83,34.0555077,-117.1788712,395.00,2.00,WIFI
FC:12:63:8F:F3:A2,Verizon_BRL3K4,[WPA2_PSK],2025-12-3 17:20:5,6,-87,34.0555077,-117.1788712,395.00,2.00,WIFI
F6:B4:D2:F9:1B:AB,Miner Secure,[WPA2_WPA3_PSK],2025-12-3 17:20:8,9,-84,34.0555038,-117.1786575,395.40,2.00,WIFI
AC:D3:1D:FC:A4:6F,Sturdy Bridge,[WPA2_PSK],2025-12-3 17:20:10,11,-51,34.0554848,-117.1785278,395.70,2.00,WIFI
D4:05:DE:20:DF:EA,,[OPEN],2025-12-3 17:20:10,11,-73,34.0554848,-117.1785278,395.70,2.00,WIFI
D4:05:DE:20:DF:E7,Energy Lab,[WPA2_PSK],2025-12-3 17:20:10,11,-75,34.0554848,-117.1785278,395.70,2.00,WIFI
84:BB:69:C3:1D:38,Frontier5456,[WPA2_PSK],2025-12-3 17:20:10,11,-78,34.0554848,-117.1785278,395.70,2.00,WIFI
D0:6D:C9:33:63:66,Hushh Medical Aesthetics,[WPA2_PSK],2025-12-3 17:20:10,11,-82,34.0554848,-117.1785278,395.70,2.00,WIFI
88:DE:7C:CB:9D:25,SpectrumSetup-27,[WPA2_PSK],2025-12-3 17:20:10,11,-85,34.0554848,-117.1785278,395.70,2.00,WIFI
F8:9E:28:D0:E7:9A,Regal Wireless,[WPA2_PSK],2025-12-3 17:20:10,11,-85,34.0554848,-117.1785278,395.70,2.00,WIFI
9C:4F:5F:48:BF:49,swoonswank,[WPA2_PSK],2025-12-3 17:20:10,11,-85,34.0554848,-117.1785278,395.70,2.00,WIFI
0C:83:CC:C0:BD:CE,tlc0bdce,[WPA2_PSK],2025-12-3 17:20:10,11,-89,34.0554848,-117.1785278,395.70,2.00,WIFI
9C:3D:CF:81:E0:42,NETGEAR76,[WPA2_PSK],2025-12-3 17:20:13,1,-72,34.0554771,-117.1783905,395.50,2.00,WIFI
94:F7:17:E8:F2:38,,[WPA_WPA2_PSK],2025-12-3 17:20:13,1,-81,34.0554771,-117.1783905,395.50,2.00,WIFI
AA:D3:1D:FC:A3:94,Citrone Guest,[WPA2_PSK],2025-12-3 17:20:19,6,-57,34.0554733,-117.1783218,395.40,2.00,WIFI
AC:D3:1D:FC:A3:94,Sturdy Bridge,[WPA2_PSK],2025-12-3 17:20:19,6,-58,34.0554733,-117.1783218,395.40,2.00,WIFI
92:D3:1D:FC:A3:94,,[WPA2_PSK],2025-12-3 17:20:19,6,-58,34.0554733,-117.1783218,395.40,2.00,WIFI
A8:13:0B:82:D2:05,,[WPA3_PSK],2025-12-3 17:20:19,6,-72,34.0554733,-117.1783218,395.40,2.00,WIFI
A8:13:0B:82:D2:0B,,[OPEN],2025-12-3 17:20:19,6,-72,34.0554733,-117.1783218,395.40,2.00,WIFI
A8:13:0B:82:D2:08,Uncorked On State,[WPA2_PSK],2025-12-3 17:20:19,6,-73,34.0554733,-117.1783218,395.40,2.00,WIFI
16:CB:19:96:95:9C,DIRECT-9C-HP ,[WPA2_PSK],2025-12-3 17:20:19,6,-80,34.0554733,-117.1783218,395.40,2.00,WIFI
82:E8:2C:AA:B2:F5,DIRECT-F5-HP M454dw Color LJ,[WPA2_PSK],2025-12-3 17:20:19,6,-83,34.0554733,-117.1783218,395.40,2.00,WIFI
A0:8A:06:49:9F:1F,FLOWER OF LIFE PSYCHOLOGY,[WPA2_PSK],2025-12-3 17:20:19,6,-88,34.0554733,-117.1783218,395.40,2.00,WIFI
86:3C:C1:0C:99:4C,GMC7789,[WPA2_WPA3_PSK],2025-12-3 17:20:19,6,-89,34.0554733,-117.1783218,395.40,2.00,WIFI
8A:78:48:D2:6D:05,Y-fi,[WPA2_WPA3_PSK],2025-12-3 17:20:19,6,-90,34.0554733,-117.1783218,395.40,2.00,WIFI
9C:4F:5F:48:BA:4D,swoonswank,[WPA2_PSK],2025-12-3 17:20:19,6,-91,34.0554733,-117.1783218,395.40,2.00,WIFI
F0:B4:D2:F9:1B:AB,Miner Guest,[WPA2_WPA3_PSK],2025-12-3 17:20:22,9,-77,34.0554733,-117.1783218,395.40,2.00,WIFI
FE:9E:28:D0:E7:9A,RWG Guest,[WPA2_PSK],2025-12-3 17:20:24,11,-73,34.0554733,-117.1783142,395.40,2.00,WIFI
BA:FB:E4:71:17:44,NO-UNAUTHORIZED,[WPA2_PSK],2025-12-3 17:20:24,11,-83,34.0554733,-117.1783142,395.40,2.00,WIFI
BE:FB:E4:71:17:44,,[WPA2_PSK],2025-12-3 17:20:24,11,-84,34.0554733,-117.1783142,395.40,2.00,WIFI
B4:FB:E4:71:17:44,SLC-Internal,[WPA2_PSK],2025-12-3 17:20:24,11,-85,34.0554733,-117.1783142,395.40,2.00,WIFI
FC:9C:98:E5:AF:30,ARLO_VMB_9249759271,[WPA2_PSK],2025-12-3 17:20:24,11,-87,34.0554733,-117.1783142,395.40,2.00,WIFI
CA:55:A8:48:A5:92,RPD,[WPA2_PSK],2025-12-3 17:20:28,1,-80,34.0554733,-117.1783142,395.60,2.00,WIFI
A8:13:0B:82:D2:11,Uncorked On State Guest,[WPA2_PSK],2025-12-3 17:20:34,6,-79,34.0554771,-117.1783218,395.20,2.00,WIFI
7E:57:58:AC:53:BB,DIRECT-BB-HP Color LJ 4201,[WPA2_PSK],2025-12-3 17:20:34,6,-81,34.0554771,-117.1783218,395.20,2.00,WIFI
