WigleWifi-1.4,appRelease=v1.2.0,model=ESP32 Marauder,release=v1.2.0,device=ESP32 Marauder,display=SPI TFT,board=ESP32 Marauder,brand=JustCallMeKoko
MAC,SSID,AuthMode,FirstSeen,Channel,RSSI,CurrentLatitude,CurrentLongitude,AltitudeMeters,AccuracyMeters,Type
B0:FC:88:03:85:46,Frontier2768,[WPA2_PSK],2025-11-30 21:39:49,1,-69,34.0463028,-117.2025757,356.10,2.50,WIFI
CC:58:30:64:D4:D7,TMOBILE-D4D1,[WPA2_WPA3_PSK],2025-11-30 21:39:49,1,-71,34.0463028,-117.2025757,356.10,2.50,WIFI
A0:EE:EE:08:AD:D8,,[WPA_WPA2_PSK],2025-11-30 21:39:49,1,-76,34.0463028,-117.2025757,356.10,2.50,WIFI
9C:05:D6:62:FA:5A,ManagementVds,[WPA2_WPA3_PSK],2025-11-30 21:39:49,1,-82,34.0463028,-117.2025757,356.10,2.50,WIFI
F0:81:75:08:78:E6,MySpectrumWiFie0-2G,[WPA2_PSK],2025-11-30 21:39:49,1,-83,34.0463028,-117.2025757,356.10,2.50,WIFI
80:CC:9C:7B:29:1B,MoeFryAsh,[WPA2_PSK],2025-11-30 21:39:49,1,-84,34.0463028,-117.2025757,356.10,2.50,WIFI
FC:B2:D6:C9:2B:B4,,[WPA_WPA2_PSK],2025-11-30 21:39:49,1,-84,34.0463028,-117.2025757,356.10,2.50,WIFI
00:18:05:10:58:EA,,[WPA2_PSK],2025-11-30 21:39:49,1,-84,34.0463028,-117.2025757,356.10,2.50,WIFI
AC:B6:87:AC:F9:67,Verizon_7KZ9RP,[WPA2_PSK],2025-11-30 21:39:49,1,-89,34.0463028,-117.2025757,356.10,2.50,WIFI
54:04:63:C8:A4:F9,,[WPA_WPA2_PSK],2025-11-30 21:39:49,1,-91,34.0463028,-117.2025757,356.10,2.50,WIFI
00:18:05:10:59:40,,[WPA2_PSK],2025-11-30 21:39:50,2,-86,34.0463028,-117.2025757,356.10,2.50,WIFI
92:C9:E3:CB:71:4F,DrMRedlandsBest,[WPA2_WPA3_PSK],2025-11-30 21:39:51,3,-84,34.0463028,-117.2025681,356.00,2.50,WIFI
C0:C9:E3:CB:71:4C,M3_OfficeLink,[WPA2_WPA3_PSK],2025-11-30 21:39:51,3,-85,34.0463028,-117.2025681,356.00,2.50,WIFI
F4:52:46:BD:3A:AA,Pikachu,[WPA2_PSK],2025-11-30 21:39:54,6,-68,34.0463066,-117.2025681,355.80,2.50,WIFI
24:41:FE:48:01:22,Verizon_6KNG9L,[WPA2_PSK],2025-11-30 21:39:54,6,-75,34.0463066,-117.2025681,355.80,2.50,WIFI
FC:12:63:82:4E:A1,SpectrumSetup-A3,[WPA2_PSK],2025-11-30 21:39:54,6,-77,34.0463066,-117.2025681,355.80,2.50,WIFI
A0:8A:06:51:1A:8D,Spec3,[WPA2_PSK],2025-11-30 21:39:54,6,-80,34.0463066,-117.2025681,355.80,2.50,WIFI
74:37:5F:55:FA:13,ierr2006,[WPA2_PSK],2025-11-30 21:39:54,6,-81,34.0463066,-117.2025681,355.80,2.50,WIFI
AC:91:9B:B8:E2:48,Verizon_K4L9KV,[WPA2_PSK],2025-11-30 21:39:54,6,-82,34.0463066,-117.2025681,355.80,2.50,WIFI
08:B4:B1:E8:C4:5C,Drug Addicts Only,[WPA2_PSK],2025-11-30 21:39:54,6,-83,34.0463066,-117.2025681,355.80,2.50,WIFI
84:1E:A3:D5:C9:1E,wineforpw,[WPA2_PSK],2025-11-30 21:39:54,6,-85,34.0463066,-117.2025681,355.80,2.50,WIFI
14:7D:05:94:72:BF,TINOCO5G,[WPA2_PSK],2025-11-30 21:39:54,6,-89,34.0463066,-117.2025681,355.80,2.50,WIFI
A8:3A:79:F5:89:A5,CK_STORE,[WPA2],2025-11-30 21:39:59,11,-60,34.0463104,-117.2025681,355.90,2.50,WIFI
A8:3A:79:F5:89:A1,CK_IOT,[WPA2_PSK],2025-11-30 21:39:59,11,-61,34.0463104,-117.2025681,355.90,2.50,WIFI
A8:3A:79:F5:89:A4,CK_MGR,[WPA2_PSK],2025-11-30 21:39:59,11,-61,34.0463104,-117.2025681,355.90,2.50,WIFI
A8:3A:79:F5:89:A3,CK_STAGE,[WPA2_PSK],2025-11-30 21:39:59,11,-62,34.0463104,-117.2025681,355.90,2.50,WIFI
A8:3A:79:F5:89:A2,CK_BYOD,[WPA2_PSK],2025-11-30 21:39:59,11,-63,34.0463104,-117.2025681,355.90,2.50,WIFI
94:83:C4:0B:C3:A8,crkems750,[WPA_PSK],2025-11-30 21:39:59,11,-74,34.0463104,-117.2025681,355.90,2.50,WIFI
34:53:D2:CC:E6:1F,SpectrumSetup-19,[WPA2_PSK],2025-11-30 21:39:59,11,-83,34.0463104,-117.2025681,355.90,2.50,WIFI
88:67:46:99:C4:46,Sanchez Residency,[WPA2_PSK],2025-11-30 21:39:59,11,-84,34.0463104,-117.2025681,355.90,2.50,WIFI
D0:6D:C9:2D:C7:86,Fruit Farm,[WPA2_PSK],2025-11-30 21:40:2,1,-86,34.0463142,-117.2025681,356.00,2.00,WIFI
FA:8F:CA:6E:4F:61,Polk MagniFi Max-1769.d,[OPEN],2025-11-30 21:40:2,1,-86,34.0463142,-117.2025681,356.00,2.00,WIFI
2E:D7:5B:AC:AF:BC,Anthonie Smells like WiFi,[WPA2_PSK],2025-11-30 21:40:2,1,-90,34.0463142,-117.2025681,356.00,2.00,WIFI
C8:D3:FF:86:53:A6,DIRECT-A5-HP OfficeJet Pro 8710,[WPA2_PSK],2025-11-30 21:40:8,6,-85,34.0463219,-117.2025604,356.30,2.00,WIFI
22:48:6C:4D:BE:43,,[WPA2_PSK],2025-11-30 21:40:8,6,-86,34.0463219,-117.2025604,356.30,2.00,WIFI
94:18:65:DD:13:87,WorkLarry,[WPA2_PSK],2025-11-30 21:40:12,10,-79,34.0463219,-117.2025604,356.50,2.00,WIFI
F0:7B:65:3C:22:AA,SpectrumSetup-22A4,[WPA2_PSK],2025-11-30 21:40:13,11,-75,34.0463219,-117.2025604,356.50,2.00,WIFI
88:67:46:64:0E:E3,,[WPA3_PSK],2025-11-30 21:40:13,11,-80,34.0463219,-117.2025604,356.50,2.00,WIFI
88:67:46:64:0E:E9,,[OPEN],2025-11-30 21:40:13,11,-80,34.0463219,-117.2025604,356.50,2.00,WIFI
88:67:46:64:0E:E6,Frontier16,[WPA2_PSK],2025-11-30 21:40:13,11,-81,34.0463219,-117.2025604,356.50,2.00,WIFI
24:F3:E3:2B:07:C6,Tomorrowland,[WPA2_WPA3_PSK],2025-11-30 21:40:22,6,-86,34.0463219,-117.2025528,357.00,1.50,WIFI
90:D3:CF:6E:ED:5B,GirlypopsNetwork,[WPA2_PSK],2025-11-30 21:40:27,11,-79,34.0463142,-117.2025528,357.30,1.50,WIFI
60:F4:19:8B:6B:23,,[WPA3_PSK],2025-11-30 21:40:27,11,-81,34.0463142,-117.2025528,357.30,1.50,WIFI
60:F4:19:8B:6B:29,,[OPEN],2025-11-30 21:40:27,11,-81,34.0463142,-117.2025528,357.30,1.50,WIFI
38:88:71:4B:35:C3,Verizon_XB7M73,[WPA2_PSK],2025-11-30 21:40:27,11,-84,34.0463142,-117.2025528,357.30,1.50,WIFI
FC:3D:73:27:D3:83,,[WPA3_PSK],2025-11-30 21:40:27,11,-85,34.0463142,-117.2025528,357.30,1.50,WIFI
FC:3D:73:27:D3:89,,[OPEN],2025-11-30 21:40:27,11,-87,34.0463142,-117.2025528,357.30,1.50,WIFI
34:53:D2:B6:95:0E,SpectrumSetup-08,[WPA2_PSK],2025-11-30 21:40:30,1,-79,34.0463142,-117.2025528,357.40,1.50,WIFI
24:F3:E3:2B:07:C3,,[WPA3_PSK],2025-11-30 21:40:36,6,-85,34.0463142,-117.2025452,357.60,1.50,WIFI
FC:3D:73:27:D3:86,Tell Your Wifi My Nuts Miss Her,[WPA2_PSK],2025-11-30 21:40:41,11,-86,34.0463142,-117.2025452,357.90,1.50,WIFI
5C:FA:25:E7:A9:BC,SpectrumSetup-B6,[WPA2_PSK],2025-11-30 21:40:44,1,-88,34.0463142,-117.2025452,358.10,1.50,WIFI
8C:85:80:BB:D5:92,,[WPA_WPA2_PSK],2025-11-30 21:40:44,1,-94,34.0463142,-117.2025452,358.10,1.50,WIFI
F8:AA:3F:EB:53:1F,SpectrumSetup-1D,[WPA2_PSK],2025-11-30 21:40:50,6,-83,34.0463142,-117.2025375,358.30,1.50,WIFI
34:60:F9:5F:7E:1B,HandB,[WPA2_PSK],2025-11-30 21:40:52,8,-90,34.0463104,-117.2025375,358.30,1.50,WIFI
FC:12:63:B7:33:03,Lakers Nation,[WPA2_PSK],2025-11-30 21:40:58,1,-88,34.0463104,-117.2025375,358.60,1.50,WIFI
96:D8:1B:79:8D:8D,,[WPA2_PSK],2025-11-30 21:41:0,2,-89,34.0463104,-117.2025375,358.80,1.50,WIFI
24:F3:E3:2B:07:CF,Adventureland,[WPA2_WPA3_PSK],2025-11-30 21:41:4,6,-82,34.0463142,-117.2025375,359.00,1.50,WIFI
18:A5:FF:7D:5E:7A,CASA-CNAVARROS,[WPA2_WPA3_PSK],2025-11-30 21:41:17,5,-87,34.0463219,-117.2025299,359.30,1.50,WIFI
3C:F0:83:E0:07:6C,CASA-CNAVARROS,[WPA2_WPA3_PSK],2025-11-30 21:41:20,8,-87,34.0463219,-117.2025299,359.50,1.25,WIFI
C0:89:AB:4C:93:98,Frontier4992,[WPA2_PSK],2025-11-30 21:41:23,11,-80,34.0463219,-117.2025299,359.60,1.25,WIFI
2C:EA:DC:00:EE:AC,SpectrumSetup-AE,[WPA2_PSK],2025-11-30 21:41:26,1,-86,34.0463219,-117.2025299,359.80,1.25,WIFI
F0:7B:65:E1:8B:11,Misha,[WPA2_PSK],2025-11-30 21:41:32,6,-92,34.0463219,-117.2025223,360.00,1.25,WIFI
74:37:5F:4F:EC:A7,Sexfya,[WPA2_PSK],2025-11-30 21:41:40,1,-87,34.0463219,-117.2025223,360.30,1.25,WIFI
C0:6F:98:6E:52:86,familyof8,[WPA2_PSK],2025-11-30 21:41:46,6,-84,34.0463219,-117.2025223,360.40,1.25,WIFI
3C:52:82:20:57:50,DIRECT-4F-HP ENVY 7640 series,[WPA2_PSK],2025-11-30 21:41:59,5,-89,34.0463219,-117.2025223,360.50,1.25,WIFI
BA:2C:A0:65:04:8B,NewThermostat_65048B,[OPEN],2025-11-30 21:42:0,6,-89,34.0463219,-117.2025223,360.40,1.25,WIFI
22:AD:56:3B:28:52,Hotspot2852,[WPA_WPA2_PSK],2025-11-30 21:42:28,6,-83,34.0463219,-117.2025146,360.50,1.25,WIFI
A0:89:66:E1:74:AC,,[WPA_WPA2_PSK],2025-11-30 21:42:36,1,-88,34.0463219,-117.2025146,360.40,1.25,WIFI
C0:6F:98:6E:52:89,,[OPEN],2025-11-30 21:42:42,6,-81,34.0463219,-117.2025146,360.40,1.25,WIFI
C0:6F:98:6E:52:83,,[WPA3_PSK],2025-11-30 21:42:56,6,-82,34.0463219,-117.2025146,360.30,1.25,WIFI
58:9B:4A:A0:E3:06,SpectrumSetup-E302,[WPA2_PSK],2025-11-30 21:43:24,6,-84,34.0463219,-117.2025146,360.00,1.25,WIFI
24:F3:E3:2B:07:C9,,[OPEN],2025-11-30 21:43:24,6,-85,34.0463219,-117.2025146,360.00,1.25,WIFI
BC:82:5D:B7:75:AD,vickis wifi,[WPA2_PSK],2025-11-30 21:43:43,11,-84,34.0463219,-117.2025146,360.00,1.25,WIFI
74:37:5F:DA:99:47,SpectrumSetup-45,[WPA2_PSK],2025-11-30 21:43:45,1,-84,34.0463219,-117.2025146,360.00,1.25,WIFI
C4:A8:16:B8:A4:43,,[WPA3_PSK],2025-11-30 21:43:52,6,-74,34.0463753,-117.2024155,359.60,1.25,WIFI
80:78:71:3F:D9:85,SpectrumSetup-87,[WPA2_PSK],2025-11-30 21:43:52,6,-86,34.0463753,-117.2024155,359.60,1.25,WIFI
84:A0:6E:CB:0A:E6,MySpectrumWiFie0-2G,[WPA2_PSK],2025-11-30 21:44:1,1,-85,34.0464783,-117.2023926,359.30,1.25,WIFI
10:0C:6B:32:3D:8C,,[WPA2_PSK],2025-11-30 21:44:9,9,-83,34.0464859,-117.2023849,359.40,1.25,WIFI
16:0C:6B:32:3D:8C,RPNet,[WPA2_PSK],2025-11-30 21:44:9,9,-84,34.0464859,-117.2023849,359.40,1.25,WIFI
1E:0C:6B:32:3D:8C,Irie-IoT,[WPA2_PSK],2025-11-30 21:44:9,9,-86,34.0464859,-117.2023849,359.40,1.25,WIFI
1E:0C:6B:2A:DE:6C,Irie-IoT,[WPA2_PSK],2025-11-30 21:44:9,9,-90,34.0464859,-117.2023849,359.40,1.25,WIFI
60:F4:19:8B:6B:26,Logan Wifi,[WPA2_PSK],2025-11-30 21:44:11,11,-82,34.0464859,-117.2023849,359.40,1.25,WIFI
90:D3:CF:C7:3D:92,Legato,[WPA2_PSK],2025-11-30 21:44:11,11,-87,34.0464859,-117.2023849,359.40,1.25,WIFI
4C:19:5D:60:75:09,COPFAMILY,[WPA2_PSK],2025-11-30 21:44:11,11,-88,34.0464859,-117.2023849,359.40,1.25,WIFI
6C:CD:D6:DB:80:FC,NETGEAR49,[WPA2_PSK],2025-11-30 21:44:15,1,-88,34.0465088,-117.2023849,359.30,1.25,WIFI
B0:A7:B9:4A:14:FC,Ziprick,[WPA_WPA2_PSK],2025-11-30 21:44:17,3,-87,34.0465622,-117.2023315,359.50,1.25,WIFI
B6:A7:B9:4A:14:FD,Ziprick Guest,[WPA_WPA2_PSK],2025-11-30 21:44:17,3,-90,34.0465622,-117.2023315,359.50,1.25,WIFI
44:A5:6E:7C:C2:EB,ZEPHANEEZIE,[WPA2_PSK],2025-11-30 21:44:17,3,-91,34.0465622,-117.2023315,359.50,1.25,WIFI
44:AC:85:6E:45:C6,Normanrose,[WPA2_PSK],2025-11-30 21:44:20,6,-79,34.0466347,-117.2020721,359.80,1.25,WIFI
44:AC:85:6E:45:C9,,[OPEN],2025-11-30 21:44:20,6,-80,34.0466347,-117.2020721,359.80,1.25,WIFI
F0:9F:C2:CC:90:F6,ManagementVds,[WPA2_WPA3_PSK],2025-11-30 21:44:20,6,-82,34.0466347,-117.2020721,359.80,1.25,WIFI
0A:67:BE:1E:F7:CC,,[WPA2_PSK],2025-11-30 21:44:20,6,-83,34.0466347,-117.2020721,359.80,1.25,WIFI
54:B7:BD:B8:7A:FF,Verizon_B3N96G,[WPA2_PSK],2025-11-30 21:44:20,6,-91,34.0466347,-117.2020721,359.80,1.25,WIFI
32:F7:72:57:08:57,DIRECT-XT-BRAVIA,[WPA2_PSK],2025-11-30 21:44:25,11,-77,34.0468292,-117.2013168,359.70,1.25,WIFI
2C:67:BE:0A:1B:ED,SpectrumSetup-1BE9,[WPA2_PSK],2025-11-30 21:44:25,11,-78,34.0468292,-117.2013168,359.70,1.25,WIFI
18:A9:ED:FC:48:43,,[WPA3_PSK],2025-11-30 21:44:25,11,-80,34.0468292,-117.2013168,359.70,1.25,WIFI
0E:96:E6:BD:91:C7,DIRECT-c7-HP M148f LaserJet,[WPA2_PSK],2025-11-30 21:44:25,11,-83,34.0468292,-117.2013168,359.70,1.25,WIFI
A0:55:1F:19:A6:8C,SpectrumSetup-A686,[WPA2_PSK],2025-11-30 21:44:28,1,-74,34.0469933,-117.2008438,359.30,1.25,WIFI
98:1E:19:29:93:7E,MySpectrumWiFi78-2G,[WPA2_PSK],2025-11-30 21:44:28,1,-86,34.0469933,-117.2008438,359.30,1.25,WIFI
CE:22:26:E0:32:38,Hotspot,[WPA2_PSK],2025-11-30 21:44:28,1,-86,34.0469933,-117.2008438,359.30,1.25,WIFI
A0:8A:06:AA:BF:D0,SpectrumSetup-A8,[WPA2_PSK],2025-11-30 21:44:28,1,-88,34.0469933,-117.2008438,359.30,1.25,WIFI
A0:EE:EE:D8:5D:F8,,[WPA_WPA2_PSK],2025-11-30 21:44:28,1,-89,34.0469933,-117.2008438,359.30,1.25,WIFI
06:5F:67:8D:F7:5E,,[WPA2_PSK],2025-11-30 21:44:33,5,-81,34.0473557,-117.2000656,358.40,1.25,WIFI
D0:68:27:FD:B9:C9,,[OPEN],2025-11-30 21:44:34,6,-71,34.0474358,-117.1999130,358.50,1.25,WIFI
94:CD:FD:47:61:C6,EMZ,[WPA2_PSK],2025-11-30 21:44:34,6,-71,34.0474358,-117.1999130,358.50,1.25,WIFI
D0:68:27:FD:B9:C3,,[WPA3_PSK],2025-11-30 21:44:34,6,-72,34.0474358,-117.1999130,358.50,1.25,WIFI
4C:22:F3:37:C1:FF,Verizon_S6PV6L,[WPA2_PSK],2025-11-30 21:44:34,6,-72,34.0474358,-117.1999130,358.50,1.25,WIFI
D0:68:27:DF:41:09,,[OPEN],2025-11-30 21:44:34,6,-73,34.0474358,-117.1999130,358.50,1.25,WIFI
D8:8E:D4:04:C0:E3,,[WPA3_PSK],2025-11-30 21:44:34,6,-73,34.0474358,-117.1999130,358.50,1.25,WIFI
D8:8E:D4:04:C0:E9,,[OPEN],2025-11-30 21:44:34,6,-73,34.0474358,-117.1999130,358.50,1.25,WIFI
D8:8E:D4:04:C0:E6,Frontier ,[WPA2_PSK],2025-11-30 21:44:34,6,-73,34.0474358,-117.1999130,358.50,1.25,WIFI
F4:52:46:BD:F3:A5,Hashslingingslasher,[WPA2_PSK],2025-11-30 21:44:34,6,-74,34.0474358,-117.1999130,358.50,1.25,WIFI
D0:68:27:F8:A9:89,,[OPEN],2025-11-30 21:44:34,6,-76,34.0474358,-117.1999130,358.50,1.25,WIFI
D0:68:27:FD:B9:C6,Burgers,[WPA2_PSK],2025-11-30 21:44:34,6,-76,34.0474358,-117.1999130,358.50,1.25,WIFI
D0:68:27:DF:41:06,Burgers,[WPA2_PSK],2025-11-30 21:44:34,6,-80,34.0474358,-117.1999130,358.50,1.25,WIFI
20:3A:0C:D9:1D:06,racehorse51,[WPA2_PSK],2025-11-30 21:44:34,6,-82,34.0474358,-117.1999130,358.50,1.25,WIFI
26:6A:0E:EE:E6:06,HP=Setup<06_Envy 6500e series,[OPEN],2025-11-30 21:44:34,6,-82,34.0474358,-117.1999130,358.50,1.25,WIFI
AC:E2:D3:E2:AF:76,DIRECT-75-HP OfficeJet Pro 6960,[WPA2_PSK],2025-11-30 21:44:34,6,-84,34.0474358,-117.1999130,358.50,1.25,WIFI
20:3A:0C:D9:1D:09,,[OPEN],2025-11-30 21:44:34,6,-87,34.0474358,-117.1999130,358.50,1.25,WIFI
7E:2E:BD:89:0B:18,leoffice-guest,[WPA2_PSK],2025-11-30 21:44:34,6,-87,34.0474358,-117.1999130,358.50,1.25,WIFI
74:37:5F:26:BF:83,SpectrumSetup-81,[WPA2_PSK],2025-11-30 21:44:34,6,-87,34.0474358,-117.1999130,358.50,1.25,WIFI
C8:7F:54:12:98:00,DeepDark,[WPA2_PSK],2025-11-30 21:44:39,10,-81,34.0478401,-117.1991730,359.00,1.25,WIFI
90:CD:B6:A1:22:2D,WIFIA12229,[WPA2_PSK],2025-11-30 21:44:40,11,-70,34.0479164,-117.1990356,359.30,1.25,WIFI
AC:B6:87:32:80:DB,Verizon_647KQZ,[WPA2_PSK],2025-11-30 21:44:40,11,-74,34.0479164,-117.1990356,359.30,1.25,WIFI
A0:55:1F:1E:83:8D,SpectrumSetup-8387,[WPA2_PSK],2025-11-30 21:44:40,11,-76,34.0479164,-117.1990356,359.30,1.25,WIFI
20:3A:0C:2D:E1:83,,[WPA3_PSK],2025-11-30 21:44:40,11,-77,34.0479164,-117.1990356,359.30,1.25,WIFI
A0:8E:24:7D:72:A5,Wilson Clinic,[WPA2_PSK],2025-11-30 21:44:40,11,-78,34.0479164,-117.1990356,359.30,1.25,WIFI
20:3A:0C:2D:E1:89,,[OPEN],2025-11-30 21:44:40,11,-78,34.0479164,-117.1990356,359.30,1.25,WIFI
20:3A:0C:2D:E1:86,Rambo13,[WPA2_PSK],2025-11-30 21:44:40,11,-78,34.0479164,-117.1990356,359.30,1.25,WIFI
64:DA:ED:0C:A5:C7,,[OPEN],2025-11-30 21:44:40,11,-81,34.0479164,-117.1990356,359.30,1.25,WIFI
64:DA:ED:0C:A5:C5,Wilson Clinic,[WPA2_PSK],2025-11-30 21:44:40,11,-82,34.0479164,-117.1990356,359.30,1.25,WIFI
00:1C:C2:A1:27:94,A9047L-8K-95,[OPEN],2025-11-30 21:44:40,11,-84,34.0479164,-117.1990356,359.30,1.25,WIFI
34:DB:9C:6C:3F:FE,MySpectrumWiFif8-2G,[WPA2_PSK],2025-11-30 21:44:40,11,-85,34.0479164,-117.1990356,359.30,1.25,WIFI
C8:B4:22:FB:EE:49,SpectrumSetup-4B,[WPA2_PSK],2025-11-30 21:44:40,11,-86,34.0479164,-117.1990356,359.30,1.25,WIFI
12:7B:65:CC:0B:8E,,[WPA2_PSK],2025-11-30 21:44:40,11,-89,34.0479164,-117.1990356,359.30,1.25,WIFI
44:D4:53:81:E1:DE,SpectrumSetup-D8,[WPA2_PSK],2025-11-30 21:44:40,11,-89,34.0479164,-117.1990356,359.30,1.25,WIFI
F0:7B:65:BC:FB:11,Jacksonfam,[WPA2_PSK],2025-11-30 21:44:40,1,-70,34.0479164,-117.1990356,359.30,1.25,WIFI
30:93:BC:7E:0F:F6,MySpectrumWiFif0-2G,[WPA2_PSK],2025-11-30 21:44:40,1,-84,34.0479164,-117.1990356,359.30,1.25,WIFI
84:1E:A3:CB:20:46,MooMooMeadows,[WPA2_PSK],2025-11-30 21:44:40,1,-85,34.0479164,-117.1990356,359.30,1.25,WIFI
CE:40:D0:7D:51:58,IYBI-Guest,[WPA2_PSK],2025-11-30 21:44:48,5,-69,34.0485191,-117.1979446,360.20,1.25,WIFI
A4:11:62:CA:12:34,ARLO_VMB_2804592903,[WPA2_PSK],2025-11-30 21:44:48,5,-69,34.0485191,-117.1979446,360.20,1.25,WIFI
CC:40:D0:7D:51:5F,IYBI,[WPA2_PSK],2025-11-30 21:44:48,5,-70,34.0485191,-117.1979446,360.20,1.25,WIFI
CC:40:D0:05:83:4C,NETGEAR86,[WPA2_PSK],2025-11-30 21:44:48,5,-81,34.0485191,-117.1979446,360.20,1.25,WIFI
F0:7B:65:66:CE:5F,SpectrumSetup-CF,[WPA2_PSK],2025-11-30 21:44:49,6,-58,34.0485916,-117.1978073,360.50,1.25,WIFI
98:C8:54:AA:32:28,Verizon_W3GQ76,[WPA2_PSK],2025-11-30 21:44:49,6,-83,34.0485916,-117.1978073,360.50,1.25,WIFI
74:37:5F:DA:46:A3,Kat,[WPA2_PSK],2025-11-30 21:44:54,11,-63,34.0489578,-117.1971512,361.70,1.25,WIFI
4C:19:5D:2C:9F:97,SpectrumSetup-42CC,[WPA2_PSK],2025-11-30 21:44:54,11,-73,34.0489578,-117.1971512,361.70,1.25,WIFI
A0:8A:06:50:AF:76,SpectrumSetup-AF79,[WPA2_PSK],2025-11-30 21:44:54,11,-73,34.0489578,-117.1971512,361.70,1.25,WIFI
58:96:71:D0:CC:8E,Verizon_X3FT6K,[WPA2_PSK],2025-11-30 21:44:54,11,-74,34.0489578,-117.1971512,361.70,1.25,WIFI
90:D3:CF:E3:AF:83,SpectrumSetup-4338,[WPA2_PSK],2025-11-30 21:44:54,11,-75,34.0489578,-117.1971512,361.70,1.25,WIFI
80:78:71:49:B3:CD,SpectrumSetup-CF,[WPA2_PSK],2025-11-30 21:44:54,11,-75,34.0489578,-117.1971512,361.70,1.25,WIFI
F0:7B:65:95:34:0E,A_J,[WPA2_PSK],2025-11-30 21:44:54,11,-79,34.0489578,-117.1971512,361.70,1.25,WIFI
92:2B:AA:59:40:D6,Casa de Pineda-Fi,[WPA2_PSK],2025-11-30 21:44:54,11,-80,34.0489578,-117.1971512,361.70,1.25,WIFI
14:7D:05:4E:07:C3,SpectrumSetup-C1,[WPA2_PSK],2025-11-30 21:44:56,1,-61,34.0491028,-117.1968765,362.10,1.25,WIFI
88:DE:7C:32:E4:F9,SpectrumSetup-FB,[WPA2_PSK],2025-11-30 21:44:56,1,-62,34.0491028,-117.1968765,362.10,1.25,WIFI
2C:58:4F:1F:5D:28,Frontier9712,[WPA2_PSK],2025-11-30 21:44:56,1,-71,34.0491028,-117.1968765,362.10,1.25,WIFI
84:1E:A3:21:A0:B6,SpectrumSetup-B0,[WPA2_PSK],2025-11-30 21:44:56,1,-76,34.0491028,-117.1968765,362.10,1.25,WIFI
18:A9:ED:53:81:C3,,[WPA3_PSK],2025-11-30 21:44:56,1,-81,34.0491028,-117.1968765,362.10,1.25,WIFI
18:A9:ED:53:81:C9,,[OPEN],2025-11-30 21:44:56,1,-83,34.0491028,-117.1968765,362.10,1.25,WIFI
1A:93:7F:AA:CA:C4,SunPower50275,[WPA2_PSK],2025-11-30 21:44:56,1,-85,34.0491028,-117.1968765,362.10,1.25,WIFI
2C:EA:DC:2E:17:D5,SpectrumSetup-D7,[WPA2_PSK],2025-11-30 21:44:56,1,-86,34.0491028,-117.1968765,362.10,1.25,WIFI
4C:19:5D:10:6E:4B,SpectrumSetup-45,[WPA2_PSK],2025-11-30 21:44:56,1,-87,34.0491028,-117.1968765,362.10,1.25,WIFI
5C:18:DD:EB:5E:04,,[WPA_WPA2_PSK],2025-11-30 21:44:56,1,-88,34.0491028,-117.1968765,362.10,1.25,WIFI
A0:89:66:EA:76:9C,,[WPA_WPA2_PSK],2025-11-30 21:44:56,1,-90,34.0491028,-117.1968765,362.10,1.25,WIFI
64:67:72:EB:C7:1F,SpectrumSetup-1D,[WPA2_PSK],2025-11-30 21:44:56,1,-91,34.0491028,-117.1968765,362.10,1.25,WIFI
C8:9E:43:D8:13:F2,,[WPA2_PSK],2025-11-30 21:45:1,3,-90,34.0494766,-117.1962051,363.10,1.25,WIFI
54:07:7D:10:43:23,TP-LINK_785058,[WPA3_PSK],2025-11-30 21:45:3,5,-72,34.0496368,-117.1959305,363.30,1.25,WIFI
F8:08:4F:D6:10:4E,SpectrumSetup-48,[WPA2_PSK],2025-11-30 21:45:4,6,-62,34.0497169,-117.1957855,363.30,1.25,WIFI
B0:BB:E5:31:B9:56,SpectrumSetup-50,[WPA2_PSK],2025-11-30 21:45:4,6,-63,34.0497169,-117.1957855,363.30,1.25,WIFI
FC:12:63:05:52:F8,CoxFamilyPalace,[WPA2_PSK],2025-11-30 21:45:4,6,-68,34.0497169,-117.1957855,363.30,1.25,WIFI
02:12:63:05:52:F8,CoxFamilyPalace-Guest,[WPA2_PSK],2025-11-30 21:45:4,6,-74,34.0497169,-117.1957855,363.30,1.25,WIFI
58:9B:4A:AF:C4:7D,Casa_Romero,[WPA2_PSK],2025-11-30 21:45:4,6,-78,34.0497169,-117.1957855,363.30,1.25,WIFI
72:CC:9C:3E:C9:B7,Oktoberfest-Guest,[WPA2_PSK],2025-11-30 21:45:4,7,-70,34.0497169,-117.1957855,363.30,1.25,WIFI
88:DE:7C:B5:47:2C,Gogorouterrangers,[WPA2_PSK],2025-11-30 21:45:12,1,-63,34.0503426,-117.1946411,363.30,1.25,WIFI
74:37:5F:27:3D:37,SincereParis,[WPA2_PSK],2025-11-30 21:45:12,1,-70,34.0503426,-117.1946411,363.30,1.25,WIFI
B0:FC:88:28:76:5D,SpectrumSetup-57,[WPA2_PSK],2025-11-30 21:45:12,1,-75,34.0503426,-117.1946411,363.30,1.25,WIFI
4C:AB:F8:B4:F3:33,J&S WIFI,[WPA2_PSK],2025-11-30 21:45:12,1,-78,34.0503426,-117.1946411,363.30,1.25,WIFI
9C:C9:EB:19:1D:76,MySpectrumWiFi28-2G_EXT,[WPA2_PSK],2025-11-30 21:45:12,1,-85,34.0503426,-117.1946411,363.30,1.25,WIFI
10:0C:6B:DD:53:A9,,[WPA2_PSK],2025-11-30 21:45:15,3,-80,34.0505791,-117.1942139,363.40,1.25,WIFI
16:0C:6B:DD:53:A9,ORBI86,[WPA2_PSK],2025-11-30 21:45:15,3,-82,34.0505791,-117.1942139,363.40,1.25,WIFI
1A:0C:6B:DD:53:A9,BROOKSIDEMANOR,[WPA2_WPA3_PSK],2025-11-30 21:45:15,3,-84,34.0505791,-117.1942139,363.40,1.25,WIFI
BC:A5:11:F9:04:30,NETGEAR76,[WPA2_PSK],2025-11-30 21:45:15,3,-85,34.0505791,-117.1942139,363.40,1.25,WIFI
CE:9E:43:B6:62:DD,ORBI86,[WPA2_PSK],2025-11-30 21:45:15,3,-88,34.0505791,-117.1942139,363.40,1.25,WIFI
A0:36:BC:1B:A3:38,PaddysPub,[WPA2_PSK],2025-11-30 21:45:16,4,-86,34.0506630,-117.1940689,363.50,1.25,WIFI
4C:AB:F8:59:18:95,SpectrumSetup-97,[WPA2_PSK],2025-11-30 21:45:18,6,-65,34.0508232,-117.1937866,363.40,1.25,WIFI
2C:67:BE:39:38:6A,TELL YOUR WiFi I SAY HI,[WPA2_PSK],2025-11-30 21:45:18,6,-67,34.0508232,-117.1937866,363.40,1.25,WIFI
58:9B:4A:88:22:69,yallgotsomesugar,[WPA2_PSK],2025-11-30 21:45:18,6,-71,34.0508232,-117.1937866,363.40,1.25,WIFI
4C:AB:F8:45:E8:F1,PalmTree.Wifi,[WPA2_PSK],2025-11-30 21:45:18,6,-76,34.0508232,-117.1937866,363.40,1.25,WIFI
FC:12:63:F3:16:A5,Del84,[WPA2_PSK],2025-11-30 21:45:18,6,-77,34.0508232,-117.1937866,363.40,1.25,WIFI
F4:69:42:59:D4:47,SpectrumSetup-49,[WPA2_PSK],2025-11-30 21:45:18,6,-78,34.0508232,-117.1937866,363.40,1.25,WIFI
C8:B4:22:D0:81:15,SpectrumSetup-17,[WPA2_PSK],2025-11-30 21:45:18,6,-86,34.0508232,-117.1937866,363.40,1.25,WIFI
CE:9E:43:A2:68:FE,chartique,[WPA2_PSK],2025-11-30 21:45:20,8,-65,34.0509796,-117.1934967,363.60,1.25,WIFI
CE:9E:43:A3:A6:3E,chartique,[WPA2_PSK],2025-11-30 21:45:20,8,-70,34.0509796,-117.1934967,363.60,1.25,WIFI
50:09:59:C5:D2:B2,resortstyleliving,[WPA2_PSK],2025-11-30 21:45:23,11,-65,34.0512161,-117.1930618,363.90,1.25,WIFI
8C:85:80:1B:66:8A,,[WPA_WPA2_PSK],2025-11-30 21:45:23,11,-83,34.0512161,-117.1930618,363.90,1.25,WIFI
18:A9:ED:F6:67:46,Casa Valdez,[WPA2_PSK],2025-11-30 21:45:23,11,-84,34.0512161,-117.1930618,363.90,1.25,WIFI
60:D5:61:13:FD:74,,[WPA2_PSK],2025-11-30 21:45:24,13,-87,34.0513000,-117.1929092,364.30,1.25,WIFI
74:37:5F:70:63:2B,SpectrumSetup-29,[WPA2_PSK],2025-11-30 21:45:26,1,-61,34.0514603,-117.1926270,365.20,1.25,WIFI
88:DE:7C:D3:F7:AD,SpectrumSetup-AF,[WPA2_PSK],2025-11-30 21:45:26,1,-64,34.0514603,-117.1926270,365.20,1.25,WIFI
A0:EE:EE:D7:92:38,,[WPA_WPA2_PSK],2025-11-30 21:45:26,1,-73,34.0514603,-117.1926270,365.20,1.25,WIFI
A0:8A:06:63:9E:1B,SpectrumSetup-AEC4,[WPA2_PSK],2025-11-30 21:45:26,1,-75,34.0514603,-117.1926270,365.20,1.25,WIFI
FA:8F:CA:32:85:82,,[OPEN],2025-11-30 21:45:26,1,-80,34.0514603,-117.1926270,365.20,1.25,WIFI
54:47:CC:F8:B1:26,Frontier1199,[WPA2_PSK],2025-11-30 21:45:26,1,-81,34.0514603,-117.1926270,365.20,1.25,WIFI
2C:67:BE:47:8F:9B,SpectrumSetup-8F97,[WPA2_PSK],2025-11-30 21:45:26,1,-83,34.0514603,-117.1926270,365.20,1.25,WIFI
5C:FA:25:BA:CA:2F,Prettylynn,[WPA2_PSK],2025-11-30 21:45:26,1,-84,34.0514603,-117.1926270,365.20,1.25,WIFI
34:98:B5:C1:D5:8C,NETGEAR37,[WPA2_PSK],2025-11-30 21:45:29,3,-75,34.0516968,-117.1921921,366.60,1.25,WIFI
A8:9A:93:BE:54:7E,Arias,[WPA2_PSK],2025-11-30 21:45:30,4,-84,34.0517731,-117.1920471,367.30,1.25,WIFI
8E:DC:97:0C:90:90,SGH Guest,[WPA2_PSK],2025-11-30 21:45:31,5,-81,34.0518456,-117.1919174,367.70,1.25,WIFI
88:DC:97:0C:90:90,SGH WAP,[WPA2_PSK],2025-11-30 21:45:31,5,-83,34.0518456,-117.1919174,367.70,1.25,WIFI
22:48:6C:5B:9E:FA,,[WPA2_PSK],2025-11-30 21:45:32,6,-74,34.0519104,-117.1918030,368.20,1.25,WIFI
88:DE:7C:C6:AD:59,SpectrumSetup-5B,[WPA2_PSK],2025-11-30 21:45:32,6,-75,34.0519104,-117.1918030,368.20,1.25,WIFI
C8:E3:06:6C:0D:05,Frontier-709B,[WPA2_PSK],2025-11-30 21:45:32,6,-84,34.0519104,-117.1918030,368.20,1.25,WIFI
C8:E3:06:6C:0D:07,,[OPEN],2025-11-30 21:45:32,6,-86,34.0519104,-117.1918030,368.20,1.25,WIFI
40:AE:30:CB:4A:9A,Guest0784_EXT,[WPA2_PSK],2025-11-30 21:45:32,6,-90,34.0519104,-117.1918030,368.20,1.25,WIFI
D4:5D:64:9D:C3:B0,ASUS_B0,[OPEN],2025-11-30 21:45:34,8,-68,34.0520287,-117.1915817,368.90,1.25,WIFI
94:18:65:EC:AF:22,Frontier1637,[WPA2_PSK],2025-11-30 21:45:35,9,-85,34.0520782,-117.1914902,369.20,1.25,WIFI
6C:CD:D6:E5:45:61,,[WPA2_PSK],2025-11-30 21:45:35,9,-94,34.0520782,-117.1914902,369.20,1.25,WIFI
98:1E:19:6C:2B:1E,MySpectrumWiFi18-2G,[WPA2_PSK],2025-11-30 21:45:37,11,-73,34.0521889,-117.1912994,369.70,1.25,WIFI
C0:6F:98:7E:8B:C3,,[WPA3_PSK],2025-11-30 21:45:37,11,-81,34.0521889,-117.1912994,369.70,1.25,WIFI
78:22:88:36:0D:D6,E1 Lite_VANTRUE_0dd6,[WPA2_PSK],2025-11-30 21:45:40,1,-68,34.0523643,-117.1909790,370.70,1.25,WIFI
A8:97:CD:DD:C9:C8,Frontier2448,[WPA2_PSK],2025-11-30 21:45:40,1,-76,34.0523643,-117.1909790,370.70,1.25,WIFI
F4:69:42:4C:CD:F5,SpectrumSetup-F7,[WPA2_PSK],2025-11-30 21:45:40,1,-76,34.0523643,-117.1909790,370.70,1.25,WIFI
38:E1:F4:95:F4:77,AyalaWiFi,[WPA2_WPA3_PSK],2025-11-30 21:45:40,1,-77,34.0523643,-117.1909790,370.70,1.25,WIFI
66:22:32:9B:B0:A2,RG Guest,[WPA2_PSK],2025-11-30 21:45:40,1,-77,34.0523643,-117.1909790,370.70,1.25,WIFI
74:37:5F:8E:DD:B7,SpectrumSetup-B5,[WPA2_PSK],2025-11-30 21:45:40,1,-78,34.0523643,-117.1909790,370.70,1.25,WIFI
A0:7F:8A:0A:8E:9A,DollyWolly1133,[WPA2_PSK],2025-11-30 21:45:40,1,-79,34.0523643,-117.1909790,370.70,1.25,WIFI
60:22:32:9B:B0:A2,RG,[WPA2_PSK],2025-11-30 21:45:40,1,-80,34.0523643,-117.1909790,370.70,1.25,WIFI
18:A9:ED:3F:23:49,,[OPEN],2025-11-30 21:45:40,1,-81,34.0523643,-117.1909790,370.70,1.25,WIFI
2C:EA:DC:22:6D:D5,Samantha,[WPA2_PSK],2025-11-30 21:45:40,1,-83,34.0523643,-117.1909790,370.70,1.25,WIFI
F8:AA:3F:F4:D1:37,SpectrumSetup-35,[WPA2_PSK],2025-11-30 21:45:40,1,-85,34.0523643,-117.1909790,370.70,1.25,WIFI
CC:CF:83:48:70:70,,[WPA_WPA2_PSK],2025-11-30 21:45:40,1,-90,34.0523643,-117.1909790,370.70,1.25,WIFI
2C:6B:7D:63:F3:02,Vive-017d4b17,[WPA2_PSK],2025-11-30 21:45:40,1,-94,34.0523643,-117.1909790,370.70,1.25,WIFI
0C:E5:A3:14:C9:58,Shark_RV750X-NA-0ce5a314c958,[OPEN],2025-11-30 21:45:43,3,-86,34.0525589,-117.1906204,371.30,1.25,WIFI
3E:61:B4:19:EB:C7,,[WPA2_PSK],2025-11-30 21:45:44,4,-80,34.0526314,-117.1904984,371.80,1.25,WIFI
A0:8A:06:45:CC:ED,Liz86,[WPA2_PSK],2025-11-30 21:45:47,6,-66,34.0528488,-117.1900940,372.60,1.25,WIFI
44:AC:85:2F:56:63,,[WPA3_PSK],2025-11-30 21:45:47,6,-69,34.0528488,-117.1900940,372.60,1.25,WIFI
44:AC:85:2F:56:69,,[OPEN],2025-11-30 21:45:47,6,-69,34.0528488,-117.1900940,372.60,1.25,WIFI
44:AC:85:2F:56:66,vargaswifi,[WPA2_PSK],2025-11-30 21:45:47,6,-70,34.0528488,-117.1900940,372.60,1.25,WIFI
DA:0F:99:8A:05:F7,DIRECT-f7-HP M452 LaserJet,[WPA2_PSK],2025-11-30 21:45:47,6,-73,34.0528488,-117.1900940,372.60,1.25,WIFI
80:78:71:B3:9F:3D,SpectrumSetup-3F,[WPA2_PSK],2025-11-30 21:45:47,6,-75,34.0528488,-117.1900940,372.60,1.25,WIFI
F0:B6:61:8D:E0:64,,[WPA3_PSK],2025-11-30 21:45:47,6,-79,34.0528488,-117.1900940,372.60,1.25,WIFI
AA:A7:95:CF:D6:1A,DIRECT-1a-HP M452 LaserJet,[WPA2_PSK],2025-11-30 21:45:47,6,-81,34.0528488,-117.1900940,372.60,1.25,WIFI
7A:83:C2:8D:91:80,RSDAC_Guest,[WPA2_PSK],2025-11-30 21:45:47,6,-83,34.0528488,-117.1900940,372.60,1.25,WIFI
C0:A0:BB:EC:61:0E,dlink-610E,[WPA_WPA2_PSK],2025-11-30 21:45:49,8,-61,34.0529938,-117.1898422,373.20,1.25,WIFI
72:CD:D6:E5:45:61,ATS_ORBI,[WPA2_PSK],2025-11-30 21:45:50,9,-86,34.0530624,-117.1897049,373.40,1.25,WIFI
74:37:5F:ED:AB:9F,SpectrumSetup-9D,[WPA2_PSK],2025-11-30 21:45:52,11,-68,34.0532150,-117.1894302,374.00,1.25,WIFI
9C:4F:5F:6C:A8:C0,C's Wifi,[WPA2_PSK],2025-11-30 21:45:52,11,-74,34.0532150,-117.1894302,374.00,1.25,WIFI
F8:2D:C0:E2:E6:E8,Spicy Taco Shack,[WPA2_PSK],2025-11-30 21:45:52,11,-82,34.0532150,-117.1894302,374.00,1.25,WIFI
A0:64:8F:E1:C6:C3,MySpectrumWiFic5-2G,[WPA2_PSK],2025-11-30 21:45:54,1,-68,34.0533638,-117.1891708,374.20,1.25,WIFI
C4:01:7C:58:C2:B3,island-18C2B0,[WPA2_PSK],2025-11-30 21:45:54,1,-70,34.0533638,-117.1891708,374.20,1.25,WIFI
46:ED:00:12:09:3E,Renaissance MD Guest,[WPA2_WPA3_PSK],2025-11-30 21:45:54,1,-70,34.0533638,-117.1891708,374.20,1.25,WIFI
40:ED:00:12:09:3E,Renaissance MD,[WPA2_WPA3_PSK],2025-11-30 21:45:54,1,-72,34.0533638,-117.1891708,374.20,1.25,WIFI
F4:B8:5E:50:E9:F8,SMA3008305964,[WPA2_PSK],2025-11-30 21:45:54,1,-82,34.0533638,-117.1891708,374.20,1.25,WIFI
90:E2:02:9B:BE:91,SMA3008305969,[WPA2_PSK],2025-11-30 21:45:54,1,-82,34.0533638,-117.1891708,374.20,1.25,WIFI
A6:3D:CF:E5:CF:78,,[WPA2_PSK],2025-11-30 21:45:59,4,-71,34.0537224,-117.1885147,376.10,1.25,WIFI
D2:40:D0:60:72:13,ORBI33,[WPA2_PSK],2025-11-30 21:45:59,4,-71,34.0537224,-117.1885147,376.10,1.25,WIFI
A6:3D:CF:E5:37:BB,,[WPA2_PSK],2025-11-30 21:45:59,4,-75,34.0537224,-117.1885147,376.10,1.25,WIFI
7A:45:58:AF:E8:C0,NETGEAR88-5G-2,[WPA2_PSK],2025-11-30 21:46:0,6,-70,34.0537910,-117.1883926,376.20,1.25,WIFI
7A:45:58:BF:E8:C0,UINET,[WPA2_WPA3_PSK],2025-11-30 21:46:0,6,-70,34.0537910,-117.1883926,376.20,1.25,WIFI
08:33:ED:FA:5D:C1,DG1670AF2,[WPA2_PSK],2025-11-30 21:46:0,6,-71,34.0537910,-117.1883926,376.20,1.25,WIFI
7A:45:58:9F:E8:C0,NETGEAR88-5G-1,[WPA2_PSK],2025-11-30 21:46:0,6,-72,34.0537910,-117.1883926,376.20,1.25,WIFI
7A:45:58:CF:E8:C0,,[WPA2_PSK],2025-11-30 21:46:0,6,-74,34.0537910,-117.1883926,376.20,1.25,WIFI
CA:4E:FC:69:BC:12,Spectrum-11,[WPA2_PSK],2025-11-30 21:46:0,6,-77,34.0537910,-117.1883926,376.20,1.25,WIFI
26:5A:4C:B8:C8:22,UINET,[WPA2_WPA3_PSK],2025-11-30 21:46:0,6,-79,34.0537910,-117.1883926,376.20,1.25,WIFI
42:49:0F:06:50:38,DIRECT-38-HP M426 LaserJet,[WPA2_PSK],2025-11-30 21:46:0,6,-79,34.0537910,-117.1883926,376.20,1.25,WIFI
00:7F:28:3C:73:7C,4RGM7,[WPA2_PSK],2025-11-30 21:46:0,6,-80,34.0537910,-117.1883926,376.20,1.25,WIFI
98:E7:F4:AF:68:F5,DIRECT-F3-HP ENVY 7640 series,[WPA2_PSK],2025-11-30 21:46:0,6,-84,34.0537910,-117.1883926,376.20,1.25,WIFI
26:5A:4C:98:C8:22,NETGEAR88-5G-1,[WPA2_PSK],2025-11-30 21:46:0,6,-85,34.0537910,-117.1883926,376.20,1.25,WIFI
26:5A:4C:A8:C8:22,NETGEAR88-5G-2,[WPA2_PSK],2025-11-30 21:46:0,6,-90,34.0537910,-117.1883926,376.20,1.25,WIFI
66:38:E0:74:11:A0,LPL07303-guest,[OPEN],2025-11-30 21:46:4,9,-80,34.0540657,-117.1878967,376.80,1.25,WIFI
60:38:E0:74:11:A0,LPL07303,[WPA_WPA2_PSK],2025-11-30 21:46:4,9,-81,34.0540657,-117.1878967,376.80,1.25,WIFI
90:48:46:E1:14:26,ENVOY_007311,[OPEN],2025-11-30 21:46:4,9,-87,34.0540657,-117.1878967,376.80,1.25,WIFI
9E:A2:F4:2B:9C:E6,,[WPA_WPA2_PSK],2025-11-30 21:46:5,10,-92,34.0541382,-117.1877594,377.00,1.25,WIFI
24:F3:E3:D0:1E:43,,[WPA3_PSK],2025-11-30 21:46:6,11,-74,34.0542145,-117.1876221,377.10,1.25,WIFI
24:F3:E3:D0:1E:49,,[OPEN],2025-11-30 21:46:6,11,-75,34.0542145,-117.1876221,377.10,1.25,WIFI
24:F3:E3:D0:1E:46,BADER,[WPA2_PSK],2025-11-30 21:46:6,11,-75,34.0542145,-117.1876221,377.10,1.25,WIFI
A0:55:1F:9E:74:CC,Daniels,[WPA2_PSK],2025-11-30 21:46:6,11,-77,34.0542145,-117.1876221,377.10,1.25,WIFI
80:2A:A8:B7:2D:E7,OTD,[WPA2_PSK],2025-11-30 21:46:6,11,-79,34.0542145,-117.1876221,377.10,1.25,WIFI
40:47:5E:07:90:E3,,[WPA3_PSK],2025-11-30 21:46:6,11,-82,34.0542145,-117.1876221,377.10,1.25,WIFI
98:1E:19:3C:0D:96,OTD,[WPA2_PSK],2025-11-30 21:46:6,11,-83,34.0542145,-117.1876221,377.10,1.25,WIFI
40:47:5E:07:90:E6,Frontier8560,[WPA2_PSK],2025-11-30 21:46:6,11,-84,34.0542145,-117.1876221,377.10,1.25,WIFI
64:97:14:0F:8F:86,Redlands Surgery Center,[WPA2_PSK],2025-11-30 21:46:6,11,-84,34.0542145,-117.1876221,377.10,1.25,WIFI
18:A9:ED:85:AD:86,Frontier2528,[WPA2_PSK],2025-11-30 21:46:6,1,-72,34.0542145,-117.1876221,377.10,1.25,WIFI
18:A9:ED:85:AD:8F,Frontier2528 Guest,[OPEN],2025-11-30 21:46:6,1,-75,34.0542145,-117.1876221,377.10,1.25,WIFI
2C:67:BE:0F:B6:11,SpectrumSetup-B60D,[WPA2_PSK],2025-11-30 21:46:6,1,-78,34.0542145,-117.1876221,377.10,1.25,WIFI
E6:47:CC:D9:A5:BC,,[WPA2_PSK],2025-11-30 21:46:6,1,-85,34.0542145,-117.1876221,377.10,1.25,WIFI
C6:47:CC:D9:A5:BC,,[WPA2_PSK],2025-11-30 21:46:6,1,-86,34.0542145,-117.1876221,377.10,1.25,WIFI
16:0C:6B:35:31:E2,Schaepper Psychiatry,[WPA2_PSK],2025-11-30 21:46:11,2,-82,34.0545921,-117.1869431,377.50,1.25,WIFI
16:0C:6B:31:D4:20,,[WPA2_PSK],2025-11-30 21:46:11,2,-87,34.0545921,-117.1869431,377.50,1.25,WIFI
90:BF:D9:47:30:78,,[WPA_WPA2_PSK],2025-11-30 21:46:13,4,-86,34.0547371,-117.1866913,377.70,1.25,WIFI
F4:52:46:ED:90:03,SpectrumSetup-05,[WPA2_PSK],2025-11-30 21:46:15,6,-69,34.0548706,-117.1864548,377.30,1.25,WIFI
D4:76:A0:1A:E7:B8,Cortner_GLAN,[WPA2_PSK],2025-11-30 21:46:15,6,-73,34.0548706,-117.1864548,377.30,1.25,WIFI
D4:76:A0:1A:E7:B9,Cortner_TLAN,[WPA2_PSK],2025-11-30 21:46:15,6,-74,34.0548706,-117.1864548,377.30,1.25,WIFI
6E:D7:9A:71:81:6C,Pure Gold WiFi,[WPA2_PSK],2025-11-30 21:46:15,6,-82,34.0548706,-117.1864548,377.30,1.25,WIFI
20:23:51:6E:44:F8,NEB Office,[WPA2_PSK],2025-11-30 21:46:15,6,-84,34.0548706,-117.1864548,377.30,1.25,WIFI
04:17:B6:3E:36:F8,,[WPA_WPA2_PSK],2025-11-30 21:46:15,6,-86,34.0548706,-117.1864548,377.30,1.25,WIFI
00:13:EF:70:05:18,PGBK1,[WPA2_PSK],2025-11-30 21:46:15,6,-87,34.0548706,-117.1864548,377.30,1.25,WIFI
08:33:ED:FC:DB:1F,Cat,[WPA2_PSK],2025-11-30 21:46:15,6,-88,34.0548706,-117.1864548,377.30,1.25,WIFI
48:D2:4F:F7:08:36,Spectrum26,[WPA2_PSK],2025-11-30 21:46:15,6,-90,34.0548706,-117.1864548,377.30,1.25,WIFI
0C:EF:15:F6:5E:9F,Kona301,[WPA2_PSK],2025-11-30 21:46:18,9,-83,34.0550499,-117.1861572,376.20,1.25,WIFI
2E:EF:15:F6:5E:9F,,[WPA2_PSK],2025-11-30 21:46:18,9,-85,34.0550499,-117.1861572,376.20,1.25,WIFI
3C:37:86:8C:F9:B8,CortnerNew,[WPA2_PSK],2025-11-30 21:46:19,10,-85,34.0551033,-117.1860733,375.90,1.25,WIFI
3E:37:86:79:A1:09,Cortner-Guest,[WPA2_PSK],2025-11-30 21:46:19,10,-85,34.0551033,-117.1860733,375.90,1.25,WIFI
64:C2:69:D7:C1:67,,[OPEN],2025-11-30 21:46:20,11,-85,34.0551605,-117.1859894,375.60,1.25,WIFI
64:C2:69:D7:C1:63,,[WPA3_PSK],2025-11-30 21:46:20,11,-86,34.0551605,-117.1859894,375.60,1.25,WIFI
04:A1:51:55:D8:95,ngHub_319441NC021FB,[WPA2_PSK],2025-11-30 21:46:20,11,-87,34.0551605,-117.1859894,375.60,1.25,WIFI
44:AC:85:A1:64:C9,,[OPEN],2025-11-30 21:46:24,1,-81,34.0553055,-117.1857605,375.20,1.25,WIFI
44:AC:85:A1:64:C6,Ally,[WPA2_PSK],2025-11-30 21:46:24,1,-82,34.0553055,-117.1857605,375.20,1.25,WIFI
18:A9:ED:80:26:89,,[OPEN],2025-11-30 21:46:24,1,-83,34.0553055,-117.1857605,375.20,1.25,WIFI
04:92:26:81:D6:C8,Frontier7680,[WPA2_PSK],2025-11-30 21:46:25,2,-90,34.0553207,-117.1857300,375.20,1.25,WIFI
CA:2C:4F:AD:C4:08,HiSmart-01-ca2c4fadc408,[OPEN],2025-11-30 21:46:26,3,-82,34.0553360,-117.1857071,375.20,1.25,WIFI
FA:8F:CA:67:11:D2,Den TV.v_,[OPEN],2025-11-30 21:46:29,6,-85,34.0553741,-117.1856155,375.30,1.25,WIFI
06:01:21:33:52:A5,MissionPeds,[WPA2_PSK],2025-11-30 21:46:29,6,-85,34.0553741,-117.1856155,375.30,1.25,WIFI
60:B7:6E:8B:C4:0E,setupC40E0,[WPA2_PSK],2025-11-30 21:46:29,6,-86,34.0553741,-117.1856155,375.30,1.25,WIFI
12:B1:DF:B8:69:80,DIRECT-80-HP M227f LaserJet,[WPA2_PSK],2025-11-30 21:46:29,6,-89,34.0553741,-117.1856155,375.30,1.25,WIFI
B0:FC:88:06:E7:76,Frontier0136,[WPA2_PSK],2025-11-30 21:46:29,6,-93,34.0553741,-117.1856155,375.30,1.25,WIFI
94:3C:96:FA:9B:36,Frontier1358,[WPA2_PSK],2025-11-30 21:46:34,11,-82,34.0556793,-117.1856155,375.20,1.25,WIFI
18:A9:ED:80:26:86,Frontier2528,[WPA2_PSK],2025-11-30 21:46:36,1,-76,34.0558624,-117.1856995,375.20,1.25,WIFI
18:A9:ED:80:26:83,,[WPA3_PSK],2025-11-30 21:46:36,1,-77,34.0558624,-117.1856995,375.20,1.25,WIFI
18:A9:ED:80:26:8F,Frontier2528 Guest,[OPEN],2025-11-30 21:46:36,1,-82,34.0558624,-117.1856995,375.20,1.25,WIFI
D0:CB:DD:CF:25:45,,[WPA3_PSK],2025-11-30 21:46:43,6,-67,34.0566254,-117.1857147,374.80,1.25,WIFI
D0:CB:DD:CF:25:4B,,[OPEN],2025-11-30 21:46:43,6,-67,34.0566254,-117.1857147,374.80,1.25,WIFI
D0:CB:DD:CF:25:51,Cafe Cultivate Guest,[WPA2_PSK],2025-11-30 21:46:43,6,-67,34.0566254,-117.1857147,374.80,1.25,WIFI
D0:CB:DD:CF:25:48,Cafe Cultivate,[WPA2_PSK],2025-11-30 21:46:43,6,-68,34.0566254,-117.1857147,374.80,1.25,WIFI
00:19:9D:FF:9A:F4,Mu TV,[OPEN],2025-11-30 21:46:43,6,-79,34.0566254,-117.1857147,374.80,1.25,WIFI
C0:EA:E4:D4:F8:42,RUCcorporateWAP,[WPA_WPA2_PSK],2025-11-30 21:46:47,10,-82,34.0569458,-117.1857147,375.10,1.25,WIFI
B0:6A:41:98:77:B1,Redlands Urgent Care-Corporate,[WPA2_PSK],2025-11-30 21:46:48,11,-85,34.0569916,-117.1857147,375.00,1.25,WIFI
C8:99:B2:B5:72:8F,Verizon_9C4ZQ6,[WPA2_PSK],2025-11-30 21:46:48,11,-85,34.0569916,-117.1857147,375.00,1.25,WIFI
94:FF:3C:B4:4C:EB,Firestone Complete Free WiFi,[OPEN],2025-11-30 21:46:48,11,-88,34.0569916,-117.1857147,375.00,1.25,WIFI
B0:6A:41:98:7B:79,setup7B790,[WPA2_PSK],2025-11-30 21:46:50,1,-68,34.0570526,-117.1857147,374.90,1.25,WIFI
E8:9F:80:A9:09:E4,sunset_wifi,[WPA2_PSK],2025-11-30 21:46:54,3,-88,34.0570679,-117.1857147,374.70,1.25,WIFI
D0:6D:C9:39:6F:E6,Frontier0452,[WPA2_PSK],2025-11-30 21:46:57,6,-79,34.0570717,-117.1857147,374.80,1.25,WIFI
18:9C:27:7F:38:68,Frontier3728,[WPA2_PSK],2025-11-30 21:46:57,6,-85,34.0570717,-117.1857147,374.80,1.25,WIFI
4C:12:65:15:F5:D8,Foamycarwash,[WPA2_PSK],2025-11-30 21:46:57,6,-87,34.0570717,-117.1857147,374.80,1.25,WIFI
00:30:44:B2:A9:AA,GMREPCR,[WPA2_PSK],2025-11-30 21:47:4,1,-70,34.0571747,-117.1857147,374.70,1.25,WIFI
E4:55:A8:09:53:44,Dennys Guest Wifi,[OPEN],2025-11-30 21:47:4,1,-78,34.0571747,-117.1857147,374.70,1.25,WIFI
E2:55:A8:09:53:44,Dennys_Employee_WIFI,[WPA2_PSK],2025-11-30 21:47:4,1,-78,34.0571747,-117.1857147,374.70,1.25,WIFI
EE:55:A8:09:53:44,dmtnet,[WPA2_PSK],2025-11-30 21:47:4,1,-78,34.0571747,-117.1857147,374.70,1.25,WIFI
F6:55:A8:09:53:44,PRESTO,[WPA2_PSK],2025-11-30 21:47:4,1,-78,34.0571747,-117.1857147,374.70,1.25,WIFI
DA:55:A8:09:53:44,,[WPA2_PSK],2025-11-30 21:47:4,1,-78,34.0571747,-117.1857147,374.70,1.25,WIFI
FA:92:BF:67:52:BA,RedlandAutoPlaza-Guest,[WPA_WPA2_PSK],2025-11-30 21:47:4,1,-80,34.0571747,-117.1857147,374.70,1.25,WIFI
F4:92:BF:67:52:BA,SD,[WPA_WPA2_PSK],2025-11-30 21:47:4,1,-81,34.0571747,-117.1857147,374.70,1.25,WIFI
FE:92:BF:67:52:BA,RAPSecure,[WPA_WPA2_PSK],2025-11-30 21:47:4,1,-81,34.0571747,-117.1857147,374.70,1.25,WIFI
B0:6A:41:98:76:1A,Redlands Urgent Care-Corporate,[WPA2_PSK],2025-11-30 21:47:4,1,-81,34.0571747,-117.1857147,374.70,1.25,WIFI
7A:38:87:53:D2:18,NITRO A65,[WPA2_WPA3_PSK],2025-11-30 21:47:4,1,-83,34.0571747,-117.1857147,374.70,1.25,WIFI
AE:46:9D:1D:EF:06,Cinema Secure,[WPA2_PSK],2025-11-30 21:47:12,6,-69,34.0577126,-117.1857376,374.70,1.25,WIFI
A6:46:9D:1D:EF:06,Cinema POS,[WPA2_PSK],2025-11-30 21:47:12,6,-71,34.0577126,-117.1857376,374.70,1.25,WIFI
BA:46:9D:1D:EF:06,Cinema Staff,[WPA2_PSK],2025-11-30 21:47:12,6,-73,34.0577126,-117.1857376,374.70,1.25,WIFI
A2:46:9D:1D:EF:06,,[WPA2_PSK],2025-11-30 21:47:12,6,-79,34.0577126,-117.1857376,374.70,1.25,WIFI
94:FF:3C:B4:4C:EA,BSRO-EDU,[WPA2_PSK],2025-11-30 21:47:17,11,-89,34.0581665,-117.1859283,373.90,1.25,WIFI
8C:5A:25:6E:2E:B2,Verizon-2EB6,[WPA2_PSK],2025-11-30 21:47:17,11,-91,34.0581665,-117.1859283,373.90,1.25,WIFI
76:D7:9A:8A:BF:21,,[WPA2_PSK],2025-11-30 21:47:17,11,-92,34.0581665,-117.1859283,373.90,1.25,WIFI
66:E2:20:78:7E:BE,MBUX 31556,[WPA2_WPA3_PSK],2025-11-30 21:47:17,11,-93,34.0581665,-117.1859283,373.90,1.25,WIFI
38:88:71:0C:7C:9E,Verizon_H3F6HT,[WPA2_PSK],2025-11-30 21:47:17,11,-93,34.0581665,-117.1859283,373.90,1.25,WIFI
94:A6:7E:29:6A:C6,Verizon-1E06_2GEXT,[WPA2_PSK],2025-11-30 21:47:19,1,-80,34.0583611,-117.1860428,373.60,1.25,WIFI
00:30:44:A1:D4:64,R1900-463,[WPA2_PSK],2025-11-30 21:47:19,1,-87,34.0583611,-117.1860428,373.60,1.25,WIFI
C8:B4:22:03:2D:6B,MySpectrumWiFi6D-2G,[WPA2_PSK],2025-11-30 21:47:26,6,-64,34.0589676,-117.1862869,373.60,1.25,WIFI
F4:52:46:AC:FF:E9,SpectrumSetup-EB,[WPA2_PSK],2025-11-30 21:47:26,6,-82,34.0589676,-117.1862869,373.60,1.25,WIFI
12:E8:A7:0B:D8:12,Falcon,[WPA2_PSK],2025-11-30 21:47:27,7,-80,34.0590363,-117.1862946,373.60,1.25,WIFI
E0:CB:BC:91:62:22,Starbucks WiFi,[OPEN],2025-11-30 21:47:31,11,-77,34.0592842,-117.1863022,373.50,1.25,WIFI
E6:CB:BC:91:62:22,smll,[WPA2],2025-11-30 21:47:31,11,-77,34.0592842,-117.1863022,373.50,1.25,WIFI
EA:CB:BC:91:62:22,notes,[WPA2_PSK],2025-11-30 21:47:31,11,-77,34.0592842,-117.1863022,373.50,1.25,WIFI
EE:CB:BC:91:62:22,sip,[WPA2],2025-11-30 21:47:31,11,-77,34.0592842,-117.1863022,373.50,1.25,WIFI
C6:CB:BC:34:16:DD,,[WPA2_PSK],2025-11-30 21:47:31,11,-83,34.0592842,-117.1863022,373.50,1.25,WIFI
F4:05:95:E7:0A:41,SpectrumSetup-3B,[WPA2_PSK],2025-11-30 21:47:31,11,-86,34.0592842,-117.1863022,373.50,1.25,WIFI
1A:E8:29:94:A0:13,Hairajuku Guest,[WPA2_PSK],2025-11-30 21:47:31,11,-86,34.0592842,-117.1863022,373.50,1.25,WIFI
72:D7:9A:8A:BF:21,JRiley-IoT,[WPA2_PSK],2025-11-30 21:47:31,11,-92,34.0592842,-117.1863022,373.50,1.25,WIFI
E0:CB:BC:91:61:C9,Starbucks WiFi,[OPEN],2025-11-30 21:47:34,1,-71,34.0593452,-117.1863022,373.70,1.25,WIFI
EA:CB:BC:91:61:C9,notes,[WPA2_PSK],2025-11-30 21:47:34,1,-71,34.0593452,-117.1863022,373.70,1.25,WIFI
EE:CB:BC:91:61:C9,sip,[WPA2],2025-11-30 21:47:34,1,-71,34.0593452,-117.1863022,373.70,1.25,WIFI
60:22:32:23:F5:5A,Magic Tongue,[WPA2_PSK],2025-11-30 21:47:34,1,-81,34.0593452,-117.1863022,373.70,1.25,WIFI
66:22:32:23:F5:5A,Rui's Shanghai Bistro,[WPA2_PSK],2025-11-30 21:47:34,1,-81,34.0593452,-117.1863022,373.70,1.25,WIFI
A0:89:66:90:3E:68,,[WPA_WPA2_PSK],2025-11-30 21:47:34,1,-83,34.0593452,-117.1863022,373.70,1.25,WIFI
6A:22:32:23:F5:5A,,[WPA2_PSK],2025-11-30 21:47:34,1,-83,34.0593452,-117.1863022,373.70,1.25,WIFI
14:42:FC:84:94:57,Vive-017d837a-#5693,[WPA2_PSK],2025-11-30 21:47:41,7,-84,34.0593452,-117.1863022,373.90,1.25,WIFI
CC:40:D0:FC:0C:C9,NETGEAR15,[WPA2_PSK],2025-11-30 21:47:44,10,-82,34.0594330,-117.1863098,373.90,1.25,WIFI
54:AF:97:06:3D:FB,S3XY NAIL LOUNGE,[WPA2_PSK],2025-11-30 21:47:44,10,-85,34.0594330,-117.1863098,373.90,1.25,WIFI
EA:CB:BC:34:16:DD,LG48,[WPA2_PSK],2025-11-30 21:47:45,11,-80,34.0594711,-117.1863174,373.90,1.25,WIFI
EE:CB:BC:34:16:DD,,[WPA2_PSK],2025-11-30 21:47:45,11,-80,34.0594711,-117.1863174,373.90,1.25,WIFI
DE:CB:BC:34:16:DD,,[WPA2_PSK],2025-11-30 21:47:45,11,-80,34.0594711,-117.1863174,373.90,1.25,WIFI
A0:7F:8A:4B:BC:27,SpectrumSetup-BC21,[WPA2_PSK],2025-11-30 21:47:45,11,-89,34.0594711,-117.1863174,373.90,1.25,WIFI
18:E8:29:94:A0:13,Hairajuku,[WPA2_PSK],2025-11-30 21:47:45,11,-90,34.0594711,-117.1863174,373.90,1.25,WIFI
D2:9E:43:9B:04:E0,,[WPA2_PSK],2025-11-30 21:47:51,3,-86,34.0595856,-117.1860657,373.80,1.25,WIFI
BC:A5:11:D9:F6:A7,NETGEAR89,[WPA2_PSK],2025-11-30 21:47:59,11,-83,34.0594864,-117.1856537,374.10,1.25,WIFI
4C:19:5D:B4:1B:18,SpectrumSetup-12,[WPA2_PSK],2025-11-30 21:47:59,11,-91,34.0594864,-117.1856537,374.10,1.25,WIFI
20:F3:75:3C:1E:02,Verizon-1E06,[WPA2_PSK],2025-11-30 21:48:2,1,-89,34.0593796,-117.1855850,374.00,1.25,WIFI
9C:05:D6:77:D0:1B,Unify Escape,[WPA2_PSK],2025-11-30 21:48:8,6,-94,34.0591736,-117.1855850,370.50,1.50,WIFI
28:80:A2:96:B4:43,Verizon-M2100-B442,[WPA2_WPA3_PSK],2025-11-30 21:48:30,1,-87,34.0591583,-117.1858978,369.90,1.25,WIFI
64:CB:E9:F2:9F:57,RESU_64CBE9F29F56,[WPA_WPA2_PSK],2025-11-30 21:48:33,3,-89,34.0591774,-117.1860428,369.80,1.25,WIFI
90:D3:CF:17:8B:A1,SpectrumSetup-AA,[WPA2_PSK],2025-11-30 21:48:36,6,-94,34.0592613,-117.1860809,369.80,1.25,WIFI
E6:CB:BC:91:61:C9,smll,[WPA2],2025-11-30 21:48:44,1,-49,34.0593529,-117.1860886,371.10,1.25,WIFI
BA:AF:97:06:3D:FD,,[WPA2_PSK],2025-11-30 21:48:54,10,-89,34.0593529,-117.1860809,371.90,1.25,WIFI
24:F3:E3:F2:0D:49,,[OPEN],2025-11-30 21:49:10,1,-85,34.0593567,-117.1860809,372.20,1.25,WIFI
80:CC:9C:9F:46:F7,NETGEAR42,[WPA2_PSK],2025-11-30 21:49:22,10,-91,34.0593605,-117.1860733,372.50,1.25,WIFI
84:A0:6E:CA:3C:8E,RedLands Ramen-2G,[WPA2_PSK],2025-11-30 21:49:23,11,-87,34.0593681,-117.1860809,372.20,1.25,WIFI
A8:9A:93:B2:0D:7E,MySpectrumWiFi78-2G,[WPA2_PSK],2025-11-30 21:49:32,6,-91,34.0593910,-117.1859512,370.60,1.25,WIFI
94:91:7F:E1:91:65,MySpectrumWiFi67-2G,[WPA2_PSK],2025-11-30 21:49:32,6,-93,34.0593910,-117.1859512,370.60,1.25,WIFI
30:93:BC:7D:69:D6,MySpectrumWiFid0-2G,[WPA2_PSK],2025-11-30 21:49:38,1,-90,34.0594063,-117.1857452,371.40,1.25,WIFI
E6:63:DA:31:BB:BF,,[WPA2_PSK],2025-11-30 21:49:46,6,-86,34.0595284,-117.1856155,372.20,1.25,WIFI
E0:63:DA:31:BB:BF,REDLANDSRAMENPOS,[WPA2_PSK],2025-11-30 21:49:46,6,-88,34.0595284,-117.1856155,372.20,1.25,WIFI
32:EC:1F:53:01:79,,[WPA2_PSK],2025-11-30 21:49:46,6,-94,34.0595284,-117.1856155,372.20,1.25,WIFI
80:CC:9C:F4:06:9C,NETGEAR42,[WPA2_PSK],2025-11-30 21:49:50,10,-87,34.0595474,-117.1856003,372.70,1.25,WIFI
F4:F2:6D:34:F6:5C,Tplink_Extender ,[WPA2_PSK],2025-11-30 21:49:50,10,-87,34.0595474,-117.1856003,372.70,1.25,WIFI
00:30:44:66:64:58,TeslaWiFi_Mercury,[WPA2],2025-11-30 21:49:51,11,-86,34.0595665,-117.1855774,372.80,1.25,WIFI
C8:B4:22:A1:87:2D,MySpectrumWiFi2F-2G,[WPA2_PSK],2025-11-30 21:49:51,11,-88,34.0595665,-117.1855774,372.80,1.25,WIFI
24:F3:E3:F2:0D:46,Corados,[WPA2_PSK],2025-11-30 21:49:52,1,-80,34.0595856,-117.1855469,373.00,1.25,WIFI
FC:98:16:BF:C3:CD,TOYOTA Corolla-2.4g_bfc3cd,[WPA2_PSK],2025-11-30 21:49:52,1,-83,34.0595856,-117.1855469,373.00,1.25,WIFI
64:67:72:45:78:76,TMOBILE-7874,[WPA2_WPA3_PSK],2025-11-30 21:49:56,2,-82,34.0595970,-117.1852646,373.40,1.25,WIFI
24:5A:4C:A8:D5:B0,COOKIEPOS,[WPA2_PSK],2025-11-30 21:50:0,6,-63,34.0595970,-117.1847916,374.20,1.50,WIFI
26:5A:4C:98:D5:B0,,[WPA2_PSK],2025-11-30 21:50:0,6,-69,34.0595970,-117.1847916,374.20,1.50,WIFI
88:DE:7C:B5:04:10,SpectrumSetup-12,[WPA2_PSK],2025-11-30 21:50:0,6,-86,34.0595970,-117.1847916,374.20,1.50,WIFI
FC:DB:21:88:98:77,OAP,[WPA2_WPA3_PSK],2025-11-30 21:50:0,6,-91,34.0595970,-117.1847916,374.20,1.50,WIFI
94:18:65:5F:DB:31,NETGEAR42,[WPA2_PSK],2025-11-30 21:50:4,10,-82,34.0596237,-117.1842651,375.10,1.25,WIFI
7C:DB:98:11:C2:B5,MySpectrumWiFib7-2G,[WPA2_PSK],2025-11-30 21:50:5,11,-76,34.0596313,-117.1841354,375.30,1.25,WIFI
88:EF:16:EE:DF:78,Frontier4800,[WPA2_PSK],2025-11-30 21:50:5,11,-83,34.0596313,-117.1841354,375.30,1.25,WIFI
84:69:93:F1:61:C1,DIRECT-C0-HP OfficeJet Pro 6970,[WPA2_PSK],2025-11-30 21:50:5,11,-87,34.0596313,-117.1841354,375.30,1.25,WIFI
22:9F:C3:5B:B0:8F,,[WPA2_PSK],2025-11-30 21:50:5,11,-87,34.0596313,-117.1841354,375.30,1.25,WIFI
B8:37:B2:B8:F5:62,McCune Wright Secure,[WPA2_PSK],2025-11-30 21:50:5,11,-88,34.0596313,-117.1841354,375.30,1.25,WIFI
94:91:7F:25:A4:2D,MySpectrumWiFi2F-2G,[WPA2_PSK],2025-11-30 21:50:5,11,-89,34.0596313,-117.1841354,375.30,1.25,WIFI
B8:37:B2:B8:F5:63,McCune-Wright Public,[WPA2_PSK],2025-11-30 21:50:5,11,-89,34.0596313,-117.1841354,375.30,1.25,WIFI
BE:FF:4D:CF:0C:80,MYDMX-WIFI,[WPA_WPA2_PSK],2025-11-30 21:50:5,11,-91,34.0596313,-117.1841354,375.30,1.25,WIFI
D0:6D:C9:39:E9:06,Frontier0518,[WPA2_PSK],2025-11-30 21:50:6,1,-66,34.0596352,-117.1840057,375.50,1.25,WIFI
E6:63:DA:7D:5D:F7,VLB_Office,[WPA2_PSK],2025-11-30 21:50:6,1,-84,34.0596352,-117.1840057,375.50,1.25,WIFI
E0:63:DA:7D:5D:F7,VivaSecure,[WPA2_PSK],2025-11-30 21:50:6,1,-86,34.0596352,-117.1840057,375.50,1.25,WIFI
48:A9:8A:CC:5A:9E,UGS WiFi,[WPA2_PSK],2025-11-30 21:50:6,1,-86,34.0596352,-117.1840057,375.50,1.25,WIFI
EA:63:DA:7D:5D:F7,Viva Redlands Guest,[WPA2_PSK],2025-11-30 21:50:6,1,-87,34.0596352,-117.1840057,375.50,1.25,WIFI
EE:63:DA:7D:5D:F7,,[WPA2_PSK],2025-11-30 21:50:6,1,-89,34.0596352,-117.1840057,375.50,1.25,WIFI
94:F7:17:EC:CC:B0,,[WPA_WPA2_PSK],2025-11-30 21:50:11,3,-77,34.0596390,-117.1834564,376.60,1.25,WIFI
14:7D:05:9D:DB:CF,SpectrumSetup-CD,[WPA2_PSK],2025-11-30 21:50:14,6,-54,34.0596428,-117.1832047,377.20,1.25,WIFI
C8:B4:22:1A:26:24,MySpectrumWiFi26-2G,[WPA2_PSK],2025-11-30 21:50:14,6,-69,34.0596428,-117.1832047,377.20,1.25,WIFI
66:22:32:10:2D:EA,VLB_Office,[WPA2_PSK],2025-11-30 21:50:14,6,-82,34.0596428,-117.1832047,377.20,1.25,WIFI
00:30:44:37:87:2A,,[WPA2_PSK],2025-11-30 21:50:19,11,-65,34.0596390,-117.1828613,377.90,1.25,WIFI
00:0E:8F:72:F1:A4,iHub_00603503aad5,[WPA2_PSK],2025-11-30 21:50:19,11,-80,34.0596390,-117.1828613,377.90,1.25,WIFI
38:88:71:04:1C:30,Verizon_6GKF9K,[WPA2_PSK],2025-11-30 21:50:19,11,-82,34.0596390,-117.1828613,377.90,1.25,WIFI
54:47:CC:E5:F2:26,Frontier2620,[WPA2_PSK],2025-11-30 21:50:19,11,-84,34.0596390,-117.1828613,377.90,1.25,WIFI
82:2A:A8:4A:2B:87,Patient Wireless,[WPA2_PSK],2025-11-30 21:50:20,1,-77,34.0596390,-117.1827850,378.00,1.25,WIFI
00:C8:96:CD:52:B2,,[WPA_WPA2_PSK],2025-11-30 21:50:20,1,-78,34.0596390,-117.1827850,378.00,1.25,WIFI
A6:D7:3C:95:88:64,DIRECT-3C-EPSON-950864,[WPA2_PSK],2025-11-30 21:50:20,1,-80,34.0596390,-117.1827850,378.00,1.25,WIFI
1E:EE:86:21:0B:06,INS-FG2000-Guest-0B05,[WPA2_WPA3_PSK],2025-11-30 21:50:20,1,-80,34.0596390,-117.1827850,378.00,1.25,WIFI
80:2A:A8:4A:2B:87,ASLC,[WPA2_PSK],2025-11-30 21:50:20,1,-80,34.0596390,-117.1827850,378.00,1.25,WIFI
CC:CF:83:AD:35:D4,,[WPA_WPA2_PSK],2025-11-30 21:50:20,1,-88,34.0596390,-117.1827850,378.00,1.25,WIFI
98:1E:19:52:BF:AE,MySpectrumWiFia8-2G,[WPA2_PSK],2025-11-30 21:50:20,1,-89,34.0596390,-117.1827850,378.00,1.25,WIFI
E8:9C:25:52:92:10,NETGEAR19,[WPA2_PSK],2025-11-30 21:50:24,2,-89,34.0595245,-117.1826324,378.20,1.25,WIFI
66:4E:D7:E9:52:D3,DIRECT-D3-HP OfficeJet Pro 9010,[WPA2_PSK],2025-11-30 21:50:28,6,-75,34.0592232,-117.1826324,378.20,1.25,WIFI
E4:55:A8:1A:99:80,SSW01,[WPA2],2025-11-30 21:50:28,6,-76,34.0592232,-117.1826324,378.20,1.25,WIFI
40:D5:21:9F:24:38,myChevrolet2444,[WPA2_WPA3_PSK],2025-11-30 21:50:28,6,-92,34.0592232,-117.1826324,378.20,1.25,WIFI
98:03:8A:65:31:AD,SS_NLCS_1542,[WPA2_PSK],2025-11-30 21:50:31,9,-80,34.0589867,-117.1826324,378.40,1.25,WIFI
7C:DB:98:46:B6:4D,MySpectrumWiFi4F-2G,[WPA2_PSK],2025-11-30 21:50:33,11,-72,34.0588570,-117.1826324,378.20,1.25,WIFI
DC:92:72:E4:1A:8F,Frontier0573,[WPA2_PSK],2025-11-30 21:50:33,11,-83,34.0588570,-117.1826324,378.20,1.25,WIFI
74:37:5F:EF:BD:97,SpectrumSetup-95,[WPA2_PSK],2025-11-30 21:50:34,1,-68,34.0587997,-117.1826401,378.20,1.25,WIFI
5A:E4:03:9D:1F:6B,luis cisneros,[WPA2_PSK],2025-11-30 21:50:34,1,-71,34.0587997,-117.1826401,378.20,1.25,WIFI
2C:3F:0B:58:B5:89,Lois Lauer - Wireless,[WPA2_PSK],2025-11-30 21:50:34,1,-74,34.0587997,-117.1826401,378.20,1.25,WIFI
24:F3:E3:99:CC:49,,[OPEN],2025-11-30 21:50:34,1,-87,34.0587997,-117.1826401,378.20,1.25,WIFI
30:23:03:B9:3B:B2,Linksys03497,[WPA2_PSK],2025-11-30 21:50:39,3,-73,34.0584755,-117.1826324,378.20,1.25,WIFI
72:FE:CE:CC:4B:F1,,[WPA2_PSK],2025-11-30 21:50:39,3,-77,34.0584755,-117.1826324,378.20,1.25,WIFI
D8:8E:D4:88:61:04,,[WPA3_PSK],2025-11-30 21:50:42,6,-64,34.0581741,-117.1826401,378.10,1.25,WIFI
D8:8E:D4:88:61:0A,,[OPEN],2025-11-30 21:50:42,6,-64,34.0581741,-117.1826401,378.10,1.25,WIFI
D8:8E:D4:88:61:10,TheThreeStags_guest,[WPA2_PSK],2025-11-30 21:50:42,6,-66,34.0581741,-117.1826401,378.10,1.25,WIFI
D8:8E:D4:88:61:07,TheThreeStags_private,[WPA2_PSK],2025-11-30 21:50:42,6,-68,34.0581741,-117.1826401,378.10,1.25,WIFI
D8:8E:D4:83:5D:CA,,[OPEN],2025-11-30 21:50:42,6,-77,34.0581741,-117.1826401,378.10,1.25,WIFI
D8:8E:D4:83:5D:C4,,[WPA3_PSK],2025-11-30 21:50:42,6,-78,34.0581741,-117.1826401,378.10,1.25,WIFI
D8:8E:D4:83:5D:C7,TheThreeStags_private,[WPA2_PSK],2025-11-30 21:50:42,6,-78,34.0581741,-117.1826401,378.10,1.25,WIFI
C8:63:FC:6E:9E:E8,Frontier5568,[WPA2_PSK],2025-11-30 21:50:42,6,-79,34.0581741,-117.1826401,378.10,1.25,WIFI
D8:8E:D4:83:5D:D0,TheThreeStags_guest,[WPA2_PSK],2025-11-30 21:50:42,6,-79,34.0581741,-117.1826401,378.10,1.25,WIFI
E8:9F:80:3A:23:91,Wemo.Plug.167,[OPEN],2025-11-30 21:50:42,6,-81,34.0581741,-117.1826401,378.10,1.25,WIFI
AC:8B:A9:5F:B4:22,FCH-Admin,[WPA2_PSK],2025-11-30 21:50:42,6,-90,34.0581741,-117.1826401,378.10,1.25,WIFI
AA:6E:84:A3:B3:E3,,[WPA2_PSK],2025-11-30 21:50:42,7,-78,34.0581741,-117.1826401,378.10,1.25,WIFI
E8:1D:A8:07:E2:98,REB,[WPA2_PSK],2025-11-30 21:50:44,8,-72,34.0579605,-117.1826477,377.90,1.25,WIFI
F8:F5:32:79:66:B0,Frontier2912,[WPA2_PSK],2025-11-30 21:50:47,11,-85,34.0576401,-117.1826553,377.60,1.25,WIFI
78:45:58:2A:FC:51,shopsuey,[WPA2_PSK],2025-11-30 21:50:47,11,-88,34.0576401,-117.1826553,377.60,1.25,WIFI
80:3F:5D:2F:1B:BC,@WAVLINK_BB,[WPA_WPA2_PSK],2025-11-30 21:50:49,13,-92,34.0574226,-117.1826553,377.90,1.25,WIFI
DC:92:72:E3:47:5F,Frontier0569,[WPA2_PSK],2025-11-30 21:50:49,1,-56,34.0574226,-117.1826553,377.90,1.25,WIFI
9C:C9:EB:E8:72:3E,The best wifi around,[OPEN],2025-11-30 21:50:49,1,-60,34.0574226,-117.1826553,377.90,1.25,WIFI
D2:21:F9:1C:91:F2,,[WPA2_PSK],2025-11-30 21:50:49,1,-63,34.0574226,-117.1826553,377.90,1.25,WIFI
98:1E:19:5E:6C:56,MySpectrumWiFi50-2G,[WPA2_PSK],2025-11-30 21:50:49,1,-71,34.0574226,-117.1826553,377.90,1.25,WIFI
A0:89:66:EA:79:0C,,[WPA_WPA2_PSK],2025-11-30 21:50:49,1,-72,34.0574226,-117.1826553,377.90,1.25,WIFI
F4:52:46:ED:5A:73,Falconerwifi,[WPA2_PSK],2025-11-30 21:50:49,1,-77,34.0574226,-117.1826553,377.90,1.25,WIFI
64:D9:C2:8A:2A:03,,[WPA3_PSK],2025-11-30 21:50:49,1,-77,34.0574226,-117.1826553,377.90,1.25,WIFI
64:D9:C2:8A:2A:0F,DJ KMP Prod Guest,[OPEN],2025-11-30 21:50:49,1,-79,34.0574226,-117.1826553,377.90,1.25,WIFI
50:EB:F6:A2:08:88,Darbys1964,[WPA2_PSK],2025-11-30 21:50:57,6,-68,34.0566063,-117.1826630,378.70,1.25,WIFI
32:B4:B8:27:D3:77,My VW 3585,[WPA2_PSK],2025-11-30 21:50:57,6,-75,34.0566063,-117.1826630,378.70,1.25,WIFI
C8:E3:06:6A:A5:05,RedlandsCO1,[WPA2_PSK],2025-11-30 21:51:2,11,-80,34.0561409,-117.1826630,378.70,1.25,WIFI
74:37:5F:CA:E0:7B,SpectrumSetup-79,[WPA2_PSK],2025-11-30 21:51:3,1,-67,34.0560379,-117.1826630,378.60,1.25,WIFI
60:B7:6E:D7:60:E0,Kissui,[WPA2_PSK],2025-11-30 21:51:3,1,-84,34.0560379,-117.1826630,378.60,1.25,WIFI
80:CC:9C:91:29:9E,Bonilla-2.4G,[WPA2_PSK],2025-11-30 21:51:10,5,-79,34.0552635,-117.1826324,379.00,1.25,WIFI
88:DE:7C:B4:47:B4,SpectrumSetup-B6,[WPA2_PSK],2025-11-30 21:51:11,6,-74,34.0551453,-117.1826019,378.80,1.25,WIFI
FC:12:63:82:53:1D,SpectrumSetup-1F,[WPA2_PSK],2025-11-30 21:51:11,6,-75,34.0551453,-117.1826019,378.80,1.25,WIFI
E2:55:7D:47:9A:42,Redlands BYOD,[WPA2],2025-11-30 21:51:11,6,-79,34.0551453,-117.1826019,378.80,1.25,WIFI
E2:55:7D:47:9A:43,Redlands Private,[WPA2_PSK],2025-11-30 21:51:11,6,-81,34.0551453,-117.1826019,378.80,1.25,WIFI
00:23:97:C6:5F:D2,09FX11106995,[WEP],2025-11-30 21:51:11,6,-87,34.0551453,-117.1826019,378.80,1.25,WIFI
8C:90:2D:81:69:F2,SpectrumSetup-3C_EXT,[WPA2_PSK],2025-11-30 21:51:11,6,-88,34.0551453,-117.1826019,378.80,1.25,WIFI
6C:AE:F6:BB:37:24,,[WPA3_PSK],2025-11-30 21:51:16,11,-68,34.0545731,-117.1822739,379.30,1.25,WIFI
6C:AE:F6:BB:37:27,FPCR,[WPA2_PSK],2025-11-30 21:51:16,11,-69,34.0545731,-117.1822739,379.30,1.25,WIFI
6C:AE:F6:BB:37:30,FPC Guest,[WPA2_PSK],2025-11-30 21:51:16,11,-69,34.0545731,-117.1822739,379.30,1.25,WIFI
92:15:44:67:8B:E6,RPD BYOD,[WPA2],2025-11-30 21:51:16,11,-79,34.0545731,-117.1822739,379.30,1.25,WIFI
A8:13:0B:84:57:08,Forecast/Engineering,[WPA2_PSK],2025-11-30 21:51:16,11,-82,34.0545731,-117.1822739,379.30,1.25,WIFI
9E:A3:A9:8E:39:45,,[WPA2_PSK],2025-11-30 21:51:17,13,-87,34.0544662,-117.1821823,379.50,1.25,WIFI
08:3A:2F:1A:DB:FF,NVR083a2f1adbff,[WPA2_PSK],2025-11-30 21:51:17,13,-90,34.0544662,-117.1821823,379.50,1.25,WIFI
D0:57:94:FC:0A:1E,MySpectrumWiFi18-2G,[WPA2_PSK],2025-11-30 21:51:18,1,-59,34.0543594,-117.1820984,379.50,1.25,WIFI
84:78:48:BA:5B:90,FCCR,[WPA2_PSK],2025-11-30 21:51:18,1,-64,34.0543594,-117.1820984,379.50,1.25,WIFI
E8:ED:05:79:9A:70,MyInternet,[WPA2_PSK],2025-11-30 21:51:18,1,-67,34.0543594,-117.1820984,379.50,1.25,WIFI
86:78:48:9A:5B:90,FCC Guest,[WPA2_PSK],2025-11-30 21:51:18,1,-71,34.0543594,-117.1820984,379.50,1.25,WIFI
94:F7:17:E8:FA:80,,[WPA_WPA2_PSK],2025-11-30 21:51:18,1,-72,34.0543594,-117.1820984,379.50,1.25,WIFI
C6:47:CC:7F:69:2C,,[WPA2_PSK],2025-11-30 21:51:18,1,-72,34.0543594,-117.1820984,379.50,1.25,WIFI
E6:47:CC:7F:69:2C,,[WPA2_PSK],2025-11-30 21:51:18,1,-72,34.0543594,-117.1820984,379.50,1.25,WIFI
D6:47:CC:7F:69:2C,The FOX EVENT CENTER,[WPA2_PSK],2025-11-30 21:51:18,1,-73,34.0543594,-117.1820984,379.50,1.25,WIFI
6A:9A:87:0F:0C:81,,[WPA2_PSK],2025-11-30 21:51:18,1,-74,34.0543594,-117.1820984,379.50,1.25,WIFI
7C:DB:98:B4:9E:B5,MySpectrumWiFiB7-2G,[WPA2_PSK],2025-11-30 21:51:18,1,-75,34.0543594,-117.1820984,379.50,1.25,WIFI
D8:A7:56:97:00:BE,MySpectrumWiFib8-2G,[WPA2_PSK],2025-11-30 21:51:18,1,-79,34.0543594,-117.1820984,379.50,1.25,WIFI
70:F1:96:66:77:41,NSCJC,[WPA_WPA2_PSK],2025-11-30 21:51:18,1,-80,34.0543594,-117.1820984,379.50,1.25,WIFI
38:94:ED:60:52:A3,Frontier4762(NETGEAR),[WPA2_PSK],2025-11-30 21:51:23,4,-84,34.0538406,-117.1816788,380.60,1.25,WIFI
4C:AB:F8:4C:31:0D,SpectrumSetup-0F,[WPA2_PSK],2025-11-30 21:51:25,6,-62,34.0536423,-117.1815186,381.10,1.25,WIFI
24:1F:BD:D3:20:C0,VL Wifi,[WPA_WPA2_PSK],2025-11-30 21:51:25,6,-76,34.0536423,-117.1815186,381.10,1.25,WIFI
7C:DB:98:EB:44:EE,MySpectrumWiFiF0-2G,[WPA2_PSK],2025-11-30 21:51:25,6,-79,34.0536423,-117.1815186,381.10,1.25,WIFI
74:37:5F:8F:E5:6B,SpectrumSetup-69,[WPA2_PSK],2025-11-30 21:51:25,6,-80,34.0536423,-117.1815186,381.10,1.25,WIFI
AC:A2:13:D6:50:C8,Soundcraft Ui16,[OPEN],2025-11-30 21:51:25,6,-82,34.0536423,-117.1815186,381.10,1.25,WIFI
A0:8C:FD:71:8B:71,DIRECT-70-HP Officejet 5740,[WPA2_PSK],2025-11-30 21:51:25,6,-85,34.0536423,-117.1815186,381.10,1.25,WIFI
5C:DF:89:F4:79:03,Recover.Me-347900,[WPA2_PSK],2025-11-30 21:51:25,6,-85,34.0536423,-117.1815186,381.10,1.25,WIFI
B6:69:42:ED:3D:AC,preciouscreature_family,[WPA2_PSK],2025-11-30 21:51:25,6,-88,34.0536423,-117.1815186,381.10,1.25,WIFI
6C:AE:F6:3E:DC:E3,,[WPA3_PSK],2025-11-30 21:51:32,1,-75,34.0529823,-117.1809845,383.00,1.25,WIFI
6C:AE:F6:3E:DC:E6,FBCR_Sanctuary,[WPA2_PSK],2025-11-30 21:51:32,1,-76,34.0529823,-117.1809845,383.00,1.25,WIFI
C8:C6:FE:26:14:03,,[WPA3_PSK],2025-11-30 21:51:32,1,-81,34.0529823,-117.1809845,383.00,1.25,WIFI
C8:C6:FE:26:14:09,,[OPEN],2025-11-30 21:51:32,1,-83,34.0529823,-117.1809845,383.00,1.25,WIFI
86:78:48:AA:5A:AC,,[WPA2_PSK],2025-11-30 21:51:32,1,-84,34.0529823,-117.1809845,383.00,1.25,WIFI
A0:89:66:E1:BA:3C,,[WPA_WPA2_PSK],2025-11-30 21:51:32,1,-85,34.0529823,-117.1809845,383.00,1.25,WIFI
B8:82:F2:15:FC:5A,Kodak Residence,[WPA2_PSK],2025-11-30 21:51:32,1,-86,34.0529823,-117.1809845,383.00,1.25,WIFI
5C:62:8B:42:B2:68,Paulson Ortho,[WPA2_PSK],2025-11-30 21:51:35,2,-63,34.0527191,-117.1807709,384.10,1.25,WIFI
62:62:8B:42:B2:68,Paulson Ortho-guest,[WPA2_PSK],2025-11-30 21:51:35,2,-66,34.0527191,-117.1807709,384.10,1.25,WIFI
66:62:8B:42:B2:68,,[WPA2_PSK],2025-11-30 21:51:35,2,-67,34.0527191,-117.1807709,384.10,1.25,WIFI
6A:62:8B:42:B2:68,Paulson Ortho_MLO,[WPA3_PSK],2025-11-30 21:51:35,2,-70,34.0527191,-117.1807709,384.10,1.25,WIFI
66:62:8B:42:B8:C8,,[WPA2_PSK],2025-11-30 21:51:35,2,-80,34.0527191,-117.1807709,384.10,1.25,WIFI
62:62:8B:42:B8:C8,Paulson Ortho-guest,[WPA2_PSK],2025-11-30 21:51:35,2,-83,34.0527191,-117.1807709,384.10,1.25,WIFI
5C:62:8B:42:B1:30,Paulson Ortho,[WPA2_PSK],2025-11-30 21:51:35,2,-84,34.0527191,-117.1807709,384.10,1.25,WIFI
5C:62:8B:42:B8:C8,Paulson Ortho,[WPA2_PSK],2025-11-30 21:51:35,2,-86,34.0527191,-117.1807709,384.10,1.25,WIFI
62:62:8B:42:B1:30,Paulson Ortho-guest,[WPA2_PSK],2025-11-30 21:51:35,2,-89,34.0527191,-117.1807709,384.10,1.25,WIFI
86:25:4A:65:8A:26,rockys castle _Guest,[WPA2_PSK],2025-11-30 21:51:36,3,-89,34.0526466,-117.1807098,384.30,1.25,WIFI
AC:DF:9F:5C:1D:16,TheShadowRealm,[WPA2_WPA3_PSK],2025-11-30 21:51:37,4,-82,34.0525818,-117.1806564,384.50,1.25,WIFI
AE:DF:9F:7C:1D:16,,[WPA2_WPA3_PSK],2025-11-30 21:51:37,4,-85,34.0525818,-117.1806564,384.50,1.25,WIFI
60:F4:19:59:BB:E3,,[WPA3_PSK],2025-11-30 21:51:39,6,-66,34.0524635,-117.1805573,385.00,1.25,WIFI
60:F4:19:59:BB:E9,,[OPEN],2025-11-30 21:51:39,6,-66,34.0524635,-117.1805573,385.00,1.25,WIFI
E0:88:5D:67:55:EB,TC8715DE5,[WPA2_PSK],2025-11-30 21:51:39,6,-67,34.0524635,-117.1805573,385.00,1.25,WIFI
60:F4:19:59:BB:E6,Sabs,[WPA2_PSK],2025-11-30 21:51:39,6,-67,34.0524635,-117.1805573,385.00,1.25,WIFI
4C:AB:F8:46:45:29,Pharmacy,[WPA2_PSK],2025-11-30 21:51:39,6,-68,34.0524635,-117.1805573,385.00,1.25,WIFI
0E:AB:F8:46:45:29,,[WPA2_PSK],2025-11-30 21:51:39,6,-68,34.0524635,-117.1805573,385.00,1.25,WIFI
DC:F5:1B:55:C7:C1,Verizon_GQD394,[WPA2_PSK],2025-11-30 21:51:39,6,-78,34.0524635,-117.1805573,385.00,1.25,WIFI
B2:8B:A9:9D:28:94,,[WPA2_PSK],2025-11-30 21:51:39,6,-79,34.0524635,-117.1805573,385.00,1.25,WIFI
4C:AB:F8:47:7A:0D,SpectrumSetup-0F,[WPA2_PSK],2025-11-30 21:51:39,6,-80,34.0524635,-117.1805573,385.00,1.25,WIFI
AC:8B:A9:9D:28:94,Cajon Dental,[WPA2_PSK],2025-11-30 21:51:39,6,-80,34.0524635,-117.1805573,385.00,1.25,WIFI
FA:8F:CA:5A:A5:FF,Master bedroom speaker.l057_,[OPEN],2025-11-30 21:51:39,6,-85,34.0524635,-117.1805573,385.00,1.25,WIFI
3E:94:ED:58:1D:17,,[WPA2_PSK],2025-11-30 21:51:44,10,-66,34.0523338,-117.1804276,385.60,1.25,WIFI
38:94:ED:69:56:D4,,[WPA2_PSK],2025-11-30 21:51:44,10,-67,34.0523338,-117.1804276,385.60,1.25,WIFI
38:94:ED:58:1D:17,Primemill,[WPA2_PSK],2025-11-30 21:51:44,10,-68,34.0523338,-117.1804276,385.60,1.25,WIFI
3E:94:ED:69:56:D4,Primemill,[WPA2_PSK],2025-11-30 21:51:44,10,-73,34.0523338,-117.1804276,385.60,1.25,WIFI
F4:52:46:A3:DB:5E,SpectrumSetup-DB61,[WPA2_PSK],2025-11-30 21:51:45,11,-70,34.0523491,-117.1803894,385.60,1.25,WIFI
C4:A8:16:0E:4D:05,,[WPA3_PSK],2025-11-30 21:51:45,11,-75,34.0523491,-117.1803894,385.60,1.25,WIFI
C4:A8:16:0E:4D:0B,,[OPEN],2025-11-30 21:51:45,11,-75,34.0523491,-117.1803894,385.60,1.25,WIFI
C4:A8:16:0E:4D:08,MySkincareStudio,[WPA2_PSK],2025-11-30 21:51:45,11,-75,34.0523491,-117.1803894,385.60,1.25,WIFI
C8:C6:FE:26:14:06,Lil Wills,[WPA2_PSK],2025-11-30 21:51:48,1,-74,34.0524178,-117.1804123,385.70,1.25,WIFI
7A:CD:D6:C7:24:7E,ORBI38-IoT,[WPA2_PSK],2025-11-30 21:51:51,3,-86,34.0524788,-117.1804733,385.30,1.25,WIFI
86:25:4A:65:8A:24,,[WPA2_PSK],2025-11-30 21:51:51,3,-87,34.0524788,-117.1804733,385.30,1.25,WIFI
3C:6A:D2:40:00:82,INMED,[WPA2_PSK],2025-11-30 21:51:51,3,-88,34.0524788,-117.1804733,385.30,1.25,WIFI
86:25:4A:65:8A:25,rockys castle ,[WPA2_PSK],2025-11-30 21:51:51,3,-88,34.0524788,-117.1804733,385.30,1.25,WIFI
34:98:B5:96:3E:7D,ShoOtingStar,[WPA2_PSK],2025-11-30 21:51:51,3,-90,34.0524788,-117.1804733,385.30,1.25,WIFI
18:1B:EB:46:49:49,76WJ8,[WPA2_PSK],2025-11-30 21:51:54,6,-84,34.0525284,-117.1805115,385.30,1.25,WIFI
28:70:4E:50:D5:C9,gchan,[WPA2_PSK],2025-11-30 21:51:54,6,-94,34.0525284,-117.1805115,385.30,1.25,WIFI
80:CC:9C:3E:9B:71,VIGILANS,[WPA2_PSK],2025-11-30 21:51:57,9,-77,34.0525322,-117.1805115,385.40,1.25,WIFI
6C:CD:D6:D4:B3:58,VIGILANS,[WPA2_PSK],2025-11-30 21:51:57,9,-82,34.0525322,-117.1805115,385.40,1.25,WIFI
38:94:ED:69:57:9C,,[WPA2_PSK],2025-11-30 21:51:58,10,-63,34.0525322,-117.1805115,385.50,1.25,WIFI
3E:94:ED:69:57:9C,Primemill,[WPA2_PSK],2025-11-30 21:51:58,10,-64,34.0525322,-117.1805115,385.50,1.25,WIFI
A0:64:8F:EA:53:71,MySpectrumWiFi73-2G,[WPA2_PSK],2025-11-30 21:51:59,11,-69,34.0525322,-117.1805115,385.50,1.25,WIFI
3C:52:82:1F:FF:B7,DIRECT-B6-HP ENVY 7640 series,[WPA2_PSK],2025-11-30 21:51:59,11,-70,34.0525322,-117.1805115,385.50,1.25,WIFI
4C:19:5D:92:F9:43,SpectrumSetup-3D,[WPA2_PSK],2025-11-30 21:51:59,11,-74,34.0525322,-117.1805115,385.50,1.25,WIFI
A8:13:0B:84:57:05,,[WPA3_PSK],2025-11-30 21:51:59,11,-87,34.0525322,-117.1805115,385.50,1.25,WIFI
30:93:BC:7E:A2:CE,VigilansHH-2G,[WPA2_PSK],2025-11-30 21:51:59,11,-88,34.0525322,-117.1805115,385.50,1.25,WIFI
86:78:48:9C:CF:E2,Redlands_Baptist,[WPA2_PSK],2025-11-30 21:51:59,11,-90,34.0525322,-117.1805115,385.50,1.25,WIFI
30:60:0A:25:3B:B4,,[WPA_WPA2_PSK],2025-11-30 21:52:2,1,-78,34.0525322,-117.1805115,385.60,1.25,WIFI
5C:18:DD:F0:AE:73,,[WPA_WPA2_PSK],2025-11-30 21:52:2,1,-83,34.0525322,-117.1805115,385.60,1.25,WIFI
6C:AE:F6:3E:DC:E9,,[OPEN],2025-11-30 21:52:2,1,-83,34.0525322,-117.1805115,385.60,1.25,WIFI
AC:8B:A9:9D:09:AB,Cajon Dental,[WPA2_PSK],2025-11-30 21:52:8,6,-75,34.0525322,-117.1805191,385.80,1.25,WIFI
B2:8B:A9:9D:09:AB,,[WPA2_PSK],2025-11-30 21:52:8,6,-76,34.0525322,-117.1805191,385.80,1.25,WIFI
86:78:48:9A:4B:CA,FCC Guest,[WPA2_PSK],2025-11-30 21:52:13,11,-86,34.0525322,-117.1805191,386.00,1.25,WIFI
F0:9F:C2:A4:48:B1,2peasinapod,[WPA2_PSK],2025-11-30 21:52:13,11,-88,34.0525322,-117.1805191,386.00,1.25,WIFI
02:EC:DA:BA:45:FA,WANG GUEST,[WPA2_PSK],2025-11-30 21:52:13,11,-92,34.0525322,-117.1805191,386.00,1.25,WIFI
06:EC:DA:BA:45:FA,,[WPA2_PSK],2025-11-30 21:52:13,11,-92,34.0525322,-117.1805191,386.00,1.25,WIFI
