WigleWifi-1.4,appRelease=v1.2.0,model=ESP32 Marauder,release=v1.2.0,device=ESP32 Marauder,display=SPI TFT,board=ESP32 Marauder,brand=JustCallMeKoko
MAC,SSID,AuthMode,FirstSeen,Channel,RSSI,CurrentLatitude,CurrentLongitude,AltitudeMeters,AccuracyMeters,Type
98:ED:5C:83:A7:13,TeslaPV_83A713,[WPA2_PSK],2025-12-16 0:4:9,3,-80,34.0443954,-117.2011566,361.90,1.75,WIFI
A4:11:62:72:9A:12,ARLO_VMB_4422026869,[WPA2_PSK],2025-12-16 0:4:17,11,-91,34.0443993,-117.2011566,362.20,1.75,WIFI
90:CA:FA:9B:5C:CF,The Force,[WPA2_PSK],2025-12-16 0:4:17,11,-96,34.0443993,-117.2011566,362.20,1.75,WIFI
58:68:7A:10:AF:17,Cookie,[WPA2_WPA3_PSK],2025-12-16 0:4:20,1,-92,34.0443916,-117.2011795,362.40,1.75,WIFI
1E:67:BE:09:97:E8,,[WPA2_PSK],2025-12-16 0:4:34,1,-90,34.0443535,-117.2012787,363.20,1.75,WIFI
1E:67:BE:09:97:E9,,[WPA2_PSK],2025-12-16 0:4:34,1,-91,34.0443535,-117.2012787,363.20,1.75,WIFI
2C:67:BE:09:97:EF,SpectrumSetup-97EB,[WPA2_PSK],2025-12-16 0:4:34,1,-91,34.0443535,-117.2012787,363.20,1.75,WIFI
22:3E:A4:04:CF:C2,,[WPA2_PSK],2025-12-16 0:4:45,11,-93,34.0447769,-117.2016678,361.10,1.75,WIFI
CC:40:D0:A2:8E:62,NETGEAR91,[WPA2_PSK],2025-12-16 0:4:48,1,-89,34.0449028,-117.2017517,360.70,1.75,WIFI
30:0E:B8:25:39:F8,CAR-4504,[WPA2_PSK],2025-12-16 0:4:48,1,-93,34.0449028,-117.2017517,360.70,1.75,WIFI
F4:52:46:1D:8C:B9,Gaston,[WPA2_PSK],2025-12-16 0:4:48,1,-95,34.0449028,-117.2017517,360.70,1.75,WIFI
9C:0B:05:C3:67:C4,,[WPA3_PSK],2025-12-16 0:4:54,6,-89,34.0449905,-117.2017593,360.60,1.75,WIFI
74:AC:B9:BD:D4:B8,BT_Magnolia,[WPA2_PSK],2025-12-16 0:4:54,6,-95,34.0449905,-117.2017593,360.60,1.75,WIFI
A0:8A:06:C5:85:A7,joola-2G,[WPA2_PSK],2025-12-16 0:4:59,11,-93,34.0451813,-117.2015076,360.30,1.75,WIFI
58:2F:F7:68:A1:56,SpectrumSetup-50,[WPA2_PSK],2025-12-16 0:4:59,11,-96,34.0451813,-117.2015076,360.30,1.75,WIFI
00:30:44:47:26:BD,MV-40,[WPA2_PSK],2025-12-16 0:5:2,1,-94,34.0452919,-117.2013016,360.30,1.75,WIFI
C4:8E:8F:E4:98:76,WIFIE49872,[WPA2_PSK],2025-12-16 0:5:16,1,-85,34.0449524,-117.2007065,361.40,1.75,WIFI
80:69:1A:94:41:B4,Leason2.0,[WPA2_WPA3_PSK],2025-12-16 0:5:16,1,-87,34.0449524,-117.2007065,361.40,1.75,WIFI
86:69:1A:94:41:B4,,[WPA2_WPA3_PSK],2025-12-16 0:5:16,1,-87,34.0449524,-117.2007065,361.40,1.75,WIFI
86:69:1A:95:12:0F,,[WPA2_WPA3_PSK],2025-12-16 0:5:16,1,-92,34.0449524,-117.2007065,361.40,1.75,WIFI
80:69:1A:95:12:0F,Leason2.0,[WPA2_WPA3_PSK],2025-12-16 0:5:16,1,-94,34.0449524,-117.2007065,361.40,1.75,WIFI
86:69:1A:94:49:40,,[WPA2_WPA3_PSK],2025-12-16 0:5:16,1,-98,34.0449524,-117.2007065,361.40,1.75,WIFI
54:07:7D:29:B6:91,,[WPA2_PSK],2025-12-16 0:5:19,3,-90,34.0447044,-117.2005005,361.70,1.75,WIFI
5E:07:7D:29:B6:91,ORBI26-Guest,[WPA2_PSK],2025-12-16 0:5:19,3,-92,34.0447044,-117.2005005,361.70,1.75,WIFI
58:2F:F7:75:40:C6,SpectrumSetup-C0,[WPA2_PSK],2025-12-16 0:5:22,6,-92,34.0444450,-117.2003021,362.30,1.75,WIFI
94:F7:17:7D:71:18,,[WPA_WPA2_PSK],2025-12-16 0:5:31,1,-93,34.0436516,-117.1996689,364.60,1.75,WIFI
18:A9:ED:55:E5:83,,[WPA3_PSK],2025-12-16 0:5:37,6,-82,34.0434875,-117.1995392,364.60,1.75,WIFI
18:A9:ED:55:E5:86,Endres Linksys,[WPA2_PSK],2025-12-16 0:5:37,6,-82,34.0434875,-117.1995392,364.60,1.75,WIFI
2C:67:BE:5A:C0:20,SpectrumSetup-52F8,[WPA2_PSK],2025-12-16 0:5:37,6,-95,34.0434875,-117.1995392,364.60,1.75,WIFI
94:F7:17:83:E6:60,,[WPA_WPA2_PSK],2025-12-16 0:5:45,1,-89,34.0430641,-117.1992035,365.00,1.75,WIFI
92:EB:B6:74:01:C5,,[WPA2_PSK],2025-12-16 0:5:47,2,-90,34.0429039,-117.1990738,365.70,1.75,WIFI
14:EB:B6:74:01:C3,Husbander-tron,[WPA2_PSK],2025-12-16 0:5:47,2,-93,34.0429039,-117.1990738,365.70,1.75,WIFI
9C:57:BC:9D:DA:A9,,[OPEN],2025-12-16 0:5:51,6,-86,34.0425911,-117.1988220,366.60,1.75,WIFI
9C:A2:F4:4E:E8:56,kal-mesh,[WPA2_PSK],2025-12-16 0:5:55,10,-81,34.0422707,-117.1985779,367.40,1.75,WIFI
A2:A2:F4:4E:E8:56,,[WPA2_PSK],2025-12-16 0:5:55,10,-83,34.0422707,-117.1985779,367.40,1.75,WIFI
9C:A2:F4:4E:E9:CA,kal-mesh,[WPA2_PSK],2025-12-16 0:5:55,10,-85,34.0422707,-117.1985779,367.40,1.75,WIFI
A2:A2:F4:4E:E9:CA,,[WPA2_PSK],2025-12-16 0:5:55,10,-85,34.0422707,-117.1985779,367.40,1.75,WIFI
24:F3:E3:60:1B:09,,[OPEN],2025-12-16 0:5:56,11,-75,34.0421829,-117.1985016,367.70,1.75,WIFI
24:F3:E3:60:1B:03,,[WPA3_PSK],2025-12-16 0:5:56,11,-76,34.0421829,-117.1985016,367.70,1.75,WIFI
24:F3:E3:60:1B:06,extrafreakybob,[WPA2_PSK],2025-12-16 0:5:56,11,-77,34.0421829,-117.1985016,367.70,1.75,WIFI
24:F3:E3:61:CD:C6,extrafreakybob,[WPA2_PSK],2025-12-16 0:5:56,11,-85,34.0421829,-117.1985016,367.70,1.75,WIFI
6C:CD:D6:E2:F6:5A,,[WPA2_PSK],2025-12-16 0:6:2,3,-80,34.0416145,-117.1980515,370.30,1.75,WIFI
6C:CD:D6:E2:9D:01,SLAWSOMENESS,[WPA2_PSK],2025-12-16 0:6:2,3,-81,34.0416145,-117.1980515,370.30,1.75,WIFI
72:CD:D6:E2:F6:5A,SLAWSOMENESS,[WPA2_PSK],2025-12-16 0:6:2,3,-82,34.0416145,-117.1980515,370.30,1.75,WIFI
90:BF:D9:42:95:6B,,[WPA_WPA2_PSK],2025-12-16 0:6:3,4,-88,34.0415154,-117.1979752,371.20,1.75,WIFI
C8:C6:FE:77:BA:C3,,[WPA3_PSK],2025-12-16 0:6:5,6,-83,34.0413170,-117.1978149,373.00,1.75,WIFI
C8:C6:FE:77:BA:C9,,[OPEN],2025-12-16 0:6:5,6,-83,34.0413170,-117.1978149,373.00,1.75,WIFI
D4:3F:32:84:DA:89,,[OPEN],2025-12-16 0:6:5,6,-88,34.0413170,-117.1978149,373.00,1.75,WIFI
D4:3F:32:84:DA:86,frontier,[WPA2_PSK],2025-12-16 0:6:5,6,-89,34.0413170,-117.1978149,373.00,1.75,WIFI
42:9E:9D:C1:80:8B,DIRECT-roku-VDJ-4E70B8,[WPA2_PSK],2025-12-16 0:6:5,6,-90,34.0413170,-117.1978149,373.00,1.75,WIFI
D4:3F:32:84:DA:83,,[WPA3_PSK],2025-12-16 0:6:5,6,-90,34.0413170,-117.1978149,373.00,1.75,WIFI
B0:4E:26:80:DA:63,TP-Link_DA63,[WPA_WPA2_PSK],2025-12-16 0:6:10,11,-83,34.0408592,-117.1974564,377.40,1.75,WIFI
2A:03:EB:83:C8:A5,myChevrolet9379jjn,[WPA2_PSK],2025-12-16 0:6:13,1,-90,34.0406151,-117.1972656,378.70,1.75,WIFI
1A:0C:6B:FF:99:59,SpectrumSetup-07-Guest,[WPA2_PSK],2025-12-16 0:6:35,8,-82,34.0391312,-117.1961899,386.60,1.75,WIFI
16:0C:6B:FF:99:59,SpectrumSetup-07,[WPA2_PSK],2025-12-16 0:6:35,8,-83,34.0391312,-117.1961899,386.60,1.75,WIFI
10:0C:6B:FF:99:59,,[WPA2_PSK],2025-12-16 0:6:35,8,-90,34.0391312,-117.1961899,386.60,1.75,WIFI
48:5D:36:1F:C0:CC,FiOS-OEQ3H,[WPA2_PSK],2025-12-16 0:6:38,11,-80,34.0388641,-117.1959839,388.60,1.75,WIFI
F0:7B:65:25:25:E1,SpectrumSetup-25DB,[WPA2_PSK],2025-12-16 0:6:38,11,-96,34.0388641,-117.1959839,388.60,1.75,WIFI
64:D9:C2:F3:6D:43,,[WPA3_PSK],2025-12-16 0:6:41,1,-83,34.0385933,-117.1957703,389.90,1.75,WIFI
64:D9:C2:F3:6D:49,,[OPEN],2025-12-16 0:6:41,1,-83,34.0385933,-117.1957703,389.90,1.75,WIFI
64:D9:C2:F3:6D:46,milowifi,[WPA2_PSK],2025-12-16 0:6:41,1,-83,34.0385933,-117.1957703,389.90,1.75,WIFI
A0:EE:EE:D7:C3:E8,,[WPA_WPA2_PSK],2025-12-16 0:6:41,1,-83,34.0385933,-117.1957703,389.90,1.75,WIFI
94:CD:FD:5C:30:49,,[OPEN],2025-12-16 0:6:41,1,-89,34.0385933,-117.1957703,389.90,1.75,WIFI
94:CD:FD:5C:30:46,milowifi,[WPA2_PSK],2025-12-16 0:6:41,1,-90,34.0385933,-117.1957703,389.90,1.75,WIFI
94:F7:17:EC:16:C0,,[WPA_WPA2_PSK],2025-12-16 0:6:41,1,-91,34.0385933,-117.1957703,389.90,1.75,WIFI
FC:3D:73:49:E4:46,DNPN8,[WPA2_PSK],2025-12-16 0:6:46,6,-86,34.0381165,-117.1953888,392.30,1.75,WIFI
9C:0B:05:BA:15:8A,,[OPEN],2025-12-16 0:6:46,6,-88,34.0381165,-117.1953888,392.30,1.75,WIFI
9C:0B:05:BA:15:87,sup,[WPA2_PSK],2025-12-16 0:6:46,6,-89,34.0381165,-117.1953888,392.30,1.75,WIFI
FC:3D:73:49:E4:49,,[OPEN],2025-12-16 0:6:46,6,-92,34.0381165,-117.1953888,392.30,1.75,WIFI
08:7B:12:62:1F:C6,SpectrumSetup-C0,[WPA2_PSK],2025-12-16 0:6:53,1,-82,34.0375061,-117.1949005,396.10,1.75,WIFI
12:E8:A7:43:7B:86,myCadillac 7b86,[WPA2_PSK],2025-12-16 0:6:53,1,-88,34.0375061,-117.1949005,396.10,1.75,WIFI
24:41:FE:57:AD:86,Paddy's Pub,[WPA2_PSK],2025-12-16 0:6:53,1,-90,34.0375061,-117.1949005,396.10,1.75,WIFI
FC:34:97:42:04:90,Unicorn123,[WPA2_PSK],2025-12-16 0:6:56,2,-94,34.0374336,-117.1948395,396.30,1.75,WIFI
5C:18:DD:F0:4A:73,,[WPA_WPA2_PSK],2025-12-16 0:7:7,1,-91,34.0370674,-117.1945572,397.30,1.75,WIFI
A8:6E:84:F3:9A:B7,Meowmere,[WPA2_PSK],2025-12-16 0:7:12,4,-95,34.0366669,-117.1942444,399.70,1.75,WIFI
AC:EC:85:D1:7D:56,,[OPEN],2025-12-16 0:7:14,6,-73,34.0364914,-117.1941147,400.70,1.75,WIFI
AC:EC:85:D1:7D:54,My Glorified Dial-Up,[WPA2_PSK],2025-12-16 0:7:14,6,-73,34.0364914,-117.1941147,400.70,1.75,WIFI
AC:EC:85:D1:7D:52,,[WPA3_PSK],2025-12-16 0:7:14,6,-74,34.0364914,-117.1941147,400.70,1.75,WIFI
60:F4:19:7B:13:49,,[OPEN],2025-12-16 0:7:14,6,-87,34.0364914,-117.1941147,400.70,1.75,WIFI
E8:D3:EB:83:B5:63,,[WPA3_PSK],2025-12-16 0:7:19,11,-90,34.0360718,-117.1937714,402.90,1.75,WIFI
E8:D3:EB:83:B5:69,,[OPEN],2025-12-16 0:7:19,11,-90,34.0360718,-117.1937714,402.90,1.75,WIFI
E8:D3:EB:83:B5:66,Nana of 5,[WPA2_PSK],2025-12-16 0:7:19,11,-90,34.0360718,-117.1937714,402.90,1.75,WIFI
A0:EE:EE:D8:C9:18,,[WPA_WPA2_PSK],2025-12-16 0:7:21,1,-94,34.0359116,-117.1936417,404.20,1.75,WIFI
32:34:DB:12:E4:70,[LG_Refrigerator]e470,[WPA2_PSK],2025-12-16 0:7:33,11,-96,34.0351982,-117.1930695,408.20,1.75,WIFI
F8:F5:32:49:0F:B8,Frontier4912,[WPA2_PSK],2025-12-16 0:7:35,1,-92,34.0350685,-117.1929550,408.90,1.75,WIFI
34:53:D2:E2:81:1D,PKJ,[WPA2_PSK],2025-12-16 0:7:42,6,-95,34.0345993,-117.1923981,412.80,1.75,WIFI
F4:52:46:AC:73:B1,SpectrumSetup-B3,[WPA2_PSK],2025-12-16 0:7:42,6,-95,34.0345993,-117.1923981,412.80,1.75,WIFI
C8:7F:54:24:3F:B4,Big Time,[WPA2_PSK],2025-12-16 0:7:44,8,-80,34.0345039,-117.1922989,413.80,1.75,WIFI
24:F3:E3:F2:23:06,Frontier800,[WPA2_PSK],2025-12-16 0:7:47,11,-91,34.0344543,-117.1922455,414.20,1.75,WIFI
36:98:7A:F0:A7:C4,Tineco_2399,[OPEN],2025-12-16 0:7:49,1,-91,34.0344086,-117.1921997,414.50,1.75,WIFI
10:7C:61:34:F7:78,Dragonballs,[WPA2_PSK],2025-12-16 0:7:53,3,-92,34.0342026,-117.1920319,415.30,1.75,WIFI
30:3A:4A:88:87:43,,[WPA3_PSK],2025-12-16 0:8:1,11,-91,34.0335350,-117.1915054,418.70,1.75,WIFI
60:D5:61:00:13:E4,,[WPA2_PSK],2025-12-16 0:8:3,13,-95,34.0333748,-117.1913910,419.40,1.75,WIFI
F0:7B:65:49:04:CE,SpectrumSetup-04C8,[WPA2_PSK],2025-12-16 0:8:4,1,-94,34.0332947,-117.1913452,419.40,1.75,WIFI
22:48:6C:5D:21:D6,,[WPA2_PSK],2025-12-16 0:8:4,1,-95,34.0332947,-117.1913452,419.40,1.75,WIFI
D4:AB:82:D0:9E:3C,MySpectrumWiFi3B-2G,[WPA2_PSK],2025-12-16 0:8:11,6,-90,34.0327187,-117.1912689,423.50,1.75,WIFI
E0:E1:A9:AB:A7:85,Baetaey-A785,[OPEN],2025-12-16 0:8:11,6,-97,34.0327187,-117.1912689,423.50,1.75,WIFI
92:03:71:45:4D:65,TeslaPW_DAVNJE,[WPA2_PSK],2025-12-16 0:8:16,11,-94,34.0322304,-117.1912613,427.20,1.75,WIFI
34:DB:9C:6C:3C:F6,MySpectrumWiFif0-2G,[WPA2_PSK],2025-12-16 0:8:20,1,-94,34.0319214,-117.1912384,429.40,1.75,WIFI
A4:11:62:32:27:90,NTGR_VMB_0747304383,[WPA2_PSK],2025-12-16 0:8:30,11,-89,34.0317841,-117.1908493,429.40,1.75,WIFI
34:98:B5:51:B4:69,ORBI88benandnatalia,[WPA2_WPA3_PSK],2025-12-16 0:8:51,4,-94,34.0320129,-117.1884995,430.20,1.75,WIFI
3A:98:B5:51:B4:69,,[WPA2_PSK],2025-12-16 0:8:51,4,-94,34.0320129,-117.1884995,430.20,1.75,WIFI
42:98:B5:51:B4:69,ORBI88benandnatalia-IoT,[WPA2_PSK],2025-12-16 0:8:51,4,-94,34.0320129,-117.1884995,430.20,1.75,WIFI
9C:3D:CF:3B:B1:70,ARLO_VMB_1577408955,[WPA2_PSK],2025-12-16 0:8:53,6,-93,34.0321503,-117.1882706,429.60,1.75,WIFI
3E:94:ED:24:0C:A6,ORBI62,[WPA2_PSK],2025-12-16 0:9:4,4,-92,34.0329056,-117.1869278,425.10,1.75,WIFI
22:9F:C3:58:62:E9,,[WPA2_PSK],2025-12-16 0:9:6,6,-93,34.0330391,-117.1866837,424.20,1.75,WIFI
22:68:7E:BF:6B:B8,SpectrumSetup-B7,[WPA2_PSK],2025-12-16 0:9:28,1,-88,34.0346069,-117.1838226,426.00,1.75,WIFI
C0:89:AB:53:E0:B8,Frontier3488,[WPA2_PSK],2025-12-16 0:9:28,1,-93,34.0346069,-117.1838226,426.00,1.75,WIFI
42:94:ED:AE:C8:B2,,[WPA2_PSK],2025-12-16 0:10:0,4,-89,34.0370178,-117.1794510,431.90,1.75,WIFI
3E:94:ED:AE:C8:B2,ORBI26,[WPA2_PSK],2025-12-16 0:10:0,4,-90,34.0370178,-117.1794510,431.90,1.75,WIFI
64:67:72:56:B3:F9,Murray Brand,[WPA2_PSK],2025-12-16 0:10:10,1,-94,34.0372505,-117.1790390,432.30,1.75,WIFI
2C:EA:DC:20:D3:9D,SpectrumSetup-9F,[WPA2_PSK],2025-12-16 0:10:16,6,-88,34.0373840,-117.1787949,432.00,1.75,WIFI
04:42:1A:33:30:B0,castreje,[WPA2_PSK],2025-12-16 0:10:32,8,-82,34.0385170,-117.1767426,431.10,1.75,WIFI
90:48:46:61:5A:E5,ENVOY_025244,[OPEN],2025-12-16 0:10:34,10,-92,34.0386810,-117.1764450,431.40,1.75,WIFI
D4:3F:32:01:A4:06,PerkinsRes,[WPA2_PSK],2025-12-16 0:10:38,1,-86,34.0390015,-117.1758652,432.80,1.75,WIFI
D4:3F:32:01:A4:09,,[OPEN],2025-12-16 0:10:38,1,-87,34.0390015,-117.1758652,432.80,1.75,WIFI
D4:3F:32:01:A4:03,,[WPA3_PSK],2025-12-16 0:10:38,1,-88,34.0390015,-117.1758652,432.80,1.75,WIFI
00:C8:96:CC:DE:AA,,[WPA_WPA2_PSK],2025-12-16 0:10:38,1,-93,34.0390015,-117.1758652,432.80,1.75,WIFI
B6:29:48:25:4D:E6,Can you count suckers?,[WPA2_PSK],2025-12-16 0:10:42,4,-93,34.0393143,-117.1752930,434.40,1.75,WIFI
34:49:5B:C0:8F:B6,MySpectrumWiFib0-2G,[WPA2_PSK],2025-12-16 0:11:12,6,-92,34.0412674,-117.1717911,440.70,1.75,WIFI
2C:67:BE:18:37:78,SpectrumSetup-3774,[WPA2_PSK],2025-12-16 0:11:17,11,-97,34.0413094,-117.1717148,440.70,1.75,WIFI
FC:12:63:81:CB:D9,SpectrumSetup-DB,[WPA2_PSK],2025-12-16 0:11:26,6,-94,34.0418243,-117.1707687,439.40,1.75,WIFI
66:67:72:22:92:C8,Cove,[WPA2_WPA3_PSK],2025-12-16 0:11:37,3,-80,34.0426636,-117.1692352,434.70,1.75,WIFI
E6:93:DA:BB:08:39,,[WPA2_PSK],2025-12-16 0:11:40,6,-93,34.0429192,-117.1687698,434.50,1.75,WIFI
F6:93:DA:BB:08:39,,[WPA2_PSK],2025-12-16 0:11:40,6,-93,34.0429192,-117.1687698,434.50,1.75,WIFI
74:93:DA:BB:08:39,SpectrumSetup-3B,[WPA2_PSK],2025-12-16 0:11:40,6,-94,34.0429192,-117.1687698,434.50,1.75,WIFI
1A:0C:6B:35:37:56,ORBI74-Guest,[WPA2_PSK],2025-12-16 0:11:43,9,-96,34.0431824,-117.1682892,434.90,1.75,WIFI
C8:63:FC:47:3B:04,MySpectrumWiFi03-2G,[WPA2_PSK],2025-12-16 0:11:45,11,-76,34.0433655,-117.1679687,435.00,1.75,WIFI
F0:7B:65:CB:30:05,Huff House,[WPA2_PSK],2025-12-16 0:11:45,11,-90,34.0433655,-117.1679687,435.00,1.75,WIFI
A0:8A:06:3F:15:61,MySpectrumWiFic0-2G,[WPA2_PSK],2025-12-16 0:11:48,1,-83,34.0436325,-117.1674728,434.90,1.75,WIFI
C0:A4:76:B0:08:A2,West Wing,[WPA_WPA2_PSK],2025-12-16 0:11:54,6,-81,34.0441284,-117.1665802,434.00,1.75,WIFI
C2:A4:76:D0:08:A2,,[WPA_WPA2_PSK],2025-12-16 0:11:54,6,-91,34.0441284,-117.1665802,434.00,1.75,WIFI
B0:39:56:D5:B6:5F,NETGEAR48,[WPA2_PSK],2025-12-16 0:11:59,11,-87,34.0443764,-117.1661377,433.50,1.75,WIFI
B0:FC:88:5D:22:28,SpectrumSetup-22,[WPA2_PSK],2025-12-16 0:12:43,1,-97,34.0444450,-117.1660233,433.00,1.75,WIFI
FC:12:63:B8:D8:99,SpectrumSetup-9B,[WPA2_PSK],2025-12-16 0:13:4,6,-86,34.0448875,-117.1652145,431.50,1.75,WIFI
2E:DC:AD:D0:A6:23,myChevrolet,[WPA2_PSK],2025-12-16 0:13:4,6,-93,34.0448875,-117.1652145,431.50,1.75,WIFI
74:90:BC:AF:66:63,Verizon_J6BTZ7,[WPA2_PSK],2025-12-16 0:13:9,11,-90,34.0453186,-117.1644211,430.60,1.75,WIFI
2C:67:BE:1E:D8:67,SpectrumSetup-D863,[WPA2_PSK],2025-12-16 0:13:9,11,-93,34.0453186,-117.1644211,430.60,1.75,WIFI
00:30:44:25:CC:CF,FEMS,[WPA2_PSK],2025-12-16 0:13:11,1,-84,34.0455093,-117.1640854,430.10,1.75,WIFI
3C:52:A1:1B:7B:FE,BFSC - Admin,[WPA2_PSK],2025-12-16 0:13:14,2,-95,34.0457993,-117.1635513,430.20,1.75,WIFI
1A:60:41:74:D4:CF,,[WPA2_WPA3_PSK],2025-12-16 0:13:15,3,-90,34.0458984,-117.1633682,430.60,1.75,WIFI
2C:67:BE:35:ED:18,TellMyWifiLoveHer,[WPA2_PSK],2025-12-16 0:13:18,6,-92,34.0462036,-117.1628265,432.10,1.75,WIFI
94:18:65:68:78:F5,NETGEAR30,[WPA2_PSK],2025-12-16 0:13:49,9,-96,34.0491676,-117.1574478,445.80,1.75,WIFI
DC:62:79:9D:25:42,HopeCenter,[WPA2_PSK],2025-12-16 0:13:51,11,-91,34.0493279,-117.1571350,446.50,1.75,WIFI
E2:62:79:9D:25:42,MySpectrumWiFi90-2G,[WPA2_PSK],2025-12-16 0:13:51,11,-93,34.0493279,-117.1571350,446.50,1.75,WIFI
D4:3F:32:7B:9D:6F,carballo guest,[WPA2_PSK],2025-12-16 0:14:0,6,-88,34.0494957,-117.1564484,447.70,1.75,WIFI
D4:3F:32:7B:9D:63,,[WPA3_PSK],2025-12-16 0:14:0,6,-89,34.0494957,-117.1564484,447.70,1.75,WIFI
D4:3F:32:7B:9D:66,carballo,[WPA2_PSK],2025-12-16 0:14:0,6,-90,34.0494957,-117.1564484,447.70,1.75,WIFI
28:94:01:3F:DF:F9,NETGEAR66,[WPA2_PSK],2025-12-16 0:14:2,8,-88,34.0495033,-117.1563263,447.70,1.75,WIFI
10:DA:43:C4:CB:CC,NETGEAR04,[WPA2_PSK],2025-12-16 0:14:11,3,-94,34.0494156,-117.1553497,448.90,1.75,WIFI
CC:40:D0:0F:5E:03,NETGEAR09,[WPA2_PSK],2025-12-16 0:14:12,4,-85,34.0493774,-117.1552124,449.20,1.75,WIFI
82:AF:CA:2D:58:F8,,[WPA2_PSK],2025-12-16 0:14:16,8,-93,34.0491104,-117.1547546,450.50,1.75,WIFI
80:AF:CA:1D:58:F8,Spectrum,[WPA_WPA2_PSK],2025-12-16 0:14:16,8,-95,34.0491104,-117.1547546,450.50,1.75,WIFI
60:5F:8D:1B:71:46,Tippet,[WPA2_PSK],2025-12-16 0:14:22,1,-89,34.0486031,-117.1541519,451.50,1.75,WIFI
34:53:D2:D8:6F:09,SpectrumSetup-03,[WPA2_PSK],2025-12-16 0:14:28,6,-93,34.0483589,-117.1533051,454.00,1.75,WIFI
38:8B:59:DE:B9:8B,Wiley,[WPA2_PSK],2025-12-16 0:14:28,6,-94,34.0483589,-117.1533051,454.00,1.75,WIFI
10:0C:6B:49:BB:A5,Shuyun Mesh,[WPA2_PSK],2025-12-16 0:15:7,3,-93,34.0483513,-117.1475525,469.20,1.75,WIFI
88:6A:E3:D6:B9:C6,tld6b9c6,[WPA2_PSK],2025-12-16 0:15:30,11,-97,34.0483513,-117.1437149,479.50,1.75,WIFI
30:57:8E:1A:70:C9,,[OPEN],2025-12-16 0:15:33,1,-85,34.0483551,-117.1431580,481.30,1.75,WIFI
30:57:8E:1A:70:C6,VerSteegCircus,[WPA2_PSK],2025-12-16 0:15:33,1,-85,34.0483551,-117.1431580,481.30,1.75,WIFI
30:57:8E:1A:70:C3,,[WPA3_PSK],2025-12-16 0:15:33,1,-86,34.0483551,-117.1431580,481.30,1.75,WIFI
C0:6F:98:88:E1:E3,,[WPA3_PSK],2025-12-16 0:15:33,1,-88,34.0483551,-117.1431580,481.30,1.75,WIFI
C0:6F:98:88:E1:E6,VerSteegCircus,[WPA2_PSK],2025-12-16 0:15:33,1,-88,34.0483551,-117.1431580,481.30,1.75,WIFI
C0:6F:98:88:E1:E9,,[OPEN],2025-12-16 0:15:33,1,-89,34.0483551,-117.1431580,481.30,1.75,WIFI
80:78:71:5E:07:11,SpectrumSetup-13,[WPA2_PSK],2025-12-16 0:15:33,1,-93,34.0483551,-117.1431580,481.30,1.75,WIFI
00:54:AF:85:FD:20,HotspotFD20,[WPA_WPA2_PSK],2025-12-16 0:15:36,3,-88,34.0483551,-117.1425781,483.40,1.75,WIFI
F0:B6:61:56:6C:EA,,[OPEN],2025-12-16 0:15:39,6,-89,34.0483551,-117.1419754,485.40,1.75,WIFI
F0:B6:61:56:6C:E7,Dodgers 44,[WPA2_PSK],2025-12-16 0:15:39,6,-89,34.0483551,-117.1419754,485.40,1.75,WIFI
F0:B6:61:56:6C:E4,,[WPA3_PSK],2025-12-16 0:15:39,6,-90,34.0483551,-117.1419754,485.40,1.75,WIFI
AC:91:9B:C0:97:0A,Verizon_6TPYV7,[WPA2_PSK],2025-12-16 0:16:1,1,-93,34.0483704,-117.1390076,493.00,1.75,WIFI
FC:E8:C0:83:49:99,PNR08IF3105DBA70AE,[OPEN],2025-12-16 0:16:43,1,-93,34.0483055,-117.1313477,512.50,1.75,WIFI
54:B7:BD:DF:48:13,Verizon_9CD9V3,[WPA2_PSK],2025-12-16 0:16:49,6,-96,34.0482826,-117.1301270,514.50,1.75,WIFI
00:30:44:B7:7E:E4,R980-ee3,[WPA2_PSK],2025-12-16 0:19:42,11,-95,34.0355568,-117.0959473,616.20,1.75,WIFI
FC:12:63:F3:A3:79,SpectrumSetup-7B,[WPA2_PSK],2025-12-16 0:19:42,11,-97,34.0355568,-117.0959473,616.20,1.75,WIFI
E8:AD:A6:64:42:D6,MySpectrumWiFid0-2G,[WPA2_PSK],2025-12-16 0:19:51,6,-94,34.0343475,-117.0954666,606.00,2.00,WIFI
F8:08:4F:D0:D1:66,MySpectrumWiFi60-2G,[WPA2_PSK],2025-12-16 0:19:56,11,-92,34.0340843,-117.0954590,605.50,2.00,WIFI
5A:E4:03:6D:9D:D2,Audi_MMI_0140,[WPA2_PSK],2025-12-16 0:20:5,6,-94,34.0340805,-117.0954590,605.20,2.00,WIFI
D4:53:83:F1:16:36,Vehicle Hotspot,[WPA2_PSK],2025-12-16 0:20:5,6,-95,34.0340805,-117.0954590,605.20,2.00,WIFI
FA:6D:CC:A9:C9:49,myChevrolet C949,[WPA2_PSK],2025-12-16 0:20:6,7,-93,34.0340805,-117.0954590,605.20,2.00,WIFI
24:94:CB:1C:A2:08,Frontier1072,[WPA2_PSK],2025-12-16 0:21:9,1,-95,34.0338631,-117.0953598,603.80,2.00,WIFI
F0:81:75:F7:AA:CE,Diaz,[WPA2_PSK],2025-12-16 0:21:9,1,-95,34.0338631,-117.0953598,603.80,2.00,WIFI
64:67:72:6F:EC:CF,SpectrumSetup-CD,[WPA2_PSK],2025-12-16 0:21:24,1,-83,34.0338249,-117.0928955,605.20,1.75,WIFI
3E:E9:0E:E5:08:AB,PCL9D7J018,[WPA_WPA2_PSK],2025-12-16 0:21:24,1,-89,34.0338249,-117.0928955,605.20,1.75,WIFI
8C:86:DD:AB:62:8A,house,[WPA2_PSK],2025-12-16 0:21:25,2,-79,34.0338249,-117.0926819,605.50,1.75,WIFI
92:86:DD:AB:7B:6E,,[WPA2_PSK],2025-12-16 0:21:25,2,-90,34.0338249,-117.0926819,605.50,1.75,WIFI
8C:86:DD:AB:7B:6E,house,[WPA2_PSK],2025-12-16 0:21:25,2,-91,34.0338249,-117.0926819,605.50,1.75,WIFI
92:86:DD:AB:62:8E,,[WPA2_PSK],2025-12-16 0:21:25,2,-92,34.0338249,-117.0926819,605.50,1.75,WIFI
9C:3D:CF:8E:7F:0A,PolarBearExpress,[WPA2_PSK],2025-12-16 0:21:29,6,-95,34.0338287,-117.0918350,606.60,1.75,WIFI
F4:52:46:AD:43:79,SpectrumSetup-7B,[WPA2_PSK],2025-12-16 0:21:29,6,-97,34.0338287,-117.0918350,606.60,1.75,WIFI
FA:92:BF:5A:AB:E2,,[WPA2_PSK],2025-12-16 0:21:34,11,-81,34.0338326,-117.0907211,608.10,2.00,WIFI
14:7D:05:4E:6A:83,SpectrumSetup-81,[WPA2_PSK],2025-12-16 0:21:37,1,-88,34.0338364,-117.0900345,608.90,2.00,WIFI
20:3A:0C:6C:E2:86,Ark1,[WPA2_PSK],2025-12-16 0:21:57,6,-88,34.0338783,-117.0870514,615.70,2.00,WIFI
20:3A:0C:6C:E2:83,,[WPA3_PSK],2025-12-16 0:21:57,6,-89,34.0338783,-117.0870514,615.70,2.00,WIFI
20:3A:0C:6C:E2:8F,Ark1 Guest,[OPEN],2025-12-16 0:21:57,6,-89,34.0338783,-117.0870514,615.70,2.00,WIFI
20:3A:0C:6C:E2:89,,[OPEN],2025-12-16 0:22:11,6,-79,34.0338898,-117.0868607,616.20,2.00,WIFI
04:F0:21:19:97:62,,[WPA2_PSK],2025-12-16 0:22:16,11,-95,34.0340729,-117.0866928,616.70,2.00,WIFI
C8:28:E5:3D:E8:A7,YCJUSD-Open2.4GHz,[OPEN],2025-12-16 0:22:44,11,-91,34.0351677,-117.0861588,616.40,2.00,WIFI
C8:28:E5:3D:E8:A9,,[WPA2_PSK],2025-12-16 0:22:44,11,-91,34.0351677,-117.0861588,616.40,2.00,WIFI
C8:28:E5:3D:E8:A3,,[WPA2_PSK],2025-12-16 0:22:44,11,-92,34.0351677,-117.0861588,616.40,2.00,WIFI
C8:28:E5:3D:E8:A5,SATOctober,[WPA2_PSK],2025-12-16 0:22:44,11,-93,34.0351677,-117.0861588,616.40,2.00,WIFI
C8:28:E5:3D:E8:A1,Vendor,[WPA2_PSK],2025-12-16 0:22:44,11,-94,34.0351677,-117.0861588,616.40,2.00,WIFI
C8:28:E5:3D:E8:A2,YHSStore,[WPA2_PSK],2025-12-16 0:22:44,11,-97,34.0351677,-117.0861588,616.40,2.00,WIFI
C8:28:E5:3D:E8:A4,YHS-2.4GHz,[WPA2_PSK],2025-12-16 0:22:58,11,-97,34.0356483,-117.0858917,617.70,2.00,WIFI
24:16:1B:70:25:A4,SATOctober,[WPA2_PSK],2025-12-16 0:23:1,1,-92,34.0358162,-117.0858078,618.30,2.00,WIFI
24:16:1B:70:25:A9,,[WPA2_PSK],2025-12-16 0:23:1,1,-93,34.0358162,-117.0858078,618.30,2.00,WIFI
24:16:1B:70:25:A8,YCJUSD-Open2.4GHz,[OPEN],2025-12-16 0:23:1,1,-94,34.0358162,-117.0858078,618.30,2.00,WIFI
24:16:1B:70:25:A1,Vendor,[WPA2_PSK],2025-12-16 0:23:1,1,-95,34.0358162,-117.0858078,618.30,2.00,WIFI
24:16:1B:70:25:A2,YHSStore,[WPA2_PSK],2025-12-16 0:23:1,1,-95,34.0358162,-117.0858078,618.30,2.00,WIFI
24:16:1B:70:25:A3,,[WPA2_PSK],2025-12-16 0:23:1,1,-95,34.0358162,-117.0858078,618.30,2.00,WIFI
24:16:1B:70:25:A5,YHS-2.4GHz,[WPA2_PSK],2025-12-16 0:23:1,1,-95,34.0358162,-117.0858078,618.30,2.00,WIFI
24:16:1B:A9:97:43,,[WPA2_PSK],2025-12-16 0:23:40,11,-90,34.0368729,-117.0861816,618.10,2.00,WIFI
24:16:1B:5E:B4:08,YCJUSD-Open2.4GHz,[OPEN],2025-12-16 0:23:43,1,-95,34.0369339,-117.0862427,618.30,2.00,WIFI
24:16:1B:5E:B4:09,,[WPA2_PSK],2025-12-16 0:23:43,1,-97,34.0369339,-117.0862427,618.30,2.00,WIFI
24:16:1B:A9:75:49,,[WPA2_PSK],2025-12-16 0:24:8,11,-97,34.0372009,-117.0864868,618.70,2.00,WIFI
66:C2:2B:5A:2D:5A,Connor’s iPhone (2),[WPA2_WPA3_PSK],2025-12-16 0:24:31,6,-96,34.0372047,-117.0864944,619.00,2.00,WIFI
24:16:1B:A9:75:42,YHSStore,[WPA2_PSK],2025-12-16 0:24:50,11,-94,34.0372047,-117.0864944,619.20,2.00,WIFI
24:16:1B:A9:75:44,SATOctober,[WPA2_PSK],2025-12-16 0:24:50,11,-94,34.0372047,-117.0864944,619.20,2.00,WIFI
24:16:1B:A9:75:41,Vendor,[WPA2_PSK],2025-12-16 0:24:50,11,-95,34.0372047,-117.0864944,619.20,2.00,WIFI
24:16:1B:A9:75:43,,[WPA2_PSK],2025-12-16 0:24:50,11,-95,34.0372047,-117.0864944,619.20,2.00,WIFI
24:16:1B:A9:75:45,YHS-2.4GHz,[WPA2_PSK],2025-12-16 0:24:50,11,-96,34.0372047,-117.0864944,619.20,2.00,WIFI
24:16:1B:A9:75:48,YCJUSD-Open2.4GHz,[OPEN],2025-12-16 0:24:50,11,-96,34.0372047,-117.0864944,619.20,2.00,WIFI
24:16:1B:5E:B4:01,Vendor,[WPA2_PSK],2025-12-16 0:27:12,1,-95,34.0371475,-117.0864868,619.20,2.00,WIFI
24:16:1B:A9:5C:81,Vendor,[WPA2_PSK],2025-12-16 0:27:33,6,-96,34.0365944,-117.0860214,618.20,2.00,WIFI
24:16:1B:A9:5C:89,,[WPA2_PSK],2025-12-16 0:27:33,6,-96,34.0365944,-117.0860214,618.20,2.00,WIFI
24:16:1B:A9:5C:88,YCJUSD-Open2.4GHz,[OPEN],2025-12-16 0:27:33,6,-97,34.0365944,-117.0860214,618.20,2.00,WIFI
4E:F8:52:2F:79:3F,buickBANDIT,[WPA2_WPA3_PSK],2025-12-16 0:27:47,6,-89,34.0361710,-117.0858383,618.20,2.00,WIFI
90:E9:5E:DD:8C:E1,Vendor,[WPA2_PSK],2025-12-16 0:28:50,1,-86,34.0351562,-117.0873795,614.90,2.00,WIFI
90:E9:5E:DD:8C:E2,YHSStore,[WPA2_PSK],2025-12-16 0:28:50,1,-89,34.0351562,-117.0873795,614.90,2.00,WIFI
90:E9:5E:DD:8C:E3,,[WPA2_PSK],2025-12-16 0:28:50,1,-90,34.0351562,-117.0873795,614.90,2.00,WIFI
90:E9:5E:DD:8C:E5,SATOctober,[WPA2_PSK],2025-12-16 0:28:50,1,-92,34.0351562,-117.0873795,614.90,2.00,WIFI
C8:28:E5:3D:D6:21,Vendor,[WPA2_PSK],2025-12-16 0:28:57,6,-84,34.0351181,-117.0877762,614.10,2.00,WIFI
C8:28:E5:3D:D6:24,YHS-2.4GHz,[WPA2_PSK],2025-12-16 0:28:57,6,-86,34.0351181,-117.0877762,614.10,2.00,WIFI
C8:28:E5:3D:D6:23,,[WPA2_PSK],2025-12-16 0:28:57,6,-87,34.0351181,-117.0877762,614.10,2.00,WIFI
C8:28:E5:3D:D6:25,SATOctober,[WPA2_PSK],2025-12-16 0:28:57,6,-87,34.0351181,-117.0877762,614.10,2.00,WIFI
C8:28:E5:3D:D6:29,,[WPA2_PSK],2025-12-16 0:28:57,6,-87,34.0351181,-117.0877762,614.10,2.00,WIFI
C8:28:E5:3D:D6:22,YHSStore,[WPA2_PSK],2025-12-16 0:28:57,6,-88,34.0351181,-117.0877762,614.10,2.00,WIFI
C8:28:E5:3D:D6:27,YCJUSD-Open2.4GHz,[OPEN],2025-12-16 0:28:57,6,-88,34.0351181,-117.0877762,614.10,2.00,WIFI
90:E9:5E:DD:8C:E9,,[WPA2_PSK],2025-12-16 0:29:7,1,-93,34.0345612,-117.0878067,614.90,2.00,WIFI
04:F0:21:66:0B:46,,[WPA2_PSK],2025-12-16 0:29:12,6,-94,34.0342255,-117.0877991,614.90,2.00,WIFI
22:AD:56:2F:AE:6D,HotspotAE6D,[WPA_WPA2_PSK],2025-12-16 0:29:12,6,-95,34.0342255,-117.0877991,614.90,2.00,WIFI
66:97:33:52:07:E5,Shodhan Guest,[WPA2_PSK],2025-12-16 0:29:20,1,-90,34.0339890,-117.0878677,614.30,2.00,WIFI
00:30:44:68:97:DE,R1900-7dd,[WPA2_PSK],2025-12-16 0:29:40,6,-84,34.0339432,-117.0909653,609.80,2.00,WIFI
00:54:AF:2E:8A:67,Hotspot8A67,[WPA_WPA2_PSK],2025-12-16 0:29:42,8,-93,34.0339432,-117.0913696,609.30,2.00,WIFI
A8:40:0B:50:7B:16,HotspotNeSk,[WPA_WPA2_PSK],2025-12-16 0:29:54,6,-97,34.0339432,-117.0940247,606.60,2.00,WIFI
00:54:AF:A8:17:97,Hotspot1797,[WPA_WPA2_PSK],2025-12-16 0:29:57,9,-96,34.0339394,-117.0946579,606.20,2.00,WIFI
8C:85:80:7E:B5:49,,[WPA_WPA2_PSK],2025-12-16 0:30:11,9,-93,34.0339355,-117.0977936,602.70,2.00,WIFI
74:37:5F:9F:CE:27,SpectrumSetup-25,[WPA2_PSK],2025-12-16 0:30:16,1,-96,34.0339355,-117.0989609,603.40,2.00,WIFI
7C:DB:98:E7:DC:15,MySpectrumWiFi17-2G,[WPA2_PSK],2025-12-16 0:30:22,6,-97,34.0339203,-117.1003418,605.50,2.00,WIFI
10:0C:6B:D8:67:C3,Zoetis-100c6bd867c1,[WPA2_PSK],2025-12-16 0:30:36,6,-93,34.0333290,-117.1024246,605.30,2.00,WIFI
80:CC:9C:3D:0A:97,IDEXXw1,[WPA2_PSK],2025-12-16 0:30:38,8,-91,34.0332222,-117.1026382,605.50,2.00,WIFI
D0:40:EF:A3:3B:0F,TOYOTA RAV4_3B0FEFA3D040,[WPA2_PSK],2025-12-16 0:30:41,11,-83,34.0330544,-117.1029739,605.40,2.00,WIFI
00:6A:58:3F:AF:99,sny,[OPEN],2025-12-16 0:30:52,8,-91,34.0322876,-117.1046066,604.70,2.00,WIFI
74:37:5F:2E:F7:0B,SpectrumSetup-09,[WPA2_PSK],2025-12-16 0:31:12,1,-89,34.0309830,-117.1080399,608.30,2.00,WIFI
94:91:7F:8A:55:AA,SpectrumSetup-AC,[WPA2_PSK],2025-12-16 0:31:12,1,-92,34.0309830,-117.1080399,608.30,2.00,WIFI
24:41:FE:53:2B:B2,Verizon_4J7MTL,[WPA2_PSK],2025-12-16 0:31:18,6,-89,34.0306816,-117.1092224,610.70,2.00,WIFI
64:D9:C2:40:A3:0F,Yucaipa Pharmacy Guest,[OPEN],2025-12-16 0:31:26,1,-85,34.0302925,-117.1107712,610.40,2.00,WIFI
64:D9:C2:40:A3:03,,[WPA3_PSK],2025-12-16 0:31:26,1,-86,34.0302925,-117.1107712,610.40,2.00,WIFI
64:D9:C2:40:A3:09,,[OPEN],2025-12-16 0:31:26,1,-86,34.0302925,-117.1107712,610.40,2.00,WIFI
64:D9:C2:40:A3:06,Yucaipa Pharmacy,[WPA2_PSK],2025-12-16 0:31:26,1,-88,34.0302925,-117.1107712,610.40,2.00,WIFI
B0:FC:88:3E:A6:E0,FrontierFS,[WPA2_PSK],2025-12-16 0:31:32,6,-95,34.0299911,-117.1119766,609.90,2.00,WIFI
A6:C9:EB:E6:05:FC,,[WPA2_PSK],2025-12-16 0:31:35,9,-84,34.0298462,-117.1125336,610.40,2.00,WIFI
A2:C9:EB:E6:05:FC,Kore Rehab,[WPA2_PSK],2025-12-16 0:31:35,9,-86,34.0298462,-117.1125336,610.40,2.00,WIFI
9E:A6:7E:51:45:57,,[WPA2_PSK],2025-12-16 0:31:35,9,-89,34.0298462,-117.1125336,610.40,2.00,WIFI
74:93:DA:92:6C:49,La Mexicana,[WPA2_PSK],2025-12-16 0:31:51,11,-94,34.0294685,-117.1140060,609.30,2.00,WIFI
10:0C:6B:29:4C:AC,YD Backup,[WPA2_PSK],2025-12-16 0:32:0,6,-86,34.0294685,-117.1140137,609.00,2.00,WIFI
B6:EC:02:A9:1D:52,Sarah WiFi,[WPA2_PSK],2025-12-16 0:32:14,6,-90,34.0294724,-117.1140137,608.70,2.00,WIFI
DA:AF:DF:E8:1A:B7,GMC7362,[WPA2_WPA3_PSK],2025-12-16 0:32:14,6,-94,34.0294724,-117.1140137,608.70,2.00,WIFI
5A:E4:03:33:A0:7F,myChevrolet A07F,[WPA2_PSK],2025-12-16 0:32:43,7,-95,34.0294647,-117.1140289,608.70,2.00,WIFI
B2:15:A2:74:D5:84,Yucaipa Dental Guest WiFi,[WPA2_PSK],2025-12-16 0:32:56,6,-93,34.0291862,-117.1150894,607.00,2.00,WIFI
C8:FE:0F:38:78:48,Peztio-Q4-387848,[WPA2_PSK],2025-12-16 0:33:1,11,-93,34.0289612,-117.1159668,603.70,2.00,WIFI
84:A0:6E:A0:6F:C6,MySpectrumWiFic0-2G,[WPA2_PSK],2025-12-16 0:33:1,11,-96,34.0289612,-117.1159668,603.70,2.00,WIFI
74:37:5F:CE:90:3F,SpectrumSetup-3D,[WPA2_PSK],2025-12-16 0:33:4,1,-87,34.0288315,-117.1165314,601.70,2.00,WIFI
64:67:72:45:77:9A,TMOBILE-7798,[WPA2_WPA3_PSK],2025-12-16 0:33:4,1,-89,34.0288315,-117.1165314,601.70,2.00,WIFI
74:37:5F:A7:91:8B,SpectrumSetup-89,[WPA2_PSK],2025-12-16 0:33:4,1,-94,34.0288315,-117.1165314,601.70,2.00,WIFI
18:60:41:14:C1:D7,TMOBILE-C1D5,[WPA2_WPA3_PSK],2025-12-16 0:33:6,2,-86,34.0287437,-117.1168976,600.30,2.00,WIFI
1A:60:41:74:C1:D7,,[WPA2_WPA3_PSK],2025-12-16 0:33:6,2,-87,34.0287437,-117.1168976,600.30,2.00,WIFI
F2:A7:31:47:5B:84,Robots,[WPA2_PSK],2025-12-16 0:33:8,4,-78,34.0286636,-117.1172333,599.10,2.00,WIFI
F0:A7:31:47:5B:84,Whimsical Light & Lense  ,[WPA2_PSK],2025-12-16 0:33:8,4,-79,34.0286636,-117.1172333,599.10,2.00,WIFI
0C:83:CC:F0:F9:3B,tlf0f93b,[WPA2_PSK],2025-12-16 0:33:10,6,-78,34.0285835,-117.1175385,598.10,2.00,WIFI
00:30:44:5A:5D:9C,IBR600C-d9b,[WPA2_PSK],2025-12-16 0:33:10,6,-90,34.0285835,-117.1175385,598.10,2.00,WIFI
A0:A4:7F:AB:98:01,,[WPA2_PSK],2025-12-16 0:33:18,1,-89,34.0283051,-117.1183014,595.20,2.00,WIFI
A0:A4:7F:AB:98:00,,[WPA2_PSK],2025-12-16 0:33:18,1,-90,34.0283051,-117.1183014,595.20,2.00,WIFI
A0:A4:7F:AB:98:02,,[WPA2_PSK],2025-12-16 0:33:18,1,-90,34.0283051,-117.1183014,595.20,2.00,WIFI
A8:3A:79:F5:B3:D4,CK_MGR,[WPA2_PSK],2025-12-16 0:33:18,1,-93,34.0283051,-117.1183014,595.20,2.00,WIFI
74:37:5F:DA:88:6F,MySpectrumWIFI10-5G,[WPA2_PSK],2025-12-16 0:33:18,1,-94,34.0283051,-117.1183014,595.20,2.00,WIFI
A8:3A:79:F5:B3:D1,CK_IOT,[WPA2_PSK],2025-12-16 0:33:18,1,-94,34.0283051,-117.1183014,595.20,2.00,WIFI
A8:3A:79:F5:B3:D5,CK_STORE,[WPA2],2025-12-16 0:33:18,1,-94,34.0283051,-117.1183014,595.20,2.00,WIFI
A8:3A:79:F5:B3:D3,CK_STAGE,[WPA2_PSK],2025-12-16 0:33:18,1,-95,34.0283051,-117.1183014,595.20,2.00,WIFI
E4:38:83:13:1A:5A,,[WPA2_WPA3_PSK],2025-12-16 0:33:18,1,-96,34.0283051,-117.1183014,595.20,2.00,WIFI
A8:3A:79:F5:B3:D2,CK_BYOD,[WPA2_PSK],2025-12-16 0:33:18,1,-96,34.0283051,-117.1183014,595.20,2.00,WIFI
EA:38:83:13:1A:5A,,[WPA2_PSK],2025-12-16 0:33:18,1,-97,34.0283051,-117.1183014,595.20,2.00,WIFI
00:30:44:54:9B:4B,RAI-SIGNAGE,[WPA2_PSK],2025-12-16 0:33:18,1,-97,34.0283051,-117.1183014,595.20,2.00,WIFI
20:58:69:D6:03:53,Recover.Me-160350,[WPA2_PSK],2025-12-16 0:33:24,6,-93,34.0282784,-117.1183395,594.90,2.00,WIFI
70:F1:96:B5:1A:77,MOBIL,[WPA_WPA2_PSK],2025-12-16 0:33:24,6,-97,34.0282784,-117.1183395,594.90,2.00,WIFI
B0:D8:88:CE:CA:3D,Car-ca3d,[WPA2_PSK],2025-12-16 0:33:38,6,-95,34.0282784,-117.1183395,594.50,2.00,WIFI
B6:8B:A9:DA:80:89,bkrsiot,[WPA2_PSK],2025-12-16 0:33:43,11,-88,34.0282784,-117.1183395,594.30,2.00,WIFI
32:E1:96:08:E8:27,,[WPA2_PSK],2025-12-16 0:34:6,6,-94,34.0281410,-117.1185532,593.00,2.00,WIFI
04:F0:21:A0:25:F0,,[WPA2_PSK],2025-12-16 0:34:6,6,-94,34.0281410,-117.1185532,593.00,2.00,WIFI
50:91:E3:A5:F4:B4,Kaliko,[WPA2_PSK],2025-12-16 0:34:31,3,-89,34.0273705,-117.1195679,591.40,2.00,WIFI
FA:6D:CC:25:81:35,myGMC 8135,[WPA2_PSK],2025-12-16 0:35:31,7,-85,34.0313187,-117.1340485,536.80,2.00,WIFI
00:0A:F5:D3:D3:20,DIRECT-bC-Raven-242,[WPA2_PSK],2025-12-16 0:35:49,11,-97,34.0329132,-117.1376724,520.30,2.00,WIFI
00:25:CA:83:91:0B,Motive AABL36KD035463,[WPA2_PSK],2025-12-16 0:36:12,6,-96,34.0339470,-117.1405334,508.70,2.00,WIFI
FC:DB:21:33:15:8C,US-Roadways-WiFi,[WPA2_PSK],2025-12-16 0:36:26,6,-90,34.0342560,-117.1415787,504.70,2.00,WIFI
90:D3:CF:F9:79:16,mary,[WPA2_PSK],2025-12-16 0:36:59,11,-94,34.0349579,-117.1441269,494.90,2.00,WIFI
4C:19:5D:04:68:6F,SpectrumSetup-B3,[WPA2_PSK],2025-12-16 0:37:8,6,-84,34.0351410,-117.1448059,492.70,2.00,WIFI
C4:49:BB:29:B4:E2,WiFi Hotspot 3383,[WPA2_PSK],2025-12-16 0:37:41,11,-89,34.0358849,-117.1471100,485.60,2.00,WIFI
28:38:5C:02:7D:33,HotspotpUk7,[WPA_WPA2_PSK],2025-12-16 0:37:50,6,-97,34.0360718,-117.1476059,483.90,2.00,WIFI
DC:F5:1B:58:03:C5,Verizon_FB9X4X,[WPA2_PSK],2025-12-16 0:38:23,11,-92,34.0371284,-117.1498795,474.70,2.00,WIFI
0A:BB:85:4A:BD:39,,[WPA2_PSK],2025-12-16 0:38:23,11,-93,34.0371284,-117.1498795,474.70,2.00,WIFI
0A:BB:85:2A:BD:39,leyva Mini,[WPA2_PSK],2025-12-16 0:38:23,11,-95,34.0371284,-117.1498795,474.70,2.00,WIFI
FC:DB:21:1C:1C:ED,Matich Truck WiFi,[WPA2_PSK],2025-12-16 0:38:46,6,-90,34.0393677,-117.1534271,457.30,2.00,WIFI
00:54:AF:3E:37:9E,Hotspot379E,[WPA_WPA2_PSK],2025-12-16 0:39:2,8,-91,34.0403557,-117.1558914,456.20,2.00,WIFI
42:52:A1:1B:46:FA,BFSC Admin_Guest,[WPA2_PSK],2025-12-16 0:39:52,2,-91,34.0444145,-117.1653824,433.40,2.00,WIFI
4A:AE:30:21:F7:5D,,[WPA2_PSK],2025-12-16 0:40:6,2,-90,34.0444527,-117.1654739,432.80,2.00,WIFI
40:AE:30:21:F7:5D,BFSC - Admin,[WPA2_PSK],2025-12-16 0:40:20,2,-90,34.0444527,-117.1654739,433.20,2.00,WIFI
34:98:B5:FF:37:94,,[WPA2_PSK],2025-12-16 0:40:22,4,-92,34.0444527,-117.1654739,433.30,2.00,WIFI
2E:80:88:EE:74:3C,Halo Red,[WPA2_PSK],2025-12-16 0:40:41,9,-95,34.0457535,-117.1674500,425.10,2.00,WIFI
B2:E4:D5:22:74:30,Sidhant Guest,[WPA2_PSK],2025-12-16 0:40:43,11,-87,34.0459747,-117.1676865,424.00,2.00,WIFI
B0:E4:D5:22:74:30,Sidhant Nest,[WPA2_PSK],2025-12-16 0:40:43,11,-91,34.0459747,-117.1676865,424.00,2.00,WIFI
34:DB:9C:74:04:0E,MySpectrumWiFi08-2G,[WPA2_PSK],2025-12-16 0:40:53,6,-93,34.0469398,-117.1685333,419.90,2.00,WIFI
08:7B:12:4B:FE:CD,Ibarra,[WPA2_PSK],2025-12-16 0:41:12,11,-91,34.0471001,-117.1686554,419.40,2.00,WIFI
A4:97:33:4F:B3:C5,SpectrumSetup-C7,[WPA2_PSK],2025-12-16 0:41:21,6,-93,34.0470963,-117.1686554,419.60,2.00,WIFI
B0:FC:88:3D:CB:38,SpectrumSetup-32,[WPA2_PSK],2025-12-16 0:41:43,1,-95,34.0477600,-117.1691742,418.40,2.00,WIFI
D0:6D:C9:2E:41:A6,Frontier1036,[WPA2_PSK],2025-12-16 0:41:43,1,-97,34.0477600,-117.1691742,418.40,2.00,WIFI
88:DE:7C:76:19:6C,DENTAL GALLERY,[WPA2_PSK],2025-12-16 0:41:49,6,-92,34.0483971,-117.1696777,416.30,2.00,WIFI
94:F7:17:83:E8:28,,[WPA_WPA2_PSK],2025-12-16 0:41:57,1,-87,34.0492897,-117.1703949,412.60,2.00,WIFI
78:D2:94:3D:07:DA,Pretty Fly 4 a WiFi,[WPA2_PSK],2025-12-16 0:42:1,4,-93,34.0497284,-117.1707611,410.60,2.00,WIFI
00:14:3E:1F:D1:00,GMREPCR,[WPA2_PSK],2025-12-16 0:42:3,6,-92,34.0498886,-117.1709061,409.70,2.00,WIFI
F8:5B:3B:7E:3E:FD,SpectrumSetup-FF,[WPA2_PSK],2025-12-16 0:42:17,6,-95,34.0501518,-117.1711197,408.60,2.00,WIFI
B0:FC:88:5C:31:B0,leothecutestcat,[WPA2_PSK],2025-12-16 0:42:22,11,-91,34.0501518,-117.1711197,408.70,2.00,WIFI
EC:D9:09:A5:24:59,TOYOTA bZ4X-2.4g_a52459,[WPA2_PSK],2025-12-16 0:42:31,6,-90,34.0502167,-117.1713409,408.90,2.00,WIFI
D0:68:27:FB:6B:06,Silva909,[WPA2_PSK],2025-12-16 0:42:36,11,-72,34.0500069,-117.1718674,408.60,2.00,WIFI
D0:68:27:FB:6B:03,,[WPA3_PSK],2025-12-16 0:42:36,11,-72,34.0500069,-117.1718674,408.60,2.00,WIFI
D0:68:27:FB:6B:09,,[OPEN],2025-12-16 0:42:36,11,-72,34.0500069,-117.1718674,408.60,2.00,WIFI
90:D3:CF:E9:9C:A5,MySpectrumWiFi30-2G,[WPA2_PSK],2025-12-16 0:42:36,11,-95,34.0500069,-117.1718674,408.60,2.00,WIFI
F4:69:42:B9:67:D5,SpectrumSetup-D7,[WPA2_PSK],2025-12-16 0:42:39,1,-92,34.0497818,-117.1722488,408.90,2.00,WIFI
9C:A5:70:53:E7:E3,,[WPA3_PSK],2025-12-16 0:42:45,6,-85,34.0493279,-117.1730499,409.20,2.00,WIFI
9C:A5:70:53:E7:E7,,[OPEN],2025-12-16 0:42:45,6,-85,34.0493279,-117.1730499,409.20,2.00,WIFI
9C:A5:70:53:E7:E5,netgear54,[WPA2_PSK],2025-12-16 0:42:45,6,-85,34.0493279,-117.1730499,409.20,2.00,WIFI
30:57:8E:CD:A7:C1,,[WPA3_PSK],2025-12-16 0:42:45,6,-85,34.0493279,-117.1730499,409.20,2.00,WIFI
30:57:8E:CD:A7:C5,,[OPEN],2025-12-16 0:42:45,6,-86,34.0493279,-117.1730499,409.20,2.00,WIFI
30:57:8E:CD:A7:C3,netgear54,[WPA2_PSK],2025-12-16 0:42:45,6,-86,34.0493279,-117.1730499,409.20,2.00,WIFI
2C:67:BE:12:AC:86,SpectrumSetup-AC82,[WPA2_PSK],2025-12-16 0:42:45,6,-92,34.0493279,-117.1730499,409.20,2.00,WIFI
C8:9E:43:44:9E:AB,KTM,[WPA2_PSK],2025-12-16 0:42:48,9,-92,34.0491066,-117.1734543,409.30,2.00,WIFI
C8:9E:43:8C:87:49,KTM,[WPA2_PSK],2025-12-16 0:42:48,9,-93,34.0491066,-117.1734543,409.30,2.00,WIFI
90:D3:CF:ED:0E:AF,SpectrumSetup-C3,[WPA2_PSK],2025-12-16 0:42:50,11,-88,34.0489616,-117.1737213,409.40,2.00,WIFI
B0:B9:8A:DE:B1:8B,NETGEAR36,[WPA2_PSK],2025-12-16 0:42:50,11,-88,34.0489616,-117.1737213,409.40,2.00,WIFI
2C:67:BE:6A:76:A0,SpectrumSetup-769C,[WPA2_PSK],2025-12-16 0:42:50,11,-91,34.0489616,-117.1737213,409.40,2.00,WIFI
74:37:5F:25:9D:87,art mansion,[WPA2_PSK],2025-12-16 0:42:50,11,-92,34.0489616,-117.1737213,409.40,2.00,WIFI
F4:52:46:8C:60:47,SpectrumSetup-8D,[WPA2_PSK],2025-12-16 0:42:50,11,-97,34.0489616,-117.1737213,409.40,2.00,WIFI
88:DE:7C:CD:AF:E5,SpectrumSetup-E7,[WPA2_PSK],2025-12-16 0:42:59,6,-89,34.0482559,-117.1749954,410.10,2.00,WIFI
AE:AE:19:CA:86:09,,[WPA2_PSK],2025-12-16 0:42:59,6,-91,34.0482559,-117.1749954,410.10,2.00,WIFI
D2:9E:43:D7:48:55,AIPS Guest,[WPA2_PSK],2025-12-16 0:43:1,8,-90,34.0481033,-117.1752701,410.20,2.00,WIFI
C8:9E:43:D7:48:55,,[WPA2_PSK],2025-12-16 0:43:1,8,-91,34.0481033,-117.1752701,410.20,2.00,WIFI
CE:9E:43:D7:48:55,AIPS,[WPA2_PSK],2025-12-16 0:43:1,8,-91,34.0481033,-117.1752701,410.20,2.00,WIFI
F4:69:42:B2:B5:C1,SpectrumSetup-C3,[WPA2_PSK],2025-12-16 0:43:7,1,-75,34.0476723,-117.1760559,409.50,2.00,WIFI
F0:81:75:D2:23:B6,MojoDojo Casa House,[WPA2_PSK],2025-12-16 0:43:7,1,-92,34.0476723,-117.1760559,409.50,2.00,WIFI
5C:FA:25:CE:CD:DB,SpectrumSetup-D5,[WPA2_PSK],2025-12-16 0:43:7,1,-92,34.0476723,-117.1760559,409.50,2.00,WIFI
F0:B6:61:BA:E3:2A,,[OPEN],2025-12-16 0:43:13,6,-82,34.0474854,-117.1763840,408.70,2.00,WIFI
F0:B6:61:BA:E3:24,,[WPA3_PSK],2025-12-16 0:43:13,6,-83,34.0474854,-117.1763840,408.70,2.00,WIFI
F0:B6:61:BA:E3:27,DSM Home,[WPA2_PSK],2025-12-16 0:43:13,6,-85,34.0474854,-117.1763840,408.70,2.00,WIFI
FC:12:63:A1:E0:89,The Haunted Mansion,[WPA2_PSK],2025-12-16 0:43:13,6,-87,34.0474854,-117.1763840,408.70,2.00,WIFI
DC:92:72:E7:A3:BF,Frontier0204,[WPA2_PSK],2025-12-16 0:43:18,11,-94,34.0474586,-117.1764297,408.60,2.00,WIFI
C4:3A:35:E7:0E:9E,DC_1719511256,[WPA2_PSK],2025-12-16 0:43:21,1,-77,34.0473442,-117.1766434,408.00,2.00,WIFI
F8:AA:3F:CF:0A:97,SpectrumSetup-95,[WPA2_PSK],2025-12-16 0:43:21,1,-92,34.0473442,-117.1766434,408.00,2.00,WIFI
F8:AA:3F:EC:8D:D3,SpectrumSetup-D1,[WPA2_PSK],2025-12-16 0:43:27,6,-80,34.0470123,-117.1772537,406.70,2.00,WIFI
FA:8F:CA:9A:72:01,NestHubMaxEE8E.EE8E.w_,[OPEN],2025-12-16 0:43:32,11,-93,34.0466614,-117.1778870,405.10,2.00,WIFI
94:91:7F:3A:7E:2D,MySpectrumWiFi2F-2G,[WPA2_PSK],2025-12-16 0:43:32,11,-94,34.0466614,-117.1778870,405.10,2.00,WIFI
20:3A:0C:CA:10:06,Aviesplace,[WPA2_PSK],2025-12-16 0:43:49,1,-84,34.0452881,-117.1803818,402.50,2.00,WIFI
20:3A:0C:CA:10:03,,[WPA3_PSK],2025-12-16 0:43:49,1,-85,34.0452881,-117.1803818,402.50,2.00,WIFI
20:3A:0C:CA:10:09,,[OPEN],2025-12-16 0:43:49,1,-87,34.0452881,-117.1803818,402.50,2.00,WIFI
D8:32:14:A4:41:A9,Aviesplace_EXT,[WPA_WPA2_PSK],2025-12-16 0:43:49,1,-95,34.0452881,-117.1803818,402.50,2.00,WIFI
86:1E:A3:D7:33:47,SpectrumSetup-40,[WPA2_PSK],2025-12-16 0:44:0,11,-83,34.0443459,-117.1820831,402.20,2.00,WIFI
86:CC:9C:11:60:43,Tropos_AirLiberator11T,[WPA2_PSK],2025-12-16 0:44:6,3,-97,34.0438538,-117.1829758,401.80,2.00,WIFI
C0:6F:98:9C:AF:46,tgmFIOS,[WPA2_PSK],2025-12-16 0:44:16,1,-85,34.0434647,-117.1836700,400.80,2.00,WIFI
C0:6F:98:9C:AF:4F,tgmFIOS Guest,[WPA2_PSK],2025-12-16 0:44:16,1,-85,34.0434647,-117.1836700,400.80,2.00,WIFI
C0:6F:98:9C:AF:43,,[WPA3_PSK],2025-12-16 0:44:16,1,-86,34.0434647,-117.1836700,400.80,2.00,WIFI
C0:6F:98:9C:AF:49,,[OPEN],2025-12-16 0:44:16,1,-86,34.0434647,-117.1836700,400.80,2.00,WIFI
20:0D:B0:72:F1:B2,GerrardsGuest,[OPEN],2025-12-16 0:44:16,1,-95,34.0434647,-117.1836700,400.80,2.00,WIFI
C0:3C:04:AD:12:E9,SpectrumSetup-E3,[WPA2_PSK],2025-12-16 0:44:30,1,-93,34.0428734,-117.1847382,399.30,2.00,WIFI
A0:D3:C1:BC:76:92,HP-Print-92-Photosmart 7520,[WPA2_PSK],2025-12-16 0:44:35,4,-91,34.0425148,-117.1853943,398.50,2.00,WIFI
3C:64:CF:3C:E4:36,ORBI98,[WPA2_WPA3_PSK],2025-12-16 0:44:35,4,-91,34.0425148,-117.1853943,398.50,2.00,WIFI
46:64:CF:3C:E4:36,,[WPA2_PSK],2025-12-16 0:44:35,4,-92,34.0425148,-117.1853943,398.50,2.00,WIFI
3C:64:CF:3C:E4:9C,ORBI98,[WPA2_WPA3_PSK],2025-12-16 0:44:37,6,-88,34.0423698,-117.1856613,398.10,2.00,WIFI
42:64:CF:3C:E4:9C,ORBI98_Guest,[WPA2_WPA3_PSK],2025-12-16 0:44:37,6,-88,34.0423698,-117.1856613,398.10,2.00,WIFI
46:64:CF:3C:E4:9C,,[WPA2_PSK],2025-12-16 0:44:37,6,-88,34.0423698,-117.1856613,398.10,2.00,WIFI
C8:B4:22:D4:21:6A,MySpectrumWiFi6C-2G,[WPA2_PSK],2025-12-16 0:44:42,11,-88,34.0419922,-117.1863403,397.20,2.00,WIFI
7C:DB:98:B3:98:C1,SpectrumSetup-C3,[WPA2_PSK],2025-12-16 0:44:44,1,-92,34.0418396,-117.1866226,396.70,2.00,WIFI
D0:B2:C4:3D:57:7E,TC8715D78,[WPA2_PSK],2025-12-16 0:44:44,1,-96,34.0418396,-117.1866226,396.70,2.00,WIFI
88:DE:7C:D5:0A:63,SpectrumSetup-65,[WPA2_PSK],2025-12-16 0:44:51,6,-83,34.0413055,-117.1875916,395.60,2.00,WIFI
4C:19:5D:58:A6:79,SpectrumSetup-73,[WPA2_PSK],2025-12-16 0:44:58,1,-83,34.0407524,-117.1885910,395.00,2.00,WIFI
1E:59:C0:4A:51:83,,[WPA2_PSK],2025-12-16 0:45:3,4,-93,34.0403481,-117.1893234,395.40,2.00,WIFI
1E:59:C0:4A:51:79,,[WPA2_PSK],2025-12-16 0:45:3,4,-93,34.0403481,-117.1893234,395.40,2.00,WIFI
A0:8A:06:0F:47:F7,Cocosofredlands,[WPA2_PSK],2025-12-16 0:45:19,6,-85,34.0395012,-117.1909332,395.90,2.00,WIFI
F4:69:42:C7:39:79,SpectrumSetup-7B,[WPA2_PSK],2025-12-16 0:45:33,6,-93,34.0404816,-117.1918869,392.90,2.00,WIFI
02:22:6C:36:BA:19,SoundBarSetup_BA19,[OPEN],2025-12-16 0:45:40,1,-92,34.0413475,-117.1925812,389.20,2.00,WIFI
08:36:C9:9D:93:85,,[WPA2_PSK],2025-12-16 0:45:45,4,-94,34.0418892,-117.1930084,386.90,2.00,WIFI
A4:6B:1F:8B:6A:CB,,[OPEN],2025-12-16 0:45:47,6,-85,34.0420494,-117.1931381,386.20,2.00,WIFI
A4:6B:1F:8B:6A:C5,,[WPA3_PSK],2025-12-16 0:45:47,6,-86,34.0420494,-117.1931381,386.20,2.00,WIFI
9C:0B:05:20:1C:A4,,[WPA3_PSK],2025-12-16 0:45:47,6,-86,34.0420494,-117.1931381,386.20,2.00,WIFI
9C:0B:05:20:1C:AA,,[OPEN],2025-12-16 0:45:47,6,-87,34.0420494,-117.1931381,386.20,2.00,WIFI
2C:67:BE:54:5C:30,SpectrumSetup-FE12,[WPA2_PSK],2025-12-16 0:45:52,11,-87,34.0422249,-117.1932755,385.40,2.00,WIFI
24:41:FE:D1:3B:C2,Verizon_M3R9SC,[WPA2_PSK],2025-12-16 0:45:54,1,-78,34.0422630,-117.1933060,385.10,2.00,WIFI
CC:40:D0:C5:D8:20,Frontier7488_2GEXT,[WPA2_PSK],2025-12-16 0:45:54,1,-95,34.0422630,-117.1933060,385.10,2.00,WIFI
00:54:AF:D8:F4:28,HotspotF428,[WPA_WPA2_PSK],2025-12-16 0:46:4,9,-86,34.0424538,-117.1934586,383.60,2.00,WIFI
00:C8:96:66:7C:46,,[WPA_WPA2_PSK],2025-12-16 0:46:8,1,-89,34.0427933,-117.1937256,382.00,2.00,WIFI
54:47:CC:F5:E9:E6,Frontier0706,[WPA2_PSK],2025-12-16 0:46:8,1,-93,34.0427933,-117.1937256,382.00,2.00,WIFI
4C:19:5D:3C:2B:8F,SpectrumSetup-89,[WPA2_PSK],2025-12-16 0:46:15,6,-88,34.0435295,-117.1943130,378.70,2.00,WIFI
14:59:C0:8C:B6:58,NETGEAR30,[WPA2_PSK],2025-12-16 0:46:18,9,-93,34.0438652,-117.1945724,377.20,2.00,WIFI
30:60:0A:25:39:CC,,[WPA_WPA2_PSK],2025-12-16 0:46:20,11,-91,34.0440903,-117.1947556,376.20,2.00,WIFI
B0:FC:88:6F:8D:7D,SpectrumSetup-77,[WPA2_PSK],2025-12-16 0:46:23,1,-90,34.0444412,-117.1950302,375.10,2.00,WIFI
A8:97:CD:BD:7B:C8,Frontier5328,[WPA2_PSK],2025-12-16 0:46:23,1,-97,34.0444412,-117.1950302,375.10,2.00,WIFI
A4:97:33:81:F5:61,SpectrumSetup-63,[WPA2_PSK],2025-12-16 0:46:29,6,-96,34.0450325,-117.1955032,372.30,2.00,WIFI
34:08:E1:0E:2C:CA,ENVOY_151743,[OPEN],2025-12-16 0:46:46,9,-93,34.0453033,-117.1960983,369.90,2.00,WIFI
64:D9:C2:E2:19:C3,,[WPA3_PSK],2025-12-16 0:46:51,1,-83,34.0449982,-117.1966324,369.50,2.00,WIFI
64:D9:C2:E2:19:C9,,[OPEN],2025-12-16 0:46:51,1,-83,34.0449982,-117.1966324,369.50,2.00,WIFI
64:D9:C2:E2:19:C6,TremainWifi,[WPA2_PSK],2025-12-16 0:46:51,1,-84,34.0449982,-117.1966324,369.50,2.00,WIFI
D0:68:27:DD:10:46,TremainWifi,[WPA2_PSK],2025-12-16 0:46:51,1,-85,34.0449982,-117.1966324,369.50,2.00,WIFI
D0:68:27:DD:10:43,,[WPA3_PSK],2025-12-16 0:46:51,1,-86,34.0449982,-117.1966324,369.50,2.00,WIFI
D0:68:27:DD:10:49,,[OPEN],2025-12-16 0:46:51,1,-86,34.0449982,-117.1966324,369.50,2.00,WIFI
0C:82:47:44:06:48,,[WPA_WPA2_PSK],2025-12-16 0:46:51,1,-87,34.0449982,-117.1966324,369.50,2.00,WIFI
38:88:71:48:F0:29,Verizon_4GN4DQ,[WPA2_PSK],2025-12-16 0:47:2,11,-93,34.0441551,-117.1981506,367.70,2.00,WIFI
A0:8A:06:B0:7B:E7,SpectrumSetup-C8,[WPA2_PSK],2025-12-16 0:47:5,1,-87,34.0439186,-117.1985931,367.30,2.00,WIFI
5A:07:7D:29:B6:91,ORBI26,[WPA2_PSK],2025-12-16 0:47:22,3,-82,34.0438385,-117.1997757,360.70,2.00,WIFI
A0:04:60:CE:27:A6,NETGEAR76,[WPA2_PSK],2025-12-16 0:47:33,1,-93,34.0449524,-117.2006607,358.40,2.00,WIFI
44:EA:D8:1E:24:B8,ChimePro-1E24B7,[OPEN],2025-12-16 0:47:54,6,-92,34.0451317,-117.2015686,358.70,2.00,WIFI
7A:AC:B9:BD:CB:D1,BT_Magnolia_guest,[WPA2_PSK],2025-12-16 0:47:54,6,-94,34.0451317,-117.2015686,358.70,2.00,WIFI
7E:AC:B9:BD:CB:D1,iPhoneSetup,[WPA2_PSK],2025-12-16 0:47:54,6,-94,34.0451317,-117.2015686,358.70,2.00,WIFI
74:AC:B9:BD:CB:D1,BT_Magnolia,[WPA2_PSK],2025-12-16 0:47:54,6,-95,34.0451317,-117.2015686,358.70,2.00,WIFI
82:AC:B9:BD:CB:D1,,[WPA2_PSK],2025-12-16 0:47:54,6,-95,34.0451317,-117.2015686,358.70,2.00,WIFI
9A:0C:7A:D4:2C:F8,SpectrumSetup-97EB,[WPA2_PSK],2025-12-16 0:48:13,11,-92,34.0443649,-117.2013779,361.60,2.00,WIFI
90:CA:FA:9B:59:3C,The Force,[WPA2_PSK],2025-12-16 0:48:22,6,-87,34.0443878,-117.2011871,362.60,2.00,WIFI
90:CA:FA:9B:5D:1A,The Force,[WPA2_PSK],2025-12-16 0:48:22,6,-91,34.0443878,-117.2011871,362.60,2.00,WIFI
