WigleWifi-1.4,appRelease=v1.2.0,model=ESP32 Marauder,release=v1.2.0,device=ESP32 Marauder,display=SPI TFT,board=ESP32 Marauder,brand=JustCallMeKoko
MAC,SSID,AuthMode,FirstSeen,Channel,RSSI,CurrentLatitude,CurrentLongitude,AltitudeMeters,AccuracyMeters,Type
90:CA:FA:9B:5C:CF,The Force,[WPA2_PSK],2025-3-25 18:51:17,1,-69,34.0444107,-117.2011795,371.90,3.50,WIFI
68:3A:48:11:A4:C8,[fridge]_E30AJT5113389T,[WPA2_PSK],2025-3-25 18:51:17,1,-75,34.0444107,-117.2011795,371.90,3.50,WIFI
58:68:7A:10:AF:16,Cookie,[WPA2_WPA3_PSK],2025-3-25 18:51:17,1,-79,34.0444107,-117.2011795,371.90,3.50,WIFI
9A:0C:7A:D4:2C:F8,SpectrumSetup-97EB,[WPA2_PSK],2025-3-25 18:51:17,1,-79,34.0444107,-117.2011795,371.90,3.50,WIFI
8A:0C:7A:D4:2C:F8,,[WPA2_PSK],2025-3-25 18:51:17,1,-80,34.0444107,-117.2011795,371.90,3.50,WIFI
AA:0C:7A:D4:2C:F8,,[WPA2_PSK],2025-3-25 18:51:17,1,-80,34.0444107,-117.2011795,371.90,3.50,WIFI
1E:67:BE:09:97:E8,,[WPA2_PSK],2025-3-25 18:51:17,1,-80,34.0444107,-117.2011795,371.90,3.50,WIFI
2C:67:BE:09:97:EF,SpectrumSetup-97EB,[WPA2_PSK],2025-3-25 18:51:17,1,-81,34.0444107,-117.2011795,371.90,3.50,WIFI
04:B6:BE:86:B3:34,,[WPA_WPA2_PSK],2025-3-25 18:51:17,1,-84,34.0444107,-117.2011795,371.90,3.50,WIFI
AA:0C:7A:D4:3E:98,,[WPA2_PSK],2025-3-25 18:51:17,1,-86,34.0444107,-117.2011795,371.90,3.50,WIFI
34:53:D2:52:09:CE,SpectrumSetup-C8,[WPA2_PSK],2025-3-25 18:51:17,1,-87,34.0444107,-117.2011795,371.90,3.50,WIFI
8A:0C:7A:D4:3E:98,,[WPA2_PSK],2025-3-25 18:51:17,1,-87,34.0444107,-117.2011795,371.90,3.50,WIFI
9A:0C:7A:D4:3E:98,SpectrumSetup-97EB,[WPA2_PSK],2025-3-25 18:51:17,1,-87,34.0444107,-117.2011795,371.90,3.50,WIFI
FC:34:97:05:D4:D1,BeOurGuest,[WPA2_WPA3_PSK],2025-3-25 18:51:18,2,-74,34.0444107,-117.2011795,372.00,3.50,WIFI
FC:34:97:05:D4:D0,Belle-2G,[WPA2_PSK],2025-3-25 18:51:18,2,-76,34.0444107,-117.2011795,372.00,3.50,WIFI
D8:C8:E9:79:87:E2,Lumiere,[WPA2_PSK],2025-3-25 18:51:18,2,-88,34.0444107,-117.2011795,372.00,3.50,WIFI
10:DA:43:99:AA:F6,NETGEAR29,[WPA2_PSK],2025-3-25 18:51:19,3,-81,34.0444107,-117.2011795,372.00,3.50,WIFI
C2:A5:11:13:4D:0C,ORBI42,[WPA2_PSK],2025-3-25 18:51:20,4,-87,34.0444069,-117.2011795,370.20,3.50,WIFI
56:13:79:C7:1D:8E,DIRECT-8e-HP M281 LaserJet,[WPA2_PSK],2025-3-25 18:51:22,6,-65,34.0443916,-117.2011566,370.00,3.50,WIFI
D4:3F:32:6C:47:C6,durian,[WPA2_PSK],2025-3-25 18:51:22,6,-71,34.0443916,-117.2011566,370.00,3.50,WIFI
D4:3F:32:6C:47:C3,,[WPA3_PSK],2025-3-25 18:51:22,6,-71,34.0443916,-117.2011566,370.00,3.50,WIFI
D4:3F:32:6C:47:C9,,[OPEN],2025-3-25 18:51:22,6,-71,34.0443916,-117.2011566,370.00,3.50,WIFI
A4:11:62:72:9A:12,ARLO_VMB_4422026869,[WPA2_PSK],2025-3-25 18:51:22,6,-73,34.0443916,-117.2011566,370.00,3.50,WIFI
90:CA:FA:9B:59:3C,The Force,[WPA2_PSK],2025-3-25 18:51:22,6,-76,34.0443916,-117.2011566,370.00,3.50,WIFI
80:69:1A:94:41:B4,Leason2.0,[WPA2_WPA3_PSK],2025-3-25 18:51:25,9,-84,34.0443840,-117.2011948,369.60,3.50,WIFI
86:69:1A:94:41:B4,,[WPA2_WPA3_PSK],2025-3-25 18:51:25,9,-84,34.0443840,-117.2011948,369.60,3.50,WIFI
02:13:37:AA:3A:34,manage,[WPA2_PSK],2025-3-25 18:51:27,11,-69,34.0443802,-117.2012100,369.50,3.50,WIFI
00:13:37:AA:3A:34,Redlands Free WiFi,[OPEN],2025-3-25 18:51:27,11,-70,34.0443802,-117.2012100,369.50,3.50,WIFI
D4:05:DE:89:EE:6A,,[OPEN],2025-3-25 18:51:27,11,-72,34.0443802,-117.2012100,369.50,3.50,WIFI
D4:05:DE:89:EE:64,,[WPA3_PSK],2025-3-25 18:51:27,11,-73,34.0443802,-117.2012100,369.50,3.50,WIFI
D4:05:DE:89:EE:67,Honn,[WPA2_PSK],2025-3-25 18:51:27,11,-74,34.0443802,-117.2012100,369.50,3.50,WIFI
F4:52:46:1D:8C:B9,SpectrumSetup-BB,[WPA2_PSK],2025-3-25 18:51:27,11,-88,34.0443802,-117.2012100,369.50,3.50,WIFI
84:A0:6E:C9:E2:16,joola-2G,[WPA2_PSK],2025-3-25 18:51:27,11,-90,34.0443802,-117.2012100,369.50,3.50,WIFI
00:17:1A:D5:37:06,Winegard2ghzD53705,[WPA2_PSK],2025-3-25 18:51:27,11,-90,34.0443802,-117.2012100,369.50,3.50,WIFI
F8:5B:3B:CE:64:39,MandC,[WPA2_PSK],2025-3-25 18:51:27,11,-91,34.0443802,-117.2012100,369.50,3.50,WIFI
1E:67:BE:09:97:E9,,[WPA2_PSK],2025-3-25 18:51:31,1,-73,34.0443687,-117.2012634,369.50,2.50,WIFI
A0:04:60:CE:27:AC,NETGEAR49,[WPA2_PSK],2025-3-25 18:51:31,1,-85,34.0443687,-117.2012634,369.50,2.50,WIFI
00:22:6C:A7:DA:30,,[OPEN],2025-3-25 18:51:33,2,-91,34.0443611,-117.2012787,369.50,2.50,WIFI
54:04:63:FB:12:D8,,[WPA_WPA2_PSK],2025-3-25 18:51:34,3,-79,34.0443573,-117.2012787,369.50,2.50,WIFI
90:CA:FA:9B:5D:1A,The Force,[WPA2_PSK],2025-3-25 18:51:37,6,-76,34.0443611,-117.2012711,369.60,2.50,WIFI
80:78:71:80:F3:1F,SpectrumSetup-21,[WPA2_PSK],2025-3-25 18:51:37,6,-80,34.0443611,-117.2012711,369.60,2.50,WIFI
58:2F:F7:75:40:C6,SpectrumSetup-C0,[WPA2_PSK],2025-3-25 18:51:37,6,-87,34.0443611,-117.2012711,369.60,2.50,WIFI
7E:AC:B9:BD:CB:D1,iPhoneSetup,[WPA2_PSK],2025-3-25 18:51:37,6,-92,34.0443611,-117.2012711,369.60,2.50,WIFI
98:ED:5C:83:A7:13,TeslaPV_83A713,[WPA2_PSK],2025-3-25 18:51:39,8,-77,34.0444183,-117.2012939,369.40,2.50,WIFI
30:23:03:F9:F5:A7,Linksys07099,[WPA2_PSK],2025-3-25 18:51:40,9,-92,34.0444565,-117.2013245,369.20,2.50,WIFI
22:3E:A4:04:CF:C2,,[WPA2_PSK],2025-3-25 18:51:42,11,-75,34.0445518,-117.2014313,367.50,2.50,WIFI
CC:40:D0:A2:8E:62,NETGEAR91,[WPA2_PSK],2025-3-25 18:51:45,1,-71,34.0447578,-117.2016068,365.60,2.50,WIFI
7E:AC:B9:BD:D4:B8,iPhoneSetup,[WPA2_PSK],2025-3-25 18:51:45,1,-77,34.0447578,-117.2016068,365.60,2.50,WIFI
74:AC:B9:BD:D4:B8,BT_Magnolia,[WPA2_PSK],2025-3-25 18:51:45,1,-77,34.0447578,-117.2016068,365.60,2.50,WIFI
82:AC:B9:BD:D4:B8,,[WPA2_PSK],2025-3-25 18:51:45,1,-77,34.0447578,-117.2016068,365.60,2.50,WIFI
7A:AC:B9:BD:D4:B8,BT_Magnolia_guest,[WPA2_PSK],2025-3-25 18:51:45,1,-79,34.0447578,-117.2016068,365.60,2.50,WIFI
F8:CA:59:94:B5:2B,AWI-736893,[WPA2_PSK],2025-3-25 18:51:45,1,-88,34.0447578,-117.2016068,365.60,2.50,WIFI
A0:89:66:8D:EC:20,,[WPA_WPA2_PSK],2025-3-25 18:51:47,2,-83,34.0448761,-117.2016983,364.70,2.50,WIFI
04:B6:BE:46:60:CE,,[WPA_WPA2_PSK],2025-3-25 18:51:47,2,-87,34.0448761,-117.2016983,364.70,2.50,WIFI
74:AC:B9:BD:CB:D1,BT_Magnolia,[WPA2_PSK],2025-3-25 18:51:51,6,-75,34.0449982,-117.2017441,363.90,2.50,WIFI
7A:AC:B9:BD:CB:D1,BT_Magnolia_guest,[WPA2_PSK],2025-3-25 18:51:51,6,-75,34.0449982,-117.2017441,363.90,2.50,WIFI
82:AC:B9:BD:CB:D1,,[WPA2_PSK],2025-3-25 18:51:51,6,-76,34.0449982,-117.2017441,363.90,2.50,WIFI
22:48:6C:B1:A8:3B,,[WPA2_PSK],2025-3-25 18:51:51,6,-82,34.0449982,-117.2017441,363.90,2.50,WIFI
44:EA:D8:1E:24:B8,ChimePro-1E24B7,[OPEN],2025-3-25 18:51:51,6,-88,34.0449982,-117.2017441,363.90,2.50,WIFI
2E:80:88:D7:76:8B,Cohen,[WPA2_PSK],2025-3-25 18:51:54,9,-87,34.0451126,-117.2016220,363.30,2.50,WIFI
C6:A5:11:B2:03:D4,,[WPA2_PSK],2025-3-25 18:51:54,9,-92,34.0451126,-117.2016220,363.30,2.50,WIFI
58:2F:F7:68:A1:56,SpectrumSetup-50,[WPA2_PSK],2025-3-25 18:51:56,11,-67,34.0452003,-117.2014618,363.10,2.50,WIFI
30:8D:99:FB:51:2F,HP-Print-2F-ENVY 4500 series,[OPEN],2025-3-25 18:51:56,11,-78,34.0452003,-117.2014618,363.10,2.50,WIFI
66:CB:E9:7C:99:EC,[LG_Oven]99ec,[WPA2_PSK],2025-3-25 18:51:56,11,-78,34.0452003,-117.2014618,363.10,2.50,WIFI
7E:4D:8F:57:BE:F5,DIRECT-F5-HP OfficeJet Pro 8020,[WPA2_PSK],2025-3-25 18:51:56,11,-84,34.0452003,-117.2014618,363.10,2.50,WIFI
C8:B4:22:05:E5:E7,Cooks Retreat,[WPA2_PSK],2025-3-25 18:51:59,1,-78,34.0453148,-117.2012405,362.80,2.50,WIFI
86:69:1A:94:49:40,,[WPA2_WPA3_PSK],2025-3-25 18:51:59,1,-85,34.0453148,-117.2012405,362.80,2.50,WIFI
DC:92:72:E5:8D:AF,Frontier0087,[WPA2_PSK],2025-3-25 18:51:59,1,-87,34.0453148,-117.2012405,362.80,2.50,WIFI
22:76:13:0A:9E:B2,,[WPA2_PSK],2025-3-25 18:51:59,1,-88,34.0453148,-117.2012405,362.80,2.50,WIFI
30:23:03:24:E9:BE,Cruzing,[WPA_WPA2_PSK],2025-3-25 18:52:1,2,-88,34.0453606,-117.2011490,362.40,2.25,WIFI
C0:C9:E3:8D:C5:86,Hanfamily 2.0,[WPA2_PSK],2025-3-25 18:52:2,3,-75,34.0453682,-117.2011337,362.30,2.25,WIFI
C6:C9:E3:8D:C5:86,,[WPA2_PSK],2025-3-25 18:52:2,3,-77,34.0453682,-117.2011337,362.30,2.25,WIFI
94:18:65:D2:FC:4F,Adulting101,[WPA2_PSK],2025-3-25 18:52:2,3,-87,34.0453682,-117.2011337,362.30,2.25,WIFI
9C:A5:70:9B:A0:03,,[WPA3_PSK],2025-3-25 18:52:5,6,-83,34.0454063,-117.2010880,362.60,2.25,WIFI
F0:7B:65:3C:22:AA,SpectrumSetup-22A4,[WPA2_PSK],2025-3-25 18:52:5,6,-86,34.0454063,-117.2010880,362.60,2.25,WIFI
9C:7B:EF:E1:E8:58,DIRECT-56-HP DeskJet 2600 series,[WPA2_PSK],2025-3-25 18:52:5,6,-88,34.0454063,-117.2010880,362.60,2.25,WIFI
F8:E4:FB:03:39:7E,2BPB2,[WPA2_PSK],2025-3-25 18:52:5,6,-90,34.0454063,-117.2010880,362.60,2.25,WIFI
16:0C:6B:32:3D:8C,RPNet,[WPA2_PSK],2025-3-25 18:52:7,8,-87,34.0455132,-117.2010956,362.50,2.25,WIFI
10:DA:43:CD:7C:1E,NETGEAR95,[WPA2_PSK],2025-3-25 18:52:7,8,-91,34.0455132,-117.2010956,362.50,2.25,WIFI
34:60:F9:5F:7E:1B,HandB,[WPA2_PSK],2025-3-25 18:52:8,9,-81,34.0455818,-117.2011337,362.40,2.25,WIFI
56:60:F9:5F:7E:1B,,[WPA2_PSK],2025-3-25 18:52:8,9,-82,34.0455818,-117.2011337,362.40,2.25,WIFI
74:37:5F:DA:99:47,SpectrumSetup-45,[WPA2_PSK],2025-3-25 18:52:10,11,-80,34.0457497,-117.2012711,361.70,2.25,WIFI
F4:52:46:FF:52:46,SpectrumSetup-5249,[WPA2_PSK],2025-3-25 18:52:10,11,-82,34.0457497,-117.2012711,361.70,2.25,WIFI
84:1E:A3:29:7F:16,Marquez,[WPA2_PSK],2025-3-25 18:52:10,11,-83,34.0457497,-117.2012711,361.70,2.25,WIFI
F4:05:95:A1:59:9E,SpectrumSetup-98,[WPA2_PSK],2025-3-25 18:52:10,11,-87,34.0457497,-117.2012711,361.70,2.25,WIFI
9C:05:D6:62:FA:5A,ManagementVds,[WPA2_WPA3_PSK],2025-3-25 18:52:10,11,-91,34.0457497,-117.2012711,361.70,2.25,WIFI
BE:75:36:ED:60:F9,Roquejam,[WPA2_PSK],2025-3-25 18:52:13,1,-81,34.0460510,-117.2015152,360.00,2.25,WIFI
C0:89:AB:4C:93:98,Frontier4992,[WPA2_PSK],2025-3-25 18:52:13,1,-82,34.0460510,-117.2015152,360.00,2.25,WIFI
A8:3A:79:F5:89:A3,CK_STAGE,[WPA2_PSK],2025-3-25 18:52:13,1,-83,34.0460510,-117.2015152,360.00,2.25,WIFI
A8:3A:79:F5:89:A2,CK_BYOD,[WPA2_PSK],2025-3-25 18:52:13,1,-84,34.0460510,-117.2015152,360.00,2.25,WIFI
84:A0:6E:CB:0A:E6,MySpectrumWiFie0-2G,[WPA2_PSK],2025-3-25 18:52:13,1,-86,34.0460510,-117.2015152,360.00,2.25,WIFI
12:59:32:49:80:25,,[WPA2_PSK],2025-3-25 18:52:17,4,-79,34.0464249,-117.2017670,358.20,2.25,WIFI
E4:F4:C6:15:AD:8C,wtwood,[WPA_WPA2_PSK],2025-3-25 18:52:17,4,-82,34.0464249,-117.2017670,358.20,2.25,WIFI
3C:52:82:20:57:50,DIRECT-4F-HP ENVY 7640 series,[WPA2_PSK],2025-3-25 18:52:17,4,-86,34.0464249,-117.2017670,358.20,2.25,WIFI
74:37:5F:55:FA:13,ierr2006,[WPA2_PSK],2025-3-25 18:52:19,6,-64,34.0465355,-117.2018204,357.60,2.25,WIFI
28:EC:22:32:61:2F,net Guest,[WPA2_PSK],2025-3-25 18:52:19,6,-84,34.0465355,-117.2018204,357.60,2.25,WIFI
94:E8:C5:20:93:B0,Brook Side Market,[WPA2_PSK],2025-3-25 18:52:19,6,-88,34.0465355,-117.2018204,357.60,2.25,WIFI
54:04:63:C8:A4:F9,,[WPA_WPA2_PSK],2025-3-25 18:52:20,7,-87,34.0465622,-117.2018433,357.40,2.25,WIFI
10:0C:6B:32:3D:8C,,[WPA2_PSK],2025-3-25 18:52:21,8,-88,34.0465851,-117.2018433,357.40,2.25,WIFI
94:18:65:DD:13:87,WorkLarry,[WPA2_PSK],2025-3-25 18:52:23,10,-85,34.0466270,-117.2018433,357.60,2.25,WIFI
60:F4:19:8B:6B:26,Logan Wifi,[WPA2_PSK],2025-3-25 18:52:24,11,-67,34.0466690,-117.2018127,357.80,2.25,WIFI
60:F4:19:8B:6B:23,,[WPA3_PSK],2025-3-25 18:52:24,11,-67,34.0466690,-117.2018127,357.80,2.25,WIFI
60:F4:19:8B:6B:29,,[OPEN],2025-3-25 18:52:24,11,-68,34.0466690,-117.2018127,357.80,2.25,WIFI
DC:69:B5:37:EF:26,DESPAIN,[WPA2_PSK],2025-3-25 18:52:24,11,-72,34.0466690,-117.2018127,357.80,2.25,WIFI
DC:69:B5:37:EF:29,,[OPEN],2025-3-25 18:52:24,11,-73,34.0466690,-117.2018127,357.80,2.25,WIFI
CC:58:30:64:D4:D6,TMOBILE-D4D1,[WPA2_WPA3_PSK],2025-3-25 18:52:24,11,-78,34.0466690,-117.2018127,357.80,2.25,WIFI
88:67:46:6F:6E:C6,Rp,[WPA2_PSK],2025-3-25 18:52:24,11,-79,34.0466690,-117.2018127,357.80,2.25,WIFI
34:53:D2:CC:E6:1F,SpectrumSetup-19,[WPA2_PSK],2025-3-25 18:52:24,11,-80,34.0466690,-117.2018127,357.80,2.25,WIFI
2E:3F:75:6C:AE:E5,,[WPA2_PSK],2025-3-25 18:52:24,11,-82,34.0466690,-117.2018127,357.80,2.25,WIFI
F4:05:95:D7:90:D9,SpectrumSetup-D3,[WPA2_PSK],2025-3-25 18:52:24,11,-86,34.0466690,-117.2018127,357.80,2.25,WIFI
D0:6D:C9:2D:C7:86,Fruit Farm,[WPA2_PSK],2025-3-25 18:52:27,1,-71,34.0467720,-117.2015991,357.10,2.25,WIFI
80:78:71:09:36:9E,Dead space,[WPA2_PSK],2025-3-25 18:52:27,1,-83,34.0467720,-117.2015991,357.10,2.25,WIFI
A8:3A:79:F5:89:A4,CK_MGR,[WPA2_PSK],2025-3-25 18:52:27,1,-84,34.0467720,-117.2015991,357.10,2.25,WIFI
54:04:63:5F:48:9B,,[WPA_WPA2_PSK],2025-3-25 18:52:27,1,-84,34.0467720,-117.2015991,357.10,2.25,WIFI
08:7B:12:43:AF:E6,Frontier1383,[WPA2_PSK],2025-3-25 18:52:27,1,-85,34.0467720,-117.2015991,357.10,2.25,WIFI
00:CB:51:4F:64:8E,MySpectrumWiFi88-2G,[WPA2_PSK],2025-3-25 18:52:27,1,-85,34.0467720,-117.2015991,357.10,2.25,WIFI
FA:8F:CA:6E:4F:61,Polk MagniFi Max-1769.d,[OPEN],2025-3-25 18:52:27,1,-87,34.0467720,-117.2015991,357.10,2.25,WIFI
4C:19:5D:60:75:09,COPFAMILY,[WPA2_PSK],2025-3-25 18:52:27,1,-88,34.0467720,-117.2015991,357.10,2.25,WIFI
00:18:05:10:21:05,,[WPA2_PSK],2025-3-25 18:52:27,1,-89,34.0467720,-117.2015991,357.10,2.25,WIFI
A8:3A:79:F5:89:A1,CK_IOT,[WPA2_PSK],2025-3-25 18:52:27,1,-91,34.0467720,-117.2015991,357.10,2.25,WIFI
60:F4:19:79:6E:63,,[WPA3_PSK],2025-3-25 18:52:33,6,-68,34.0470238,-117.2008133,357.00,2.25,WIFI
60:F4:19:79:6E:69,,[OPEN],2025-3-25 18:52:33,6,-68,34.0470238,-117.2008133,357.00,2.25,WIFI
DC:69:B5:E2:A1:A9,,[OPEN],2025-3-25 18:52:33,6,-72,34.0470238,-117.2008133,357.00,2.25,WIFI
DC:69:B5:E2:A1:A6,gordswifi,[WPA2_PSK],2025-3-25 18:52:33,6,-72,34.0470238,-117.2008133,357.00,2.25,WIFI
DC:69:B5:E2:A1:A3,,[WPA3_PSK],2025-3-25 18:52:33,6,-74,34.0470238,-117.2008133,357.00,2.25,WIFI
F8:5B:3B:37:B5:54,SpectrumSetup-56,[WPA2_PSK],2025-3-25 18:52:33,6,-75,34.0470238,-117.2008133,357.00,2.25,WIFI
60:F4:19:79:6E:66,asshole,[WPA2_PSK],2025-3-25 18:52:33,6,-80,34.0470238,-117.2008133,357.00,2.25,WIFI
40:47:5E:34:56:69,,[OPEN],2025-3-25 18:52:33,6,-80,34.0470238,-117.2008133,357.00,2.25,WIFI
40:47:5E:34:56:63,,[WPA3_PSK],2025-3-25 18:52:33,6,-81,34.0470238,-117.2008133,357.00,2.25,WIFI
98:1E:19:29:93:7E,MySpectrumWiFi78-2G,[WPA2_PSK],2025-3-25 18:52:33,6,-81,34.0470238,-117.2008133,357.00,2.25,WIFI
F0:9F:C2:CC:90:F6,ManagementVds,[WPA2_WPA3_PSK],2025-3-25 18:52:33,6,-83,34.0470238,-117.2008133,357.00,2.25,WIFI
3C:5C:F1:AD:40:84,WarpV,[WPA2_PSK],2025-3-25 18:52:33,6,-84,34.0470238,-117.2008133,357.00,2.25,WIFI
58:9B:4A:AF:BE:CE,Spectrum 217,[WPA2_PSK],2025-3-25 18:52:33,6,-87,34.0470238,-117.2008133,357.00,2.25,WIFI
34:68:95:FA:1E:1B,MyWifi,[WPA_WPA2_PSK],2025-3-25 18:52:33,7,-83,34.0470238,-117.2008133,357.00,2.25,WIFI
B0:A7:B9:4A:14:FC,Ziprick,[WPA_WPA2_PSK],2025-3-25 18:52:37,9,-75,34.0472641,-117.2002716,356.60,2.25,WIFI
B6:A7:B9:4A:14:FD,Ziprick Guest,[WPA_WPA2_PSK],2025-3-25 18:52:37,9,-76,34.0472641,-117.2002716,356.60,2.25,WIFI
92:C9:E3:CB:71:4F,DrMRedlandsBest,[WPA2_WPA3_PSK],2025-3-25 18:52:38,10,-76,34.0473328,-117.2001343,356.50,2.25,WIFI
C0:C9:E3:CB:71:4C,M3_OfficeLink,[WPA2_WPA3_PSK],2025-3-25 18:52:38,10,-77,34.0473328,-117.2001343,356.50,2.25,WIFI
20:9A:7D:1B:2B:B6,SpectrumSetup-B8,[WPA2_PSK],2025-3-25 18:52:39,11,-65,34.0474014,-117.2000046,356.20,2.25,WIFI
A0:55:1F:19:A6:8C,SpectrumSetup-A686,[WPA2_PSK],2025-3-25 18:52:39,11,-71,34.0474014,-117.2000046,356.20,2.25,WIFI
74:37:5F:9E:81:47,SpectrumSetup-45,[WPA2_PSK],2025-3-25 18:52:39,11,-76,34.0474014,-117.2000046,356.20,2.25,WIFI
94:83:C4:05:8A:C8,HSS,[WPA2_PSK],2025-3-25 18:52:39,11,-78,34.0474014,-117.2000046,356.20,2.25,WIFI
A0:55:1F:9D:D9:00,SpectrumSetup-D8FA,[WPA2_PSK],2025-3-25 18:52:39,11,-89,34.0474014,-117.2000046,356.20,2.25,WIFI
F0:81:75:08:78:E6,MySpectrumWiFie0-2G,[WPA2_PSK],2025-3-25 18:52:39,11,-90,34.0474014,-117.2000046,356.20,2.25,WIFI
58:2F:F7:F3:42:7D,SpectrumSetup-77,[WPA2_PSK],2025-3-25 18:52:39,11,-91,34.0474014,-117.2000046,356.20,2.25,WIFI
D8:8E:D4:04:C0:E6,Frontier ,[WPA2_PSK],2025-3-25 18:52:42,1,-77,34.0475998,-117.1996307,355.80,2.25,WIFI
84:1E:A3:D3:7B:96,SpectrumSetup-90,[WPA2_PSK],2025-3-25 18:52:42,1,-83,34.0475998,-117.1996307,355.80,2.25,WIFI
4C:AB:F8:45:BB:E9,SpectrumSetup-EB,[WPA2_PSK],2025-3-25 18:52:42,1,-87,34.0475998,-117.1996307,355.80,2.25,WIFI
BC:96:E5:87:97:FB,SpectrumSetup-97F7,[WPA2_PSK],2025-3-25 18:52:42,1,-90,34.0475998,-117.1996307,355.80,2.25,WIFI
FC:B2:D6:86:61:9D,,[WPA_WPA2_PSK],2025-3-25 18:52:44,2,-89,34.0477333,-117.1993942,356.20,2.25,WIFI
96:9A:4A:B8:11:66,,[WPA2_PSK],2025-3-25 18:52:45,3,-77,34.0477943,-117.1992798,356.30,2.00,WIFI
90:9A:4A:B8:11:66,Hanfamily 2.0,[WPA2_PSK],2025-3-25 18:52:45,3,-80,34.0477943,-117.1992798,356.30,2.00,WIFI
90:9A:4A:B7:E2:D6,Hanfamily 2.0,[WPA2_PSK],2025-3-25 18:52:45,3,-91,34.0477943,-117.1992798,356.30,2.00,WIFI
84:1E:A3:CB:20:46,MooMooMeadows,[WPA2_PSK],2025-3-25 18:52:48,6,-69,34.0480003,-117.1989212,356.40,2.00,WIFI
90:93:5A:0D:CD:5A,Monster Club,[WPA2_PSK],2025-3-25 18:52:48,6,-74,34.0480003,-117.1989212,356.40,2.00,WIFI
C0:6F:98:91:C9:E6,Mint2Be,[WPA2_PSK],2025-3-25 18:52:48,6,-74,34.0480003,-117.1989212,356.40,2.00,WIFI
92:93:5A:0D:CD:2A,SBG8300Guest-F9E1,[WPA2_PSK],2025-3-25 18:52:48,6,-75,34.0480003,-117.1989212,356.40,2.00,WIFI
A4:11:62:CA:12:34,ARLO_VMB_2804592903,[WPA2_PSK],2025-3-25 18:52:51,9,-77,34.0482063,-117.1985550,356.40,2.00,WIFI
CC:40:D0:05:83:4C,NETGEAR86,[WPA2_PSK],2025-3-25 18:52:51,9,-80,34.0482063,-117.1985550,356.40,2.00,WIFI
F0:7B:65:BC:FB:11,Jacksonfam,[WPA2_PSK],2025-3-25 18:52:53,11,-75,34.0483398,-117.1983032,356.70,2.00,WIFI
58:96:71:F3:F2:86,Virus Download,[WPA2_PSK],2025-3-25 18:52:53,11,-75,34.0483398,-117.1983032,356.70,2.00,WIFI
9A:49:14:C8:39:CD,myChevrolet,[WPA2_PSK],2025-3-25 18:52:53,11,-83,34.0483398,-117.1983032,356.70,2.00,WIFI
34:53:D2:CC:08:E2,Bartlett,[WPA2_PSK],2025-3-25 18:52:53,11,-85,34.0483398,-117.1983032,356.70,2.00,WIFI
C8:99:B2:19:46:F3,Verizon_CR3KDB,[WPA2_PSK],2025-3-25 18:52:56,1,-66,34.0485382,-117.1979599,357.30,2.00,WIFI
A0:7F:8A:5B:7E:10,SpectrumSetup-E8,[WPA2_PSK],2025-3-25 18:52:56,1,-70,34.0485382,-117.1979599,357.30,2.00,WIFI
D8:EC:E5:88:07:34,SMIA,[WPA2_PSK],2025-3-25 18:52:56,1,-87,34.0485382,-117.1979599,357.30,2.00,WIFI
B0:D8:88:8D:20:17,Mazda_2017888db0d8,[WPA2_PSK],2025-3-25 18:53:0,4,-74,34.0488281,-117.1974335,358.90,2.00,WIFI
04:17:B6:C3:1A:F6,,[WPA_WPA2_PSK],2025-3-25 18:53:1,5,-78,34.0489044,-117.1972885,359.10,2.00,WIFI
F0:7B:65:66:CE:5F,SpectrumSetup-CF,[WPA2_PSK],2025-3-25 18:53:2,6,-61,34.0489845,-117.1971436,359.30,2.00,WIFI
F0:B6:61:FB:DB:27,He-Man,[WPA2_PSK],2025-3-25 18:53:2,6,-79,34.0489845,-117.1971436,359.30,2.00,WIFI
F0:B6:61:FB:DB:24,,[WPA3_PSK],2025-3-25 18:53:2,6,-80,34.0489845,-117.1971436,359.30,2.00,WIFI
F0:B6:61:FB:DB:2A,,[OPEN],2025-3-25 18:53:2,6,-80,34.0489845,-117.1971436,359.30,2.00,WIFI
80:78:71:49:B3:CD,SpectrumSetup-CF,[WPA2_PSK],2025-3-25 18:53:2,6,-82,34.0489845,-117.1971436,359.30,2.00,WIFI
80:CC:9C:1E:8D:6D,MySpectrumWiFi8B-5G,[WPA2_PSK],2025-3-25 18:53:3,7,-92,34.0490685,-117.1969910,359.70,2.00,WIFI
7C:DB:98:8D:DF:19,MySpectrumWiFi1B-2G,[WPA2_PSK],2025-3-25 18:53:7,11,-67,34.0493965,-117.1964035,360.60,2.00,WIFI
F8:08:4F:D6:10:4E,SpectrumSetup-48,[WPA2_PSK],2025-3-25 18:53:7,11,-74,34.0493965,-117.1964035,360.60,2.00,WIFI
74:37:5F:DA:46:A3,Kat,[WPA2_PSK],2025-3-25 18:53:7,11,-74,34.0493965,-117.1964035,360.60,2.00,WIFI
DC:EF:09:EB:9B:B8,ATT7YYC53e_EXT,[WPA2_PSK],2025-3-25 18:53:7,11,-76,34.0493965,-117.1964035,360.60,2.00,WIFI
A0:E7:AE:88:3D:19,G36-42B1,[WPA2_WPA3_PSK],2025-3-25 18:53:7,11,-79,34.0493965,-117.1964035,360.60,2.00,WIFI
84:70:D7:F5:9A:C4,,[WPA3_PSK],2025-3-25 18:53:7,11,-80,34.0493965,-117.1964035,360.60,2.00,WIFI
84:70:D7:F5:9A:CA,,[OPEN],2025-3-25 18:53:7,11,-80,34.0493965,-117.1964035,360.60,2.00,WIFI
84:70:D7:F5:9A:C7,Jolo#2020,[WPA2_PSK],2025-3-25 18:53:7,11,-80,34.0493965,-117.1964035,360.60,2.00,WIFI
E8:AD:A6:3A:B5:FE,MySpectrumWiFif8-2G,[WPA2_PSK],2025-3-25 18:53:7,11,-87,34.0493965,-117.1964035,360.60,2.00,WIFI
BC:96:E5:39:1B:98,Moraleswifi,[WPA2_PSK],2025-3-25 18:53:7,11,-87,34.0493965,-117.1964035,360.60,2.00,WIFI
F8:5B:3B:4B:CB:C9,ObiDobi,[WPA2_PSK],2025-3-25 18:53:10,1,-62,34.0496559,-117.1959381,361.40,2.00,WIFI
A6:97:5C:B2:9E:55,VTECH_5754_9e55,[WPA2_PSK],2025-3-25 18:53:10,1,-67,34.0496559,-117.1959381,361.40,2.00,WIFI
14:7D:05:4E:07:C3,SpectrumSetup-C1,[WPA2_PSK],2025-3-25 18:53:10,1,-71,34.0496559,-117.1959381,361.40,2.00,WIFI
CC:58:30:F7:8D:A6,TMOBILE-8DA1,[WPA2_WPA3_PSK],2025-3-25 18:53:10,1,-71,34.0496559,-117.1959381,361.40,2.00,WIFI
F8:5B:3B:DF:B9:EE,hillfactory04,[WPA2_PSK],2025-3-25 18:53:10,1,-72,34.0496559,-117.1959381,361.40,2.00,WIFI
20:9A:7D:0F:10:5E,hopper86,[WPA2_PSK],2025-3-25 18:53:10,1,-74,34.0496559,-117.1959381,361.40,2.00,WIFI
E4:C0:E2:70:1F:1E,SpectrumSetup-18,[WPA2_PSK],2025-3-25 18:53:10,1,-81,34.0496559,-117.1959381,361.40,2.00,WIFI
C8:B4:22:58:B4:15,MySpectrumWiFi17-2G,[WPA2_PSK],2025-3-25 18:53:10,1,-85,34.0496559,-117.1959381,361.40,2.00,WIFI
54:07:7D:10:43:23,TP-LINK_785058,[WPA3_PSK],2025-3-25 18:53:13,3,-77,34.0499115,-117.1954651,361.30,2.00,WIFI
D2:AF:97:06:42:E1,,[WPA2_PSK],2025-3-25 18:53:13,3,-87,34.0499115,-117.1954651,361.30,2.00,WIFI
A8:9A:93:BE:54:7E,Arias,[WPA2_PSK],2025-3-25 18:53:14,4,-80,34.0499992,-117.1953125,361.50,2.00,WIFI
E4:C3:2A:75:85:E7,SPECTRUM1,[WPA_WPA2_PSK],2025-3-25 18:53:14,4,-86,34.0499992,-117.1953125,361.50,2.00,WIFI
B0:BB:E5:31:B9:56,SpectrumSetup-50,[WPA2_PSK],2025-3-25 18:53:16,6,-79,34.0501709,-117.1949921,362.30,2.00,WIFI
F0:7B:65:EF:A4:DA,SpectrumSetup-A4D4,[WPA2_PSK],2025-3-25 18:53:16,6,-83,34.0501709,-117.1949921,362.30,2.00,WIFI
00:7F:28:6B:74:13,TGRYC,[WPA2_PSK],2025-3-25 18:53:16,6,-86,34.0501709,-117.1949921,362.30,2.00,WIFI
FC:12:63:A3:1B:1E,Verizon_T34XD9,[WPA2_PSK],2025-3-25 18:53:16,6,-87,34.0501709,-117.1949921,362.30,2.00,WIFI
C8:9E:43:B6:62:DD,,[WPA2_PSK],2025-3-25 18:53:18,8,-79,34.0503502,-117.1946640,362.90,2.00,WIFI
CE:9E:43:B6:62:DD,ORBI86,[WPA2_PSK],2025-3-25 18:53:18,8,-85,34.0503502,-117.1946640,362.90,2.00,WIFI
CE:9E:43:A2:68:FE,chartique,[WPA2_PSK],2025-3-25 18:53:19,9,-80,34.0504456,-117.1944962,363.40,2.00,WIFI
CE:9E:43:A3:A6:3E,chartique,[WPA2_PSK],2025-3-25 18:53:19,9,-87,34.0504456,-117.1944962,363.40,2.00,WIFI
54:AF:97:17:D3:B3,BOFA-2G,[WPA2_PSK],2025-3-25 18:53:19,9,-87,34.0504456,-117.1944962,363.40,2.00,WIFI
76:AF:97:17:D3:B3,,[WPA2_PSK],2025-3-25 18:53:19,9,-92,34.0504456,-117.1944962,363.40,2.00,WIFI
34:98:B5:58:6D:2C,NETGEAR50,[WPA2_PSK],2025-3-25 18:53:20,10,-75,34.0505371,-117.1943283,363.70,2.00,WIFI
4C:AB:F8:B4:F3:33,Verizon_4J4MMD,[WPA2_PSK],2025-3-25 18:53:21,11,-67,34.0506248,-117.1941605,364.00,2.00,WIFI
74:37:5F:27:2B:9F,SpectrumSetup-9D,[WPA2_PSK],2025-3-25 18:53:21,11,-73,34.0506248,-117.1941605,364.00,2.00,WIFI
F0:7B:65:30:C8:5A,SpectrumSetup-C854,[WPA2_PSK],2025-3-25 18:53:21,11,-76,34.0506248,-117.1941605,364.00,2.00,WIFI
76:90:BC:2C:AD:CA,Verizon_7XSJ9T-IoT,[WPA2_PSK],2025-3-25 18:53:21,11,-76,34.0506248,-117.1941605,364.00,2.00,WIFI
3A:88:71:28:36:17,Verizon_7XSJ9T-IoT,[WPA2_PSK],2025-3-25 18:53:21,11,-80,34.0506248,-117.1941605,364.00,2.00,WIFI
E8:D2:FF:B2:FC:66,SpectrumSetup-60,[WPA2_PSK],2025-3-25 18:53:21,11,-85,34.0506248,-117.1941605,364.00,2.00,WIFI
60:D5:61:13:FD:74,,[WPA2_PSK],2025-3-25 18:53:22,13,-92,34.0507202,-117.1940002,364.10,2.00,WIFI
4C:AB:F8:59:18:95,SpectrumSetup-97,[WPA2_PSK],2025-3-25 18:53:24,1,-59,34.0508957,-117.1936722,364.40,2.00,WIFI
98:1E:19:5A:AE:F6,MySpectrumWiFif0-2G,[WPA2_PSK],2025-3-25 18:53:24,1,-60,34.0508957,-117.1936722,364.40,2.00,WIFI
DA:31:34:CE:5A:5F,,[WPA2_PSK],2025-3-25 18:53:24,1,-69,34.0508957,-117.1936722,364.40,2.00,WIFI
86:EA:ED:D9:6B:6A,,[WPA2_PSK],2025-3-25 18:53:24,1,-73,34.0508957,-117.1936722,364.40,2.00,WIFI
94:91:7F:89:AA:82,SpectrumSetup-84,[WPA2_PSK],2025-3-25 18:53:24,1,-78,34.0508957,-117.1936722,364.40,2.00,WIFI
F0:7B:65:6C:79:72,SpectrumSetup-F3,[WPA2_PSK],2025-3-25 18:53:24,1,-83,34.0508957,-117.1936722,364.40,2.00,WIFI
F8:5B:3B:95:09:5D,SpectrumSetup-5F,[WPA2_PSK],2025-3-25 18:53:24,1,-86,34.0508957,-117.1936722,364.40,2.00,WIFI
74:37:5F:70:63:2B,SpectrumSetup-29,[WPA2_PSK],2025-3-25 18:53:24,1,-88,34.0508957,-117.1936722,364.40,2.00,WIFI
26:5A:4C:95:DC:55,Elite_Guest,[WPA2_WPA3_PSK],2025-3-25 18:53:24,1,-90,34.0508957,-117.1936722,364.40,2.00,WIFI
26:5A:4C:A5:DC:55,,[WPA2_PSK],2025-3-25 18:53:24,1,-90,34.0508957,-117.1936722,364.40,2.00,WIFI
B0:D8:88:26:ED:BD,Car-edbd,[WPA2_PSK],2025-3-25 18:53:30,6,-64,34.0514145,-117.1927414,365.60,2.00,WIFI
88:DE:7C:C6:AD:59,SpectrumSetup-5B,[WPA2_PSK],2025-3-25 18:53:30,6,-69,34.0514145,-117.1927414,365.60,2.00,WIFI
88:DE:7C:D3:F7:AD,SpectrumSetup-AF,[WPA2_PSK],2025-3-25 18:53:30,6,-79,34.0514145,-117.1927414,365.60,2.00,WIFI
F0:7B:65:C2:63:1C,SpectrumSetup-6316,[WPA2_PSK],2025-3-25 18:53:30,6,-80,34.0514145,-117.1927414,365.60,2.00,WIFI
F4:52:46:88:04:4E,StayHumble100,[WPA2_PSK],2025-3-25 18:53:30,6,-81,34.0514145,-117.1927414,365.60,2.00,WIFI
0E:5A:25:21:52:AF,SpectrumSetup-AE,[WPA2_PSK],2025-3-25 18:53:30,6,-83,34.0514145,-117.1927414,365.60,2.00,WIFI
F4:52:46:F7:EB:3B,The Wi-fi,[WPA2_PSK],2025-3-25 18:53:30,6,-84,34.0514145,-117.1927414,365.60,2.00,WIFI
74:93:DA:57:8F:D5,SpectrumSetup-D7,[WPA2_PSK],2025-3-25 18:53:30,6,-86,34.0514145,-117.1927414,365.60,2.00,WIFI
26:5A:4C:95:BE:67,Elite_Guest,[WPA2_WPA3_PSK],2025-3-25 18:53:30,6,-90,34.0514145,-117.1927414,365.60,2.00,WIFI
00:C8:96:66:80:5E,,[WPA_WPA2_PSK],2025-3-25 18:53:32,8,-91,34.0515785,-117.1924591,366.00,2.00,WIFI
A0:36:BC:1B:A3:38,PaddysPub,[WPA2_PSK],2025-3-25 18:53:33,9,-82,34.0516548,-117.1923218,366.50,2.00,WIFI
34:98:B5:69:E6:98,SHWING Network,[WPA2_PSK],2025-3-25 18:53:34,10,-85,34.0517349,-117.1921844,366.70,2.00,WIFI
72:98:B5:69:E6:99,SHWING Network-Guest,[WPA2_PSK],2025-3-25 18:53:34,10,-87,34.0517349,-117.1921844,366.70,2.00,WIFI
08:7B:12:5E:7A:60,SpectrumSetup-5A,[WPA2_PSK],2025-3-25 18:53:35,11,-67,34.0518112,-117.1920547,367.10,2.00,WIFI
D0:6D:C9:27:10:B6,Frontier1637,[WPA2_PSK],2025-3-25 18:53:35,11,-72,34.0518112,-117.1920547,367.10,2.00,WIFI
38:8B:59:DC:A0:BC,711wifi10,[WPA2_PSK],2025-3-25 18:53:35,11,-74,34.0518112,-117.1920547,367.10,2.00,WIFI
54:65:DE:76:22:00,Tannya,[WPA_WPA2_PSK],2025-3-25 18:53:35,11,-76,34.0518112,-117.1920547,367.10,2.00,WIFI
F0:B6:61:1C:7E:A7,Godly10,[WPA2_PSK],2025-3-25 18:53:35,11,-81,34.0518112,-117.1920547,367.10,2.00,WIFI
C8:E3:06:6C:0D:03,,[WPA3_PSK],2025-3-25 18:53:35,11,-82,34.0518112,-117.1920547,367.10,2.00,WIFI
C8:E3:06:6C:0D:07,,[OPEN],2025-3-25 18:53:35,11,-82,34.0518112,-117.1920547,367.10,2.00,WIFI
C8:E3:06:6C:0D:05,Frontier-709B,[WPA2_PSK],2025-3-25 18:53:35,11,-83,34.0518112,-117.1920547,367.10,2.00,WIFI
4C:AB:F8:25:27:3F,Wirefoxterriers,[WPA2_PSK],2025-3-25 18:53:35,11,-87,34.0518112,-117.1920547,367.10,2.00,WIFI
A0:7F:8A:32:B0:5C,Daviddarkhold1,[WPA2_PSK],2025-3-25 18:53:38,1,-68,34.0520248,-117.1916733,367.60,2.00,WIFI
98:1E:19:6C:2B:1E,MySpectrumWiFi18-2G,[WPA2_PSK],2025-3-25 18:53:38,1,-69,34.0520248,-117.1916733,367.60,2.00,WIFI
A0:7F:8A:0A:8E:9A,DollyWolly1133,[WPA2_PSK],2025-3-25 18:53:38,1,-72,34.0520248,-117.1916733,367.60,2.00,WIFI
4C:19:5D:8D:C9:60,SpectrumSetup-5A,[WPA2_PSK],2025-3-25 18:53:38,1,-84,34.0520248,-117.1916733,367.60,2.00,WIFI
88:67:46:74:7B:86,Aerobika,[WPA2_WPA3_PSK],2025-3-25 18:53:38,1,-85,34.0520248,-117.1916733,367.60,2.00,WIFI
A0:55:1F:15:2D:6E,SpectrumSetup-2D68,[WPA2_PSK],2025-3-25 18:53:38,1,-86,34.0520248,-117.1916733,367.60,2.00,WIFI
DA:33:B7:D8:BC:52,Guest0790,[WPA2_PSK],2025-3-25 18:53:38,1,-88,34.0520248,-117.1916733,367.60,2.00,WIFI
34:98:B5:C1:D5:8C,NETGEAR37,[WPA2_PSK],2025-3-25 18:53:40,2,-85,34.0521431,-117.1914597,368.70,2.00,WIFI
BC:82:5D:5A:87:1C,WiFi Hotspot 7164,[WPA2_PSK],2025-3-25 18:53:44,6,-71,34.0523109,-117.1911774,369.20,2.00,WIFI
76:CD:D6:C2:38:21,,[WPA2_PSK],2025-3-25 18:53:44,6,-74,34.0523109,-117.1911774,369.20,2.00,WIFI
9C:AD:97:C5:D0:EC,HP-Print-ec-LaserJet Pro M201dw,[WPA2_PSK],2025-3-25 18:53:44,6,-80,34.0523109,-117.1911774,369.20,2.00,WIFI
AA:A7:95:CF:D6:1A,DIRECT-1a-HP M452 LaserJet,[WPA2_PSK],2025-3-25 18:53:44,6,-82,34.0523109,-117.1911774,369.20,2.00,WIFI
62:6D:C7:07:CD:9B,DIRECT-9b-HP M277 LaserJet,[WPA2_PSK],2025-3-25 18:53:44,6,-87,34.0523109,-117.1911774,369.20,2.00,WIFI
2C:EA:DC:96:16:97,SpectrumSetup-99,[WPA2_PSK],2025-3-25 18:53:44,6,-87,34.0523109,-117.1911774,369.20,2.00,WIFI
2A:C5:C8:A3:4E:A6,HP=SMB01<A6_Color LJ 3301,[OPEN],2025-3-25 18:53:44,6,-90,34.0523109,-117.1911774,369.20,2.00,WIFI
A8:97:CD:DD:C9:C8,Frontier2448,[WPA2_PSK],2025-3-25 18:53:44,6,-91,34.0523109,-117.1911774,369.20,2.00,WIFI
28:EC:22:AA:1F:8F,qhmwifi Guest,[WPA2_PSK],2025-3-25 18:53:49,11,-73,34.0523605,-117.1910782,370.10,2.00,WIFI
28:EC:22:AA:1F:86,qhmwifi,[WPA2_PSK],2025-3-25 18:53:49,11,-74,34.0523605,-117.1910782,370.10,2.00,WIFI
28:EC:22:AA:1F:89,,[OPEN],2025-3-25 18:53:49,11,-75,34.0523605,-117.1910782,370.10,2.00,WIFI
4E:BC:E9:D6:BE:85,AT_401_RAC_056905_WW_be85,[WPA2_PSK],2025-3-25 18:53:49,11,-78,34.0523605,-117.1910782,370.10,2.00,WIFI
D8:CF:61:46:5D:EF,SpectrumSetup-5DE9,[WPA2_PSK],2025-3-25 18:53:49,11,-91,34.0523605,-117.1910782,370.10,2.00,WIFI
58:9B:4A:87:B0:40,MisterCabral,[WPA2_PSK],2025-3-25 18:53:52,1,-82,34.0523643,-117.1910782,370.10,2.00,WIFI
50:27:A9:E3:76:65,The Last Homely House east of th,[WPA2_PSK],2025-3-25 18:53:52,1,-82,34.0523643,-117.1910782,370.10,2.00,WIFI
1E:7B:65:AE:E4:A9,,[WPA2_PSK],2025-3-25 18:53:52,1,-86,34.0523643,-117.1910782,370.10,2.00,WIFI
F0:7B:65:AE:E4:AF,SpectrumSetup-E4A9,[WPA2_PSK],2025-3-25 18:53:52,1,-89,34.0523643,-117.1910782,370.10,2.00,WIFI
30:60:0A:25:3D:8C,,[WPA_WPA2_PSK],2025-3-25 18:53:54,2,-90,34.0523643,-117.1910782,369.90,2.00,WIFI
72:CD:D6:C2:38:21,PSD,[WPA2_PSK],2025-3-25 18:53:58,6,-78,34.0523682,-117.1910782,369.60,2.00,WIFI
2C:EA:DC:22:6D:D5,Samantha,[WPA2_PSK],2025-3-25 18:53:58,6,-84,34.0523682,-117.1910782,369.60,2.00,WIFI
F0:7B:65:6A:3E:76,SpectrumSetup-3E70,[WPA2_PSK],2025-3-25 18:53:58,6,-89,34.0523682,-117.1910782,369.60,2.00,WIFI
D2:9E:43:A2:68:FE,,[WPA2_PSK],2025-3-25 18:54:1,9,-90,34.0523682,-117.1910782,369.40,2.00,WIFI
3E:61:B4:19:EB:C7,,[WPA2_PSK],2025-3-25 18:54:2,10,-91,34.0523682,-117.1910782,369.40,2.00,WIFI
28:EC:22:9B:C4:06,qhmwifi,[WPA2_PSK],2025-3-25 18:54:3,11,-75,34.0523682,-117.1910782,369.40,2.00,WIFI
40:47:5E:53:DA:E3,,[WPA3_PSK],2025-3-25 18:54:3,11,-77,34.0523682,-117.1910782,369.40,2.00,WIFI
40:47:5E:53:DA:E9,,[OPEN],2025-3-25 18:54:3,11,-77,34.0523682,-117.1910782,369.40,2.00,WIFI
28:EC:22:9B:C4:0F,qhmwifi Guest,[WPA2_PSK],2025-3-25 18:54:3,11,-78,34.0523682,-117.1910782,369.40,2.00,WIFI
AA:3B:76:03:0B:49,DIRECT-49-HP M283 LaserJet,[WPA2_PSK],2025-3-25 18:54:3,11,-83,34.0523682,-117.1910782,369.40,2.00,WIFI
54:AF:97:05:DD:22,QHMWIFI-7-Randy's Office 2.4GHz,[WPA2_PSK],2025-3-25 18:54:3,11,-84,34.0523682,-117.1910782,369.40,2.00,WIFI
F0:B6:61:8D:E0:64,,[WPA3_PSK],2025-3-25 18:54:3,11,-84,34.0523682,-117.1910782,369.40,2.00,WIFI
F0:B6:61:8D:E0:67,nacho,[WPA2_PSK],2025-3-25 18:54:3,11,-85,34.0523682,-117.1910782,369.40,2.00,WIFI
3C:37:86:D7:DC:2D,FiOS-R5L06_2GEXT,[WPA_WPA2_PSK],2025-3-25 18:54:3,11,-87,34.0523682,-117.1910782,369.40,2.00,WIFI
F4:05:95:A8:C0:C0,SpectrumSetup-BA,[WPA2_PSK],2025-3-25 18:54:3,11,-91,34.0523682,-117.1910782,369.40,2.00,WIFI
50:27:A9:E3:76:67,,[OPEN],2025-3-25 18:54:7,1,-82,34.0523834,-117.1910400,368.70,2.00,WIFI
D4:5D:64:9D:C3:B0,ASUS_B0,[OPEN],2025-3-25 18:54:13,6,-82,34.0527153,-117.1910782,368.50,2.00,WIFI
B0:FC:88:32:05:A0,Skykraken,[WPA2_PSK],2025-3-25 18:54:13,6,-85,34.0527153,-117.1910782,368.50,2.00,WIFI
60:22:32:9B:B0:A2,RG,[WPA2_PSK],2025-3-25 18:54:13,6,-91,34.0527153,-117.1910782,368.50,2.00,WIFI
34:98:B5:58:D2:B8,Toriuta,[WPA2_PSK],2025-3-25 18:54:14,7,-84,34.0528069,-117.1911545,368.50,2.00,WIFI
60:57:47:58:FA:9B,,[WPA_WPA2_PSK],2025-3-25 18:54:14,7,-85,34.0528069,-117.1911545,368.50,2.00,WIFI
28:80:88:33:05:55,NETGEAR43,[WPA2_PSK],2025-3-25 18:54:17,10,-70,34.0531311,-117.1914139,368.40,2.00,WIFI
2A:80:88:33:05:56,NETGEAR43-Guest,[WPA2_PSK],2025-3-25 18:54:17,10,-71,34.0531311,-117.1914139,368.40,2.00,WIFI
38:E1:F4:95:F4:76,AyalaWiFi,[WPA2_WPA3_PSK],2025-3-25 18:54:18,11,-74,34.0532532,-117.1915131,368.30,2.00,WIFI
28:EC:22:AA:1F:83,,[WPA3_PSK],2025-3-25 18:54:18,11,-78,34.0532532,-117.1915131,368.30,2.00,WIFI
54:04:63:CB:E3:61,,[WPA_WPA2_PSK],2025-3-25 18:54:18,11,-79,34.0532532,-117.1915131,368.30,2.00,WIFI
88:67:46:64:D4:49,,[OPEN],2025-3-25 18:54:18,11,-81,34.0532532,-117.1915131,368.30,2.00,WIFI
88:67:46:64:D4:43,,[WPA3_PSK],2025-3-25 18:54:18,11,-82,34.0532532,-117.1915131,368.30,2.00,WIFI
A4:11:62:57:CA:B2,ARLO_VMB_3092728225,[WPA2_PSK],2025-3-25 18:54:18,11,-84,34.0532532,-117.1915131,368.30,2.00,WIFI
28:BD:89:E8:F4:88,Hyperdrive,[WPA2_PSK],2025-3-25 18:54:18,11,-86,34.0532532,-117.1915131,368.30,2.00,WIFI
48:D6:D5:C3:E0:C1,Hyperdrive,[WPA2_PSK],2025-3-25 18:54:21,1,-71,34.0536270,-117.1918182,367.80,2.00,WIFI
FC:12:63:B3:FB:7F,letsgoBroncos68,[WPA2_PSK],2025-3-25 18:54:21,1,-72,34.0536270,-117.1918182,367.80,2.00,WIFI
5C:18:DD:EB:5E:E4,,[WPA_WPA2_PSK],2025-3-25 18:54:25,4,-56,34.0541306,-117.1922150,366.70,2.00,WIFI
76:CD:D6:C1:1E:63,,[WPA2_PSK],2025-3-25 18:54:27,6,-69,34.0543861,-117.1924133,366.10,2.00,WIFI
58:9B:4A:A2:AB:DB,Killian,[WPA2_PSK],2025-3-25 18:54:27,6,-70,34.0543861,-117.1924133,366.10,2.00,WIFI
72:CD:D6:C1:1E:63,PSD,[WPA2_PSK],2025-3-25 18:54:27,6,-70,34.0543861,-117.1924133,366.10,2.00,WIFI
D4:3F:32:90:BC:46,eero,[WPA2_PSK],2025-3-25 18:54:27,6,-72,34.0543861,-117.1924133,366.10,2.00,WIFI
A8:B0:88:68:45:A6,,[WPA3_PSK],2025-3-25 18:54:27,6,-72,34.0543861,-117.1924133,366.10,2.00,WIFI
84:70:D7:66:58:90,Studio 54 Guest,[WPA2_PSK],2025-3-25 18:54:27,6,-74,34.0543861,-117.1924133,366.10,2.00,WIFI
84:70:D7:66:58:8A,,[OPEN],2025-3-25 18:54:27,6,-74,34.0543861,-117.1924133,366.10,2.00,WIFI
84:70:D7:66:58:87,Studio 54,[WPA2_PSK],2025-3-25 18:54:27,6,-75,34.0543861,-117.1924133,366.10,2.00,WIFI
08:F0:1E:E5:F7:86,MOTOD532-5G,[WPA2_WPA3_PSK],2025-3-25 18:54:27,6,-75,34.0543861,-117.1924133,366.10,2.00,WIFI
C8:C6:FE:6E:B0:C9,,[OPEN],2025-3-25 18:54:27,6,-77,34.0543861,-117.1924133,366.10,2.00,WIFI
C8:C6:FE:6E:B0:C6,PalaceAbode,[WPA2_PSK],2025-3-25 18:54:27,6,-77,34.0543861,-117.1924133,366.10,2.00,WIFI
08:F0:1E:E5:F7:89,,[OPEN],2025-3-25 18:54:27,6,-78,34.0543861,-117.1924133,366.10,2.00,WIFI
C8:C6:FE:6E:B0:C3,,[WPA3_PSK],2025-3-25 18:54:27,6,-79,34.0543861,-117.1924133,366.10,2.00,WIFI
FA:8F:CA:71:2A:A6,Speakers.a,[OPEN],2025-3-25 18:54:27,6,-87,34.0543861,-117.1924133,366.10,2.00,WIFI
3C:52:A1:12:62:3B,TP-LINK_Smart Plug_623B,[OPEN],2025-3-25 18:54:27,6,-87,34.0543861,-117.1924133,366.10,2.00,WIFI
86:2A:FD:69:8D:1D,DIRECT-1D-HP ENVY 5000 series,[WPA2_PSK],2025-3-25 18:54:27,7,-77,34.0543861,-117.1924133,366.10,2.00,WIFI
F0:B6:61:82:E9:0A,,[OPEN],2025-3-25 18:54:32,11,-67,34.0549927,-117.1927490,364.60,2.00,WIFI
F0:B6:61:82:E9:04,,[WPA3_PSK],2025-3-25 18:54:32,11,-70,34.0549927,-117.1927490,364.60,2.00,WIFI
08:7B:12:4B:F9:3F,Museum of Redlands Free WiFi,[WPA2_PSK],2025-3-25 18:54:32,11,-73,34.0549927,-117.1927490,364.60,2.00,WIFI
F0:B6:61:82:E9:07,Frontier3632,[WPA2_PSK],2025-3-25 18:54:32,11,-75,34.0549927,-117.1927490,364.60,2.00,WIFI
D2:6D:C9:37:5A:E7,Guest0809,[WPA2_PSK],2025-3-25 18:54:32,11,-79,34.0549927,-117.1927490,364.60,2.00,WIFI
4C:AB:F8:4A:F8:85,SpectrumSetup-87,[WPA2_PSK],2025-3-25 18:54:32,11,-79,34.0549927,-117.1927490,364.60,2.00,WIFI
E0:E1:A9:C7:9B:87,Frontier3632-plus,[WPA2_PSK],2025-3-25 18:54:32,11,-80,34.0549927,-117.1927490,364.60,2.00,WIFI
7C:DB:98:B9:88:FF,MySpectrumWiFi01-2G,[WPA2_PSK],2025-3-25 18:54:32,11,-80,34.0549927,-117.1927490,364.60,2.00,WIFI
D0:6D:C9:37:5A:E6,Frontier0809,[WPA2_PSK],2025-3-25 18:54:32,11,-81,34.0549927,-117.1927490,364.60,2.00,WIFI
74:37:5F:DA:49:33,SpectrumSetup-31,[WPA2_PSK],2025-3-25 18:54:32,11,-81,34.0549927,-117.1927490,364.60,2.00,WIFI
24:94:CB:7D:5B:F8,Frontier0128,[WPA2_PSK],2025-3-25 18:54:32,11,-88,34.0549927,-117.1927490,364.60,2.00,WIFI
74:37:5F:C9:08:BF,SpectrumSetup-BD,[WPA2_PSK],2025-3-25 18:54:32,11,-89,34.0549927,-117.1927490,364.60,2.00,WIFI
44:AC:85:9C:FB:E9,,[OPEN],2025-3-25 18:54:36,1,-62,34.0554008,-117.1926575,364.80,2.00,WIFI
44:AC:85:9C:FB:E3,,[WPA3_PSK],2025-3-25 18:54:36,1,-64,34.0554008,-117.1926575,364.80,2.00,WIFI
44:AC:85:9C:FB:E6,Frontier3366,[WPA2_PSK],2025-3-25 18:54:36,1,-65,34.0554008,-117.1926575,364.80,2.00,WIFI
4C:AB:F8:49:EB:19,Gertrude,[WPA2_PSK],2025-3-25 18:54:36,1,-67,34.0554008,-117.1926575,364.80,2.00,WIFI
58:9B:4A:A0:CB:9E,SpectrumSetup-CB9A,[WPA2_PSK],2025-3-25 18:54:36,1,-80,34.0554008,-117.1926575,364.80,2.00,WIFI
08:33:ED:BF:04:6D,SpectrumSetup-6F,[WPA2_PSK],2025-3-25 18:54:36,1,-85,34.0554008,-117.1926575,364.80,2.00,WIFI
74:37:5F:56:0E:7F,SpectrumSetup-7D,[WPA2_PSK],2025-3-25 18:54:36,1,-88,34.0554008,-117.1926575,364.80,2.00,WIFI
10:DA:43:AE:6A:7A,NETGEAR29,[WPA2_PSK],2025-3-25 18:54:39,3,-69,34.0556946,-117.1924591,366.10,2.00,WIFI
E8:9F:80:DF:96:42,Scajaquada2,[WPA2_PSK],2025-3-25 18:54:39,3,-72,34.0556946,-117.1924591,366.10,2.00,WIFI
F2:9F:80:DF:96:42,,[WPA2_PSK],2025-3-25 18:54:39,3,-73,34.0556946,-117.1924591,366.10,2.00,WIFI
EE:9F:80:DF:96:42,Scajaquada2Guest,[WPA2_PSK],2025-3-25 18:54:39,3,-75,34.0556946,-117.1924591,366.10,2.00,WIFI
78:D2:94:14:5F:C8,NTGR_VMB_8011892556,[WPA2_PSK],2025-3-25 18:54:39,3,-88,34.0556946,-117.1924591,366.10,2.00,WIFI
58:EF:68:0E:D8:EB,7empest,[WPA2_PSK],2025-3-25 18:54:40,4,-71,34.0558014,-117.1923676,366.20,2.00,WIFI
5A:EF:68:0E:D8:EC,Linksys04357-guest,[OPEN],2025-3-25 18:54:40,4,-71,34.0558014,-117.1923676,366.20,2.00,WIFI
5A:EF:68:0E:D8:ED,,[WPA2_PSK],2025-3-25 18:54:40,4,-73,34.0558014,-117.1923676,366.20,2.00,WIFI
18:A5:FF:11:54:78,TMOBILE-5476,[WPA2_WPA3_PSK],2025-3-25 18:54:42,6,-68,34.0560112,-117.1921692,366.70,2.00,WIFI
28:EC:22:EC:FA:C3,,[WPA3_PSK],2025-3-25 18:54:42,6,-69,34.0560112,-117.1921692,366.70,2.00,WIFI
28:EC:22:EC:FA:C9,,[OPEN],2025-3-25 18:54:42,6,-69,34.0560112,-117.1921692,366.70,2.00,WIFI
58:9B:4A:AC:D5:29,SpectrumSetup-D525,[WPA2_PSK],2025-3-25 18:54:42,6,-71,34.0560112,-117.1921692,366.70,2.00,WIFI
FC:12:63:A1:DF:A1,SpectrumSetup-A3,[WPA2_PSK],2025-3-25 18:54:42,6,-71,34.0560112,-117.1921692,366.70,2.00,WIFI
28:EC:22:EC:FA:C6,Frontier147,[WPA2_PSK],2025-3-25 18:54:42,6,-72,34.0560112,-117.1921692,366.70,2.00,WIFI
5C:A5:BC:48:04:25,Thisismine,[WPA2_PSK],2025-3-25 18:54:42,6,-79,34.0560112,-117.1921692,366.70,2.00,WIFI
5C:A5:BC:48:04:27,,[OPEN],2025-3-25 18:54:42,6,-80,34.0560112,-117.1921692,366.70,2.00,WIFI
5C:A5:BC:48:04:23,,[WPA3_PSK],2025-3-25 18:54:42,6,-80,34.0560112,-117.1921692,366.70,2.00,WIFI
B4:20:46:03:A6:68,,[OPEN],2025-3-25 18:54:42,6,-81,34.0560112,-117.1921692,366.70,2.00,WIFI
B4:20:46:03:A6:64,,[WPA3_PSK],2025-3-25 18:54:42,6,-82,34.0560112,-117.1921692,366.70,2.00,WIFI
34:DB:9C:67:5A:A6,ROOT-2G,[WPA2_PSK],2025-3-25 18:54:42,6,-82,34.0560112,-117.1921692,366.70,2.00,WIFI
50:27:A9:0E:87:AB,Krames Guest,[WPA2_PSK],2025-3-25 18:54:42,6,-82,34.0560112,-117.1921692,366.70,2.00,WIFI
50:27:A9:0E:87:A3,,[WPA3_PSK],2025-3-25 18:54:42,6,-83,34.0560112,-117.1921692,366.70,2.00,WIFI
50:27:A9:0E:87:A7,,[OPEN],2025-3-25 18:54:42,6,-83,34.0560112,-117.1921692,366.70,2.00,WIFI
60:F4:19:79:18:63,,[WPA3_PSK],2025-3-25 18:54:42,6,-85,34.0560112,-117.1921692,366.70,2.00,WIFI
E8:9F:80:DF:B8:4D,Scajaquada2,[WPA2_PSK],2025-3-25 18:54:42,7,-82,34.0560112,-117.1921692,366.70,2.00,WIFI
EE:9F:80:DF:B8:4D,Scajaquada2Guest,[WPA2_PSK],2025-3-25 18:54:42,7,-82,34.0560112,-117.1921692,366.70,2.00,WIFI
F2:9F:80:DF:B8:4D,,[WPA2_PSK],2025-3-25 18:54:42,7,-83,34.0560112,-117.1921692,366.70,2.00,WIFI
D2:40:D0:5F:D8:85,ORBI56,[WPA2_PSK],2025-3-25 18:54:42,7,-90,34.0560112,-117.1921692,366.70,2.00,WIFI
A0:04:60:05:5B:48,Mermaid Oasis_EXT,[WPA2_PSK],2025-3-25 18:54:46,9,-86,34.0564346,-117.1917038,368.10,2.00,WIFI
4A:BA:4E:67:C0:19,DIRECT-19-HP ENVY Photo 7100,[WPA2_PSK],2025-3-25 18:54:46,9,-88,34.0564346,-117.1917038,368.10,2.00,WIFI
36:23:03:CB:2A:19,,[WPA2_PSK],2025-3-25 18:54:48,11,-72,34.0566368,-117.1914902,368.90,2.00,WIFI
30:23:03:CB:2A:19,livelaughlove,[WPA2_PSK],2025-3-25 18:54:48,11,-76,34.0566368,-117.1914902,368.90,2.00,WIFI
E8:D2:FF:C0:E3:16,SpectrumSetup-10,[WPA2_PSK],2025-3-25 18:54:48,11,-78,34.0566368,-117.1914902,368.90,2.00,WIFI
C4:8E:8F:E5:31:0A,WIFIE53106,[WPA2_PSK],2025-3-25 18:54:48,11,-78,34.0566368,-117.1914902,368.90,2.00,WIFI
14:B7:F8:E5:D6:0E,TWCS-2.4G,[WPA2_PSK],2025-3-25 18:54:48,11,-84,34.0566368,-117.1914902,368.90,2.00,WIFI
DE:72:23:62:A4:1F,,[WPA2_PSK],2025-3-25 18:54:48,11,-89,34.0566368,-117.1914902,368.90,2.00,WIFI
CC:40:D0:A8:F2:27,NETGEAR70,[WPA2_PSK],2025-3-25 18:54:48,11,-90,34.0566368,-117.1914902,368.90,2.00,WIFI
78:8A:20:B1:B2:87,SD,[WPA_WPA2_PSK],2025-3-25 18:54:52,1,-70,34.0570602,-117.1912689,369.50,2.00,WIFI
86:8A:20:B1:B2:87,AutoBliss,[WPA2_PSK],2025-3-25 18:54:52,1,-71,34.0570602,-117.1912689,369.50,2.00,WIFI
7E:8A:20:B1:B2:87,RedlandAutoPlaza-Guest,[WPA_WPA2_PSK],2025-3-25 18:54:52,1,-72,34.0570602,-117.1912689,369.50,2.00,WIFI
82:8A:20:B1:B2:87,RAPSecure,[WPA_WPA2_PSK],2025-3-25 18:54:52,1,-75,34.0570602,-117.1912689,369.50,2.00,WIFI
A8:3A:79:F5:B7:44,CK_MGR,[WPA2_PSK],2025-3-25 18:54:52,1,-77,34.0570602,-117.1912689,369.50,2.00,WIFI
A8:3A:79:F5:B7:42,CK_BYOD,[WPA2_PSK],2025-3-25 18:54:52,1,-79,34.0570602,-117.1912689,369.50,2.00,WIFI
A8:3A:79:F5:B7:43,CK_STAGE,[WPA2_PSK],2025-3-25 18:54:52,1,-79,34.0570602,-117.1912689,369.50,2.00,WIFI
C0:6F:98:86:DF:69,,[OPEN],2025-3-25 18:54:52,1,-82,34.0570602,-117.1912689,369.50,2.00,WIFI
C4:49:BB:4F:51:A4,High winds,[WPA2_PSK],2025-3-25 18:54:52,1,-83,34.0570602,-117.1912689,369.50,2.00,WIFI
C0:6F:98:86:DF:63,,[WPA3_PSK],2025-3-25 18:54:52,1,-83,34.0570602,-117.1912689,369.50,2.00,WIFI
C0:6F:98:86:DF:66,Kwonhouse,[WPA2_PSK],2025-3-25 18:54:52,1,-83,34.0570602,-117.1912689,369.50,2.00,WIFI
26:18:D6:47:20:67,,[WPA2_PSK],2025-3-25 18:54:52,1,-86,34.0570602,-117.1912689,369.50,2.00,WIFI
A0:36:BC:1E:6F:F0,Snowdog,[WPA2_PSK],2025-3-25 18:54:55,4,-85,34.0573616,-117.1912384,369.20,2.00,WIFI
24:4B:FE:71:8F:71,Mi Casa Su Casa,[WPA2_PSK],2025-3-25 18:54:55,4,-87,34.0573616,-117.1912384,369.20,2.00,WIFI
02:6F:F2:86:60:93,DIRECT-DR_7300_KU800125,[WPA2_PSK],2025-3-25 18:54:57,6,-71,34.0574837,-117.1912384,369.00,2.00,WIFI
C6:11:53:44:42:09,CHEVROLET7238,[WPA2_WPA3_PSK],2025-3-25 18:54:57,6,-72,34.0574837,-117.1912384,369.00,2.00,WIFI
D4:3F:32:8D:C7:26,TARDIS,[WPA2_PSK],2025-3-25 18:54:57,6,-83,34.0574837,-117.1912384,369.00,2.00,WIFI
D4:3F:32:8D:C7:29,,[OPEN],2025-3-25 18:54:57,6,-85,34.0574837,-117.1912384,369.00,2.00,WIFI
D4:3F:32:8D:C7:23,,[WPA3_PSK],2025-3-25 18:54:57,6,-86,34.0574837,-117.1912384,369.00,2.00,WIFI
C2:FB:E4:14:E1:53,,[WPA2_PSK],2025-3-25 18:54:57,6,-87,34.0574837,-117.1912384,369.00,2.00,WIFI
B4:FB:E4:14:E1:53,witech2,[WPA_WPA2_PSK],2025-3-25 18:54:57,6,-89,34.0574837,-117.1912384,369.00,2.00,WIFI
C8:7F:54:94:DD:18,Mermaid Oasis,[WPA2_PSK],2025-3-25 18:55:0,9,-88,34.0575600,-117.1912460,368.60,2.00,WIFI
00:30:44:2F:CD:C1,VIOC-IT,[WPA2_PSK],2025-3-25 18:55:2,11,-73,34.0575600,-117.1912460,368.60,2.00,WIFI
02:30:44:2F:CD:C2,VIOC-Admin,[WPA2_PSK],2025-3-25 18:55:2,11,-76,34.0575600,-117.1912460,368.60,2.00,WIFI
34:6B:46:2D:54:6E,MySpectrumWiFi68-2G,[WPA2_PSK],2025-3-25 18:55:2,11,-87,34.0575600,-117.1912460,368.60,2.00,WIFI
A8:3A:79:F5:B7:45,CK_STORE,[WPA2],2025-3-25 18:55:5,1,-74,34.0575600,-117.1912460,368.60,2.00,WIFI
A8:3A:79:F5:B7:41,CK_IOT,[WPA2_PSK],2025-3-25 18:55:5,1,-75,34.0575600,-117.1912460,368.60,2.00,WIFI
E8:ED:D6:84:22:73,VWS,[WPA2],2025-3-25 18:55:5,1,-83,34.0575600,-117.1912460,368.60,2.00,WIFI
E8:ED:D6:84:22:74,V-Guest,[OPEN],2025-3-25 18:55:5,1,-85,34.0575600,-117.1912460,368.60,2.00,WIFI
E8:ED:D6:84:22:71,VGG,[WPA2_PSK],2025-3-25 18:55:5,1,-85,34.0575600,-117.1912460,368.60,2.00,WIFI
E8:ED:D6:84:22:70,VCCR,[WPA2_PSK],2025-3-25 18:55:5,1,-86,34.0575600,-117.1912460,368.60,2.00,WIFI
E8:ED:D6:84:22:72,VWP,[WPA2_PSK],2025-3-25 18:55:5,1,-86,34.0575600,-117.1912460,368.60,2.00,WIFI
E8:ED:D6:84:22:75,VWV,[WPA2_PSK],2025-3-25 18:55:5,1,-86,34.0575600,-117.1912460,368.60,2.00,WIFI
8A:5A:85:5B:3B:10,myChevrolet 3b10,[WPA2_PSK],2025-3-25 18:55:11,6,-80,34.0575562,-117.1912384,368.90,2.00,WIFI
CE:22:26:2D:A0:44,jmac21,[WPA2_PSK],2025-3-25 18:55:19,1,-84,34.0575562,-117.1912384,369.20,2.00,WIFI
B4:BC:7C:1C:50:DC,Ring Setup db,[OPEN],2025-3-25 18:55:19,1,-85,34.0575562,-117.1912384,369.20,2.00,WIFI
24:4B:FE:71:8F:70,Snowdog,[WPA2_PSK],2025-3-25 18:55:23,4,-86,34.0575562,-117.1912384,369.50,2.00,WIFI
2C:EA:DC:D5:E3:BA,SpectrumSetup-BC,[WPA2_PSK],2025-3-25 18:55:25,6,-81,34.0575676,-117.1912384,369.50,2.00,WIFI
10:D4:80:B0:2D:B5,Dash Cam B-T50-2c60148e,[WPA_WPA2_PSK],2025-3-25 18:55:25,6,-82,34.0575676,-117.1912384,369.50,2.00,WIFI
EE:EA:DC:D5:E3:BA,BabyAngel,[WPA2_PSK],2025-3-25 18:55:25,6,-82,34.0575676,-117.1912384,369.50,2.00,WIFI
2A:70:4E:11:15:C6,,[WPA2_PSK],2025-3-25 18:55:25,6,-89,34.0575676,-117.1912384,369.50,2.00,WIFI
02:EC:DA:BD:B8:8A,RedlandAutoPlaza-Guest,[WPA_WPA2_PSK],2025-3-25 18:55:33,1,-79,34.0582390,-117.1912537,368.90,2.00,WIFI
B4:FB:E4:14:DE:EA,witech2,[WPA_WPA2_PSK],2025-3-25 18:55:33,1,-85,34.0582390,-117.1912537,368.90,2.00,WIFI
BA:FB:E4:14:DE:EA,,[WPA_WPA2_PSK],2025-3-25 18:55:33,1,-86,34.0582390,-117.1912537,368.90,2.00,WIFI
DE:07:B6:73:0A:EA,Ewater_Guest,[OPEN],2025-3-25 18:55:37,4,-78,34.0587692,-117.1912537,368.30,2.00,WIFI
D8:07:B6:73:0A:EA,Ewater,[WPA2_PSK],2025-3-25 18:55:37,4,-79,34.0587692,-117.1912537,368.30,2.00,WIFI
E2:07:B6:73:0A:EA,,[WPA2_PSK],2025-3-25 18:55:37,4,-79,34.0587692,-117.1912537,368.30,2.00,WIFI
88:DE:7C:ED:7F:88,SpectrumSetup-8A,[WPA2_PSK],2025-3-25 18:55:39,6,-79,34.0590324,-117.1912537,368.30,2.00,WIFI
CA:5A:CF:5D:FF:8D,DIRECT-8D-HP M404dw LJ,[WPA2_PSK],2025-3-25 18:55:39,6,-91,34.0590324,-117.1912537,368.30,2.00,WIFI
C8:B4:22:19:BE:DA,MySpectrumWiFiDC-2G,[WPA2_PSK],2025-3-25 18:55:39,6,-92,34.0590324,-117.1912537,368.30,2.00,WIFI
14:7D:05:9E:DE:A3,SpectrumSetup-A1,[WPA2_PSK],2025-3-25 18:55:44,11,-82,34.0595055,-117.1912613,369.00,2.00,WIFI
6C:CD:D6:D4:96:C7,MySpectrumWiFi90-2G_2GEXT,[WPA2_PSK],2025-3-25 18:55:44,11,-89,34.0595055,-117.1912613,369.00,2.00,WIFI
90:D3:CF:17:48:01,SpectrumSetup-03,[WPA2_PSK],2025-3-25 18:55:48,1,-82,34.0595627,-117.1912689,369.00,2.00,WIFI
34:49:5B:CA:EF:0E,K.E RODGERS INC-1,[WPA2_PSK],2025-3-25 18:55:48,1,-83,34.0595627,-117.1912689,369.00,2.00,WIFI
FE:E2:C6:A8:2C:21,ParadoxRedlands,[WPA2_PSK],2025-3-25 18:55:48,1,-88,34.0595627,-117.1912689,369.00,2.00,WIFI
F4:E2:C6:A8:2C:21,RedlandsUtilityService,[WPA2_PSK],2025-3-25 18:55:48,1,-89,34.0595627,-117.1912689,369.00,2.00,WIFI
FA:E2:C6:A8:2C:21,,[WPA2_PSK],2025-3-25 18:55:48,1,-89,34.0595627,-117.1912689,369.00,2.00,WIFI
84:A0:6E:D2:37:86,MySpectrumWiFi80-2G,[WPA2_PSK],2025-3-25 18:55:48,1,-89,34.0595627,-117.1912689,369.00,2.00,WIFI
4A:5F:99:AE:00:1B,DIRECT-1b-HP M281 LaserJet,[WPA2_PSK],2025-3-25 18:55:53,6,-75,34.0599442,-117.1912918,368.60,2.00,WIFI
98:1E:19:21:8A:1E,MySpectrumWiFi18-2G,[WPA2_PSK],2025-3-25 18:55:53,6,-87,34.0599442,-117.1912918,368.60,2.00,WIFI
D2:C5:D3:BB:09:6B,SR4-fKTMUi3GvG3aPqb,[WPA2_PSK],2025-3-25 18:55:54,7,-84,34.0600624,-117.1912994,368.80,2.00,WIFI
50:6A:03:C5:34:BA,Oreo22,[WPA2_PSK],2025-3-25 18:55:56,9,-63,34.0603218,-117.1913147,369.30,2.00,WIFI
DC:EF:09:27:DA:DE,NETGEAR54_EXT,[WPA2_PSK],2025-3-25 18:55:58,11,-83,34.0606003,-117.1913300,369.50,2.00,WIFI
12:5B:AD:4B:27:1E,DIRECT-dNDCP-L2550DW_BR271e,[WPA2_PSK],2025-3-25 18:55:58,11,-84,34.0606003,-117.1913300,369.50,2.00,WIFI
78:45:58:DD:6B:D0,Redlands-2G,[WPA2_PSK],2025-3-25 18:56:0,1,-70,34.0609016,-117.1913376,369.40,2.00,WIFI
3C:8C:F8:F9:0A:B8,TRENDnet740_RFJA,[WPA2],2025-3-25 18:56:0,1,-81,34.0609016,-117.1913376,369.40,2.00,WIFI
74:93:DA:1D:4C:E5,SpectrumSetup-E7,[WPA2_PSK],2025-3-25 18:56:0,1,-84,34.0609016,-117.1913376,369.40,2.00,WIFI
74:93:DA:8B:BA:A5,SpectrumSetup-A7,[WPA2_PSK],2025-3-25 18:56:0,1,-87,34.0609016,-117.1913376,369.40,2.00,WIFI
74:37:5F:DA:1F:4B,SpectrumSetup-49,[WPA2_PSK],2025-3-25 18:56:0,1,-90,34.0609016,-117.1913376,369.40,2.00,WIFI
E0:1F:2B:85:25:80,TMOBILE-2577,[WPA2_WPA3_PSK],2025-3-25 18:56:7,6,-84,34.0620499,-117.1913681,370.60,2.00,WIFI
6A:C6:3A:BE:1E:43,W607_539951,[WPA_WPA2_PSK],2025-3-25 18:56:7,6,-86,34.0620499,-117.1913681,370.60,2.00,WIFI
6C:CD:D6:D2:C3:E8,ERROS1,[WPA2_PSK],2025-3-25 18:56:7,6,-90,34.0620499,-117.1913681,370.60,2.00,WIFI
28:EE:52:6D:A4:C4,TP-Link_A4C5,[WPA_WPA2_PSK],2025-3-25 18:56:9,8,-86,34.0623360,-117.1913757,371.90,2.25,WIFI
A0:89:66:8D:E8:E8,,[WPA_WPA2_PSK],2025-3-25 18:56:10,9,-87,34.0624466,-117.1913757,372.20,2.25,WIFI
D0:6D:C9:2F:1E:C6,Frontier1250,[WPA2_PSK],2025-3-25 18:56:12,11,-65,34.0626259,-117.1913605,372.40,2.25,WIFI
E6:CB:BC:49:82:F1,USWInternalFast,[WPA2],2025-3-25 18:56:12,11,-69,34.0626259,-117.1913605,372.40,2.25,WIFI
E0:CB:BC:49:82:F1,USWExternal,[WPA2_PSK],2025-3-25 18:56:12,11,-72,34.0626259,-117.1913605,372.40,2.25,WIFI
DE:CB:BC:49:82:F1,,[WPA2_PSK],2025-3-25 18:56:12,11,-74,34.0626259,-117.1913605,372.40,2.25,WIFI
D0:6D:C9:39:5E:C6,Frontier0177,[WPA2_PSK],2025-3-25 18:56:12,11,-76,34.0626259,-117.1913605,372.40,2.25,WIFI
D6:8D:26:F7:15:30,[LG_Refrigerator]1530,[WPA2_PSK],2025-3-25 18:56:12,11,-85,34.0626259,-117.1913605,372.40,2.25,WIFI
98:1E:19:70:0D:26,MySpectrumWiFi20-2G,[WPA2_PSK],2025-3-25 18:56:12,11,-86,34.0626259,-117.1913605,372.40,2.25,WIFI
24:2F:D0:AE:B7:8A,Rancho Liquor_EXT,[WPA2_PSK],2025-3-25 18:56:12,11,-87,34.0626259,-117.1913605,372.40,2.25,WIFI
28:C6:8E:CF:21:31,ngHub_319436NM0502A,[WPA2_PSK],2025-3-25 18:56:12,11,-89,34.0626259,-117.1913605,372.40,2.25,WIFI
00:5C:C2:4E:30:07,TF-WIFI-CXGDX196,[WPA_WPA2_PSK],2025-3-25 18:56:13,13,-82,34.0626869,-117.1913528,372.60,2.25,WIFI
C0:89:AB:22:9D:18,Frontier4912,[WPA2_PSK],2025-3-25 18:56:13,1,-70,34.0626869,-117.1913528,372.60,2.25,WIFI
38:88:71:02:22:CE,Verizon_3JNB9L,[WPA2_PSK],2025-3-25 18:56:13,1,-71,34.0626869,-117.1913528,372.60,2.25,WIFI
82:2B:F9:D3:F6:59,DIRECT-eOHL-L2350DW_BRf659,[WPA2_PSK],2025-3-25 18:56:13,1,-82,34.0626869,-117.1913528,372.60,2.25,WIFI
1C:BF:CE:D6:64:58,Frontier4912-PRO-2.4G,[WPA2_PSK],2025-3-25 18:56:13,1,-86,34.0626869,-117.1913528,372.60,2.25,WIFI
48:5D:36:24:F1:1A,Smoker's club,[WPA2_PSK],2025-3-25 18:56:13,1,-89,34.0626869,-117.1913528,372.60,2.25,WIFI
54:04:63:FB:09:C0,,[WPA_WPA2_PSK],2025-3-25 18:56:17,2,-83,34.0627518,-117.1913300,372.50,2.25,WIFI
60:45:CB:CA:A1:08,ASUS,[WPA2_PSK],2025-3-25 18:56:18,3,-78,34.0627518,-117.1913300,372.60,2.25,WIFI
00:54:AF:31:29:84,Hotspot2984,[WPA_WPA2_PSK],2025-3-25 18:56:19,4,-78,34.0627518,-117.1913300,372.40,2.25,WIFI
C8:99:B2:CB:15:9D,TMOBILE-159B,[WPA2_WPA3_PSK],2025-3-25 18:56:20,5,-84,34.0627518,-117.1913300,372.50,2.25,WIFI
00:30:44:98:81:07,POS360-,[WPA2_PSK],2025-3-25 18:56:21,6,-77,34.0627480,-117.1913300,372.60,2.25,WIFI
5C:FA:25:A7:23:76,TMOBILE-2371,[WPA2_WPA3_PSK],2025-3-25 18:56:21,6,-80,34.0627480,-117.1913300,372.60,2.25,WIFI
FC:DB:21:19:D3:4B,Bakemark,[WPA2_PSK],2025-3-25 18:56:21,6,-86,34.0627480,-117.1913300,372.60,2.25,WIFI
B0:FC:88:6D:D7:32,Set Free 1,[WPA2_PSK],2025-3-25 18:56:26,11,-79,34.0627480,-117.1913300,372.40,2.25,WIFI
A0:7F:8A:34:98:AC,SpectrumSetup-98A6,[WPA2_PSK],2025-3-25 18:56:29,1,-83,34.0627480,-117.1913300,372.20,2.25,WIFI
A4:97:33:A5:88:59,SpectrumSetup-5B,[WPA2_PSK],2025-3-25 18:56:29,1,-86,34.0627480,-117.1913300,372.20,2.25,WIFI
1C:BF:CE:D1:77:50,Frontier4912-PRO-2.4G,[WPA2_PSK],2025-3-25 18:56:29,1,-86,34.0627480,-117.1913300,372.20,2.25,WIFI
EA:4F:25:DC:36:6B,My VW 9729,[WPA2_PSK],2025-3-25 18:56:35,6,-84,34.0627441,-117.1913223,371.80,2.25,WIFI
DC:92:72:E3:6E:1F,Frontier0245,[WPA2_PSK],2025-3-25 18:56:35,6,-89,34.0627441,-117.1913223,371.80,2.25,WIFI
20:9A:7D:16:58:DE,SpectrumSetup-D8,[WPA2_PSK],2025-3-25 18:56:35,6,-92,34.0627441,-117.1913223,371.80,2.25,WIFI
AC:DF:9F:14:1B:F6,TMOBILE-1BF4,[WPA2_WPA3_PSK],2025-3-25 18:56:38,9,-91,34.0627632,-117.1913223,371.70,2.25,WIFI
0A:FC:88:6D:D7:33,,[WPA2_PSK],2025-3-25 18:56:40,11,-80,34.0628242,-117.1913147,371.50,2.25,WIFI
74:37:5F:C9:5D:7F,SpectrumSetup-7D,[WPA2_PSK],2025-3-25 18:56:40,11,-88,34.0628242,-117.1913147,371.50,2.25,WIFI
B0:FC:88:56:EB:F8,SpectrumSetup-F2,[WPA2_PSK],2025-3-25 18:56:43,1,-63,34.0629120,-117.1914673,371.60,2.25,WIFI
D8:47:32:F5:34:70,NightHawk Wifi_EXT 2.4,[WPA_WPA2_PSK],2025-3-25 18:56:43,1,-86,34.0629120,-117.1914673,371.60,2.25,WIFI
A0:63:91:EF:F5:0D,NETGEAR40,[WPA2_PSK],2025-3-25 18:56:46,3,-84,34.0629120,-117.1918106,370.90,2.25,WIFI
E4:8E:10:7D:7C:74,,[WPA_WPA2_PSK],2025-3-25 18:56:47,4,-87,34.0629120,-117.1919403,370.70,2.25,WIFI
9C:0B:05:FF:7D:87,American Legion,[WPA2_PSK],2025-3-25 18:56:49,6,-58,34.0629196,-117.1922455,370.00,2.25,WIFI
9C:0B:05:FF:7D:84,,[WPA3_PSK],2025-3-25 18:56:49,6,-60,34.0629196,-117.1922455,370.00,2.25,WIFI
9C:0B:05:FF:7D:8A,,[OPEN],2025-3-25 18:56:49,6,-60,34.0629196,-117.1922455,370.00,2.25,WIFI
98:C8:54:AA:C5:AB,Verizon_QHNCV3,[WPA2_PSK],2025-3-25 18:56:49,6,-64,34.0629196,-117.1922455,370.00,2.25,WIFI
84:70:D7:30:62:64,,[WPA3_PSK],2025-3-25 18:56:49,6,-68,34.0629196,-117.1922455,370.00,2.25,WIFI
84:70:D7:30:62:6A,,[OPEN],2025-3-25 18:56:49,6,-68,34.0629196,-117.1922455,370.00,2.25,WIFI
84:70:D7:30:62:67,American Legion,[WPA2_PSK],2025-3-25 18:56:49,6,-68,34.0629196,-117.1922455,370.00,2.25,WIFI
84:70:D7:10:90:A7,American Legion,[WPA2_PSK],2025-3-25 18:56:49,6,-72,34.0629196,-117.1922455,370.00,2.25,WIFI
84:70:D7:10:90:A4,,[WPA3_PSK],2025-3-25 18:56:49,6,-73,34.0629196,-117.1922455,370.00,2.25,WIFI
84:70:D7:10:90:AA,,[OPEN],2025-3-25 18:56:49,6,-74,34.0629196,-117.1922455,370.00,2.25,WIFI
E6:E7:49:B3:19:29,DIRECT-29-HP OfficeJet Pro 9020,[WPA2_PSK],2025-3-25 18:56:49,6,-84,34.0629196,-117.1922455,370.00,2.25,WIFI
6A:22:54:A2:0C:54,,[WPA2_PSK],2025-3-25 18:56:53,9,-80,34.0629196,-117.1928864,368.70,2.25,WIFI
48:22:54:A2:0C:54,PINK HAMMER,[WPA2_PSK],2025-3-25 18:56:53,9,-81,34.0629196,-117.1928864,368.70,2.25,WIFI
5C:FA:25:A8:50:86,TMOBILE-5081,[WPA2_WPA3_PSK],2025-3-25 18:56:55,11,-70,34.0629196,-117.1931458,368.20,2.25,WIFI
2C:00:AB:98:F9:48,Frontier1360,[WPA2_PSK],2025-3-25 18:56:55,11,-83,34.0629196,-117.1931458,368.20,2.25,WIFI
4C:AB:F8:03:C7:1E,Pink Hammer Construction,[WPA2_PSK],2025-3-25 18:56:58,1,-56,34.0629272,-117.1935120,367.70,2.25,WIFI
78:8A:20:24:8B:DC,ToyotaSecure,[WPA2_PSK],2025-3-25 18:56:58,1,-83,34.0629272,-117.1935120,367.70,2.25,WIFI
7E:8A:20:24:8B:DC,TOR,[WPA2_PSK],2025-3-25 18:56:58,1,-83,34.0629272,-117.1935120,367.70,2.25,WIFI
00:6F:F2:B2:A9:A0,WiFi Hotspot 5568,[WPA2_PSK],2025-3-25 18:56:58,1,-88,34.0629272,-117.1935120,367.70,2.25,WIFI
34:98:B5:5A:9D:2F,ShakeysEclub,[WPA2_PSK],2025-3-25 18:57:1,3,-78,34.0629272,-117.1938553,367.10,2.25,WIFI
24:C9:A1:2A:AA:68,Ayres Hotels,[OPEN],2025-3-25 18:57:1,3,-90,34.0629272,-117.1938553,367.10,2.25,WIFI
E0:46:EE:10:9F:FA,FDW2,[WPA2_PSK],2025-3-25 18:57:2,4,-79,34.0629272,-117.1939621,366.80,2.25,WIFI
82:8A:20:24:89:6B,,[WPA2_PSK],2025-3-25 18:57:4,6,-88,34.0629272,-117.1941681,366.40,2.25,WIFI
B0:8B:A8:8C:6A:B3,BLINK-0US2,[OPEN],2025-3-25 18:57:4,6,-90,34.0629272,-117.1941681,366.40,2.25,WIFI
66:E2:20:D8:F5:32,myChevrolet F431,[WPA2_PSK],2025-3-25 18:57:5,7,-90,34.0629272,-117.1942749,366.10,2.25,WIFI
3C:37:86:F2:D6:F5,CWOFFICE,[WPA2_PSK],2025-3-25 18:57:6,8,-78,34.0629311,-117.1943817,365.80,2.25,WIFI
10:0C:6B:25:2F:5C,OFFICE2,[WPA2_PSK],2025-3-25 18:57:8,10,-86,34.0629463,-117.1946030,365.30,2.25,WIFI
24:C9:A1:31:41:B8,Ayres Hotels,[OPEN],2025-3-25 18:57:9,11,-92,34.0629578,-117.1947174,365.00,2.25,WIFI
82:8A:20:24:8B:DC,,[WPA2_PSK],2025-3-25 18:57:12,1,-83,34.0629463,-117.1951065,365.00,2.25,WIFI
2C:E6:CC:12:53:78,Ayres Hotels,[OPEN],2025-3-25 18:57:12,1,-84,34.0629463,-117.1951065,365.00,2.25,WIFI
7E:8A:20:24:89:6B,TOR,[WPA2_PSK],2025-3-25 18:57:18,6,-69,34.0628853,-117.1957626,364.80,2.25,WIFI
78:8A:20:24:89:6B,ToyotaSecure,[WPA2_PSK],2025-3-25 18:57:18,6,-70,34.0628853,-117.1957626,364.80,2.25,WIFI
40:47:5E:E0:6A:A3,,[WPA3_PSK],2025-3-25 18:57:18,6,-75,34.0628853,-117.1957626,364.80,2.25,WIFI
40:47:5E:E0:6A:A9,,[OPEN],2025-3-25 18:57:18,6,-75,34.0628853,-117.1957626,364.80,2.25,WIFI
40:47:5E:E0:6A:A6,Splitz EB,[WPA2_PSK],2025-3-25 18:57:18,6,-75,34.0628853,-117.1957626,364.80,2.25,WIFI
28:EC:22:22:16:AF,Let’s Go Brandon,[WPA2_PSK],2025-3-25 18:57:18,6,-80,34.0628853,-117.1957626,364.80,2.25,WIFI
28:EC:22:22:16:A3,,[WPA3_PSK],2025-3-25 18:57:18,6,-81,34.0628853,-117.1957626,364.80,2.25,WIFI
66:6C:80:61:28:01,DIRECT-01-HP M283 LaserJet,[WPA2_PSK],2025-3-25 18:57:18,6,-83,34.0628853,-117.1957626,364.80,2.25,WIFI
B2:15:A2:CF:D1:94,,[WPA2_PSK],2025-3-25 18:57:18,6,-84,34.0628853,-117.1957626,364.80,2.25,WIFI
AC:15:A2:CF:D1:94,RCC-NET,[WPA2_PSK],2025-3-25 18:57:18,6,-85,34.0628853,-117.1957626,364.80,2.25,WIFI
AC:15:A2:C0:5C:FD,RCC-NET,[WPA2_PSK],2025-3-25 18:57:18,6,-88,34.0628853,-117.1957626,364.80,2.25,WIFI
88:DC:96:4C:50:80,Motel 6 Redlands,[OPEN],2025-3-25 18:57:18,6,-90,34.0628853,-117.1957626,364.80,2.25,WIFI
24:C9:A1:31:5B:C8,Ayres Hotels,[OPEN],2025-3-25 18:57:20,8,-80,34.0628548,-117.1957550,364.20,2.25,WIFI
E0:E1:A9:0B:BC:AB,,[WPA2_PSK],2025-3-25 18:57:23,11,-81,34.0628815,-117.1956940,359.50,2.25,WIFI
78:8A:20:24:89:6F,ToyotaSecure,[WPA2_PSK],2025-3-25 18:57:23,11,-81,34.0628815,-117.1956940,359.50,2.25,WIFI
7E:8A:20:24:89:6F,TOR,[WPA2_PSK],2025-3-25 18:57:23,11,-83,34.0628815,-117.1956940,359.50,2.25,WIFI
E0:E1:A9:0B:FF:A4,RV2458-2.4G,[WPA2_PSK],2025-3-25 18:57:23,11,-85,34.0628815,-117.1956940,359.50,2.25,WIFI
82:8A:20:24:89:6F,,[WPA2_PSK],2025-3-25 18:57:23,11,-85,34.0628815,-117.1956940,359.50,2.25,WIFI
D0:6D:C9:22:97:C6,Frontier0404,[WPA2_PSK],2025-3-25 18:57:23,11,-87,34.0628815,-117.1956940,359.50,2.25,WIFI
60:19:71:F3:5B:A0,DG1670AA2,[WPA2_PSK],2025-3-25 18:57:23,11,-87,34.0628815,-117.1956940,359.50,2.25,WIFI
58:96:71:1E:17:76,Verizon_DR6LYX,[WPA2_PSK],2025-3-25 18:57:23,11,-90,34.0628815,-117.1956940,359.50,2.25,WIFI
24:41:FE:63:15:6E,Verizon_JCP3JL,[WPA2_PSK],2025-3-25 18:57:23,11,-90,34.0628815,-117.1956940,359.50,2.25,WIFI
2C:E6:CC:12:48:88,Ayres Hotels,[OPEN],2025-3-25 18:57:24,1,-88,34.0628929,-117.1956787,360.90,2.25,WIFI
54:21:60:14:19:55,Alula141954,[WPA_WPA2_PSK],2025-3-25 18:57:24,1,-90,34.0628929,-117.1956787,360.90,2.25,WIFI
40:47:5E:E0:6A:AF,Let’s Go Brandon,[WPA2_PSK],2025-3-25 18:57:32,6,-72,34.0629158,-117.1956635,354.00,2.50,WIFI
28:EC:22:1D:1A:CF,Let’s Go Brandon,[WPA2_PSK],2025-3-25 18:57:32,6,-75,34.0629158,-117.1956635,354.00,2.50,WIFI
28:EC:22:1D:1A:C9,,[OPEN],2025-3-25 18:57:32,6,-76,34.0629158,-117.1956635,354.00,2.50,WIFI
60:57:47:9C:15:AE,,[WPA_WPA2_PSK],2025-3-25 18:57:39,1,-87,34.0628128,-117.1951981,336.30,2.50,WIFI
10:DA:43:3A:20:BD,ngHub_319468NM0016D,[WPA2_PSK],2025-3-25 18:57:51,11,-70,34.0628014,-117.1939011,334.00,2.25,WIFI
F2:A3:B2:BD:C5:42,,[WPA2_PSK],2025-3-25 18:57:51,11,-80,34.0628014,-117.1939011,334.00,2.25,WIFI
00:54:AF:AA:4D:FB,Hotspot4DFB,[WPA_WPA2_PSK],2025-3-25 18:57:53,1,-90,34.0627975,-117.1937027,335.00,2.25,WIFI
E8:51:9E:9B:6A:55,ROVE_R2-4K_9b6a55,[WPA_WPA2_PSK],2025-3-25 18:57:53,1,-91,34.0627975,-117.1937027,335.00,2.25,WIFI
86:2A:FD:7A:30:9E,DIRECT-9E-HP M454dw Color LJ,[WPA2_PSK],2025-3-25 18:58:0,6,-83,34.0627594,-117.1933136,340.20,2.25,WIFI
46:6E:7F:87:E0:5A,Galaxy Tab A7 Lite5479,[WPA2_PSK],2025-3-25 18:58:0,6,-87,34.0627594,-117.1933136,340.20,2.25,WIFI
D2:C5:D3:5C:1C:A9,SR4-fKTMUi3GvG3aPqb,[WPA2_PSK],2025-3-25 18:58:1,7,-87,34.0627594,-117.1933060,341.10,2.25,WIFI
58:9B:4A:93:B2:E4,SpectrumSetup-B2E0,[WPA2_PSK],2025-3-25 18:58:5,11,-92,34.0627632,-117.1932831,344.70,2.25,WIFI
F0:3E:90:59:F7:58,Spectrum,[OPEN],2025-3-25 18:58:8,1,-84,34.0627670,-117.1932602,346.40,2.25,WIFI
06:05:95:B0:F4:0A,,[WPA2_PSK],2025-3-25 18:58:8,1,-85,34.0627670,-117.1932602,346.40,2.25,WIFI
F0:3E:90:99:F7:58,Spectrum Free Trial,[OPEN],2025-3-25 18:58:8,1,-85,34.0627670,-117.1932602,346.40,2.25,WIFI
F0:3E:90:D9:F7:58,Spectrum Mobile,[OPEN],2025-3-25 18:58:8,1,-85,34.0627670,-117.1932602,346.40,2.25,WIFI
F4:05:95:B0:F4:09,SpectrumSetup-5D,[WPA2_PSK],2025-3-25 18:58:8,1,-86,34.0627670,-117.1932602,346.40,2.25,WIFI
06:05:95:B0:F4:0B,,[WPA2_PSK],2025-3-25 18:58:8,1,-87,34.0627670,-117.1932602,346.40,2.25,WIFI
6E:3A:1E:84:52:40,RFC,[WPA2_PSK],2025-3-25 18:58:14,6,-82,34.0627823,-117.1930618,353.40,2.25,WIFI
56:3A:1E:84:52:40,,[WPA2_PSK],2025-3-25 18:58:14,6,-83,34.0627823,-117.1930618,353.40,2.25,WIFI
B0:92:4A:20:34:36,TMOBILE-3431,[WPA2_WPA3_PSK],2025-3-25 18:58:14,6,-88,34.0627823,-117.1930618,353.40,2.25,WIFI
A0:D0:DC:1F:6C:0D,BLINK-8UC0,[OPEN],2025-3-25 18:58:14,6,-90,34.0627823,-117.1930618,353.40,2.25,WIFI
FA:6D:CC:A9:FA:BA,myGMC FABA,[WPA2_PSK],2025-3-25 18:58:29,7,-81,34.0627823,-117.1928864,360.50,2.25,WIFI
3A:1A:52:4A:12:65,DIRECT-524A9265,[WPA2_PSK],2025-3-25 18:58:36,1,-86,34.0627861,-117.1928787,361.30,2.25,WIFI
88:67:46:6D:73:69,,[OPEN],2025-3-25 18:58:36,1,-86,34.0627861,-117.1928787,361.30,2.25,WIFI
88:67:46:6D:73:63,,[WPA3_PSK],2025-3-25 18:58:36,1,-87,34.0627861,-117.1928787,361.30,2.25,WIFI
C0:89:AB:3B:42:98,Frontier0144,[WPA2_PSK],2025-3-25 18:58:47,11,-93,34.0627861,-117.1928787,363.00,2.25,WIFI
E8:9C:25:56:DA:12,Home,[WPA2_PSK],2025-3-25 18:59:6,2,-85,34.0627861,-117.1928558,364.40,2.25,WIFI
3C:84:6A:81:B3:B3,ChezSchilling,[WPA2_PSK],2025-3-25 18:59:15,11,-93,34.0627861,-117.1928253,365.50,2.25,WIFI
FC:34:97:1A:EF:28,Home,[WPA2_PSK],2025-3-25 18:59:20,2,-92,34.0627861,-117.1928253,365.70,2.25,WIFI
34:19:4D:BA:F2:E0,TMOBILE-7858,[WPA2_WPA3_PSK],2025-3-25 18:59:47,1,-91,34.0627937,-117.1928253,367.10,2.00,WIFI
84:70:D7:51:C5:CA,,[OPEN],2025-3-25 18:59:58,11,-88,34.0627937,-117.1928177,367.60,2.00,WIFI
84:70:D7:51:C5:C7,yesenia,[WPA2_PSK],2025-3-25 18:59:58,11,-88,34.0627937,-117.1928177,367.60,2.00,WIFI
BA:9F:09:BC:3B:D4,myChevrolet,[WPA2_PSK],2025-3-25 19:0:1,1,-75,34.0627937,-117.1928177,367.70,2.00,WIFI
08:9B:F1:85:F6:29,,[OPEN],2025-3-25 19:0:7,6,-85,34.0627937,-117.1928101,367.60,2.00,WIFI
08:9B:F1:85:F6:23,,[WPA3_PSK],2025-3-25 19:0:7,6,-85,34.0627937,-117.1928101,367.60,2.00,WIFI
08:9B:F1:85:F6:26,American Legion,[WPA2_PSK],2025-3-25 19:0:21,6,-82,34.0627861,-117.1928101,367.00,2.00,WIFI
22:AD:56:2C:95:8B,Hotspot958B,[WPA_WPA2_PSK],2025-3-25 19:0:26,11,-79,34.0627861,-117.1928101,366.90,2.00,WIFI
7C:0C:F6:07:CA:BF,Dash-9573,[WPA2_PSK],2025-3-25 19:0:26,11,-91,34.0627861,-117.1928101,366.90,2.00,WIFI
02:74:A2:45:22:37,iPhone,[WPA2_PSK],2025-3-25 19:0:35,6,-90,34.0627861,-117.1928101,366.50,2.00,WIFI
44:EB:2E:AC:94:36,TOYOTA Highlander_94362eac44eb,[WPA2_PSK],2025-3-25 19:0:40,11,-81,34.0627823,-117.1928101,366.40,2.00,WIFI
BC:82:5D:19:78:72,WiFi Hotspot 9875,[WPA2_PSK],2025-3-25 19:0:49,6,-72,34.0627823,-117.1928101,366.20,2.00,WIFI
00:54:AF:A0:17:24,Hotspot1724,[WPA_WPA2_PSK],2025-3-25 19:1:3,6,-78,34.0627861,-117.1928101,366.30,2.00,WIFI
00:54:AF:F1:AB:17,HotspotAB17,[WPA_WPA2_PSK],2025-3-25 19:1:59,6,-91,34.0627937,-117.1928101,366.20,2.00,WIFI
12:E8:A7:0C:4D:D8,myGMC 4DD8,[WPA2_PSK],2025-3-25 19:2:0,7,-69,34.0627937,-117.1928101,366.20,2.00,WIFI
AC:DF:9F:45:43:7C,TMOBILE-437A,[WPA2_WPA3_PSK],2025-3-25 19:2:12,5,-90,34.0627937,-117.1928101,366.20,2.00,WIFI
EA:4F:25:3C:A3:A0,My VW 4982,[WPA2_PSK],2025-3-25 19:2:13,6,-85,34.0627937,-117.1928101,366.20,2.00,WIFI
00:25:CA:42:67:8D,KeepTruckin Hotspot - 01355378,[WPA2_PSK],2025-3-25 19:2:13,6,-89,34.0627937,-117.1928101,366.20,2.00,WIFI
DE:88:26:78:C3:F5,myChevrolet,[WPA2_PSK],2025-3-25 19:2:21,1,-84,34.0627937,-117.1928101,366.20,2.00,WIFI
0A:EF:75:DB:90:ED,GMC3099,[WPA2_WPA3_PSK],2025-3-25 19:2:27,6,-68,34.0627861,-117.1928101,366.20,2.00,WIFI
C4:49:BB:D8:4C:47,TroysTruck,[WPA2_PSK],2025-3-25 19:2:32,11,-92,34.0627861,-117.1928101,366.20,2.00,WIFI
00:54:AF:6E:94:87,Hotspot9487,[WPA_WPA2_PSK],2025-3-25 19:3:18,1,-62,34.0627861,-117.1928101,366.10,2.00,WIFI
BC:96:E5:D3:02:DE,TMOBILE-02DC,[WPA2_WPA3_PSK],2025-3-25 19:3:43,1,-86,34.0627861,-117.1928101,366.20,2.00,WIFI
88:67:46:6D:73:66,Go Go Router Ranger,[WPA2_PSK],2025-3-25 19:3:43,1,-86,34.0627861,-117.1928101,366.20,2.00,WIFI
7C:0C:F6:0B:7D:53,Dash-5041,[WPA2_PSK],2025-3-25 19:3:43,1,-90,34.0627861,-117.1928101,366.20,2.00,WIFI
00:54:AF:2E:8A:67,Hotspot8A67,[WPA_WPA2_PSK],2025-3-25 19:3:50,6,-93,34.0627861,-117.1928101,366.20,2.00,WIFI
84:70:D7:51:C5:C4,,[WPA3_PSK],2025-3-25 19:3:55,11,-87,34.0627861,-117.1928101,366.20,2.00,WIFI
26:19:72:DC:F9:6D,DIRECT-60-SC2035_355748340739486,[WPA2_PSK],2025-3-25 19:3:57,1,-87,34.0627861,-117.1928101,366.20,2.00,WIFI
C4:49:BB:A8:4F:70,WiFi Hotspot 7381,[WPA2_PSK],2025-3-25 19:3:57,1,-87,34.0627861,-117.1928101,366.20,2.00,WIFI
F0:3E:90:59:F7:53,Recover.Me-19F750,[WPA2_PSK],2025-3-25 19:4:11,1,-83,34.0627823,-117.1928101,366.10,2.00,WIFI
28:56:C1:73:D7:9C,MB WLAN 37248,[WPA_WPA2_PSK],2025-3-25 19:4:18,6,-89,34.0627823,-117.1928101,366.10,2.00,WIFI
BA:9F:09:BE:25:5E,myChevrolet,[WPA2_PSK],2025-3-25 19:4:51,11,-85,34.0627823,-117.1928101,366.10,2.00,WIFI
7C:0C:F6:07:BC:C4,Dash-4816,[WPA2_PSK],2025-3-25 19:5:22,1,-87,34.0627861,-117.1928024,366.00,2.00,WIFI
38:35:FB:AD:AC:1E,MySpectrumWiFi18-2G,[WPA2_PSK],2025-3-25 19:5:50,1,-92,34.0627861,-117.1928024,366.00,2.00,WIFI
00:54:AF:62:0B:D2,Hotspot0BD2,[WPA_WPA2_PSK],2025-3-25 19:6:18,1,-89,34.0627861,-117.1928024,366.20,2.00,WIFI
2C:D1:C6:7B:7F:32,Vehicle Hotspot,[WPA2_PSK],2025-3-25 19:7:35,6,-91,34.0627861,-117.1928024,366.10,1.75,WIFI
C4:49:BB:DE:88:F9,WiFi Hotspot 8234,[WPA2_PSK],2025-3-25 19:7:40,11,-81,34.0627861,-117.1928024,366.10,1.75,WIFI
94:A3:CA:0D:AA:22,moxee broadband43,[WPA2_PSK],2025-3-25 19:7:54,11,-90,34.0627861,-117.1928024,366.10,1.75,WIFI
EC:6E:79:05:9C:31,1949,[WPA2_PSK],2025-3-25 19:8:25,1,-88,34.0627861,-117.1928024,366.10,2.00,WIFI
00:54:AF:67:D8:DA,HotspotD8DA,[WPA_WPA2_PSK],2025-3-25 19:8:47,8,-81,34.0627861,-117.1928024,366.20,1.75,WIFI
02:92:A5:33:D0:97,mcintyre,[WPA2_WPA3_PSK],2025-3-25 19:9:35,1,-89,34.0627823,-117.1928024,366.30,1.75,WIFI
9A:45:6D:D7:6B:7C,GMC9595,[WPA2_WPA3_PSK],2025-3-25 19:10:37,6,-75,34.0627785,-117.1928024,366.20,1.75,WIFI
28:38:5C:3F:B2:C6,HotspotSrMV,[WPA_WPA2_PSK],2025-3-25 19:11:47,6,-87,34.0627747,-117.1928024,366.10,1.75,WIFI
98:5D:46:F5:00:C9,PNet6501766,[WPA2_PSK],2025-3-25 19:11:47,6,-95,34.0627747,-117.1928024,366.10,1.75,WIFI
9A:49:14:48:84:AB,myChevrolet 84ab,[WPA2_PSK],2025-3-25 19:11:55,1,-85,34.0627785,-117.1928024,366.10,1.75,WIFI
3A:B8:00:9F:9F:20,myGMC,[WPA2_PSK],2025-3-25 19:12:48,11,-82,34.0627785,-117.1928024,366.00,1.75,WIFI
96:7D:05:8F:4E:A3,,[WPA2_PSK],2025-3-25 19:12:57,6,-93,34.0627785,-117.1928024,366.00,1.75,WIFI
2C:D2:6B:0D:66:D1,DC_1921433741,[WPA2_PSK],2025-3-25 19:13:11,6,-87,34.0627785,-117.1928024,366.10,1.75,WIFI
12:E8:A7:68:37:6A,Audi_MMI_2454,[WPA2_PSK],2025-3-25 19:13:11,6,-87,34.0627785,-117.1928024,366.10,1.75,WIFI
98:5D:46:05:D0:6B,,[WPA2_PSK],2025-3-25 19:13:31,11,-91,34.0627785,-117.1928024,366.10,1.75,WIFI
8A:5A:85:0B:68:74,myChevrolet,[WPA2_PSK],2025-3-25 19:13:59,11,-79,34.0627785,-117.1928024,366.00,2.00,WIFI
64:67:72:FE:94:A6,TMOBILE-94A4,[WPA2_WPA3_PSK],2025-3-25 19:14:44,1,-87,34.0627785,-117.1928024,366.10,1.75,WIFI
D4:12:43:7D:CC:7A,VAVA_d412437dcc7a,[WPA2_PSK],2025-3-25 19:14:50,6,-72,34.0627785,-117.1928024,366.10,1.75,WIFI
F0:AB:54:42:07:34,James Truck,[WPA2_PSK],2025-3-25 19:16:5,11,-86,34.0627747,-117.1928024,366.00,1.75,WIFI
30:0E:B8:25:39:F8,CAR-4504,[WPA2_PSK],2025-3-25 19:16:11,3,-89,34.0627747,-117.1928024,366.00,1.75,WIFI
88:5A:85:49:1E:4E,hum69316,[WPA2_PSK],2025-3-25 19:16:25,3,-93,34.0627747,-117.1928024,366.10,1.75,WIFI
BC:82:5D:2F:ED:EC,MidMissouriAirsoft,[WPA2_PSK],2025-3-25 19:16:42,6,-83,34.0627747,-117.1928024,366.10,1.75,WIFI
CC:C2:61:33:8D:16,Driveri:6603020320,[WPA_WPA2_PSK],2025-3-25 19:17:24,6,-82,34.0627747,-117.1928024,366.10,1.75,WIFI
BC:82:5D:69:53:DA,WiFi Hotspot 4799,[WPA2_PSK],2025-3-25 19:17:43,11,-89,34.0627747,-117.1928101,366.10,2.00,WIFI
58:16:D7:C9:67:20,CarPlay_6720,[WPA2_PSK],2025-3-25 19:18:41,1,-85,34.0627747,-117.1928253,365.90,1.75,WIFI
B4:EC:02:7A:2A:77,MB Hotspot 19637 2.4 GHz,[WPA2_PSK],2025-3-25 19:18:41,1,-89,34.0627747,-117.1928253,365.90,1.75,WIFI
74:37:5F:A0:F8:83,SpectrumSetup-81,[WPA2_PSK],2025-3-25 19:18:41,1,-93,34.0627747,-117.1928253,365.90,1.75,WIFI
00:54:AF:A9:AB:80,HotspotAB80,[WPA_WPA2_PSK],2025-3-25 19:18:44,2,-89,34.0627747,-117.1928253,365.80,1.75,WIFI
56:3A:1E:84:52:55,,[WPA2_PSK],2025-3-25 19:19:7,11,-74,34.0628204,-117.1921921,366.70,1.75,WIFI
6E:3A:1E:84:52:55,RFC,[WPA2_PSK],2025-3-25 19:19:7,11,-75,34.0628204,-117.1921921,366.70,1.75,WIFI
02:54:AF:FF:5E:E4,Hotspot5EE4,[WPA_WPA2_PSK],2025-3-25 19:19:16,6,-70,34.0628319,-117.1914978,368.40,1.75,WIFI
CC:C2:61:33:8E:FE,Driveri:6603020578,[WPA_WPA2_PSK],2025-3-25 19:19:16,6,-82,34.0628319,-117.1914978,368.40,1.75,WIFI
BC:82:5D:0F:9F:A6,Jeffs Wifi,[WPA2_PSK],2025-3-25 19:19:16,6,-91,34.0628319,-117.1914978,368.40,1.75,WIFI
2E:68:C6:BD:13:1D,Porsche_WLAN_6660,[WPA2_PSK],2025-3-25 19:19:30,6,-78,34.0628357,-117.1914978,368.90,1.75,WIFI
A8:A2:37:86:77:88,Verizon_SFLPT4,[WPA2_PSK],2025-3-25 19:19:44,6,-82,34.0628395,-117.1914902,369.10,1.75,WIFI
2C:4C:C6:B3:4B:DC,TOYOTA 4Runner_4BDCC6B32C4C,[WPA2_PSK],2025-3-25 19:19:44,6,-86,34.0628395,-117.1914902,369.10,1.75,WIFI
22:AD:56:2A:E4:BF,HotspotE4BF,[WPA_WPA2_PSK],2025-3-25 19:19:49,11,-86,34.0628395,-117.1914291,369.20,1.75,WIFI
C8:B4:22:D3:C2:26,MySpectrumWiFi28-2G,[WPA2_PSK],2025-3-25 19:19:49,11,-86,34.0628395,-117.1914291,369.20,1.75,WIFI
88:67:46:D1:FB:26,Harvey Home ,[WPA2_PSK],2025-3-25 19:19:58,6,-71,34.0632515,-117.1912079,370.20,1.75,WIFI
88:67:46:D1:FB:29,,[OPEN],2025-3-25 19:19:58,6,-72,34.0632515,-117.1912079,370.20,1.75,WIFI
88:67:46:D1:FB:23,,[WPA3_PSK],2025-3-25 19:19:58,6,-73,34.0632515,-117.1912079,370.20,1.75,WIFI
08:F0:1E:EA:A3:43,,[WPA3_PSK],2025-3-25 19:19:58,6,-74,34.0632515,-117.1912079,370.20,1.75,WIFI
08:F0:1E:EA:A3:49,,[OPEN],2025-3-25 19:19:58,6,-74,34.0632515,-117.1912079,370.20,1.75,WIFI
08:F0:1E:EA:A3:46,Harvey Home ,[WPA2_PSK],2025-3-25 19:19:58,6,-74,34.0632515,-117.1912079,370.20,1.75,WIFI
32:B4:B8:28:50:D9,My VW 4615,[WPA2_PSK],2025-3-25 19:19:58,6,-77,34.0632515,-117.1912079,370.20,1.75,WIFI
F0:B6:61:64:EB:E4,,[WPA3_PSK],2025-3-25 19:20:3,11,-73,34.0637245,-117.1911774,370.40,1.75,WIFI
F0:B6:61:64:EB:EA,,[OPEN],2025-3-25 19:20:3,11,-73,34.0637245,-117.1911774,370.40,1.75,WIFI
F0:B6:61:64:EB:E7,RebelSquad,[WPA2_PSK],2025-3-25 19:20:3,11,-75,34.0637245,-117.1911774,370.40,1.75,WIFI
60:F4:19:40:2D:89,,[OPEN],2025-3-25 19:20:6,1,-81,34.0640182,-117.1911774,370.20,1.75,WIFI
60:F4:19:40:2D:86,Salfam777,[WPA2_PSK],2025-3-25 19:20:6,1,-82,34.0640182,-117.1911774,370.20,1.75,WIFI
60:F4:19:51:52:26,Salfam777,[WPA2_PSK],2025-3-25 19:20:6,1,-84,34.0640182,-117.1911774,370.20,1.75,WIFI
60:F4:19:51:52:29,,[OPEN],2025-3-25 19:20:6,1,-85,34.0640182,-117.1911774,370.20,1.75,WIFI
00:C8:96:D0:E0:DA,,[WPA_WPA2_PSK],2025-3-25 19:20:11,5,-88,34.0646095,-117.1911926,369.50,1.75,WIFI
00:7F:28:68:73:E1,JMPPC,[WPA2_PSK],2025-3-25 19:20:12,6,-66,34.0647354,-117.1911926,369.40,1.75,WIFI
60:5B:B4:DB:0C:9B,PS4-3F017BC5EE8D,[WPA2_PSK],2025-3-25 19:20:12,6,-72,34.0647354,-117.1911926,369.40,1.75,WIFI
D4:3F:32:97:DD:E3,,[WPA3_PSK],2025-3-25 19:20:12,6,-73,34.0647354,-117.1911926,369.40,1.75,WIFI
D4:3F:32:97:DD:E9,,[OPEN],2025-3-25 19:20:12,6,-73,34.0647354,-117.1911926,369.40,1.75,WIFI
D4:3F:32:97:DD:E6,WeloveGod,[WPA2_PSK],2025-3-25 19:20:12,6,-75,34.0647354,-117.1911926,369.40,1.75,WIFI
84:1E:A3:32:20:EE,RedlandsHouse,[WPA2_PSK],2025-3-25 19:20:12,6,-78,34.0647354,-117.1911926,369.40,1.75,WIFI
E8:D3:EB:D5:C2:46,The Shire,[WPA2_PSK],2025-3-25 19:20:12,6,-78,34.0647354,-117.1911926,369.40,1.75,WIFI
AC:91:9B:86:0A:2A,Verizon_9YK3CQ,[WPA2_PSK],2025-3-25 19:20:12,6,-80,34.0647354,-117.1911926,369.40,1.75,WIFI
E8:D3:EB:D5:C2:49,,[OPEN],2025-3-25 19:20:12,6,-80,34.0647354,-117.1911926,369.40,1.75,WIFI
74:93:DA:0F:38:AD,SpectrumSetup-AF,[WPA2_PSK],2025-3-25 19:20:12,6,-82,34.0647354,-117.1911926,369.40,1.75,WIFI
C4:E5:32:DE:6C:88,TMOBILE-6C86,[WPA2_WPA3_PSK],2025-3-25 19:20:15,8,-72,34.0651398,-117.1911850,370.50,1.75,WIFI
18:A5:FF:A3:2B:F6,TMOBILE-2BF4,[WPA2_WPA3_PSK],2025-3-25 19:20:15,8,-86,34.0651398,-117.1911850,370.50,1.75,WIFI
AC:DF:9F:7E:55:BE,1547,[WPA2_WPA3_PSK],2025-3-25 19:20:18,11,-79,34.0655594,-117.1911850,371.00,1.75,WIFI
0E:96:E6:A4:68:0D,DIRECT-0d-HP M477 LaserJet,[WPA2_PSK],2025-3-25 19:20:18,11,-86,34.0655594,-117.1911850,371.00,1.75,WIFI
AC:F1:08:C2:E6:DB,AT_301_WLRGL5823S_e6db,[WPA2_PSK],2025-3-25 19:20:18,11,-87,34.0655594,-117.1911850,371.00,1.75,WIFI
24:81:3B:53:41:40,HACSB-TEST,[WPA2_WPA3_PSK],2025-3-25 19:20:18,11,-88,34.0655594,-117.1911850,371.00,1.75,WIFI
74:37:5F:F9:C3:B9,SpectrumSetup-B7,[WPA2_PSK],2025-3-25 19:20:21,1,-76,34.0659828,-117.1911850,370.80,1.75,WIFI
34:19:4D:AF:48:CC,TMOBILE-2BF4,[WPA2_WPA3_PSK],2025-3-25 19:20:21,1,-77,34.0659828,-117.1911850,370.80,1.75,WIFI
2C:58:4F:66:A4:D8,Frontier1120,[WPA_WPA2_PSK],2025-3-25 19:20:21,1,-82,34.0659828,-117.1911850,370.80,1.75,WIFI
7E:D2:94:C4:16:50,Kevin's Kingdom,[WPA2_PSK],2025-3-25 19:20:25,4,-70,34.0665207,-117.1911774,369.60,1.75,WIFI
7E:D2:94:C4:09:76,Kevin's Kingdom,[WPA2_PSK],2025-3-25 19:20:25,4,-73,34.0665207,-117.1911774,369.60,1.75,WIFI
F8:5B:3B:3C:05:C1,FAM-VERA.GUZMAN,[WPA2_PSK],2025-3-25 19:20:27,6,-62,34.0668144,-117.1911774,369.20,1.75,WIFI
0C:83:CC:C3:F7:A0,tlc3f7a0,[WPA2_PSK],2025-3-25 19:20:27,6,-83,34.0668144,-117.1911774,369.20,1.75,WIFI
4C:19:5D:77:21:82,SpectrumSetup-7C,[WPA2_PSK],2025-3-25 19:20:27,6,-83,34.0668144,-117.1911774,369.20,1.75,WIFI
AC:B6:87:3D:89:11,Verizon_KLS6HZ,[WPA2_PSK],2025-3-25 19:20:27,6,-86,34.0668144,-117.1911774,369.20,1.75,WIFI
A0:55:1F:16:F6:5C,WhiskeyBoy7,[WPA2_PSK],2025-3-25 19:20:27,6,-90,34.0668144,-117.1911774,369.20,1.75,WIFI
84:1E:A3:D1:75:4E,SpectrumSetup-48,[WPA2_PSK],2025-3-25 19:20:27,6,-91,34.0668144,-117.1911774,369.20,1.75,WIFI
0A:96:E5:49:DC:84,,[WPA2_PSK],2025-3-25 19:20:27,6,-92,34.0668144,-117.1911774,369.20,1.75,WIFI
B2:36:C9:87:37:1A,CFC Apostolic-Guest,[WPA2_PSK],2025-3-25 19:20:27,7,-91,34.0668144,-117.1911774,369.20,1.75,WIFI
08:36:C9:87:37:19,CFC Apostolic,[WPA2_PSK],2025-3-25 19:20:27,7,-92,34.0668144,-117.1911774,369.20,1.75,WIFI
FC:B2:D6:C7:72:74,,[WPA_WPA2_PSK],2025-3-25 19:20:30,9,-74,34.0672874,-117.1911697,368.90,1.75,WIFI
26:21:5E:06:97:0A,TeslaPW_GXVKVE,[WPA2_PSK],2025-3-25 19:20:32,11,-82,34.0676003,-117.1911697,369.00,1.75,WIFI
0C:83:CC:C6:D5:0E,tlc6d50e,[WPA2_PSK],2025-3-25 19:20:32,11,-84,34.0676003,-117.1911697,369.00,1.75,WIFI
26:21:5E:06:2C:7E,TeslaPW_BNMDRG,[WPA2_PSK],2025-3-25 19:20:32,11,-84,34.0676003,-117.1911697,369.00,1.75,WIFI
1C:B0:44:E0:0E:23,MySpectrumWiFi25-2G,[WPA2_PSK],2025-3-25 19:20:32,11,-84,34.0676003,-117.1911697,369.00,1.75,WIFI
2C:EA:DC:95:36:77,SpectrumSetup-79,[WPA2_PSK],2025-3-25 19:20:32,11,-85,34.0676003,-117.1911697,369.00,1.75,WIFI
DA:E3:5E:CA:18:29,[LG_Oven]1829,[WPA2_PSK],2025-3-25 19:20:32,11,-88,34.0676003,-117.1911697,369.00,1.75,WIFI
FC:12:63:D7:91:AA,MartinezHM,[WPA2_PSK],2025-3-25 19:20:35,1,-64,34.0680504,-117.1911697,368.90,1.75,WIFI
28:EC:22:13:92:43,,[WPA3_PSK],2025-3-25 19:20:35,1,-66,34.0680504,-117.1911697,368.90,1.75,WIFI
28:EC:22:13:92:46,SpectrumSetup-65,[WPA2_PSK],2025-3-25 19:20:35,1,-67,34.0680504,-117.1911697,368.90,1.75,WIFI
28:EC:22:13:92:49,,[OPEN],2025-3-25 19:20:35,1,-67,34.0680504,-117.1911697,368.90,1.75,WIFI
F4:52:46:D4:7B:E2,Tismnetwork,[WPA2_PSK],2025-3-25 19:20:35,1,-73,34.0680504,-117.1911697,368.90,1.75,WIFI
F4:30:B9:B3:23:F6,DIRECT-F5-HP OfficeJet 4650,[WPA2_PSK],2025-3-25 19:20:35,1,-82,34.0680504,-117.1911697,368.90,1.75,WIFI
90:D3:CF:17:12:7B,SpectrumSetup-127E,[WPA2_PSK],2025-3-25 19:20:35,1,-86,34.0680504,-117.1911697,368.90,1.75,WIFI
58:9B:4A:9E:9E:CA,SpectrumSetup-9EC6,[WPA2_PSK],2025-3-25 19:20:35,1,-90,34.0680504,-117.1911697,368.90,1.75,WIFI
34:53:D2:1E:FA:D6,Garcia,[WPA2_PSK],2025-3-25 19:20:35,1,-90,34.0680504,-117.1911697,368.90,1.75,WIFI
F0:7B:65:D5:98:EB,CGGM,[WPA2_PSK],2025-3-25 19:20:35,1,-91,34.0680504,-117.1911697,368.90,1.75,WIFI
A0:7F:8A:57:F4:7B,SpectrumSetup-9D,[WPA2_PSK],2025-3-25 19:20:35,1,-91,34.0680504,-117.1911697,368.90,1.75,WIFI
6C:99:61:CC:12:1E,SpectrumSetup-18,[WPA2_PSK],2025-3-25 19:20:41,6,-75,34.0689278,-117.1911697,369.30,1.75,WIFI
68:4A:76:1C:3D:87,,[OPEN],2025-3-25 19:20:41,6,-82,34.0689278,-117.1911697,369.30,1.75,WIFI
60:D5:61:00:75:FD,,[WPA2_PSK],2025-3-25 19:20:41,6,-89,34.0689278,-117.1911697,369.30,1.75,WIFI
08:36:C9:87:36:BC,CFC Apostolic,[WPA2_PSK],2025-3-25 19:20:42,7,-76,34.0690689,-117.1911621,369.20,1.75,WIFI
9C:0B:05:72:42:C7,Frontier,[WPA2_PSK],2025-3-25 19:20:46,11,-82,34.0695992,-117.1911621,369.70,1.75,WIFI
9C:0B:05:72:42:C4,,[WPA3_PSK],2025-3-25 19:20:46,11,-83,34.0695992,-117.1911621,369.70,1.75,WIFI
9C:0B:05:72:42:CA,,[OPEN],2025-3-25 19:20:46,11,-83,34.0695992,-117.1911621,369.70,1.75,WIFI
F0:7B:65:6D:CE:4A,SpectrumSetup-BF,[WPA2_PSK],2025-3-25 19:20:46,11,-87,34.0695992,-117.1911621,369.70,1.75,WIFI
E8:AD:A6:54:EA:06,Diaz Wifi,[WPA2_PSK],2025-3-25 19:20:46,11,-87,34.0695992,-117.1911621,369.70,1.75,WIFI
D4:A9:28:0F:5C:62,FiOS-2N7OH,[WPA2_PSK],2025-3-25 19:20:46,11,-88,34.0695992,-117.1911621,369.70,1.75,WIFI
08:33:ED:FA:4A:F5,SpectrumSetup-F7,[WPA2_PSK],2025-3-25 19:20:46,11,-89,34.0695992,-117.1911621,369.70,1.75,WIFI
08:3A:2F:11:D0:31,NVR083a2f11d031,[WPA2_PSK],2025-3-25 19:20:48,13,-92,34.0698090,-117.1911621,369.80,1.75,WIFI
88:67:46:5D:C6:66,Home,[WPA2_PSK],2025-3-25 19:20:48,1,-73,34.0698090,-117.1911621,369.80,1.75,WIFI
88:67:46:5D:C6:69,,[OPEN],2025-3-25 19:20:48,1,-74,34.0698090,-117.1911621,369.80,1.75,WIFI
88:67:46:5D:C6:63,,[WPA3_PSK],2025-3-25 19:20:48,1,-75,34.0698090,-117.1911621,369.80,1.75,WIFI
F0:7B:65:D7:7B:23,IH-0000131135,[WPA2_PSK],2025-3-25 19:20:48,1,-84,34.0698090,-117.1911621,369.80,1.75,WIFI
C4:A8:16:0F:DF:C5,,[WPA3_PSK],2025-3-25 19:20:48,1,-88,34.0698090,-117.1911621,369.80,1.75,WIFI
0A:4A:A6:F5:56:6E,<3,[WPA2_PSK],2025-3-25 19:20:48,1,-89,34.0698090,-117.1911621,369.80,1.75,WIFI
22:AD:56:3B:A8:2D,HotspotA82D,[WPA_WPA2_PSK],2025-3-25 19:20:48,1,-89,34.0698090,-117.1911621,369.80,1.75,WIFI
DC:4A:3E:35:36:48,DIRECT-47-HP ENVY 4520 series,[WPA2_PSK],2025-3-25 19:20:55,6,-70,34.0700607,-117.1911774,368.90,1.75,WIFI
9C:A5:70:50:B9:65,Chris,[WPA2_PSK],2025-3-25 19:20:55,6,-71,34.0700607,-117.1911774,368.90,1.75,WIFI
28:38:5C:94:E6:A7,HotspotPbXu,[WPA_WPA2_PSK],2025-3-25 19:20:55,6,-71,34.0700607,-117.1911774,368.90,1.75,WIFI
5A:E4:03:40:39:0D,Audi_MMI_5158,[WPA2_PSK],2025-3-25 19:20:55,6,-77,34.0700607,-117.1911774,368.90,1.75,WIFI
2C:67:BE:0F:46:31,Hazel Rulz,[WPA2_PSK],2025-3-25 19:20:55,6,-77,34.0700607,-117.1911774,368.90,1.75,WIFI
C0:C9:E3:CB:2F:03,Rodriguez,[WPA_WPA2_PSK],2025-3-25 19:20:58,9,-91,34.0701447,-117.1913834,368.20,1.75,WIFI
C4:F1:74:E4:53:0A,,[OPEN],2025-3-25 19:21:0,11,-81,34.0701523,-117.1916428,368.60,1.75,WIFI
C4:F1:74:E4:53:07,LonelyLife,[WPA2_PSK],2025-3-25 19:21:0,11,-81,34.0701523,-117.1916428,368.60,1.75,WIFI
F4:05:95:D6:33:AD,SpectrumSetup-A7,[WPA2_PSK],2025-3-25 19:21:0,11,-84,34.0701523,-117.1916428,368.60,1.75,WIFI
D8:0F:99:AF:08:78,Garcia-2.4G,[WPA2_PSK],2025-3-25 19:21:2,1,-74,34.0701523,-117.1919708,368.60,1.75,WIFI
62:E6:F0:5A:0D:2D,kmdm22,[WPA2_PSK],2025-3-25 19:21:2,1,-82,34.0701523,-117.1919708,368.60,1.75,WIFI
84:1E:A3:CE:E7:56,SpectrumSetup-50,[WPA2_PSK],2025-3-25 19:21:2,1,-82,34.0701523,-117.1919708,368.60,1.75,WIFI
4C:19:5D:0F:A9:59,lopez family,[WPA2_PSK],2025-3-25 19:21:2,1,-84,34.0701523,-117.1919708,368.60,1.75,WIFI
54:04:63:C8:4E:39,,[WPA_WPA2_PSK],2025-3-25 19:21:2,1,-87,34.0701523,-117.1919708,368.60,1.75,WIFI
00:26:B4:4F:10:0A,SYNC_XR5XKWMY,[WPA2_PSK],2025-3-25 19:21:2,1,-94,34.0701523,-117.1919708,368.60,1.75,WIFI
F0:B6:61:A1:91:C4,,[WPA3_PSK],2025-3-25 19:21:9,6,-74,34.0701675,-117.1933289,367.40,1.75,WIFI
F0:B6:61:A1:91:CA,,[OPEN],2025-3-25 19:21:9,6,-75,34.0701675,-117.1933289,367.40,1.75,WIFI
F0:B6:61:A1:91:C7,Ramfam2319,[WPA2_PSK],2025-3-25 19:21:9,6,-75,34.0701675,-117.1933289,367.40,1.75,WIFI
22:EF:BD:A6:62:E0,,[WPA2_PSK],2025-3-25 19:21:9,6,-77,34.0701675,-117.1933289,367.40,1.75,WIFI
8A:5A:85:45:74:47,lisascar,[WPA2_PSK],2025-3-25 19:21:9,6,-80,34.0701675,-117.1933289,367.40,1.75,WIFI
9C:57:BC:50:41:86,Ramfam2319,[WPA2_PSK],2025-3-25 19:21:9,6,-82,34.0701675,-117.1933289,367.40,1.75,WIFI
68:49:92:16:BD:D0,Teledyne-Employee,[WPA2],2025-3-25 19:21:9,6,-82,34.0701675,-117.1933289,367.40,1.75,WIFI
66:49:92:16:BD:D0,Teledyne-Resources,[WPA2_PSK],2025-3-25 19:21:9,6,-83,34.0701675,-117.1933289,367.40,1.75,WIFI
9C:57:BC:50:41:89,,[OPEN],2025-3-25 19:21:9,6,-83,34.0701675,-117.1933289,367.40,1.75,WIFI
6E:49:92:16:BD:D0,Teledyne-Guest,[WPA2_PSK],2025-3-25 19:21:9,6,-84,34.0701675,-117.1933289,367.40,1.75,WIFI
56:49:92:16:BD:D0,,[WPA2_PSK],2025-3-25 19:21:9,6,-84,34.0701675,-117.1933289,367.40,1.75,WIFI
12:36:C9:26:62:67,,[WPA2_PSK],2025-3-25 19:21:9,7,-76,34.0701675,-117.1933289,367.40,1.75,WIFI
0E:36:C9:26:62:67,ORBI31,[WPA2_PSK],2025-3-25 19:21:9,7,-86,34.0701675,-117.1933289,367.40,1.75,WIFI
46:94:ED:2B:84:E9,NETGEAR-Guest,[WPA2_PSK],2025-3-25 19:21:9,7,-91,34.0701675,-117.1933289,367.40,1.75,WIFI
60:E8:5B:CC:B7:7A,ENVOY_029306,[OPEN],2025-3-25 19:21:20,3,-90,34.0702209,-117.1949997,366.90,1.75,WIFI
4C:22:F3:37:BD:9F,Verizon_7H6TQ4,[WPA2_PSK],2025-3-25 19:21:23,6,-88,34.0702171,-117.1951141,367.00,1.75,WIFI
16:36:C9:26:62:67,NETGEAR-Guest,[WPA2_PSK],2025-3-25 19:21:24,7,-78,34.0702171,-117.1951141,367.00,1.75,WIFI
3E:94:ED:2B:84:E9,ORBI31,[WPA2_PSK],2025-3-25 19:21:24,7,-83,34.0702171,-117.1951141,367.00,1.75,WIFI
48:2F:6B:86:60:66,lattice,[WPA2_PSK],2025-3-25 19:21:29,11,-83,34.0702171,-117.1951141,367.00,1.75,WIFI
48:2F:6B:86:60:63,demopool2,[WPA2_PSK],2025-3-25 19:21:29,11,-84,34.0702171,-117.1951141,367.00,1.75,WIFI
48:2F:6B:86:60:60,demopool1,[WPA2_PSK],2025-3-25 19:21:29,11,-85,34.0702171,-117.1951141,367.00,1.75,WIFI
48:2F:6B:86:60:61,Guest-WiFi,[OPEN],2025-3-25 19:21:29,11,-85,34.0702171,-117.1951141,367.00,1.75,WIFI
7E:45:58:2A:45:82,TOR,[WPA2_PSK],2025-3-25 19:21:29,11,-88,34.0702171,-117.1951141,367.00,1.75,WIFI
AA:17:C8:07:F9:7A,dartdisplay,[WPA2_PSK],2025-3-25 19:21:33,1,-78,34.0702171,-117.1951141,366.90,1.75,WIFI
92:17:C8:07:F9:7A,,[WPA2_PSK],2025-3-25 19:21:33,1,-79,34.0702171,-117.1951141,366.90,1.75,WIFI
4C:19:5D:B3:A2:DC,SpectrumSetup-A0,[WPA2_PSK],2025-3-25 19:21:33,1,-90,34.0702171,-117.1951141,366.90,1.75,WIFI
40:47:5E:82:40:E3,,[WPA3_PSK],2025-3-25 19:21:38,6,-81,34.0702171,-117.1952972,365.90,1.75,WIFI
40:47:5E:82:40:E9,,[OPEN],2025-3-25 19:21:38,6,-81,34.0702171,-117.1952972,365.90,1.75,WIFI
40:47:5E:82:40:E6,JenJen,[WPA2_PSK],2025-3-25 19:21:38,6,-83,34.0702171,-117.1952972,365.90,1.75,WIFI
28:38:5C:4B:98:C0,HotspotAvgu,[WPA_WPA2_PSK],2025-3-25 19:21:38,6,-83,34.0702171,-117.1952972,365.90,1.75,WIFI
74:37:5F:30:AD:7B,TheOlivashub,[WPA2_PSK],2025-3-25 19:21:43,11,-87,34.0702209,-117.1958847,365.10,1.75,WIFI
78:45:58:2A:45:82,ToyotaSecure,[WPA2_PSK],2025-3-25 19:21:43,11,-89,34.0702209,-117.1958847,365.10,1.75,WIFI
A0:89:66:8D:CB:A8,,[WPA_WPA2_PSK],2025-3-25 19:21:43,11,-94,34.0702209,-117.1958847,365.10,1.75,WIFI
EE:55:A8:94:18:1C,,[WPA2_PSK],2025-3-25 19:21:47,1,-73,34.0702286,-117.1964722,364.20,1.75,WIFI
EA:55:A8:94:18:1C,,[WPA2_PSK],2025-3-25 19:21:47,1,-73,34.0702286,-117.1964722,364.20,1.75,WIFI
DA:55:A8:94:18:1C,,[WPA2_PSK],2025-3-25 19:21:47,1,-73,34.0702286,-117.1964722,364.20,1.75,WIFI
E2:55:A8:94:18:1C,Jacks_Guest,[OPEN],2025-3-25 19:21:47,1,-78,34.0702286,-117.1964722,364.20,1.75,WIFI
B6:8B:A9:5C:CA:E5,TOR,[WPA2_PSK],2025-3-25 19:21:47,1,-91,34.0702286,-117.1964722,364.20,1.75,WIFI
BC:82:5D:CF:B1:D0,WiFi Hotspot 0733,[WPA2_PSK],2025-3-25 19:21:47,1,-92,34.0702286,-117.1964722,364.20,1.75,WIFI
00:30:44:5A:E3:D6,IBR600C-3d5,[WPA2_PSK],2025-3-25 19:21:47,1,-92,34.0702286,-117.1964722,364.20,1.75,WIFI
EC:6E:79:05:A2:4B,1636,[WPA2_PSK],2025-3-25 19:21:52,6,-80,34.0702362,-117.1971436,363.00,1.75,WIFI
28:38:5C:48:9C:04,HotspotNpYX,[WPA_WPA2_PSK],2025-3-25 19:21:52,6,-83,34.0702362,-117.1971436,363.00,1.75,WIFI
FC:DB:21:23:62:83,S_ELD_HS,[WPA2_PSK],2025-3-25 19:21:52,6,-83,34.0702362,-117.1971436,363.00,1.75,WIFI
A4:11:62:82:5E:4E,ARLO_VMB_3179771788,[WPA2_PSK],2025-3-25 19:21:52,6,-89,34.0702362,-117.1971436,363.00,1.75,WIFI
FA:4A:FC:95:4D:70,Lilysace,[WPA2_PSK],2025-3-25 19:21:52,6,-92,34.0702362,-117.1971436,363.00,1.75,WIFI
2C:00:AB:D6:78:98,Frontier1648,[WPA2_PSK],2025-3-25 19:21:57,11,-92,34.0702477,-117.1977310,362.00,1.75,WIFI
92:17:C8:07:FD:DB,,[WPA2_PSK],2025-3-25 19:22:0,1,-85,34.0702515,-117.1980896,361.10,1.75,WIFI
AA:17:C8:07:FD:DB,dartdisplay,[WPA2_PSK],2025-3-25 19:22:0,1,-86,34.0702515,-117.1980896,361.10,1.75,WIFI
E8:4E:06:87:1B:25,PWM87193,[WPA2_PSK],2025-3-25 19:22:0,1,-89,34.0702515,-117.1980896,361.10,1.75,WIFI
9A:49:14:15:4E:B3,myChevrolet,[WPA2_PSK],2025-3-25 19:22:0,1,-92,34.0702515,-117.1980896,361.10,1.75,WIFI
36:45:7D:28:42:C0,SpaceZ,[WPA2_PSK],2025-3-25 19:22:0,1,-93,34.0702515,-117.1980896,361.10,1.75,WIFI
E8:D2:FF:B2:37:8E,SpectrumSetup-88,[WPA2_PSK],2025-3-25 19:22:6,6,-91,34.0702705,-117.1988297,359.50,1.75,WIFI
84:70:51:0C:44:5E,CarPlay_445e,[WPA2_PSK],2025-3-25 19:22:14,1,-89,34.0706863,-117.1992645,357.80,1.75,WIFI
34:19:4D:AD:08:90,TMOBILE-AD6E,[WPA2_WPA3_PSK],2025-3-25 19:22:16,2,-91,34.0709267,-117.1993713,357.60,1.75,WIFI
F0:22:1D:8D:BA:89,,[WPA2_PSK],2025-3-25 19:22:26,13,-94,34.0725441,-117.2000122,355.40,1.75,WIFI
84:1E:A3:2E:E2:B6,SpectrumSetup-B0,[WPA2_PSK],2025-3-25 19:22:34,6,-92,34.0740967,-117.1999741,353.90,1.75,WIFI
AC:DF:9F:7C:AE:AC,BoxersBitch,[WPA2_WPA3_PSK],2025-3-25 19:22:36,8,-92,34.0745163,-117.1999588,353.40,1.75,WIFI
14:7D:05:96:57:F3,TheLoveBoat,[WPA2_PSK],2025-3-25 19:22:39,11,-88,34.0751572,-117.1999359,352.90,1.75,WIFI
F4:05:95:7C:43:5B,ODEH72,[WPA2_PSK],2025-3-25 19:22:48,6,-88,34.0768890,-117.1995926,353.20,1.75,WIFI
14:22:3B:64:11:80,pollyworld,[WPA2_PSK],2025-3-25 19:22:48,6,-93,34.0768890,-117.1995926,353.20,1.75,WIFI
82:18:88:C7:52:CE,TT_MJR26,[WPA2_PSK],2025-3-25 19:22:53,11,-82,34.0775452,-117.1993713,353.20,1.75,WIFI
A6:18:88:C7:52:CE,,[WPA2_PSK],2025-3-25 19:22:53,11,-82,34.0775452,-117.1993713,353.20,1.75,WIFI
98:18:88:C7:52:CE,Link-73,[WPA2_PSK],2025-3-25 19:22:53,11,-83,34.0775452,-117.1993713,353.20,1.75,WIFI
58:9B:4A:82:6F:98,Rambo909,[WPA2_PSK],2025-3-25 19:22:56,1,-92,34.0778770,-117.1992645,354.40,1.75,WIFI
04:17:B6:50:5E:04,,[WPA_WPA2_PSK],2025-3-25 19:22:58,2,-77,34.0781364,-117.1992035,355.30,1.75,WIFI
30:34:22:05:5A:06,Olive&Simba,[WPA2_PSK],2025-3-25 19:23:2,6,-85,34.0787125,-117.1993408,357.70,1.75,WIFI
A4:11:62:00:51:24,NETGEAR78,[WPA2_PSK],2025-3-25 19:23:2,6,-90,34.0787125,-117.1993408,357.70,1.75,WIFI
14:7D:05:50:22:4B,SpectrumSetup-49,[WPA2_PSK],2025-3-25 19:23:2,6,-91,34.0787125,-117.1993408,357.70,1.75,WIFI
CE:22:26:D4:3F:FA,Trailblazer,[WPA2_PSK],2025-3-25 19:23:24,1,-84,34.0827370,-117.2004776,354.40,1.75,WIFI
76:FE:CE:2C:A6:4E,McIverDeco,[WPA2_PSK],2025-3-25 19:23:27,3,-86,34.0832825,-117.2004776,353.50,1.75,WIFI
74:FE:CE:0C:A6:46,,[WPA2_PSK],2025-3-25 19:23:27,3,-89,34.0832825,-117.2004776,353.50,1.75,WIFI
76:FE:CE:2C:A6:46,McIverDeco,[WPA2_PSK],2025-3-25 19:23:27,3,-91,34.0832825,-117.2004776,353.50,1.75,WIFI
F8:55:CD:F0:91:36,Hotspot4vQR,[WPA_WPA2_PSK],2025-3-25 19:23:30,6,-68,34.0838890,-117.2004852,352.30,1.75,WIFI
6E:82:26:A4:52:79,king12,[WPA2_WPA3_PSK],2025-3-25 19:23:30,6,-74,34.0838890,-117.2004852,352.30,1.75,WIFI
C8:C6:FE:16:57:A3,,[WPA3_PSK],2025-3-25 19:23:30,6,-84,34.0838890,-117.2004852,352.30,1.75,WIFI
C8:C6:FE:16:57:A9,,[OPEN],2025-3-25 19:23:30,6,-85,34.0838890,-117.2004852,352.30,1.75,WIFI
C8:C6:FE:16:57:A6,Our house,[WPA2_PSK],2025-3-25 19:23:30,6,-85,34.0838890,-117.2004852,352.30,1.75,WIFI
2E:70:4E:DA:BC:55,CALLEROS IoT,[WPA2_PSK],2025-3-25 19:23:30,6,-94,34.0838890,-117.2004852,352.30,1.75,WIFI
FA:6D:CC:A9:B2:6F,myChevrolet B26F,[WPA2_PSK],2025-3-25 19:23:31,7,-89,34.0840988,-117.2004852,351.80,1.75,WIFI
A4:11:62:2D:0C:C4,ARLO_VMB_8324783341,[WPA2_PSK],2025-3-25 19:23:34,10,-91,34.0847626,-117.2004776,350.60,1.75,WIFI
02:92:A5:90:1A:BB,myCadillac 1abb,[WPA2_PSK],2025-3-25 19:23:35,11,-85,34.0849953,-117.2004776,350.20,1.75,WIFI
FA:8F:CA:9A:71:F8,Chromecast8339.b_,[OPEN],2025-3-25 19:23:35,11,-91,34.0849953,-117.2004776,350.20,1.75,WIFI
C0:6F:98:FF:C8:86,Lensky09,[WPA2_PSK],2025-3-25 19:23:38,1,-82,34.0857315,-117.2004700,348.60,1.75,WIFI
C0:6F:98:FF:C8:83,,[WPA3_PSK],2025-3-25 19:23:38,1,-82,34.0857315,-117.2004700,348.60,1.75,WIFI
C0:6F:98:FF:C8:89,,[OPEN],2025-3-25 19:23:38,1,-82,34.0857315,-117.2004700,348.60,1.75,WIFI
2C:67:BE:0A:67:7E,SpectrumSetup-677A,[WPA2_PSK],2025-3-25 19:23:38,1,-86,34.0857315,-117.2004700,348.60,1.75,WIFI
54:04:63:16:68:68,,[WPA_WPA2_PSK],2025-3-25 19:23:40,2,-92,34.0862198,-117.2004700,347.50,1.75,WIFI
5C:64:F1:72:47:02,iHammer,[WPA2_PSK],2025-3-25 19:23:49,11,-86,34.0884247,-117.2004623,344.80,1.75,WIFI
5C:64:F1:72:47:04,orange12,[WPA_WPA2_PSK],2025-3-25 19:23:49,11,-86,34.0884247,-117.2004623,344.80,1.75,WIFI
5C:64:F1:72:47:01,bandsaw,[WPA2],2025-3-25 19:23:49,11,-87,34.0884247,-117.2004623,344.80,1.75,WIFI
5C:64:F1:72:47:03,tablesaw,[WPA2_PSK],2025-3-25 19:23:49,11,-87,34.0884247,-117.2004623,344.80,1.75,WIFI
5C:64:F1:72:47:00,steel,[WPA2_PSK],2025-3-25 19:23:49,11,-88,34.0884247,-117.2004623,344.80,1.75,WIFI
BC:82:5D:D4:91:47,WiFi Hotspot 0206,[WPA2_PSK],2025-3-25 19:23:49,11,-93,34.0884247,-117.2004623,344.80,1.75,WIFI
74:95:EC:F9:EE:14,MB Hotspot 83373 2.4 GHz,[WPA2_PSK],2025-3-25 19:23:52,1,-78,34.0891838,-117.2004623,344.00,1.75,WIFI
CE:36:70:A8:AE:6C,CHEVROLET2876,[WPA2_WPA3_PSK],2025-3-25 19:23:58,6,-82,34.0907173,-117.2004395,342.60,1.75,WIFI
04:09:86:49:49:F3,Verizon_4KRXT6,[WPA2_PSK],2025-3-25 19:24:3,11,-83,34.0920258,-117.2004089,342.20,1.75,WIFI
B2:06:7F:D4:1A:C6,,[WPA2_WPA3_PSK],2025-3-25 19:24:24,4,-82,34.0976906,-117.1999893,338.80,1.75,WIFI
BE:AB:F8:36:84:51,,[WPA2_PSK],2025-3-25 19:24:26,6,-84,34.0982704,-117.1999207,338.70,1.75,WIFI
34:12:98:0B:3A:62,Dennis's Wi-Fi Network,[WPA2_PSK],2025-3-25 19:24:26,6,-87,34.0982704,-117.1999207,338.70,1.75,WIFI
4C:AB:F8:36:84:51,SpectrumSetup-53,[WPA2_PSK],2025-3-25 19:24:26,6,-87,34.0982704,-117.1999207,338.70,1.75,WIFI
CE:AB:F8:36:84:51,,[WPA2_PSK],2025-3-25 19:24:26,6,-89,34.0982704,-117.1999207,338.70,1.75,WIFI
36:62:3A:0B:98:10,Bennett Ct Apple Guest Network,[WPA_WPA2_PSK],2025-3-25 19:24:26,6,-90,34.0982704,-117.1999207,338.70,1.75,WIFI
B2:36:BC:41:96:A2,AsusXT12,[WPA2_PSK],2025-3-25 19:24:28,8,-88,34.0988579,-117.1998367,338.90,1.75,WIFI
10:0C:6B:26:7E:E0,NETGEAR60,[WPA2_PSK],2025-3-25 19:24:30,10,-86,34.0994492,-117.1997681,339.20,1.75,WIFI
12:0C:6B:26:7E:E1,NETGEAR60-Saguan,[WPA2_PSK],2025-3-25 19:24:30,10,-86,34.0994492,-117.1997681,339.20,1.75,WIFI
08:36:C9:8F:11:03,Chimo Mesh,[WPA2_PSK],2025-3-25 19:24:30,10,-92,34.0994492,-117.1997681,339.20,1.75,WIFI
0C:73:29:EE:DC:1B,Chimo,[WPA2_PSK],2025-3-25 19:24:31,11,-90,34.0997467,-117.1997299,339.40,1.75,WIFI
8E:DC:96:7F:5C:26,,[WPA2_PSK],2025-3-25 19:24:35,1,-89,34.1009521,-117.1995773,339.60,1.75,WIFI
88:DC:96:7F:5C:26,,[OPEN],2025-3-25 19:24:35,1,-90,34.1009521,-117.1995773,339.60,1.75,WIFI
00:25:CA:6A:84:55,KeepTruckin Hotspot - HB488209,[WPA2_PSK],2025-3-25 19:24:40,6,-90,34.1024208,-117.1993942,341.70,1.75,WIFI
12:E8:A7:D8:D2:81,myGMC D281,[WPA2_PSK],2025-3-25 19:24:41,7,-88,34.1027031,-117.1993484,342.20,1.75,WIFI
C4:8E:8F:E7:7E:3E,TAPUAC1953,[WPA2_PSK],2025-3-25 19:24:45,11,-88,34.1037788,-117.1992264,343.40,1.75,WIFI
02:54:AF:F5:6C:1B,Hotspot6C1B,[WPA_WPA2_PSK],2025-3-25 19:24:45,11,-90,34.1037788,-117.1992264,343.40,1.75,WIFI
34:19:4D:B8:8F:90,TMOBILE-E1BC,[WPA2_WPA3_PSK],2025-3-25 19:24:47,1,-88,34.1042862,-117.1991501,343.60,1.75,WIFI
88:DC:96:4D:56:A3,,[WPA2_PSK],2025-3-25 19:24:53,5,-90,34.1057816,-117.1989517,344.50,1.75,WIFI
00:4E:35:F9:20:22,Lowes-Guest-WiFi,[OPEN],2025-3-25 19:24:54,6,-78,34.1060257,-117.1989288,344.70,1.75,WIFI
00:4E:35:F9:20:23,techwrench,[WPA2_PSK],2025-3-25 19:24:54,6,-84,34.1060257,-117.1989288,344.70,1.75,WIFI
EC:6E:79:06:46:79,1739,[WPA2_PSK],2025-3-25 19:24:54,6,-84,34.1060257,-117.1989288,344.70,1.75,WIFI
18:A5:FF:42:83:4E,Elijahs-room-WiFi,[WPA2_WPA3_PSK],2025-3-25 19:24:58,10,-88,34.1069870,-117.1988220,345.30,1.75,WIFI
