WigleWifi-1.4,appRelease=v1.2.0,model=ESP32 Marauder,release=v1.2.0,device=ESP32 Marauder,display=SPI TFT,board=ESP32 Marauder,brand=JustCallMeKoko
MAC,SSID,AuthMode,FirstSeen,Channel,RSSI,CurrentLatitude,CurrentLongitude,AltitudeMeters,AccuracyMeters,Type
A2:A2:F4:4E:E8:52,,[WPA2_PSK],2025-3-23 0:50:35,9,-78,34.0415344,-117.1980057,376.50,5.50,WIFI
9C:A2:F4:4E:E8:56,kal-mesh,[WPA2_PSK],2025-3-23 0:50:35,9,-84,34.0415344,-117.1980057,376.50,5.50,WIFI
9C:A2:F4:4E:E8:52,kal-mesh,[WPA2_PSK],2025-3-23 0:50:35,9,-87,34.0415344,-117.1980057,376.50,5.50,WIFI
A2:A2:F4:4E:E8:56,,[WPA2_PSK],2025-3-23 0:50:35,9,-87,34.0415344,-117.1980057,376.50,5.50,WIFI
98:DA:C4:16:11:66,JAP,[WPA_WPA2_PSK],2025-3-23 0:50:35,9,-89,34.0415344,-117.1980057,376.50,5.50,WIFI
9E:DA:C4:16:46:12,,[WPA2_PSK],2025-3-23 0:50:35,9,-89,34.0415344,-117.1980057,376.50,5.50,WIFI
82:48:B8:F3:22:46,CLM1,[WPA2_PSK],2025-3-23 0:50:35,9,-91,34.0415344,-117.1980057,376.50,5.50,WIFI
B0:4E:26:80:DA:63,TP-Link_DA63,[WPA_WPA2_PSK],2025-3-23 0:50:37,11,-69,34.0413361,-117.1978455,377.80,5.50,WIFI
42:9E:9D:C1:80:8B,,[WPA2_PSK],2025-3-23 0:50:37,11,-70,34.0413361,-117.1978455,377.80,5.50,WIFI
48:5D:36:18:05:7C,FiOS-32ZW8,[WPA2_PSK],2025-3-23 0:50:37,11,-72,34.0413361,-117.1978455,377.80,5.50,WIFI
8C:85:80:EF:D6:79,,[WPA_WPA2_PSK],2025-3-23 0:50:37,11,-75,34.0413361,-117.1978455,377.80,5.50,WIFI
6C:C2:17:57:D8:21,HP-Print-21-Officejet Pro 8620,[WPA2_PSK],2025-3-23 0:50:37,11,-77,34.0413361,-117.1978455,377.80,5.50,WIFI
18:9C:27:74:05:A8,Frontier9840,[WPA2_PSK],2025-3-23 0:50:37,11,-78,34.0413361,-117.1978455,377.80,5.50,WIFI
54:47:CC:E8:2A:C6,Frontier0388,[WPA2_PSK],2025-3-23 0:50:37,11,-81,34.0413361,-117.1978455,377.80,5.50,WIFI
80:3F:5D:79:CE:BC,WAVLINK-N_CEBA,[WPA2_PSK],2025-3-23 0:50:41,1,-69,34.0409508,-117.1975250,381.20,5.50,WIFI
24:2D:6C:23:71:08,Frontier0536,[WPA2_PSK],2025-3-23 0:50:41,1,-72,34.0409508,-117.1975250,381.20,5.50,WIFI
24:2D:6C:23:71:0B,,[OPEN],2025-3-23 0:50:41,1,-73,34.0409508,-117.1975250,381.20,5.50,WIFI
24:2D:6C:23:71:05,,[WPA3_PSK],2025-3-23 0:50:41,1,-74,34.0409508,-117.1975250,381.20,5.50,WIFI
34:53:D2:C5:F2:71,LakesideChillin,[WPA2_PSK],2025-3-23 0:50:41,1,-76,34.0409508,-117.1975250,381.20,5.50,WIFI
D8:A7:56:67:A9:86,MySpectrumWiFi80-2G,[WPA2_PSK],2025-3-23 0:50:41,1,-79,34.0409508,-117.1975250,381.20,5.50,WIFI
12:2C:6B:6E:80:D2,SunPower40478,[WPA2_PSK],2025-3-23 0:50:41,1,-81,34.0409508,-117.1975250,381.20,5.50,WIFI
F0:7B:65:41:45:71,SpectrumSetup-456B,[WPA2_PSK],2025-3-23 0:50:41,1,-89,34.0409508,-117.1975250,381.20,5.50,WIFI
72:CD:D6:E2:F6:5A,SLAWSOMENESS,[WPA2_PSK],2025-3-23 0:50:43,3,-87,34.0407753,-117.1974030,382.00,5.50,WIFI
CC:CF:83:CE:74:E3,,[WPA_WPA2_PSK],2025-3-23 0:50:44,4,-87,34.0406952,-117.1973343,382.30,5.50,WIFI
F8:BC:0E:2E:49:09,,[OPEN],2025-3-23 0:50:46,6,-77,34.0405617,-117.1972275,383.10,4.50,WIFI
F8:BC:0E:2E:49:03,,[WPA3_PSK],2025-3-23 0:50:46,6,-78,34.0405617,-117.1972275,383.10,4.50,WIFI
48:DD:0C:39:DA:45,Loki,[WPA2_PSK],2025-3-23 0:50:46,6,-79,34.0405617,-117.1972275,383.10,4.50,WIFI
F8:BC:0E:2E:49:06,Loki,[WPA2_PSK],2025-3-23 0:50:46,6,-82,34.0405617,-117.1972275,383.10,4.50,WIFI
18:90:88:2F:9D:55,,[OPEN],2025-3-23 0:50:46,6,-86,34.0405617,-117.1972275,383.10,4.50,WIFI
18:90:88:2F:9D:51,,[WPA3_PSK],2025-3-23 0:50:46,6,-86,34.0405617,-117.1972275,383.10,4.50,WIFI
C8:C6:FE:77:BA:C9,,[OPEN],2025-3-23 0:50:46,6,-87,34.0405617,-117.1972275,383.10,4.50,WIFI
18:90:88:2F:9D:53,Loki,[WPA2_PSK],2025-3-23 0:50:46,6,-88,34.0405617,-117.1972275,383.10,4.50,WIFI
C8:C6:FE:77:BA:C6,frontier,[WPA2_PSK],2025-3-23 0:50:46,6,-88,34.0405617,-117.1972275,383.10,4.50,WIFI
42:23:43:D8:12:49,DIRECT-49-HP M281 LaserJet,[WPA2_PSK],2025-3-23 0:50:46,6,-89,34.0405617,-117.1972275,383.10,4.50,WIFI
9C:0B:05:65:70:47,Frontier0144,[WPA2_PSK],2025-3-23 0:50:46,6,-89,34.0405617,-117.1972275,383.10,4.50,WIFI
9C:0B:05:65:70:44,,[WPA3_PSK],2025-3-23 0:50:46,6,-91,34.0405617,-117.1972275,383.10,4.50,WIFI
CC:28:AA:57:4C:30,Finn's World,[WPA2_PSK],2025-3-23 0:50:51,10,-83,34.0404358,-117.1971207,383.80,4.50,WIFI
F0:B6:61:B4:94:47,111-EE50,[WPA2_PSK],2025-3-23 0:50:52,11,-63,34.0404243,-117.1971207,383.50,4.50,WIFI
F0:B6:61:B4:94:44,,[WPA3_PSK],2025-3-23 0:50:52,11,-68,34.0404243,-117.1971207,383.50,4.50,WIFI
F0:B6:61:B4:94:4A,,[OPEN],2025-3-23 0:50:52,11,-68,34.0404243,-117.1971207,383.50,4.50,WIFI
F0:B6:61:07:1B:2A,,[OPEN],2025-3-23 0:50:52,11,-78,34.0404243,-117.1971207,383.50,4.50,WIFI
F0:B6:61:07:1B:24,,[WPA3_PSK],2025-3-23 0:50:52,11,-79,34.0404243,-117.1971207,383.50,4.50,WIFI
F0:B6:61:07:1B:27,111-EE50,[WPA2_PSK],2025-3-23 0:50:52,11,-80,34.0404243,-117.1971207,383.50,4.50,WIFI
40:2B:50:7E:DE:28,Frontier3072,[WPA2_PSK],2025-3-23 0:50:52,11,-91,34.0404243,-117.1971207,383.50,4.50,WIFI
A8:11:FC:A4:15:98,Frontier2256,[WPA2_PSK],2025-3-23 0:50:52,11,-96,34.0404243,-117.1971207,383.50,4.50,WIFI
94:91:7F:2F:77:AD,SpectrumSetup-AF,[WPA2_PSK],2025-3-23 0:50:55,1,-75,34.0403366,-117.1970749,383.70,4.50,WIFI
4A:55:19:05:96:C2,Tineco_0351,[OPEN],2025-3-23 0:50:55,1,-82,34.0403366,-117.1970749,383.70,4.50,WIFI
C8:A7:0A:99:04:C4,FiOS-NMYWL,[WPA2_PSK],2025-3-23 0:50:55,1,-90,34.0403366,-117.1970749,383.70,4.50,WIFI
B0:39:56:4F:60:89,NETGEAR43,[WPA2_PSK],2025-3-23 0:50:58,3,-81,34.0401382,-117.1969757,384.10,4.50,WIFI
64:DA:ED:50:5E:25,FiOS-HL8M8,[WPA2_PSK],2025-3-23 0:51:1,6,-67,34.0398064,-117.1967773,385.40,4.00,WIFI
64:DA:ED:50:5E:23,,[WPA3_PSK],2025-3-23 0:51:1,6,-67,34.0398064,-117.1967773,385.40,4.00,WIFI
64:DA:ED:50:5E:27,,[OPEN],2025-3-23 0:51:1,6,-68,34.0398064,-117.1967773,385.40,4.00,WIFI
F2:72:EA:52:AE:71,2.4,[WPA2_PSK],2025-3-23 0:51:1,6,-89,34.0398064,-117.1967773,385.40,4.00,WIFI
B2:6A:41:C9:89:98,C.R.E.A.M._Guest,[WPA2_PSK],2025-3-23 0:51:1,6,-94,34.0398064,-117.1967773,385.40,4.00,WIFI
82:48:B8:F3:22:44,Proxima,[WPA2_PSK],2025-3-23 0:51:4,9,-70,34.0394974,-117.1965256,387.60,4.00,WIFI
82:48:B8:F3:22:45,,[WPA2_PSK],2025-3-23 0:51:4,9,-70,34.0394974,-117.1965256,387.60,4.00,WIFI
7A:F1:7E:CB:77:B9,,[WPA2_PSK],2025-3-23 0:51:5,10,-91,34.0393944,-117.1964493,388.30,4.00,WIFI
A8:97:CD:D7:12:48,Frontier2256,[WPA2_PSK],2025-3-23 0:51:6,11,-74,34.0392990,-117.1963654,388.90,4.00,WIFI
A0:55:1F:15:A5:39,SpectrumSetup-A533,[WPA2_PSK],2025-3-23 0:51:6,11,-81,34.0392990,-117.1963654,388.90,4.00,WIFI
48:5D:36:1F:C0:CC,FiOS-OEQ3H,[WPA2_PSK],2025-3-23 0:51:6,11,-83,34.0392990,-117.1963654,388.90,4.00,WIFI
8C:85:80:DB:4F:32,,[WPA_WPA2_PSK],2025-3-23 0:51:6,11,-91,34.0392990,-117.1963654,388.90,4.00,WIFI
0A:55:1F:37:AB:13,,[WPA2_PSK],2025-3-23 0:51:9,1,-78,34.0390167,-117.1961441,391.20,4.00,WIFI
A0:55:1F:37:AB:12,SpectrumSetup-AB0C,[WPA2_PSK],2025-3-23 0:51:9,1,-79,34.0390167,-117.1961441,391.20,4.00,WIFI
0A:55:1F:37:AB:14,,[WPA2_PSK],2025-3-23 0:51:9,1,-79,34.0390167,-117.1961441,391.20,4.00,WIFI
40:A5:EF:E0:F4:97,SIVASIVAYA-2G,[WPA2_PSK],2025-3-23 0:51:9,1,-91,34.0390167,-117.1961441,391.20,4.00,WIFI
50:FD:D5:B0:72:DE,[range]_E30AJT7113605F,[WPA2_PSK],2025-3-23 0:51:9,1,-94,34.0390167,-117.1961441,391.20,4.00,WIFI
60:57:47:59:0D:83,,[WPA_WPA2_PSK],2025-3-23 0:51:11,2,-87,34.0388222,-117.1959915,392.60,4.00,WIFI
1A:0C:6B:FA:29:68,SpectrumSetup-07-Guest,[WPA2_PSK],2025-3-23 0:51:13,4,-81,34.0386276,-117.1958313,393.40,4.00,WIFI
10:0C:6B:FA:29:68,SpectrumSetup-07,[WPA2_PSK],2025-3-23 0:51:13,4,-83,34.0386276,-117.1958313,393.40,4.00,WIFI
10:0C:6B:FF:99:71,,[WPA2_PSK],2025-3-23 0:51:13,4,-84,34.0386276,-117.1958313,393.40,4.00,WIFI
16:0C:6B:FF:99:71,SpectrumSetup-07,[WPA2_PSK],2025-3-23 0:51:13,4,-88,34.0386276,-117.1958313,393.40,4.00,WIFI
1A:59:C0:57:AB:32,ORBI85,[WPA2_PSK],2025-3-23 0:51:13,4,-89,34.0386276,-117.1958313,393.40,4.00,WIFI
1E:59:C0:53:E1:65,,[WPA2_PSK],2025-3-23 0:51:13,4,-91,34.0386276,-117.1958313,393.40,4.00,WIFI
78:D6:D6:59:42:03,,[WPA3_PSK],2025-3-23 0:51:15,6,-80,34.0384254,-117.1956711,394.60,3.50,WIFI
78:D6:D6:59:42:07,,[OPEN],2025-3-23 0:51:15,6,-80,34.0384254,-117.1956711,394.60,3.50,WIFI
78:D6:D6:59:42:05,DNPN8,[WPA2_PSK],2025-3-23 0:51:15,6,-80,34.0384254,-117.1956711,394.60,3.50,WIFI
A4:97:33:69:42:96,SpectrumSetup-98,[WPA2_PSK],2025-3-23 0:51:15,6,-81,34.0384254,-117.1956711,394.60,3.50,WIFI
B0:FC:88:E5:2C:96,Regueiro,[WPA2_WPA3_PSK],2025-3-23 0:51:15,6,-91,34.0384254,-117.1956711,394.60,3.50,WIFI
04:B6:BE:B6:B3:D0,,[WPA_WPA2_PSK],2025-3-23 0:51:16,7,-87,34.0383186,-117.1955872,395.10,3.50,WIFI
00:CB:51:41:54:CE,HomeRouter-2G,[WPA2_PSK],2025-3-23 0:51:17,8,-89,34.0382195,-117.1955109,395.60,3.50,WIFI
84:70:D7:27:2D:2A,,[OPEN],2025-3-23 0:51:20,11,-75,34.0379562,-117.1953049,397.00,3.50,WIFI
84:70:D7:27:2D:24,,[WPA3_PSK],2025-3-23 0:51:20,11,-76,34.0379562,-117.1953049,397.00,3.50,WIFI
9C:0B:05:BA:15:87,sup,[WPA2_PSK],2025-3-23 0:51:20,11,-80,34.0379562,-117.1953049,397.00,3.50,WIFI
84:70:D7:27:2D:27,sup,[WPA2_PSK],2025-3-23 0:51:20,11,-81,34.0379562,-117.1953049,397.00,3.50,WIFI
9C:0B:05:BA:15:84,,[WPA3_PSK],2025-3-23 0:51:20,11,-85,34.0379562,-117.1953049,397.00,3.50,WIFI
9C:0B:05:BA:15:8A,,[OPEN],2025-3-23 0:51:20,11,-86,34.0379562,-117.1953049,397.00,3.50,WIFI
D8:A7:56:67:DE:56,MySpectrumWiFi50-2G,[WPA2_PSK],2025-3-23 0:51:20,11,-90,34.0379562,-117.1953049,397.00,3.50,WIFI
3A:22:E2:FA:00:0F,DIRECT-0f-HP M29 LaserJet,[WPA2_PSK],2025-3-23 0:51:23,1,-64,34.0377426,-117.1951370,398.30,3.50,WIFI
80:E5:40:E4:F6:98,Frontier3264,[WPA2_PSK],2025-3-23 0:51:23,1,-78,34.0377426,-117.1951370,398.30,3.50,WIFI
24:41:FE:57:AD:86,Paddy's Pub,[WPA2_PSK],2025-3-23 0:51:23,1,-82,34.0377426,-117.1951370,398.30,3.50,WIFI
D4:A9:28:08:27:D6,FiOS-KBMR5,[WPA2_PSK],2025-3-23 0:51:23,1,-86,34.0377426,-117.1951370,398.30,3.50,WIFI
82:D2:94:31:84:3B,,[WPA2_PSK],2025-3-23 0:51:26,3,-88,34.0375938,-117.1950150,399.30,3.50,WIFI
24:62:AB:E7:E0:55,Traeger-E055,[WPA2_PSK],2025-3-23 0:51:28,5,-89,34.0375137,-117.1949539,399.70,3.50,WIFI
14:91:82:AC:D9:85,Linksys03151,[WPA2_PSK],2025-3-23 0:51:28,5,-90,34.0375137,-117.1949539,399.70,3.50,WIFI
C8:C6:FE:6F:33:03,,[WPA3_PSK],2025-3-23 0:51:29,6,-83,34.0374794,-117.1949234,399.70,3.50,WIFI
C8:C6:FE:6F:33:06,Turu Wifi,[WPA2_PSK],2025-3-23 0:51:29,6,-83,34.0374794,-117.1949234,399.70,3.50,WIFI
C8:C6:FE:6F:33:09,,[OPEN],2025-3-23 0:51:29,6,-84,34.0374794,-117.1949234,399.70,3.50,WIFI
F0:B6:61:1D:B3:EA,,[OPEN],2025-3-23 0:51:34,11,-79,34.0374146,-117.1948700,399.80,3.50,WIFI
88:6A:E3:9B:A3:DE,tl9ba3de,[WPA2_PSK],2025-3-23 0:51:34,11,-80,34.0374146,-117.1948700,399.80,3.50,WIFI
F0:B6:61:1D:B3:E4,,[WPA3_PSK],2025-3-23 0:51:34,11,-81,34.0374146,-117.1948700,399.80,3.50,WIFI
F0:B6:61:1D:B3:E7,eero,[WPA2_PSK],2025-3-23 0:51:34,11,-81,34.0374146,-117.1948700,399.80,3.50,WIFI
D6:8D:26:5A:3F:1A,[LG_Oven]3f1a,[WPA2_PSK],2025-3-23 0:51:34,11,-82,34.0374146,-117.1948700,399.80,3.50,WIFI
2E:AA:8E:AF:D6:D3,,[WPA_WPA2_PSK],2025-3-23 0:51:34,11,-90,34.0374146,-117.1948700,399.80,3.50,WIFI
FC:15:B4:70:F5:B1,HP-Print-B1-ENVY 5530 series,[OPEN],2025-3-23 0:51:34,11,-93,34.0374146,-117.1948700,399.80,3.50,WIFI
22:AD:56:47:3D:D5,Hotspot3DD5,[WPA_WPA2_PSK],2025-3-23 0:51:37,1,-90,34.0373993,-117.1948624,399.70,3.50,WIFI
90:9D:7D:46:BC:D8,Frontier3072,[WPA2_PSK],2025-3-23 0:51:37,1,-91,34.0373993,-117.1948624,399.70,3.50,WIFI
9C:3D:CF:59:4B:72,ARLO_VMB_1562492262,[WPA2_PSK],2025-3-23 0:51:37,1,-92,34.0373993,-117.1948624,399.70,3.50,WIFI
1A:0C:6B:FF:99:71,SpectrumSetup-07-Guest,[WPA2_PSK],2025-3-23 0:51:41,4,-94,34.0372543,-117.1947556,400.00,3.50,WIFI
7C:7E:F9:54:DA:12,,[WPA3_PSK],2025-3-23 0:51:43,6,-72,34.0371666,-117.1946869,399.30,3.50,WIFI
7C:7E:F9:54:DA:16,,[OPEN],2025-3-23 0:51:43,6,-72,34.0371666,-117.1946869,399.30,3.50,WIFI
7C:7E:F9:54:DA:14,Pooleportal,[WPA2_PSK],2025-3-23 0:51:43,6,-73,34.0371666,-117.1946869,399.30,3.50,WIFI
DC:69:B5:EB:B8:29,,[OPEN],2025-3-23 0:51:43,6,-74,34.0371666,-117.1946869,399.30,3.50,WIFI
DC:69:B5:EB:B8:26,Pooleportal,[WPA2_PSK],2025-3-23 0:51:43,6,-74,34.0371666,-117.1946869,399.30,3.50,WIFI
DC:69:B5:EB:B8:23,,[WPA3_PSK],2025-3-23 0:51:43,6,-75,34.0371666,-117.1946869,399.30,3.50,WIFI
7C:7E:F9:54:02:72,,[WPA3_PSK],2025-3-23 0:51:43,6,-79,34.0371666,-117.1946869,399.30,3.50,WIFI
7C:7E:F9:54:02:74,Pooleportal,[WPA2_PSK],2025-3-23 0:51:43,6,-80,34.0371666,-117.1946869,399.30,3.50,WIFI
7C:7E:F9:54:02:76,,[OPEN],2025-3-23 0:51:43,6,-80,34.0371666,-117.1946869,399.30,3.50,WIFI
DC:62:79:26:57:A3,67thstep2025_EXT,[WPA2_PSK],2025-3-23 0:51:43,6,-87,34.0371666,-117.1946869,399.30,3.50,WIFI
EC:74:27:1E:03:07,,[OPEN],2025-3-23 0:51:43,6,-87,34.0371666,-117.1946869,399.30,3.50,WIFI
EC:74:27:1E:03:03,,[WPA3_PSK],2025-3-23 0:51:43,6,-88,34.0371666,-117.1946869,399.30,3.50,WIFI
EC:74:27:1E:03:05,Pooleportal,[WPA2_PSK],2025-3-23 0:51:43,6,-88,34.0371666,-117.1946869,399.30,3.50,WIFI
FC:12:63:C5:8A:0C,Verizon_3GBC4C,[WPA2_PSK],2025-3-23 0:51:43,6,-94,34.0371666,-117.1946869,399.30,3.50,WIFI
C8:B4:22:38:A1:DB,MySpectrumWiFiDD-2G,[WPA2_PSK],2025-3-23 0:51:49,11,-72,34.0367165,-117.1943207,400.80,3.50,WIFI
C8:63:FC:7C:4F:28,Frontier2656,[WPA2_PSK],2025-3-23 0:51:49,11,-80,34.0367165,-117.1943207,400.80,3.50,WIFI
DC:F3:1C:D7:0C:5F,TeslaPW_BKUDNT,[WPA2_PSK],2025-3-23 0:51:49,11,-91,34.0367165,-117.1943207,400.80,3.50,WIFI
F0:B6:61:21:C6:44,,[WPA3_PSK],2025-3-23 0:51:49,11,-92,34.0367165,-117.1943207,400.80,3.50,WIFI
BC:10:2F:3D:52:2B,[fridge]_E30AJT5133533R,[WPA2_PSK],2025-3-23 0:51:52,1,-78,34.0364265,-117.1940765,402.20,3.50,WIFI
54:04:63:C8:4A:D9,,[WPA_WPA2_PSK],2025-3-23 0:51:52,1,-92,34.0364265,-117.1940765,402.20,3.50,WIFI
FC:B2:D6:C7:81:1C,,[WPA_WPA2_PSK],2025-3-23 0:51:57,5,-88,34.0359535,-117.1937103,404.60,3.50,WIFI
60:F4:19:52:D3:E6,MT-Frontier ,[WPA2_PSK],2025-3-23 0:51:58,6,-73,34.0358734,-117.1936493,405.20,3.50,WIFI
60:F4:19:52:D3:E9,,[OPEN],2025-3-23 0:51:58,6,-73,34.0358734,-117.1936493,405.20,3.50,WIFI
60:F4:19:52:D3:E3,,[WPA3_PSK],2025-3-23 0:51:58,6,-74,34.0358734,-117.1936493,405.20,3.50,WIFI
74:93:DA:44:EF:11,SpectrumSetup-13,[WPA2_PSK],2025-3-23 0:51:58,6,-77,34.0358734,-117.1936493,405.20,3.50,WIFI
54:04:63:C5:03:A1,,[WPA_WPA2_PSK],2025-3-23 0:51:58,6,-90,34.0358734,-117.1936493,405.20,3.50,WIFI
A0:8C:FD:71:99:4D,DIRECT-4C-HP ENVY 5660 series,[WPA2_PSK],2025-3-23 0:51:58,6,-91,34.0358734,-117.1936493,405.20,3.50,WIFI
86:EA:ED:4A:39:7F,,[WPA2_PSK],2025-3-23 0:51:58,6,-96,34.0358734,-117.1936493,405.20,3.50,WIFI
B6:95:75:B7:5D:12,Donuts,[WPA_WPA2_PSK],2025-3-23 0:52:1,9,-83,34.0356941,-117.1935120,406.00,3.50,WIFI
B0:95:75:B7:5D:12,,[WPA2_PSK],2025-3-23 0:52:1,9,-85,34.0356941,-117.1935120,406.00,3.50,WIFI
C0:C9:E3:0A:C1:2E,Donuts,[WPA2_PSK],2025-3-23 0:52:1,9,-86,34.0356941,-117.1935120,406.00,3.50,WIFI
B6:95:75:B7:5F:24,Donuts,[WPA_WPA2_PSK],2025-3-23 0:52:1,9,-93,34.0356941,-117.1935120,406.00,3.50,WIFI
E4:FA:C4:8A:95:2F,SQQF6,[WPA2_PSK],2025-3-23 0:52:2,10,-90,34.0356636,-117.1934891,405.80,3.50,WIFI
E6:FA:C4:9A:95:2F,,[WPA2_PSK],2025-3-23 0:52:2,10,-91,34.0356636,-117.1934891,405.80,3.50,WIFI
F0:B6:61:21:C6:4A,,[OPEN],2025-3-23 0:52:3,11,-59,34.0356369,-117.1934662,406.20,3.50,WIFI
F0:B6:61:21:C6:47,Casa_Madrigal,[WPA2_PSK],2025-3-23 0:52:3,11,-62,34.0356369,-117.1934662,406.20,3.50,WIFI
F0:B6:61:AF:19:EA,,[OPEN],2025-3-23 0:52:3,11,-69,34.0356369,-117.1934662,406.20,3.50,WIFI
F0:B6:61:AF:19:E7,Casa_Madrigal,[WPA2_PSK],2025-3-23 0:52:3,11,-71,34.0356369,-117.1934662,406.20,3.50,WIFI
F0:B6:61:AF:19:E4,,[WPA3_PSK],2025-3-23 0:52:3,11,-72,34.0356369,-117.1934662,406.20,3.50,WIFI
F0:B6:61:71:32:A4,,[WPA3_PSK],2025-3-23 0:52:3,11,-81,34.0356369,-117.1934662,406.20,3.50,WIFI
F0:B6:61:71:32:AA,,[OPEN],2025-3-23 0:52:3,11,-82,34.0356369,-117.1934662,406.20,3.50,WIFI
4C:19:5D:54:53:43,SpectrumSetup-3D,[WPA2_PSK],2025-3-23 0:52:3,11,-90,34.0356369,-117.1934662,406.20,3.50,WIFI
2C:00:AB:A4:07:C0,Bob,[WPA2_PSK],2025-3-23 0:52:3,11,-91,34.0356369,-117.1934662,406.20,3.50,WIFI
40:47:5E:98:A8:83,,[WPA3_PSK],2025-3-23 0:52:6,1,-85,34.0354996,-117.1933365,407.00,3.50,WIFI
40:47:5E:98:A8:89,,[OPEN],2025-3-23 0:52:6,1,-85,34.0354996,-117.1933365,407.00,3.50,WIFI
48:5D:36:38:0F:C0,Jamesbond1,[WPA2_PSK],2025-3-23 0:52:6,1,-88,34.0354996,-117.1933365,407.00,3.50,WIFI
8C:83:94:A2:1E:45,Verizon_3FX3FK,[WPA2_PSK],2025-3-23 0:52:6,1,-92,34.0354996,-117.1933365,407.00,3.50,WIFI
0A:7C:39:08:34:AF,,[WPA2_PSK],2025-3-23 0:52:6,1,-95,34.0354996,-117.1933365,407.00,3.50,WIFI
D4:3F:32:A1:D7:23,,[WPA3_PSK],2025-3-23 0:52:12,6,-63,34.0349426,-117.1928940,410.30,3.50,WIFI
D4:3F:32:A1:D7:29,,[OPEN],2025-3-23 0:52:12,6,-63,34.0349426,-117.1928940,410.30,3.50,WIFI
D4:3F:32:A1:D7:2F,Frontier3488 Guest,[WPA2_PSK],2025-3-23 0:52:12,6,-64,34.0349426,-117.1928940,410.30,3.50,WIFI
D4:3F:32:A1:D7:26,Frontier3488,[WPA2_PSK],2025-3-23 0:52:12,6,-65,34.0349426,-117.1928940,410.30,3.50,WIFI
08:B4:B1:32:9E:E3,Casa de Bell,[WPA2_PSK],2025-3-23 0:52:12,6,-96,34.0349426,-117.1928940,410.30,3.50,WIFI
24:2F:D0:29:53:E6,SQQF6,[WPA2_PSK],2025-3-23 0:52:16,10,-95,34.0346451,-117.1925049,413.30,3.50,WIFI
F4:52:46:AC:73:B1,SpectrumSetup-B3,[WPA2_PSK],2025-3-23 0:52:17,11,-82,34.0345840,-117.1924210,414.10,3.50,WIFI
48:5D:36:64:5F:9E,FiOS-GWHPB,[WPA2_PSK],2025-3-23 0:52:17,11,-85,34.0345840,-117.1924210,414.10,3.50,WIFI
34:53:D2:E2:81:1D,PKJ,[WPA2_PSK],2025-3-23 0:52:17,11,-86,34.0345840,-117.1924210,414.10,3.50,WIFI
F8:2D:C0:6B:4B:28,Chieeeeefssss#1,[WPA2_PSK],2025-3-23 0:52:17,11,-93,34.0345840,-117.1924210,414.10,3.50,WIFI
60:D5:61:00:13:E4,,[WPA2_PSK],2025-3-23 0:52:18,13,-98,34.0345268,-117.1923523,414.80,3.50,WIFI
6A:9C:25:70:54:11,Kakapo Alternate,[WPA2_PSK],2025-3-23 0:52:20,1,-74,34.0344467,-117.1922684,415.80,3.50,WIFI
C2:9C:25:70:52:C1,Kakapo Alternate,[WPA2_PSK],2025-3-23 0:52:20,1,-77,34.0344467,-117.1922684,415.80,3.50,WIFI
50:FD:D5:D4:FE:64,[range]_E30AJT7113562H,[WPA2_PSK],2025-3-23 0:52:20,1,-84,34.0344467,-117.1922684,415.80,3.50,WIFI
78:D2:94:16:00:D8,Ceci-Net,[WPA2_PSK],2025-3-23 0:52:23,3,-92,34.0343933,-117.1922226,416.40,3.50,WIFI
AA:3D:CF:E5:6C:EF,CECI-Guest,[WPA2_PSK],2025-3-23 0:52:23,3,-93,34.0343933,-117.1922226,416.40,3.50,WIFI
D4:3F:32:8B:E9:C3,,[WPA3_PSK],2025-3-23 0:52:26,6,-75,34.0342560,-117.1921158,417.10,3.50,WIFI
D4:3F:32:8B:E9:C6,FiOS-ITT8Z,[WPA2_PSK],2025-3-23 0:52:26,6,-78,34.0342560,-117.1921158,417.10,3.50,WIFI
30:3A:4A:88:87:43,,[WPA3_PSK],2025-3-23 0:52:26,6,-79,34.0342560,-117.1921158,417.10,3.50,WIFI
30:3A:4A:88:87:47,,[OPEN],2025-3-23 0:52:26,6,-79,34.0342560,-117.1921158,417.10,3.50,WIFI
30:3A:4A:88:87:45,eero6,[WPA2_PSK],2025-3-23 0:52:26,6,-79,34.0342560,-117.1921158,417.10,3.50,WIFI
D4:3F:32:8B:E9:C9,,[OPEN],2025-3-23 0:52:26,6,-83,34.0342560,-117.1921158,417.10,3.50,WIFI
EC:74:27:F4:6E:43,,[WPA3_PSK],2025-3-23 0:52:26,6,-84,34.0342560,-117.1921158,417.10,3.50,WIFI
EC:74:27:F4:6E:47,,[OPEN],2025-3-23 0:52:26,6,-84,34.0342560,-117.1921158,417.10,3.50,WIFI
EC:74:27:F4:6E:45,eero6,[WPA2_PSK],2025-3-23 0:52:26,6,-84,34.0342560,-117.1921158,417.10,3.50,WIFI
DC:92:72:E5:AC:4F,Frontier0577,[WPA2_PSK],2025-3-23 0:52:26,6,-87,34.0342560,-117.1921158,417.10,3.50,WIFI
08:B4:B1:89:D9:88,Casa de Bell,[WPA2_PSK],2025-3-23 0:52:26,6,-87,34.0342560,-117.1921158,417.10,3.50,WIFI
52:6A:03:AB:B3:E5,Darkside,[WPA2_PSK],2025-3-23 0:52:26,7,-81,34.0342560,-117.1921158,417.10,3.50,WIFI
50:6A:03:AB:B3:E4,MySpectrumWIFI00-2G,[WPA2_PSK],2025-3-23 0:52:26,7,-82,34.0342560,-117.1921158,417.10,3.50,WIFI
B0:E4:D5:4D:52:E1,TheShire,[WPA2_PSK],2025-3-23 0:52:31,11,-90,34.0338669,-117.1918030,418.80,3.50,WIFI
18:1B:EB:56:D8:E8,TPD3B,[WPA2_PSK],2025-3-23 0:52:31,11,-91,34.0338669,-117.1918030,418.80,3.50,WIFI
9E:7B:EF:8B:23:59,DIRECT-59-HP ENVY Photo 7800,[WPA2_PSK],2025-3-23 0:52:31,11,-94,34.0338669,-117.1918030,418.80,3.50,WIFI
F0:7B:65:49:04:CE,SpectrumSetup-04C8,[WPA2_PSK],2025-3-23 0:52:33,1,-71,34.0336761,-117.1916428,419.50,3.50,WIFI
22:48:6C:5D:21:D6,,[WPA2_PSK],2025-3-23 0:52:33,1,-86,34.0336761,-117.1916428,419.50,3.50,WIFI
54:04:63:CB:E3:A9,,[WPA_WPA2_PSK],2025-3-23 0:52:33,1,-92,34.0336761,-117.1916428,419.50,3.50,WIFI
2C:00:AB:94:98:18,Frontier4336,[WPA2_PSK],2025-3-23 0:52:33,1,-95,34.0336761,-117.1916428,419.50,3.50,WIFI
D8:47:32:C1:A0:8D,Home_2.4,[WPA2_PSK],2025-3-23 0:52:36,2,-85,34.0333672,-117.1914139,421.00,3.50,WIFI
B0:E4:D5:39:9A:DE,TheShire,[WPA2_PSK],2025-3-23 0:52:40,6,-75,34.0329208,-117.1913223,422.90,3.50,WIFI
EC:74:27:F5:D5:63,,[WPA3_PSK],2025-3-23 0:52:40,6,-80,34.0329208,-117.1913223,422.90,3.50,WIFI
EC:74:27:F5:D5:67,,[OPEN],2025-3-23 0:52:40,6,-80,34.0329208,-117.1913223,422.90,3.50,WIFI
10:60:4B:1E:A9:59,HP-Print-59-Officejet 7610,[OPEN],2025-3-23 0:52:40,6,-82,34.0329208,-117.1913223,422.90,3.50,WIFI
30:3A:4A:89:65:85,eero6,[WPA2_PSK],2025-3-23 0:52:40,6,-82,34.0329208,-117.1913223,422.90,3.50,WIFI
E2:63:DA:17:8B:C4,,[WPA2_PSK],2025-3-23 0:52:40,6,-82,34.0329208,-117.1913223,422.90,3.50,WIFI
E0:63:DA:27:8B:C4,Adalee,[WPA2_PSK],2025-3-23 0:52:40,6,-82,34.0329208,-117.1913223,422.90,3.50,WIFI
EC:74:27:F5:D5:65,eero6,[WPA2_PSK],2025-3-23 0:52:40,6,-82,34.0329208,-117.1913223,422.90,3.50,WIFI
EC:74:27:F7:3B:43,,[WPA3_PSK],2025-3-23 0:52:40,6,-86,34.0329208,-117.1913223,422.90,3.50,WIFI
EC:74:27:F7:3B:45,eero6,[WPA2_PSK],2025-3-23 0:52:40,6,-86,34.0329208,-117.1913223,422.90,3.50,WIFI
EC:74:27:F7:3B:47,,[OPEN],2025-3-23 0:52:40,6,-88,34.0329208,-117.1913223,422.90,3.50,WIFI
F4:52:46:89:68:6B,SpectrumSetup-686E,[WPA2_PSK],2025-3-23 0:52:40,6,-89,34.0329208,-117.1913223,422.90,3.50,WIFI
F8:08:4F:D7:69:F6,TheGoldenGirls-2G,[WPA2_PSK],2025-3-23 0:52:40,6,-89,34.0329208,-117.1913223,422.90,3.50,WIFI
34:64:A9:42:97:85,DIRECT-84-HP ENVY 7640 series,[WPA2_PSK],2025-3-23 0:52:40,6,-90,34.0329208,-117.1913223,422.90,3.50,WIFI
C0:A0:0D:F4:6A:5A,Frontier3616,[WPA2_PSK],2025-3-23 0:52:46,11,-81,34.0322647,-117.1912994,428.50,4.00,WIFI
1C:3B:F3:84:7E:69,Frontier5680,[WPA_WPA2_PSK],2025-3-23 0:52:46,11,-81,34.0322647,-117.1912994,428.50,4.00,WIFI
92:03:71:45:4D:65,TeslaPW_DAVNJE,[WPA2_PSK],2025-3-23 0:52:46,11,-89,34.0322647,-117.1912994,428.50,4.00,WIFI
34:DB:9C:6C:3C:F6,MySpectrumWiFif0-2G,[WPA2_PSK],2025-3-23 0:52:46,11,-92,34.0322647,-117.1912994,428.50,4.00,WIFI
A4:11:62:32:27:90,NTGR_VMB_0747304383,[WPA2_PSK],2025-3-23 0:52:46,11,-92,34.0322647,-117.1912994,428.50,4.00,WIFI
A0:55:1F:54:04:45,SpectrumSetup-043F,[WPA2_PSK],2025-3-23 0:52:46,11,-92,34.0322647,-117.1912994,428.50,4.00,WIFI
74:DA:88:6F:32:AE,FiOS-QBK7L_EXT,[WPA_WPA2_PSK],2025-3-23 0:52:51,2,-84,34.0319214,-117.1912537,432.10,3.50,WIFI
34:98:B5:51:E3:D4,,[WPA2_PSK],2025-3-23 0:52:52,3,-90,34.0318756,-117.1912460,432.40,3.50,WIFI
08:02:8E:FF:F3:5A,NETGEAR51,[WPA2_PSK],2025-3-23 0:52:52,3,-91,34.0318756,-117.1912460,432.40,3.50,WIFI
E0:46:EE:FE:C8:7C,NETGEAR46,[WPA2_PSK],2025-3-23 0:52:54,5,-83,34.0318413,-117.1912308,432.60,3.50,WIFI
A8:B0:88:33:92:68,Frontier3616,[WPA2_PSK],2025-3-23 0:52:55,6,-70,34.0318298,-117.1912231,433.10,3.50,WIFI
A8:B0:88:33:92:66,,[WPA3_PSK],2025-3-23 0:52:55,6,-71,34.0318298,-117.1912231,433.10,3.50,WIFI
A8:B0:88:33:92:6A,,[OPEN],2025-3-23 0:52:55,6,-71,34.0318298,-117.1912231,433.10,3.50,WIFI
9C:A5:70:99:A0:E5,Frontier3616,[WPA2_PSK],2025-3-23 0:52:55,6,-81,34.0318298,-117.1912231,433.10,3.50,WIFI
9C:A5:70:99:A0:E3,,[WPA3_PSK],2025-3-23 0:52:55,6,-82,34.0318298,-117.1912231,433.10,3.50,WIFI
9C:A5:70:99:A0:E7,,[OPEN],2025-3-23 0:52:55,6,-82,34.0318298,-117.1912231,433.10,3.50,WIFI
3C:5C:F1:E1:78:24,Frontier3616,[WPA2_PSK],2025-3-23 0:52:55,6,-83,34.0318298,-117.1912231,433.10,3.50,WIFI
3C:5C:F1:E1:78:22,,[WPA3_PSK],2025-3-23 0:52:55,6,-83,34.0318298,-117.1912231,433.10,3.50,WIFI
68:94:23:24:A7:DB,HP-Print-db-LaserJet 200,[WPA2_PSK],2025-3-23 0:52:55,6,-90,34.0318298,-117.1912231,433.10,3.50,WIFI
6E:12:63:E5:62:31,,[WPA2_PSK],2025-3-23 0:52:55,6,-91,34.0318298,-117.1912231,433.10,3.50,WIFI
7E:12:63:E5:62:31,,[WPA2_PSK],2025-3-23 0:52:55,6,-92,34.0318298,-117.1912231,433.10,3.50,WIFI
C8:63:FC:78:15:38,Frontier5680,[WPA2_PSK],2025-3-23 0:53:0,11,-87,34.0317841,-117.1908875,433.20,3.50,WIFI
E8:AD:A6:44:96:B6,MySpectrumWiFib0-2G,[WPA2_PSK],2025-3-23 0:53:0,11,-91,34.0317841,-117.1908875,433.20,3.50,WIFI
C8:C6:FE:1B:FC:26,Happy Home,[WPA2_PSK],2025-3-23 0:53:2,1,-75,34.0317955,-117.1906204,432.70,3.50,WIFI
C8:C6:FE:1B:FC:23,,[WPA3_PSK],2025-3-23 0:53:2,1,-76,34.0317955,-117.1906204,432.70,3.50,WIFI
C8:C6:FE:1B:FC:29,,[OPEN],2025-3-23 0:53:2,1,-76,34.0317955,-117.1906204,432.70,3.50,WIFI
60:F4:19:52:E2:C3,,[WPA3_PSK],2025-3-23 0:53:2,1,-79,34.0317955,-117.1906204,432.70,3.50,WIFI
88:67:46:74:6F:66,Bahig 1,[WPA2_PSK],2025-3-23 0:53:2,1,-84,34.0317955,-117.1906204,432.70,3.50,WIFI
88:67:46:74:6F:63,,[WPA3_PSK],2025-3-23 0:53:2,1,-86,34.0317955,-117.1906204,432.70,3.50,WIFI
DC:92:72:E4:1A:5F,Frontier0570,[WPA2_PSK],2025-3-23 0:53:2,1,-89,34.0317955,-117.1906204,432.70,3.50,WIFI
3A:98:B5:51:E3:D4,ORBI88benandnatalia,[WPA2_WPA3_PSK],2025-3-23 0:53:6,3,-83,34.0318031,-117.1901245,431.50,3.50,WIFI
42:98:B5:51:E3:D4,ORBI88benandnatalia-IoT,[WPA2_PSK],2025-3-23 0:53:6,3,-84,34.0318031,-117.1901245,431.50,3.50,WIFI
CC:CF:83:AA:6E:84,,[WPA_WPA2_PSK],2025-3-23 0:53:9,6,-80,34.0318108,-117.1898575,431.70,3.50,WIFI
90:72:40:1A:41:BE,Beverly's Wi-Fi Network,[WPA2_PSK],2025-3-23 0:53:9,6,-84,34.0318108,-117.1898575,431.70,3.50,WIFI
C8:63:FC:60:B5:B8,Frontier3904,[WPA2_PSK],2025-3-23 0:53:9,6,-88,34.0318108,-117.1898575,431.70,3.50,WIFI
FC:12:63:E5:62:31,SpectrumSetup-43,[WPA2_PSK],2025-3-23 0:53:9,6,-92,34.0318108,-117.1898575,431.70,3.50,WIFI
7E:D2:94:4E:09:00,CASAMIPAPA,[WPA_WPA2_PSK],2025-3-23 0:53:12,9,-87,34.0318108,-117.1895294,432.10,3.50,WIFI
82:D2:94:4E:09:00,,[WPA2_PSK],2025-3-23 0:53:12,9,-89,34.0318108,-117.1895294,432.10,3.50,WIFI
80:CC:9C:14:F7:C8,NETGEAR55,[WPA2_PSK],2025-3-23 0:53:13,10,-95,34.0318108,-117.1893997,432.20,3.50,WIFI
FC:12:63:B8:AE:91,SpectrumSetup-48,[WPA2_PSK],2025-3-23 0:53:14,11,-87,34.0318146,-117.1892624,432.40,3.50,WIFI
2C:EA:DC:01:59:04,SpectrumSetup-06,[WPA2_PSK],2025-3-23 0:53:14,11,-90,34.0318146,-117.1892624,432.40,3.50,WIFI
60:32:B1:65:81:E0,SpectrumSetup-48_EXT,[WPA_WPA2_PSK],2025-3-23 0:53:14,11,-91,34.0318146,-117.1892624,432.40,3.50,WIFI
94:3C:96:F8:3B:36,Frontier1000,[WPA2_PSK],2025-3-23 0:53:14,11,-94,34.0318146,-117.1892624,432.40,3.50,WIFI
F0:9F:C2:F4:5F:73,MAS,[WPA2_PSK],2025-3-23 0:53:16,1,-80,34.0318375,-117.1889877,432.80,3.50,WIFI
F6:9F:C2:F4:5F:73,,[WPA2_PSK],2025-3-23 0:53:16,1,-83,34.0318375,-117.1889877,432.80,3.50,WIFI
60:57:47:BD:F7:EC,,[WPA_WPA2_PSK],2025-3-23 0:53:16,1,-83,34.0318375,-117.1889877,432.80,3.50,WIFI
B0:FC:88:06:F1:06,bennynatalia2.4,[WPA2_PSK],2025-3-23 0:53:16,1,-84,34.0318375,-117.1889877,432.80,3.50,WIFI
9C:3D:CF:3B:B1:70,ARLO_VMB_1577408955,[WPA2_PSK],2025-3-23 0:53:16,1,-90,34.0318375,-117.1889877,432.80,3.50,WIFI
56:07:7D:E4:19:14,whodey2,[WPA2_WPA3_PSK],2025-3-23 0:53:19,2,-97,34.0319786,-117.1885834,432.80,3.50,WIFI
34:98:B5:51:B4:69,ORBI88benandnatalia,[WPA2_WPA3_PSK],2025-3-23 0:53:20,3,-79,34.0320587,-117.1884460,432.30,3.50,WIFI
3A:98:B5:51:B4:69,,[WPA2_PSK],2025-3-23 0:53:20,3,-81,34.0320587,-117.1884460,432.30,3.50,WIFI
42:98:B5:51:B4:69,ORBI88benandnatalia-IoT,[WPA2_PSK],2025-3-23 0:53:20,3,-81,34.0320587,-117.1884460,432.30,3.50,WIFI
38:2C:4A:94:4B:B0,BORENHOUSE,[WPA2_PSK],2025-3-23 0:53:21,4,-85,34.0321388,-117.1883087,432.00,3.50,WIFI
24:2D:6C:3D:75:C8,SpectrumSetup-30,[WPA2_WPA3_PSK],2025-3-23 0:53:23,6,-84,34.0323067,-117.1880264,431.40,3.50,WIFI
24:2D:6C:3D:75:C5,,[WPA3_PSK],2025-3-23 0:53:23,6,-87,34.0323067,-117.1880264,431.40,3.50,WIFI
4C:AB:F8:C6:48:51,SpectrumSetup-53,[WPA2_PSK],2025-3-23 0:53:23,6,-91,34.0323067,-117.1880264,431.40,3.50,WIFI
28:EC:22:24:86:A6,inky,[WPA2_PSK],2025-3-23 0:53:28,11,-84,34.0327034,-117.1873093,430.40,3.50,WIFI
88:EF:16:F3:21:98,Frontier3872,[WPA2_PSK],2025-3-23 0:53:28,11,-89,34.0327034,-117.1873093,430.40,3.50,WIFI
74:93:DA:A5:44:D1,Boren House 2,[WPA2_PSK],2025-3-23 0:53:28,11,-93,34.0327034,-117.1873093,430.40,3.50,WIFI
F0:7B:65:F1:D1:9E,SpectrumSetup-D198,[WPA2_PSK],2025-3-23 0:53:30,1,-89,34.0328598,-117.1870346,429.90,3.50,WIFI
FC:EC:DA:A4:85:44,Casa de Cleo 2G,[WPA2_PSK],2025-3-23 0:53:30,1,-92,34.0328598,-117.1870346,429.90,3.50,WIFI
FC:B2:D6:C9:14:34,,[WPA_WPA2_PSK],2025-3-23 0:53:30,1,-93,34.0328598,-117.1870346,429.90,3.50,WIFI
28:80:88:A5:CE:83,MLX,[WPA2_PSK],2025-3-23 0:53:30,1,-94,34.0328598,-117.1870346,429.90,3.50,WIFI
F0:7B:65:F1:27:E8,SpectrumSetup-27E2,[WPA2_PSK],2025-3-23 0:53:30,1,-95,34.0328598,-117.1870346,429.90,3.50,WIFI
30:34:22:99:C7:87,,[OPEN],2025-3-23 0:53:37,6,-75,34.0333939,-117.1860657,428.80,3.00,WIFI
30:34:22:99:C7:83,,[WPA3_PSK],2025-3-23 0:53:37,6,-76,34.0333939,-117.1860657,428.80,3.00,WIFI
B0:D8:88:E3:1B:B7,Car-1bb7,[WPA2_PSK],2025-3-23 0:53:37,6,-77,34.0333939,-117.1860657,428.80,3.00,WIFI
30:34:22:99:C7:85,Olson,[WPA2_PSK],2025-3-23 0:53:37,6,-80,34.0333939,-117.1860657,428.80,3.00,WIFI
FC:3F:A6:D8:8F:E6,Olson,[WPA2_PSK],2025-3-23 0:53:37,6,-87,34.0333939,-117.1860657,428.80,3.00,WIFI
9C:05:D6:CD:FF:DA,,[WPA2_PSK],2025-3-23 0:53:37,6,-88,34.0333939,-117.1860657,428.80,3.00,WIFI
AA:05:D6:CD:FF:DA,WiFi'd and Dangerous 2.4,[WPA2_WPA3_PSK],2025-3-23 0:53:37,6,-88,34.0333939,-117.1860657,428.80,3.00,WIFI
30:34:22:B9:EC:E3,,[WPA3_PSK],2025-3-23 0:53:37,6,-90,34.0333939,-117.1860657,428.80,3.00,WIFI
30:34:22:B9:EC:E5,Olson,[WPA2_PSK],2025-3-23 0:53:37,6,-91,34.0333939,-117.1860657,428.80,3.00,WIFI
A6:05:D6:CD:FF:DA,WiFi'd and Dangerous Guest,[WPA2_WPA3_PSK],2025-3-23 0:53:37,6,-92,34.0333939,-117.1860657,428.80,3.00,WIFI
C8:D3:FF:17:65:A3,DIRECT-A2-HP ENVY 7640 series,[WPA2_PSK],2025-3-23 0:53:37,6,-94,34.0333939,-117.1860657,428.80,3.00,WIFI
CE:9E:43:AA:DA:1F,ORBI30,[WPA2_PSK],2025-3-23 0:53:39,8,-91,34.0335426,-117.1857910,428.80,3.00,WIFI
5C:E9:31:6C:25:0E,jubamax,[WPA2_PSK],2025-3-23 0:53:39,8,-92,34.0335426,-117.1857910,428.80,3.00,WIFI
2A:0F:EB:63:B3:F4,TEG-0FB,[WPA2_PSK],2025-3-23 0:53:42,11,-86,34.0337677,-117.1853790,428.40,3.00,WIFI
9C:0B:05:A0:6F:84,,[WPA3_PSK],2025-3-23 0:53:42,11,-87,34.0337677,-117.1853790,428.40,3.00,WIFI
9C:0B:05:A0:6F:87,highland-house,[WPA2_PSK],2025-3-23 0:53:42,11,-88,34.0337677,-117.1853790,428.40,3.00,WIFI
9C:0B:05:A0:6F:8A,,[OPEN],2025-3-23 0:53:42,11,-89,34.0337677,-117.1853790,428.40,3.00,WIFI
22:48:6C:5C:DB:9B,,[WPA2_PSK],2025-3-23 0:53:45,1,-86,34.0339928,-117.1849823,427.90,3.00,WIFI
14:7D:05:95:1F:37,SpectrumSetup-35,[WPA2_PSK],2025-3-23 0:53:45,1,-92,34.0339928,-117.1849823,427.90,3.00,WIFI
C8:9E:43:4C:11:67,ORBI22,[WPA2_PSK],2025-3-23 0:53:48,3,-86,34.0341721,-117.1846542,428.50,3.00,WIFI
D2:9E:43:4C:11:67,ORBI22-Guest,[WPA2_PSK],2025-3-23 0:53:48,3,-89,34.0341721,-117.1846542,428.50,3.00,WIFI
F4:69:42:EC:65:55,SpectrumSetup-57,[WPA2_PSK],2025-3-23 0:53:51,6,-76,34.0343399,-117.1843338,429.00,3.00,WIFI
A8:B0:88:54:BA:08,dimaandal,[WPA2_PSK],2025-3-23 0:53:51,6,-78,34.0343399,-117.1843338,429.00,3.00,WIFI
A8:B0:88:54:BA:06,,[WPA3_PSK],2025-3-23 0:53:51,6,-87,34.0343399,-117.1843338,429.00,3.00,WIFI
A8:B0:88:54:BA:0A,,[OPEN],2025-3-23 0:53:51,6,-88,34.0343399,-117.1843338,429.00,3.00,WIFI
FC:12:63:D7:92:26,it burns when IP,[WPA2_PSK],2025-3-23 0:53:51,6,-90,34.0343399,-117.1843338,429.00,3.00,WIFI
60:32:B1:75:61:21,,[WPA2_PSK],2025-3-23 0:53:54,9,-87,34.0345497,-117.1839600,428.60,3.00,WIFI
9C:A5:70:87:4F:25,The Grand Old Lady,[WPA2_PSK],2025-3-23 0:53:56,11,-76,34.0347023,-117.1836777,428.20,3.00,WIFI
9C:A5:70:84:E5:E7,,[OPEN],2025-3-23 0:53:56,11,-78,34.0347023,-117.1836777,428.20,3.00,WIFI
9C:A5:70:84:E5:E5,The Grand Old Lady,[WPA2_PSK],2025-3-23 0:53:56,11,-78,34.0347023,-117.1836777,428.20,3.00,WIFI
9C:A5:70:84:E5:E3,,[WPA3_PSK],2025-3-23 0:53:56,11,-79,34.0347023,-117.1836777,428.20,3.00,WIFI
9C:A5:70:87:4F:23,,[WPA3_PSK],2025-3-23 0:53:56,11,-79,34.0347023,-117.1836777,428.20,3.00,WIFI
94:91:7F:A0:06:E5,MySpectrumWiFie7-2G,[WPA2_PSK],2025-3-23 0:53:56,11,-84,34.0347023,-117.1836777,428.20,3.00,WIFI
28:EC:22:8E:20:A6,Phoenix,[WPA2_PSK],2025-3-23 0:53:56,11,-86,34.0347023,-117.1836777,428.20,3.00,WIFI
28:EC:22:8E:20:A3,,[WPA3_PSK],2025-3-23 0:53:56,11,-87,34.0347023,-117.1836777,428.20,3.00,WIFI
28:EC:22:8E:20:A9,,[OPEN],2025-3-23 0:53:56,11,-87,34.0347023,-117.1836777,428.20,3.00,WIFI
3A:60:F9:7E:0B:F2,,[WPA2_PSK],2025-3-23 0:54:2,3,-80,34.0351868,-117.1827927,427.40,3.00,WIFI
66:6C:80:EA:01:77,DIRECT-77-HP M227f LaserJet,[WPA2_PSK],2025-3-23 0:54:2,3,-83,34.0351868,-117.1827927,427.40,3.00,WIFI
00:22:6C:D0:34:74,iHome iAVS16_3474,[WPA_WPA2_PSK],2025-3-23 0:54:2,3,-83,34.0351868,-117.1827927,427.40,3.00,WIFI
32:60:F9:7E:0A:A1,amelia,[WPA2_PSK],2025-3-23 0:54:2,3,-89,34.0351868,-117.1827927,427.40,3.00,WIFI
9A:3C:96:65:52:A6,IditarodGuest,[WPA2_WPA3_PSK],2025-3-23 0:54:5,6,-86,34.0354424,-117.1823349,427.50,3.00,WIFI
94:3C:96:65:52:A6,Iditarod,[WPA2_PSK],2025-3-23 0:54:5,6,-92,34.0354424,-117.1823349,427.50,3.00,WIFI
2C:00:AB:A4:6F:58,Frontier2480,[WPA2_PSK],2025-3-23 0:54:10,11,-92,34.0358543,-117.1815567,428.80,3.00,WIFI
44:1C:A8:B2:85:6B,WIFIB28567,[WPA2_PSK],2025-3-23 0:54:10,11,-92,34.0358543,-117.1815567,428.80,3.00,WIFI
E4:5E:1B:99:4A:3A,GoBulldogs,[WPA2_PSK],2025-3-23 0:54:14,1,-85,34.0361977,-117.1809616,430.10,3.00,WIFI
0A:FC:88:75:62:8C,,[WPA2_PSK],2025-3-23 0:54:14,1,-87,34.0361977,-117.1809616,430.10,3.00,WIFI
E4:5E:1B:95:8B:0A,GoBulldogs,[WPA2_PSK],2025-3-23 0:54:14,1,-89,34.0361977,-117.1809616,430.10,3.00,WIFI
0A:FC:88:75:62:8B,,[WPA2_PSK],2025-3-23 0:54:14,1,-89,34.0361977,-117.1809616,430.10,3.00,WIFI
42:94:ED:AE:C9:FC,,[WPA2_PSK],2025-3-23 0:54:14,1,-92,34.0361977,-117.1809616,430.10,3.00,WIFI
3E:94:ED:AE:C9:FC,ORBI26,[WPA2_PSK],2025-3-23 0:54:14,1,-92,34.0361977,-117.1809616,430.10,3.00,WIFI
3E:94:ED:AE:C8:B2,ORBI26,[WPA2_PSK],2025-3-23 0:54:14,1,-92,34.0361977,-117.1809616,430.10,3.00,WIFI
3E:94:ED:AD:9D:87,ORBI26,[WPA2_PSK],2025-3-23 0:54:14,1,-96,34.0361977,-117.1809616,430.10,3.00,WIFI
D8:0D:17:DE:DD:D3,Cheeky,[WPA_WPA2_PSK],2025-3-23 0:54:15,2,-88,34.0362816,-117.1808090,430.50,3.00,WIFI
A4:11:62:C5:20:C5,ARLO_VMB_2815713798,[WPA2_PSK],2025-3-23 0:54:17,4,-90,34.0364418,-117.1805115,431.20,3.00,WIFI
74:B6:B6:83:74:45,Myralee Cottage,[WPA2_PSK],2025-3-23 0:54:19,6,-79,34.0365982,-117.1802216,432.10,3.00,WIFI
74:B6:B6:83:74:47,,[OPEN],2025-3-23 0:54:19,6,-79,34.0365982,-117.1802216,432.10,3.00,WIFI
74:B6:B6:83:74:4B,Myralee Cottage Guest,[WPA2_PSK],2025-3-23 0:54:19,6,-80,34.0365982,-117.1802216,432.10,3.00,WIFI
74:B6:B6:83:74:43,,[WPA3_PSK],2025-3-23 0:54:19,6,-80,34.0365982,-117.1802216,432.10,3.00,WIFI
B0:E4:D5:6E:2E:DF,GoBulldogs,[WPA2_PSK],2025-3-23 0:54:19,6,-84,34.0365982,-117.1802216,432.10,3.00,WIFI
74:B6:B6:84:CE:8B,Myralee Cottage Guest,[WPA2_PSK],2025-3-23 0:54:19,6,-86,34.0365982,-117.1802216,432.10,3.00,WIFI
74:B6:B6:84:CE:85,Myralee Cottage,[WPA2_PSK],2025-3-23 0:54:19,6,-87,34.0365982,-117.1802216,432.10,3.00,WIFI
52:81:40:E2:CB:AC,DIRECT-ac-HP M29 LaserJet,[WPA2_PSK],2025-3-23 0:54:19,6,-89,34.0365982,-117.1802216,432.10,3.00,WIFI
EA:B3:70:FD:65:31,Frontier2912_5G,[WPA2_PSK],2025-3-23 0:54:19,6,-94,34.0365982,-117.1802216,432.10,3.00,WIFI
CC:F4:11:6A:32:A8,Rhynumust II,[WPA2_PSK],2025-3-23 0:54:24,11,-70,34.0369759,-117.1795425,433.00,3.00,WIFI
C8:D3:FF:16:51:61,DIRECT-60-HP ENVY 5660 series,[WPA2_PSK],2025-3-23 0:54:24,11,-82,34.0369759,-117.1795425,433.00,3.00,WIFI
C8:A7:0A:94:7D:64,garagegoat,[WPA2_PSK],2025-3-23 0:54:24,11,-96,34.0369759,-117.1795425,433.00,3.00,WIFI
DE:9F:DB:1C:2F:FD,,[WPA2_PSK],2025-3-23 0:54:26,1,-90,34.0371056,-117.1793213,433.80,3.00,WIFI
42:94:ED:AD:9D:87,,[WPA2_PSK],2025-3-23 0:54:26,1,-91,34.0371056,-117.1793213,433.80,3.00,WIFI
42:94:ED:AE:C8:B2,,[WPA2_PSK],2025-3-23 0:54:26,1,-91,34.0371056,-117.1793213,433.80,3.00,WIFI
FC:3F:A6:83:67:E6,divito,[WPA2_PSK],2025-3-23 0:54:33,6,-78,34.0372772,-117.1790009,434.40,3.00,WIFI
FC:3F:A6:83:67:EF,divito Guest,[WPA2_PSK],2025-3-23 0:54:33,6,-78,34.0372772,-117.1790009,434.40,3.00,WIFI
F0:B6:61:5D:91:67,divito,[WPA2_PSK],2025-3-23 0:54:33,6,-80,34.0372772,-117.1790009,434.40,3.00,WIFI
F0:B6:61:5D:91:64,,[WPA3_PSK],2025-3-23 0:54:33,6,-81,34.0372772,-117.1790009,434.40,3.00,WIFI
F0:B6:61:5D:91:6A,,[OPEN],2025-3-23 0:54:33,6,-81,34.0372772,-117.1790009,434.40,3.00,WIFI
F0:B6:61:5D:91:70,divito Guest,[WPA2_PSK],2025-3-23 0:54:33,6,-82,34.0372772,-117.1790009,434.40,3.00,WIFI
9C:57:BC:87:98:83,,[WPA3_PSK],2025-3-23 0:54:33,6,-85,34.0372772,-117.1790009,434.40,3.00,WIFI
9C:57:BC:87:98:89,,[OPEN],2025-3-23 0:54:33,6,-85,34.0372772,-117.1790009,434.40,3.00,WIFI
9C:57:BC:87:98:86,everquest7,[WPA2_PSK],2025-3-23 0:54:33,6,-87,34.0372772,-117.1790009,434.40,3.00,WIFI
9C:57:BC:9C:B0:49,,[OPEN],2025-3-23 0:54:33,6,-87,34.0372772,-117.1790009,434.40,3.00,WIFI
9C:57:BC:5A:EE:69,,[OPEN],2025-3-23 0:54:33,6,-87,34.0372772,-117.1790009,434.40,3.00,WIFI
9C:57:BC:9C:B0:43,,[WPA3_PSK],2025-3-23 0:54:33,6,-88,34.0372772,-117.1790009,434.40,3.00,WIFI
9C:57:BC:9C:B0:46,everquest7,[WPA2_PSK],2025-3-23 0:54:33,6,-88,34.0372772,-117.1790009,434.40,3.00,WIFI
08:33:ED:C5:F8:B1,SpectrumSetup-B3,[WPA2_PSK],2025-3-23 0:54:33,6,-93,34.0372772,-117.1790009,434.40,3.00,WIFI
FA:6D:CC:BA:BE:E6,myGMC BEE6,[WPA2_PSK],2025-3-23 0:54:33,7,-71,34.0372772,-117.1790009,434.40,3.00,WIFI
F0:B6:61:5F:CB:AA,,[OPEN],2025-3-23 0:54:39,11,-75,34.0374908,-117.1785889,434.00,3.00,WIFI
F0:B6:61:5F:CB:A7,Stein,[WPA2_PSK],2025-3-23 0:54:39,11,-76,34.0374908,-117.1785889,434.00,3.00,WIFI
F0:B6:61:5F:CB:A4,,[WPA3_PSK],2025-3-23 0:54:39,11,-76,34.0374908,-117.1785889,434.00,3.00,WIFI
20:C9:D0:A4:BE:96,Murray Brand,[WPA2_PSK],2025-3-23 0:54:39,11,-78,34.0374908,-117.1785889,434.00,3.00,WIFI
20:C9:D0:A4:C7:74,Murray Brand,[WPA2_PSK],2025-3-23 0:54:39,11,-92,34.0374908,-117.1785889,434.00,3.00,WIFI
70:3A:CB:CA:01:E8,RidgeCrest,[WPA2_PSK],2025-3-23 0:54:39,11,-94,34.0374908,-117.1785889,434.00,3.00,WIFI
14:7D:05:94:87:97,SpectrumSetup-95,[WPA2_PSK],2025-3-23 0:54:39,11,-96,34.0374908,-117.1785889,434.00,3.00,WIFI
72:3A:CB:CA:01:E8,RidgeCrest-Guest,[WPA2_PSK],2025-3-23 0:54:39,11,-96,34.0374908,-117.1785889,434.00,3.00,WIFI
B0:FC:88:73:93:A3,SpectrumSetup-9D,[WPA2_PSK],2025-3-23 0:54:39,11,-97,34.0374908,-117.1785889,434.00,3.00,WIFI
A0:7F:8A:11:CA:30,Mpire,[WPA2_PSK],2025-3-23 0:54:39,1,-81,34.0374908,-117.1785889,434.00,3.00,WIFI
46:31:78:70:70:BB,,[WPA2_PSK],2025-3-23 0:54:39,1,-90,34.0374908,-117.1785889,434.00,3.00,WIFI
3C:31:78:70:70:BB,Alsop_Mesh,[WPA2_PSK],2025-3-23 0:54:39,1,-90,34.0374908,-117.1785889,434.00,3.00,WIFI
42:31:78:70:70:BB,Security_7070DC,[WPA2_PSK],2025-3-23 0:54:39,1,-91,34.0374908,-117.1785889,434.00,3.00,WIFI
4A:31:78:70:70:BB,Guest_7070DC,[WPA2_PSK],2025-3-23 0:54:39,1,-92,34.0374908,-117.1785889,434.00,3.00,WIFI
A0:7F:8A:13:EE:EE,SpectrumSetup-EEE8,[WPA2_PSK],2025-3-23 0:54:39,1,-92,34.0374908,-117.1785889,434.00,3.00,WIFI
96:3B:AD:CB:7C:E5,,[WPA2_PSK],2025-3-23 0:54:45,3,-92,34.0379372,-117.1778107,433.90,3.00,WIFI
72:CD:D6:E5:7E:B1,Baker Home,[WPA2_PSK],2025-3-23 0:54:46,4,-87,34.0380173,-117.1776657,433.90,3.00,WIFI
68:4A:76:7B:7E:43,,[WPA3_PSK],2025-3-23 0:54:48,6,-71,34.0381813,-117.1773605,433.50,3.00,WIFI
68:4A:76:7B:7E:47,,[OPEN],2025-3-23 0:54:48,6,-72,34.0381813,-117.1773605,433.50,3.00,WIFI
68:4A:76:7B:7E:45,FIOS-9L4JQ,[WPA2_PSK],2025-3-23 0:54:48,6,-79,34.0381813,-117.1773605,433.50,3.00,WIFI
40:47:5E:4B:58:83,,[WPA3_PSK],2025-3-23 0:54:48,6,-82,34.0381813,-117.1773605,433.50,3.00,WIFI
F0:B6:61:A9:19:6A,,[OPEN],2025-3-23 0:54:48,6,-83,34.0381813,-117.1773605,433.50,3.00,WIFI
40:47:5E:4B:58:89,,[OPEN],2025-3-23 0:54:48,6,-83,34.0381813,-117.1773605,433.50,3.00,WIFI
F0:B6:61:A9:19:64,,[WPA3_PSK],2025-3-23 0:54:48,6,-84,34.0381813,-117.1773605,433.50,3.00,WIFI
F0:B6:61:A9:19:67,seahawks,[WPA2_PSK],2025-3-23 0:54:48,6,-85,34.0381813,-117.1773605,433.50,3.00,WIFI
84:70:D7:B4:DD:E7,seahawks,[WPA2_PSK],2025-3-23 0:54:48,6,-85,34.0381813,-117.1773605,433.50,3.00,WIFI
40:47:5E:4B:58:86,Astutus,[WPA2_PSK],2025-3-23 0:54:48,6,-88,34.0381813,-117.1773605,433.50,3.00,WIFI
84:70:D7:B4:DD:E4,,[WPA3_PSK],2025-3-23 0:54:48,6,-89,34.0381813,-117.1773605,433.50,3.00,WIFI
70:3A:CB:CA:06:FA,FamilyRoom,[WPA2_PSK],2025-3-23 0:54:48,6,-94,34.0381813,-117.1773605,433.50,3.00,WIFI
F8:1A:2B:14:77:CF,Lee,[WPA2_PSK],2025-3-23 0:54:48,6,-94,34.0381813,-117.1773605,433.50,3.00,WIFI
72:3A:CB:CA:06:F8,FamilyRoom-guest,[WPA2_PSK],2025-3-23 0:54:48,6,-94,34.0381813,-117.1773605,433.50,3.00,WIFI
22:76:13:06:65:26,,[WPA2_PSK],2025-3-23 0:54:48,6,-96,34.0381813,-117.1773605,433.50,3.00,WIFI
04:42:1A:33:30:B0,castreje,[WPA2_PSK],2025-3-23 0:54:51,9,-79,34.0384483,-117.1768799,433.30,3.00,WIFI
40:A3:6B:CD:8B:5D,JellyFish-c-8B5E,[WPA2_PSK],2025-3-23 0:54:51,9,-91,34.0384483,-117.1768799,433.30,3.00,WIFI
84:A0:6E:BA:00:96,MySpectrumWiFi90-2G,[WPA2_PSK],2025-3-23 0:54:53,11,-90,34.0386276,-117.1765518,433.60,3.00,WIFI
00:E0:20:96:4C:67,Frontier5888_Ext,[WPA2_PSK],2025-3-23 0:54:53,11,-91,34.0386276,-117.1765518,433.60,3.00,WIFI
26:5A:4C:91:A0:D2,,[WPA2_PSK],2025-3-23 0:54:56,1,-75,34.0388947,-117.1760635,434.20,3.00,WIFI
60:F4:19:40:0C:46,test ,[WPA2_PSK],2025-3-23 0:54:56,1,-76,34.0388947,-117.1760635,434.20,3.00,WIFI
60:F4:19:40:0C:49,,[OPEN],2025-3-23 0:54:56,1,-78,34.0388947,-117.1760635,434.20,3.00,WIFI
60:F4:19:40:0C:43,,[WPA3_PSK],2025-3-23 0:54:56,1,-79,34.0388947,-117.1760635,434.20,3.00,WIFI
24:5A:4C:A1:A0:D2,Oak 1902,[WPA2_PSK],2025-3-23 0:54:56,1,-80,34.0388947,-117.1760635,434.20,3.00,WIFI
00:C8:96:CC:DE:AA,,[WPA_WPA2_PSK],2025-3-23 0:54:56,1,-81,34.0388947,-117.1760635,434.20,3.00,WIFI
CE:9E:43:D1:72:E9,Avenge Me Again,[WPA2_PSK],2025-3-23 0:54:59,3,-82,34.0391693,-117.1755753,435.70,3.00,WIFI
CC:40:D0:17:68:14,NTGR_VMB_1462060938,[WPA2_PSK],2025-3-23 0:54:59,3,-84,34.0391693,-117.1755753,435.70,3.00,WIFI
C8:9E:43:C7:24:D3,Avenge Me Again,[WPA2_PSK],2025-3-23 0:54:59,3,-88,34.0391693,-117.1755753,435.70,3.00,WIFI
8E:49:62:79:1C:9B,,[WPA2_PSK],2025-3-23 0:54:59,3,-91,34.0391693,-117.1755753,435.70,3.00,WIFI
FC:3F:A6:F4:F7:A9,,[OPEN],2025-3-23 0:55:2,6,-80,34.0394363,-117.1750793,437.20,3.00,WIFI
FC:3F:A6:F4:F7:A6,PerkinsRes,[WPA2_PSK],2025-3-23 0:55:2,6,-80,34.0394363,-117.1750793,437.20,3.00,WIFI
FC:3F:A6:F4:F7:A3,,[WPA3_PSK],2025-3-23 0:55:2,6,-81,34.0394363,-117.1750793,437.20,3.00,WIFI
28:EC:22:11:0A:69,,[OPEN],2025-3-23 0:55:2,6,-88,34.0394363,-117.1750793,437.20,3.00,WIFI
96:3B:AD:AF:A6:89,,[WPA2_PSK],2025-3-23 0:55:5,9,-93,34.0397186,-117.1745682,438.60,3.00,WIFI
92:3B:AD:AC:45:69,THE 178,[WPA2_PSK],2025-3-23 0:55:5,9,-95,34.0397186,-117.1745682,438.60,3.00,WIFI
9E:93:4E:45:F0:EF,DIRECT-7pWorkCentre 3215,[WPA2_PSK],2025-3-23 0:55:7,11,-95,34.0399132,-117.1742249,439.40,3.00,WIFI
18:1B:EB:9D:77:8B,FiOS-2M7HS,[WPA2_PSK],2025-3-23 0:55:10,1,-77,34.0401993,-117.1736908,440.30,3.00,WIFI
5C:18:DD:F0:BE:5B,,[WPA_WPA2_PSK],2025-3-23 0:55:15,5,-90,34.0406837,-117.1728134,442.50,3.00,WIFI
AC:EC:85:9E:92:B6,,[OPEN],2025-3-23 0:55:16,6,-88,34.0407715,-117.1726532,442.80,3.00,WIFI
AC:EC:85:9E:92:B4,eero,[WPA2_PSK],2025-3-23 0:55:16,6,-89,34.0407715,-117.1726532,442.80,3.00,WIFI
58:9B:4A:82:43:29,SpectrumSetup-4325,[WPA2_PSK],2025-3-23 0:55:16,6,-89,34.0407715,-117.1726532,442.80,3.00,WIFI
2C:30:33:45:0D:AA,NETGEAR83,[WPA2_PSK],2025-3-23 0:55:17,7,-93,34.0408592,-117.1724930,443.20,3.00,WIFI
96:3B:AD:AC:45:69,,[WPA2_PSK],2025-3-23 0:55:19,9,-86,34.0410042,-117.1722260,443.60,3.00,WIFI
92:3B:AD:AC:44:51,THE 178,[WPA2_PSK],2025-3-23 0:55:19,9,-93,34.0410042,-117.1722260,443.60,3.00,WIFI
92:3B:AD:AF:A6:89,THE 178,[WPA2_PSK],2025-3-23 0:55:19,9,-97,34.0410042,-117.1722260,443.60,3.00,WIFI
CE:2D:E0:0F:D5:29,STW-5,[WPA2_PSK],2025-3-23 0:55:21,11,-77,34.0411186,-117.1720047,444.00,3.00,WIFI
CC:2D:E0:0F:D5:26,STW-1,[WPA2],2025-3-23 0:55:21,11,-78,34.0411186,-117.1720047,444.00,3.00,WIFI
6E:3B:6B:7D:6C:2D,STW-2,[WPA2_PSK],2025-3-23 0:55:21,11,-78,34.0411186,-117.1720047,444.00,3.00,WIFI
CE:2D:E0:0F:D5:28,IoT,[WPA2_PSK],2025-3-23 0:55:21,11,-79,34.0411186,-117.1720047,444.00,3.00,WIFI
74:37:5F:F9:BE:B1,SpectrumSetup-AF,[WPA2_PSK],2025-3-23 0:55:21,11,-83,34.0411186,-117.1720047,444.00,3.00,WIFI
2C:67:BE:18:37:78,SpectrumSetup-3774,[WPA2_PSK],2025-3-23 0:55:25,1,-77,34.0412483,-117.1717758,444.10,3.00,WIFI
14:2D:27:A6:AD:9F,ADAMS,[WPA2_PSK],2025-3-23 0:55:25,1,-85,34.0412483,-117.1717758,444.10,3.00,WIFI
0E:19:5D:30:09:4D,,[WPA2_PSK],2025-3-23 0:55:25,1,-90,34.0412483,-117.1717758,444.10,3.00,WIFI
0E:19:5D:30:09:4C,,[WPA2_PSK],2025-3-23 0:55:25,1,-91,34.0412483,-117.1717758,444.10,3.00,WIFI
54:21:60:19:8D:7D,Alula198D7C,[WPA_WPA2_PSK],2025-3-23 0:55:27,2,-86,34.0412674,-117.1717453,444.30,3.00,WIFI
10:2C:B1:8C:FA:28,,[WPA_WPA2_PSK],2025-3-23 0:55:31,6,-70,34.0413857,-117.1715317,444.60,3.00,WIFI
5C:A5:BC:08:05:05,4Corners,[WPA2_PSK],2025-3-23 0:55:31,6,-78,34.0413857,-117.1715317,444.60,3.00,WIFI
5C:A5:BC:08:05:03,,[WPA3_PSK],2025-3-23 0:55:31,6,-79,34.0413857,-117.1715317,444.60,3.00,WIFI
5C:A5:BC:02:3F:05,4Corners,[WPA2_PSK],2025-3-23 0:55:31,6,-79,34.0413857,-117.1715317,444.60,3.00,WIFI
5C:A5:BC:08:05:07,,[OPEN],2025-3-23 0:55:31,6,-80,34.0413857,-117.1715317,444.60,3.00,WIFI
5C:A5:BC:02:3F:07,,[OPEN],2025-3-23 0:55:31,6,-80,34.0413857,-117.1715317,444.60,3.00,WIFI
5C:A5:BC:02:3F:03,,[WPA3_PSK],2025-3-23 0:55:31,6,-80,34.0413857,-117.1715317,444.60,3.00,WIFI
CC:F4:11:78:1F:BB,rxman1151,[WPA2_PSK],2025-3-23 0:55:31,6,-93,34.0413857,-117.1715317,444.60,3.00,WIFI
40:AE:30:6B:87:88,..3,[WPA2_WPA3_PSK],2025-3-23 0:55:35,10,-88,34.0416069,-117.1711273,444.80,3.00,WIFI
84:A0:6E:D1:3D:66,MySpectrumWiFi60-2G,[WPA2_PSK],2025-3-23 0:55:36,11,-74,34.0416718,-117.1710129,444.60,3.00,WIFI
9C:0B:05:5C:74:C4,,[WPA3_PSK],2025-3-23 0:55:36,11,-80,34.0416718,-117.1710129,444.60,3.00,WIFI
9C:0B:05:5C:74:CA,,[OPEN],2025-3-23 0:55:36,11,-80,34.0416718,-117.1710129,444.60,3.00,WIFI
9C:0B:05:5C:74:C7,DBCVCC,[WPA2_PSK],2025-3-23 0:55:36,11,-80,34.0416718,-117.1710129,444.60,3.00,WIFI
34:53:D2:C1:DF:91,Aardvark,[WPA2_PSK],2025-3-23 0:55:36,11,-82,34.0416718,-117.1710129,444.60,3.00,WIFI
40:B0:34:8D:B9:52,DIRECT-51-HP OfficeJet 4650,[WPA2_PSK],2025-3-23 0:55:36,11,-93,34.0416718,-117.1710129,444.60,3.00,WIFI
84:A0:6E:D2:70:06,MySpectrumWiFi00-2G,[WPA2_PSK],2025-3-23 0:55:39,1,-68,34.0418701,-117.1706543,443.70,3.00,WIFI
28:CF:DA:B4:03:C7,Burgess Network,[WPA2_PSK],2025-3-23 0:55:39,1,-73,34.0418701,-117.1706543,443.70,3.00,WIFI
F4:05:95:8F:CB:C5,SpectrumSetup-BF,[WPA2_PSK],2025-3-23 0:55:39,1,-81,34.0418701,-117.1706543,443.70,3.00,WIFI
A0:89:66:94:7D:D8,,[WPA_WPA2_PSK],2025-3-23 0:55:39,1,-86,34.0418701,-117.1706543,443.70,3.00,WIFI
84:69:93:F0:42:BA,DIRECT-B9-HP OfficeJet Pro 6970,[WPA2_PSK],2025-3-23 0:55:39,1,-95,34.0418701,-117.1706543,443.70,3.00,WIFI
66:67:72:12:92:C8,Mesh,[WPA2_WPA3_PSK],2025-3-23 0:55:42,3,-84,34.0420952,-117.1702576,442.80,3.00,WIFI
10:0C:6B:35:37:56,,[WPA2_PSK],2025-3-23 0:55:42,3,-91,34.0420952,-117.1702576,442.80,3.00,WIFI
48:D2:4F:FC:B9:16,SpectrumSetup-10,[WPA2_PSK],2025-3-23 0:55:45,6,-63,34.0423279,-117.1698380,441.50,3.00,WIFI
F8:AA:3F:ED:03:6F,SpectrumSetup-6D,[WPA2_PSK],2025-3-23 0:55:45,6,-81,34.0423279,-117.1698380,441.50,3.00,WIFI
48:BA:4E:87:66:E8,DIRECT-E4-HP OfficeJet Pro 8710,[WPA2_PSK],2025-3-23 0:55:45,6,-84,34.0423279,-117.1698380,441.50,3.00,WIFI
FC:12:63:B4:E3:CF,CrescentMoon,[WPA2_PSK],2025-3-23 0:55:45,6,-84,34.0423279,-117.1698380,441.50,3.00,WIFI
74:93:DA:BB:08:39,SpectrumSetup-3B,[WPA2_PSK],2025-3-23 0:55:45,6,-88,34.0423279,-117.1698380,441.50,3.00,WIFI
4C:19:5D:0D:4D:8A,SpectrumSetup-84,[WPA2_PSK],2025-3-23 0:55:45,6,-89,34.0423279,-117.1698380,441.50,3.00,WIFI
DC:92:72:E3:4D:DF,Frontier0673,[WPA2_PSK],2025-3-23 0:55:45,6,-91,34.0423279,-117.1698380,441.50,3.00,WIFI
78:D2:94:32:A4:BF,Avis_EXT,[WPA_WPA2_PSK],2025-3-23 0:55:46,7,-95,34.0424042,-117.1697006,441.00,3.00,WIFI
58:2F:F7:75:33:06,SpectrumSetup-00,[WPA2_PSK],2025-3-23 0:55:50,11,-81,34.0427170,-117.1691284,439.40,3.00,WIFI
88:DE:7C:CC:7F:E5,Walker,[WPA2_PSK],2025-3-23 0:55:50,11,-83,34.0427170,-117.1691284,439.40,3.00,WIFI
A4:97:33:51:F2:FD,SpectrumSetup-FF,[WPA2_PSK],2025-3-23 0:55:50,11,-86,34.0427170,-117.1691284,439.40,3.00,WIFI
6C:99:61:DA:7A:5E,SpectrumShade,[WPA2_PSK],2025-3-23 0:55:50,11,-87,34.0427170,-117.1691284,439.40,3.00,WIFI
84:1E:A3:32:DA:C6,SpectrumSetup-C0,[WPA2_PSK],2025-3-23 0:55:50,11,-91,34.0427170,-117.1691284,439.40,3.00,WIFI
4C:19:5D:58:2F:93,SpectrumSetup-8D,[WPA2_PSK],2025-3-23 0:55:50,11,-94,34.0427170,-117.1691284,439.40,3.00,WIFI
74:37:5F:A7:D1:D7,SpectrumSetup-D5,[WPA2_PSK],2025-3-23 0:55:53,1,-63,34.0429687,-117.1686783,439.50,3.00,WIFI
44:AD:B1:56:9D:5E,SpectrumSetup-58,[WPA2_PSK],2025-3-23 0:55:53,1,-71,34.0429687,-117.1686783,439.50,3.00,WIFI
F0:7B:65:0D:2B:BF,SpectrumSetup-2BB9,[WPA2_PSK],2025-3-23 0:55:53,1,-81,34.0429687,-117.1686783,439.50,3.00,WIFI
48:BA:4E:2D:77:84,DIRECT-83-HP OfficeJet 6950,[WPA2_PSK],2025-3-23 0:55:53,1,-86,34.0429687,-117.1686783,439.50,3.00,WIFI
84:1E:A3:29:4B:7E,SpectrumSetup-78,[WPA2_PSK],2025-3-23 0:55:53,1,-88,34.0429687,-117.1686783,439.50,3.00,WIFI
64:67:72:56:A9:51,BuenCamino,[WPA2_PSK],2025-3-23 0:55:53,1,-93,34.0429687,-117.1686783,439.50,3.00,WIFI
50:27:A9:58:B9:25,SleepyBoo,[WPA2_PSK],2025-3-23 0:55:59,6,-75,34.0434532,-117.1677933,439.60,3.00,WIFI
50:27:A9:58:B9:23,,[WPA3_PSK],2025-3-23 0:55:59,6,-80,34.0434532,-117.1677933,439.60,3.00,WIFI
50:27:A9:58:B9:27,,[OPEN],2025-3-23 0:55:59,6,-80,34.0434532,-117.1677933,439.60,3.00,WIFI
44:D4:53:79:AA:A6,Dunlap-WIFI,[WPA2_PSK],2025-3-23 0:55:59,6,-81,34.0434532,-117.1677933,439.60,3.00,WIFI
4C:AB:F8:60:07:E4,SpectrumSetup-E6,[WPA2_PSK],2025-3-23 0:55:59,6,-90,34.0434532,-117.1677933,439.60,3.00,WIFI
88:DE:7C:D4:0A:E1,SpectrumSetup-E3,[WPA2_PSK],2025-3-23 0:55:59,6,-90,34.0434532,-117.1677933,439.60,3.00,WIFI
FA:8F:CA:5B:47:8A,HKEnchant1300_0940.l007,[OPEN],2025-3-23 0:55:59,6,-93,34.0434532,-117.1677933,439.60,3.00,WIFI
B0:39:56:D5:B6:5F,NETGEAR48,[WPA2_PSK],2025-3-23 0:56:1,8,-89,34.0436134,-117.1675034,439.50,3.00,WIFI
22:E8:29:94:0E:F8,,[WPA2_PSK],2025-3-23 0:56:4,11,-87,34.0438385,-117.1670914,439.10,3.00,WIFI
18:E8:29:94:0E:F8,TheRiver,[WPA2_PSK],2025-3-23 0:56:4,11,-88,34.0438385,-117.1670914,439.10,3.00,WIFI
1E:E8:29:94:0E:F8,River Guest,[WPA2_PSK],2025-3-23 0:56:4,11,-89,34.0438385,-117.1670914,439.10,3.00,WIFI
34:49:5B:C2:21:06,MySpectrumWiFi00-2G,[WPA2_PSK],2025-3-23 0:56:4,11,-89,34.0438385,-117.1670914,439.10,3.00,WIFI
26:E8:29:94:0E:F8,,[WPA2_PSK],2025-3-23 0:56:4,11,-91,34.0438385,-117.1670914,439.10,3.00,WIFI
00:26:62:EA:5C:54,DG1670AF2,[WPA_WPA2_PSK],2025-3-23 0:56:4,11,-92,34.0438385,-117.1670914,439.10,3.00,WIFI
E4:5E:1B:89:AE:6A,Sidhant Nest,[WPA2_PSK],2025-3-23 0:56:4,11,-94,34.0438385,-117.1670914,439.10,3.00,WIFI
C0:A4:76:B2:6E:01,@Reyee-s089F,[WPA_WPA2_PSK],2025-3-23 0:56:7,1,-67,34.0440521,-117.1666870,438.50,3.00,WIFI
C2:A4:76:A2:6E:01,@Reyee-s089F_iot,[WPA_WPA2_PSK],2025-3-23 0:56:7,1,-77,34.0440521,-117.1666870,438.50,3.00,WIFI
C2:A4:76:D2:6E:01,,[WPA_WPA2_PSK],2025-3-23 0:56:7,1,-79,34.0440521,-117.1666870,438.50,3.00,WIFI
44:A5:6E:8E:64:92,NETGEAR_EXT,[OPEN],2025-3-23 0:56:7,1,-86,34.0440521,-117.1666870,438.50,3.00,WIFI
C8:A7:0A:AC:81:42,FiOS-UXR6G,[WPA2_PSK],2025-3-23 0:56:7,1,-90,34.0440521,-117.1666870,438.50,3.00,WIFI
C0:A4:76:B0:08:A2,West Wing,[WPA_WPA2_PSK],2025-3-23 0:56:13,6,-69,34.0443726,-117.1660385,437.00,3.00,WIFI
C2:A4:76:D0:08:A2,,[WPA_WPA2_PSK],2025-3-23 0:56:13,6,-70,34.0443726,-117.1660385,437.00,3.00,WIFI
20:BE:CD:82:57:4A,,[OPEN],2025-3-23 0:56:13,6,-81,34.0443726,-117.1660385,437.00,3.00,WIFI
20:BE:CD:82:57:47,searching…,[WPA2_PSK],2025-3-23 0:56:13,6,-81,34.0443726,-117.1660385,437.00,3.00,WIFI
3A:98:B5:FF:37:94,RDPes,[WPA2_WPA3_PSK],2025-3-23 0:56:16,9,-67,34.0444145,-117.1659393,436.40,3.00,WIFI
42:98:B5:FF:37:94,RDPes-IoT,[WPA2_PSK],2025-3-23 0:56:16,9,-69,34.0444145,-117.1659393,436.40,3.00,WIFI
94:18:65:CF:0B:8F,,[WPA2_PSK],2025-3-23 0:56:16,9,-94,34.0444145,-117.1659393,436.40,3.00,WIFI
88:DE:7C:27:96:65,SpectrumSetup-67,[WPA2_PSK],2025-3-23 0:56:18,11,-90,34.0444336,-117.1659088,436.80,3.00,WIFI
B0:FC:88:5D:22:28,SpectrumSetup-22,[WPA2_PSK],2025-3-23 0:56:18,11,-91,34.0444336,-117.1659088,436.80,3.00,WIFI
F0:72:EA:84:64:8A,Sidhant Nest,[WPA2_PSK],2025-3-23 0:56:18,11,-94,34.0444336,-117.1659088,436.80,3.00,WIFI
4C:19:5D:33:80:F4,SpectrumSetup-EE,[WPA2_PSK],2025-3-23 0:56:18,11,-95,34.0444336,-117.1659088,436.80,3.00,WIFI
14:7D:05:4E:67:C7,SpectrumSetup-C5,[WPA2_PSK],2025-3-23 0:56:21,1,-85,34.0444145,-117.1657181,436.90,3.00,WIFI
3C:52:A1:1B:46:FA,BFSC - Admin,[WPA2_PSK],2025-3-23 0:56:24,3,-86,34.0442810,-117.1653824,437.90,3.00,WIFI
42:52:A1:1B:46:FA,BFSC Admin_Guest,[WPA2_PSK],2025-3-23 0:56:24,3,-86,34.0442810,-117.1653824,437.90,3.00,WIFI
14:7D:05:50:B2:03,SpectrumSetup-01,[WPA2_PSK],2025-3-23 0:56:27,6,-78,34.0441017,-117.1649551,439.30,3.00,WIFI
70:A7:41:61:A2:34,TGPG,[WPA2_PSK],2025-3-23 0:56:27,6,-91,34.0441017,-117.1649551,439.30,3.00,WIFI
FC:12:63:B8:D8:99,SpectrumSetup-9B,[WPA2_PSK],2025-3-23 0:56:27,6,-93,34.0441017,-117.1649551,439.30,3.00,WIFI
E0:46:EE:04:B5:3B,NETGEAR06,[WPA2_PSK],2025-3-23 0:56:32,11,-88,34.0437927,-117.1640396,442.30,2.75,WIFI
4C:AB:F8:54:79:0D,SpectrumSetup-6D,[WPA2_PSK],2025-3-23 0:56:35,1,-86,34.0436211,-117.1634140,444.50,2.75,WIFI
74:93:DA:1D:7B:FD,SpectrumSetup-FF,[WPA2_PSK],2025-3-23 0:56:35,1,-94,34.0436211,-117.1634140,444.50,2.75,WIFI
CE:1F:08:99:48:A2,Walter's Galaxy S22+,[WPA2_PSK],2025-3-23 0:56:46,11,-93,34.0428963,-117.1609650,447.80,2.75,WIFI
E2:55:7D:48:BA:98,Redlands BYOD,[WPA2_PSK],2025-3-23 0:56:46,11,-93,34.0428963,-117.1609650,447.80,2.75,WIFI
E2:55:7D:48:BA:9A,City of Redlands,[OPEN],2025-3-23 0:56:46,11,-95,34.0428963,-117.1609650,447.80,2.75,WIFI
88:67:46:9A:95:63,,[WPA3_PSK],2025-3-23 0:56:49,1,-86,34.0425911,-117.1603088,448.90,2.75,WIFI
88:67:46:9A:95:69,,[OPEN],2025-3-23 0:56:49,1,-86,34.0425911,-117.1603088,448.90,2.75,WIFI
E8:9F:80:5A:91:EB,DaWease,[WPA2_PSK],2025-3-23 0:56:53,4,-84,34.0421791,-117.1594391,452.30,2.75,WIFI
94:3C:96:5E:A2:86,TMOBILE-A281,[WPA2_WPA3_PSK],2025-3-23 0:56:55,6,-83,34.0419846,-117.1590271,454.10,2.75,WIFI
72:32:B1:69:33:61,,[WPA2_PSK],2025-3-23 0:56:56,7,-84,34.0418854,-117.1588135,454.90,2.75,WIFI
60:32:B1:69:33:61,FridayPizza,[WPA2_PSK],2025-3-23 0:56:56,7,-88,34.0418854,-117.1588135,454.90,2.75,WIFI
A4:11:62:34:A7:40,c9c72023e0c20a783f801e3970d84284,[WPA2_PSK],2025-3-23 0:57:0,11,-89,34.0415039,-117.1580124,457.50,2.75,WIFI
96:83:C2:8D:06:CB,,[WPA2_PSK],2025-3-23 0:57:0,11,-94,34.0415039,-117.1580124,457.50,2.75,WIFI
76:6F:F7:F2:24:B0,myChevrolet,[WPA2_PSK],2025-3-23 0:57:3,1,-80,34.0412254,-117.1574478,458.80,2.75,WIFI
74:93:DA:A3:9C:65,SpectrumSetup-67,[WPA2_PSK],2025-3-23 0:57:9,6,-83,34.0405426,-117.1563339,460.20,2.75,WIFI
D4:A9:28:14:68:02,FiOS-1351-24,[WPA2_PSK],2025-3-23 0:57:9,6,-92,34.0405426,-117.1563339,460.20,2.75,WIFI
28:80:88:43:34:5E,NETGEAR10,[WPA2_PSK],2025-3-23 0:57:11,8,-93,34.0403023,-117.1559448,461.00,3.00,WIFI
72:7F:F0:02:3F:5F,,[WPA2_PSK],2025-3-23 0:57:12,9,-93,34.0401802,-117.1557541,461.50,3.00,WIFI
68:7F:F0:02:3F:5D,TP-Link_3F5E,[WPA2_PSK],2025-3-23 0:57:12,9,-96,34.0401802,-117.1557541,461.50,3.00,WIFI
3C:5C:F1:F7:56:F2,,[WPA3_PSK],2025-3-23 0:57:14,11,-74,34.0399284,-117.1553497,462.60,3.00,WIFI
3C:5C:F1:F7:56:F6,,[OPEN],2025-3-23 0:57:14,11,-74,34.0399284,-117.1553497,462.60,3.00,WIFI
3C:5C:F1:F7:56:F4,SalinasCounseling,[WPA2_PSK],2025-3-23 0:57:14,11,-74,34.0399284,-117.1553497,462.60,3.00,WIFI
3C:5C:F1:F7:56:FA,SalinasCounselingGuest,[WPA2_PSK],2025-3-23 0:57:14,11,-77,34.0399284,-117.1553497,462.60,3.00,WIFI
3C:5C:F1:F6:DA:82,,[WPA3_PSK],2025-3-23 0:57:14,11,-87,34.0399284,-117.1553497,462.60,3.00,WIFI
3C:5C:F1:F6:DA:8A,SalinasCounselingGuest,[WPA2_PSK],2025-3-23 0:57:14,11,-87,34.0399284,-117.1553497,462.60,3.00,WIFI
12:18:0A:6F:84:D9,WD-Phreesia,[WPA2_PSK],2025-3-23 0:57:14,11,-88,34.0399284,-117.1553497,462.60,3.00,WIFI
0E:18:0A:6F:84:D9,WD-Internet,[WPA2_PSK],2025-3-23 0:57:14,11,-89,34.0399284,-117.1553497,462.60,3.00,WIFI
3C:5C:F1:F6:DA:86,,[OPEN],2025-3-23 0:57:14,11,-89,34.0399284,-117.1553497,462.60,3.00,WIFI
3C:5C:F1:F6:DA:84,SalinasCounseling,[WPA2_PSK],2025-3-23 0:57:14,11,-89,34.0399284,-117.1553497,462.60,3.00,WIFI
92:CD:B6:77:6B:A7,DIRECT-a7-HP M426 LaserJet,[WPA2_PSK],2025-3-23 0:57:14,11,-91,34.0399284,-117.1553497,462.60,3.00,WIFI
06:18:0A:6F:84:D9,WD-Guest,[WPA2_PSK],2025-3-23 0:57:14,11,-92,34.0399284,-117.1553497,462.60,3.00,WIFI
12:32:2C:53:E5:B4,DIRECT-Tv-Car_7551,[WPA2_PSK],2025-3-23 0:57:14,11,-97,34.0399284,-117.1553497,462.60,3.00,WIFI
54:47:CC:F5:A7:D6,Frontier0594,[WPA2_PSK],2025-3-23 0:57:15,1,-82,34.0397949,-117.1551514,463.20,3.00,WIFI
74:83:C2:8A:95:A8,Homan-Stone,[WPA_WPA2_PSK],2025-3-23 0:57:15,1,-83,34.0397949,-117.1551514,463.20,3.00,WIFI
7A:83:C2:8A:95:A8,Homan-Stone Guest,[WPA_WPA2_PSK],2025-3-23 0:57:15,1,-83,34.0397949,-117.1551514,463.20,3.00,WIFI
7E:83:C2:8A:95:A8,,[WPA2_PSK],2025-3-23 0:57:15,1,-84,34.0397949,-117.1551514,463.20,3.00,WIFI
00:01:9F:30:1B:50,Citrus Wealth,[WPA_WPA2_PSK],2025-3-23 0:57:15,1,-87,34.0397949,-117.1551514,463.20,3.00,WIFI
8C:83:94:A1:DB:E9,Room of requirement,[WPA2_PSK],2025-3-23 0:57:15,1,-91,34.0397949,-117.1551514,463.20,3.00,WIFI
08:D5:9D:0B:1C:C6,MySpectrumWiFic0-2G,[WPA2_PSK],2025-3-23 0:57:21,4,-96,34.0390053,-117.1539383,467.10,2.75,WIFI
80:2A:A8:1A:95:07,kw_agentsonly,[WPA2_PSK],2025-3-23 0:57:23,6,-76,34.0387268,-117.1535187,468.70,2.75,WIFI
24:41:FE:68:C6:3E,Verizon_L9RT6R,[WPA2_PSK],2025-3-23 0:57:23,6,-80,34.0387268,-117.1535187,468.70,2.75,WIFI
F8:D9:B8:50:31:C9,PacDerm Guest,[WPA_WPA2_PSK],2025-3-23 0:57:23,6,-83,34.0387268,-117.1535187,468.70,2.75,WIFI
FC:DB:21:09:DB:52,tegtrucks,[WPA2_PSK],2025-3-23 0:57:23,6,-83,34.0387268,-117.1535187,468.70,2.75,WIFI
80:2A:A8:1A:95:7E,kw_agentsonly,[WPA2_PSK],2025-3-23 0:57:23,6,-95,34.0387268,-117.1535187,468.70,2.75,WIFI
22:AD:56:21:F0:4D,HotspotF04D,[WPA_WPA2_PSK],2025-3-23 0:57:28,11,-83,34.0380440,-117.1524429,472.00,2.75,WIFI
98:F7:81:E1:52:48,Frontier1584,[WPA2_PSK],2025-3-23 0:57:28,11,-96,34.0380440,-117.1524429,472.00,2.75,WIFI
C8:7F:54:B3:80:50,ASUS_50 NEW,[WPA2_PSK],2025-3-23 0:57:30,1,-88,34.0377808,-117.1519775,473.30,3.00,WIFI
A4:E5:7C:D0:C5:AD,PNR08IF31006EB509D,[OPEN],2025-3-23 0:57:30,1,-90,34.0377808,-117.1519775,473.30,3.00,WIFI
B4:FB:E4:F1:4D:C0,Black Belt,[WPA2_PSK],2025-3-23 0:57:30,1,-91,34.0377808,-117.1519775,473.30,3.00,WIFI
F8:08:4F:D3:8E:5E,MySpectrumWiFi58-2G,[WPA2_PSK],2025-3-23 0:57:30,1,-96,34.0377808,-117.1519775,473.30,3.00,WIFI
00:6F:F2:25:C4:72,WiFi Hotspot 3405,[WPA2_PSK],2025-3-23 0:57:37,6,-93,34.0368576,-117.1502533,478.70,2.50,WIFI
5A:E4:03:79:50:EE,Audi_MMI_8140,[WPA2_PSK],2025-3-23 0:57:37,6,-98,34.0368576,-117.1502533,478.70,2.50,WIFI
E4:5E:1B:A7:D9:BA,lexington,[WPA2_PSK],2025-3-23 0:57:44,1,-79,34.0359917,-117.1483536,485.30,2.50,WIFI
B0:95:75:70:44:63,,[WPA2_PSK],2025-3-23 0:57:47,2,-93,34.0356560,-117.1475067,488.30,2.25,WIFI
BA:95:75:70:44:63,reemo777 _Guest,[WPA_WPA2_PSK],2025-3-23 0:57:47,2,-94,34.0356560,-117.1475067,488.30,2.25,WIFI
A8:40:0B:40:56:49,HotspotbmaU,[WPA_WPA2_PSK],2025-3-23 0:57:51,6,-87,34.0352325,-117.1463165,491.80,2.25,WIFI
A2:66:F3:58:46:95,Porsche_WLAN_4345,[WPA2_PSK],2025-3-23 0:57:51,6,-92,34.0352325,-117.1463165,491.80,2.25,WIFI
82:D2:94:55:9F:BA,,[WPA2_PSK],2025-3-23 0:57:52,7,-91,34.0351334,-117.1460190,492.70,2.25,WIFI
64:09:80:17:C0:F2,NETGEAR11,[WPA2_PSK],2025-3-23 0:57:54,9,-91,34.0349426,-117.1454010,494.40,2.25,WIFI
10:0C:6B:18:AB:E9,NETGEAR57,[WPA2_PSK],2025-3-23 0:57:55,10,-91,34.0348511,-117.1450806,495.40,2.25,WIFI
66:E2:20:3B:5D:D5,DIRECT-BMW 16740,[WPA2_PSK],2025-3-23 0:57:56,11,-88,34.0347633,-117.1447678,496.40,2.25,WIFI
4C:AB:F8:05:3B:02,SpectrumSetup-08,[WPA2_PSK],2025-3-23 0:57:59,1,-83,34.0345001,-117.1438065,498.40,2.25,WIFI
4C:AB:F8:36:61:1D,SpectrumSetup-22,[WPA2_PSK],2025-3-23 0:57:59,1,-87,34.0345001,-117.1438065,498.40,2.25,WIFI
00:54:AF:B7:DB:7F,HotspotDB7F,[WPA_WPA2_PSK],2025-3-23 0:57:59,1,-88,34.0345001,-117.1438065,498.40,2.25,WIFI
82:D2:94:49:7B:2E,,[WPA2_PSK],2025-3-23 0:58:2,3,-92,34.0342407,-117.1428452,503.30,2.25,WIFI
34:98:B5:DC:CB:1F,NETGEAR49,[WPA2_PSK],2025-3-23 0:58:3,4,-92,34.0341568,-117.1425247,504.50,2.25,WIFI
5A:E4:03:8A:C3:57,Burban,[WPA2_PSK],2025-3-23 0:58:6,7,-80,34.0338936,-117.1415710,508.00,2.25,WIFI
1A:48:CA:9A:66:B4,My VW 6616,[WPA2_PSK],2025-3-23 0:58:19,6,-97,34.0325432,-117.1376572,523.90,2.25,WIFI
92:F3:D0:DD:4C:24,SM-G950U37E,[WPA2_PSK],2025-3-23 0:58:38,11,-89,34.0303688,-117.1325684,547.20,2.25,WIFI
02:54:AF:D1:07:7A,Hotspot077A,[WPA_WPA2_PSK],2025-3-23 0:58:41,1,-87,34.0300522,-117.1317368,549.70,2.25,WIFI
28:3D:E8:E2:73:07,ROVE_R2-4K_e27307,[WPA_WPA2_PSK],2025-3-23 0:58:41,1,-91,34.0300522,-117.1317368,549.70,2.25,WIFI
