WigleWifi-1.4,appRelease=v1.2.0,model=ESP32 Marauder,release=v1.2.0,device=ESP32 Marauder,display=SPI TFT,board=ESP32 Marauder,brand=JustCallMeKoko
MAC,SSID,AuthMode,FirstSeen,Channel,RSSI,CurrentLatitude,CurrentLongitude,AltitudeMeters,AccuracyMeters,Type
98:C8:54:A5:C4:52,Verizon_VNS9PR,[WPA2_PSK],,1,-76,34.1081009,-117.2088470,330.80,2.50,WIFI
00:EB:D5:60:B2:F0,KCBLASER,[WPA2_PSK],,1,-77,34.1081009,-117.2088470,330.80,2.50,WIFI
74:8A:0D:76:14:F0,sunscreen 2.4,[WPA2_PSK],,1,-80,34.1081009,-117.2088470,330.80,2.50,WIFI
C0:56:27:D2:2F:4F,Montana Enterprises,[WPA2_PSK],,3,-80,34.1080170,-117.2088547,330.30,2.50,WIFI
C2:56:27:D2:2F:41,,[WPA2_PSK],,3,-81,34.1080170,-117.2088547,330.30,2.50,WIFI
58:07:F8:33:20:04,Snackattack Highland,[WPA2_PSK],2025-3-25 19:53:47,6,-71,34.1077919,-117.2088699,329.60,2.50,WIFI
FC:DB:21:58:C4:0D,samsara,[WPA2_PSK],2025-3-25 19:53:47,6,-72,34.1077919,-117.2088699,329.60,2.50,WIFI
6C:CD:D6:1D:46:23,Zoetis-6ccdd61d4621,[WPA2_PSK],2025-3-25 19:53:47,6,-79,34.1077919,-117.2088699,329.60,2.50,WIFI
18:A5:FF:B5:EC:E0,TMOBILE-ECDE,[WPA2_WPA3_PSK],2025-3-25 19:53:47,6,-81,34.1077919,-117.2088699,329.60,2.50,WIFI
FC:DB:21:3F:A1:B3,Matich Truck WiFi,[WPA2_PSK],2025-3-25 19:53:47,6,-82,34.1077919,-117.2088699,329.60,2.50,WIFI
FC:DB:21:1C:1C:ED,Matich Truck WiFi,[WPA2_PSK],2025-3-25 19:53:47,6,-83,34.1077919,-117.2088699,329.60,2.50,WIFI
00:25:CA:99:E6:E7,Motive AABL36MD380437,[WPA2_PSK],2025-3-25 19:53:47,6,-85,34.1077919,-117.2088699,329.60,2.50,WIFI
00:25:CA:4C:C3:55,KeepTruckin Hotspot - 01413031,[WPA2_PSK],2025-3-25 19:53:47,6,-86,34.1077919,-117.2088699,329.60,2.50,WIFI
22:2F:43:47:0E:DB,Galaxy A15 C0C2,[WPA2_PSK],2025-3-25 19:53:47,6,-87,34.1077919,-117.2088699,329.60,2.50,WIFI
E2:63:DA:34:F0:41,,[WPA2_PSK],2025-3-25 19:53:47,6,-88,34.1077919,-117.2088699,329.60,2.50,WIFI
84:D1:5A:B6:7F:0B,Internet Telcel HH41NH_7F0B,[WPA2_PSK],2025-3-25 19:53:48,7,-76,34.1076965,-117.2088776,329.60,2.50,WIFI
CC:65:AD:55:78:60,ATT944,[WPA_WPA2_PSK],2025-3-25 19:53:48,7,-87,34.1076965,-117.2088776,329.60,2.50,WIFI
48:A9:8A:3E:47:D4,NextDVP-W00233118591,[WPA_WPA2_PSK],2025-3-25 19:53:49,8,-84,34.1075783,-117.2088776,329.40,2.50,WIFI
8C:5A:25:9B:82:60,ATTQyjJbA2,[WPA2_PSK],2025-3-25 19:53:51,10,-72,34.1073341,-117.2088852,329.50,2.50,WIFI
BC:E6:7C:5E:C0:60,CHES,[WPA2],2025-3-25 19:53:52,11,-73,34.1072044,-117.2088776,329.60,2.50,WIFI
BC:E6:7C:5E:A1:50,CHES,[WPA2],2025-3-25 19:53:52,11,-80,34.1072044,-117.2088776,329.60,2.50,WIFI
98:C8:54:AB:06:C1,Verizon_C3BNX4,[WPA2_PSK],2025-3-25 19:53:52,11,-87,34.1072044,-117.2088776,329.60,2.50,WIFI
F4:E2:C6:24:9B:E7,FBACCESS,[WPA2_PSK],2025-3-25 19:53:52,11,-93,34.1072044,-117.2088776,329.60,2.50,WIFI
58:96:71:F3:91:16,Verizon_63JGZ9,[WPA2_PSK],2025-3-25 19:53:55,1,-72,34.1068001,-117.2088776,329.40,2.50,WIFI
E8:51:9E:71:44:28,ROVE_R2-4K_714428,[WPA_WPA2_PSK],2025-3-25 19:53:55,1,-77,34.1068001,-117.2088776,329.40,2.50,WIFI
54:21:60:17:61:6D,Alula17616C,[WPA_WPA2_PSK],2025-3-25 19:53:55,1,-84,34.1068001,-117.2088776,329.40,2.50,WIFI
D8:EC:5E:1E:5D:0B,Linksys17826,[WPA2_PSK],2025-3-25 19:53:55,1,-85,34.1068001,-117.2088776,329.40,2.50,WIFI
FA:25:FE:04:80:EE,myChevrolet0130,[WPA2_PSK],2025-3-25 19:53:55,1,-88,34.1068001,-117.2088776,329.40,2.50,WIFI
08:33:ED:CA:E7:08,ATT-WIFI-1135,[WPA2_WPA3_PSK],2025-3-25 19:53:57,2,-89,34.1065025,-117.2088776,329.40,2.50,WIFI
06:0E:3C:7B:0F:E5,DIRECT-E5-HP OfficeJet Pro 9010,[WPA2_PSK],2025-3-25 19:54:1,6,-85,34.1059151,-117.2088928,329.40,2.50,WIFI
FC:DB:21:5B:2A:12,samsara,[WPA2_PSK],2025-3-25 19:54:1,6,-86,34.1059151,-117.2088928,329.40,2.50,WIFI
0E:60:B9:B2:AF:D6,Stratus_C7,[WPA2_WPA3_PSK],2025-3-25 19:54:1,6,-87,34.1059151,-117.2088928,329.40,2.50,WIFI
FC:DB:21:19:55:5D,samsara,[WPA2_PSK],2025-3-25 19:54:1,6,-89,34.1059151,-117.2088928,329.40,2.50,WIFI
2E:58:B9:29:2E:B5,DIRECT-B5-HP OfficeJet Pro 8130e,[WPA2_PSK],2025-3-25 19:54:1,6,-90,34.1059151,-117.2088928,329.40,2.50,WIFI
88:EF:16:6F:1C:E0,ATTYVwM35S,[WPA2_PSK],2025-3-25 19:54:4,9,-79,34.1054306,-117.2088852,329.00,2.50,WIFI
BC:E6:7C:5E:A0:F0,CHES,[WPA2],2025-3-25 19:54:6,11,-92,34.1050758,-117.2088852,328.90,2.50,WIFI
EC:6E:79:09:87:06,2437,[WPA2_PSK],2025-3-25 19:54:6,11,-96,34.1050758,-117.2088852,328.90,2.50,WIFI
EC:6E:79:05:9C:9F,2114,[WPA2_PSK],2025-3-25 19:54:15,6,-84,34.1033669,-117.2088318,329.00,2.50,WIFI
EC:6E:79:05:A0:92,1975,[WPA2_PSK],2025-3-25 19:54:15,6,-86,34.1033669,-117.2088318,329.00,2.50,WIFI
FC:DB:21:3F:D7:9A,S_ELD_HS,[WPA2_PSK],2025-3-25 19:54:15,6,-88,34.1033669,-117.2088318,329.00,2.50,WIFI
FC:DB:21:23:64:27,S_ELD_HS,[WPA2_PSK],2025-3-25 19:54:15,6,-90,34.1033669,-117.2088318,329.00,2.50,WIFI
EC:6E:79:05:9D:23,1604,[WPA2_PSK],2025-3-25 19:54:20,11,-83,34.1023712,-117.2088089,329.20,2.50,WIFI
EC:6E:79:05:A2:40,1791,[WPA2_PSK],2025-3-25 19:54:20,11,-88,34.1023712,-117.2088089,329.20,2.50,WIFI
22:AD:56:3F:A1:2E,HotspotA12E,[WPA_WPA2_PSK],2025-3-25 19:54:23,1,-89,34.1017189,-117.2088013,327.80,2.00,WIFI
00:18:0A:7F:3E:B3,CAC WiFi,[WPA_WPA2_PSK],2025-3-25 19:54:23,1,-92,34.1017189,-117.2088013,327.80,2.00,WIFI
90:A6:BF:78:FD:99,SMFI-004194,[WPA_WPA2_PSK],2025-3-25 19:54:49,12,-89,34.0955734,-117.2087784,326.20,1.75,WIFI
CA:F6:17:C3:0A:3A,SM-G781W3565,[WPA2_PSK],2025-3-25 19:54:53,2,-91,34.0946388,-117.2087708,327.10,1.75,WIFI
18:48:CA:C9:68:67,SLEEP WALKERS _6867CAC91848,[WPA2_PSK],2025-3-25 19:55:16,11,-72,34.0892181,-117.2087784,331.70,1.75,WIFI
80:EA:07:39:64:00,GoPlus_2.4G,[WPA_WPA2_PSK],2025-3-25 19:55:16,11,-92,34.0892181,-117.2087784,331.70,1.75,WIFI
60:3A:7C:C4:14:DD,GoPlus_2.4G,[WPA_WPA2_PSK],2025-3-25 19:55:25,6,-77,34.0872803,-117.2087936,336.20,1.75,WIFI
60:3A:7C:C4:14:03,GoPlus_2.4G,[WPA_WPA2_PSK],2025-3-25 19:55:30,11,-87,34.0862732,-117.2087936,337.00,1.75,WIFI
48:91:D5:5B:0D:E2,MCS-Wireless,[WPA2_PSK],2025-3-25 19:55:30,11,-89,34.0862732,-117.2087936,337.00,1.75,WIFI
FC:DB:21:40:A1:BB,lexmar,[WPA2_PSK],2025-3-25 19:55:39,6,-74,34.0854301,-117.2087936,337.80,1.75,WIFI
60:3A:7C:C4:14:87,GoPlus_2.4G,[WPA_WPA2_PSK],2025-3-25 19:55:39,6,-82,34.0854301,-117.2087936,337.80,1.75,WIFI
FA:6D:CC:C8:86:3D,myChevrolet 863D,[WPA2_PSK],2025-3-25 19:55:40,7,-76,34.0854073,-117.2087936,337.80,1.75,WIFI
48:91:D5:5B:0D:E0,MCS-RF,[WPA2_PSK],2025-3-25 19:55:44,11,-90,34.0853729,-117.2087936,337.80,1.75,WIFI
2A:03:EB:1E:32:D8,Mateo2017,[WPA2_PSK],2025-3-25 19:55:48,1,-85,34.0853615,-117.2087936,337.80,1.75,WIFI
60:3A:7C:C4:14:93,GoPlus_2.4G,[WPA_WPA2_PSK],2025-3-25 19:55:58,11,-84,34.0853424,-117.2087936,337.80,1.75,WIFI
60:3A:7C:C4:14:99,GoPlus_2.4G,[WPA_WPA2_PSK],2025-3-25 19:55:58,11,-89,34.0853424,-117.2087936,337.80,1.75,WIFI
EC:6E:79:06:44:BD,1750,[WPA2_PSK],2025-3-25 19:56:1,1,-93,34.0852127,-117.2087936,337.90,1.75,WIFI
B6:53:F9:53:01:3C,,[WPA2_PSK],2025-3-25 19:56:7,6,-88,34.0846367,-117.2087936,338.10,1.75,WIFI
A6:05:D6:F4:47:BC,,[WPA2_PSK],2025-3-25 19:56:7,6,-90,34.0846367,-117.2087936,338.10,1.75,WIFI
A2:05:D6:F6:BC:25,lss-employee,[WPA2_WPA3_PSK],2025-3-25 19:56:12,11,-94,34.0839958,-117.2087936,338.30,1.75,WIFI
00:30:44:6E:E1:17,IBR600C-116,[WPA2_PSK],2025-3-25 19:56:15,1,-90,34.0835648,-117.2087936,338.60,1.75,WIFI
28:70:4E:59:72:E2,lss-wireoff,[WPA2_WPA3_PSK],2025-3-25 19:56:15,1,-95,34.0835648,-117.2087936,338.60,1.75,WIFI
32:70:4E:59:72:E2,,[WPA2_PSK],2025-3-25 19:56:15,1,-95,34.0835648,-117.2087936,338.60,1.75,WIFI
A6:05:D6:F3:CF:0B,,[WPA2_PSK],2025-3-25 19:56:17,2,-90,34.0832748,-117.2088013,338.80,1.75,WIFI
A2:05:D6:F3:CF:0B,lss-employee,[WPA2_WPA3_PSK],2025-3-25 19:56:17,2,-91,34.0832748,-117.2088013,338.80,1.75,WIFI
B6:53:F9:83:01:3C,,[WPA2_PSK],2025-3-25 19:56:21,6,-87,34.0826950,-117.2088013,338.90,1.75,WIFI
FC:DB:21:23:64:8C,S_ELD_HS,[WPA2_PSK],2025-3-25 19:56:21,6,-89,34.0826950,-117.2088013,338.90,1.75,WIFI
B6:53:F9:23:01:3C,STARLINK,[OPEN],2025-3-25 19:56:21,6,-89,34.0826950,-117.2088013,338.90,1.75,WIFI
EC:6E:79:05:9E:54,1915,[WPA2_PSK],2025-3-25 19:56:21,6,-92,34.0826950,-117.2088013,338.90,1.75,WIFI
A2:05:D6:F7:81:ED,lss-employee,[WPA2_WPA3_PSK],2025-3-25 19:56:25,10,-89,34.0820808,-117.2088013,339.10,1.75,WIFI
9C:05:D6:F7:81:ED,lss-wireoff,[WPA2_WPA3_PSK],2025-3-25 19:56:25,10,-90,34.0820808,-117.2088013,339.10,1.75,WIFI
A6:05:D6:F7:81:ED,,[WPA2_PSK],2025-3-25 19:56:25,10,-90,34.0820808,-117.2088013,339.10,1.75,WIFI
9C:05:D6:F4:46:AC,lss-wireoff,[WPA2_WPA3_PSK],2025-3-25 19:56:25,10,-91,34.0820808,-117.2088013,339.10,1.75,WIFI
AA:05:D6:F4:46:AC,lss-guest,[WPA2_PSK],2025-3-25 19:56:25,10,-92,34.0820808,-117.2088013,339.10,1.75,WIFI
A6:05:D6:F4:46:AC,lss-employee,[WPA2_WPA3_PSK],2025-3-25 19:56:25,10,-93,34.0820808,-117.2088013,339.10,1.75,WIFI
9C:05:D6:F7:87:0F,lss-wireoff,[WPA2_WPA3_PSK],2025-3-25 19:56:26,11,-88,34.0819206,-117.2088013,339.30,1.75,WIFI
A2:05:D6:F7:87:0F,lss-employee,[WPA2_WPA3_PSK],2025-3-25 19:56:26,11,-89,34.0819206,-117.2088013,339.30,1.75,WIFI
08:45:D1:83:40:A3,Guestnet,[OPEN],2025-3-25 19:56:29,1,-90,34.0814247,-117.2088089,339.30,1.75,WIFI
4C:8B:30:6C:59:BF,CD63D,[WPA2_PSK],2025-3-25 19:56:35,6,-91,34.0803108,-117.2088013,339.00,1.75,WIFI
F8:6D:CC:1F:0D:A2,hum83130,[WPA2_PSK],2025-3-25 19:56:37,8,-94,34.0799103,-117.2088089,338.80,1.75,WIFI
34:98:B5:77:4D:31,NETGEAR85,[WPA2_PSK],2025-3-25 19:56:39,10,-87,34.0795288,-117.2088089,338.90,1.75,WIFI
00:26:B4:30:AB:AE,SYNC_XP9WT5H3,[WPA2_PSK],2025-3-25 19:56:43,1,-90,34.0788803,-117.2088242,339.00,1.75,WIFI
F8:55:CD:F0:8B:28,Hotspotz93W,[WPA_WPA2_PSK],2025-3-25 19:56:49,6,-78,34.0779228,-117.2088394,338.70,1.75,WIFI
6A:F5:9D:74:F0:6D,user’s iPhone,[WPA2_PSK],2025-3-25 19:56:49,6,-79,34.0779228,-117.2088394,338.70,1.75,WIFI
B2:8B:A9:DD:E0:0D,,[WPA2_PSK],2025-3-25 19:56:49,6,-84,34.0779228,-117.2088394,338.70,1.75,WIFI
8E:BC:26:36:4B:4C,Audi_MMI_3036,[WPA2_PSK],2025-3-25 19:56:49,6,-92,34.0779228,-117.2088394,338.70,1.75,WIFI
80:AF:CA:10:B5:84,Laguna-rTC,[WPA_WPA2_PSK],2025-3-25 19:56:53,10,-91,34.0772591,-117.2088394,338.70,1.75,WIFI
18:7C:0B:2D:E8:58,TheSummit_Guest,[OPEN],2025-3-25 19:56:54,11,-81,34.0770874,-117.2088394,338.80,1.75,WIFI
E2:55:A8:55:4D:5A,Dutch Vibes,[WPA2_PSK],2025-3-25 19:56:54,11,-81,34.0770874,-117.2088394,338.80,1.75,WIFI
DA:55:A8:55:4D:5A,,[WPA2_PSK],2025-3-25 19:56:54,11,-81,34.0770874,-117.2088394,338.80,1.75,WIFI
18:7C:0B:2D:DE:08,TheSummit_Guest,[OPEN],2025-3-25 19:56:54,11,-82,34.0770874,-117.2088394,338.80,1.75,WIFI
18:7C:0B:6D:E8:58,TheSummit_Resident_WiFi,[WPA2_PSK],2025-3-25 19:56:54,11,-83,34.0770874,-117.2088394,338.80,1.75,WIFI
18:7C:0B:6D:DE:08,TheSummit_Resident_WiFi,[WPA2_PSK],2025-3-25 19:56:54,11,-84,34.0770874,-117.2088394,338.80,1.75,WIFI
84:23:88:9D:1B:79,Relay,[WPA2_PSK],2025-3-25 19:56:54,11,-84,34.0770874,-117.2088394,338.80,1.75,WIFI
18:7C:0B:6D:E8:38,TheSummit_Resident_WiFi,[WPA2_PSK],2025-3-25 19:56:54,11,-85,34.0770874,-117.2088394,338.80,1.75,WIFI
18:7C:0B:2D:E8:38,TheSummit_Guest,[OPEN],2025-3-25 19:56:54,11,-86,34.0770874,-117.2088394,338.80,1.75,WIFI
18:7C:0B:6D:E4:D8,TheSummit_Resident_WiFi,[WPA2_PSK],2025-3-25 19:56:54,11,-86,34.0770874,-117.2088394,338.80,1.75,WIFI
84:23:88:1D:1B:78,Marriott Bonvoy,[OPEN],2025-3-25 19:56:54,11,-86,34.0770874,-117.2088394,338.80,1.75,WIFI
18:7C:0B:2D:E4:D8,TheSummit_Guest,[OPEN],2025-3-25 19:56:54,11,-89,34.0770874,-117.2088394,338.80,1.75,WIFI
18:7C:0B:2D:E0:38,TheSummit_Guest,[OPEN],2025-3-25 19:56:55,1,-79,34.0769119,-117.2088394,338.80,1.75,WIFI
18:7C:0B:6D:E0:38,TheSummit_Resident_WiFi,[WPA2_PSK],2025-3-25 19:56:55,1,-80,34.0769119,-117.2088394,338.80,1.75,WIFI
CE:C0:E9:26:5F:95,H. Alva,[WPA2_PSK],2025-3-25 19:56:55,1,-82,34.0769119,-117.2088394,338.80,1.75,WIFI
18:7C:0B:6D:D4:18,TheSummit_Resident_WiFi,[WPA2_PSK],2025-3-25 19:56:55,1,-82,34.0769119,-117.2088394,338.80,1.75,WIFI
E4:55:A8:24:79:BA,DB Internal,[WPA2_PSK],2025-3-25 19:56:55,1,-82,34.0769119,-117.2088394,338.80,1.75,WIFI
E2:55:A8:24:79:BA,Dutch Vibes,[WPA2_PSK],2025-3-25 19:56:55,1,-82,34.0769119,-117.2088394,338.80,1.75,WIFI
84:23:88:51:9C:D9,MarriottBonvoy_Associate,[WPA2_PSK],2025-3-25 19:56:55,1,-83,34.0769119,-117.2088394,338.80,1.75,WIFI
DA:55:A8:24:79:BA,,[WPA2_PSK],2025-3-25 19:56:55,1,-83,34.0769119,-117.2088394,338.80,1.75,WIFI
84:23:88:91:9C:D9,Relay,[WPA2_PSK],2025-3-25 19:56:55,1,-84,34.0769119,-117.2088394,338.80,1.75,WIFI
18:7C:0B:2D:D8:98,TheSummit_Guest,[OPEN],2025-3-25 19:56:55,1,-85,34.0769119,-117.2088394,338.80,1.75,WIFI
84:23:88:11:9C:D9,,[WPA2_PSK],2025-3-25 19:56:55,1,-85,34.0769119,-117.2088394,338.80,1.75,WIFI
18:7C:0B:2D:E8:18,TheSummit_Guest,[OPEN],2025-3-25 19:56:55,1,-85,34.0769119,-117.2088394,338.80,1.75,WIFI
18:7C:0B:6D:D8:98,TheSummit_Resident_WiFi,[WPA2_PSK],2025-3-25 19:56:55,1,-86,34.0769119,-117.2088394,338.80,1.75,WIFI
18:7C:0B:6D:DA:C8,TheSummit_Resident_WiFi,[WPA2_PSK],2025-3-25 19:56:55,1,-86,34.0769119,-117.2088394,338.80,1.75,WIFI
18:7C:0B:6D:E8:18,TheSummit_Resident,[WPA2_PSK],2025-3-25 19:56:55,1,-86,34.0769119,-117.2088394,338.80,1.75,WIFI
18:7C:0B:2D:DA:C8,TheSummit_Guest,[OPEN],2025-3-25 19:56:55,1,-89,34.0769119,-117.2088394,338.80,1.75,WIFI
CC:C0:79:01:58:81,iCOMM-ccc079015881,[OPEN],2025-3-25 19:57:1,3,-94,34.0758743,-117.2088470,339.40,1.75,WIFI
18:7C:0B:6D:E5:88,TheSummit_Resident_WiFi,[WPA2_PSK],2025-3-25 19:57:2,4,-78,34.0757027,-117.2088470,339.40,1.75,WIFI
18:7C:0B:2D:E5:38,TheSummit_Guest,[OPEN],2025-3-25 19:57:4,6,-72,34.0753708,-117.2088470,339.60,1.75,WIFI
18:7C:0B:6D:E5:38,TheSummit_Resident_WiFi,[WPA2_PSK],2025-3-25 19:57:4,6,-72,34.0753708,-117.2088470,339.60,1.75,WIFI
18:7C:0B:2D:DD:E8,TheSummit_Guest,[OPEN],2025-3-25 19:57:4,6,-80,34.0753708,-117.2088470,339.60,1.75,WIFI
18:7C:0B:6D:E7:B8,TheSummit_Resident_WiFi,[WPA2_PSK],2025-3-25 19:57:4,6,-81,34.0753708,-117.2088470,339.60,1.75,WIFI
18:7C:0B:2D:E0:E8,TheSummit_Guest,[OPEN],2025-3-25 19:57:4,6,-83,34.0753708,-117.2088470,339.60,1.75,WIFI
18:7C:0B:2D:E1:A8,TheSummit_Guest,[OPEN],2025-3-25 19:57:4,6,-83,34.0753708,-117.2088470,339.60,1.75,WIFI
18:7C:0B:6D:E1:A8,TheSummit_Resident_WiFi,[WPA2_PSK],2025-3-25 19:57:4,6,-83,34.0753708,-117.2088470,339.60,1.75,WIFI
18:7C:0B:6D:E0:E8,TheSummit_Resident_WiFi,[WPA2_PSK],2025-3-25 19:57:4,6,-84,34.0753708,-117.2088470,339.60,1.75,WIFI
18:7C:0B:2D:DB:C8,TheSummit_Guest,[OPEN],2025-3-25 19:57:4,6,-85,34.0753708,-117.2088470,339.60,1.75,WIFI
18:7C:0B:6D:DB:C8,TheSummit_Resident_WiFi,[WPA2_PSK],2025-3-25 19:57:4,6,-85,34.0753708,-117.2088470,339.60,1.75,WIFI
18:7C:0B:6D:E3:58,TheSummit_Resident_WiFi,[WPA2_PSK],2025-3-25 19:57:4,6,-85,34.0753708,-117.2088470,339.60,1.75,WIFI
18:7C:0B:2D:E3:58,TheSummit_Guest,[OPEN],2025-3-25 19:57:4,6,-86,34.0753708,-117.2088470,339.60,1.75,WIFI
18:7C:0B:2D:E5:F8,TheSummit_Guest,[OPEN],2025-3-25 19:57:4,6,-88,34.0753708,-117.2088470,339.60,1.75,WIFI
BE:53:22:CB:90:EB,,[WPA2_PSK],2025-3-25 19:57:8,9,-73,34.0748138,-117.2088394,339.80,1.75,WIFI
9C:53:22:CB:90:EB,G-Street,[WPA2_PSK],2025-3-25 19:57:8,9,-77,34.0748138,-117.2088394,339.80,1.75,WIFI
18:7C:0B:2D:DF:B8,TheSummit_Guest,[OPEN],2025-3-25 19:57:10,11,-71,34.0746269,-117.2088394,339.90,1.75,WIFI
18:7C:0B:6D:DF:B8,TheSummit_Resident_WiFi,[WPA2_PSK],2025-3-25 19:57:10,11,-72,34.0746269,-117.2088394,339.90,1.75,WIFI
18:7C:0B:6D:E5:18,TheSummit_Resident_WiFi,[WPA2_PSK],2025-3-25 19:57:10,11,-79,34.0746269,-117.2088394,339.90,1.75,WIFI
18:7C:0B:2D:D0:48,TheSummit_Guest,[OPEN],2025-3-25 19:57:10,11,-82,34.0746269,-117.2088394,339.90,1.75,WIFI
18:7C:0B:6D:E2:48,TheSummit_Resident_WiFi,[WPA2_PSK],2025-3-25 19:57:10,11,-82,34.0746269,-117.2088394,339.90,1.75,WIFI
18:7C:0B:6D:D0:48,TheSummit_Resident_WiFi,[WPA2_PSK],2025-3-25 19:57:10,11,-83,34.0746269,-117.2088394,339.90,1.75,WIFI
18:7C:0B:2D:E2:48,TheSummit_Guest,[OPEN],2025-3-25 19:57:10,11,-83,34.0746269,-117.2088394,339.90,1.75,WIFI
18:7C:0B:2D:DF:48,TheSummit_Guest,[OPEN],2025-3-25 19:57:10,11,-86,34.0746269,-117.2088394,339.90,1.75,WIFI
18:7C:0B:6D:DF:48,TheSummit_Resident_WiFi,[WPA2_PSK],2025-3-25 19:57:10,11,-86,34.0746269,-117.2088394,339.90,1.75,WIFI
E8:9F:80:BC:53:F2,G-Street_Ext,[WPA2_PSK],2025-3-25 19:57:10,11,-86,34.0746269,-117.2088394,339.90,1.75,WIFI
18:7C:0B:6D:E3:F8,TheSummit_Resident_WiFi,[WPA2_PSK],2025-3-25 19:57:10,11,-87,34.0746269,-117.2088394,339.90,1.75,WIFI
18:7C:0B:2D:E3:F8,TheSummit_Guest,[OPEN],2025-3-25 19:57:10,11,-88,34.0746269,-117.2088394,339.90,1.75,WIFI
18:7C:0B:6D:DB:28,TheSummit_Resident_WiFi,[WPA2_PSK],2025-3-25 19:57:10,11,-88,34.0746269,-117.2088394,339.90,1.75,WIFI
18:7C:0B:2D:DB:28,TheSummit_Guest,[OPEN],2025-3-25 19:57:10,11,-89,34.0746269,-117.2088394,339.90,1.75,WIFI
18:7C:0B:6D:DB:F8,TheSummit_Resident_WiFi,[WPA2_PSK],2025-3-25 19:57:10,11,-90,34.0746269,-117.2088394,339.90,1.75,WIFI
18:7C:0B:2D:DB:F8,TheSummit_Guest,[OPEN],2025-3-25 19:57:10,11,-92,34.0746269,-117.2088394,339.90,1.75,WIFI
12:98:C3:95:06:24,DIRECT-fq-Car_7b75,[WPA2_PSK],2025-3-25 19:57:13,1,-82,34.0745010,-117.2088470,339.90,1.75,WIFI
18:7C:0B:2D:E5:88,TheSummit_Guest,[OPEN],2025-3-25 19:57:17,4,-72,34.0744896,-117.2088470,340.20,1.75,WIFI
18:7C:0B:2D:E7:B8,TheSummit_Guest,[OPEN],2025-3-25 19:57:19,6,-82,34.0744896,-117.2088470,340.20,1.75,WIFI
18:7C:0B:2D:DB:38,TheSummit_Guest,[OPEN],2025-3-25 19:57:19,6,-87,34.0744896,-117.2088470,340.20,1.75,WIFI
18:7C:0B:6D:DD:E8,TheSummit_Resident_WiFi,[WPA2_PSK],2025-3-25 19:57:19,6,-87,34.0744896,-117.2088470,340.20,1.75,WIFI
18:7C:0B:2D:DD:F8,TheSummit_Guest,[OPEN],2025-3-25 19:57:19,6,-90,34.0744896,-117.2088470,340.20,1.75,WIFI
18:7C:0B:6D:DB:38,TheSummit_Resident_WiFi,[WPA2_PSK],2025-3-25 19:57:19,6,-91,34.0744896,-117.2088470,340.20,1.75,WIFI
18:7C:0B:2D:E5:18,TheSummit_Guest,[OPEN],2025-3-25 19:57:24,11,-68,34.0744896,-117.2088394,340.50,1.75,WIFI
88:51:FB:21:E2:9D,HP-Print-9D-Officejet Pro 8600,[OPEN],2025-3-25 19:57:24,11,-82,34.0744896,-117.2088394,340.50,1.75,WIFI
18:7C:0B:6D:DC:68,TheSummit_Resident_WiFi,[WPA2_PSK],2025-3-25 19:57:24,11,-86,34.0744896,-117.2088394,340.50,1.75,WIFI
00:54:AF:F2:6F:41,Hotspot6F41,[WPA_WPA2_PSK],2025-3-25 19:57:24,11,-86,34.0744896,-117.2088394,340.50,1.75,WIFI
18:7C:0B:2D:E7:C8,TheSummit_Guest,[OPEN],2025-3-25 19:57:24,11,-86,34.0744896,-117.2088394,340.50,1.75,WIFI
18:7C:0B:6D:E7:C8,TheSummit_Resident_WiFi,[WPA2_PSK],2025-3-25 19:57:24,11,-86,34.0744896,-117.2088394,340.50,1.75,WIFI
18:7C:0B:2D:DC:68,TheSummit_Guest,[OPEN],2025-3-25 19:57:24,11,-88,34.0744896,-117.2088394,340.50,1.75,WIFI
9E:18:88:BD:2E:ED,MFRM_GUEST,[WPA2_PSK],2025-3-25 19:57:24,11,-88,34.0744896,-117.2088394,340.50,1.75,WIFI
98:18:88:BD:2E:ED,MFRM_POS,[WPA3_PSK],2025-3-25 19:57:24,11,-89,34.0744896,-117.2088394,340.50,1.75,WIFI
92:18:88:BE:DD:CC,MFRM_IOT,[WPA2_PSK],2025-3-25 19:57:27,1,-80,34.0744591,-117.2088394,340.50,1.75,WIFI
9E:18:88:BE:DD:CC,MFRM_GUEST,[WPA2_PSK],2025-3-25 19:57:27,1,-80,34.0744591,-117.2088394,340.50,1.75,WIFI
98:18:88:BE:DD:CC,MFRM_POS,[WPA3_PSK],2025-3-25 19:57:27,1,-81,34.0744591,-117.2088394,340.50,1.75,WIFI
A6:18:88:BE:DD:CC,,[WPA2_PSK],2025-3-25 19:57:27,1,-81,34.0744591,-117.2088394,340.50,1.75,WIFI
18:7C:0B:6D:DE:58,TheSummit_Resident_WiFi,[WPA2_PSK],2025-3-25 19:57:34,6,-84,34.0739326,-117.2088394,341.20,1.75,WIFI
18:7C:0B:2D:D7:28,TheSummit_Guest,[OPEN],2025-3-25 19:57:34,6,-85,34.0739326,-117.2088394,341.20,1.75,WIFI
18:7C:0B:6D:D7:28,TheSummit_Resident_WiFi,[WPA2_PSK],2025-3-25 19:57:34,6,-85,34.0739326,-117.2088394,341.20,1.75,WIFI
34:53:D2:DB:F1:CE,Dejong,[WPA2_PSK],2025-3-25 19:57:34,6,-87,34.0739326,-117.2088394,341.20,1.75,WIFI
18:7C:0B:2D:DE:58,TheSummit_Guest,[OPEN],2025-3-25 19:57:34,6,-88,34.0739326,-117.2088394,341.20,1.75,WIFI
18:7C:0B:2D:DD:58,TheSummit_Guest,[OPEN],2025-3-25 19:57:34,6,-89,34.0739326,-117.2088394,341.20,1.75,WIFI
18:7C:0B:6D:DD:58,TheSummit_Resident_WiFi,[WPA2_PSK],2025-3-25 19:57:34,6,-90,34.0739326,-117.2088394,341.20,1.75,WIFI
B2:00:73:76:A2:7C,myChevrolet,[WPA2_PSK],2025-3-25 19:57:39,11,-81,34.0733719,-117.2088470,341.40,1.75,WIFI
44:37:0B:68:D2:80,SerenityDashCam,[WPA_WPA2_PSK],2025-3-25 19:57:43,1,-82,34.0729561,-117.2088470,341.50,1.75,WIFI
A8:53:7D:CA:5F:E4,tcguest,[WPA2],2025-3-25 19:57:43,1,-82,34.0729561,-117.2088470,341.50,1.75,WIFI
A8:53:7D:CA:5F:E3,tcwifi,[WPA2],2025-3-25 19:57:43,1,-82,34.0729561,-117.2088470,341.50,1.75,WIFI
C8:B8:2F:80:84:46,dusty,[WPA2_PSK],2025-3-25 19:57:43,1,-83,34.0729561,-117.2088470,341.50,1.75,WIFI
A8:53:7D:CA:5F:E1,Target Guest Wi-Fi,[OPEN],2025-3-25 19:57:43,1,-83,34.0729561,-117.2088470,341.50,1.75,WIFI
A8:53:7D:CA:5F:E2,DGE,[WPA2_PSK],2025-3-25 19:57:43,1,-83,34.0729561,-117.2088470,341.50,1.75,WIFI
60:57:47:DF:02:10,,[WPA_WPA2_PSK],2025-3-25 19:57:43,1,-92,34.0729561,-117.2088470,341.50,1.75,WIFI
88:DC:96:8E:45:32,100,[WPA2_PSK],2025-3-25 19:57:46,4,-93,34.0727386,-117.2088547,341.50,1.75,WIFI
C8:B5:AD:2D:6E:82,SOS,[WPA2_PSK],2025-3-25 19:57:48,6,-71,34.0726128,-117.2088547,341.50,1.75,WIFI
C8:B5:AD:2D:6E:83,TB_Store,[WPA2],2025-3-25 19:57:48,6,-71,34.0726128,-117.2088547,341.50,1.75,WIFI
C8:B5:AD:2D:6E:81,Mens Wearhouse Guest,[OPEN],2025-3-25 19:57:48,6,-72,34.0726128,-117.2088547,341.50,1.75,WIFI
C8:B5:AD:2D:6E:84,temp_wx7,[WPA2],2025-3-25 19:57:48,6,-72,34.0726128,-117.2088547,341.50,1.75,WIFI
C8:B5:AD:2D:6E:80,wX7s1tF,[WPA2],2025-3-25 19:57:48,6,-75,34.0726128,-117.2088547,341.50,1.75,WIFI
AC:23:16:A9:9D:84,tcguest,[WPA2],2025-3-25 19:57:48,6,-81,34.0726128,-117.2088547,341.50,1.75,WIFI
32:B4:B8:2C:42:02,My VW 1222,[WPA2_PSK],2025-3-25 19:57:48,6,-81,34.0726128,-117.2088547,341.50,1.75,WIFI
94:BF:C4:3C:87:28,MyEyeGuy,[WPA2_PSK],2025-3-25 19:57:48,6,-90,34.0726128,-117.2088547,341.50,1.75,WIFI
DE:21:F9:21:1A:96,GoodFeet_Guest,[OPEN],2025-3-25 19:57:48,6,-90,34.0726128,-117.2088547,341.50,1.75,WIFI
DA:21:F9:21:1A:96,,[WPA2_PSK],2025-3-25 19:57:48,6,-92,34.0726128,-117.2088547,341.50,1.75,WIFI
A8:53:7D:CA:5E:91,Target Guest Wi-Fi,[OPEN],2025-3-25 19:57:53,11,-78,34.0723572,-117.2088547,341.60,1.75,WIFI
A8:53:7D:CA:5E:92,DGE,[WPA2_PSK],2025-3-25 19:57:53,11,-78,34.0723572,-117.2088547,341.60,1.75,WIFI
A8:53:7D:CA:5E:93,tcwifi,[WPA2],2025-3-25 19:57:53,11,-78,34.0723572,-117.2088547,341.60,1.75,WIFI
A8:53:7D:CA:5E:94,tcguest,[WPA2],2025-3-25 19:57:53,11,-78,34.0723572,-117.2088547,341.60,1.75,WIFI
A8:53:7D:CA:9D:31,Target Guest Wi-Fi,[OPEN],2025-3-25 19:57:53,11,-80,34.0723572,-117.2088547,341.60,1.75,WIFI
A8:53:7D:CA:9D:33,tcwifi,[WPA2],2025-3-25 19:57:53,11,-80,34.0723572,-117.2088547,341.60,1.75,WIFI
A8:53:7D:CA:9D:32,DGE,[WPA2_PSK],2025-3-25 19:57:53,11,-81,34.0723572,-117.2088547,341.60,1.75,WIFI
00:15:70:94:E1:E0,108,[OPEN],2025-3-25 19:57:53,11,-81,34.0723572,-117.2088547,341.60,1.75,WIFI
00:15:70:94:E1:E1,101,[OPEN],2025-3-25 19:57:53,11,-82,34.0723572,-117.2088547,341.60,1.75,WIFI
A8:53:7D:CA:6C:A3,tcwifi,[WPA2],2025-3-25 19:57:53,11,-82,34.0723572,-117.2088547,341.60,1.75,WIFI
A8:53:7D:CA:6C:A4,tcguest,[WPA2],2025-3-25 19:57:53,11,-82,34.0723572,-117.2088547,341.60,1.75,WIFI
4A:5F:99:97:6D:05,DIRECT-05-HP M402 LaserJet,[WPA2_PSK],2025-3-25 19:57:53,11,-83,34.0723572,-117.2088547,341.60,1.75,WIFI
A8:53:7D:CA:6C:A2,DGE,[WPA2_PSK],2025-3-25 19:57:53,11,-83,34.0723572,-117.2088547,341.60,1.75,WIFI
DA:9C:67:86:6E:03,DIRECT-03-HP M402 LaserJet,[WPA2_PSK],2025-3-25 19:57:53,11,-84,34.0723572,-117.2088547,341.60,1.75,WIFI
C8:B5:AD:6A:BB:01,Mens Wearhouse Guest,[OPEN],2025-3-25 19:57:53,11,-91,34.0723572,-117.2088547,341.60,1.75,WIFI
C8:B5:AD:6A:BB:03,TB_Store,[WPA2],2025-3-25 19:57:53,11,-91,34.0723572,-117.2088547,341.60,1.75,WIFI
C8:B5:AD:6A:BB:02,SOS,[WPA2_PSK],2025-3-25 19:57:53,11,-94,34.0723572,-117.2088547,341.60,1.75,WIFI
C8:B8:2F:80:84:48,,[OPEN],2025-3-25 19:57:57,1,-76,34.0723152,-117.2088547,341.60,1.75,WIFI
C8:B8:2F:80:84:44,,[WPA3_PSK],2025-3-25 19:57:57,1,-77,34.0723152,-117.2088547,341.60,1.75,WIFI
A8:53:7D:CA:49:C3,tcwifi,[WPA2],2025-3-25 19:57:57,1,-85,34.0723152,-117.2088547,341.60,1.75,WIFI
A8:53:7D:CA:49:C2,DGE,[WPA2_PSK],2025-3-25 19:57:57,1,-86,34.0723152,-117.2088547,341.60,1.75,WIFI
00:54:AF:20:AF:AB,HotspotAFAB,[WPA_WPA2_PSK],2025-3-25 19:58:3,6,-88,34.0718918,-117.2088547,341.60,1.75,WIFI
68:72:51:0E:F7:A7,ABVI,[OPEN],2025-3-25 19:58:7,10,-91,34.0714455,-117.2088470,341.60,1.75,WIFI
D4:76:A0:87:E5:FB,,[WPA2_PSK],2025-3-25 19:58:8,11,-82,34.0713348,-117.2088470,341.60,1.75,WIFI
D4:76:A0:87:E5:FA,ViFi,[WPA2_PSK],2025-3-25 19:58:8,11,-83,34.0713348,-117.2088470,341.60,1.75,WIFI
2C:00:AB:A8:9F:98,Frontier6976,[WPA2_PSK],2025-3-25 19:58:8,11,-84,34.0713348,-117.2088470,341.60,1.75,WIFI
B0:B9:8A:58:66:A6,ICS 2.4G,[WPA2_PSK],2025-3-25 19:58:8,11,-90,34.0713348,-117.2088470,341.60,1.75,WIFI
38:88:71:05:4A:3A,Verizon_M3M9YR,[WPA2_PSK],2025-3-25 19:58:11,1,-67,34.0710869,-117.2088470,341.50,1.75,WIFI
B0:FC:88:04:20:A6,Frontier1254,[WPA2_PSK],2025-3-25 19:58:11,1,-77,34.0710869,-117.2088470,341.50,1.75,WIFI
06:8D:DB:7A:6C:F7,MCO716,[WPA2_PSK],2025-3-25 19:58:11,1,-80,34.0710869,-117.2088470,341.50,1.75,WIFI
0C:8D:DB:7A:6C:F7,U-Haul Guest WIFI,[OPEN],2025-3-25 19:58:11,1,-82,34.0710869,-117.2088470,341.50,1.75,WIFI
32:8D:DB:7A:6C:F7,,[WPA2_PSK],2025-3-25 19:58:11,1,-84,34.0710869,-117.2088470,341.50,1.75,WIFI
24:41:FE:27:8D:7E,Verizon_L6FLFC,[WPA2_PSK],2025-3-25 19:58:11,1,-86,34.0710869,-117.2088470,341.50,1.75,WIFI
6C:63:9C:87:4D:20,Frontier4912,[WPA2_PSK],2025-3-25 19:58:11,1,-86,34.0710869,-117.2088470,341.50,1.75,WIFI
28:38:5C:69:FE:54,HotspotuTZp,[WPA_WPA2_PSK],2025-3-25 19:58:17,6,-73,34.0709114,-117.2088470,341.60,1.75,WIFI
68:72:51:2A:42:3D,ABVI,[OPEN],2025-3-25 19:58:17,6,-87,34.0709114,-117.2088470,341.60,1.75,WIFI
16:5F:67:ED:59:46,,[WPA2_PSK],2025-3-25 19:58:18,7,-90,34.0709000,-117.2088470,341.60,1.75,WIFI
2C:30:33:64:E4:67,ICS 2.4G,[WPA2_PSK],2025-3-25 19:58:18,7,-90,34.0709000,-117.2088470,341.60,1.75,WIFI
16:5F:67:ED:59:47,Netgear,[WPA2_PSK],2025-3-25 19:58:18,7,-91,34.0709000,-117.2088470,341.60,1.75,WIFI
32:8D:DB:7A:6C:A5,,[WPA2_PSK],2025-3-25 19:58:22,11,-77,34.0708809,-117.2088470,341.70,1.75,WIFI
D4:76:A0:87:E5:FC,VSP4AOI,[WPA2_PSK],2025-3-25 19:58:22,11,-84,34.0708809,-117.2088470,341.70,1.75,WIFI
D4:76:A0:87:E5:F9,ICB2C4S,[WPA2_PSK],2025-3-25 19:58:22,11,-86,34.0708809,-117.2088470,341.70,1.75,WIFI
A8:53:7D:CA:9D:34,tcguest,[WPA2],2025-3-25 19:58:22,11,-89,34.0708809,-117.2088470,341.70,1.75,WIFI
22:AD:56:4F:15:27,Hotspot1527,[WPA_WPA2_PSK],2025-3-25 19:58:25,1,-78,34.0708847,-117.2088470,341.80,1.75,WIFI
86:69:93:DD:91:85,DIRECT-85-HP M110 LaserJet,[WPA2_PSK],2025-3-25 19:58:31,6,-82,34.0708847,-117.2088470,341.80,1.75,WIFI
F8:0B:CB:52:58:68,Jersey Mike's,[WPA2_PSK],2025-3-25 19:58:31,6,-90,34.0708847,-117.2088470,341.80,1.75,WIFI
A8:40:0B:4F:55:21,HotspotqixS,[WPA_WPA2_PSK],2025-3-25 19:58:31,6,-91,34.0708847,-117.2088470,341.80,1.75,WIFI
06:8D:DB:7A:6C:A5,MCO716,[WPA2_PSK],2025-3-25 19:58:36,11,-82,34.0708885,-117.2088470,341.70,1.75,WIFI
A2:05:D6:3E:B8:92,,[WPA2_PSK],2025-3-25 19:58:36,11,-89,34.0708885,-117.2088470,341.70,1.75,WIFI
D4:A9:28:06:57:44,FiOS-YYVWK,[WPA2_PSK],2025-3-25 19:58:39,1,-87,34.0708885,-117.2088470,341.70,1.75,WIFI
B0:95:75:46:0F:2F,TPLINK2.4,[WPA2_PSK],2025-3-25 19:58:45,6,-85,34.0708618,-117.2088394,341.70,1.75,WIFI
F8:96:FE:36:BB:6F,buickko,[WPA2_WPA3_PSK],2025-3-25 19:58:45,6,-91,34.0708618,-117.2088394,341.70,1.75,WIFI
22:48:6C:BC:8D:A2,,[WPA2_PSK],2025-3-25 19:58:45,6,-92,34.0708618,-117.2088394,341.70,1.75,WIFI
16:5F:67:ED:59:40,Netgear_Guest,[WPA2_PSK],2025-3-25 19:58:46,7,-88,34.0708618,-117.2088394,341.70,1.75,WIFI
04:D5:90:12:B5:02,SBI-Public-IoT,[WPA2_PSK],2025-3-25 19:58:50,11,-88,34.0708618,-117.2088394,341.60,1.75,WIFI
B0:FC:88:27:6D:AC,MySpectrumWiFiB3-5G,[WPA2_PSK],2025-3-25 19:58:59,6,-84,34.0708618,-117.2088394,341.60,1.75,WIFI
F8:08:4F:D5:6F:A6,NubiRedlandsGuest,[WPA2_PSK],2025-3-25 19:59:4,11,-86,34.0707550,-117.2088394,341.70,1.75,WIFI
96:46:9D:26:F7:36,,[WPA2_PSK],2025-3-25 19:59:4,11,-91,34.0707550,-117.2088394,341.70,1.75,WIFI
04:D5:90:12:B5:03,SBI-IoT,[WPA2_PSK],2025-3-25 19:59:4,11,-92,34.0707550,-117.2088394,341.70,1.75,WIFI
02:8D:DB:7A:6C:F7,UHC_v2,[WPA2],2025-3-25 19:59:7,1,-73,34.0705452,-117.2088394,341.50,1.75,WIFI
BC:82:5D:CF:9C:E2,WiFi Hotspot 8435,[WPA2_PSK],2025-3-25 19:59:7,1,-88,34.0705452,-117.2088394,341.50,1.75,WIFI
88:DC:96:8F:10:85,100,[WPA2_PSK],2025-3-25 19:59:10,3,-79,34.0702438,-117.2088318,341.50,1.75,WIFI
E0:CB:BC:91:68:AB,Starbucks WiFi,[OPEN],2025-3-25 19:59:13,6,-83,34.0699348,-117.2088318,341.40,1.75,WIFI
EE:CB:BC:91:68:AB,sip,[WPA2],2025-3-25 19:59:13,6,-83,34.0699348,-117.2088318,341.40,1.75,WIFI
F8:E4:FB:97:76:B6,2223J,[WPA2_PSK],2025-3-25 19:59:13,6,-84,34.0699348,-117.2088318,341.40,1.75,WIFI
C8:B4:22:C0:CD:E5,MySpectrumWiFiE7-2G,[WPA2_PSK],2025-3-25 19:59:13,6,-90,34.0699348,-117.2088318,341.40,1.75,WIFI
60:E8:5B:EE:F5:5B,Vive Hub-017e2fdc,[WPA2_PSK],2025-3-25 19:59:17,10,-83,34.0695686,-117.2088318,341.60,1.75,WIFI
28:C6:8E:CF:95:05,ngHub_319436NY076C6,[WPA2_PSK],2025-3-25 19:59:18,11,-72,34.0694962,-117.2088165,341.60,1.75,WIFI
04:D5:90:12:B5:00,SBI_Guest,[OPEN],2025-3-25 19:59:18,11,-73,34.0694962,-117.2088165,341.60,1.75,WIFI
5C:83:8F:FF:06:70,SN Guest,[OPEN],2025-3-25 19:59:18,11,-83,34.0694962,-117.2088165,341.60,1.75,WIFI
5C:83:8F:FF:06:75,snexternal,[WPA2_PSK],2025-3-25 19:59:18,11,-84,34.0694962,-117.2088165,341.60,1.75,WIFI
04:D5:90:12:B5:01,SBI-Office-AP,[WPA2],2025-3-25 19:59:18,11,-84,34.0694962,-117.2088165,341.60,1.75,WIFI
5C:83:8F:FF:06:73,,[WPA_WPA2_PSK],2025-3-25 19:59:18,11,-85,34.0694962,-117.2088165,341.60,1.75,WIFI
D0:6D:C9:39:C3:76,Frontier1801,[WPA2_PSK],2025-3-25 19:59:18,11,-91,34.0694962,-117.2088165,341.60,1.75,WIFI
EA:CB:BC:91:72:D2,notes,[WPA2_PSK],2025-3-25 19:59:21,1,-69,34.0692902,-117.2087936,341.60,1.75,WIFI
EE:CB:BC:91:72:D2,sip,[WPA2],2025-3-25 19:59:21,1,-69,34.0692902,-117.2087936,341.60,1.75,WIFI
E6:CB:BC:91:72:D2,smll,[WPA2],2025-3-25 19:59:21,1,-69,34.0692902,-117.2087936,341.60,1.75,WIFI
E0:CB:BC:91:72:D2,Starbucks WiFi,[OPEN],2025-3-25 19:59:21,1,-70,34.0692902,-117.2087936,341.60,1.75,WIFI
00:30:44:6E:E0:CC,IBR600C-0cb,[WPA2_PSK],2025-3-25 19:59:21,1,-71,34.0692902,-117.2087936,341.60,1.75,WIFI
F8:AA:3F:ED:09:FF,SpectrumSetup-FD,[WPA2_PSK],2025-3-25 19:59:21,1,-75,34.0692902,-117.2087936,341.60,1.75,WIFI
38:88:71:13:77:0C,Verizon_G4XH4H,[WPA2_PSK],2025-3-25 19:59:27,6,-74,34.0689888,-117.2088013,342.00,1.75,WIFI
88:15:44:A8:3C:97,OP-Secure,[WPA_WPA2_PSK],2025-3-25 19:59:32,11,-91,34.0685234,-117.2087936,343.40,1.75,WIFI
82:15:44:A8:3C:97,EPIC-GUEST,[OPEN],2025-3-25 19:59:32,11,-91,34.0685234,-117.2087936,343.40,1.75,WIFI
E2:55:A8:08:EE:2B,Dennys_Employee_WIFI,[WPA2_PSK],2025-3-25 19:59:35,1,-84,34.0682259,-117.2087936,344.90,1.75,WIFI
F6:55:A8:08:EE:2B,PRESTO,[WPA2_PSK],2025-3-25 19:59:35,1,-85,34.0682259,-117.2087936,344.90,1.75,WIFI
DA:55:A8:08:EE:2B,,[WPA2_PSK],2025-3-25 19:59:35,1,-86,34.0682259,-117.2087936,344.90,1.75,WIFI
82:45:58:81:45:43,,[WPA2_WPA3_PSK],2025-3-25 19:59:35,1,-90,34.0682259,-117.2087936,344.90,1.75,WIFI
98:25:4A:66:2E:30,Super 8 Office,[WPA2_PSK],2025-3-25 19:59:41,6,-82,34.0679131,-117.2087936,346.60,1.75,WIFI
68:72:51:64:68:03,ABVI,[OPEN],2025-3-25 19:59:41,6,-83,34.0679131,-117.2087936,346.60,1.75,WIFI
9E:25:4A:66:2E:30,Super 8,[OPEN],2025-3-25 19:59:41,6,-84,34.0679131,-117.2087936,346.60,1.75,WIFI
F0:A8:82:9C:07:84,8B50312D,[WPA2_PSK],2025-3-25 19:59:41,6,-85,34.0679131,-117.2087936,346.60,1.75,WIFI
94:91:7F:C3:9B:DD,MySpectrumWiFiDF-2G,[WPA2_PSK],2025-3-25 19:59:41,6,-91,34.0679131,-117.2087936,346.60,1.75,WIFI
1E:5F:67:ED:58:32,Netgear_Guest,[WPA2_PSK],2025-3-25 19:59:42,7,-75,34.0678749,-117.2087936,346.80,1.75,WIFI
1E:5F:67:ED:58:30,,[WPA2_PSK],2025-3-25 19:59:42,7,-76,34.0678749,-117.2087936,346.80,1.75,WIFI
1E:5F:67:ED:58:31,Netgear,[WPA2_PSK],2025-3-25 19:59:42,7,-77,34.0678749,-117.2087936,346.80,1.75,WIFI
02:8D:DB:7A:6C:A5,UHC_v2,[WPA2],2025-3-25 19:59:46,11,-78,34.0677643,-117.2087936,347.40,1.75,WIFI
DA:55:A8:08:EE:17,,[WPA2_PSK],2025-3-25 19:59:46,11,-80,34.0677643,-117.2087936,347.40,1.75,WIFI
E4:55:A8:08:EE:17,Dennys Guest Wifi,[OPEN],2025-3-25 19:59:46,11,-81,34.0677643,-117.2087936,347.40,1.75,WIFI
E2:55:A8:08:EE:17,Dennys_Employee_WIFI,[WPA2_PSK],2025-3-25 19:59:46,11,-81,34.0677643,-117.2087936,347.40,1.75,WIFI
EE:55:A8:08:EE:17,dmtnet,[WPA2_PSK],2025-3-25 19:59:46,11,-81,34.0677643,-117.2087936,347.40,1.75,WIFI
F6:55:A8:08:EE:17,PRESTO,[WPA2_PSK],2025-3-25 19:59:46,11,-83,34.0677643,-117.2087936,347.40,1.75,WIFI
98:25:4A:66:31:16,Super 8 Office,[WPA2_PSK],2025-3-25 19:59:46,11,-84,34.0677643,-117.2087936,347.40,1.75,WIFI
9E:25:4A:66:31:16,Super 8,[OPEN],2025-3-25 19:59:46,11,-84,34.0677643,-117.2087936,347.40,1.75,WIFI
0E:62:A6:30:98:80,,[WPA2_PSK],2025-3-25 19:59:49,1,-70,34.0677376,-117.2087936,347.60,1.75,WIFI
8C:61:A3:01:9B:E9,MySpectrumWiFiE8-2G,[WPA2_PSK],2025-3-25 19:59:55,6,-87,34.0677376,-117.2087860,347.60,1.75,WIFI
44:1E:98:7D:47:18,,[WPA2],2025-3-25 19:59:56,7,-92,34.0677376,-117.2087860,347.60,1.75,WIFI
44:1E:98:BD:47:18,OL_Guest,[OPEN],2025-3-25 19:59:56,7,-92,34.0677376,-117.2087860,347.60,1.75,WIFI
44:1E:98:FD:47:18,,[WPA2_PSK],2025-3-25 19:59:56,7,-92,34.0677376,-117.2087860,347.60,1.75,WIFI
84:A0:6E:D5:3A:16,MySpectrumWiFi10-2G,[WPA2_PSK],2025-3-25 20:0:0,11,-90,34.0676384,-117.2087860,348.00,1.75,WIFI
32:C3:D9:DA:6B:3E,DIRECT-Ki-Mondragon,[WPA2_PSK],2025-3-25 20:0:0,11,-90,34.0676384,-117.2087860,348.00,1.75,WIFI
B2:00:73:70:46:6E,Tucker,[WPA2_PSK],2025-3-25 20:0:3,1,-80,34.0674057,-117.2087860,348.80,1.75,WIFI
00:54:AF:83:CF:D5,HotspotCFD5,[WPA_WPA2_PSK],2025-3-25 20:0:3,1,-90,34.0674057,-117.2087860,348.80,1.75,WIFI
54:21:60:0B:3A:F5,Alula0B3AF4,[WPA_WPA2_PSK],2025-3-25 20:0:3,1,-90,34.0674057,-117.2087860,348.80,1.75,WIFI
02:6F:F2:86:11:33,DIRECT-DR_7300_KTA00544,[WPA2_PSK],2025-3-25 20:0:9,6,-80,34.0668182,-117.2087784,349.70,1.75,WIFI
8C:FE:74:A2:02:18,OL_Guest,[OPEN],2025-3-25 20:0:10,7,-85,34.0667229,-117.2087860,349.70,1.75,WIFI
8C:FE:74:22:02:19,,[WPA2_PSK],2025-3-25 20:0:10,7,-86,34.0667229,-117.2087860,349.70,1.75,WIFI
44:1E:98:3D:47:18,,[WPA2_PSK],2025-3-25 20:0:10,7,-87,34.0667229,-117.2087860,349.70,1.75,WIFI
8C:FE:74:62:02:19,,[WPA2_PSK],2025-3-25 20:0:10,7,-88,34.0667229,-117.2087860,349.70,1.75,WIFI
00:54:AF:47:AB:F8,HotspotABF8,[WPA_WPA2_PSK],2025-3-25 20:0:11,8,-91,34.0666237,-117.2087860,349.70,1.75,WIFI
B4:6D:C2:2E:56:37,Peztio-Q4-2e5637,[WPA2_PSK],2025-3-25 20:0:14,11,-61,34.0663223,-117.2087860,349.40,1.75,WIFI
90:BD:E6:3A:8C:8B,SMFI-000821,[WPA_WPA2_PSK],2025-3-25 20:0:14,11,-84,34.0663223,-117.2087860,349.40,1.75,WIFI
F0:AB:54:B8:69:F1,WiFi Hotspot 3880,[WPA2_PSK],2025-3-25 20:0:14,11,-85,34.0663223,-117.2087860,349.40,1.75,WIFI
0C:7B:C8:AB:C8:A3,,[OPEN],2025-3-25 20:0:15,1,-83,34.0662193,-117.2087860,349.30,1.75,WIFI
00:30:44:31:F6:0B,AER1600-60a,[WPA2_PSK],2025-3-25 20:0:15,1,-90,34.0662193,-117.2087860,349.30,1.75,WIFI
2C:58:4F:65:69:88,Frontier0400,[WPA2_PSK],2025-3-25 20:0:15,1,-92,34.0662193,-117.2087860,349.30,1.75,WIFI
00:54:AF:65:10:8A,Hotspot108A,[WPA_WPA2_PSK],2025-3-25 20:0:21,4,-91,34.0654869,-117.2088013,346.40,1.75,WIFI
00:30:44:5A:C4:5F,IBR600C-45e,[WPA2_PSK],2025-3-25 20:0:23,6,-68,34.0652199,-117.2088089,344.90,1.75,WIFI
2C:58:4F:0D:94:22,Frontier4144,[WPA2_PSK],2025-3-25 20:0:23,6,-88,34.0652199,-117.2088089,344.90,1.75,WIFI
BC:82:5D:D1:A0:0C,WiFi Hotspot 2877,[WPA2_PSK],2025-3-25 20:0:23,6,-89,34.0652199,-117.2088089,344.90,1.75,WIFI
AA:C4:AD:0C:F9:09,CHEVROLET9636,[WPA2_WPA3_PSK],2025-3-25 20:0:23,6,-90,34.0652199,-117.2088089,344.90,1.75,WIFI
38:08:FD:00:00:66,Silca-Futura_0066,[WEP],2025-3-25 20:0:26,9,-91,34.0648270,-117.2088165,343.20,1.75,WIFI
94:3C:96:FB:A6:06,Frontier2486,[WPA2_PSK],2025-3-25 20:0:28,11,-78,34.0645714,-117.2088242,342.50,1.75,WIFI
12:E8:A7:B7:45:5C,Jermaine,[WPA2_PSK],2025-3-25 20:0:28,11,-81,34.0645714,-117.2088242,342.50,1.75,WIFI
D8:33:B7:D8:A3:A1,Frontier0859,[OPEN],2025-3-25 20:0:28,11,-87,34.0645714,-117.2088242,342.50,1.75,WIFI
20:F8:5E:DD:CC:26,ADJ Airstream DMX,[WPA2_PSK],2025-3-25 20:0:28,11,-88,34.0645714,-117.2088242,342.50,1.75,WIFI
AC:8B:A9:23:BF:12,DBAT-GUEST,[WPA2_PSK],2025-3-25 20:0:28,11,-92,34.0645714,-117.2088242,342.50,1.75,WIFI
EA:38:83:13:89:62,TBC-Guest,[WPA_WPA2_PSK],2025-3-25 20:0:29,1,-80,34.0644493,-117.2088242,342.50,1.75,WIFI
A8:97:CD:CC:60:52,Frontier1344,[WPA2_PSK],2025-3-25 20:0:29,1,-84,34.0644493,-117.2088242,342.50,1.75,WIFI
F4:52:46:EE:79:33,SpectrumSetup-7936,[WPA2_PSK],2025-3-25 20:0:29,1,-86,34.0644493,-117.2088242,342.50,1.75,WIFI
34:20:03:FB:B7:D6,Fanimation_FBB7D6,[OPEN],2025-3-25 20:0:33,2,-92,34.0640259,-117.2088470,342.40,1.75,WIFI
2C:05:47:1B:0F:E1,Fanimation_1B0FE1,[OPEN],2025-3-25 20:0:34,3,-76,34.0639114,-117.2088470,342.50,1.75,WIFI
34:20:03:D9:75:6F,Fanimation_D9756F,[OPEN],2025-3-25 20:0:34,3,-81,34.0639114,-117.2088470,342.50,1.75,WIFI
EA:38:83:13:3C:B2,TBC-Guest,[WPA_WPA2_PSK],2025-3-25 20:0:37,6,-81,34.0635605,-117.2088623,342.30,1.75,WIFI
EE:38:83:13:3C:B2,TBC-Service,[WPA_WPA2_PSK],2025-3-25 20:0:37,6,-81,34.0635605,-117.2088623,342.30,1.75,WIFI
04:C4:61:12:F0:CF,TOYOTA Tacoma_F0CF611204C4,[WPA2_PSK],2025-3-25 20:0:42,11,-77,34.0629234,-117.2088776,341.60,1.75,WIFI
00:30:44:50:C4:96,RAI-SIGNAGE,[WPA2_PSK],2025-3-25 20:0:42,11,-79,34.0629234,-117.2088776,341.60,1.75,WIFI
96:46:9D:27:E7:9B,,[WPA2_PSK],2025-3-25 20:0:42,11,-85,34.0629234,-117.2088776,341.60,1.75,WIFI
10:DA:43:3A:6E:99,ngHub_319468NB01B61,[WPA2_PSK],2025-3-25 20:0:42,11,-87,34.0629234,-117.2088776,341.60,1.75,WIFI
A2:46:9D:27:E7:9B,,[WPA2],2025-3-25 20:0:42,11,-88,34.0629234,-117.2088776,341.60,1.75,WIFI
CE:22:26:C8:8E:BE,myChevrolet 5429,[WPA2_PSK],2025-3-25 20:0:46,1,-71,34.0624313,-117.2088776,341.10,1.75,WIFI
DA:55:A8:20:7F:11,,[WPA2_PSK],2025-3-25 20:0:46,1,-79,34.0624313,-117.2088776,341.10,1.75,WIFI
A6:18:88:BE:F0:09,,[WPA2_PSK],2025-3-25 20:0:46,1,-79,34.0624313,-117.2088776,341.10,1.75,WIFI
98:18:88:BE:F0:09,big5cisco2,[WPA_WPA2_PSK],2025-3-25 20:0:46,1,-87,34.0624313,-117.2088776,341.10,1.75,WIFI
C0:89:AB:4B:7E:E8,Frontier4160,[WPA2_PSK],2025-3-25 20:0:46,1,-90,34.0624313,-117.2088776,341.10,1.75,WIFI
78:D2:94:19:81:36,NETGEAR36,[WPA2_PSK],2025-3-25 20:0:48,3,-91,34.0623093,-117.2088776,341.20,1.75,WIFI
34:C9:F0:93:18:30,VMI IR APSD 718,[WPA2_PSK],2025-3-25 20:0:50,5,-80,34.0622482,-117.2088776,341.20,1.75,WIFI
FC:12:63:E0:50:7B,SpectrumSetup-7D,[WPA2_PSK],2025-3-25 20:0:51,6,-72,34.0622215,-117.2088776,341.20,1.75,WIFI
A6:05:D6:50:BF:89,Running,[WPA2_PSK],2025-3-25 20:0:51,6,-75,34.0622215,-117.2088776,341.20,1.75,WIFI
AA:05:D6:50:BF:89,DontRunWithScissors,[WPA2_PSK],2025-3-25 20:0:51,6,-77,34.0622215,-117.2088776,341.20,1.75,WIFI
A2:05:D6:50:BF:89,,[WPA2_PSK],2025-3-25 20:0:51,6,-78,34.0622215,-117.2088776,341.20,1.75,WIFI
9C:05:D6:50:BF:89,,[WPA2_PSK],2025-3-25 20:0:51,6,-80,34.0622215,-117.2088776,341.20,1.75,WIFI
EE:5C:84:92:E0:7A,My VW 3367,[WPA2_PSK],2025-3-25 20:0:51,6,-82,34.0622215,-117.2088776,341.20,1.75,WIFI
A2:05:D6:50:BC:01,,[WPA2_PSK],2025-3-25 20:0:51,6,-82,34.0622215,-117.2088776,341.20,1.75,WIFI
00:54:AF:32:1F:76,Hotspot1F76,[WPA_WPA2_PSK],2025-3-25 20:0:51,6,-84,34.0622215,-117.2088776,341.20,1.75,WIFI
AA:05:D6:50:BC:01,DontRunWithScissors,[WPA2_PSK],2025-3-25 20:0:51,6,-85,34.0622215,-117.2088776,341.20,1.75,WIFI
A6:05:D6:50:BC:01,Running,[WPA2_PSK],2025-3-25 20:0:51,6,-87,34.0622215,-117.2088776,341.20,1.75,WIFI
46:37:86:2D:3C:66,,[WPA2_PSK],2025-3-25 20:0:54,9,-84,34.0620537,-117.2088776,341.10,1.75,WIFI
A6:05:D6:41:18:56,ChiroTouch,[WPA2_PSK],2025-3-25 20:0:56,11,-71,34.0618896,-117.2088776,341.00,1.75,WIFI
A2:05:D6:41:18:56,,[WPA2_PSK],2025-3-25 20:0:56,11,-75,34.0618896,-117.2088776,341.00,1.75,WIFI
9C:05:D6:41:18:56,,[WPA2_PSK],2025-3-25 20:0:56,11,-78,34.0618896,-117.2088776,341.00,1.75,WIFI
C4:49:BB:D2:C8:4F,bigmel,[WPA2_PSK],2025-3-25 20:0:56,11,-88,34.0618896,-117.2088776,341.00,1.75,WIFI
00:C8:96:2B:DB:14,,[WPA_WPA2_PSK],2025-3-25 20:0:59,1,-84,34.0616570,-117.2088776,341.00,1.75,WIFI
9C:C8:FC:12:58:D8,Frontier3072,[WPA2_PSK],2025-3-25 20:0:59,1,-87,34.0616570,-117.2088776,341.00,1.75,WIFI
D8:B3:70:FF:CA:36,STEN,[WPA2_WPA3_PSK],2025-3-25 20:0:59,1,-88,34.0616570,-117.2088776,341.00,1.75,WIFI
A2:05:D6:50:BD:51,,[WPA2_PSK],2025-3-25 20:0:59,1,-89,34.0616570,-117.2088776,341.00,1.75,WIFI
AA:05:D6:50:BD:51,DontRunWithScissors,[WPA2_PSK],2025-3-25 20:0:59,1,-90,34.0616570,-117.2088776,341.00,1.75,WIFI
A6:05:D6:50:BD:51,Running,[WPA2_PSK],2025-3-25 20:0:59,1,-91,34.0616570,-117.2088776,341.00,1.75,WIFI
2E:4C:C6:FB:57:49,CMML-2c4cc6fb5749,[OPEN],2025-3-25 20:1:2,3,-94,34.0613823,-117.2088776,340.90,1.75,WIFI
60:E3:27:4A:D9:08,Wilson,[WPA2_PSK],2025-3-25 20:1:4,5,-94,34.0611763,-117.2088699,340.90,1.75,WIFI
A6:05:D6:50:BE:81,ChiroTouch,[WPA2_PSK],2025-3-25 20:1:5,6,-82,34.0610695,-117.2088699,340.80,1.75,WIFI
94:10:3E:90:FB:EA,Nava Realty Group,[WPA2_PSK],2025-3-25 20:1:5,6,-82,34.0610695,-117.2088699,340.80,1.75,WIFI
78:29:ED:FE:DE:61,MySpectrumWiFi63-2G,[WPA2_PSK],2025-3-25 20:1:5,6,-82,34.0610695,-117.2088699,340.80,1.75,WIFI
E2:B3:70:FF:C5:9B,STEN Guest,[WPA2_WPA3_PSK],2025-3-25 20:1:5,6,-83,34.0610695,-117.2088699,340.80,1.75,WIFI
A2:05:D6:50:BE:81,,[WPA2_PSK],2025-3-25 20:1:5,6,-83,34.0610695,-117.2088699,340.80,1.75,WIFI
D8:B3:70:FF:C5:9B,STEN,[WPA2_WPA3_PSK],2025-3-25 20:1:5,6,-85,34.0610695,-117.2088699,340.80,1.75,WIFI
DE:B3:70:FF:C5:9B,,[WPA2_PSK],2025-3-25 20:1:5,6,-85,34.0610695,-117.2088699,340.80,1.75,WIFI
A8:5E:45:61:F3:2E,ECLYPSE-812D00,[WPA2_PSK],2025-3-25 20:1:5,6,-87,34.0610695,-117.2088699,340.80,1.75,WIFI
1C:BF:CE:01:D2:88,NETGEAR55-PRO-2.4G,[WPA2_PSK],2025-3-25 20:1:8,9,-90,34.0607262,-117.2088623,340.70,1.75,WIFI
EC:6E:79:00:FF:1E,FWA02-00FF1E,[WPA2_PSK],2025-3-25 20:1:9,10,-78,34.0606079,-117.2088623,340.70,1.75,WIFI
06:18:D6:04:FB:92,KisingerGuest,[WPA2_PSK],2025-3-25 20:1:10,11,-87,34.0604973,-117.2088623,340.60,1.75,WIFI
16:18:D6:04:FB:92,,[WPA2_PSK],2025-3-25 20:1:10,11,-87,34.0604973,-117.2088623,340.60,1.75,WIFI
DE:B3:70:FF:CA:36,,[WPA2_PSK],2025-3-25 20:1:12,1,-78,34.0602722,-117.2088623,340.70,1.75,WIFI
E2:B3:70:FF:CA:36,STEN Guest,[WPA2_WPA3_PSK],2025-3-25 20:1:12,1,-79,34.0602722,-117.2088623,340.70,1.75,WIFI
72:EF:16:F1:93:99,Centaurus Guest,[WPA2_PSK],2025-3-25 20:1:12,1,-86,34.0602722,-117.2088623,340.70,1.75,WIFI
88:EF:16:F1:93:98,Centaurus,[WPA2_PSK],2025-3-25 20:1:12,1,-88,34.0602722,-117.2088623,340.70,1.75,WIFI
BC:A5:11:90:95:D7,NETGEAR14,[WPA2_PSK],2025-3-25 20:1:12,1,-93,34.0602722,-117.2088623,340.70,1.75,WIFI
2E:4C:C6:F5:D3:E2,CMML-2c4cc6f5d3e2,[OPEN],2025-3-25 20:1:15,3,-78,34.0600014,-117.2088547,340.70,1.75,WIFI
EA:E8:B7:17:27:51,CMML-e8e8b7172751,[OPEN],2025-3-25 20:1:15,3,-85,34.0600014,-117.2088547,340.70,1.75,WIFI
2E:4C:C6:F8:16:DC,CMML-2c4cc6f816dc,[OPEN],2025-3-25 20:1:15,3,-90,34.0600014,-117.2088547,340.70,1.75,WIFI
9C:C9:EB:5A:8D:B0,VAIS,[WPA2_PSK],2025-3-25 20:1:15,3,-90,34.0600014,-117.2088547,340.70,1.75,WIFI
7E:4D:8F:4D:F2:A0,DIRECT-A0-HP Color LJ 4301,[WPA2_PSK],2025-3-25 20:1:18,6,-78,34.0597305,-117.2088547,340.50,1.75,WIFI
7A:AC:B9:B1:5B:60,,[WPA2_PSK],2025-3-25 20:1:18,6,-83,34.0597305,-117.2088547,340.50,1.75,WIFI
7A:AC:B9:B1:5E:3C,,[WPA2_PSK],2025-3-25 20:1:18,6,-84,34.0597305,-117.2088547,340.50,1.75,WIFI
74:AC:B9:B1:5B:60,ManhattanComfortWest,[WPA2_PSK],2025-3-25 20:1:18,6,-85,34.0597305,-117.2088547,340.50,1.75,WIFI
10:DA:43:C5:44:69,NETGEAR55,[WPA2_PSK],2025-3-25 20:1:21,9,-89,34.0594978,-117.2088547,340.50,1.75,WIFI
E2:55:A8:7A:5E:2B,,[WPA_WPA2_PSK],2025-3-25 20:1:23,11,-90,34.0594254,-117.2088547,340.50,1.75,WIFI
36:5D:9E:C2:D9:E7,Redlands Thrift Guest,[WPA2_PSK],2025-3-25 20:1:23,11,-90,34.0594254,-117.2088547,340.50,1.75,WIFI
34:5D:9E:C2:D9:E6,Redlands Thrift,[WPA2_PSK],2025-3-25 20:1:23,11,-91,34.0594254,-117.2088547,340.50,1.75,WIFI
32:F9:0F:29:6F:31,Jstraton@svtfleet.com,[WPA2_PSK],2025-3-25 20:1:25,1,-86,34.0594254,-117.2088547,340.70,1.75,WIFI
32:F9:0F:59:6F:31,,[WPA2_PSK],2025-3-25 20:1:25,1,-87,34.0594254,-117.2088547,340.70,1.75,WIFI
32:F9:0F:89:6F:31,,[WPA2_PSK],2025-3-25 20:1:25,1,-89,34.0594254,-117.2088547,340.70,1.75,WIFI
84:EB:3E:F8:88:47,tlf88846,[WPA2_PSK],2025-3-25 20:1:25,1,-91,34.0594254,-117.2088547,340.70,1.75,WIFI
1C:BF:CE:2C:34:80,Frontier9776-PRO-2.4G,[WPA2_PSK],2025-3-25 20:1:25,1,-95,34.0594254,-117.2088547,340.70,1.75,WIFI
84:70:51:DE:BC:87,TOYOTA RAV4-2.4g_debc87,[WPA2_PSK],2025-3-25 20:1:28,2,-87,34.0594254,-117.2088547,340.70,1.75,WIFI
74:AC:B9:B1:5E:3C,ManhattanComfortWest,[WPA2_PSK],2025-3-25 20:1:32,6,-83,34.0594254,-117.2088547,340.70,1.75,WIFI
86:2A:A8:1A:99:A5,,[WPA2_PSK],2025-3-25 20:1:32,6,-86,34.0594254,-117.2088547,340.70,1.75,WIFI
80:2A:A8:1A:99:A5,drfranco,[WPA2_PSK],2025-3-25 20:1:32,6,-89,34.0594254,-117.2088547,340.70,1.75,WIFI
DC:8C:37:D5:D8:C0,CSLWLAN,[WPA2],2025-3-25 20:1:32,6,-91,34.0594254,-117.2088547,340.70,1.75,WIFI
DC:8C:37:D5:D8:C1,CSLGUEST,[WPA2_PSK],2025-3-25 20:1:32,6,-91,34.0594254,-117.2088547,340.70,1.75,WIFI
A8:5E:45:61:EB:26,ECLYPSE-64C0E0,[WPA2_PSK],2025-3-25 20:1:32,6,-92,34.0594254,-117.2088547,340.70,1.75,WIFI
50:EB:F6:A2:15:58,The Walter Group,[WPA2_PSK],2025-3-25 20:1:36,10,-89,34.0594254,-117.2088547,340.80,1.75,WIFI
04:95:E6:22:30:E1,ManhattanComfortWest_EXT,[WPA_WPA2_PSK],2025-3-25 20:1:46,6,-91,34.0594254,-117.2088547,340.90,1.75,WIFI
7A:45:58:27:BC:AD,drfranco,[WPA2_PSK],2025-3-25 20:1:51,11,-86,34.0592346,-117.2088547,340.90,1.75,WIFI
24:E5:0F:60:DD:59,Union Office,[WPA2_PSK],2025-3-25 20:1:51,11,-87,34.0592346,-117.2088547,340.90,1.75,WIFI
78:45:58:67:BC:AD,,[WPA2_PSK],2025-3-25 20:1:51,11,-88,34.0592346,-117.2088547,340.90,1.75,WIFI
86:2A:A8:1A:99:9E,,[WPA2_PSK],2025-3-25 20:1:54,1,-83,34.0589142,-117.2088470,341.00,1.75,WIFI
80:2A:A8:1A:99:9E,drfranco,[WPA2_PSK],2025-3-25 20:1:54,1,-85,34.0589142,-117.2088470,341.00,1.75,WIFI
E0:76:D0:61:48:AB,Hi-Smart-e076d06148ab,[OPEN],2025-3-25 20:1:57,3,-94,34.0585022,-117.2088470,341.10,1.75,WIFI
FC:12:63:00:01:E8,SpectrumSetup-EA,[WPA2_PSK],2025-3-25 20:2:0,6,-78,34.0580635,-117.2088394,341.30,1.75,WIFI
DC:8C:37:52:18:C1,CSLGUEST,[WPA2_PSK],2025-3-25 20:2:0,6,-78,34.0580635,-117.2088394,341.30,1.75,WIFI
DC:8C:37:52:18:C0,CSLWLAN,[WPA2],2025-3-25 20:2:0,6,-80,34.0580635,-117.2088394,341.30,1.75,WIFI
EA:9E:B4:23:16:F9,DIRECT-f9-HP M402 LaserJet,[WPA2_PSK],2025-3-25 20:2:0,6,-83,34.0580635,-117.2088394,341.30,1.75,WIFI
FE:EC:DA:E9:E7:CC,chunDDS-Guest,[WPA2_PSK],2025-3-25 20:2:0,6,-84,34.0580635,-117.2088394,341.30,1.75,WIFI
D0:6D:C9:39:DF:E6,Frontier0367,[WPA2_PSK],2025-3-25 20:2:0,6,-85,34.0580635,-117.2088394,341.30,1.75,WIFI
16:CB:19:96:63:27,DIRECT-27-HP M428fdw LJ,[WPA2_PSK],2025-3-25 20:2:0,6,-91,34.0580635,-117.2088394,341.30,1.75,WIFI
64:A5:C3:71:27:88,SRIwest,[WPA2_PSK],2025-3-25 20:2:5,11,-78,34.0573196,-117.2088318,341.50,1.75,WIFI
DC:8C:37:C3:4E:60,CSLWLAN,[WPA2],2025-3-25 20:2:5,11,-92,34.0573196,-117.2088318,341.50,1.75,WIFI
DC:8C:37:C3:4E:61,CSLGUEST,[WPA2_PSK],2025-3-25 20:2:5,11,-92,34.0573196,-117.2088318,341.50,1.75,WIFI
24:94:CB:1A:DA:88,Frontier4464,[WPA2_PSK],2025-3-25 20:2:8,1,-77,34.0568504,-117.2088318,341.60,1.75,WIFI
2C:00:AB:D8:04:48,Frontier2944,[WPA2_PSK],2025-3-25 20:2:8,1,-80,34.0568504,-117.2088318,341.60,1.75,WIFI
08:33:ED:BE:F1:0D,Fred,[WPA2_PSK],2025-3-25 20:2:14,6,-86,34.0559349,-117.2088242,341.80,1.75,WIFI
5A:E4:03:F5:BF:D6,myBrightdrop BFD6,[WPA2_PSK],2025-3-25 20:2:15,7,-83,34.0557823,-117.2088242,341.80,1.75,WIFI
2C:67:BE:0F:35:FB,SpectrumSetup-35F7,[WPA2_PSK],2025-3-25 20:2:19,11,-86,34.0551033,-117.2088089,341.60,1.75,WIFI
94:3C:96:F6:AB:56,Frontier1329,[WPA2_PSK],2025-3-25 20:2:19,11,-91,34.0551033,-117.2088089,341.60,1.75,WIFI
B0:95:75:45:8B:80,MySpectrumWiFic8-2G_2.4GEXT,[WPA2_PSK],2025-3-25 20:2:19,11,-93,34.0551033,-117.2088089,341.60,1.75,WIFI
F0:81:75:CD:C8:EE,DJC7,[WPA2_PSK],2025-3-25 20:2:22,1,-90,34.0545425,-117.2088089,341.10,1.75,WIFI
6E:7F:F0:04:1F:18,AK Wifi 7,[WPA3_PSK],2025-3-25 20:2:25,3,-80,34.0539818,-117.2088013,340.50,1.75,WIFI
48:F8:B3:F0:EC:22,SlicingWater2G,[WPA2_PSK],2025-3-25 20:2:25,3,-82,34.0539818,-117.2088013,340.50,1.75,WIFI
FC:3F:A6:F5:25:66,Deathknight,[WPA2_PSK],2025-3-25 20:2:28,6,-61,34.0534134,-117.2087936,340.30,1.75,WIFI
A0:8E:24:4D:16:C5,qtk786,[WPA2_PSK],2025-3-25 20:2:28,6,-64,34.0534134,-117.2087936,340.30,1.75,WIFI
A0:8E:24:4D:16:C3,,[WPA3_PSK],2025-3-25 20:2:28,6,-65,34.0534134,-117.2087936,340.30,1.75,WIFI
A0:8E:24:4D:16:C7,,[OPEN],2025-3-25 20:2:28,6,-66,34.0534134,-117.2087936,340.30,1.75,WIFI
FC:3F:A6:F5:25:69,,[OPEN],2025-3-25 20:2:28,6,-66,34.0534134,-117.2087936,340.30,1.75,WIFI
FC:3F:A6:F5:25:63,,[WPA3_PSK],2025-3-25 20:2:28,6,-67,34.0534134,-117.2087936,340.30,1.75,WIFI
D4:3F:32:2C:FD:06,HanShotFirst,[WPA2_PSK],2025-3-25 20:2:28,6,-72,34.0534134,-117.2087936,340.30,1.75,WIFI
D4:3F:32:2C:FD:03,,[WPA3_PSK],2025-3-25 20:2:28,6,-73,34.0534134,-117.2087936,340.30,1.75,WIFI
D4:3F:32:2C:FD:09,,[OPEN],2025-3-25 20:2:28,6,-73,34.0534134,-117.2087936,340.30,1.75,WIFI
88:67:46:7B:BD:26,Marquez310,[WPA2_PSK],2025-3-25 20:2:28,6,-74,34.0534134,-117.2087936,340.30,1.75,WIFI
28:EC:22:F5:32:26,HanShotFirst,[WPA2_PSK],2025-3-25 20:2:28,6,-77,34.0534134,-117.2087936,340.30,1.75,WIFI
F0:7B:65:EB:AD:88,SpectrumSetup-AD82,[WPA2_PSK],2025-3-25 20:2:28,6,-77,34.0534134,-117.2087936,340.30,1.75,WIFI
A0:7F:8A:1B:BB:F4,SpectrumSetup-BBEE,[WPA2_PSK],2025-3-25 20:2:28,6,-78,34.0534134,-117.2087936,340.30,1.75,WIFI
28:EC:22:F5:32:23,,[WPA3_PSK],2025-3-25 20:2:28,6,-78,34.0534134,-117.2087936,340.30,1.75,WIFI
28:EC:22:F5:32:29,,[OPEN],2025-3-25 20:2:28,6,-78,34.0534134,-117.2087936,340.30,1.75,WIFI
88:67:46:7B:BD:29,,[OPEN],2025-3-25 20:2:28,6,-80,34.0534134,-117.2087936,340.30,1.75,WIFI
28:EC:22:F8:6D:66,HanShotFirst,[WPA2_PSK],2025-3-25 20:2:28,6,-80,34.0534134,-117.2087936,340.30,1.75,WIFI
88:67:46:7B:BD:23,,[WPA3_PSK],2025-3-25 20:2:28,6,-81,34.0534134,-117.2087936,340.30,1.75,WIFI
D4:3F:32:05:40:89,,[OPEN],2025-3-25 20:2:28,6,-81,34.0534134,-117.2087936,340.30,1.75,WIFI
44:AC:85:A0:A7:C9,,[OPEN],2025-3-25 20:2:28,6,-85,34.0534134,-117.2087936,340.30,1.75,WIFI
70:A7:41:8A:D6:10,EWS Wireless ,[WPA2_PSK],2025-3-25 20:2:28,6,-86,34.0534134,-117.2087936,340.30,1.75,WIFI
9C:57:BC:B2:58:03,,[WPA3_PSK],2025-3-25 20:2:28,6,-86,34.0534134,-117.2087936,340.30,1.75,WIFI
00:C8:96:04:8A:D8,,[WPA_WPA2_PSK],2025-3-25 20:2:32,8,-92,34.0527077,-117.2087860,340.50,1.75,WIFI
8A:A7:31:04:FA:9C,RSQ3,[WPA2_PSK],2025-3-25 20:2:32,8,-92,34.0527077,-117.2087860,340.50,1.75,WIFI
54:04:63:C5:77:81,,[WPA_WPA2_PSK],2025-3-25 20:2:33,9,-83,34.0525703,-117.2087860,340.70,1.75,WIFI
14:7D:05:8E:B9:1F,SpectrumSetup-1D,[WPA2_PSK],2025-3-25 20:2:35,11,-67,34.0523529,-117.2087784,340.90,1.75,WIFI
78:76:89:35:98:44,,[WPA3_PSK],2025-3-25 20:2:35,11,-70,34.0523529,-117.2087784,340.90,1.75,WIFI
78:76:89:35:98:4A,,[OPEN],2025-3-25 20:2:35,11,-71,34.0523529,-117.2087784,340.90,1.75,WIFI
78:76:89:35:98:47,Orange House,[WPA2_PSK],2025-3-25 20:2:35,11,-73,34.0523529,-117.2087784,340.90,1.75,WIFI
1A:1E:A3:2E:53:A3,SpectrumSetup-A0,[WPA2_PSK],2025-3-25 20:2:35,11,-80,34.0523529,-117.2087784,340.90,1.75,WIFI
F4:52:46:D9:6E:23,JMBahia,[WPA2_PSK],2025-3-25 20:2:35,11,-81,34.0523529,-117.2087784,340.90,1.75,WIFI
34:53:D2:C5:D6:1B,SpectrumSetup-1E,[WPA2_PSK],2025-3-25 20:2:35,11,-87,34.0523529,-117.2087784,340.90,1.75,WIFI
7C:DB:98:8C:E8:15,Finnternet,[WPA2_PSK],2025-3-25 20:2:35,11,-88,34.0523529,-117.2087784,340.90,1.75,WIFI
00:C8:96:04:48:68,,[WPA_WPA2_PSK],2025-3-25 20:2:35,11,-88,34.0523529,-117.2087784,340.90,1.75,WIFI
9C:57:BC:B0:C3:89,,[OPEN],2025-3-25 20:2:38,1,-68,34.0521851,-117.2087784,341.20,1.75,WIFI
9C:57:BC:B0:C3:86,PM,[WPA2_PSK],2025-3-25 20:2:38,1,-68,34.0521851,-117.2087784,341.20,1.75,WIFI
9C:57:BC:B0:C3:83,,[WPA3_PSK],2025-3-25 20:2:38,1,-69,34.0521851,-117.2087784,341.20,1.75,WIFI
74:93:DA:AD:C5:B0,Fouad22,[WPA2_PSK],2025-3-25 20:2:38,1,-76,34.0521851,-117.2087784,341.20,1.75,WIFI
74:37:5F:DA:CF:27,KittyKatsWifi,[WPA2_PSK],2025-3-25 20:2:38,1,-77,34.0521851,-117.2087784,341.20,1.75,WIFI
74:37:5F:D9:2F:C3,Rambo's Hut,[WPA2_PSK],2025-3-25 20:2:38,1,-77,34.0521851,-117.2087784,341.20,1.75,WIFI
F4:69:42:01:44:98,Schaffran,[WPA2_PSK],2025-3-25 20:2:38,1,-79,34.0521851,-117.2087784,341.20,1.75,WIFI
74:37:5F:F4:88:65,GlobexCorporation,[WPA2_PSK],2025-3-25 20:2:38,1,-82,34.0521851,-117.2087784,341.20,1.75,WIFI
74:37:5F:9E:9A:87,SpectrumSetup-85,[WPA2_PSK],2025-3-25 20:2:38,1,-83,34.0521851,-117.2087784,341.20,1.75,WIFI
02:6B:9E:36:D8:20,DIRECT-LQ-VIZIOTV,[WPA2_PSK],2025-3-25 20:2:38,1,-89,34.0521851,-117.2087784,341.20,1.75,WIFI
DE:47:32:FC:78:D8,,[WPA2_PSK],2025-3-25 20:2:39,2,-72,34.0521622,-117.2087784,341.20,1.75,WIFI
D8:47:32:FC:78:D8,TP-Link_78D8,[WPA_WPA2_PSK],2025-3-25 20:2:39,2,-76,34.0521622,-117.2087784,341.20,1.75,WIFI
A0:89:66:8D:EC:10,,[WPA_WPA2_PSK],2025-3-25 20:2:41,3,-87,34.0521622,-117.2087784,341.30,1.75,WIFI
6E:7F:F0:04:1F:1C,,[WPA2_PSK],2025-3-25 20:2:41,3,-90,34.0521622,-117.2087784,341.30,1.75,WIFI
6E:7F:F0:04:1F:1A,,[WPA2_WPA3_PSK],2025-3-25 20:2:41,3,-93,34.0521622,-117.2087784,341.30,1.75,WIFI
90:91:64:24:6D:75,fleming-EXT,[WPA2_PSK],2025-3-25 20:2:42,4,-80,34.0521584,-117.2087784,341.30,1.75,WIFI
84:A0:6E:B4:DB:CE,fleming,[WPA2_PSK],2025-3-25 20:2:42,4,-81,34.0521584,-117.2087784,341.30,1.75,WIFI
F8:5B:3B:75:13:85,SpectrumSetup-87,[WPA2_PSK],2025-3-25 20:2:44,6,-76,34.0521584,-117.2087784,341.40,1.75,WIFI
F0:7B:65:C2:F4:A6,SpectrumSetup-F4A0,[WPA2_PSK],2025-3-25 20:2:44,6,-76,34.0521584,-117.2087784,341.40,1.75,WIFI
A0:55:1F:44:34:A6,SpectrumSetup-34A0,[WPA2_PSK],2025-3-25 20:2:44,6,-76,34.0521584,-117.2087784,341.40,1.75,WIFI
28:EC:22:2E:B5:63,,[WPA3_PSK],2025-3-25 20:2:44,6,-81,34.0521584,-117.2087784,341.40,1.75,WIFI
28:EC:22:4C:F5:26,AdAstra,[WPA2_PSK],2025-3-25 20:2:44,6,-81,34.0521584,-117.2087784,341.40,1.75,WIFI
28:EC:22:2E:B5:69,,[OPEN],2025-3-25 20:2:44,6,-82,34.0521584,-117.2087784,341.40,1.75,WIFI
A0:89:66:8D:EE:80,,[WPA_WPA2_PSK],2025-3-25 20:2:44,6,-82,34.0521584,-117.2087784,341.40,1.75,WIFI
84:1E:A3:18:61:8E,SpectrumSetup-88,[WPA2_PSK],2025-3-25 20:2:44,6,-86,34.0521584,-117.2087784,341.40,1.75,WIFI
F0:2F:74:C1:9D:80,4Prophet,[WPA2_PSK],2025-3-25 20:2:46,8,-90,34.0521584,-117.2087784,341.50,1.75,WIFI
2C:C8:1B:2A:4A:B6,NextDVP-U000220686016,[WPA_WPA2_PSK],2025-3-25 20:2:46,8,-92,34.0521584,-117.2087784,341.50,1.75,WIFI
8A:A7:31:04:FA:9D,,[WPA2_PSK],2025-3-25 20:2:46,8,-93,34.0521584,-117.2087784,341.50,1.75,WIFI
EA:07:B6:AF:F5:A9,,[WPA2_PSK],2025-3-25 20:2:48,10,-83,34.0521278,-117.2087708,341.70,1.75,WIFI
D8:07:B6:AF:F5:A9,2FAST4U,[WPA_WPA2_PSK],2025-3-25 20:2:48,10,-84,34.0521278,-117.2087708,341.70,1.75,WIFI
74:37:5F:2E:7A:C3,SpectrumSetup-C1,[WPA2_PSK],2025-3-25 20:2:49,11,-75,34.0520744,-117.2087708,341.80,1.75,WIFI
54:04:63:16:60:C8,,[WPA_WPA2_PSK],2025-3-25 20:2:49,11,-80,34.0520744,-117.2087708,341.80,1.75,WIFI
50:27:A9:29:B8:25,unequivocal,[WPA2_PSK],2025-3-25 20:2:49,11,-81,34.0520744,-117.2087708,341.80,1.75,WIFI
28:EC:22:2C:66:89,,[OPEN],2025-3-25 20:2:49,11,-81,34.0520744,-117.2087708,341.80,1.75,WIFI
50:27:A9:29:B8:23,,[WPA3_PSK],2025-3-25 20:2:49,11,-82,34.0520744,-117.2087708,341.80,1.75,WIFI
BC:96:E5:47:59:BD,Jermhouse,[WPA2_PSK],2025-3-25 20:2:49,11,-82,34.0520744,-117.2087708,341.80,1.75,WIFI
28:EC:22:2C:66:83,,[WPA3_PSK],2025-3-25 20:2:49,11,-82,34.0520744,-117.2087708,341.80,1.75,WIFI
50:27:A9:29:B8:27,,[OPEN],2025-3-25 20:2:49,11,-83,34.0520744,-117.2087708,341.80,1.75,WIFI
0E:36:C9:0F:7B:0B,ORBI99,[WPA2_PSK],2025-3-25 20:2:49,11,-85,34.0520744,-117.2087708,341.80,1.75,WIFI
40:4C:77:30:4F:48,Frontier6880,[WPA2_PSK],2025-3-25 20:2:49,11,-89,34.0520744,-117.2087708,341.80,1.75,WIFI
2C:58:4F:67:7A:28,Frontier5728,[WPA2_PSK],2025-3-25 20:2:49,11,-92,34.0520744,-117.2087708,341.80,1.75,WIFI
F4:69:42:A3:54:B5,SpectrumSetup-B7,[WPA2_PSK],2025-3-25 20:2:52,1,-67,34.0517998,-117.2087631,341.90,1.75,WIFI
2C:58:4F:6B:40:E8,Frontier3216,[WPA2_PSK],2025-3-25 20:2:52,1,-81,34.0517998,-117.2087631,341.90,1.75,WIFI
90:D3:CF:34:2C:61,SpectrumSetup-2C64,[WPA2_PSK],2025-3-25 20:2:52,1,-84,34.0517998,-117.2087631,341.90,1.75,WIFI
94:A6:7E:E2:4B:A3,NETGEAR81,[WPA2_PSK],2025-3-25 20:2:54,2,-80,34.0515366,-117.2087631,342.70,1.75,WIFI
18:A5:FF:A3:FF:CA,TMOBILE-FFC8,[WPA2_WPA3_PSK],2025-3-25 20:2:57,5,-79,34.0510674,-117.2087555,343.70,1.75,WIFI
74:93:DA:8B:CC:19,SpectrumSetup-1B,[WPA2_PSK],2025-3-25 20:2:58,6,-67,34.0508957,-117.2087555,344.00,1.75,WIFI
A0:40:A0:61:C4:49,Frontier1248_EXT,[WPA2_PSK],2025-3-25 20:2:58,6,-69,34.0508957,-117.2087555,344.00,1.75,WIFI
FA:8F:CA:68:09:54,Den TV,[OPEN],2025-3-25 20:2:58,6,-70,34.0508957,-117.2087555,344.00,1.75,WIFI
2C:00:AB:98:F8:D8,Frontier1248,[WPA2_PSK],2025-3-25 20:2:58,6,-72,34.0508957,-117.2087555,344.00,1.75,WIFI
A0:7F:8A:37:0B:C5,SpectrumSetup-0BBF,[WPA2_PSK],2025-3-25 20:2:58,6,-78,34.0508957,-117.2087555,344.00,1.75,WIFI
FC:12:63:F5:5A:D1,wingardiumleviosa,[WPA2_PSK],2025-3-25 20:2:58,6,-79,34.0508957,-117.2087555,344.00,1.75,WIFI
70:5A:0F:DB:31:45,DIRECT-D3-HP OfficeJet Pro 8710,[WPA2_PSK],2025-3-25 20:2:58,6,-81,34.0508957,-117.2087555,344.00,1.75,WIFI
06:3C:96:AE:C5:54,,[WPA2_PSK],2025-3-25 20:2:58,6,-85,34.0508957,-117.2087555,344.00,1.75,WIFI
26:3C:96:AE:C5:54,,[WPA2_PSK],2025-3-25 20:2:58,6,-85,34.0508957,-117.2087555,344.00,1.75,WIFI
16:3C:96:AE:C5:54,SpectrumSetup-7D,[WPA2_PSK],2025-3-25 20:2:58,6,-85,34.0508957,-117.2087555,344.00,1.75,WIFI
2C:4D:54:B1:AB:20,,[WPA2_PSK],2025-3-25 20:2:59,7,-82,34.0507202,-117.2087555,344.50,1.75,WIFI
2C:4D:54:B1:AB:21,Oso Guest,[WPA2_PSK],2025-3-25 20:2:59,7,-82,34.0507202,-117.2087555,344.50,1.75,WIFI
10:DA:43:71:65:FE,LaMerOpale2,[WPA2_PSK],2025-3-25 20:3:2,9,-80,34.0501595,-117.2087402,346.10,1.75,WIFI
00:54:AF:46:B3:4C,HotspotB34C,[WPA_WPA2_PSK],2025-3-25 20:3:2,9,-84,34.0501595,-117.2087402,346.10,1.75,WIFI
46:3F:8C:6E:C7:9E,Bad Bitch Network _Guest,[WPA2_PSK],2025-3-25 20:3:2,9,-87,34.0501595,-117.2087402,346.10,1.75,WIFI
E8:9F:80:B1:3E:14,Attmay,[WPA2_PSK],2025-3-25 20:3:3,10,-86,34.0499687,-117.2087402,346.80,1.75,WIFI
14:59:C0:13:4B:8B,NETGEAR90,[WPA2_PSK],2025-3-25 20:3:4,11,-59,34.0497742,-117.2087402,347.40,1.75,WIFI
24:5A:4C:88:D3:02,,[WPA2_PSK],2025-3-25 20:3:4,11,-88,34.0497742,-117.2087402,347.40,1.75,WIFI
4C:19:5D:03:C2:FD,SpectrumSetup-F7,[WPA2_PSK],2025-3-25 20:3:4,11,-89,34.0497742,-117.2087402,347.40,1.75,WIFI
4C:19:5D:0C:2E:11,SpectrumSetup-0B,[WPA2_PSK],2025-3-25 20:3:4,11,-92,34.0497742,-117.2087402,347.40,1.75,WIFI
4C:19:5D:45:47:94,Kim’s Wifi,[WPA2_PSK],2025-3-25 20:3:4,11,-95,34.0497742,-117.2087402,347.40,1.75,WIFI
A4:E8:8D:0D:B5:0E,HLD_A,[WPA_WPA2_PSK],2025-3-25 20:3:5,13,-75,34.0495796,-117.2087326,348.20,1.75,WIFI
8C:85:80:CF:93:57,,[WPA_WPA2_PSK],2025-3-25 20:3:7,1,-58,34.0491943,-117.2087326,349.70,1.75,WIFI
1A:E8:29:27:05:15,MRC_Guest,[WPA2_PSK],2025-3-25 20:3:7,1,-71,34.0491943,-117.2087326,349.70,1.75,WIFI
1A:E8:29:17:05:15,MRC_Private,[WPA2_PSK],2025-3-25 20:3:7,1,-73,34.0491943,-117.2087326,349.70,1.75,WIFI
18:E8:29:47:05:15,,[WPA2_PSK],2025-3-25 20:3:7,1,-73,34.0491943,-117.2087326,349.70,1.75,WIFI
7A:AC:B9:C4:6D:E1,Ocean Pho Staff-HW,[WPA2_PSK],2025-3-25 20:3:7,1,-79,34.0491943,-117.2087326,349.70,1.75,WIFI
2C:67:BE:11:AF:25,SpectrumSetup-AF21,[WPA2_PSK],2025-3-25 20:3:7,1,-83,34.0491943,-117.2087326,349.70,1.75,WIFI
B4:FB:E4:84:D1:29,,[WPA2_PSK],2025-3-25 20:3:7,1,-84,34.0491943,-117.2087326,349.70,1.75,WIFI
F4:52:46:78:4C:E2,Redd Cafe,[WPA2_PSK],2025-3-25 20:3:7,1,-86,34.0491943,-117.2087326,349.70,1.75,WIFI
04:B6:BE:8D:B7:8C,Frontier4ac8,[WPA_WPA2_PSK],2025-3-25 20:3:7,1,-91,34.0491943,-117.2087326,349.70,1.75,WIFI
6C:CD:D6:DB:80:FC,NETGEAR49,[WPA2_PSK],2025-3-25 20:3:7,2,-88,34.0491943,-117.2087326,349.70,1.75,WIFI
6C:5A:B0:88:52:44,TP-Link_Extender,[OPEN],2025-3-25 20:3:7,2,-89,34.0491943,-117.2087326,349.70,1.75,WIFI
AC:DF:9F:51:A0:82,TMOBILE-A080,[WPA2_WPA3_PSK],2025-3-25 20:3:12,5,-76,34.0483208,-117.2087173,352.70,1.75,WIFI
60:F4:19:F1:E9:26,Frontier1904_5G,[WPA2_PSK],2025-3-25 20:3:13,6,-82,34.0481606,-117.2087173,353.00,1.75,WIFI
1C:B0:44:CC:AF:B8,MySpectrumWiFiBA-2G,[WPA2_PSK],2025-3-25 20:3:13,6,-84,34.0481606,-117.2087173,353.00,1.75,WIFI
4C:AB:F8:45:E8:0D,SpectrumSetup-0F,[WPA2_PSK],2025-3-25 20:3:13,6,-86,34.0481606,-117.2087173,353.00,1.75,WIFI
84:1B:5E:2F:26:D7,NETGEAR78,[WPA2_PSK],2025-3-25 20:3:13,6,-91,34.0481606,-117.2087173,353.00,1.75,WIFI
E6:46:EE:1C:66:07,mor405,[WPA2_PSK],2025-3-25 20:3:15,8,-81,34.0478897,-117.2087173,353.40,1.75,WIFI
E6:46:EE:1C:B7:83,mor405,[WPA2_PSK],2025-3-25 20:3:15,8,-86,34.0478897,-117.2087173,353.40,1.75,WIFI
E0:46:EE:1C:B7:83,,[WPA2_PSK],2025-3-25 20:3:15,8,-86,34.0478897,-117.2087173,353.40,1.75,WIFI
A2:98:B5:32:92:63,NETGEAR99-Guest,[WPA2_PSK],2025-3-25 20:3:16,9,-88,34.0477791,-117.2087173,353.50,1.75,WIFI
E6:FA:C4:27:07:70,,[WPA2_PSK],2025-3-25 20:3:16,9,-93,34.0477791,-117.2087173,353.50,1.75,WIFI
66:E2:20:22:3C:D9,DIRECT-BMW 60416,[WPA2_PSK],2025-3-25 20:3:18,11,-61,34.0476341,-117.2087402,354.10,1.75,WIFI
4C:AB:F8:49:FE:8D,SpectrumSetup-8F,[WPA2_PSK],2025-3-25 20:3:18,11,-78,34.0476341,-117.2087402,354.10,1.75,WIFI
FC:12:63:7E:18:66,Daizy Daze,[WPA2_PSK],2025-3-25 20:3:21,1,-73,34.0475616,-117.2087784,354.10,1.75,WIFI
4C:AB:F8:EA:90:23,SpectrumSetup-25,[WPA2_PSK],2025-3-25 20:3:21,1,-73,34.0475616,-117.2087784,354.10,1.75,WIFI
34:53:D2:EE:54:50,mywifi,[WPA2_PSK],2025-3-25 20:3:21,1,-84,34.0475616,-117.2087784,354.10,1.75,WIFI
4C:AB:F8:5E:5D:9B,SpectrumSetup-9D,[WPA2_PSK],2025-3-25 20:3:27,6,-78,34.0475693,-117.2087784,354.10,1.75,WIFI
74:93:DA:A5:5B:05,SpectrumSetup-07,[WPA2_PSK],2025-3-25 20:3:27,6,-82,34.0475693,-117.2087784,354.10,1.75,WIFI
4C:19:5D:B3:F2:08,SpectrumSetup-02,[WPA2_PSK],2025-3-25 20:3:27,6,-87,34.0475693,-117.2087784,354.10,1.75,WIFI
BC:82:5D:5D:2E:3C,WiFi Hotspot 6275,[WPA2_PSK],2025-3-25 20:3:27,6,-89,34.0475693,-117.2087784,354.10,1.75,WIFI
6C:5A:B0:27:BA:1B,Turton,[WPA2_PSK],2025-3-25 20:3:28,7,-84,34.0475693,-117.2087784,354.10,1.75,WIFI
A0:89:66:9E:B4:E8,,[WPA_WPA2_PSK],2025-3-25 20:3:29,8,-89,34.0475616,-117.2087784,354.10,1.75,WIFI
34:98:B5:31:86:B4,NETGEAR99,[WPA2_PSK],2025-3-25 20:3:30,9,-84,34.0475388,-117.2087860,354.20,1.75,WIFI
34:98:B5:32:8F:05,NETGEAR99,[WPA2_PSK],2025-3-25 20:3:30,9,-92,34.0475388,-117.2087860,354.20,1.75,WIFI
DC:69:B5:3C:09:03,,[WPA3_PSK],2025-3-25 20:3:32,11,-81,34.0474396,-117.2088318,354.50,1.75,WIFI
8C:3B:AD:9B:BB:93,ngHub_319488N202CFF,[WPA2_PSK],2025-3-25 20:3:32,11,-85,34.0474396,-117.2088318,354.50,1.75,WIFI
4C:AB:F8:4B:9F:71,SpectrumSetup-73,[WPA2_PSK],2025-3-25 20:3:32,11,-87,34.0474396,-117.2088318,354.50,1.75,WIFI
A8:9A:93:8D:AD:06,MySpectrumWiFi00-2G,[WPA2_PSK],2025-3-25 20:3:32,11,-93,34.0474396,-117.2088318,354.50,1.75,WIFI
4C:AB:F8:46:A4:31,SpectrumSetup-33,[WPA2_PSK],2025-3-25 20:3:35,1,-78,34.0472527,-117.2087784,355.00,1.75,WIFI
82:4B:50:73:01:9C,MAZZER-30442374,[WPA2_PSK],2025-3-25 20:3:35,1,-79,34.0472527,-117.2087784,355.00,1.75,WIFI
92:32:4B:50:22:8C,DIRECT-8c-HP M227f LaserJet,[WPA2_PSK],2025-3-25 20:3:35,1,-87,34.0472527,-117.2087784,355.00,1.75,WIFI
F4:69:42:B9:46:39,SpectrumSetup-3B,[WPA2_PSK],2025-3-25 20:3:35,1,-87,34.0472527,-117.2087784,355.00,1.75,WIFI
50:91:E3:A3:77:06,Kolby’s Network ,[WPA2_PSK],2025-3-25 20:3:39,4,-88,34.0470924,-117.2083740,354.50,1.75,WIFI
6C:99:61:D5:6E:FE,HayesHouse,[WPA2_PSK],2025-3-25 20:3:41,6,-69,34.0469894,-117.2080917,354.70,1.75,WIFI
4C:AB:F8:9F:4B:35,SpectrumSetup-37,[WPA2_PSK],2025-3-25 20:3:41,6,-72,34.0469894,-117.2080917,354.70,1.75,WIFI
6C:99:61:CC:3E:26,SpectrumSetup-20,[WPA2_PSK],2025-3-25 20:3:41,6,-81,34.0469894,-117.2080917,354.70,1.75,WIFI
1C:B0:44:CC:C8:7C,MySpectrumWiFi7E-2G,[WPA2_PSK],2025-3-25 20:3:41,6,-86,34.0469894,-117.2080917,354.70,1.75,WIFI
8E:5A:B0:27:BA:1B,,[WPA2_PSK],2025-3-25 20:3:42,7,-75,34.0469284,-117.2079391,354.80,1.75,WIFI
5C:18:DD:F0:C8:73,,[WPA_WPA2_PSK],2025-3-25 20:3:43,8,-69,34.0468712,-117.2077789,354.90,1.75,WIFI
5C:18:DD:F0:8B:63,,[WPA_WPA2_PSK],2025-3-25 20:3:44,9,-69,34.0468178,-117.2076187,355.00,1.75,WIFI
A0:89:66:94:B0:A8,,[WPA_WPA2_PSK],2025-3-25 20:3:45,10,-71,34.0467644,-117.2074738,355.30,1.75,WIFI
34:98:B5:D7:8B:62,Rubberbiscuts,[WPA2_PSK],2025-3-25 20:3:45,10,-84,34.0467644,-117.2074738,355.30,1.75,WIFI
40:E1:E4:46:12:09,TMOBILE-1200,[WPA2_WPA3_PSK],2025-3-25 20:3:46,11,-69,34.0467186,-117.2073441,355.50,1.75,WIFI
AC:91:9B:1D:E4:78,Edwards2,[WPA2_PSK],2025-3-25 20:3:46,11,-77,34.0467186,-117.2073441,355.50,1.75,WIFI
F8:1A:2B:01:F9:6D,192168,[WPA2_PSK],2025-3-25 20:3:46,11,-80,34.0467186,-117.2073441,355.50,1.75,WIFI
4C:AB:F8:30:0B:39,SpectrumSetup-3B,[WPA2_PSK],2025-3-25 20:3:46,11,-81,34.0467186,-117.2073441,355.50,1.75,WIFI
74:37:5F:D9:31:0F,SpectrumSetup-0D,[WPA2_PSK],2025-3-25 20:3:46,11,-87,34.0467186,-117.2073441,355.50,1.75,WIFI
4C:19:5D:56:8B:5A,Gracie,[WPA2_PSK],2025-3-25 20:3:47,1,-68,34.0466805,-117.2072220,355.60,1.75,WIFI
2C:67:BE:02:57:E6,Spectrum1261,[WPA2_PSK],2025-3-25 20:3:47,1,-71,34.0466805,-117.2072220,355.60,1.75,WIFI
EC:A9:40:3E:47:08,MySpectrumWiFi07-2G,[WPA2_PSK],2025-3-25 20:3:47,1,-73,34.0466805,-117.2072220,355.60,1.75,WIFI
4C:19:5D:2F:49:60,SpectrumSetup-5A,[WPA2_PSK],2025-3-25 20:3:47,1,-74,34.0466805,-117.2072220,355.60,1.75,WIFI
74:93:DA:A4:65:E1,SpectrumSetup-E3,[WPA2_PSK],2025-3-25 20:3:47,1,-74,34.0466805,-117.2072220,355.60,1.75,WIFI
C8:C6:FE:19:EB:63,,[WPA3_PSK],2025-3-25 20:3:47,1,-77,34.0466805,-117.2072220,355.60,1.75,WIFI
C8:C6:FE:19:EB:69,,[OPEN],2025-3-25 20:3:47,1,-79,34.0466805,-117.2072220,355.60,1.75,WIFI
88:67:46:7A:F7:89,,[OPEN],2025-3-25 20:3:47,1,-80,34.0466805,-117.2072220,355.60,1.75,WIFI
88:67:46:7A:F7:86,CasaAleman,[WPA2_PSK],2025-3-25 20:3:47,1,-81,34.0466805,-117.2072220,355.60,1.75,WIFI
C4:49:BB:69:AE:E4,WiFi Hotspot 2480,[WPA2_PSK],2025-3-25 20:3:47,1,-83,34.0466805,-117.2072220,355.60,1.75,WIFI
88:DE:7C:F7:9B:1D,SpectrumSetup-1F,[WPA2_PSK],2025-3-25 20:3:47,1,-84,34.0466805,-117.2072220,355.60,1.75,WIFI
48:BA:4E:15:95:87,DIRECT-86-HP OfficeJet 4650,[WPA2_PSK],2025-3-25 20:3:50,2,-79,34.0466003,-117.2069473,355.60,1.75,WIFI
00:C8:96:66:A2:06,,[WPA_WPA2_PSK],2025-3-25 20:3:52,3,-82,34.0465622,-117.2068176,357.60,1.75,WIFI
28:80:88:25:7F:01,rcdlg12GEXT,[WPA2_PSK],2025-3-25 20:3:52,3,-87,34.0465622,-117.2068176,357.60,1.75,WIFI
A0:89:66:94:7B:78,,[WPA_WPA2_PSK],2025-3-25 20:3:55,6,-74,34.0463867,-117.2067795,358.60,1.75,WIFI
D4:A9:28:18:6A:92,FiOS-ALV6I,[WPA2_PSK],2025-3-25 20:3:55,6,-76,34.0463867,-117.2067795,358.60,1.75,WIFI
4C:AB:F8:B7:B4:CE,SpectrumSetup-D0,[WPA2_PSK],2025-3-25 20:3:55,6,-77,34.0463867,-117.2067795,358.60,1.75,WIFI
34:53:D2:C4:9D:49,SpectrumSetup-43,[WPA2_PSK],2025-3-25 20:3:55,6,-79,34.0463867,-117.2067795,358.60,1.75,WIFI
88:DE:7C:C7:05:D9,Figgusssssss,[WPA2_PSK],2025-3-25 20:3:55,6,-82,34.0463867,-117.2067795,358.60,1.75,WIFI
F8:CA:59:EC:B1:35,AWI-168313,[WPA2_PSK],2025-3-25 20:3:55,6,-84,34.0463867,-117.2067795,358.60,1.75,WIFI
34:98:B5:6D:B4:78,Casa de Esquivel,[WPA2_PSK],2025-3-25 20:3:56,7,-80,34.0463028,-117.2067871,358.80,1.75,WIFI
AA:6E:84:24:CD:C0,,[WPA2_PSK],2025-3-25 20:3:58,9,-60,34.0460930,-117.2067642,359.50,1.75,WIFI
A0:89:66:EA:79:5C,,[WPA_WPA2_PSK],2025-3-25 20:3:59,10,-69,34.0459747,-117.2067261,360.00,1.75,WIFI
88:67:46:79:CC:E9,,[OPEN],2025-3-25 20:4:0,11,-66,34.0458603,-117.2066650,360.60,1.75,WIFI
4C:19:5D:0C:C9:75,SpectrumSetup-6F,[WPA2_PSK],2025-3-25 20:4:0,11,-67,34.0458603,-117.2066650,360.60,1.75,WIFI
88:67:46:79:CC:E3,,[WPA3_PSK],2025-3-25 20:4:0,11,-67,34.0458603,-117.2066650,360.60,1.75,WIFI
88:67:46:79:CC:E6,wifi,[WPA2_WPA3_PSK],2025-3-25 20:4:0,11,-67,34.0458603,-117.2066650,360.60,1.75,WIFI
C8:B4:22:D3:D7:DA,MySpectrumWiFiDC-2G,[WPA2_PSK],2025-3-25 20:4:0,11,-68,34.0458603,-117.2066650,360.60,1.75,WIFI
F8:5B:3B:75:71:55,SpectrumSetup-57,[WPA2_PSK],2025-3-25 20:4:0,11,-68,34.0458603,-117.2066650,360.60,1.75,WIFI
9C:0B:05:6D:38:C4,,[WPA3_PSK],2025-3-25 20:4:0,11,-72,34.0458603,-117.2066650,360.60,1.75,WIFI
9C:0B:05:6D:38:CA,,[OPEN],2025-3-25 20:4:0,11,-72,34.0458603,-117.2066650,360.60,1.75,WIFI
9C:0B:05:6D:38:C7,MarceloWifi2,[WPA2_PSK],2025-3-25 20:4:0,11,-72,34.0458603,-117.2066650,360.60,1.75,WIFI
F0:7B:65:F2:8A:9D,SpectrumSetup-8A97,[WPA2_PSK],2025-3-25 20:4:0,11,-73,34.0458603,-117.2066650,360.60,1.75,WIFI
60:F4:19:74:CF:C3,,[WPA3_PSK],2025-3-25 20:4:0,11,-73,34.0458603,-117.2066650,360.60,1.75,WIFI
60:F4:19:74:CF:C9,,[OPEN],2025-3-25 20:4:0,11,-73,34.0458603,-117.2066650,360.60,1.75,WIFI
60:F4:19:74:CF:C6,Charmy,[WPA2_PSK],2025-3-25 20:4:0,11,-74,34.0458603,-117.2066650,360.60,1.75,WIFI
60:F4:19:63:EF:83,,[WPA3_PSK],2025-3-25 20:4:0,11,-84,34.0458603,-117.2066650,360.60,1.75,WIFI
60:F4:19:63:EF:89,,[OPEN],2025-3-25 20:4:0,11,-84,34.0458603,-117.2066650,360.60,1.75,WIFI
60:F4:19:63:EF:86,Charmy,[WPA2_PSK],2025-3-25 20:4:0,11,-84,34.0458603,-117.2066650,360.60,1.75,WIFI
46:D8:78:4C:C3:F6,,[WPA2_PSK],2025-3-25 20:4:0,11,-84,34.0458603,-117.2066650,360.60,1.75,WIFI
9C:3D:CF:93:3B:90,ARLO_VMB_1663536594,[WPA2_PSK],2025-3-25 20:4:0,11,-86,34.0458603,-117.2066650,360.60,1.75,WIFI
84:A0:6E:C0:1B:86,MySpectrumWiFi80-2G,[WPA2_PSK],2025-3-25 20:4:0,11,-90,34.0458603,-117.2066650,360.60,1.75,WIFI
FC:B2:D6:C7:84:0C,,[WPA_WPA2_PSK],2025-3-25 20:4:0,11,-92,34.0458603,-117.2066650,360.60,1.75,WIFI
AC:91:9B:C0:FD:FE,Verizon_Cruella,[WPA2_PSK],2025-3-25 20:4:4,1,-68,34.0453987,-117.2063065,361.20,1.75,WIFI
34:6B:46:50:44:7A,MySpectrumWiFi74-2G,[WPA2_PSK],2025-3-25 20:4:4,1,-77,34.0453987,-117.2063065,361.20,1.75,WIFI
B0:FC:88:73:A0:15,spectrum130,[WPA2_PSK],2025-3-25 20:4:4,1,-80,34.0453987,-117.2063065,361.20,1.75,WIFI
40:47:5E:2D:0E:A3,,[WPA3_PSK],2025-3-25 20:4:4,1,-86,34.0453987,-117.2063065,361.20,1.75,WIFI
48:5D:36:3D:EC:D2,FiOS-7SRZL,[WPA2_PSK],2025-3-25 20:4:4,1,-87,34.0453987,-117.2063065,361.20,1.75,WIFI
A4:08:F5:70:CF:32,MySpectrumWiFi2c-2G,[WPA2_PSK],2025-3-25 20:4:4,1,-87,34.0453987,-117.2063065,361.20,1.75,WIFI
F8:5B:3B:79:21:1A,SpectrumSetup-1C,[WPA2_PSK],2025-3-25 20:4:4,1,-88,34.0453987,-117.2063065,361.20,1.75,WIFI
CE:9E:43:69:B2:C1,FBISurvey54,[WPA2_PSK],2025-3-25 20:4:7,3,-87,34.0450935,-117.2060547,365.80,1.75,WIFI
C4:41:1E:C0:3C:14,NETGEAR84,[WPA2_PSK],2025-3-25 20:4:7,3,-89,34.0450935,-117.2060547,365.80,1.75,WIFI
F4:52:46:D4:97:7B,Haz,[WPA2_PSK],2025-3-25 20:4:10,6,-81,34.0448685,-117.2058716,367.20,1.75,WIFI
D8:CF:61:44:8C:C7,TLD,[WPA2_PSK],2025-3-25 20:4:10,6,-82,34.0448685,-117.2058716,367.20,1.75,WIFI
D8:CF:61:44:DA:04,SpectrumSetup-D9FE,[WPA2_PSK],2025-3-25 20:4:10,6,-83,34.0448685,-117.2058716,367.20,1.75,WIFI
A0:64:8F:A3:AB:35,SpectrumSetup-37,[WPA2_PSK],2025-3-25 20:4:10,6,-85,34.0448685,-117.2058716,367.20,1.75,WIFI
C8:C6:FE:60:60:A6,Picasso,[WPA2_PSK],2025-3-25 20:4:10,6,-87,34.0448685,-117.2058716,367.20,1.75,WIFI
B0:FC:88:18:1C:D6,SpectrumSetup-D0,[WPA2_PSK],2025-3-25 20:4:10,6,-87,34.0448685,-117.2058716,367.20,1.75,WIFI
FC:12:63:79:6C:79,SpectrumSetup-7B,[WPA2_PSK],2025-3-25 20:4:10,6,-89,34.0448685,-117.2058716,367.20,1.75,WIFI
78:D2:94:0D:66:95,NETGEAR22,[WPA2_PSK],2025-3-25 20:4:11,7,-76,34.0448303,-117.2058487,367.40,1.75,WIFI
E8:9C:25:04:0A:C0,Asus Wifi,[WPA2_PSK],2025-3-25 20:4:11,7,-87,34.0448303,-117.2058487,367.40,1.75,WIFI
BA:39:56:6D:F3:E1,,[WPA2_PSK],2025-3-25 20:4:13,9,-75,34.0448074,-117.2058334,367.40,1.75,WIFI
B6:39:56:6D:F3:E1,ORBI08,[WPA2_PSK],2025-3-25 20:4:13,9,-76,34.0448074,-117.2058334,367.40,1.75,WIFI
B6:39:56:6C:D8:D6,ORBI08,[WPA2_PSK],2025-3-25 20:4:13,9,-77,34.0448074,-117.2058334,367.40,1.75,WIFI
B6:39:56:6D:EF:6D,ORBI08,[WPA2_PSK],2025-3-25 20:4:13,9,-84,34.0448074,-117.2058334,367.40,1.75,WIFI
72:C3:2A:26:83:27,,[WPA2_PSK],2025-3-25 20:4:14,10,-86,34.0447884,-117.2058182,367.40,1.75,WIFI
14:7D:05:E3:52:4B,KALEO'S CASA,[WPA2_PSK],2025-3-25 20:4:15,11,-73,34.0447426,-117.2057877,367.50,1.75,WIFI
60:32:B1:82:54:26,Tangerino,[WPA_WPA2_PSK],2025-3-25 20:4:15,11,-80,34.0447426,-117.2057877,367.50,1.75,WIFI
B0:FC:88:53:0E:2E,TheFellwood,[WPA2_PSK],2025-3-25 20:4:15,11,-82,34.0447426,-117.2057877,367.50,1.75,WIFI
74:37:5F:C9:3A:AF,Spectrum JJ13,[WPA2_PSK],2025-3-25 20:4:15,11,-85,34.0447426,-117.2057877,367.50,1.75,WIFI
48:5D:36:7D:85:BE,verbell106,[WPA2_PSK],2025-3-25 20:4:15,11,-92,34.0447426,-117.2057877,367.50,1.75,WIFI
A8:A2:37:C8:C9:7B,Chicken Little Internet,[WPA2_PSK],2025-3-25 20:4:18,1,-81,34.0445442,-117.2056351,368.00,1.75,WIFI
C0:3C:04:AD:12:7D,SpectrumSetup-77,[WPA2_PSK],2025-3-25 20:4:18,1,-84,34.0445442,-117.2056351,368.00,1.75,WIFI
34:60:F9:C1:11:4A,,[WPA2_PSK],2025-3-25 20:4:22,3,-81,34.0441513,-117.2053070,369.50,1.75,WIFI
AC:15:A2:B2:45:C5,Casa De Locos,[WPA2_PSK],2025-3-25 20:4:22,3,-88,34.0441513,-117.2053070,369.50,1.75,WIFI
38:94:ED:66:C5:40,Simba,[WPA2_PSK],2025-3-25 20:4:23,4,-86,34.0440407,-117.2052078,369.60,1.75,WIFI
DC:EF:09:DD:C0:66,Simba_EXT,[WPA2_PSK],2025-3-25 20:4:23,4,-87,34.0440407,-117.2052078,369.60,1.75,WIFI
A4:11:62:B5:7C:A4,ARLO_VMB_9878899527,[WPA2_PSK],2025-3-25 20:4:23,4,-88,34.0440407,-117.2052078,369.60,1.75,WIFI
B6:95:75:14:4A:E3,Frontier5472,[WPA2_PSK],2025-3-25 20:4:25,6,-86,34.0437927,-117.2050095,370.10,1.75,WIFI
14:EB:B6:2C:2D:72,Frontier5472,[WPA2_PSK],2025-3-25 20:4:25,6,-89,34.0437927,-117.2050095,370.10,1.75,WIFI
9C:4F:5F:97:31:81,furnace booster,[WPA2_PSK],2025-3-25 20:4:25,6,-91,34.0437927,-117.2050095,370.10,1.75,WIFI
5C:E9:31:4C:6D:1E,Frontier2816,[WPA2_PSK],2025-3-25 20:4:28,9,-84,34.0434074,-117.2046890,370.60,1.75,WIFI
9C:3D:CF:F3:87:68,ngHub_319459NB03EC5,[WPA2_PSK],2025-3-25 20:4:30,11,-77,34.0431595,-117.2044907,371.00,1.75,WIFI
84:70:D7:BB:D0:64,,[WPA3_PSK],2025-3-25 20:4:30,11,-81,34.0431595,-117.2044907,371.00,1.75,WIFI
84:70:D7:BB:D0:6A,,[OPEN],2025-3-25 20:4:30,11,-82,34.0431595,-117.2044907,371.00,1.75,WIFI
84:70:D7:BB:D0:67,varol,[WPA2_PSK],2025-3-25 20:4:30,11,-82,34.0431595,-117.2044907,371.00,1.75,WIFI
84:70:D7:B9:1E:84,,[WPA3_PSK],2025-3-25 20:4:30,11,-86,34.0431595,-117.2044907,371.00,1.75,WIFI
84:70:D7:B9:1E:8A,,[OPEN],2025-3-25 20:4:30,11,-86,34.0431595,-117.2044907,371.00,1.75,WIFI
84:70:D7:B9:1E:87,varol,[WPA2_PSK],2025-3-25 20:4:30,11,-88,34.0431595,-117.2044907,371.00,1.75,WIFI
40:5D:82:05:41:A6,ngHub_319459NB03EC5,[WPA2_PSK],2025-3-25 20:4:30,11,-89,34.0431595,-117.2044907,371.00,1.75,WIFI
C8:B4:22:80:7A:06,MySpectrumWiFi08-2G,[WPA2_PSK],2025-3-25 20:4:30,11,-89,34.0431595,-117.2044907,371.00,1.75,WIFI
08:B4:B1:4A:D3:1C,MP Google Wifi,[WPA2_PSK],2025-3-25 20:4:30,11,-92,34.0431595,-117.2044907,371.00,1.75,WIFI
18:E8:29:94:92:95,ponglenis_2,[WPA_WPA2_PSK],2025-3-25 20:4:30,11,-97,34.0431595,-117.2044907,371.00,1.75,WIFI
B0:FC:88:15:FF:26,SpectrumSetup-20,[WPA2_PSK],2025-3-25 20:4:33,1,-70,34.0428848,-117.2042618,371.80,1.75,WIFI
A8:10:87:67:6D:EE,Ring Setup ed,[OPEN],2025-3-25 20:4:33,1,-84,34.0428848,-117.2042618,371.80,1.75,WIFI
80:78:71:07:5F:8E,SpectrumSetup-90,[WPA2_PSK],2025-3-25 20:4:33,1,-86,34.0428848,-117.2042618,371.80,1.75,WIFI
5C:FA:25:C3:DF:7D,SpectrumSetup-77,[WPA2_PSK],2025-3-25 20:4:33,1,-88,34.0428848,-117.2042618,371.80,1.75,WIFI
A0:40:A0:9B:71:A0,NTGR_VMB_1462060993,[WPA2_PSK],2025-3-25 20:4:33,1,-89,34.0428848,-117.2042618,371.80,1.75,WIFI
24:94:CB:1C:BB:98,Frontier7616,[WPA2_PSK],2025-3-25 20:4:33,1,-89,34.0428848,-117.2042618,371.80,1.75,WIFI
B0:95:75:45:BB:35,ls14bw-gar,[WPA_WPA2_PSK],2025-3-25 20:4:35,2,-84,34.0428085,-117.2041245,372.00,1.75,WIFI
B6:95:75:45:BB:35,,[WPA2_PSK],2025-3-25 20:4:35,2,-87,34.0428085,-117.2041245,372.00,1.75,WIFI
C8:9E:43:67:19:C0,zaboura,[WPA2_PSK],2025-3-25 20:4:36,3,-89,34.0428009,-117.2040558,371.70,1.75,WIFI
5C:18:DD:EB:5E:44,,[WPA_WPA2_PSK],2025-3-25 20:4:37,4,-73,34.0428162,-117.2039948,371.80,1.75,WIFI
04:95:E6:3D:6F:F4,Rufus,[WPA2_PSK],2025-3-25 20:4:38,5,-88,34.0428391,-117.2039337,371.70,1.75,WIFI
D4:3F:32:7C:82:63,,[WPA3_PSK],2025-3-25 20:4:39,6,-79,34.0428772,-117.2038727,371.70,1.75,WIFI
D4:3F:32:7C:82:66,Tres Palmas ,[WPA2_PSK],2025-3-25 20:4:39,6,-79,34.0428772,-117.2038727,371.70,1.75,WIFI
D4:3F:32:7C:82:69,,[OPEN],2025-3-25 20:4:39,6,-82,34.0428772,-117.2038727,371.70,1.75,WIFI
BE:D7:D4:EA:AC:28,,[WPA2_PSK],2025-3-25 20:4:39,6,-86,34.0428772,-117.2038727,371.70,1.75,WIFI
FC:DB:21:74:9E:A4,Samsara Wifi,[WPA2_WPA3_PSK],2025-3-25 20:4:39,6,-90,34.0428772,-117.2038727,371.70,1.75,WIFI
84:1E:A3:28:D2:96,Redlands 2.4/5,[WPA2_PSK],2025-3-25 20:4:39,6,-91,34.0428772,-117.2038727,371.70,1.75,WIFI
56:13:79:C7:1D:8E,DIRECT-8e-HP M281 LaserJet,[WPA2_PSK],2025-3-25 20:4:39,6,-93,34.0428772,-117.2038727,371.70,1.75,WIFI
14:59:C0:A1:9A:88,Hemingway2,[WPA2_PSK],2025-3-25 20:4:42,9,-82,34.0430183,-117.2036057,370.90,1.75,WIFI
50:27:A9:65:38:45,Blossom Baby,[WPA2_PSK],2025-3-25 20:4:44,11,-69,34.0431290,-117.2034225,370.60,1.75,WIFI
50:27:A9:65:38:43,,[WPA3_PSK],2025-3-25 20:4:44,11,-69,34.0431290,-117.2034225,370.60,1.75,WIFI
50:27:A9:65:38:47,,[OPEN],2025-3-25 20:4:44,11,-70,34.0431290,-117.2034225,370.60,1.75,WIFI
34:60:F9:99:15:56,TP-Link_Extender,[WPA2_PSK],2025-3-25 20:4:44,11,-71,34.0431290,-117.2034225,370.60,1.75,WIFI
40:5D:82:0A:57:70,ngHub_31945BNW0AFBC,[WPA2_PSK],2025-3-25 20:4:44,11,-75,34.0431290,-117.2034225,370.60,1.75,WIFI
78:D6:D6:86:3E:05,Blossom Baby,[WPA2_PSK],2025-3-25 20:4:44,11,-79,34.0431290,-117.2034225,370.60,1.75,WIFI
02:17:1A:D5:37:06,,[WPA2_PSK],2025-3-25 20:4:44,11,-80,34.0431290,-117.2034225,370.60,1.75,WIFI
78:D6:D6:86:3E:07,,[OPEN],2025-3-25 20:4:44,11,-82,34.0431290,-117.2034225,370.60,1.75,WIFI
E0:70:EA:7C:60:03,DIRECT-02-HP DeskJet 3700 series,[WPA2_PSK],2025-3-25 20:4:44,11,-83,34.0431290,-117.2034225,370.60,1.75,WIFI
00:17:1A:D5:37:06,Winegard2ghzD53705,[WPA2_PSK],2025-3-25 20:4:44,11,-83,34.0431290,-117.2034225,370.60,1.75,WIFI
04:17:B6:86:AE:93,,[WPA_WPA2_PSK],2025-3-25 20:4:44,11,-84,34.0431290,-117.2034225,370.60,1.75,WIFI
78:D6:D6:6E:8E:87,,[OPEN],2025-3-25 20:4:44,11,-85,34.0431290,-117.2034225,370.60,1.75,WIFI
78:D6:D6:6E:8E:85,Blossom Baby,[WPA2_PSK],2025-3-25 20:4:44,11,-89,34.0431290,-117.2034225,370.60,1.75,WIFI
40:47:5E:31:7E:E3,,[WPA3_PSK],2025-3-25 20:4:47,1,-63,34.0432816,-117.2031403,370.50,1.75,WIFI
40:47:5E:31:7E:E6,chairez,[WPA2_PSK],2025-3-25 20:4:47,1,-64,34.0432816,-117.2031403,370.50,1.75,WIFI
40:47:5E:31:7E:E9,,[OPEN],2025-3-25 20:4:47,1,-64,34.0432816,-117.2031403,370.50,1.75,WIFI
A0:7F:8A:22:5E:A3,Malloy1412,[WPA2_PSK],2025-3-25 20:4:47,1,-77,34.0432816,-117.2031403,370.50,1.75,WIFI
C4:04:15:1F:1D:15,NETGEAR12,[WPA2_PSK],2025-3-25 20:4:47,1,-82,34.0432816,-117.2031403,370.50,1.75,WIFI
FC:12:63:A1:77:85,SpectrumSetup-87,[WPA2_PSK],2025-3-25 20:4:47,1,-83,34.0432816,-117.2031403,370.50,1.75,WIFI
78:D2:94:56:98:E5,NETGEAR12_2GEXT,[WPA2_PSK],2025-3-25 20:4:47,1,-87,34.0432816,-117.2031403,370.50,1.75,WIFI
98:ED:5C:83:A7:13,TeslaPV_83A713,[WPA2_PSK],2025-3-25 20:4:50,3,-89,34.0434303,-117.2028809,369.90,1.75,WIFI
C6:A5:11:13:55:77,,[WPA2_PSK],2025-3-25 20:4:51,4,-69,34.0434799,-117.2027969,369.80,1.75,WIFI
30:60:0A:40:9D:00,,[WPA_WPA2_PSK],2025-3-25 20:4:51,4,-70,34.0434799,-117.2027969,369.80,1.75,WIFI
C2:A5:11:13:4D:0C,ORBI42,[WPA2_PSK],2025-3-25 20:4:51,4,-71,34.0434799,-117.2027969,369.80,1.75,WIFI
C2:A5:11:13:55:77,ORBI42,[WPA2_PSK],2025-3-25 20:4:51,4,-75,34.0434799,-117.2027969,369.80,1.75,WIFI
8E:49:62:AB:BC:7A,,[WPA2_PSK],2025-3-25 20:4:53,6,-81,34.0435867,-117.2026291,369.40,1.75,WIFI
68:4A:76:69:0F:07,,[OPEN],2025-3-25 20:4:53,6,-89,34.0435867,-117.2026291,369.40,1.75,WIFI
90:CA:FA:9B:59:3C,The Force,[WPA2_PSK],2025-3-25 20:4:53,6,-90,34.0435867,-117.2026291,369.40,1.75,WIFI
08:B4:B1:A2:92:50,setup92500,[WPA2_PSK],2025-3-25 20:4:53,6,-90,34.0435867,-117.2026291,369.40,1.75,WIFI
68:4A:76:69:0F:03,,[WPA3_PSK],2025-3-25 20:4:53,6,-91,34.0435867,-117.2026291,369.40,1.75,WIFI
68:4A:76:69:0F:05,LA Kings,[WPA2_PSK],2025-3-25 20:4:53,6,-92,34.0435867,-117.2026291,369.40,1.75,WIFI
C0:6F:98:6F:88:E9,,[OPEN],2025-3-25 20:4:58,11,-79,34.0438232,-117.2021866,368.80,1.75,WIFI
C0:6F:98:6F:88:E6,ORBI,[WPA2_PSK],2025-3-25 20:4:58,11,-79,34.0438232,-117.2021866,368.80,1.75,WIFI
C0:6F:98:6F:88:E3,,[WPA3_PSK],2025-3-25 20:4:58,11,-80,34.0438232,-117.2021866,368.80,1.75,WIFI
40:70:09:E3:0C:10,TG1672G12,[WPA2_PSK],2025-3-25 20:4:58,11,-83,34.0438232,-117.2021866,368.80,1.75,WIFI
C0:6F:98:6F:88:EF,ORBI42 Guest,[WPA2_PSK],2025-3-25 20:4:58,11,-84,34.0438232,-117.2021866,368.80,1.75,WIFI
40:2B:50:7E:B7:48,Golfdude,[WPA2_PSK],2025-3-25 20:4:58,11,-85,34.0438232,-117.2021866,368.80,1.75,WIFI
02:13:37:AA:3A:34,manage,[WPA2_PSK],2025-3-25 20:4:58,11,-88,34.0438232,-117.2021866,368.80,1.75,WIFI
C8:A7:0A:B5:C5:4C,FiOS-HEE3G,[WPA2_PSK],2025-3-25 20:4:58,11,-89,34.0438232,-117.2021866,368.80,1.75,WIFI
00:13:37:AA:3A:34,Redlands Free WiFi,[OPEN],2025-3-25 20:4:58,11,-90,34.0438232,-117.2021866,368.80,1.75,WIFI
F8:5B:3B:CE:64:39,MandC,[WPA2_PSK],2025-3-25 20:4:58,11,-92,34.0438232,-117.2021866,368.80,1.75,WIFI
A4:97:33:4C:EC:5D,SpectrumSetup-5F,[WPA2_PSK],2025-3-25 20:4:58,11,-92,34.0438232,-117.2021866,368.80,1.75,WIFI
24:7F:20:BE:0C:AE,MySpectrumWiFia8-2G,[WPA2_PSK],2025-3-25 20:4:58,11,-92,34.0438232,-117.2021866,368.80,1.75,WIFI
FE:01:7C:42:A5:3A,DIRECT-3a-HP M227f LaserJet,[WPA2_PSK],2025-3-25 20:4:58,11,-93,34.0438232,-117.2021866,368.80,1.75,WIFI
48:5D:36:67:F6:2C,FiOS-BRNLM,[WPA2_PSK],2025-3-25 20:4:58,11,-96,34.0438232,-117.2021866,368.80,1.75,WIFI
58:68:7A:10:AF:16,Cookie,[WPA2_WPA3_PSK],2025-3-25 20:4:59,1,-74,34.0438690,-117.2020950,368.70,1.75,WIFI
2C:67:BE:09:97:EF,SpectrumSetup-97EB,[WPA2_PSK],2025-3-25 20:4:59,1,-78,34.0438690,-117.2020950,368.70,1.75,WIFI
9A:0C:7A:D4:2C:F8,SpectrumSetup-97EB,[WPA2_PSK],2025-3-25 20:4:59,1,-80,34.0438690,-117.2020950,368.70,1.75,WIFI
AA:0C:7A:D4:3E:98,,[WPA2_PSK],2025-3-25 20:4:59,1,-82,34.0438690,-117.2020950,368.70,1.75,WIFI
FC:34:97:05:D4:D0,Belle-2G,[WPA2_PSK],2025-3-25 20:5:4,2,-87,34.0440979,-117.2016525,368.30,1.75,WIFI
60:32:B1:31:E8:12,DECO,[WPA2_PSK],2025-3-25 20:5:5,3,-83,34.0441399,-117.2015762,368.20,1.75,WIFI
60:32:B1:31:F2:2A,DECO,[WPA2_PSK],2025-3-25 20:5:5,3,-87,34.0441399,-117.2015762,368.20,1.75,WIFI
90:CA:FA:9B:5D:1A,The Force,[WPA2_PSK],2025-3-25 20:5:8,6,-74,34.0442200,-117.2013931,368.30,1.75,WIFI
D4:3F:32:6C:47:C3,,[WPA3_PSK],2025-3-25 20:5:8,6,-77,34.0442200,-117.2013931,368.30,1.75,WIFI
A4:11:62:72:9A:12,ARLO_VMB_4422026869,[WPA2_PSK],2025-3-25 20:5:8,6,-77,34.0442200,-117.2013931,368.30,1.75,WIFI
86:69:1A:94:41:B4,,[WPA2_WPA3_PSK],2025-3-25 20:5:11,9,-88,34.0443230,-117.2013092,368.00,1.75,WIFI
5C:62:8B:EE:D2:82,,[WPA_WPA2_PSK],2025-3-25 20:5:11,9,-94,34.0443230,-117.2013092,368.00,1.75,WIFI
5E:62:8B:2E:D2:82,TheKrellMainframe,[WPA2_PSK],2025-3-25 20:5:11,9,-94,34.0443230,-117.2013092,368.00,1.75,WIFI
D4:05:DE:89:EE:67,Honn,[WPA2_PSK],2025-3-25 20:5:13,11,-73,34.0443611,-117.2012711,367.80,1.75,WIFI
D4:05:DE:89:EE:64,,[WPA3_PSK],2025-3-25 20:5:13,11,-73,34.0443611,-117.2012711,367.80,1.75,WIFI
D4:05:DE:89:EE:6A,,[OPEN],2025-3-25 20:5:13,11,-74,34.0443611,-117.2012711,367.80,1.75,WIFI
F4:52:46:1D:8C:B9,SpectrumSetup-BB,[WPA2_PSK],2025-3-25 20:5:13,11,-82,34.0443611,-117.2012711,367.80,1.75,WIFI
22:3E:A4:04:CF:C2,,[WPA2_PSK],2025-3-25 20:5:13,11,-82,34.0443611,-117.2012711,367.80,1.75,WIFI
9C:0B:05:C3:67:C4,,[WPA3_PSK],2025-3-25 20:5:13,11,-82,34.0443611,-117.2012711,367.80,1.75,WIFI
9C:0B:05:C3:67:CA,,[OPEN],2025-3-25 20:5:13,11,-82,34.0443611,-117.2012711,367.80,1.75,WIFI
9C:0B:05:C3:67:C7,GeorgeYaz,[WPA2_PSK],2025-3-25 20:5:13,11,-89,34.0443611,-117.2012711,367.80,1.75,WIFI
00:C8:96:B2:DC:40,,[WPA_WPA2_PSK],2025-3-25 20:5:13,11,-91,34.0443611,-117.2012711,367.80,1.75,WIFI
22:3E:A4:9C:D0:7F,,[WPA2_PSK],2025-3-25 20:5:13,11,-92,34.0443611,-117.2012711,367.80,1.75,WIFI
90:CA:FA:9B:5C:CF,The Force,[WPA2_PSK],2025-3-25 20:5:14,1,-77,34.0443687,-117.2012482,367.90,1.75,WIFI
9A:0C:7A:D4:3E:98,SpectrumSetup-97EB,[WPA2_PSK],2025-3-25 20:5:14,1,-88,34.0443687,-117.2012482,367.90,1.75,WIFI
8A:0C:7A:D4:3E:98,,[WPA2_PSK],2025-3-25 20:5:14,1,-89,34.0443687,-117.2012482,367.90,1.75,WIFI
66:32:B1:31:E8:12,,[WPA2_PSK],2025-3-25 20:5:19,3,-87,34.0443840,-117.2011795,368.10,1.75,WIFI
66:32:B1:31:E3:3E,,[WPA2_PSK],2025-3-25 20:5:19,3,-88,34.0443840,-117.2011795,368.10,1.75,WIFI
C6:A5:11:13:4D:0C,,[WPA2_PSK],2025-3-25 20:5:20,4,-85,34.0443878,-117.2011795,368.00,1.75,WIFI
86:69:1A:94:41:18,,[WPA2_WPA3_PSK],2025-3-25 20:5:20,4,-86,34.0443878,-117.2011795,368.00,1.75,WIFI
