WigleWifi-1.4,appRelease=v1.2.0,model=ESP32 Marauder,release=v1.2.0,device=ESP32 Marauder,display=SPI TFT,board=ESP32 Marauder,brand=JustCallMeKoko
MAC,SSID,AuthMode,FirstSeen,Channel,RSSI,CurrentLatitude,CurrentLongitude,AltitudeMeters,AccuracyMeters,Type
90:CA:FA:9B:59:3C,The Force,[WPA2_PSK],2025-12-16 15:4:49,6,-87,34.0444145,-117.2011795,377.80,2.75,WIFI
A4:11:62:72:9A:12,ARLO_VMB_4422026869,[WPA2_PSK],2025-12-16 15:4:49,6,-91,34.0444145,-117.2011795,377.80,2.75,WIFI
98:ED:5C:83:A7:13,TeslaPV_83A713,[WPA2_PSK],2025-12-16 15:5:0,3,-84,34.0444145,-117.2011795,377.10,2.75,WIFI
90:CA:FA:9B:5D:1A,The Force,[WPA2_PSK],2025-12-16 15:5:3,6,-91,34.0444145,-117.2011795,376.90,2.75,WIFI
90:CA:FA:9B:5C:CF,The Force,[WPA2_PSK],2025-12-16 15:5:22,11,-89,34.0444107,-117.2011795,375.60,2.75,WIFI
F4:52:46:1D:8C:B9,Gaston,[WPA2_PSK],2025-12-16 15:5:25,1,-95,34.0444107,-117.2011795,375.50,2.75,WIFI
D4:3F:32:6C:47:C6,durian,[WPA2_PSK],2025-12-16 15:5:31,6,-88,34.0444107,-117.2011795,375.10,2.50,WIFI
80:78:71:80:F3:1F,SpectrumSetup-21,[WPA2_PSK],2025-12-16 15:6:13,6,-91,34.0443687,-117.2013016,373.00,2.50,WIFI
9A:0C:7A:D4:2C:F8,SpectrumSetup-97EB,[WPA2_PSK],2025-12-16 15:6:18,11,-95,34.0444031,-117.2013092,372.60,2.50,WIFI
D6:47:CC:7F:68:AE,SpectrumSetup-21,[WPA2_PSK],2025-12-16 15:6:18,11,-95,34.0444031,-117.2013092,372.60,2.50,WIFI
74:AC:B9:BD:CB:D1,BT_Magnolia,[WPA2_PSK],2025-12-16 15:6:27,6,-93,34.0447845,-117.2016678,370.40,2.50,WIFI
FC:34:97:05:D4:D0,Belle-2G,[WPA2_PSK],2025-12-16 15:6:30,9,-90,34.0449104,-117.2017593,369.60,2.50,WIFI
FC:34:97:05:D4:D1,BeOurGuest,[WPA2_WPA3_PSK],2025-12-16 15:6:30,9,-91,34.0449104,-117.2017593,369.60,2.50,WIFI
A0:04:60:CE:27:A6,NETGEAR76,[WPA2_PSK],2025-12-16 15:6:49,1,-86,34.0452576,-117.2009430,367.40,2.50,WIFI
9C:C8:FC:01:AE:48,Roberts,[WPA2_PSK],2025-12-16 15:6:49,1,-89,34.0452576,-117.2009430,367.40,2.50,WIFI
58:2F:F7:75:40:C6,SpectrumSetup-C0,[WPA2_PSK],2025-12-16 15:6:55,6,-87,34.0447884,-117.2005768,367.90,2.50,WIFI
18:A9:ED:55:E5:89,,[OPEN],2025-12-16 15:7:9,6,-80,34.0435867,-117.1996231,371.70,2.50,WIFI
18:A9:ED:55:E5:83,,[WPA3_PSK],2025-12-16 15:7:9,6,-81,34.0435867,-117.1996231,371.70,2.50,WIFI
2C:67:BE:5A:C0:20,SpectrumSetup-52F8,[WPA2_PSK],2025-12-16 15:7:9,6,-94,34.0435867,-117.1996231,371.70,2.50,WIFI
98:F7:81:E8:DA:18,Frontier5104,[WPA2_PSK],2025-12-16 15:7:15,11,-94,34.0434341,-117.1995010,372.60,2.50,WIFI
94:F7:17:7D:71:18,,[WPA_WPA2_PSK],2025-12-16 15:7:18,1,-89,34.0433121,-117.1994019,372.10,2.50,WIFI
A0:8A:06:FF:4E:51,SpectrumSetup-4E54,[WPA2_PSK],2025-12-16 15:7:24,6,-87,34.0429230,-117.1990891,372.80,2.50,WIFI
10:C3:7B:D3:2F:10,ASUS_24GHz,[WPA2_PSK],2025-12-16 15:7:24,6,-96,34.0429230,-117.1990891,372.80,2.50,WIFI
24:F3:E3:60:1B:09,,[OPEN],2025-12-16 15:7:29,11,-85,34.0424843,-117.1987457,374.10,2.50,WIFI
24:F3:E3:60:1B:03,,[WPA3_PSK],2025-12-16 15:7:29,11,-86,34.0424843,-117.1987457,374.10,2.50,WIFI
94:F7:17:83:E6:60,,[WPA_WPA2_PSK],2025-12-16 15:7:32,1,-95,34.0421906,-117.1985092,374.90,2.50,WIFI
6C:CD:D6:E2:9D:01,SLAWSOMENESS,[WPA2_PSK],2025-12-16 15:7:35,3,-82,34.0418854,-117.1982727,376.20,2.50,WIFI
72:CD:D6:E2:9D:01,,[WPA2_PSK],2025-12-16 15:7:35,3,-85,34.0418854,-117.1982727,376.20,2.50,WIFI
6C:CD:D6:E2:F6:5A,,[WPA2_PSK],2025-12-16 15:7:35,3,-90,34.0418854,-117.1982727,376.20,2.50,WIFI
C8:C6:FE:77:BA:C3,,[WPA3_PSK],2025-12-16 15:7:38,6,-87,34.0415726,-117.1980133,378.10,2.50,WIFI
C8:C6:FE:77:BA:C9,,[OPEN],2025-12-16 15:7:38,6,-87,34.0415726,-117.1980133,378.10,2.50,WIFI
C8:C6:FE:77:BA:C6,frontier,[WPA2_PSK],2025-12-16 15:7:38,6,-87,34.0415726,-117.1980133,378.10,2.50,WIFI
24:2D:6C:23:71:05,,[WPA3_PSK],2025-12-16 15:7:46,1,-88,34.0407791,-117.1973953,385.00,2.00,WIFI
24:2D:6C:23:71:08,Frontier0536,[WPA2_PSK],2025-12-16 15:7:46,1,-90,34.0407791,-117.1973953,385.00,2.00,WIFI
F0:B6:61:B4:94:44,,[WPA3_PSK],2025-12-16 15:7:57,11,-91,34.0403557,-117.1970596,386.60,2.00,WIFI
B0:39:56:4F:60:89,NETGEAR43,[WPA2_PSK],2025-12-16 15:8:3,3,-93,34.0399513,-117.1968231,387.70,2.00,WIFI
A0:55:1F:15:A5:39,SpectrumSetup-A533,[WPA2_PSK],2025-12-16 15:8:6,6,-93,34.0396881,-117.1966400,389.40,2.00,WIFI
10:0C:6B:FF:99:59,,[WPA2_PSK],2025-12-16 15:8:8,8,-93,34.0395164,-117.1965027,390.80,2.00,WIFI
16:0C:6B:FF:99:59,SpectrumSetup-07,[WPA2_PSK],2025-12-16 15:8:8,8,-93,34.0395164,-117.1965027,390.80,2.00,WIFI
1A:0C:6B:FF:99:59,SpectrumSetup-07-Guest,[WPA2_PSK],2025-12-16 15:8:8,8,-94,34.0395164,-117.1965027,390.80,2.00,WIFI
44:AC:85:65:18:A3,,[WPA3_PSK],2025-12-16 15:8:11,11,-81,34.0392647,-117.1963043,393.00,2.00,WIFI
44:AC:85:65:18:A9,,[OPEN],2025-12-16 15:8:11,11,-81,34.0392647,-117.1963043,393.00,2.00,WIFI
8C:85:80:DB:4F:32,,[WPA_WPA2_PSK],2025-12-16 15:8:16,2,-93,34.0388870,-117.1959991,395.90,2.00,WIFI
08:7B:12:62:1F:C6,SpectrumSetup-C0,[WPA2_PSK],2025-12-16 15:8:39,11,-81,34.0373917,-117.1948166,404.20,2.00,WIFI
88:6A:E3:9B:A3:DE,tl9ba3de,[WPA2_PSK],2025-12-16 15:8:39,11,-90,34.0373917,-117.1948166,404.20,2.00,WIFI
7C:7E:F9:54:02:74,Pooleportal,[WPA2_PSK],2025-12-16 15:8:48,6,-85,34.0368919,-117.1944046,406.60,2.00,WIFI
7C:7E:F9:54:02:72,,[WPA3_PSK],2025-12-16 15:8:48,6,-88,34.0368919,-117.1944046,406.60,2.00,WIFI
7C:7E:F9:54:02:76,,[OPEN],2025-12-16 15:8:48,6,-88,34.0368919,-117.1944046,406.60,2.00,WIFI
FC:B2:D6:C7:81:1C,,[WPA_WPA2_PSK],2025-12-16 15:8:56,1,-97,34.0361938,-117.1938477,410.70,2.00,WIFI
AC:EC:85:D1:7D:54,My Glorified Dial-Up,[WPA2_PSK],2025-12-16 15:9:2,6,-83,34.0357666,-117.1935120,413.90,2.00,WIFI
AC:EC:85:D1:7D:52,,[WPA3_PSK],2025-12-16 15:9:2,6,-83,34.0357666,-117.1935120,413.90,2.00,WIFI
AC:EC:85:D1:7D:56,,[OPEN],2025-12-16 15:9:2,6,-83,34.0357666,-117.1935120,413.90,2.00,WIFI
1C:F2:9A:7B:41:D1,DisneyHouse,[WPA2_PSK],2025-12-16 15:9:2,6,-95,34.0357666,-117.1935120,413.90,2.00,WIFI
CA:B4:98:2A:F5:BD,Lake House,[WPA2_PSK],2025-12-16 15:9:2,6,-96,34.0357666,-117.1935120,413.90,2.00,WIFI
74:93:DA:44:EF:11,SpectrumSetup-13,[WPA2_PSK],2025-12-16 15:9:7,11,-83,34.0355263,-117.1933212,414.70,2.00,WIFI
F0:B6:61:AF:19:E4,,[WPA3_PSK],2025-12-16 15:9:7,11,-87,34.0355263,-117.1933212,414.70,2.00,WIFI
F0:B6:61:AF:19:EA,,[OPEN],2025-12-16 15:9:7,11,-88,34.0355263,-117.1933212,414.70,2.00,WIFI
F0:B6:61:AF:19:E7,Casa_Madrigal,[WPA2_PSK],2025-12-16 15:9:7,11,-89,34.0355263,-117.1933212,414.70,2.00,WIFI
F0:B6:61:21:C6:47,Casa_Madrigal,[WPA2_PSK],2025-12-16 15:9:7,11,-92,34.0355263,-117.1933212,414.70,2.00,WIFI
C8:7F:54:24:3F:B4,Big Time,[WPA2_PSK],2025-12-16 15:9:18,8,-86,34.0347023,-117.1925278,420.30,2.00,WIFI
24:F3:E3:F2:23:09,,[OPEN],2025-12-16 15:9:21,11,-87,34.0345345,-117.1923218,422.60,2.00,WIFI
24:F3:E3:F2:23:06,Frontier800,[WPA2_PSK],2025-12-16 15:9:21,11,-88,34.0345345,-117.1923218,422.60,2.00,WIFI
60:D5:61:00:13:E4,,[WPA2_PSK],2025-12-16 15:9:37,13,-92,34.0338058,-117.1917038,426.50,2.00,WIFI
D8:47:32:C1:A0:8D,Home_2.4,[WPA2_PSK],2025-12-16 15:9:39,2,-92,34.0336456,-117.1915741,427.20,2.00,WIFI
8A:37:86:D8:5C:D8,Wi(ld) Fi(re)-Guest,[WPA2_PSK],2025-12-16 15:9:41,4,-94,34.0334854,-117.1914673,427.90,2.00,WIFI
B0:E4:D5:4D:52:E1,TheShire,[WPA2_PSK],2025-12-16 15:9:48,11,-83,34.0328865,-117.1912766,431.90,2.00,WIFI
22:48:6C:5D:21:D6,,[WPA2_PSK],2025-12-16 15:9:51,1,-80,34.0326118,-117.1912613,433.00,2.00,WIFI
F4:52:46:89:68:6B,SpectrumSetup-686E,[WPA2_PSK],2025-12-16 15:9:51,1,-89,34.0326118,-117.1912613,433.00,2.00,WIFI
A8:B0:88:33:92:66,,[WPA3_PSK],2025-12-16 15:9:58,6,-91,34.0320053,-117.1912384,438.80,2.00,WIFI
A8:B0:88:33:92:6A,,[OPEN],2025-12-16 15:9:58,6,-91,34.0320053,-117.1912384,438.80,2.00,WIFI
34:DB:9C:6C:3C:F6,MySpectrumWiFif0-2G,[WPA2_PSK],2025-12-16 15:10:6,1,-88,34.0318718,-117.1912155,439.20,2.00,WIFI
A8:B0:88:33:92:68,Frontier3616,[WPA2_PSK],2025-12-16 15:10:12,6,-83,34.0318680,-117.1912155,439.10,2.00,WIFI
74:DA:88:6F:32:AE,FiOS-QBK7L_EXT,[WPA_WPA2_PSK],2025-12-16 15:10:22,2,-92,34.0317993,-117.1910706,439.40,2.00,WIFI
68:94:23:24:A7:DB,HP-Print-db-LaserJet 200,[WPA2_PSK],2025-12-16 15:10:26,6,-93,34.0318108,-117.1906357,438.00,2.00,WIFI
8C:61:A3:01:7F:15,MySpectrumWiFi14-2G,[WPA2_PSK],2025-12-16 15:10:34,1,-84,34.0318298,-117.1897964,436.80,2.00,WIFI
CC:CF:83:AA:6E:84,,[WPA_WPA2_PSK],2025-12-16 15:10:34,1,-88,34.0318298,-117.1897964,436.80,2.00,WIFI
94:3C:96:F8:3B:36,Frontier1000,[WPA2_PSK],2025-12-16 15:10:34,1,-92,34.0318298,-117.1897964,436.80,2.00,WIFI
F6:9F:C2:F4:32:8C,,[WPA2_PSK],2025-12-16 15:10:41,7,-88,34.0318451,-117.1890030,437.50,2.00,WIFI
F0:9F:C2:F4:5F:73,MAS,[WPA2_PSK],2025-12-16 15:10:45,11,-92,34.0319824,-117.1885529,436.70,2.00,WIFI
38:2C:4A:94:4B:B0,BORENHOUSE,[WPA2_PSK],2025-12-16 15:10:50,2,-84,34.0323257,-117.1879654,435.50,2.00,WIFI
90:D3:CF:02:27:DB,SpectrumSetup-27DE,[WPA2_PSK],2025-12-16 15:10:54,6,-92,34.0325928,-117.1874771,434.40,2.00,WIFI
9C:05:D6:F4:71:5A,WiFi'd and Dangerous,[WPA2_WPA3_PSK],2025-12-16 15:11:2,1,-92,34.0331573,-117.1864700,430.60,2.00,WIFI
AA:05:D6:F4:71:5A,,[WPA2_PSK],2025-12-16 15:11:2,1,-93,34.0331573,-117.1864700,430.60,2.00,WIFI
F0:7B:65:F1:27:E8,SpectrumSetup-27E2,[WPA2_PSK],2025-12-16 15:11:13,11,-96,34.0339050,-117.1851273,430.10,2.00,WIFI
66:32:B1:75:61:21,map2,[WPA2_PSK],2025-12-16 15:11:20,4,-90,34.0343742,-117.1842804,431.80,2.00,WIFI
60:32:B1:75:61:21,,[WPA2_PSK],2025-12-16 15:11:20,4,-95,34.0343742,-117.1842804,431.80,2.00,WIFI
F4:69:42:EC:65:55,SpectrumSetup-57,[WPA2_PSK],2025-12-16 15:11:22,6,-81,34.0345192,-117.1840210,431.90,2.00,WIFI
94:91:7F:A0:06:E5,MySpectrumWiFie7-2G,[WPA2_PSK],2025-12-16 15:11:22,6,-92,34.0345192,-117.1840210,431.90,2.00,WIFI
40:47:5E:4E:7A:03,,[WPA3_PSK],2025-12-16 15:11:36,6,-85,34.0355682,-117.1821289,431.90,2.00,WIFI
DC:69:B5:38:E5:4F,Lyle Family Internet  Guest,[WPA2_PSK],2025-12-16 15:11:36,6,-86,34.0355682,-117.1821289,431.90,2.00,WIFI
40:47:5E:4E:7A:09,,[OPEN],2025-12-16 15:11:36,6,-86,34.0355682,-117.1821289,431.90,2.00,WIFI
DC:69:B5:38:E5:46,Lyle Family Internet ,[WPA2_PSK],2025-12-16 15:11:36,6,-87,34.0355682,-117.1821289,431.90,2.00,WIFI
FC:3F:A6:26:B3:A3,,[WPA3_PSK],2025-12-16 15:11:36,6,-87,34.0355682,-117.1821289,431.90,2.00,WIFI
FC:3F:A6:26:B3:A9,,[OPEN],2025-12-16 15:11:36,6,-87,34.0355682,-117.1821289,431.90,2.00,WIFI
40:47:5E:4E:7A:06,Maderowifi,[WPA2_PSK],2025-12-16 15:11:36,6,-87,34.0355682,-117.1821289,431.90,2.00,WIFI
FC:3F:A6:26:B3:A6,Maderowifi,[WPA2_PSK],2025-12-16 15:11:36,6,-89,34.0355682,-117.1821289,431.90,2.00,WIFI
9C:4F:5F:73:FD:D7,Highland House,[WPA2_PSK],2025-12-16 15:11:36,6,-91,34.0355682,-117.1821289,431.90,2.00,WIFI
FC:AE:34:C6:D4:5D,Frontier0480,[WPA2_PSK],2025-12-16 15:11:41,11,-96,34.0359573,-117.1814346,433.50,2.00,WIFI
64:67:72:56:B3:F9,Murray Brand,[WPA2_PSK],2025-12-16 15:12:12,1,-96,34.0373535,-117.1788940,437.00,2.00,WIFI
F0:B6:61:5F:CB:AA,,[OPEN],2025-12-16 15:12:23,11,-92,34.0380783,-117.1775742,436.00,2.00,WIFI
F0:B6:61:5F:CB:A4,,[WPA3_PSK],2025-12-16 15:12:23,11,-93,34.0380783,-117.1775742,436.00,2.00,WIFI
F0:B6:61:5F:CB:A7,Stein,[WPA2_PSK],2025-12-16 15:12:23,11,-93,34.0380783,-117.1775742,436.00,2.00,WIFI
96:3B:AD:CA:EF:0C,,[WPA2_PSK],2025-12-16 15:12:29,3,-93,34.0385323,-117.1767578,435.50,2.00,WIFI
B6:29:48:25:4D:E6,Can you count suckers?,[WPA2_PSK],2025-12-16 15:12:44,4,-90,34.0396423,-117.1747513,439.70,2.00,WIFI
18:1B:EB:9D:77:8B,FiOS-2M7HS,[WPA2_PSK],2025-12-16 15:12:53,1,-91,34.0402679,-117.1736069,441.90,2.00,WIFI
4C:19:5D:30:09:4B,SpectrumSetup-45,[WPA2_PSK],2025-12-16 15:13:7,1,-93,34.0411453,-117.1720276,445.20,2.00,WIFI
0E:19:5D:30:09:4D,,[WPA2_PSK],2025-12-16 15:13:7,1,-94,34.0411453,-117.1720276,445.20,2.00,WIFI
10:2C:B1:8C:FA:28,,[WPA_WPA2_PSK],2025-12-16 15:13:14,6,-94,34.0412865,-117.1717758,445.30,2.00,WIFI
34:49:5B:C0:8F:B6,MySpectrumWiFib0-2G,[WPA2_PSK],2025-12-16 15:13:14,6,-96,34.0412865,-117.1717758,445.30,2.00,WIFI
E8:D2:FF:B2:42:BE,SpectrumSetup-B8,[WPA2_PSK],2025-12-16 15:13:21,1,-79,34.0415573,-117.1712875,444.40,2.00,WIFI
84:A0:6E:D2:70:06,MySpectrumWiFi00-2G,[WPA2_PSK],2025-12-16 15:13:21,1,-91,34.0415573,-117.1712875,444.40,2.00,WIFI
9C:0B:05:5C:74:C4,,[WPA3_PSK],2025-12-16 15:13:28,6,-80,34.0420151,-117.1704483,442.90,2.00,WIFI
9C:0B:05:5C:74:CA,,[OPEN],2025-12-16 15:13:28,6,-80,34.0420151,-117.1704483,442.90,2.00,WIFI
9C:0B:05:5C:74:C7,DBCVCC,[WPA2_PSK],2025-12-16 15:13:28,6,-80,34.0420151,-117.1704483,442.90,2.00,WIFI
FC:12:63:81:CB:D9,SpectrumSetup-DB,[WPA2_PSK],2025-12-16 15:13:28,6,-95,34.0420151,-117.1704483,442.90,2.00,WIFI
16:0C:6B:35:37:56,ORBI74,[WPA2_PSK],2025-12-16 15:13:31,9,-92,34.0422287,-117.1700668,441.70,2.00,WIFI
10:0C:6B:35:37:56,,[WPA2_PSK],2025-12-16 15:13:31,9,-94,34.0422287,-117.1700668,441.70,2.00,WIFI
66:67:72:22:92:C8,Cove,[WPA2_WPA3_PSK],2025-12-16 15:13:39,3,-83,34.0428276,-117.1689758,439.00,2.00,WIFI
66:67:72:12:92:C8,Mesh,[WPA2_WPA3_PSK],2025-12-16 15:13:39,3,-84,34.0428276,-117.1689758,439.00,2.00,WIFI
54:21:60:18:EB:41,Alula18EB40,[WPA_WPA2_PSK],2025-12-16 15:13:41,5,-95,34.0429802,-117.1686935,439.20,2.00,WIFI
A4:97:33:B5:02:89,Itsgoingon,[WPA2_PSK],2025-12-16 15:13:42,6,-91,34.0430565,-117.1685562,439.30,2.00,WIFI
F6:93:DA:BB:08:39,,[WPA2_PSK],2025-12-16 15:13:42,6,-92,34.0430565,-117.1685562,439.30,2.00,WIFI
74:93:DA:BB:08:39,SpectrumSetup-3B,[WPA2_PSK],2025-12-16 15:13:42,6,-94,34.0430565,-117.1685562,439.30,2.00,WIFI
E6:93:DA:BB:08:39,,[WPA2_PSK],2025-12-16 15:13:42,6,-95,34.0430565,-117.1685562,439.30,2.00,WIFI
C8:63:FC:47:3B:04,MySpectrumWiFi03-2G,[WPA2_PSK],2025-12-16 15:13:47,11,-80,34.0434570,-117.1678314,439.60,2.00,WIFI
34:49:5B:C2:21:06,MySpectrumWiFi00-2G,[WPA2_PSK],2025-12-16 15:13:49,1,-92,34.0436211,-117.1675339,439.90,2.00,WIFI
C0:A4:76:B0:08:A2,West Wing,[WPA_WPA2_PSK],2025-12-16 15:13:56,6,-76,34.0441475,-117.1665573,438.70,2.00,WIFI
C2:A4:76:D0:08:A2,,[WPA_WPA2_PSK],2025-12-16 15:13:56,6,-81,34.0441475,-117.1665573,438.70,2.00,WIFI
B0:39:56:D5:B6:5F,NETGEAR48,[WPA2_PSK],2025-12-16 15:14:1,11,-82,34.0443764,-117.1660995,438.20,2.00,WIFI
74:93:DA:A3:9C:65,SpectrumSetup-67,[WPA2_PSK],2025-12-16 15:15:6,6,-94,34.0406609,-117.1565247,460.90,2.00,WIFI
3C:5C:F1:F7:56:F6,,[OPEN],2025-12-16 15:15:20,6,-88,34.0399857,-117.1554871,463.30,2.00,WIFI
3C:5C:F1:F7:56:FA,SalinasCounselingGuest,[WPA2_PSK],2025-12-16 15:15:20,6,-90,34.0399857,-117.1554871,463.30,2.00,WIFI
3C:5C:F1:F7:56:F4,SalinasCounseling,[WPA2_PSK],2025-12-16 15:15:20,6,-91,34.0399857,-117.1554871,463.30,2.00,WIFI
F8:D9:B8:50:31:C9,PacDerm Guest,[WPA_WPA2_PSK],2025-12-16 15:15:34,6,-96,34.0382080,-117.1527176,472.60,2.00,WIFI
94:10:3E:7E:03:C2,Linksys14627,[WPA2_PSK],2025-12-16 15:16:9,1,-92,34.0342560,-117.1428757,504.50,2.00,WIFI
FC:DB:21:5D:7E:EC,reeve truck,[WPA2_PSK],2025-12-16 15:16:44,6,-95,34.0309410,-117.1339798,542.50,2.00,WIFI
FC:DB:21:63:CA:5C,ELD TRANSNATIONAL LINE,[WPA2_WPA3_PSK],2025-12-16 15:17:12,6,-93,34.0287132,-117.1288223,568.10,2.00,WIFI
EC:6E:79:00:A6:99,ER805-00A699,[WPA2_PSK],2025-12-16 15:17:19,1,-87,34.0281448,-117.1274567,575.10,2.00,WIFI
84:25:3F:AB:B5:AC,OT_BB_2C9B318CB5AC,[WPA2_PSK],2025-12-16 15:17:26,6,-84,34.0278320,-117.1259384,581.10,2.00,WIFI
FA:48:B8:21:9B:35,,[WPA2_PSK],2025-12-16 15:17:30,10,-94,34.0276947,-117.1250076,584.40,2.00,WIFI
94:CD:FD:8F:03:83,,[WPA3_PSK],2025-12-16 15:17:31,11,-87,34.0276642,-117.1247787,585.00,2.00,WIFI
94:CD:FD:8F:03:89,,[OPEN],2025-12-16 15:17:31,11,-87,34.0276642,-117.1247787,585.00,2.00,WIFI
94:CD:FD:8F:03:86,thefloorcabinet,[WPA2_PSK],2025-12-16 15:17:31,11,-87,34.0276642,-117.1247787,585.00,2.00,WIFI
94:CD:FD:8F:03:8F,thefloorcabinet Guest,[OPEN],2025-12-16 15:17:31,11,-88,34.0276642,-117.1247787,585.00,2.00,WIFI
F4:52:46:B2:52:7A,SpectrumSetup-527D,[WPA2_PSK],2025-12-16 15:17:47,1,-90,34.0269928,-117.1213379,588.10,2.00,WIFI
D4:20:B0:29:A3:BD,,[WPA2_PSK],2025-12-16 15:18:8,6,-94,34.0264626,-117.1197891,596.20,2.00,WIFI
D4:20:B0:29:A3:BC,,[WPA2_PSK],2025-12-16 15:18:8,6,-95,34.0264626,-117.1197891,596.20,2.00,WIFI
E4:38:83:13:1A:5A,,[WPA2_WPA3_PSK],2025-12-16 15:18:44,1,-89,34.0279007,-117.1186829,597.80,2.00,WIFI
F2:38:83:13:1A:5A,,[WPA2_PSK],2025-12-16 15:18:44,1,-90,34.0279007,-117.1186829,597.80,2.00,WIFI
A0:A4:7F:AB:98:01,,[WPA2_PSK],2025-12-16 15:18:44,1,-90,34.0279007,-117.1186829,597.80,2.00,WIFI
A0:A4:7F:AB:98:02,,[WPA2_PSK],2025-12-16 15:18:44,1,-91,34.0279007,-117.1186829,597.80,2.00,WIFI
A0:A4:7F:AB:98:00,,[WPA2_PSK],2025-12-16 15:18:44,1,-93,34.0279007,-117.1186829,597.80,2.00,WIFI
FC:DB:21:50:09:D4,sbfleet,[WPA2_PSK],2025-12-16 15:18:50,6,-81,34.0281181,-117.1186371,598.70,2.00,WIFI
00:30:44:5A:5D:9C,IBR600C-d9b,[WPA2_PSK],2025-12-16 15:18:50,6,-90,34.0281181,-117.1186371,598.70,2.00,WIFI
74:37:5F:8E:DC:1F,SpectrumSetup-1D,[WPA2_PSK],2025-12-16 15:18:55,11,-84,34.0281563,-117.1190109,598.00,2.00,WIFI
A4:11:62:6E:91:34,ARLO_VMB_6689785310,[WPA2_PSK],2025-12-16 15:18:55,11,-91,34.0281563,-117.1190109,598.00,2.00,WIFI
18:A5:FF:88:19:5A,TMOBILE-1958,[WPA2_WPA3_PSK],2025-12-16 15:19:4,6,-96,34.0281525,-117.1194992,597.60,2.00,WIFI
A8:BA:25:6B:A7:E2,,[WPA2_PSK],2025-12-16 15:19:12,1,-89,34.0281830,-117.1197281,597.60,2.00,WIFI
50:91:E3:A5:F4:B4,Kaliko,[WPA2_PSK],2025-12-16 15:19:15,3,-96,34.0281677,-117.1197815,598.10,2.00,WIFI
E8:4E:06:87:20:86,PWM29186,[WPA2_PSK],2025-12-16 15:19:18,6,-96,34.0281677,-117.1197815,598.00,2.00,WIFI
00:0A:F5:D3:D0:10,DIRECT-YU-Raven-606,[WPA2_PSK],2025-12-16 15:19:28,1,-91,34.0281677,-117.1197891,598.10,2.00,WIFI
A8:BA:25:6B:A7:E1,ampmequip,[WPA2_PSK],2025-12-16 15:19:41,1,-89,34.0281715,-117.1197891,598.40,1.75,WIFI
A8:BA:25:6B:A7:E0,,[WPA2_WPA3_PSK],2025-12-16 15:19:41,1,-91,34.0281715,-117.1197891,598.40,1.75,WIFI
CC:58:30:65:80:97,TMOBILE-8091,[WPA2_WPA3_PSK],2025-12-16 15:20:37,1,-95,34.0281677,-117.1197968,598.40,1.75,WIFI
1A:48:CA:05:D9:5B,My VW 2730,[WPA2_PSK],2025-12-16 15:20:57,6,-93,34.0281677,-117.1197968,598.00,1.75,WIFI
94:91:7F:A0:AB:E9,MySpectrumWiFiEB-2G,[WPA2_PSK],2025-12-16 15:21:15,11,-94,34.0281677,-117.1198044,597.80,1.75,WIFI
38:88:71:1E:EA:D1,Verizon_GB9NK6,[WPA2_PSK],2025-12-16 15:22:11,11,-94,34.0281677,-117.1198044,597.70,1.75,WIFI
A6:C9:EB:0F:B6:F1,,[WPA2_PSK],2025-12-16 15:23:33,9,-94,34.0283279,-117.1200333,597.30,1.75,WIFI
AC:91:9B:12:FB:58,MaloryWifi,[WPA2_PSK],2025-12-16 15:23:37,1,-88,34.0286407,-117.1201172,598.70,1.75,WIFI
5C:18:DD:EB:5A:54,,[WPA_WPA2_PSK],2025-12-16 15:23:37,1,-90,34.0286407,-117.1201172,598.70,1.75,WIFI
FC:34:97:8E:9D:A8,Desert Sunset,[WPA2_PSK],2025-12-16 15:23:43,5,-90,34.0291557,-117.1202774,601.60,1.75,WIFI
94:CD:FD:B6:7C:89,,[OPEN],2025-12-16 15:23:44,6,-89,34.0292168,-117.1202927,601.90,1.75,WIFI
18:A9:ED:03:6C:89,,[OPEN],2025-12-16 15:23:44,6,-89,34.0292168,-117.1202927,601.90,1.75,WIFI
18:A9:ED:03:6C:86,wifi1234,[WPA2_PSK],2025-12-16 15:23:44,6,-89,34.0292168,-117.1202927,601.90,1.75,WIFI
18:A9:ED:03:6C:83,,[WPA3_PSK],2025-12-16 15:23:44,6,-90,34.0292168,-117.1202927,601.90,1.75,WIFI
94:CD:FD:B6:7C:83,,[WPA3_PSK],2025-12-16 15:23:44,6,-91,34.0292168,-117.1202927,601.90,1.75,WIFI
C8:C6:FE:7A:89:26,Arif Family,[WPA2_PSK],2025-12-16 15:23:49,11,-85,34.0293770,-117.1201859,602.70,1.75,WIFI
C8:C6:FE:6E:E0:06,Arif Family,[WPA2_PSK],2025-12-16 15:23:49,11,-85,34.0293770,-117.1201859,602.70,1.75,WIFI
C8:C6:FE:7A:89:23,,[WPA3_PSK],2025-12-16 15:23:49,11,-87,34.0293770,-117.1201859,602.70,1.75,WIFI
C8:C6:FE:7A:89:29,,[OPEN],2025-12-16 15:23:49,11,-87,34.0293770,-117.1201859,602.70,1.75,WIFI
C8:C6:FE:6E:E0:03,,[WPA3_PSK],2025-12-16 15:23:49,11,-87,34.0293770,-117.1201859,602.70,1.75,WIFI
C8:C6:FE:6E:E0:09,,[OPEN],2025-12-16 15:23:49,11,-88,34.0293770,-117.1201859,602.70,1.75,WIFI
C8:C6:FE:6F:78:66,Casa Linda,[WPA2_PSK],2025-12-16 15:23:51,1,-83,34.0294151,-117.1200485,602.90,1.75,WIFI
C8:C6:FE:6F:78:6F,Casa Linda Guest,[WPA2_PSK],2025-12-16 15:23:51,1,-83,34.0294151,-117.1200485,602.90,1.75,WIFI
38:17:B1:4B:6D:BB,SpectrumSetup-B5,[WPA2_PSK],2025-12-16 15:23:51,1,-86,34.0294151,-117.1200485,602.90,1.75,WIFI
A2:6A:44:2D:64:DE,Family Room TV.e000,[OPEN],2025-12-16 15:23:51,1,-92,34.0294151,-117.1200485,602.90,1.75,WIFI
14:7D:05:B1:B9:51,SpectrumSetup-4F,[WPA2_PSK],2025-12-16 15:23:51,1,-92,34.0294151,-117.1200485,602.90,1.75,WIFI
BA:B0:24:9E:54:DE,,[WPA2_PSK],2025-12-16 15:23:54,2,-92,34.0294876,-117.1197662,604.50,1.75,WIFI
E4:19:7F:18:13:C3,,[WPA3_PSK],2025-12-16 15:23:58,6,-88,34.0295868,-117.1193466,607.30,1.75,WIFI
28:EC:22:4A:9F:E9,,[OPEN],2025-12-16 15:24:3,11,-88,34.0297050,-117.1188660,610.00,1.75,WIFI
94:F7:17:83:E4:18,,[WPA_WPA2_PSK],2025-12-16 15:24:5,1,-90,34.0297432,-117.1187439,610.30,1.75,WIFI
14:7D:05:B8:0F:C9,SpectrumSetup-C7,[WPA2_PSK],2025-12-16 15:24:5,1,-93,34.0297432,-117.1187439,610.30,1.75,WIFI
18:A5:FF:3E:B4:60,TMOBILE-B45E,[WPA2_WPA3_PSK],2025-12-16 15:24:12,6,-86,34.0300713,-117.1187286,612.50,1.75,WIFI
66:62:8B:40:62:EA,Skywalker_IoT,[WPA2_PSK],2025-12-16 15:24:13,7,-92,34.0301476,-117.1187515,613.10,1.75,WIFI
5C:62:8B:40:62:EA,Skywalker,[WPA2_PSK],2025-12-16 15:24:13,7,-93,34.0301476,-117.1187515,613.10,1.75,WIFI
B4:B0:24:9E:53:12,Danny Boy,[WPA2_PSK],2025-12-16 15:24:22,2,-94,34.0308228,-117.1190338,619.00,1.75,WIFI
A0:55:1F:10:DF:46,SpectrumSetup-DF40,[WPA2_PSK],2025-12-16 15:24:40,6,-79,34.0312080,-117.1184158,622.90,1.75,WIFI
FC:3D:73:9F:B7:83,,[WPA3_PSK],2025-12-16 15:24:47,1,-79,34.0316048,-117.1177292,624.40,2.00,WIFI
FC:3D:73:9F:B7:89,,[OPEN],2025-12-16 15:24:47,1,-79,34.0316048,-117.1177292,624.40,2.00,WIFI
FC:3D:73:9F:B7:86,Bonnie WiFi,[WPA2_PSK],2025-12-16 15:24:47,1,-79,34.0316048,-117.1177292,624.40,2.00,WIFI
A0:89:66:E1:74:3C,,[WPA_WPA2_PSK],2025-12-16 15:24:47,1,-82,34.0316048,-117.1177292,624.40,2.00,WIFI
00:C8:96:2C:0A:8C,,[WPA_WPA2_PSK],2025-12-16 15:24:47,1,-89,34.0316048,-117.1177292,624.40,2.00,WIFI
28:80:88:28:4C:C6,RDRS5/02,[WPA2_PSK],2025-12-16 15:24:54,6,-87,34.0319862,-117.1170502,632.40,1.75,WIFI
84:A0:6E:D5:40:46,MySpectrumWiFi40-2G,[WPA2_PSK],2025-12-16 15:24:54,6,-94,34.0319862,-117.1170502,632.40,1.75,WIFI
C0:6F:98:02:87:C3,,[WPA3_PSK],2025-12-16 15:24:59,11,-76,34.0323906,-117.1167831,638.90,1.75,WIFI
C0:6F:98:02:87:C6,Finn,[WPA2_PSK],2025-12-16 15:24:59,11,-76,34.0323906,-117.1167831,638.90,1.75,WIFI
C0:6F:98:02:87:C9,,[OPEN],2025-12-16 15:24:59,11,-77,34.0323906,-117.1167831,638.90,1.75,WIFI
08:F0:1E:F1:B4:89,,[OPEN],2025-12-16 15:24:59,11,-89,34.0323906,-117.1167831,638.90,1.75,WIFI
64:67:72:56:93:B5,Fournelsons-5G,[WPA2_PSK],2025-12-16 15:25:1,1,-93,34.0325584,-117.1166916,641.40,1.75,WIFI
2C:56:DC:85:38:B8,Sorter,[WPA2_PSK],2025-12-16 15:25:10,8,-80,34.0329132,-117.1160965,644.00,1.75,WIFI
D2:3F:27:54:9D:16,,[WPA_WPA2_PSK],2025-12-16 15:25:13,11,-93,34.0329132,-117.1157379,642.60,1.75,WIFI
C8:C6:FE:56:ED:23,,[WPA3_PSK],2025-12-16 15:25:16,1,-87,34.0329170,-117.1153564,641.80,1.75,WIFI
C8:C6:FE:56:ED:26,Persinger-5GHz,[WPA2_PSK],2025-12-16 15:25:16,1,-88,34.0329170,-117.1153564,641.80,1.75,WIFI
C8:C6:FE:56:ED:29,,[OPEN],2025-12-16 15:25:16,1,-89,34.0329170,-117.1153564,641.80,1.75,WIFI
62:E9:31:EB:67:01,,[WPA2_PSK],2025-12-16 15:25:18,2,-93,34.0329323,-117.1151657,640.80,1.75,WIFI
5C:E9:31:EB:67:0F,B&J Wifi,[WPA2_PSK],2025-12-16 15:25:18,2,-93,34.0329323,-117.1151657,640.80,1.75,WIFI
12:7B:12:62:38:2E,,[WPA2_PSK],2025-12-16 15:25:22,6,-96,34.0329437,-117.1149292,640.00,1.75,WIFI
34:53:D2:BF:1C:15,Mitchell,[WPA2_PSK],2025-12-16 15:25:27,11,-87,34.0327263,-117.1147766,641.30,1.75,WIFI
24:2D:6C:23:CE:48,DiAntonio,[WPA2_PSK],2025-12-16 15:25:36,6,-87,34.0322800,-117.1147385,641.00,2.00,WIFI
24:2D:6C:23:CE:51,DiAntonio Guest,[WPA2_PSK],2025-12-16 15:25:36,6,-88,34.0322800,-117.1147385,641.00,2.00,WIFI
24:2D:6C:23:CE:45,,[WPA3_PSK],2025-12-16 15:25:36,6,-89,34.0322800,-117.1147385,641.00,2.00,WIFI
24:2D:6C:23:CE:4B,,[OPEN],2025-12-16 15:25:36,6,-90,34.0322800,-117.1147385,641.00,2.00,WIFI
F0:72:EA:2B:B9:7A,wifi1229,[WPA2_PSK],2025-12-16 15:25:41,11,-86,34.0322762,-117.1146469,641.20,1.75,WIFI
F2:72:EA:2B:B9:79,1229guest,[WPA2_PSK],2025-12-16 15:25:41,11,-87,34.0322762,-117.1146469,641.20,1.75,WIFI
94:F7:17:84:10:50,,[WPA_WPA2_PSK],2025-12-16 15:25:45,1,-84,34.0322800,-117.1146469,641.10,1.75,WIFI
D0:CB:DD:DD:E7:4B,,[OPEN],2025-12-16 15:26:9,11,-89,34.0322876,-117.1146393,641.50,1.75,WIFI
D0:CB:DD:DD:E7:48,Kelhi,[WPA2_PSK],2025-12-16 15:26:9,11,-90,34.0322876,-117.1146393,641.50,1.75,WIFI
D0:CB:DD:DD:E7:45,,[WPA3_PSK],2025-12-16 15:27:5,11,-90,34.0322876,-117.1146393,641.30,1.75,WIFI
18:A9:ED:4C:92:83,,[WPA3_PSK],2025-12-16 15:27:35,1,-86,34.0322876,-117.1146393,641.50,1.75,WIFI
A0:89:66:F8:FD:19,,[WPA_WPA2_PSK],2025-12-16 15:27:35,1,-92,34.0322876,-117.1146393,641.50,1.75,WIFI
12:7B:12:62:38:2D,,[WPA2_PSK],2025-12-16 15:27:56,6,-87,34.0327148,-117.1147614,641.80,1.75,WIFI
28:EC:22:4D:89:23,,[WPA3_PSK],2025-12-16 15:28:10,6,-77,34.0334206,-117.1147766,638.00,1.75,WIFI
28:EC:22:4D:89:29,,[OPEN],2025-12-16 15:28:10,6,-77,34.0334206,-117.1147766,638.00,1.75,WIFI
28:EC:22:4D:89:26,Sunshine,[WPA2_PSK],2025-12-16 15:28:10,6,-78,34.0334206,-117.1147766,638.00,1.75,WIFI
E8:9F:80:1E:23:90,Wemo.LightV2.1B3,[OPEN],2025-12-16 15:28:10,6,-94,34.0334206,-117.1147766,638.00,1.75,WIFI
02:FE:5D:B4:CE:19,MackenzieRig,[WPA2_PSK],2025-12-16 15:28:17,1,-87,34.0338058,-117.1147385,636.20,1.75,WIFI
20:9A:7D:12:18:EE,SpectrumSetup-E8,[WPA2_PSK],2025-12-16 15:28:17,1,-91,34.0338058,-117.1147385,636.20,1.75,WIFI
F0:7B:65:63:5D:E0,SpectrumSetup-5DDA,[WPA2_PSK],2025-12-16 15:28:43,11,-83,34.0338707,-117.1116638,629.80,1.75,WIFI
02:7B:65:63:5D:E2,,[WPA2_PSK],2025-12-16 15:28:43,11,-90,34.0338707,-117.1116638,629.80,1.75,WIFI
02:7B:65:63:5D:E1,,[WPA2_PSK],2025-12-16 15:28:43,11,-95,34.0338707,-117.1116638,629.80,1.75,WIFI
10:2C:B1:00:51:58,,[WPA_WPA2_PSK],2025-12-16 15:28:59,1,-95,34.0338631,-117.1092606,635.90,1.75,WIFI
00:26:F2:6C:C5:9E,NETGEAR,[OPEN],2025-12-16 15:29:6,6,-95,34.0338631,-117.1086273,631.40,1.75,WIFI
94:18:65:31:D8:C6,I Believe Wi can Fi,[WPA2_PSK],2025-12-16 15:29:25,11,-96,34.0338631,-117.1063995,628.20,1.75,WIFI
04:B6:BE:DD:95:68,,[WPA_WPA2_PSK],2025-12-16 15:29:28,1,-92,34.0338669,-117.1059189,627.70,1.75,WIFI
FC:DB:21:8F:AE:92,Pro Energy Vehicle Wifi,[WPA2_WPA3_PSK],2025-12-16 15:29:48,6,-96,34.0338516,-117.1032104,618.80,1.75,WIFI
7A:45:58:98:D6:98,YAHD,[WPA2_PSK],2025-12-16 15:30:22,11,-90,34.0332375,-117.1023636,610.20,1.75,WIFI
7C:DB:98:E7:DC:15,MySpectrumWiFi17-2G,[WPA2_PSK],2025-12-16 15:30:31,6,-96,34.0337830,-117.1007233,609.80,1.75,WIFI
5C:E9:31:7A:D1:D4,This Bro tho,[WPA2_PSK],2025-12-16 15:30:35,10,-91,34.0338326,-117.0999222,609.20,1.75,WIFI
5E:E9:31:2A:D1:D4,,[WPA_WPA2_PSK],2025-12-16 15:30:35,10,-93,34.0338326,-117.0999222,609.20,1.75,WIFI
5C:E2:8C:9D:14:70,,[WPA2_PSK],2025-12-16 15:30:44,6,-90,34.0338440,-117.0980530,607.20,1.75,WIFI
8C:85:80:7E:B5:49,,[WPA_WPA2_PSK],2025-12-16 15:30:47,9,-94,34.0338440,-117.0973969,607.40,1.75,WIFI
9E:18:88:C7:39:EA,Dutch Vibes,[WPA2_PSK],2025-12-16 15:31:5,1,-87,34.0338554,-117.0934830,611.30,1.75,WIFI
A6:18:88:C7:39:EA,,[WPA2_PSK],2025-12-16 15:31:5,1,-87,34.0338554,-117.0934830,611.30,1.75,WIFI
36:94:54:93:4D:D8,PCL9D7J008,[WPA_WPA2_PSK],2025-12-16 15:31:5,1,-92,34.0338554,-117.0934830,611.30,1.75,WIFI
36:94:54:93:C8:FD,PCL9D7J02Y,[WPA_WPA2_PSK],2025-12-16 15:31:5,1,-96,34.0338554,-117.0934830,611.30,1.75,WIFI
F4:52:46:AD:43:79,SpectrumSetup-7B,[WPA2_PSK],2025-12-16 15:31:12,6,-82,34.0338631,-117.0922318,612.50,2.00,WIFI
F8:2D:C0:DE:F6:28,FiOS-J3PAK,[WPA2_PSK],2025-12-16 15:31:31,11,-93,34.0338631,-117.0898895,615.10,2.00,WIFI
7E:78:B2:68:6B:19,,[WPA_WPA2_PSK],2025-12-16 15:31:31,11,-95,34.0338631,-117.0898895,615.10,2.00,WIFI
14:7D:05:4E:6A:83,SpectrumSetup-81,[WPA2_PSK],2025-12-16 15:31:33,1,-84,34.0338631,-117.0895691,615.50,2.00,WIFI
A4:97:33:52:07:E5,Shodhan Spectrum,[WPA2_PSK],2025-12-16 15:31:33,1,-88,34.0338631,-117.0895691,615.50,2.00,WIFI
90:D3:CF:54:9C:02,FBI Surveillance Van,[WPA2_PSK],2025-12-16 15:31:33,1,-91,34.0338631,-117.0895691,615.50,2.00,WIFI
66:97:33:52:07:E5,Shodhan Guest,[WPA2_PSK],2025-12-16 15:31:33,1,-91,34.0338631,-117.0895691,615.50,2.00,WIFI
00:C8:96:2C:28:64,,[WPA_WPA2_PSK],2025-12-16 15:32:1,1,-90,34.0338631,-117.0871811,621.20,2.00,WIFI
20:3A:0C:6C:E2:83,,[WPA3_PSK],2025-12-16 15:32:8,6,-88,34.0338631,-117.0871811,621.10,2.00,WIFI
E0:46:9A:8F:54:98,Ark - Shop,[WPA2_PSK],2025-12-16 15:32:8,6,-94,34.0338631,-117.0871811,621.10,2.00,WIFI
20:3A:0C:6C:E2:86,Ark1,[WPA2_PSK],2025-12-16 15:32:22,6,-87,34.0338631,-117.0871811,621.00,2.00,WIFI
20:3A:0C:6C:E2:8F,Ark1 Guest,[OPEN],2025-12-16 15:32:22,6,-87,34.0338631,-117.0871811,621.00,2.00,WIFI
20:3A:0C:6C:E2:89,,[OPEN],2025-12-16 15:32:22,6,-87,34.0338631,-117.0871811,621.00,2.00,WIFI
2C:05:47:8E:F1:64,70mai_M300_f164,[WPA_WPA2_PSK],2025-12-16 15:32:36,6,-95,34.0338631,-117.0871811,621.00,2.25,WIFI
EC:58:EA:EA:9F:E3,Configure.Me-2A9FE0,[WPA2_PSK],2025-12-16 15:33:37,11,-93,34.0338707,-117.0853119,625.30,2.00,WIFI
04:F0:21:19:97:62,,[WPA2_PSK],2025-12-16 15:33:37,11,-98,34.0338707,-117.0853119,625.30,2.00,WIFI
90:D3:CF:36:81:45,SpectrumSetup-47,[WPA2_PSK],2025-12-16 15:33:46,6,-89,34.0338707,-117.0837784,628.70,2.00,WIFI
88:DE:7C:28:D9:21,SpectrumSetup-23,[WPA2_PSK],2025-12-16 15:33:46,6,-96,34.0338707,-117.0837784,628.70,2.00,WIFI
16:0C:6B:E2:B0:3A,,[WPA2_PSK],2025-12-16 15:33:49,9,-99,34.0338707,-117.0832443,629.80,2.00,WIFI
74:37:5F:8F:29:77,SpectrumSetup-75,[WPA2_PSK],2025-12-16 15:33:51,11,-83,34.0338707,-117.0828934,630.60,2.00,WIFI
FC:12:63:C5:0C:37,FulfilledCoffee,[WPA2_PSK],2025-12-16 15:33:51,11,-90,34.0338707,-117.0828934,630.60,2.00,WIFI
88:DE:7C:ED:44:5C,SpectrumSetup-5E,[WPA2_PSK],2025-12-16 15:34:0,6,-95,34.0338669,-117.0812607,634.50,2.25,WIFI
94:F7:17:D0:18:3C,,[WPA_WPA2_PSK],2025-12-16 15:34:26,3,-93,34.0338669,-117.0773926,645.90,2.00,WIFI
24:41:FE:E4:77:5A,Verizon_XJ43SH,[WPA2_PSK],2025-12-16 15:34:29,6,-92,34.0338631,-117.0769119,647.00,2.00,WIFI
74:37:5F:C7:7E:13,SpectrumSetup-11,[WPA2_PSK],2025-12-16 15:34:34,11,-87,34.0338669,-117.0760651,649.30,2.25,WIFI
38:17:B1:74:B3:16,ATTmiSvtM5,[WPA2_PSK],2025-12-16 15:34:37,1,-93,34.0338669,-117.0755463,650.40,2.00,WIFI
42:17:B1:74:B3:16,,[WPA2_PSK],2025-12-16 15:34:37,1,-94,34.0338669,-117.0755463,650.40,2.00,WIFI
30:86:2D:90:ED:C0,,[WPA_WPA2_PSK],2025-12-16 15:34:48,11,-93,34.0339127,-117.0739059,654.30,2.00,WIFI
30:86:2D:90:ED:C1,,[WPA_WPA2_PSK],2025-12-16 15:34:48,11,-93,34.0339127,-117.0739059,654.30,2.00,WIFI
B4:5D:50:A1:E6:60,SetMeUp-C2:1E:66,[OPEN],2025-12-16 15:35:5,1,-95,34.0339241,-117.0733337,656.20,2.00,WIFI
34:DB:9C:7F:1A:76,SandovalWiFi,[WPA2_PSK],2025-12-16 15:35:11,6,-94,34.0339279,-117.0732803,656.50,2.00,WIFI
74:37:5F:F9:D4:01,SpectrumSetup-FF,[WPA2_PSK],2025-12-16 15:35:25,6,-90,34.0348549,-117.0722580,661.10,2.00,WIFI
DC:92:72:E8:27:0F,Frontier1012,[WPA2_PSK],2025-12-16 15:35:25,6,-91,34.0348549,-117.0722580,661.10,2.00,WIFI
64:67:72:6B:4E:CD,SpectrumSetup-CB,[WPA2_PSK],2025-12-16 15:35:47,1,-87,34.0365295,-117.0686569,674.40,2.00,WIFI
4C:AB:F8:52:34:E9,dukeshouse,[WPA2_PSK],2025-12-16 15:35:53,6,-84,34.0368958,-117.0678406,678.10,2.00,WIFI
B8:2C:A0:3A:F5:CF,NewThermostat_3AF5CF,[OPEN],2025-12-16 15:35:53,6,-91,34.0368958,-117.0678406,678.10,2.00,WIFI
68:D7:9A:77:F1:24,Bungalows1,[WPA2_PSK],2025-12-16 15:36:7,6,-92,34.0371017,-117.0673599,679.60,2.00,WIFI
B6:92:4A:5E:13:A6,,[WPA2_PSK],2025-12-16 15:36:35,6,-85,34.0387268,-117.0636826,691.00,2.00,WIFI
BA:92:4A:5E:13:A6,ATThz99eaw,[WPA2_PSK],2025-12-16 15:36:35,6,-88,34.0387268,-117.0636826,691.00,2.00,WIFI
24:2D:6C:EA:D2:48,eero master,[WPA2_PSK],2025-12-16 15:36:40,11,-87,34.0391235,-117.0627670,695.70,2.00,WIFI
24:2D:6C:EA:D2:45,,[WPA3_PSK],2025-12-16 15:36:40,11,-88,34.0391235,-117.0627670,695.70,2.00,WIFI
24:2D:6C:EA:D2:4B,,[OPEN],2025-12-16 15:36:40,11,-88,34.0391235,-117.0627670,695.70,2.00,WIFI
24:2D:6C:EA:D2:51,eero master Guest,[WPA2_PSK],2025-12-16 15:36:40,11,-88,34.0391235,-117.0627670,695.70,2.00,WIFI
F8:5B:3B:9F:30:C7,SpectrumSetup-C9,[WPA2_PSK],2025-12-16 15:36:40,11,-92,34.0391235,-117.0627670,695.70,2.00,WIFI
78:76:89:2E:C0:24,,[WPA3_PSK],2025-12-16 15:37:17,6,-91,34.0433769,-117.0568771,725.90,2.00,WIFI
78:76:89:2E:C0:27,Hagey007,[WPA2_PSK],2025-12-16 15:37:17,6,-91,34.0433769,-117.0568771,725.90,2.00,WIFI
78:76:89:2E:C0:30,Hagey007 Guest,[WPA2_PSK],2025-12-16 15:37:17,6,-91,34.0433769,-117.0568771,725.90,2.00,WIFI
00:30:44:A2:02:EC,R1900-2eb,[WPA2_PSK],2025-12-16 15:37:36,11,-95,34.0441856,-117.0548096,735.40,2.00,WIFI
B6:2F:03:90:50:78,TeslaPW_JAJESR,[WPA2_PSK],2025-12-16 15:37:36,11,-96,34.0441856,-117.0548096,735.40,2.00,WIFI
18:31:BF:AA:7E:80,007,[WPA2_PSK],2025-12-16 15:37:42,3,-92,34.0437279,-117.0543213,737.30,2.00,WIFI
24:41:FE:24:9A:BA,Verizon_XCJL3V,[WPA2_PSK],2025-12-16 15:37:52,1,-90,34.0428581,-117.0535889,736.20,2.00,WIFI
58:96:71:29:10:EA,LEPE-WIFI,[WPA3_PSK],2025-12-16 15:38:13,6,-94,34.0429878,-117.0522079,738.10,2.00,WIFI
F2:55:3C:E2:0F:95,CHEVROLET2648,[WPA2_WPA3_PSK],2025-12-16 15:38:13,6,-94,34.0429878,-117.0522079,738.10,2.00,WIFI
A6:40:A0:6F:65:F2,ORBI-POMPA,[WPA2_PSK],2025-12-16 15:38:24,3,-92,34.0433235,-117.0513077,742.60,2.00,WIFI
E0:E1:A9:95:CE:93,M6_95ce93,[WPA2_PSK],2025-12-16 15:38:32,11,-95,34.0433998,-117.0514908,742.70,2.00,WIFI
62:E6:F0:9A:60:E6,myChevrolet 60e6,[WPA2_PSK],2025-12-16 15:38:41,6,-90,34.0432701,-117.0518951,740.60,2.00,WIFI
A0:8A:06:C6:78:CC,SpectrumSetup-D9,[WPA2_PSK],2025-12-16 15:38:46,11,-94,34.0432396,-117.0520096,740.00,2.00,WIFI
AC:91:9B:93:4D:C2,Verizon_TN4QB3,[WPA2_PSK],2025-12-16 15:38:46,11,-96,34.0432396,-117.0520096,740.00,2.00,WIFI
4E:F8:52:2F:79:3F,buickBANDIT,[WPA2_WPA3_PSK],2025-12-16 15:39:9,6,-90,34.0431747,-117.0522156,739.60,2.00,WIFI
BE:4C:F5:28:85:3C,CHEVROLET7198,[WPA2_WPA3_PSK],2025-12-16 15:39:23,6,-92,34.0430374,-117.0523758,738.20,2.00,WIFI
4C:19:5D:03:E9:8E,MyWiFi,[WPA2_PSK],2025-12-16 15:39:23,6,-95,34.0430374,-117.0523758,738.20,2.00,WIFI
2E:23:1A:8D:76:5B,CHEVROLET9074,[WPA2_WPA3_PSK],2025-12-16 15:39:37,6,-86,34.0427437,-117.0533142,735.50,2.00,WIFI
56:5B:86:6D:EE:87,LEXUS GX-2.4g_6dee87,[WPA2_PSK],2025-12-16 15:39:45,1,-96,34.0427666,-117.0534744,735.50,2.00,WIFI
80:CC:9C:18:F2:D1,NETGEAR61,[WPA2_PSK],2025-12-16 15:39:55,10,-90,34.0435410,-117.0540619,736.90,2.00,WIFI
D2:CC:9C:18:F2:D2,NETGEAR61-Guest,[WPA2_PSK],2025-12-16 15:39:55,10,-90,34.0435410,-117.0540619,736.90,2.00,WIFI
94:F7:17:EC:33:D8,,[WPA_WPA2_PSK],2025-12-16 15:40:3,4,-90,34.0438919,-117.0544357,735.90,2.00,WIFI
5C:A5:BC:41:F7:25,Funridge,[WPA2_PSK],2025-12-16 15:40:5,6,-89,34.0439034,-117.0544510,735.80,2.00,WIFI
5C:A5:BC:41:F7:23,,[WPA3_PSK],2025-12-16 15:40:5,6,-90,34.0439034,-117.0544510,735.80,2.00,WIFI
A8:40:0B:2D:61:5A,Hotspot3mzt,[WPA_WPA2_PSK],2025-12-16 15:40:5,6,-91,34.0439034,-117.0544510,735.80,2.00,WIFI
DE:2E:97:A1:66:63,TeslaPW_ZWLBEZ,[WPA2_PSK],2025-12-16 15:40:10,11,-92,34.0439034,-117.0544510,735.90,2.00,WIFI
4C:22:F3:5D:A5:73,Verizon_N9D6TD,[WPA2_PSK],2025-12-16 15:40:42,1,-94,34.0434189,-117.0571060,725.00,2.00,WIFI
F8:F5:32:8A:51:25,Scooby,[WPA2_PSK],2025-12-16 15:40:47,6,-93,34.0429802,-117.0580292,719.90,2.00,WIFI
C8:9E:43:5E:73:C4,megnau10,[WPA2_PSK],2025-12-16 15:40:58,3,-94,34.0415192,-117.0598297,708.70,2.00,WIFI
CE:9E:43:5E:73:C4,,[WPA2_PSK],2025-12-16 15:40:58,3,-96,34.0415192,-117.0598297,708.70,2.00,WIFI
A0:63:91:2D:98:0A,NETGEAR07,[WPA2_PSK],2025-12-16 15:41:10,2,-93,34.0398064,-117.0617599,702.40,2.00,WIFI
E8:D2:FF:C2:6B:16,SpectrumSetup-10,[WPA2_PSK],2025-12-16 15:41:20,11,-95,34.0388107,-117.0637741,690.80,2.00,WIFI
4C:19:5D:3A:79:19,Jaws,[WPA2_PSK],2025-12-16 15:41:29,6,-96,34.0380554,-117.0654984,685.40,2.00,WIFI
C4:A8:16:1D:BF:85,,[WPA3_PSK],2025-12-16 15:41:34,11,-95,34.0376854,-117.0663452,683.00,2.00,WIFI
9C:3D:CF:20:06:68,NTGR_VMB_1526780223,[WPA2_PSK],2025-12-16 15:41:43,6,-94,34.0374107,-117.0672379,681.50,2.00,WIFI
E8:D2:FF:B2:F0:CE,Aloha7,[WPA2_PSK],2025-12-16 15:41:43,6,-97,34.0374107,-117.0672379,681.50,2.00,WIFI
90:D3:CF:C0:2C:0A,SpectrumSetup-2C0D,[WPA2_PSK],2025-12-16 15:41:57,6,-94,34.0384903,-117.0682755,683.10,2.00,WIFI
7C:F1:7E:18:FD:BC,nunez_EXT,[WPA2_PSK],2025-12-16 15:42:33,1,-89,34.0389748,-117.0705414,686.30,2.00,WIFI
2C:67:BE:29:B7:C8,Hughes,[WPA2_PSK],2025-12-16 15:42:33,1,-93,34.0389748,-117.0705414,686.30,2.00,WIFI
F0:72:EA:94:0B:E2,Lee Family,[WPA2_PSK],2025-12-16 15:42:53,6,-84,34.0393448,-117.0721283,688.20,2.00,WIFI
3C:37:86:FB:3D:6E,REDRUM,[WPA2_PSK],2025-12-16 15:43:7,6,-94,34.0397377,-117.0730286,688.40,2.00,WIFI
38:94:ED:44:8B:41,ORBI,[WPA2_PSK],2025-12-16 15:43:19,4,-83,34.0405083,-117.0744781,692.60,2.00,WIFI
3E:94:ED:44:8B:41,,[WPA2_PSK],2025-12-16 15:43:19,4,-86,34.0405083,-117.0744781,692.60,2.00,WIFI
4C:19:5D:49:A5:29,SpectrumSetup-23,[WPA2_PSK],2025-12-16 15:43:29,1,-90,34.0410080,-117.0760269,691.30,2.00,WIFI
30:B4:B8:21:5F:59,JKD Bolt,[WPA2_PSK],2025-12-16 15:45:7,1,-90,34.0368881,-117.0916595,639.50,2.00,WIFI
04:F0:21:66:0B:46,,[WPA2_PSK],2025-12-16 15:45:41,6,-93,34.0356064,-117.0912323,628.90,2.00,WIFI
90:E9:5E:DD:8C:E1,Vendor,[WPA2_PSK],2025-12-16 15:45:48,1,-91,34.0356064,-117.0904083,624.50,2.25,WIFI
90:E9:5E:DD:8C:E2,YHSStore,[WPA2_PSK],2025-12-16 15:45:48,1,-94,34.0356064,-117.0904083,624.50,2.25,WIFI
90:E9:5E:DD:8C:E3,,[WPA2_PSK],2025-12-16 15:45:48,1,-94,34.0356064,-117.0904083,624.50,2.25,WIFI
90:E9:5E:DD:8C:E9,,[WPA2_PSK],2025-12-16 15:45:48,1,-94,34.0356064,-117.0904083,624.50,2.25,WIFI
9C:C9:EB:E1:83:0B,,[WPA2_PSK],2025-12-16 15:45:51,2,-91,34.0356216,-117.0901260,622.90,2.00,WIFI
90:E9:5E:DD:8C:E5,SATOctober,[WPA2_PSK],2025-12-16 15:46:2,1,-92,34.0357437,-117.0896072,620.60,2.00,WIFI
90:E9:5E:DD:8C:E4,YHS-2.4GHz,[WPA2_PSK],2025-12-16 15:46:2,1,-94,34.0357437,-117.0896072,620.60,2.00,WIFI
90:E9:5E:DD:8C:E7,YCJUSD-Open2.4GHz,[OPEN],2025-12-16 15:46:2,1,-94,34.0357437,-117.0896072,620.60,2.00,WIFI
24:16:1B:5A:19:E2,YHSStore,[WPA2_PSK],2025-12-16 15:46:14,11,-92,34.0357857,-117.0898209,621.30,2.00,WIFI
24:16:1B:5A:19:E3,,[WPA2_PSK],2025-12-16 15:46:28,11,-91,34.0357742,-117.0898209,621.60,2.00,WIFI
34:98:B5:5C:6D:C0,YAPS WIFI,[WPA2_PSK],2025-12-16 15:46:38,7,-93,34.0356636,-117.0906219,625.70,2.00,WIFI
00:54:AF:49:F9:FD,HotspotF9FD,[WPA_WPA2_PSK],2025-12-16 15:46:56,11,-96,34.0359459,-117.0917816,631.40,2.00,WIFI
8A:5A:85:AD:1C:95,myChevrolet 1c95,[WPA2_PSK],2025-12-16 15:48:29,6,-86,34.0367775,-117.1036377,641.70,2.00,WIFI
CE:BD:E7:0D:07:96,Michael,[WPA2_WPA3_PSK],2025-12-16 15:48:29,6,-90,34.0367775,-117.1036377,641.70,2.00,WIFI
5E:A6:6A:47:28:C6,CHEVROLET_5960,[WPA2_WPA3_PSK],2025-12-16 15:49:39,6,-93,34.0466614,-117.1164780,573.20,2.00,WIFI
60:57:47:9C:25:0E,,[WPA_WPA2_PSK],2025-12-16 15:52:35,1,-94,34.0484238,-117.1416702,493.60,1.75,WIFI
30:60:0A:25:8D:44,,[WPA_WPA2_PSK],2025-12-16 15:52:35,1,-96,34.0484238,-117.1416702,493.60,1.75,WIFI
8A:D8:1B:FA:28:3A,,[WPA2_PSK],2025-12-16 15:52:44,9,-92,34.0484161,-117.1434708,487.60,1.75,WIFI
8A:D8:1B:FA:6F:16,,[WPA2_PSK],2025-12-16 15:52:44,9,-94,34.0484161,-117.1434708,487.60,1.75,WIFI
84:D8:1B:FA:28:3A,Grandma’s Mesh Network,[WPA_WPA2_PSK],2025-12-16 15:52:44,9,-94,34.0484161,-117.1434708,487.60,1.75,WIFI
88:6A:E3:D6:B9:C6,tld6b9c6,[WPA2_PSK],2025-12-16 15:52:46,11,-92,34.0484161,-117.1438675,486.40,1.75,WIFI
88:67:46:79:AF:E6,JohnPatty7691,[WPA2_PSK],2025-12-16 15:52:55,6,-85,34.0484161,-117.1456299,482.10,1.75,WIFI
FA:8F:CA:81:FF:CD,Mancave.b_,[OPEN],2025-12-16 15:52:55,6,-96,34.0484161,-117.1456299,482.10,1.75,WIFI
94:F7:17:83:EB:98,,[WPA_WPA2_PSK],2025-12-16 15:53:2,1,-90,34.0484161,-117.1468964,478.90,1.75,WIFI
14:22:3B:15:AD:12,Our Castle,[WPA2_PSK],2025-12-16 15:53:44,1,-92,34.0484123,-117.1524429,462.60,2.00,WIFI
38:8B:59:DE:B9:8B,Wiley,[WPA2_PSK],2025-12-16 15:53:51,6,-92,34.0484810,-117.1536865,459.70,2.00,WIFI
44:05:3F:54:52:B7,havenbear,[WPA2_WPA3_PSK],2025-12-16 15:54:12,1,-94,34.0495567,-117.1559830,450.20,2.00,WIFI
CC:F4:11:08:01:DA,La Casa De Travesura,[WPA2_PSK],2025-12-16 15:54:19,6,-97,34.0495605,-117.1562729,449.50,2.00,WIFI
28:94:01:3F:DF:F9,NETGEAR66,[WPA2_PSK],2025-12-16 15:54:21,8,-92,34.0495567,-117.1564331,449.50,2.00,WIFI
A0:89:66:94:75:A8,,[WPA_WPA2_PSK],2025-12-16 15:54:26,1,-85,34.0494308,-117.1570282,448.40,2.00,WIFI
A8:13:0B:89:3E:85,,[WPA3_PSK],2025-12-16 15:54:33,6,-88,34.0489120,-117.1580124,446.90,2.00,WIFI
A8:13:0B:89:3E:88,Girl Gang,[WPA2_PSK],2025-12-16 15:54:33,6,-88,34.0489120,-117.1580124,446.90,2.00,WIFI
F0:21:E0:47:E8:A3,,[WPA3_PSK],2025-12-16 15:54:33,6,-88,34.0489120,-117.1580124,446.90,2.00,WIFI
A8:13:0B:89:3E:8B,,[OPEN],2025-12-16 15:54:33,6,-89,34.0489120,-117.1580124,446.90,2.00,WIFI
F0:21:E0:47:01:67,,[OPEN],2025-12-16 15:54:33,6,-89,34.0489120,-117.1580124,446.90,2.00,WIFI
F0:21:E0:47:E8:A7,,[OPEN],2025-12-16 15:54:33,6,-89,34.0489120,-117.1580124,446.90,2.00,WIFI
F0:21:E0:47:E8:A5,Famgonz,[WPA2_PSK],2025-12-16 15:54:33,6,-89,34.0489120,-117.1580124,446.90,2.00,WIFI
BE:D7:D4:D8:4C:2D,,[WPA2_PSK],2025-12-16 15:54:33,6,-92,34.0489120,-117.1580124,446.90,2.00,WIFI
38:80:DF:FB:E0:A3,PSH9B,[WPA_WPA2_PSK],2025-12-16 15:54:49,8,-94,34.0475464,-117.1604767,447.90,2.00,WIFI
F4:52:46:9A:17:58,SpectrumSetup-175B,[WPA2_PSK],2025-12-16 15:55:1,6,-86,34.0465927,-117.1622314,438.50,2.00,WIFI
18:60:41:24:D4:CF,TMOBILE-D4CD,[WPA2_WPA3_PSK],2025-12-16 15:55:9,1,-84,34.0459824,-117.1633301,435.20,2.00,WIFI
1A:60:41:74:D4:CF,,[WPA2_WPA3_PSK],2025-12-16 15:55:9,1,-85,34.0459824,-117.1633301,435.20,2.00,WIFI
3C:52:A1:1B:7B:FE,BFSC - Admin,[WPA2_PSK],2025-12-16 15:55:11,2,-90,34.0458221,-117.1636047,434.40,2.00,WIFI
FC:12:63:B8:D8:99,SpectrumSetup-9B,[WPA2_PSK],2025-12-16 15:55:15,6,-84,34.0454979,-117.1642075,434.80,2.00,WIFI
74:90:BC:AF:66:63,Verizon_J6BTZ7,[WPA2_PSK],2025-12-16 15:55:20,11,-87,34.0450935,-117.1649551,435.80,2.00,WIFI
F0:7B:65:A9:EF:4E,SpectrumSetup-EF48,[WPA2_PSK],2025-12-16 15:55:23,1,-94,34.0448952,-117.1653214,435.80,2.00,WIFI
62:E9:31:5E:B5:6A,BFSC Admin_Guest,[WPA2_PSK],2025-12-16 15:55:25,2,-96,34.0448074,-117.1654968,436.10,2.00,WIFI
66:E9:31:5E:B5:6A,,[WPA2_PSK],2025-12-16 15:55:25,2,-96,34.0448074,-117.1654968,436.10,2.00,WIFI
5C:E9:31:5E:B5:6A,BFSC - Admin,[WPA2_PSK],2025-12-16 15:55:25,2,-97,34.0448074,-117.1654968,436.10,2.00,WIFI
5A:E4:03:DD:32:39,myChevrolet 3239,[WPA2_PSK],2025-12-16 15:55:30,7,-94,34.0447121,-117.1657028,436.10,2.00,WIFI
A0:89:66:E1:89:84,,[WPA_WPA2_PSK],2025-12-16 15:55:51,1,-91,34.0453758,-117.1669464,432.30,2.00,WIFI
F0:72:EA:84:64:8A,Sidhant Nest,[WPA2_PSK],2025-12-16 15:55:51,1,-93,34.0453758,-117.1669464,432.30,2.00,WIFI
08:7B:12:4B:FE:CD,Ibarra,[WPA2_PSK],2025-12-16 15:56:2,11,-86,34.0466843,-117.1683044,425.20,2.00,WIFI
0C:82:47:4E:83:70,,[WPA_WPA2_PSK],2025-12-16 15:56:5,1,-93,34.0468979,-117.1684799,424.30,2.00,WIFI
A4:97:33:4F:B3:C5,SpectrumSetup-C7,[WPA2_PSK],2025-12-16 15:56:11,6,-90,34.0470352,-117.1685944,422.90,2.00,WIFI
34:DB:9C:74:04:0E,MySpectrumWiFi08-2G,[WPA2_PSK],2025-12-16 15:56:11,6,-93,34.0470352,-117.1685944,422.90,2.00,WIFI
00:C8:96:CD:45:1A,,[WPA_WPA2_PSK],2025-12-16 15:56:48,1,-95,34.0470390,-117.1685867,423.60,2.00,WIFI
88:DE:7C:76:19:6C,DENTAL GALLERY,[WPA2_PSK],2025-12-16 15:57:22,6,-94,34.0486603,-117.1698685,418.80,2.00,WIFI
74:37:5F:CD:A7:4B,SpectrumSetup-49,[WPA2_PSK],2025-12-16 15:57:22,6,-95,34.0486603,-117.1698685,418.80,2.00,WIFI
5A:E4:03:8C:02:1A,myChevrolet 021A,[WPA2_PSK],2025-12-16 15:57:23,7,-89,34.0486603,-117.1698685,418.90,2.00,WIFI
D8:07:B6:AF:91:92,TP-Link_9192,[WPA2_PSK],2025-12-16 15:57:26,10,-90,34.0486641,-117.1698685,419.00,2.00,WIFI
EA:07:B6:AF:91:92,,[WPA2_PSK],2025-12-16 15:57:26,10,-94,34.0486641,-117.1698685,419.00,2.00,WIFI
78:D2:94:3D:07:DA,Pretty Fly 4 a WiFi,[WPA2_PSK],2025-12-16 15:57:34,4,-98,34.0488968,-117.1700668,418.10,2.00,WIFI
84:A0:6E:B7:8B:C6,MySpectrumWiFic0-2G,[WPA2_PSK],2025-12-16 15:57:36,6,-96,34.0490265,-117.1701660,417.60,2.00,WIFI
F4:52:46:21:C6:71,SpectrumSetup-73,[WPA2_PSK],2025-12-16 15:57:50,6,-94,34.0499802,-117.1709137,413.90,2.00,WIFI
D4:A9:28:1A:45:56,FiOS-XJ8YN,[WPA2_PSK],2025-12-16 15:57:50,6,-97,34.0499802,-117.1709137,413.90,2.00,WIFI
F8:5B:3B:7E:3E:FD,SpectrumSetup-FF,[WPA2_PSK],2025-12-16 15:57:55,11,-92,34.0504112,-117.1712646,412.20,2.00,WIFI
34:53:D2:B6:F6:79,MySpectrumWiFibc-2G,[WPA2_PSK],2025-12-16 15:57:58,1,-90,34.0507126,-117.1714935,411.20,2.00,WIFI
A0:89:66:9E:B2:20,,[WPA_WPA2_PSK],2025-12-16 15:57:58,1,-94,34.0507126,-117.1714935,411.20,2.00,WIFI
4C:AB:F8:37:39:25,SpectrumSetup-27,[WPA2_PSK],2025-12-16 15:58:9,11,-91,34.0519333,-117.1724930,406.70,2.00,WIFI
84:1E:A3:BD:86:BE,gwenaverashinault,[WPA2_PSK],2025-12-16 15:58:9,11,-95,34.0519333,-117.1724930,406.70,2.00,WIFI
58:9B:4A:AB:DC:FA,BERVAJEAN,[WPA2_PSK],2025-12-16 15:58:9,11,-96,34.0519333,-117.1724930,406.70,2.00,WIFI
B0:FC:88:52:74:B9,SpectrumSetup-B3,[WPA2_PSK],2025-12-16 15:58:12,1,-95,34.0522270,-117.1727829,405.60,2.00,WIFI
C0:3C:04:AA:28:E5,SpectrumSetup-DF,[WPA2_PSK],2025-12-16 15:58:12,1,-96,34.0522270,-117.1727829,405.60,2.00,WIFI
88:DE:7C:C5:FA:2D,SpectrumSetup-2F,[WPA2_PSK],2025-12-16 15:58:18,6,-83,34.0526199,-117.1731796,404.00,2.00,WIFI
4C:AB:F8:35:6D:2D,Lucylu425,[WPA2_PSK],2025-12-16 15:58:18,6,-96,34.0526199,-117.1731796,404.00,2.00,WIFI
74:93:DA:57:82:11,SpectrumSetup-13,[WPA2_PSK],2025-12-16 15:58:23,11,-90,34.0527496,-117.1733017,403.50,2.00,WIFI
D0:6D:C9:37:30:26,Frontier0101,[WPA2_PSK],2025-12-16 15:58:23,11,-91,34.0527496,-117.1733017,403.50,2.00,WIFI
20:9A:7D:12:B7:DE,ZOOSE5150,[WPA2_PSK],2025-12-16 15:58:23,11,-91,34.0527496,-117.1733017,403.50,2.00,WIFI
74:37:5F:EF:AF:23,SpectrumSetup-91,[WPA2_PSK],2025-12-16 15:58:23,11,-91,34.0527496,-117.1733017,403.50,2.00,WIFI
80:78:71:C9:44:81,SpectrumSetup-83,[WPA2_PSK],2025-12-16 15:58:26,1,-81,34.0527840,-117.1733475,403.20,2.00,WIFI
44:AD:B1:4B:55:86,SpectrumSetup-80,[WPA2_PSK],2025-12-16 15:58:26,1,-91,34.0527840,-117.1733475,403.20,2.00,WIFI
20:9A:7D:20:3E:E6,SpectrumSetup-E0,[WPA2_PSK],2025-12-16 15:58:26,1,-95,34.0527840,-117.1733475,403.20,2.00,WIFI
48:D2:4F:FD:B8:A6,SpectrumSetup-A0,[WPA2_PSK],2025-12-16 15:58:32,6,-89,34.0527916,-117.1733551,403.30,2.00,WIFI
0E:61:A3:36:E0:D0,YoVinny69,[WPA2_PSK],2025-12-16 15:58:32,6,-91,34.0527916,-117.1733551,403.30,2.00,WIFI
A0:8A:06:01:3B:75,SpectrumSetup-3B78,[WPA2_PSK],2025-12-16 15:58:37,11,-96,34.0529480,-117.1735229,402.50,2.00,WIFI
9C:57:BC:A5:36:C3,,[WPA3_PSK],2025-12-16 15:58:40,1,-88,34.0530777,-117.1736832,401.80,2.50,WIFI
A8:6B:AD:F5:AB:B2,WIFIF5ABAF,[WPA2_PSK],2025-12-16 15:58:40,1,-93,34.0530777,-117.1736832,401.80,2.50,WIFI
A0:55:1F:A8:03:15,Willow sm,[WPA2_PSK],2025-12-16 15:59:0,6,-89,34.0530968,-117.1737061,401.50,2.00,WIFI
18:9C:27:1E:1C:38,Frontier9520,[WPA2_PSK],2025-12-16 15:59:28,6,-95,34.0531006,-117.1737061,401.40,2.00,WIFI
AC:91:9B:C0:20:6A,Verizon_9RJLR4,[WPA2_PSK],2025-12-16 15:59:35,1,-85,34.0531731,-117.1738586,401.20,2.00,WIFI
9E:A3:A9:E9:06:D9,,[WPA2_PSK],2025-12-16 15:59:35,1,-90,34.0531731,-117.1738586,401.20,2.00,WIFI
F8:AA:3F:EB:E6:63,SpectrumSetup-61,[WPA2_PSK],2025-12-16 15:59:42,6,-90,34.0528641,-117.1745224,400.80,2.00,WIFI
00:30:44:39:16:FF,POS360 - ROCK VIEW,[WPA2_PSK],2025-12-16 15:59:42,6,-91,34.0528641,-117.1745224,400.80,2.00,WIFI
88:DE:7C:B8:6A:1D,SpectrumSetup-1F,[WPA2_PSK],2025-12-16 15:59:42,6,-92,34.0528641,-117.1745224,400.80,2.00,WIFI
A4:6B:1F:A4:65:85,,[WPA3_PSK],2025-12-16 15:59:47,11,-84,34.0525169,-117.1751556,400.30,2.00,WIFI
A4:6B:1F:A4:65:8B,,[OPEN],2025-12-16 15:59:47,11,-86,34.0525169,-117.1751556,400.30,2.00,WIFI
A4:6B:1F:A4:65:88,Lightning 1,[WPA2_PSK],2025-12-16 15:59:47,11,-86,34.0525169,-117.1751556,400.30,2.00,WIFI
18:A9:ED:7A:EF:89,,[OPEN],2025-12-16 15:59:47,11,-86,34.0525169,-117.1751556,400.30,2.00,WIFI
18:A9:ED:7A:EF:86,neptune,[WPA2_PSK],2025-12-16 15:59:47,11,-86,34.0525169,-117.1751556,400.30,2.00,WIFI
18:A9:ED:7A:EF:83,,[WPA3_PSK],2025-12-16 15:59:47,11,-87,34.0525169,-117.1751556,400.30,2.00,WIFI
F6:9F:C2:AD:56:1B,,[WPA2_PSK],2025-12-16 15:59:49,1,-92,34.0523720,-117.1754074,400.20,2.00,WIFI
60:A4:B7:91:E5:7A,Newletgoofeverything,[WPA2_PSK],2025-12-16 15:59:54,4,-97,34.0520172,-117.1760559,399.90,2.00,WIFI
F6:9F:C2:AD:6A:42,,[WPA2_PSK],2025-12-16 15:59:56,6,-80,34.0518684,-117.1763229,399.80,2.00,WIFI
F2:9F:C2:AD:6A:42,Redlands WIFI,[WPA2_PSK],2025-12-16 15:59:56,6,-83,34.0518684,-117.1763229,399.80,2.00,WIFI
F0:9F:C2:AD:6A:42,,[WPA2_PSK],2025-12-16 15:59:56,6,-84,34.0518684,-117.1763229,399.80,2.00,WIFI
2C:67:BE:6A:66:D3,RustyBedSprings,[WPA2_PSK],2025-12-16 15:59:56,6,-88,34.0518684,-117.1763229,399.80,2.00,WIFI
8C:83:94:33:A4:71,RustyBed$prings,[WPA2_PSK],2025-12-16 15:59:56,6,-89,34.0518684,-117.1763229,399.80,2.00,WIFI
B6:84:C6:8A:3D:2E,,[WPA2_PSK],2025-12-16 15:59:58,8,-90,34.0517235,-117.1765900,399.70,2.00,WIFI
B2:84:C6:8A:3D:2E,EdwardianDream_Guest,[WPA2_PSK],2025-12-16 15:59:58,8,-91,34.0517235,-117.1765900,399.70,2.00,WIFI
AC:84:C6:8A:3D:2E,EdwardianDream,[WPA2_PSK],2025-12-16 15:59:58,8,-91,34.0517235,-117.1765900,399.70,2.00,WIFI
94:CD:FD:06:7D:09,,[OPEN],2025-12-16 16:0:3,1,-84,34.0513649,-117.1772385,399.50,2.00,WIFI
94:CD:FD:06:7D:06,Fern Studio,[WPA2_PSK],2025-12-16 16:0:3,1,-85,34.0513649,-117.1772385,399.50,2.00,WIFI
0C:82:47:3D:53:F8,,[WPA_WPA2_PSK],2025-12-16 16:0:3,1,-87,34.0513649,-117.1772385,399.50,2.00,WIFI
36:68:93:A9:6A:22,,[WPA2_PSK],2025-12-16 16:0:10,6,-76,34.0508766,-117.1781235,399.20,2.00,WIFI
A0:8A:06:C4:FC:A4,HideYoKidsHideYoWiFi,[WPA2_PSK],2025-12-16 16:0:10,6,-81,34.0508766,-117.1781235,399.20,2.00,WIFI
FA:8F:CA:6D:08:CA,Family Room speaker.l069_,[OPEN],2025-12-16 16:0:10,6,-87,34.0508766,-117.1781235,399.20,2.00,WIFI
86:EA:ED:3B:0C:BA,,[WPA2_PSK],2025-12-16 16:0:10,6,-88,34.0508766,-117.1781235,399.20,2.00,WIFI
44:D4:53:7C:8D:56,SpectrumSetup-50,[WPA2_PSK],2025-12-16 16:0:10,6,-91,34.0508766,-117.1781235,399.20,2.00,WIFI
90:D3:CF:FF:67:DB,Cloud,[WPA2_PSK],2025-12-16 16:0:10,6,-95,34.0508766,-117.1781235,399.20,2.00,WIFI
FC:3D:73:BC:EC:C6,Verizon_L43PC4,[WPA2_PSK],2025-12-16 16:0:17,1,-86,34.0503922,-117.1789932,399.40,2.00,WIFI
34:98:B5:C8:AB:E4,ferngully,[WPA2_PSK],2025-12-16 16:0:23,5,-78,34.0499687,-117.1797638,398.60,2.00,WIFI
98:03:8E:46:08:D7,cabronaextra,[WPA2_PSK],2025-12-16 16:0:25,7,-81,34.0498238,-117.1800232,398.60,2.00,WIFI
9A:03:8E:26:08:D7,,[WPA2_PSK],2025-12-16 16:0:25,7,-81,34.0498238,-117.1800232,398.60,2.00,WIFI
2C:67:BE:52:D7:07,SpectrumSetup-D703,[WPA2_PSK],2025-12-16 16:0:29,11,-84,34.0495071,-117.1805725,398.20,2.00,WIFI
D8:CF:61:48:00:EE,SpectrumSetup-00E8,[WPA2_PSK],2025-12-16 16:0:29,11,-94,34.0495071,-117.1805725,398.20,2.00,WIFI
30:60:0A:3C:6D:18,,[WPA_WPA2_PSK],2025-12-16 16:0:31,1,-90,34.0493469,-117.1808624,397.80,2.00,WIFI
DC:4A:3E:9F:73:AE,DIRECT-AD-HP ENVY 7640 series,[WPA2_PSK],2025-12-16 16:0:38,6,-88,34.0488281,-117.1818161,396.90,2.00,WIFI
68:4A:76:42:F7:63,,[WPA3_PSK],2025-12-16 16:0:38,6,-89,34.0488281,-117.1818161,396.90,2.00,WIFI
68:4A:76:40:9A:C3,,[WPA3_PSK],2025-12-16 16:0:38,6,-89,34.0488281,-117.1818161,396.90,2.00,WIFI
74:93:DA:A5:0C:8D,SpectrumSetup-8F,[WPA2_PSK],2025-12-16 16:0:38,6,-92,34.0488281,-117.1818161,396.90,2.00,WIFI
88:EF:16:EF:2C:F8,Frontier4640,[WPA2_PSK],2025-12-16 16:0:38,6,-97,34.0488281,-117.1818161,396.90,2.00,WIFI
A0:7F:8A:57:FD:03,SpectrumSetup-FCFD,[WPA2_PSK],2025-12-16 16:0:45,1,-92,34.0485039,-117.1824112,396.60,2.00,WIFI
C4:04:15:5B:14:8E,BIG HAPPY & HYGGE_EXT,[WPA2_PSK],2025-12-16 16:0:48,2,-83,34.0484772,-117.1824570,396.70,2.00,WIFI
A0:7F:8A:10:B1:6B,SpectrumSetup-B165,[WPA2_PSK],2025-12-16 16:0:52,6,-90,34.0483932,-117.1826172,397.20,2.00,WIFI
C8:9E:43:DC:F0:0C,WIFI,[WPA2_PSK],2025-12-16 16:0:53,7,-94,34.0483513,-117.1826859,397.40,2.00,WIFI
B0:19:21:20:96:06,Phillipsphi,[WPA2_WPA3_PSK],2025-12-16 16:0:56,10,-91,34.0482025,-117.1829605,397.30,2.00,WIFI
B6:19:21:20:96:06,,[WPA2_PSK],2025-12-16 16:0:56,10,-94,34.0482025,-117.1829605,397.30,2.00,WIFI
7C:78:B2:B3:1E:EB,wzap39524206,[WPA2_PSK],2025-12-16 16:0:57,11,-86,34.0481529,-117.1830597,397.20,2.00,WIFI
2C:67:BE:11:4D:50,Millennium Falcon,[WPA2_PSK],2025-12-16 16:0:57,11,-91,34.0481529,-117.1830597,397.20,2.00,WIFI
88:B4:A6:F7:F9:9D,REDDMOTO2.4,[WPA2_PSK],2025-12-16 16:0:59,1,-82,34.0480385,-117.1832657,397.30,2.00,WIFI
B8:41:D9:51:46:67,ROVE_R2-4K-DUAL_514667,[WPA_WPA2_PSK],2025-12-16 16:0:59,1,-90,34.0480385,-117.1832657,397.30,2.00,WIFI
9E:BA:5F:5F:2C:30,,[WPA2_PSK],2025-12-16 16:1:4,4,-89,34.0477448,-117.1838074,397.40,2.00,WIFI
98:BA:5F:5F:2C:35,do_you_know_what_today_is?,[WPA2_WPA3_PSK],2025-12-16 16:1:6,6,-89,34.0476189,-117.1840286,397.00,2.00,WIFI
A6:BA:5F:5F:2C:35,do_you_know_what_today_is?_MLO,[WPA3_PSK],2025-12-16 16:1:6,6,-89,34.0476189,-117.1840286,397.00,2.00,WIFI
D2:40:D0:57:21:F3,ORBI55,[WPA2_PSK],2025-12-16 16:1:9,9,-78,34.0474281,-117.1843872,396.80,2.00,WIFI
DA:40:D0:57:21:F3,ORBI55-Guest,[WPA2_PSK],2025-12-16 16:1:9,9,-85,34.0474281,-117.1843872,396.80,2.00,WIFI
E4:19:7F:07:D0:C6,JuJu’s Place,[WPA2_PSK],2025-12-16 16:1:11,11,-84,34.0472946,-117.1846161,396.70,2.00,WIFI
E4:19:7F:07:D0:C9,,[OPEN],2025-12-16 16:1:11,11,-84,34.0472946,-117.1846161,396.70,2.00,WIFI
E4:19:7F:07:D0:C3,,[WPA3_PSK],2025-12-16 16:1:11,11,-85,34.0472946,-117.1846161,396.70,2.00,WIFI
90:D3:CF:A2:F2:3C,JDL198294,[WPA2_PSK],2025-12-16 16:1:13,1,-89,34.0471611,-117.1848602,396.70,2.00,WIFI
46:3F:8C:E7:29:AE,,[WPA2_PSK],2025-12-16 16:1:18,4,-90,34.0468330,-117.1854630,396.40,2.00,WIFI
40:3F:8C:E7:29:AE,Fern,[WPA2_PSK],2025-12-16 16:1:18,4,-91,34.0468330,-117.1854630,396.40,2.00,WIFI
9C:A5:70:9B:83:E5,eero,[WPA2_PSK],2025-12-16 16:1:20,6,-87,34.0467110,-117.1856689,396.30,2.00,WIFI
64:C2:69:89:3F:A5,eero,[WPA2_PSK],2025-12-16 16:1:20,6,-88,34.0467110,-117.1856689,396.30,2.00,WIFI
64:C2:69:89:3F:A3,,[WPA3_PSK],2025-12-16 16:1:20,6,-88,34.0467110,-117.1856689,396.30,2.00,WIFI
9C:A5:70:9B:83:E7,,[OPEN],2025-12-16 16:1:20,6,-88,34.0467110,-117.1856689,396.30,2.00,WIFI
64:C2:69:89:3F:A7,,[OPEN],2025-12-16 16:1:20,6,-89,34.0467110,-117.1856689,396.30,2.00,WIFI
9C:A5:70:9B:83:E3,,[WPA3_PSK],2025-12-16 16:1:20,6,-90,34.0467110,-117.1856689,396.30,2.00,WIFI
F0:7B:65:EB:E6:82,SpectrumSetup-E67C,[WPA2_PSK],2025-12-16 16:1:28,1,-90,34.0465050,-117.1860580,395.90,2.00,WIFI
46:3F:8C:E6:FF:0E,,[WPA2_PSK],2025-12-16 16:1:32,4,-75,34.0464363,-117.1861649,396.00,2.00,WIFI
40:3F:8C:E6:FF:0E,Fern,[WPA2_PSK],2025-12-16 16:1:32,4,-76,34.0464363,-117.1861649,396.00,2.00,WIFI
46:3F:8C:E6:BD:22,,[WPA2_PSK],2025-12-16 16:1:32,4,-91,34.0464363,-117.1861649,396.00,2.00,WIFI
06:62:61:3D:43:A6,Porsche_WLAN_3418,[WPA2_PSK],2025-12-16 16:1:34,6,-94,34.0463524,-117.1863098,395.80,2.00,WIFI
F0:7B:65:C4:7C:87,SpectrumSetup-7C81,[WPA2_PSK],2025-12-16 16:1:42,1,-83,34.0458679,-117.1872025,395.10,2.00,WIFI
A0:40:A0:99:55:BC,ARLO_VMB_1599435735,[WPA2_PSK],2025-12-16 16:1:48,6,-91,34.0454788,-117.1879044,394.00,2.00,WIFI
64:D9:C2:75:B8:C6,Drury Home,[WPA2_PSK],2025-12-16 16:1:53,11,-79,34.0451469,-117.1884842,393.30,2.00,WIFI
64:D9:C2:75:B8:C3,,[WPA3_PSK],2025-12-16 16:1:53,11,-80,34.0451469,-117.1884842,393.30,2.00,WIFI
14:59:C0:2E:FE:97,Jesus is Lord_EXT,[WPA2_PSK],2025-12-16 16:1:59,3,-88,34.0447464,-117.1892319,392.60,2.00,WIFI
4E:17:44:4F:06:90,,[WPA2_PSK],2025-12-16 16:1:59,3,-92,34.0447464,-117.1892319,392.60,2.00,WIFI
00:26:B8:2F:26:3B,M88U1,[WPA_WPA2_PSK],2025-12-16 16:2:7,11,-90,34.0441895,-117.1902542,392.10,2.00,WIFI
FC:12:63:7A:E3:D6,Verizon_L66ZGD,[WPA2_PSK],2025-12-16 16:2:25,1,-89,34.0428925,-117.1925888,392.90,2.00,WIFI
2C:67:BE:54:5C:30,SpectrumSetup-FE12,[WPA2_PSK],2025-12-16 16:2:36,11,-89,34.0425186,-117.1932755,392.40,2.00,WIFI
4C:AB:F8:47:35:41,SpectrumSetup-43,[WPA2_PSK],2025-12-16 16:2:45,6,-91,34.0424538,-117.1933823,392.30,2.00,WIFI
66:4E:D7:01:DE:77,DIRECT-77-HP OfficeJet Pro 9010,[WPA2_PSK],2025-12-16 16:2:45,6,-92,34.0424538,-117.1933823,392.30,2.00,WIFI
CE:9E:43:52:CF:75,You Hit Me In The Cup,[WPA2_PSK],2025-12-16 16:2:57,4,-92,34.0419273,-117.1942978,392.30,2.00,WIFI
D2:3F:27:55:49:1C,,[WPA_WPA2_PSK],2025-12-16 16:3:4,11,-87,34.0415039,-117.1950607,392.30,2.00,WIFI
F0:B6:61:07:1B:24,,[WPA3_PSK],2025-12-16 16:3:18,11,-73,34.0406303,-117.1966553,392.30,2.00,WIFI
F0:B6:61:07:1B:2A,,[OPEN],2025-12-16 16:3:18,11,-73,34.0406303,-117.1966553,392.30,2.00,WIFI
F0:B6:61:07:1B:27,111-EE50,[WPA2_PSK],2025-12-16 16:3:18,11,-75,34.0406303,-117.1966553,392.30,2.00,WIFI
94:91:7F:2F:77:AD,SpectrumSetup-AF,[WPA2_PSK],2025-12-16 16:3:22,1,-93,34.0404892,-117.1969147,392.40,2.00,WIFI
9A:41:59:FE:90:96,Galaxy A52 5G AD85,[WPA2_PSK],2025-12-16 16:3:22,1,-95,34.0404892,-117.1969147,392.40,2.00,WIFI
B0:6A:41:B5:D5:E4,Netgear,[WPA2_PSK],2025-12-16 16:3:27,6,-97,34.0404549,-117.1969681,392.30,2.00,WIFI
1A:93:7F:A9:60:B0,SunPower33732,[WPA2_PSK],2025-12-16 16:3:35,1,-92,34.0400352,-117.1977310,389.30,2.00,WIFI
D0:6D:C9:2C:C8:06,Frontier0258,[WPA2_PSK],2025-12-16 16:3:35,1,-95,34.0400352,-117.1977310,389.30,2.00,WIFI
A0:89:66:94:71:10,,[WPA_WPA2_PSK],2025-12-16 16:3:35,1,-97,34.0400352,-117.1977310,389.30,2.00,WIFI
FA:8F:CA:92:B3:E6,GoogleNestPoint794A.794A.ybc_,[WPA2_PSK],2025-12-16 16:3:55,6,-95,34.0386658,-117.2002258,392.20,2.00,WIFI
FC:B2:D6:C7:45:DC,,[WPA_WPA2_PSK],2025-12-16 16:4:3,1,-90,34.0386009,-117.2007980,394.30,2.00,WIFI
F8:5B:3B:7D:E3:61,SpectrumSetup-63,[WPA2_PSK],2025-12-16 16:4:3,1,-93,34.0386009,-117.2007980,394.30,2.00,WIFI
F0:72:EA:3F:96:F2,WuTangLan,[WPA2_PSK],2025-12-16 16:4:9,6,-84,34.0391350,-117.2012329,392.80,2.00,WIFI
82:5B:65:DA:F0:16,[LG_Oven]f016,[WPA2_PSK],2025-12-16 16:4:14,11,-93,34.0396233,-117.2016144,390.80,2.00,WIFI
0A:B4:B1:15:14:78,Bellevue GUEST,[WPA2_PSK],2025-12-16 16:4:17,1,-98,34.0399208,-117.2018585,389.60,2.00,WIFI
82:52:A1:8D:E6:8D,,[WPA2_PSK],2025-12-16 16:4:26,9,-84,34.0408363,-117.2025681,384.40,2.00,WIFI
6C:CD:D6:F3:FE:E8,,[WPA2_PSK],2025-12-16 16:4:35,4,-86,34.0413055,-117.2029419,382.40,2.00,WIFI
72:CD:D6:F3:FE:E8,zaboura,[WPA2_PSK],2025-12-16 16:4:35,4,-88,34.0413055,-117.2029419,382.40,2.00,WIFI
6C:CD:D6:F3:FF:F8,,[WPA2_PSK],2025-12-16 16:4:35,4,-94,34.0413055,-117.2029419,382.40,2.00,WIFI
72:CD:D6:F3:FF:F8,zaboura,[WPA2_PSK],2025-12-16 16:4:35,4,-94,34.0413055,-117.2029419,382.40,2.00,WIFI
4C:01:43:3E:F1:55,,[OPEN],2025-12-16 16:4:37,6,-83,34.0413055,-117.2029419,382.30,2.00,WIFI
4C:01:43:3E:F1:53,OliveHouse,[WPA2_PSK],2025-12-16 16:4:37,6,-83,34.0413055,-117.2029419,382.30,2.00,WIFI
4C:01:43:3E:F1:59,OliveHouse Guest,[WPA2_PSK],2025-12-16 16:4:37,6,-83,34.0413055,-117.2029419,382.30,2.00,WIFI
4C:01:43:3E:F1:51,,[WPA3_PSK],2025-12-16 16:4:37,6,-84,34.0413055,-117.2029419,382.30,2.00,WIFI
80:DA:13:52:38:C6,OliveHouse,[WPA2_PSK],2025-12-16 16:4:37,6,-90,34.0413055,-117.2029419,382.30,2.00,WIFI
80:DA:13:52:38:CF,OliveHouse Guest,[WPA2_PSK],2025-12-16 16:4:37,6,-91,34.0413055,-117.2029419,382.30,2.00,WIFI
FC:12:63:B8:C9:45,SpectrumSetup-47,[WPA2_PSK],2025-12-16 16:4:37,6,-96,34.0413055,-117.2029419,382.30,2.00,WIFI
F4:52:46:95:90:EF,sarahdan,[WPA2_PSK],2025-12-16 16:4:45,1,-95,34.0417480,-117.2033005,380.60,2.00,WIFI
3C:37:86:67:EE:19,NETGEAR17,[WPA2_PSK],2025-12-16 16:4:47,2,-87,34.0419464,-117.2034607,379.30,2.00,WIFI
B6:95:75:45:BB:35,,[WPA2_PSK],2025-12-16 16:4:47,2,-89,34.0419464,-117.2034607,379.30,2.00,WIFI
CE:9E:43:67:19:C0,,[WPA2_PSK],2025-12-16 16:4:49,4,-88,34.0421600,-117.2036285,378.00,2.00,WIFI
C8:9E:43:67:19:C0,zaboura,[WPA2_PSK],2025-12-16 16:4:49,4,-92,34.0421600,-117.2036285,378.00,2.00,WIFI
04:95:E6:3D:70:03,ls14bw,[WPA2_PSK],2025-12-16 16:4:50,5,-90,34.0422630,-117.2037125,377.30,2.00,WIFI
04:95:E6:3D:70:04,Rufus,[WPA2_PSK],2025-12-16 16:4:50,5,-91,34.0422630,-117.2037125,377.30,2.00,WIFI
04:95:E6:3D:6F:F3,ls14bw,[WPA2_PSK],2025-12-16 16:4:50,5,-94,34.0422630,-117.2037125,377.30,2.00,WIFI
B0:FC:88:15:FF:26,SpectrumSetup-20,[WPA2_PSK],2025-12-16 16:4:51,6,-93,34.0423584,-117.2037888,376.70,2.00,WIFI
18:A5:FF:C6:B5:D0,Chris1890,[WPA2_WPA3_PSK],2025-12-16 16:4:51,6,-93,34.0423584,-117.2037888,376.70,2.00,WIFI
5C:18:DD:EB:5E:44,,[WPA_WPA2_PSK],2025-12-16 16:4:59,1,-92,34.0428085,-117.2039871,374.20,2.00,WIFI
B2:15:A2:B2:45:C5,,[WPA2_PSK],2025-12-16 16:5:2,3,-93,34.0429153,-117.2038269,374.20,2.00,WIFI
BC:85:56:2E:47:94,HP-Print-94-LaserJet 1102,[OPEN],2025-12-16 16:5:5,6,-97,34.0430603,-117.2035522,373.30,2.00,WIFI
04:17:B6:86:AE:93,,[WPA_WPA2_PSK],2025-12-16 16:5:10,11,-91,34.0433235,-117.2030716,372.40,2.00,WIFI
00:17:1A:D5:37:06,Winegard2ghzD53705,[WPA2_PSK],2025-12-16 16:5:10,11,-94,34.0433235,-117.2030716,372.40,2.00,WIFI
02:17:1A:D5:37:06,,[WPA2_PSK],2025-12-16 16:5:10,11,-94,34.0433235,-117.2030716,372.40,2.00,WIFI
40:47:5E:31:7E:E3,,[WPA3_PSK],2025-12-16 16:5:13,1,-85,34.0434761,-117.2028046,372.00,2.00,WIFI
40:47:5E:31:7E:E9,,[OPEN],2025-12-16 16:5:13,1,-85,34.0434761,-117.2028046,372.00,2.00,WIFI
40:47:5E:31:7E:E6,chairez,[WPA2_PSK],2025-12-16 16:5:13,1,-85,34.0434761,-117.2028046,372.00,2.00,WIFI
C2:A5:11:13:55:77,ORBI42,[WPA2_PSK],2025-12-16 16:5:22,9,-91,34.0438919,-117.2020721,371.10,2.00,WIFI
C2:A5:11:13:4D:0C,ORBI42,[WPA2_PSK],2025-12-16 16:5:22,9,-92,34.0438919,-117.2020721,371.10,2.00,WIFI
20:BE:CD:E4:B9:04,,[WPA3_PSK],2025-12-16 16:5:24,11,-85,34.0439835,-117.2019272,370.90,2.00,WIFI
20:BE:CD:E4:B9:0A,,[OPEN],2025-12-16 16:5:24,11,-87,34.0439835,-117.2019272,370.90,2.00,WIFI
20:BE:CD:E4:B9:07,ZPinkPanther,[WPA2_PSK],2025-12-16 16:5:24,11,-87,34.0439835,-117.2019272,370.90,2.00,WIFI
A4:11:62:72:9A:12,ARLO_VMB_4422026869,[WPA2_PSK],2025-12-16 16:5:33,6,-89,34.0442543,-117.2014008,370.30,2.00,WIFI
80:78:71:80:F3:1F,SpectrumSetup-21,[WPA2_PSK],2025-12-16 16:5:33,6,-97,34.0442543,-117.2014008,370.30,2.00,WIFI
90:CA:FA:9B:59:3C,The Force,[WPA2_PSK],2025-12-16 16:5:33,6,-97,34.0442543,-117.2014008,370.30,2.00,WIFI
90:CA:FA:9B:5D:1A,The Force,[WPA2_PSK],2025-12-16 16:5:47,6,-90,34.0444069,-117.2011795,370.10,2.00,WIFI
