WigleWifi-1.4,appRelease=v1.2.0,model=ESP32 Marauder,release=v1.2.0,device=ESP32 Marauder,display=SPI TFT,board=ESP32 Marauder,brand=JustCallMeKoko
MAC,SSID,AuthMode,FirstSeen,Channel,RSSI,CurrentLatitude,CurrentLongitude,AltitudeMeters,AccuracyMeters,Type
C8:C6:FE:26:14:06,Lil Wills,[WPA2_PSK],2025-12-1 0:11:10,1,-67,34.0525551,-117.1805191,379.80,1.75,WIFI
C8:C6:FE:26:14:03,,[WPA3_PSK],2025-12-1 0:11:10,1,-68,34.0525551,-117.1805191,379.80,1.75,WIFI
AC:DF:9F:5C:1D:16,TheShadowRealm,[WPA2_WPA3_PSK],2025-12-1 0:11:13,4,-78,34.0525551,-117.1805191,379.80,1.75,WIFI
AE:DF:9F:7C:1D:16,,[WPA2_WPA3_PSK],2025-12-1 0:11:13,4,-79,34.0525551,-117.1805191,379.80,1.75,WIFI
4C:AB:F8:46:45:29,Pharmacy,[WPA2_PSK],2025-12-1 0:11:15,6,-69,34.0525513,-117.1805191,379.70,1.75,WIFI
E0:88:5D:67:55:EB,TC8715DE5,[WPA2_PSK],2025-12-1 0:11:15,6,-72,34.0525513,-117.1805191,379.70,1.75,WIFI
0E:AB:F8:46:45:29,,[WPA2_PSK],2025-12-1 0:11:15,6,-72,34.0525513,-117.1805191,379.70,1.75,WIFI
60:F4:19:59:BB:E3,,[WPA3_PSK],2025-12-1 0:11:15,6,-76,34.0525513,-117.1805191,379.70,1.75,WIFI
AC:8B:A9:9D:09:AB,Cajon Dental,[WPA2_PSK],2025-12-1 0:11:15,6,-78,34.0525513,-117.1805191,379.70,1.75,WIFI
B2:8B:A9:9D:09:AB,,[WPA2_PSK],2025-12-1 0:11:15,6,-78,34.0525513,-117.1805191,379.70,1.75,WIFI
18:1B:EB:46:49:49,76WJ8,[WPA2_PSK],2025-12-1 0:11:15,6,-80,34.0525513,-117.1805191,379.70,1.75,WIFI
FC:12:63:82:53:1D,SpectrumSetup-1F,[WPA2_PSK],2025-12-1 0:11:15,6,-91,34.0525513,-117.1805191,379.70,1.75,WIFI
6C:CD:D6:D4:B3:58,VIGILANS,[WPA2_PSK],2025-12-1 0:11:18,9,-82,34.0525513,-117.1805191,379.60,1.75,WIFI
80:CC:9C:3E:9B:71,VIGILANS,[WPA2_PSK],2025-12-1 0:11:18,9,-83,34.0525513,-117.1805191,379.60,1.75,WIFI
38:94:ED:58:1D:17,Primemill,[WPA2_PSK],2025-12-1 0:11:19,10,-62,34.0525513,-117.1805191,379.70,1.75,WIFI
3E:94:ED:58:1D:17,,[WPA2_PSK],2025-12-1 0:11:19,10,-63,34.0525513,-117.1805191,379.70,1.75,WIFI
3E:94:ED:69:57:9C,Primemill,[WPA2_PSK],2025-12-1 0:11:19,10,-66,34.0525513,-117.1805191,379.70,1.75,WIFI
3E:94:ED:69:56:D4,Primemill,[WPA2_PSK],2025-12-1 0:11:19,10,-67,34.0525513,-117.1805191,379.70,1.75,WIFI
38:94:ED:69:57:9C,,[WPA2_PSK],2025-12-1 0:11:19,10,-67,34.0525513,-117.1805191,379.70,1.75,WIFI
38:94:ED:69:56:D4,,[WPA2_PSK],2025-12-1 0:11:19,10,-68,34.0525513,-117.1805191,379.70,1.75,WIFI
4C:19:5D:92:F9:43,SpectrumSetup-3D,[WPA2_PSK],2025-12-1 0:11:20,11,-74,34.0525513,-117.1805191,379.70,1.75,WIFI
F4:52:46:A3:DB:5E,SpectrumSetup-DB61,[WPA2_PSK],2025-12-1 0:11:20,11,-78,34.0525513,-117.1805191,379.70,1.75,WIFI
3C:52:82:1F:FF:B7,DIRECT-B6-HP ENVY 7640 series,[WPA2_PSK],2025-12-1 0:11:20,11,-79,34.0525513,-117.1805191,379.70,1.75,WIFI
F0:9F:C2:A4:48:B1,2peasinapod,[WPA2_PSK],2025-12-1 0:11:20,11,-82,34.0525513,-117.1805191,379.70,1.75,WIFI
02:EC:DA:BA:45:FA,WANG GUEST,[WPA2_PSK],2025-12-1 0:11:20,11,-82,34.0525513,-117.1805191,379.70,1.75,WIFI
6C:AE:F6:3E:DC:E6,FBCR_Sanctuary,[WPA2_PSK],2025-12-1 0:11:23,1,-80,34.0525513,-117.1805191,379.70,1.75,WIFI
F8:E4:FB:D0:22:DB,,[OPEN],2025-12-1 0:11:23,1,-85,34.0525513,-117.1805191,379.70,1.75,WIFI
08:33:ED:FA:6B:C9,Greengal,[WPA2_PSK],2025-12-1 0:11:23,1,-86,34.0525513,-117.1805191,379.70,1.75,WIFI
20:BA:36:1F:08:E2,SMA3020993790,[WPA2_PSK],2025-12-1 0:11:23,1,-90,34.0525513,-117.1805191,379.70,1.75,WIFI
86:25:4A:65:8A:25,rockys castle ,[WPA2_PSK],2025-12-1 0:11:26,3,-88,34.0525513,-117.1805191,379.60,1.75,WIFI
AC:8B:A9:9D:28:94,Cajon Dental,[WPA2_PSK],2025-12-1 0:11:29,6,-77,34.0525513,-117.1805191,379.60,1.75,WIFI
4A:52:A1:90:5F:EE,Paulson Ortho_MLO,[WPA3_PSK],2025-12-1 0:11:33,10,-81,34.0525665,-117.1805344,379.70,1.75,WIFI
A0:64:8F:EA:53:71,MySpectrumWiFi73-2G,[WPA2_PSK],2025-12-1 0:11:34,11,-71,34.0525932,-117.1805573,379.60,1.75,WIFI
86:78:48:9A:5A:AC,FCC Guest,[WPA2_PSK],2025-12-1 0:11:36,1,-82,34.0526619,-117.1806412,379.10,1.75,WIFI
5C:DF:89:34:68:38,SBDTeachers,[WPA2_PSK],2025-12-1 0:11:36,1,-82,34.0526619,-117.1806412,379.10,1.75,WIFI
5C:DF:89:74:68:38,SBDStudents,[WPA2_PSK],2025-12-1 0:11:36,1,-83,34.0526619,-117.1806412,379.10,1.75,WIFI
B6:8B:A9:8A:0C:76,Senza_Guest,[WPA2_PSK],2025-12-1 0:11:36,1,-84,34.0526619,-117.1806412,379.10,1.75,WIFI
86:78:48:AA:5A:AC,,[WPA2_PSK],2025-12-1 0:11:36,1,-85,34.0526619,-117.1806412,379.10,1.75,WIFI
F4:05:95:DA:90:97,SpectrumSetup-91,[WPA2_PSK],2025-12-1 0:11:36,1,-86,34.0526619,-117.1806412,379.10,1.75,WIFI
84:78:48:BA:5A:AC,FCCR,[WPA2_PSK],2025-12-1 0:11:36,1,-88,34.0526619,-117.1806412,379.10,1.75,WIFI
5C:62:8B:42:B2:68,Paulson Ortho,[WPA2_PSK],2025-12-1 0:11:39,2,-51,34.0528526,-117.1808090,378.30,1.75,WIFI
6A:62:8B:42:B2:68,Paulson Ortho_MLO,[WPA3_PSK],2025-12-1 0:11:39,2,-54,34.0528526,-117.1808090,378.30,1.75,WIFI
66:62:8B:42:B2:68,,[WPA2_PSK],2025-12-1 0:11:39,2,-57,34.0528526,-117.1808090,378.30,1.75,WIFI
5C:62:8B:42:B1:30,Paulson Ortho,[WPA2_PSK],2025-12-1 0:11:39,2,-67,34.0528526,-117.1808090,378.30,1.75,WIFI
5C:62:8B:42:B8:C8,Paulson Ortho,[WPA2_PSK],2025-12-1 0:11:39,2,-68,34.0528526,-117.1808090,378.30,1.75,WIFI
62:62:8B:42:B1:30,Paulson Ortho-guest,[WPA2_PSK],2025-12-1 0:11:39,2,-69,34.0528526,-117.1808090,378.30,1.75,WIFI
66:62:8B:42:B1:30,,[WPA2_PSK],2025-12-1 0:11:39,2,-69,34.0528526,-117.1808090,378.30,1.75,WIFI
6A:62:8B:42:B8:C8,Paulson Ortho_MLO,[WPA3_PSK],2025-12-1 0:11:39,2,-70,34.0528526,-117.1808090,378.30,1.75,WIFI
66:62:8B:42:B8:C8,,[WPA2_PSK],2025-12-1 0:11:39,2,-71,34.0528526,-117.1808090,378.30,1.75,WIFI
86:25:4A:65:8A:24,,[WPA2_PSK],2025-12-1 0:11:39,3,-86,34.0528526,-117.1808090,378.30,1.75,WIFI
7C:DB:98:EB:44:EE,MySpectrumWiFiF0-2G,[WPA2_PSK],2025-12-1 0:11:43,6,-63,34.0531349,-117.1810303,377.20,1.75,WIFI
B6:8B:A9:D6:81:D5,WB-IO,[WPA2_PSK],2025-12-1 0:11:43,6,-79,34.0531349,-117.1810303,377.20,1.75,WIFI
E0:CB:BC:92:E3:1A,cutler,[WPA2_PSK],2025-12-1 0:11:43,6,-81,34.0531349,-117.1810303,377.20,1.75,WIFI
E6:CB:BC:92:E3:1A,Cutler Guest,[WPA2_PSK],2025-12-1 0:11:43,6,-82,34.0531349,-117.1810303,377.20,1.75,WIFI
EA:CB:BC:92:E3:1A,Guest,[WPA2_PSK],2025-12-1 0:11:43,6,-82,34.0531349,-117.1810303,377.20,1.75,WIFI
F8:9E:28:DA:FC:5F,cutler,[WPA2_PSK],2025-12-1 0:11:48,11,-67,34.0532951,-117.1811523,376.30,1.75,WIFI
C6:9E:28:DA:FC:5F,,[WPA2_PSK],2025-12-1 0:11:48,11,-67,34.0532951,-117.1811523,376.30,1.75,WIFI
FE:9E:28:DA:FC:5F,Cutler Guest,[WPA2_PSK],2025-12-1 0:11:48,11,-68,34.0532951,-117.1811523,376.30,1.75,WIFI
F2:9E:28:DA:FC:5F,Guest,[WPA2_PSK],2025-12-1 0:11:48,11,-68,34.0532951,-117.1811523,376.30,1.75,WIFI
6C:AE:F6:3E:DC:E9,,[OPEN],2025-12-1 0:11:50,1,-75,34.0532951,-117.1811523,376.40,1.75,WIFI
6C:AE:F6:3E:DC:E3,,[WPA3_PSK],2025-12-1 0:11:50,1,-75,34.0532951,-117.1811523,376.40,1.75,WIFI
6C:CD:D6:C7:24:7E,,[WPA2_PSK],2025-12-1 0:11:54,3,-70,34.0532951,-117.1811523,376.30,1.75,WIFI
72:CD:D6:C7:24:7E,ORBI38,[WPA2_PSK],2025-12-1 0:11:54,3,-70,34.0532951,-117.1811523,376.30,1.75,WIFI
84:78:48:BA:5A:1C,FCCR,[WPA2_PSK],2025-12-1 0:11:57,6,-82,34.0532951,-117.1811523,376.30,1.75,WIFI
9E:05:D6:1D:83:5D,Methodist Guest,[OPEN],2025-12-1 0:12:2,11,-80,34.0534477,-117.1812820,376.00,1.75,WIFI
0C:80:63:64:DE:FA,300,[WPA_WPA2_PSK],2025-12-1 0:12:2,11,-84,34.0534477,-117.1812820,376.00,1.75,WIFI
84:78:48:BA:5B:90,FCCR,[WPA2_PSK],2025-12-1 0:12:4,1,-63,34.0535927,-117.1813889,375.10,1.75,WIFI
86:78:48:9A:5B:90,FCC Guest,[WPA2_PSK],2025-12-1 0:12:4,1,-65,34.0535927,-117.1813889,375.10,1.75,WIFI
70:F1:96:66:77:41,NSCJC,[WPA_WPA2_PSK],2025-12-1 0:12:4,1,-68,34.0535927,-117.1813889,375.10,1.75,WIFI
86:78:48:AA:5B:90,,[WPA2_PSK],2025-12-1 0:12:4,1,-68,34.0535927,-117.1813889,375.10,1.75,WIFI
D0:57:94:FC:0A:1E,MySpectrumWiFi18-2G,[WPA2_PSK],2025-12-1 0:12:4,1,-73,34.0535927,-117.1813889,375.10,1.75,WIFI
94:F7:17:E8:FA:80,,[WPA_WPA2_PSK],2025-12-1 0:12:4,1,-84,34.0535927,-117.1813889,375.10,1.75,WIFI
9C:A2:F4:75:FA:2F,opticsneural,[WPA2_PSK],2025-12-1 0:12:9,4,-79,34.0540085,-117.1817398,373.60,1.75,WIFI
16:36:C9:28:93:D5,Home-Guest,[WPA_WPA2_PSK],2025-12-1 0:12:9,4,-91,34.0540085,-117.1817398,373.60,1.75,WIFI
C0:D7:AA:EB:7C:DF,TMOBILE-7CDD,[WPA2_WPA3_PSK],2025-12-1 0:12:11,6,-53,34.0541725,-117.1818619,373.20,1.75,WIFI
A4:97:33:45:54:81,Root CS,[WPA2_PSK],2025-12-1 0:12:11,6,-56,34.0541725,-117.1818619,373.20,1.75,WIFI
4C:AB:F8:E3:96:CB,eXp Luxury,[WPA2_PSK],2025-12-1 0:12:11,6,-59,34.0541725,-117.1818619,373.20,1.75,WIFI
BE:75:36:28:CA:A9,myChevrolet,[WPA2_PSK],2025-12-1 0:12:11,6,-64,34.0541725,-117.1818619,373.20,1.75,WIFI
56:13:79:87:06:BE,DIRECT-be-HP M426 LaserJet,[WPA2_PSK],2025-12-1 0:12:11,6,-65,34.0541725,-117.1818619,373.20,1.75,WIFI
74:37:5F:8F:E5:6B,SpectrumSetup-69,[WPA2_PSK],2025-12-1 0:12:11,6,-67,34.0541725,-117.1818619,373.20,1.75,WIFI
14:7D:05:4E:53:A7,CLM,[WPA2_PSK],2025-12-1 0:12:11,6,-73,34.0541725,-117.1818619,373.20,1.75,WIFI
F4:69:42:ED:3D:AC,preciouscreature,[WPA2_PSK],2025-12-1 0:12:11,6,-76,34.0541725,-117.1818619,373.20,1.75,WIFI
B6:69:42:ED:3D:AC,preciouscreature_family,[WPA2_PSK],2025-12-1 0:12:11,6,-79,34.0541725,-117.1818619,373.20,1.75,WIFI
1C:B0:44:20:B3:F5,MySpectrumWiFif7-2G,[WPA2_PSK],2025-12-1 0:12:16,11,-69,34.0545731,-117.1821671,372.50,1.75,WIFI
6C:AE:F6:BB:37:24,,[WPA3_PSK],2025-12-1 0:12:16,11,-69,34.0545731,-117.1821671,372.50,1.75,WIFI
6C:AE:F6:BB:37:2A,,[OPEN],2025-12-1 0:12:16,11,-70,34.0545731,-117.1821671,372.50,1.75,WIFI
6C:AE:F6:BB:37:27,FPCR,[WPA2_PSK],2025-12-1 0:12:16,11,-70,34.0545731,-117.1821671,372.50,1.75,WIFI
6C:AE:F6:BB:37:30,FPC Guest,[WPA2_PSK],2025-12-1 0:12:16,11,-70,34.0545731,-117.1821671,372.50,1.75,WIFI
28:87:BA:76:8D:62,Listen Everywhere,[OPEN],2025-12-1 0:12:16,11,-72,34.0545731,-117.1821671,372.50,1.75,WIFI
A8:13:0B:84:57:0B,,[OPEN],2025-12-1 0:12:16,11,-72,34.0545731,-117.1821671,372.50,1.75,WIFI
A8:13:0B:84:57:08,Forecast/Engineering,[WPA2_PSK],2025-12-1 0:12:16,11,-72,34.0545731,-117.1821671,372.50,1.75,WIFI
A6:15:44:67:8B:E6,RPD,[WPA2_PSK],2025-12-1 0:12:16,11,-73,34.0545731,-117.1821671,372.50,1.75,WIFI
B2:15:44:67:8B:E6,rpdguest,[WPA2_PSK],2025-12-1 0:12:16,11,-75,34.0545731,-117.1821671,372.50,1.75,WIFI
92:15:44:67:8B:E6,RPD BYOD,[WPA2],2025-12-1 0:12:16,11,-76,34.0545731,-117.1821671,372.50,1.75,WIFI
DC:92:72:4C:70:77,Penthouse Network,[WPA2_WPA3_PSK],2025-12-1 0:12:20,1,-57,34.0549393,-117.1824265,371.60,1.75,WIFI
2E:D1:C6:04:BD:B7,DIRECT-7B-Car_ea2a,[WPA2_PSK],2025-12-1 0:12:20,1,-73,34.0549393,-117.1824265,371.60,1.75,WIFI
14:7D:05:E7:6F:7F,SpectrumSetup-7D,[WPA2_PSK],2025-12-1 0:12:26,6,-64,34.0553741,-117.1825943,371.10,1.75,WIFI
9A:CD:AC:18:C2:D5,DHub-3e7f,[WPA2_PSK],2025-12-1 0:12:26,6,-69,34.0553741,-117.1825943,371.10,1.75,WIFI
A4:13:4E:D7:DA:11,BatterRebellion 2.4,[WPA2_PSK],2025-12-1 0:12:26,6,-76,34.0553741,-117.1825943,371.10,1.75,WIFI
D4:A9:28:0A:79:4A,The Orange Space 2G,[WPA2_PSK],2025-12-1 0:12:26,6,-77,34.0553741,-117.1825943,371.10,1.75,WIFI
B6:88:81:6C:E1:00,rpdguest,[WPA2_WPA3_PSK],2025-12-1 0:12:26,6,-77,34.0553741,-117.1825943,371.10,1.75,WIFI
88:DE:7C:B4:47:B4,SpectrumSetup-B6,[WPA2_PSK],2025-12-1 0:12:26,6,-77,34.0553741,-117.1825943,371.10,1.75,WIFI
DC:92:72:E4:1A:1F,Frontier0566,[WPA2_PSK],2025-12-1 0:12:31,11,-66,34.0554695,-117.1825867,371.20,1.75,WIFI
A8:13:0B:82:86:48,Forecast/Engineering,[WPA2_PSK],2025-12-1 0:12:31,11,-73,34.0554695,-117.1825867,371.20,1.75,WIFI
12:B6:76:A8:17:F2,DIRECT-F2-HP Color LJ 3301,[WPA2_PSK],2025-12-1 0:12:31,11,-80,34.0554695,-117.1825867,371.20,1.75,WIFI
74:37:5F:CA:E0:7B,SpectrumSetup-79,[WPA2_PSK],2025-12-1 0:12:34,1,-54,34.0554733,-117.1825867,371.20,1.75,WIFI
B0:FC:88:06:E7:76,Frontier0136,[WPA2_PSK],2025-12-1 0:12:40,6,-72,34.0556221,-117.1828384,370.70,1.75,WIFI
94:A6:7E:DD:D4:58,,[WPA2_PSK],2025-12-1 0:12:40,6,-76,34.0556221,-117.1828384,370.70,1.75,WIFI
64:C2:69:D7:C1:65,RedlandsCO1,[WPA2_PSK],2025-12-1 0:12:45,11,-70,34.0556145,-117.1834488,369.90,1.75,WIFI
C8:E3:06:6A:A5:07,,[OPEN],2025-12-1 0:12:45,11,-70,34.0556145,-117.1834488,369.90,1.75,WIFI
64:C2:69:D7:C1:67,,[OPEN],2025-12-1 0:12:45,11,-70,34.0556145,-117.1834488,369.90,1.75,WIFI
64:C2:69:D7:C1:63,,[WPA3_PSK],2025-12-1 0:12:45,11,-71,34.0556145,-117.1834488,369.90,1.75,WIFI
C8:E3:06:6A:A5:05,RedlandsCO1,[WPA2_PSK],2025-12-1 0:12:45,11,-73,34.0556145,-117.1834488,369.90,1.75,WIFI
A8:F7:D9:B9:2B:D1,,[WPA2_PSK],2025-12-1 0:12:45,11,-88,34.0556145,-117.1834488,369.90,1.75,WIFI
9E:A3:A9:8A:97:51,,[WPA2_PSK],2025-12-1 0:12:46,13,-90,34.0556145,-117.1835938,369.60,1.75,WIFI
94:CD:FD:BF:EE:06,Hector Bigfish,[WPA2_PSK],2025-12-1 0:12:48,1,-73,34.0556145,-117.1838989,369.20,1.75,WIFI
94:CD:FD:BF:EE:03,,[WPA3_PSK],2025-12-1 0:12:48,1,-76,34.0556145,-117.1838989,369.20,1.75,WIFI
94:CD:FD:BF:EE:09,,[OPEN],2025-12-1 0:12:48,1,-76,34.0556145,-117.1838989,369.20,1.75,WIFI
C4:A8:16:B3:5D:03,,[WPA3_PSK],2025-12-1 0:12:48,1,-77,34.0556145,-117.1838989,369.20,1.75,WIFI
C4:A8:16:B3:5D:09,,[OPEN],2025-12-1 0:12:48,1,-77,34.0556145,-117.1838989,369.20,1.75,WIFI
A0:EE:EE:D8:CA:80,,[WPA_WPA2_PSK],2025-12-1 0:12:48,1,-78,34.0556145,-117.1838989,369.20,1.75,WIFI
C4:A8:16:B3:5D:06,Taryn,[WPA2_PSK],2025-12-1 0:12:48,1,-78,34.0556145,-117.1838989,369.20,1.75,WIFI
54:04:63:FB:0B:08,,[WPA_WPA2_PSK],2025-12-1 0:12:48,1,-78,34.0556145,-117.1838989,369.20,1.75,WIFI
FC:B2:D6:3D:BB:57,,[WPA_WPA2_PSK],2025-12-1 0:12:48,1,-82,34.0556145,-117.1838989,369.20,1.75,WIFI
00:C8:96:2B:A3:64,,[WPA_WPA2_PSK],2025-12-1 0:12:48,1,-88,34.0556145,-117.1838989,369.20,1.75,WIFI
CA:2C:4F:AD:C4:08,HiSmart-01-ca2c4fadc408,[OPEN],2025-12-1 0:12:51,3,-79,34.0556145,-117.1843643,368.50,1.75,WIFI
90:BF:D9:47:30:78,,[WPA_WPA2_PSK],2025-12-1 0:12:52,4,-65,34.0556145,-117.1845169,368.40,1.75,WIFI
00:54:AF:9E:7D:F5,Hotspot7DF5,[WPA_WPA2_PSK],2025-12-1 0:12:52,4,-79,34.0556145,-117.1845169,368.40,1.75,WIFI
F4:52:46:ED:90:03,SpectrumSetup-05,[WPA2_PSK],2025-12-1 0:12:54,6,-66,34.0556145,-117.1847763,368.10,1.75,WIFI
00:01:21:33:52:A5,MissionGuest,[WPA2_PSK],2025-12-1 0:12:54,6,-73,34.0556145,-117.1847763,368.10,1.75,WIFI
06:01:21:33:52:A5,MissionPeds,[WPA2_PSK],2025-12-1 0:12:54,6,-74,34.0556145,-117.1847763,368.10,1.75,WIFI
AC:EC:85:81:DA:E2,,[WPA3_PSK],2025-12-1 0:12:54,6,-78,34.0556145,-117.1847763,368.10,1.75,WIFI
04:17:B6:3E:36:F8,,[WPA_WPA2_PSK],2025-12-1 0:12:54,6,-81,34.0556145,-117.1847763,368.10,1.75,WIFI
60:B7:6E:8E:80:30,Vine St,[WPA2_PSK],2025-12-1 0:12:54,6,-88,34.0556145,-117.1847763,368.10,1.75,WIFI
00:30:44:9C:49:EC,GMREPCR,[WPA2_PSK],2025-12-1 0:12:59,11,-62,34.0555916,-117.1852341,368.20,1.75,WIFI
94:CD:FD:C0:1A:86,Hector Bigfish,[WPA2_PSK],2025-12-1 0:12:59,11,-81,34.0555916,-117.1852341,368.20,1.75,WIFI
78:76:89:E8:F4:F6,,[OPEN],2025-12-1 0:12:59,11,-83,34.0555916,-117.1852341,368.20,1.75,WIFI
18:A9:ED:85:AD:86,Frontier2528,[WPA2_PSK],2025-12-1 0:13:2,1,-69,34.0555191,-117.1854553,368.00,1.75,WIFI
18:A9:ED:85:AD:8F,Frontier2528 Guest,[OPEN],2025-12-1 0:13:2,1,-69,34.0555191,-117.1854553,368.00,1.75,WIFI
18:A9:ED:85:AD:89,,[OPEN],2025-12-1 0:13:2,1,-69,34.0555191,-117.1854553,368.00,1.75,WIFI
18:A9:ED:85:AD:83,,[WPA3_PSK],2025-12-1 0:13:2,1,-70,34.0555191,-117.1854553,368.00,1.75,WIFI
18:A9:ED:80:26:83,,[WPA3_PSK],2025-12-1 0:13:2,1,-78,34.0555191,-117.1854553,368.00,1.75,WIFI
18:A9:ED:80:26:89,,[OPEN],2025-12-1 0:13:2,1,-79,34.0555191,-117.1854553,368.00,1.75,WIFI
18:A9:ED:80:26:8F,Frontier2528 Guest,[OPEN],2025-12-1 0:13:2,1,-79,34.0555191,-117.1854553,368.00,1.75,WIFI
18:A9:ED:80:26:86,Frontier2528,[WPA2_PSK],2025-12-1 0:13:2,1,-81,34.0555191,-117.1854553,368.00,1.75,WIFI
4C:AB:F8:A0:2B:1D,Babymamatrap,[WPA2_PSK],2025-12-1 0:13:2,1,-83,34.0555191,-117.1854553,368.00,1.75,WIFI
6A:F7:A9:5E:60:E9,WIKO VOIX 4192,[WPA2_WPA3_PSK],2025-12-1 0:13:5,3,-88,34.0553665,-117.1857605,367.70,1.75,WIFI
08:D5:9D:00:D7:A6,MySpectrumWiFia0-2G,[WPA2_PSK],2025-12-1 0:13:8,6,-77,34.0551605,-117.1861267,368.50,1.75,WIFI
00:19:9D:FF:9A:F4,Mu TV,[OPEN],2025-12-1 0:13:8,6,-78,34.0551605,-117.1861267,368.50,1.75,WIFI
D4:76:A0:1A:E7:B8,Cortner_GLAN,[WPA2_PSK],2025-12-1 0:13:8,6,-78,34.0551605,-117.1861267,368.50,1.75,WIFI
D4:76:A0:1A:E7:B9,Cortner_TLAN,[WPA2_PSK],2025-12-1 0:13:8,6,-81,34.0551605,-117.1861267,368.50,1.75,WIFI
00:14:3E:1F:8D:90,GMREPCR,[WPA2_PSK],2025-12-1 0:13:8,6,-83,34.0551605,-117.1861267,368.50,1.75,WIFI
74:93:DA:57:4B:31,SpectrumSetup-33,[WPA2_PSK],2025-12-1 0:13:8,6,-84,34.0551605,-117.1861267,368.50,1.75,WIFI
68:D7:9A:71:81:6C,Pure Gold Guest,[WPA2_PSK],2025-12-1 0:13:8,6,-85,34.0551605,-117.1861267,368.50,1.75,WIFI
6E:D7:9A:71:81:6C,Pure Gold WiFi,[WPA2_PSK],2025-12-1 0:13:8,6,-85,34.0551605,-117.1861267,368.50,1.75,WIFI
12:B1:DF:B8:69:80,DIRECT-80-HP M227f LaserJet,[WPA2_PSK],2025-12-1 0:13:8,6,-87,34.0551605,-117.1861267,368.50,1.75,WIFI
08:33:ED:FC:DB:1F,Cat,[WPA2_PSK],2025-12-1 0:13:8,6,-87,34.0551605,-117.1861267,368.50,1.75,WIFI
72:D7:9A:71:81:6C,,[WPA2_PSK],2025-12-1 0:13:8,6,-87,34.0551605,-117.1861267,368.50,1.75,WIFI
B0:19:21:DF:80:BA,TP-LINK_Power Strip_80BA,[OPEN],2025-12-1 0:13:8,6,-89,34.0551605,-117.1861267,368.50,1.75,WIFI
6A:FE:AB:02:37:1A,Alex's Galaxy S21 Ultra 5G,[WPA2_PSK],2025-12-1 0:13:8,6,-90,34.0551605,-117.1861267,368.50,1.75,WIFI
B8:69:F4:CC:43:73,NCV Phones,[WPA2_PSK],2025-12-1 0:13:11,8,-79,34.0549393,-117.1865311,370.00,1.75,WIFI
0C:EF:15:F6:5E:9F,Kona301,[WPA2_PSK],2025-12-1 0:13:12,9,-80,34.0548630,-117.1866608,370.40,1.75,WIFI
2E:EF:15:F6:5E:9F,,[WPA2_PSK],2025-12-1 0:13:12,9,-81,34.0548630,-117.1866608,370.40,1.75,WIFI
24:F3:E3:D0:1E:49,,[OPEN],2025-12-1 0:13:14,11,-79,34.0547028,-117.1869431,370.50,1.75,WIFI
4C:19:5D:95:AC:27,SpectrumSetup-21,[WPA2_PSK],2025-12-1 0:13:17,1,-75,34.0544548,-117.1873856,369.70,1.75,WIFI
DC:69:B5:A2:4E:E9,,[OPEN],2025-12-1 0:13:17,1,-75,34.0544548,-117.1873856,369.70,1.75,WIFI
DC:69:B5:A2:4E:E6,Luna space,[WPA2_PSK],2025-12-1 0:13:17,1,-75,34.0544548,-117.1873856,369.70,1.75,WIFI
74:37:5F:32:DD:BF,SpectrumSetup-BD,[WPA2_PSK],2025-12-1 0:13:17,1,-83,34.0544548,-117.1873856,369.70,1.75,WIFI
2C:67:BE:0F:B6:11,SpectrumSetup-B60D,[WPA2_PSK],2025-12-1 0:13:17,1,-87,34.0544548,-117.1873856,369.70,1.75,WIFI
10:0C:6B:35:31:E2,,[WPA2_PSK],2025-12-1 0:13:19,2,-62,34.0542908,-117.1876907,369.10,1.75,WIFI
16:0C:6B:35:31:E2,Schaepper Psychiatry,[WPA2_PSK],2025-12-1 0:13:19,2,-64,34.0542908,-117.1876907,369.10,1.75,WIFI
16:0C:6B:31:D4:20,,[WPA2_PSK],2025-12-1 0:13:19,2,-74,34.0542908,-117.1876907,369.10,1.75,WIFI
10:0C:6B:31:D4:20,Schaepper Psychiatry,[WPA2_PSK],2025-12-1 0:13:19,2,-78,34.0542908,-117.1876907,369.10,1.75,WIFI
1A:EB:B6:2C:1B:0E,Majestic Dental_Guest,[WPA2_PSK],2025-12-1 0:13:19,2,-86,34.0542908,-117.1876907,369.10,1.75,WIFI
04:17:B6:D6:C3:95,,[WPA_WPA2_PSK],2025-12-1 0:13:19,2,-89,34.0542908,-117.1876907,369.10,1.75,WIFI
A6:C9:EB:F6:BD:67,,[WPA2_PSK],2025-12-1 0:13:23,6,-71,34.0539513,-117.1883011,368.20,1.75,WIFI
C4:01:7C:58:C2:B3,island-18C2B0,[WPA2_PSK],2025-12-1 0:13:23,6,-71,34.0539513,-117.1883011,368.20,1.75,WIFI
7A:45:58:9F:E8:C0,NETGEAR88-5G-1,[WPA2_PSK],2025-12-1 0:13:23,6,-72,34.0539513,-117.1883011,368.20,1.75,WIFI
EC:8E:B5:01:20:04,DIRECT-CF-HP OfficeJet Pro 8710,[WPA2_PSK],2025-12-1 0:13:23,6,-74,34.0539513,-117.1883011,368.20,1.75,WIFI
7A:45:58:CF:E8:C0,,[WPA2_PSK],2025-12-1 0:13:23,6,-76,34.0539513,-117.1883011,368.20,1.75,WIFI
7A:45:58:BF:E8:C0,UINET,[WPA2_WPA3_PSK],2025-12-1 0:13:23,6,-77,34.0539513,-117.1883011,368.20,1.75,WIFI
AC:E2:D3:C6:E4:1D,DIRECT-1A-HP OfficeJet Pro 8720,[WPA2_PSK],2025-12-1 0:13:23,6,-78,34.0539513,-117.1883011,368.20,1.75,WIFI
78:45:58:CF:E8:C0,NETGEAR88,[WPA2_PSK],2025-12-1 0:13:23,6,-79,34.0539513,-117.1883011,368.20,1.75,WIFI
26:5A:4C:B8:C8:22,UINET,[WPA2_WPA3_PSK],2025-12-1 0:13:23,6,-90,34.0539513,-117.1883011,368.20,1.75,WIFI
92:D3:CF:93:27:35,,[WPA2_WPA3_PSK],2025-12-1 0:13:25,8,-93,34.0537796,-117.1886063,367.80,1.75,WIFI
9E:C9:EB:EF:D7:82,RFD-PRIVATE-5,[WPA2_PSK],2025-12-1 0:13:26,9,-68,34.0536995,-117.1887589,367.30,1.75,WIFI
9C:C9:EB:EF:D8:86,MILLING,[WPA2_PSK],2025-12-1 0:13:27,10,-74,34.0536194,-117.1889038,366.80,1.75,WIFI
9E:C9:EB:EF:D8:87,RFD-Guest,[WPA2_PSK],2025-12-1 0:13:27,10,-75,34.0536194,-117.1889038,366.80,1.75,WIFI
9E:C9:EB:EF:D8:80,RFD-PRIVATE-5,[WPA2_PSK],2025-12-1 0:13:27,10,-78,34.0536194,-117.1889038,366.80,1.75,WIFI
B0:FC:88:3E:ED:FF,SpectrumSetup-F9,[WPA2_PSK],2025-12-1 0:13:28,11,-66,34.0535393,-117.1890488,366.50,1.75,WIFI
8C:DD:0B:CC:AE:85,,[WPA3_PSK],2025-12-1 0:13:28,11,-81,34.0535393,-117.1890488,366.50,1.75,WIFI
8C:DD:0B:CC:AE:88,421Brookside,[WPA2_PSK],2025-12-1 0:13:28,11,-83,34.0535393,-117.1890488,366.50,1.75,WIFI
F8:2D:C0:E2:E6:E8,Spicy Taco Shack,[WPA2_PSK],2025-12-1 0:13:28,11,-86,34.0535393,-117.1890488,366.50,1.75,WIFI
C4:A8:16:36:16:91,Redlands Surgery Center Guest,[WPA2_PSK],2025-12-1 0:13:28,11,-87,34.0535393,-117.1890488,366.50,1.75,WIFI
2C:EA:DC:22:6D:D5,Samantha,[WPA2_PSK],2025-12-1 0:13:31,1,-67,34.0532990,-117.1894836,365.60,1.75,WIFI
F0:81:75:F7:3C:86,Beachlover,[WPA2_PSK],2025-12-1 0:13:31,1,-74,34.0532990,-117.1894836,365.60,1.75,WIFI
F0:B6:61:8D:E0:67,nacho,[WPA2_PSK],2025-12-1 0:13:37,6,-64,34.0528297,-117.1903458,364.00,1.75,WIFI
40:47:5E:53:DA:E3,,[WPA3_PSK],2025-12-1 0:13:37,6,-65,34.0528297,-117.1903458,364.00,1.75,WIFI
40:47:5E:53:DA:E9,,[OPEN],2025-12-1 0:13:37,6,-65,34.0528297,-117.1903458,364.00,1.75,WIFI
F0:7B:65:D8:6C:B4,SpectrumSetup-6CAE,[WPA2_PSK],2025-12-1 0:13:37,6,-67,34.0528297,-117.1903458,364.00,1.75,WIFI
40:47:5E:53:DA:E6,qhmwifi,[WPA2_PSK],2025-12-1 0:13:37,6,-68,34.0528297,-117.1903458,364.00,1.75,WIFI
F0:B6:61:8D:E0:6A,,[OPEN],2025-12-1 0:13:37,6,-69,34.0528297,-117.1903458,364.00,1.75,WIFI
F0:B6:61:8D:E0:64,,[WPA3_PSK],2025-12-1 0:13:37,6,-71,34.0528297,-117.1903458,364.00,1.75,WIFI
62:6D:C7:07:CD:9B,DIRECT-9b-HP M277 LaserJet,[WPA2_PSK],2025-12-1 0:13:37,6,-77,34.0528297,-117.1903458,364.00,1.75,WIFI
44:AC:85:2F:56:66,vargaswifi,[WPA2_PSK],2025-12-1 0:13:37,6,-79,34.0528297,-117.1903458,364.00,1.75,WIFI
AA:3B:76:03:0B:49,DIRECT-49-HP M283 LaserJet,[WPA2_PSK],2025-12-1 0:13:37,6,-80,34.0528297,-117.1903458,364.00,1.75,WIFI
AA:A7:95:CF:D6:1A,DIRECT-1a-HP M452 LaserJet,[WPA2_PSK],2025-12-1 0:13:37,6,-83,34.0528297,-117.1903458,364.00,1.75,WIFI
A0:8A:06:45:CC:ED,Liz86,[WPA2_PSK],2025-12-1 0:13:37,6,-84,34.0528297,-117.1903458,364.00,1.75,WIFI
DC:69:B5:4B:DE:23,,[WPA3_PSK],2025-12-1 0:13:37,6,-85,34.0528297,-117.1903458,364.00,1.75,WIFI
9E:30:5B:9F:93:07,DIRECT-07-HP M452 LaserJet,[WPA2_PSK],2025-12-1 0:13:37,6,-87,34.0528297,-117.1903458,364.00,1.75,WIFI
34:98:B5:69:E6:98,SHWING Network,[WPA2_PSK],2025-12-1 0:13:39,8,-88,34.0526695,-117.1906357,363.40,1.75,WIFI
72:98:B5:69:E6:99,SHWING Network-Guest,[WPA2_PSK],2025-12-1 0:13:39,8,-91,34.0526695,-117.1906357,363.40,1.75,WIFI
72:CD:D6:EB:F5:AF,,[WPA2_PSK],2025-12-1 0:13:40,9,-93,34.0525932,-117.1907730,363.00,1.75,WIFI
A0:7F:8A:32:B0:5C,Daviddarkhold1,[WPA2_PSK],2025-12-1 0:13:42,11,-64,34.0524292,-117.1910706,362.50,1.75,WIFI
98:1E:19:6C:2B:1E,MySpectrumWiFi18-2G,[WPA2_PSK],2025-12-1 0:13:42,11,-72,34.0524292,-117.1910706,362.50,1.75,WIFI
72:CD:D6:C2:38:21,PSD,[WPA2_PSK],2025-12-1 0:13:42,11,-72,34.0524292,-117.1910706,362.50,1.75,WIFI
76:CD:D6:C2:38:21,,[WPA2_PSK],2025-12-1 0:13:42,11,-73,34.0524292,-117.1910706,362.50,1.75,WIFI
4E:BC:E9:D6:BE:85,AT_401_RAC_056905_WW_be85,[WPA2_PSK],2025-12-1 0:13:42,11,-84,34.0524292,-117.1910706,362.50,1.75,WIFI
2C:67:BE:1E:EA:64,Avila’s,[WPA2_PSK],2025-12-1 0:13:42,11,-85,34.0524292,-117.1910706,362.50,1.75,WIFI
54:AF:97:05:DD:22,QHMWIFI-7-Randy's Office 2.4GHz,[WPA2_PSK],2025-12-1 0:13:42,11,-87,34.0524292,-117.1910706,362.50,1.75,WIFI
3C:37:86:D7:DC:2D,FiOS-R5L06_2GEXT,[WPA_WPA2_PSK],2025-12-1 0:13:42,11,-90,34.0524292,-117.1910706,362.50,1.75,WIFI
54:65:DE:76:22:00,Tannya,[WPA_WPA2_PSK],2025-12-1 0:13:42,11,-90,34.0524292,-117.1910706,362.50,1.75,WIFI
24:41:FE:B7:88:BA,Verizon_N6FHD3,[WPA2_PSK],2025-12-1 0:13:42,11,-92,34.0524292,-117.1910706,362.50,1.75,WIFI
EE:55:A8:5D:82:CD,AK Smiley Staff,[WPA2_PSK],2025-12-1 0:13:45,1,-80,34.0521927,-117.1915054,362.20,1.75,WIFI
EA:55:A8:5D:82:CD,MOR IoT,[WPA2_PSK],2025-12-1 0:13:45,1,-80,34.0521927,-117.1915054,362.20,1.75,WIFI
DA:55:A8:5D:82:CD,,[WPA2_PSK],2025-12-1 0:13:45,1,-82,34.0521927,-117.1915054,362.20,1.75,WIFI
34:98:B5:C1:D5:8C,NETGEAR37,[WPA2_PSK],2025-12-1 0:13:49,3,-77,34.0518799,-117.1920624,360.20,1.75,WIFI
88:DE:7C:C6:AD:59,SpectrumSetup-5B,[WPA2_PSK],2025-12-1 0:13:52,6,-63,34.0516434,-117.1924820,358.40,1.75,WIFI
C8:B4:22:D0:81:15,SpectrumSetup-17,[WPA2_PSK],2025-12-1 0:13:52,6,-72,34.0516434,-117.1924820,358.40,1.75,WIFI
80:CC:9C:96:F1:42,Elite_Guest,[WPA2_PSK],2025-12-1 0:13:52,6,-75,34.0516434,-117.1924820,358.40,1.75,WIFI
F4:52:46:F7:EB:3B,The Wi-fi,[WPA2_PSK],2025-12-1 0:13:52,6,-83,34.0516434,-117.1924820,358.40,1.75,WIFI
74:37:5F:CD:E0:F7,SpectrumSetup-F5,[WPA2_PSK],2025-12-1 0:13:52,6,-87,34.0516434,-117.1924820,358.40,1.75,WIFI
CE:9E:43:A2:68:FE,chartique,[WPA2_PSK],2025-12-1 0:13:54,8,-64,34.0514870,-117.1927490,356.10,1.75,WIFI
94:18:65:EC:AF:22,Frontier1637,[WPA2_PSK],2025-12-1 0:13:55,9,-82,34.0514069,-117.1928940,355.40,1.75,WIFI
8A:84:6A:C6:2D:4D,,[WPA2_PSK],2025-12-1 0:13:55,9,-87,34.0514069,-117.1928940,355.40,1.75,WIFI
8A:84:6A:C6:2D:4C,NetworkName,[WPA2_PSK],2025-12-1 0:13:55,9,-88,34.0514069,-117.1928940,355.40,1.75,WIFI
50:09:59:C5:D2:B2,resortstyleliving,[WPA2_PSK],2025-12-1 0:13:57,11,-60,34.0512466,-117.1931763,354.10,1.75,WIFI
F4:52:46:95:4D:C4,BelizeanQueen23,[WPA2_PSK],2025-12-1 0:13:57,11,-75,34.0512466,-117.1931763,354.10,1.75,WIFI
8C:85:80:1B:66:8A,,[WPA_WPA2_PSK],2025-12-1 0:13:57,11,-76,34.0512466,-117.1931763,354.10,1.75,WIFI
2C:EA:DC:FD:07:49,SpectrumSetup-4B,[WPA2_PSK],2025-12-1 0:13:57,11,-77,34.0512466,-117.1931763,354.10,1.75,WIFI
A0:7F:8A:58:23:B5,SpectrumSetup-23AF,[WPA2_PSK],2025-12-1 0:13:57,11,-82,34.0512466,-117.1931763,354.10,1.75,WIFI
90:D3:CF:A6:73:0A,Go go router rangers,[WPA2_PSK],2025-12-1 0:13:57,11,-83,34.0512466,-117.1931763,354.10,1.75,WIFI
74:37:5F:A7:A9:E7,SpectrumSetup-E5,[WPA2_PSK],2025-12-1 0:13:57,11,-89,34.0512466,-117.1931763,354.10,1.75,WIFI
88:DE:7C:B5:47:2C,Gogorouterrangers,[WPA2_PSK],2025-12-1 0:14:0,1,-49,34.0510101,-117.1936035,353.30,1.75,WIFI
4C:AB:F8:B4:F3:33,J&S WIFI,[WPA2_PSK],2025-12-1 0:14:0,1,-63,34.0510101,-117.1936035,353.30,1.75,WIFI
B0:FC:88:73:C6:CA,SpectrumSetup-C4,[WPA2_PSK],2025-12-1 0:14:6,6,-68,34.0505638,-117.1944122,352.20,1.75,WIFI
F0:7B:65:6A:3E:76,SpectrumSetup-3E70,[WPA2_PSK],2025-12-1 0:14:6,6,-76,34.0505638,-117.1944122,352.20,1.75,WIFI
FC:12:63:A3:1B:1E,Verizon_T34XD9,[WPA2_PSK],2025-12-1 0:14:6,6,-77,34.0505638,-117.1944122,352.20,1.75,WIFI
F4:69:42:59:D4:47,SpectrumSetup-49,[WPA2_PSK],2025-12-1 0:14:6,6,-82,34.0505638,-117.1944122,352.20,1.75,WIFI
2C:67:BE:39:38:6A,TELL YOUR WiFi I SAY HI,[WPA2_PSK],2025-12-1 0:14:6,6,-87,34.0505638,-117.1944122,352.20,1.75,WIFI
80:CC:9C:3E:C9:B6,Oktoberfest,[WPA2_PSK],2025-12-1 0:14:7,7,-81,34.0504913,-117.1945496,352.00,1.75,WIFI
72:CC:9C:3E:C9:B7,Oktoberfest-Guest,[WPA2_PSK],2025-12-1 0:14:7,7,-82,34.0504913,-117.1945496,352.00,1.75,WIFI
F0:7B:65:30:C8:5A,SpectrumSetup-C854,[WPA2_PSK],2025-12-1 0:14:11,11,-80,34.0502090,-117.1950684,351.80,1.75,WIFI
2C:67:BE:10:00:0D,SpectrumSetup-23,[WPA2_PSK],2025-12-1 0:14:11,11,-80,34.0502090,-117.1950684,351.80,1.75,WIFI
CA:D9:D2:E5:2C:C0,DIRECT-C0-HP ENVY 5000 series,[WPA2_PSK],2025-12-1 0:14:11,11,-85,34.0502090,-117.1950684,351.80,1.75,WIFI
18:A9:ED:53:81:C3,,[WPA3_PSK],2025-12-1 0:14:14,1,-59,34.0499954,-117.1954651,351.70,1.75,WIFI
18:A9:ED:53:81:C9,,[OPEN],2025-12-1 0:14:14,1,-62,34.0499954,-117.1954651,351.70,1.75,WIFI
18:A9:ED:53:81:C6,Live By the Creed,[WPA2_PSK],2025-12-1 0:14:14,1,-62,34.0499954,-117.1954651,351.70,1.75,WIFI
FC:9C:98:17:54:30,ARLO_VMB_1612249759,[WPA2_PSK],2025-12-1 0:14:14,1,-71,34.0499954,-117.1954651,351.70,1.75,WIFI
36:23:03:17:72:8B,,[WPA2_PSK],2025-12-1 0:14:18,4,-71,34.0497017,-117.1959915,352.10,1.75,WIFI
54:07:7D:10:43:23,TP-LINK_785058,[WPA3_PSK],2025-12-1 0:14:19,5,-78,34.0496292,-117.1961288,352.10,1.75,WIFI
A4:97:33:5F:C4:45,SpectrumSetup-47,[WPA2_PSK],2025-12-1 0:14:20,6,-57,34.0495529,-117.1962662,352.20,1.75,WIFI
F4:69:42:4E:AE:2D,rebeccaswifi,[WPA2_PSK],2025-12-1 0:14:20,6,-63,34.0495529,-117.1962662,352.20,1.75,WIFI
7C:DB:98:8D:DF:19,MySpectrumWiFi1B-2G,[WPA2_PSK],2025-12-1 0:14:20,6,-64,34.0495529,-117.1962662,352.20,1.75,WIFI
74:37:5F:9D:E8:5B,SpectrumSetup-59,[WPA2_PSK],2025-12-1 0:14:20,6,-69,34.0495529,-117.1962662,352.20,1.75,WIFI
FC:12:63:05:52:F8,CoxFamilyPalace,[WPA2_PSK],2025-12-1 0:14:20,6,-75,34.0495529,-117.1962662,352.20,1.75,WIFI
02:12:63:05:52:F8,CoxFamilyPalace-Guest,[WPA2_PSK],2025-12-1 0:14:20,6,-78,34.0495529,-117.1962662,352.20,1.75,WIFI
04:17:B6:C3:1A:F6,,[WPA_WPA2_PSK],2025-12-1 0:14:21,7,-75,34.0494804,-117.1963882,352.20,1.75,WIFI
58:96:71:D0:CC:8E,Verizon_X3FT6K,[WPA2_PSK],2025-12-1 0:14:25,11,-67,34.0491867,-117.1969223,351.70,1.75,WIFI
12:7B:65:CC:0B:8D,,[WPA2_PSK],2025-12-1 0:14:25,11,-70,34.0491867,-117.1969223,351.70,1.75,WIFI
12:7B:65:CC:0B:8E,,[WPA2_PSK],2025-12-1 0:14:25,11,-72,34.0491867,-117.1969223,351.70,1.75,WIFI
A0:8A:06:50:AF:76,SpectrumSetup-AF79,[WPA2_PSK],2025-12-1 0:14:25,11,-73,34.0491867,-117.1969223,351.70,1.75,WIFI
74:37:5F:DA:46:A3,Kat,[WPA2_PSK],2025-12-1 0:14:25,11,-73,34.0491867,-117.1969223,351.70,1.75,WIFI
D4:3F:32:97:5A:26,SilverFox,[WPA2_PSK],2025-12-1 0:14:25,11,-74,34.0491867,-117.1969223,351.70,1.75,WIFI
4C:19:5D:2C:9F:97,SpectrumSetup-42CC,[WPA2_PSK],2025-12-1 0:14:25,11,-74,34.0491867,-117.1969223,351.70,1.75,WIFI
60:F4:19:40:04:46,QueEsElWifi?,[WPA2_PSK],2025-12-1 0:14:25,11,-76,34.0491867,-117.1969223,351.70,1.75,WIFI
BC:96:E5:39:1B:98,Moraleswifi,[WPA2_PSK],2025-12-1 0:14:25,11,-77,34.0491867,-117.1969223,351.70,1.75,WIFI
60:F4:19:40:04:43,,[WPA3_PSK],2025-12-1 0:14:25,11,-77,34.0491867,-117.1969223,351.70,1.75,WIFI
60:F4:19:40:04:49,,[OPEN],2025-12-1 0:14:25,11,-77,34.0491867,-117.1969223,351.70,1.75,WIFI
F4:52:46:A9:4A:FA,Raiders House,[WPA2_PSK],2025-12-1 0:14:25,11,-79,34.0491867,-117.1969223,351.70,1.75,WIFI
20:9A:7D:0F:F5:2E,SpectrumSetup-28,[WPA2_PSK],2025-12-1 0:14:25,11,-80,34.0491867,-117.1969223,351.70,1.75,WIFI
6A:19:21:57:AD:0E,SpectrumSetup-CF_2.4GEXT,[WPA2_PSK],2025-12-1 0:14:30,2,-78,34.0488892,-117.1974716,351.00,1.75,WIFI
CC:40:D0:7D:51:5F,IYBI,[WPA2_PSK],2025-12-1 0:14:33,5,-68,34.0487556,-117.1977005,350.60,1.75,WIFI
CE:40:D0:7D:51:58,IYBI-Guest,[WPA2_PSK],2025-12-1 0:14:33,5,-71,34.0487556,-117.1977005,350.60,1.75,WIFI
CC:40:D0:05:83:4C,NETGEAR86,[WPA2_PSK],2025-12-1 0:14:33,5,-75,34.0487556,-117.1977005,350.60,1.75,WIFI
A4:11:62:CA:12:34,ARLO_VMB_2804592903,[WPA2_PSK],2025-12-1 0:14:33,5,-76,34.0487556,-117.1977005,350.60,1.75,WIFI
F0:7B:65:66:CE:5F,SpectrumSetup-CF,[WPA2_PSK],2025-12-1 0:14:34,6,-58,34.0487289,-117.1977615,350.50,1.75,WIFI
84:1E:A3:29:25:06,SpectrumSetup-00,[WPA2_PSK],2025-12-1 0:14:34,6,-68,34.0487289,-117.1977615,350.50,1.75,WIFI
98:C8:54:AA:32:28,Verizon_W3GQ76,[WPA2_PSK],2025-12-1 0:14:34,6,-69,34.0487289,-117.1977615,350.50,1.75,WIFI
58:9B:4A:A5:02:8B,SpectrumSetup-0287,[WPA2_PSK],2025-12-1 0:14:34,6,-76,34.0487289,-117.1977615,350.50,1.75,WIFI
08:33:ED:BF:34:3D,SpectrumSetup-3F,[WPA2_PSK],2025-12-1 0:14:34,6,-82,34.0487289,-117.1977615,350.50,1.75,WIFI
3C:5C:F1:91:EC:B6,,[OPEN],2025-12-1 0:14:34,6,-82,34.0487289,-117.1977615,350.50,1.75,WIFI
3C:5C:F1:91:EC:B4,Frontier-14,[WPA2_PSK],2025-12-1 0:14:34,6,-82,34.0487289,-117.1977615,350.50,1.75,WIFI
38:2C:4A:51:8C:48,CellSpot_2.4GHz_8C48,[WPA2_PSK],2025-12-1 0:14:38,10,-84,34.0486526,-117.1979065,350.70,1.75,WIFI
58:96:71:F3:F2:86,Virus Download,[WPA2_PSK],2025-12-1 0:14:39,11,-68,34.0486450,-117.1979218,350.90,1.75,WIFI
5E:96:71:F3:F2:86,Verizon_Rod_guest,[WPA2_WPA3_PSK],2025-12-1 0:14:39,11,-68,34.0486450,-117.1979218,350.90,1.75,WIFI
0C:EA:14:E4:35:7E,Square Carolyn's,[WPA2_PSK],2025-12-1 0:14:39,11,-77,34.0486450,-117.1979218,350.90,1.75,WIFI
0E:EA:14:14:35:7E,,[WPA2_PSK],2025-12-1 0:14:39,11,-79,34.0486450,-117.1979218,350.90,1.75,WIFI
C8:B4:22:FB:EE:49,SpectrumSetup-4B,[WPA2_PSK],2025-12-1 0:14:39,11,-79,34.0486450,-117.1979218,350.90,1.75,WIFI
E8:D2:FF:C7:D6:A6,SpectrumSetup-A0,[WPA2_PSK],2025-12-1 0:14:39,11,-85,34.0486450,-117.1979218,350.90,1.75,WIFI
90:CD:B6:A1:22:2D,WIFIA12229,[WPA2_PSK],2025-12-1 0:14:39,11,-86,34.0486450,-117.1979218,350.90,1.75,WIFI
44:D4:53:81:E1:DE,SpectrumSetup-D8,[WPA2_PSK],2025-12-1 0:14:39,11,-87,34.0486450,-117.1979218,350.90,1.75,WIFI
D8:EC:E5:88:07:34,SMIA,[WPA2_PSK],2025-12-1 0:14:39,11,-91,34.0486450,-117.1979218,350.90,1.75,WIFI
F0:7B:65:BC:FB:11,Jacksonfam,[WPA2_PSK],2025-12-1 0:14:40,1,-71,34.0486450,-117.1979218,350.90,1.75,WIFI
38:88:71:12:A5:F6,Verizon_XX6TB7,[WPA2_PSK],2025-12-1 0:14:40,1,-75,34.0486450,-117.1979218,350.90,1.75,WIFI
74:37:5F:D9:F6:FF,SpectrumSetup-FD,[WPA2_PSK],2025-12-1 0:14:40,1,-81,34.0486450,-117.1979218,350.90,1.75,WIFI
BC:96:E5:87:97:FB,SpectrumSetup-97F7,[WPA2_PSK],2025-12-1 0:14:40,1,-84,34.0486450,-117.1979218,350.90,1.75,WIFI
BE:F8:7E:1E:C9:54,Verizon_Rod_guest,[WPA2_WPA3_PSK],2025-12-1 0:14:40,1,-84,34.0486450,-117.1979218,350.90,1.75,WIFI
F4:05:95:9F:11:1C,Fie-15g,[WPA2_PSK],2025-12-1 0:14:40,1,-84,34.0486450,-117.1979218,350.90,1.75,WIFI
34:53:D2:CC:08:E2,Bartlett,[WPA2_PSK],2025-12-1 0:14:40,1,-85,34.0486450,-117.1979218,350.90,1.75,WIFI
A0:7F:8A:5A:20:2E,Mojo Dojo Casa House,[WPA2_PSK],2025-12-1 0:14:40,1,-88,34.0486450,-117.1979218,350.90,1.75,WIFI
74:37:5F:26:BF:83,SpectrumSetup-81,[WPA2_PSK],2025-12-1 0:14:48,6,-64,34.0486221,-117.1979523,351.40,1.75,WIFI
88:DE:7C:D9:57:2F,HAIROHIN,[WPA2_PSK],2025-12-1 0:14:48,6,-85,34.0486221,-117.1979523,351.40,1.75,WIFI
A0:8E:24:7D:72:A5,Wilson Clinic,[WPA2_PSK],2025-12-1 0:14:53,11,-72,34.0484200,-117.1983185,351.20,1.75,WIFI
A0:8E:24:7D:72:A3,,[WPA3_PSK],2025-12-1 0:14:53,11,-72,34.0484200,-117.1983185,351.20,1.75,WIFI
64:DA:ED:0C:A5:C5,Wilson Clinic,[WPA2_PSK],2025-12-1 0:14:53,11,-76,34.0484200,-117.1983185,351.20,1.75,WIFI
34:DB:9C:6C:3F:FE,MySpectrumWiFif8-2G,[WPA2_PSK],2025-12-1 0:14:53,11,-79,34.0484200,-117.1983185,351.20,1.75,WIFI
64:DA:ED:0E:13:C5,Wilson Clinic,[WPA2_PSK],2025-12-1 0:14:53,11,-81,34.0484200,-117.1983185,351.20,1.75,WIFI
64:DA:ED:0E:13:C3,,[WPA3_PSK],2025-12-1 0:14:53,11,-82,34.0484200,-117.1983185,351.20,1.75,WIFI
64:DA:ED:0E:13:C7,,[OPEN],2025-12-1 0:14:53,11,-82,34.0484200,-117.1983185,351.20,1.75,WIFI
A0:55:1F:1E:83:8D,SpectrumSetup-8387,[WPA2_PSK],2025-12-1 0:14:53,11,-83,34.0484200,-117.1983185,351.20,1.75,WIFI
AC:B6:87:32:80:DB,Verizon_647KQZ,[WPA2_PSK],2025-12-1 0:14:53,11,-88,34.0484200,-117.1983185,351.20,1.75,WIFI
90:93:5A:0D:CD:5A,Monster Club,[WPA2_PSK],2025-12-1 0:14:54,1,-75,34.0483589,-117.1984329,351.10,1.75,WIFI
00:C8:96:CD:64:C2,,[WPA_WPA2_PSK],2025-12-1 0:14:54,1,-77,34.0483589,-117.1984329,351.10,1.75,WIFI
BC:F8:7E:2E:C9:54,Virus Download,[WPA2_PSK],2025-12-1 0:14:54,1,-77,34.0483589,-117.1984329,351.10,1.75,WIFI
90:D3:CF:6E:F2:83,NSWIFI,[WPA2_PSK],2025-12-1 0:14:54,1,-77,34.0483589,-117.1984329,351.10,1.75,WIFI
92:93:5A:0D:CD:2A,SBG8300Guest-F9E1,[WPA2_PSK],2025-12-1 0:14:54,1,-78,34.0483589,-117.1984329,351.10,1.75,WIFI
58:2F:F7:75:6B:16,SpectrumSetup-10,[WPA2_PSK],2025-12-1 0:14:54,1,-78,34.0483589,-117.1984329,351.10,1.75,WIFI
84:1E:A3:CB:20:46,MooMooMeadows,[WPA2_PSK],2025-12-1 0:14:54,1,-81,34.0483589,-117.1984329,351.10,1.75,WIFI
BC:96:E5:87:49:57,SpectrumSetup-9231,[WPA2_PSK],2025-12-1 0:14:54,1,-84,34.0483589,-117.1984329,351.10,1.75,WIFI
74:37:5F:70:04:87,SpectrumSetup-85,[WPA2_PSK],2025-12-1 0:14:54,1,-86,34.0483589,-117.1984329,351.10,1.75,WIFI
A0:7F:8A:5B:CA:08,SpectrumSetup-CA02,[WPA2_PSK],2025-12-1 0:14:54,1,-87,34.0483589,-117.1984329,351.10,1.75,WIFI
58:2F:F7:F3:42:7D,SpectrumSetup-77,[WPA2_PSK],2025-12-1 0:14:54,1,-89,34.0483589,-117.1984329,351.10,1.75,WIFI
A0:89:66:9C:44:00,,[WPA_WPA2_PSK],2025-12-1 0:14:54,1,-90,34.0483589,-117.1984329,351.10,1.75,WIFI
8C:85:80:66:4E:68,,[WPA_WPA2_PSK],2025-12-1 0:14:58,2,-59,34.0480690,-117.1989594,350.30,1.75,WIFI
3C:7C:3F:A0:70:A0,toledoendo,[WPA_WPA2_PSK],2025-12-1 0:14:58,2,-80,34.0480690,-117.1989594,350.30,1.75,WIFI
B6:A7:B9:4A:14:FD,Ziprick Guest,[WPA_WPA2_PSK],2025-12-1 0:15:0,3,-82,34.0479050,-117.1992569,350.80,1.75,WIFI
D0:68:27:F8:A9:86,Burgers,[WPA2_PSK],2025-12-1 0:15:3,6,-61,34.0476494,-117.1997223,350.70,1.75,WIFI
D0:68:27:FD:B9:C9,,[OPEN],2025-12-1 0:15:3,6,-62,34.0476494,-117.1997223,350.70,1.75,WIFI
D0:68:27:F8:A9:83,,[WPA3_PSK],2025-12-1 0:15:3,6,-62,34.0476494,-117.1997223,350.70,1.75,WIFI
4C:22:F3:37:C1:FF,Verizon_S6PV6L,[WPA2_PSK],2025-12-1 0:15:3,6,-63,34.0476494,-117.1997223,350.70,1.75,WIFI
D0:68:27:FD:B9:C3,,[WPA3_PSK],2025-12-1 0:15:3,6,-63,34.0476494,-117.1997223,350.70,1.75,WIFI
D0:68:27:F8:A9:89,,[OPEN],2025-12-1 0:15:3,6,-63,34.0476494,-117.1997223,350.70,1.75,WIFI
D0:68:27:DF:41:06,Burgers,[WPA2_PSK],2025-12-1 0:15:3,6,-68,34.0476494,-117.1997223,350.70,1.75,WIFI
54:B7:BD:B8:7A:FF,Verizon_B3N96G,[WPA2_PSK],2025-12-1 0:15:3,6,-72,34.0476494,-117.1997223,350.70,1.75,WIFI
94:CD:FD:47:61:C6,EMZ,[WPA2_PSK],2025-12-1 0:15:3,6,-73,34.0476494,-117.1997223,350.70,1.75,WIFI
F8:5B:3B:D7:73:9F,SpectrumSetup-A1,[WPA2_PSK],2025-12-1 0:15:3,6,-73,34.0476494,-117.1997223,350.70,1.75,WIFI
F4:52:46:BD:F3:A5,Hashslingingslasher,[WPA2_PSK],2025-12-1 0:15:3,6,-78,34.0476494,-117.1997223,350.70,1.75,WIFI
7E:2E:BD:89:0B:18,leoffice-guest,[WPA2_PSK],2025-12-1 0:15:3,6,-85,34.0476494,-117.1997223,350.70,1.75,WIFI
56:60:F9:5F:7E:1B,,[WPA2_PSK],2025-12-1 0:15:5,8,-72,34.0474663,-117.2000504,351.00,1.75,WIFI
C0:C9:E3:CB:71:4C,M3_OfficeLink,[WPA2_WPA3_PSK],2025-12-1 0:15:5,8,-73,34.0474663,-117.2000504,351.00,1.75,WIFI
34:60:F9:5F:7E:1B,HandB,[WPA2_PSK],2025-12-1 0:15:5,8,-73,34.0474663,-117.2000504,351.00,1.75,WIFI
92:C9:E3:CB:71:4F,DrMRedlandsBest,[WPA2_WPA3_PSK],2025-12-1 0:15:5,8,-75,34.0474663,-117.2000504,351.00,1.75,WIFI
86:69:1A:0A:50:C9,,[WPA2_PSK],2025-12-1 0:15:6,9,-90,34.0473824,-117.2002182,351.20,1.75,WIFI
2C:67:BE:0A:1B:ED,SpectrumSetup-1BE9,[WPA2_PSK],2025-12-1 0:15:8,11,-67,34.0472221,-117.2005463,351.80,1.75,WIFI
80:78:71:09:36:9E,Dead space,[WPA2_PSK],2025-12-1 0:15:8,11,-69,34.0472221,-117.2005463,351.80,1.75,WIFI
F4:52:46:FF:A0:CF,SpectrumSetup-A0D2,[WPA2_PSK],2025-12-1 0:15:8,11,-76,34.0472221,-117.2005463,351.80,1.75,WIFI
F0:7B:65:3C:22:AA,SpectrumSetup-22A4,[WPA2_PSK],2025-12-1 0:15:8,11,-80,34.0472221,-117.2005463,351.80,1.75,WIFI
4C:19:5D:60:75:09,COPFAMILY,[WPA2_PSK],2025-12-1 0:15:8,11,-81,34.0472221,-117.2005463,351.80,1.75,WIFI
C8:E3:06:2B:EA:23,,[WPA3_PSK],2025-12-1 0:15:8,11,-82,34.0472221,-117.2005463,351.80,1.75,WIFI
C8:E3:06:2B:EA:27,,[OPEN],2025-12-1 0:15:8,11,-82,34.0472221,-117.2005463,351.80,1.75,WIFI
C8:E3:06:2B:EA:25,Wild horse,[WPA2_PSK],2025-12-1 0:15:8,11,-82,34.0472221,-117.2005463,351.80,1.75,WIFI
D0:6D:C9:2D:C7:86,Fruit Farm,[WPA2_PSK],2025-12-1 0:15:8,11,-86,34.0472221,-117.2005463,351.80,1.75,WIFI
CC:58:30:64:D4:D7,TMOBILE-D4D1,[WPA2_WPA3_PSK],2025-12-1 0:15:9,1,-60,34.0471497,-117.2007141,352.20,1.75,WIFI
74:37:5F:DA:99:47,SpectrumSetup-45,[WPA2_PSK],2025-12-1 0:15:9,1,-69,34.0471497,-117.2007141,352.20,1.75,WIFI
D0:6D:C9:39:94:06,Frontier1031,[WPA2_PSK],2025-12-1 0:15:9,1,-78,34.0471497,-117.2007141,352.20,1.75,WIFI
54:04:63:5F:48:9B,,[WPA_WPA2_PSK],2025-12-1 0:15:9,1,-80,34.0471497,-117.2007141,352.20,1.75,WIFI
A0:89:66:E1:74:AC,,[WPA_WPA2_PSK],2025-12-1 0:15:9,1,-81,34.0471497,-117.2007141,352.20,1.75,WIFI
00:CB:51:4F:64:8E,MySpectrumWiFi88-2G,[WPA2_PSK],2025-12-1 0:15:9,1,-82,34.0471497,-117.2007141,352.20,1.75,WIFI
98:1E:19:29:93:7E,MySpectrumWiFi78-2G,[WPA2_PSK],2025-12-1 0:15:9,1,-88,34.0471497,-117.2007141,352.20,1.75,WIFI
AC:91:9B:1D:E4:78,Edwards2,[WPA2_PSK],2025-12-1 0:15:16,5,-84,34.0467796,-117.2017059,353.60,1.75,WIFI
3C:52:82:20:57:50,DIRECT-4F-HP ENVY 7640 series,[WPA2_PSK],2025-12-1 0:15:16,5,-86,34.0467796,-117.2017059,353.60,1.75,WIFI
24:41:FE:48:01:22,Verizon_6KNG9L,[WPA2_PSK],2025-12-1 0:15:17,6,-61,34.0467567,-117.2017899,353.60,1.75,WIFI
AC:91:9B:B8:E2:48,Verizon_K4L9KV,[WPA2_PSK],2025-12-1 0:15:17,6,-67,34.0467567,-117.2017899,353.60,1.75,WIFI
D6:0A:DC:6C:A3:AD,,[WPA2_PSK],2025-12-1 0:15:17,6,-74,34.0467567,-117.2017899,353.60,1.75,WIFI
F8:AA:3F:EB:53:1F,SpectrumSetup-1D,[WPA2_PSK],2025-12-1 0:15:17,6,-76,34.0467567,-117.2017899,353.60,1.75,WIFI
F0:81:75:C0:58:AE,SpectrumSetup-A8,[WPA2_PSK],2025-12-1 0:15:17,6,-78,34.0467567,-117.2017899,353.60,1.75,WIFI
A0:8A:06:51:1A:8D,Spec3,[WPA2_PSK],2025-12-1 0:15:17,6,-83,34.0467567,-117.2017899,353.60,1.75,WIFI
38:88:71:4B:35:C3,Verizon_XB7M73,[WPA2_PSK],2025-12-1 0:15:22,11,-64,34.0465584,-117.2019501,354.30,1.75,WIFI
60:F4:19:8B:6B:29,,[OPEN],2025-12-1 0:15:22,11,-69,34.0465584,-117.2019501,354.30,1.75,WIFI
60:F4:19:8B:6B:23,,[WPA3_PSK],2025-12-1 0:15:22,11,-70,34.0465584,-117.2019501,354.30,1.75,WIFI
60:F4:19:8B:6B:26,Logan Wifi,[WPA2_PSK],2025-12-1 0:15:22,11,-70,34.0465584,-117.2019501,354.30,1.75,WIFI
C0:89:AB:4C:93:98,Frontier4992,[WPA2_PSK],2025-12-1 0:15:22,11,-74,34.0465584,-117.2019501,354.30,1.75,WIFI
A8:3A:79:F5:89:A1,CK_IOT,[WPA2_PSK],2025-12-1 0:15:22,11,-77,34.0465584,-117.2019501,354.30,1.75,WIFI
A8:3A:79:F5:89:A5,CK_STORE,[WPA2],2025-12-1 0:15:22,11,-77,34.0465584,-117.2019501,354.30,1.75,WIFI
A8:3A:79:F5:89:A2,CK_BYOD,[WPA2_PSK],2025-12-1 0:15:22,11,-78,34.0465584,-117.2019501,354.30,1.75,WIFI
A8:3A:79:F5:89:A3,CK_STAGE,[WPA2_PSK],2025-12-1 0:15:22,11,-78,34.0465584,-117.2019501,354.30,1.75,WIFI
A8:3A:79:F5:89:A4,CK_MGR,[WPA2_PSK],2025-12-1 0:15:22,11,-78,34.0465584,-117.2019501,354.30,1.75,WIFI
34:53:D2:B6:95:0E,SpectrumSetup-08,[WPA2_PSK],2025-12-1 0:15:26,1,-86,34.0463219,-117.2017975,355.10,1.75,WIFI
84:A0:6E:CB:0A:E6,MySpectrumWiFie0-2G,[WPA2_PSK],2025-12-1 0:15:26,1,-88,34.0463219,-117.2017975,355.10,1.75,WIFI
D8:A7:56:73:52:96,MySpectrumWiFi90-2G,[WPA2_PSK],2025-12-1 0:15:26,1,-88,34.0463219,-117.2017975,355.10,1.75,WIFI
C0:6F:98:6E:52:89,,[OPEN],2025-12-1 0:15:31,6,-77,34.0462990,-117.2015991,355.60,1.75,WIFI
44:AC:85:6E:45:C6,Normanrose,[WPA2_PSK],2025-12-1 0:15:31,6,-79,34.0462990,-117.2015991,355.60,1.75,WIFI
44:AC:85:6E:45:C9,,[OPEN],2025-12-1 0:15:31,6,-80,34.0462990,-117.2015991,355.60,1.75,WIFI
94:83:C4:0B:C3:A8,crkems750,[WPA_PSK],2025-12-1 0:15:36,11,-81,34.0463104,-117.2015839,356.00,1.75,WIFI
90:D3:CF:6E:ED:5B,GirlypopsNetwork,[WPA2_PSK],2025-12-1 0:15:36,11,-81,34.0463104,-117.2015839,356.00,1.75,WIFI
20:3A:0C:DB:27:03,,[WPA3_PSK],2025-12-1 0:15:36,11,-86,34.0463104,-117.2015839,356.00,1.75,WIFI
FC:12:63:B7:33:03,Lakers Nation,[WPA2_PSK],2025-12-1 0:15:37,1,-78,34.0463104,-117.2015839,356.10,1.75,WIFI
B0:FC:88:03:85:46,Frontier2768,[WPA2_PSK],2025-12-1 0:15:37,1,-82,34.0463104,-117.2015839,356.10,1.75,WIFI
20:3A:0C:DC:CA:06,uribe ,[WPA2_PSK],2025-12-1 0:15:37,1,-84,34.0463104,-117.2015839,356.10,1.75,WIFI
2C:EA:DC:2E:25:79,Mine,[WPA2_PSK],2025-12-1 0:15:37,1,-85,34.0463104,-117.2015839,356.10,1.75,WIFI
54:04:63:C8:A4:F9,,[WPA_WPA2_PSK],2025-12-1 0:15:37,1,-88,34.0463104,-117.2015839,356.10,1.75,WIFI
04:B6:BE:8D:7B:4C,,[WPA_WPA2_PSK],2025-12-1 0:15:37,1,-89,34.0463104,-117.2015839,356.10,1.75,WIFI
A0:EE:EE:08:AD:D8,,[WPA_WPA2_PSK],2025-12-1 0:15:37,1,-90,34.0463104,-117.2015839,356.10,1.75,WIFI
D8:44:89:9B:88:22,motoko,[WPA3_PSK],2025-12-1 0:15:43,4,-89,34.0463104,-117.2015839,356.10,1.75,WIFI
18:A5:FF:7D:5E:7A,CASA-CNAVARROS,[WPA2_WPA3_PSK],2025-12-1 0:15:44,5,-91,34.0463104,-117.2015839,356.10,1.75,WIFI
08:B4:B1:E8:C4:5C,Drug Addicts Only,[WPA2_PSK],2025-12-1 0:15:45,6,-79,34.0463104,-117.2015839,356.20,1.75,WIFI
F4:52:46:ED:AA:AF,SpectrumSetup-B1,[WPA2_PSK],2025-12-1 0:15:45,6,-80,34.0463104,-117.2015839,356.20,1.75,WIFI
C4:A8:16:B8:A4:49,,[OPEN],2025-12-1 0:15:45,6,-81,34.0463104,-117.2015839,356.20,1.75,WIFI
C4:A8:16:B8:A4:46,Tomorrowland,[WPA2_WPA3_PSK],2025-12-1 0:15:45,6,-81,34.0463104,-117.2015839,356.20,1.75,WIFI
C4:A8:16:B8:A4:43,,[WPA3_PSK],2025-12-1 0:15:45,6,-82,34.0463104,-117.2015839,356.20,1.75,WIFI
C4:A8:16:B8:A4:4F,Adventureland,[WPA2_WPA3_PSK],2025-12-1 0:15:45,6,-82,34.0463104,-117.2015839,356.20,1.75,WIFI
F4:52:46:BD:3A:AA,Pikachu,[WPA2_PSK],2025-12-1 0:15:45,6,-83,34.0463104,-117.2015839,356.20,1.75,WIFI
DA:44:89:2B:88:22,,[WPA2_PSK],2025-12-1 0:15:57,4,-90,34.0463104,-117.2015762,356.60,1.75,WIFI
C0:6F:98:6E:52:86,familyof8,[WPA2_PSK],2025-12-1 0:15:59,6,-78,34.0463104,-117.2015762,356.70,1.75,WIFI
C0:6F:98:6E:52:83,,[WPA3_PSK],2025-12-1 0:15:59,6,-78,34.0463104,-117.2015762,356.70,1.75,WIFI
44:AC:85:6E:45:C3,,[WPA3_PSK],2025-12-1 0:15:59,6,-78,34.0463104,-117.2015762,356.70,1.75,WIFI
44:AC:85:86:4F:E3,,[WPA3_PSK],2025-12-1 0:15:59,6,-80,34.0463104,-117.2015762,356.70,1.75,WIFI
B0:FC:88:57:1E:A1,apt13canyouquietdown,[WPA2_PSK],2025-12-1 0:15:59,6,-84,34.0463104,-117.2015762,356.70,1.75,WIFI
46:50:DD:20:F7:7E,DIRECT-roku-PM9-52FDF9,[WPA2_PSK],2025-12-1 0:15:59,6,-85,34.0463104,-117.2015762,356.70,1.75,WIFI
9C:0B:05:B0:8D:AA,,[OPEN],2025-12-1 0:15:59,6,-88,34.0463104,-117.2015762,356.70,1.75,WIFI
74:AC:B9:BD:CB:D1,BT_Magnolia,[WPA2_PSK],2025-12-1 0:15:59,6,-92,34.0463104,-117.2015762,356.70,1.75,WIFI
3C:F0:83:E0:07:6C,CASA-CNAVARROS,[WPA2_WPA3_PSK],2025-12-1 0:16:1,8,-85,34.0463104,-117.2015839,356.70,1.75,WIFI
0E:96:E6:BD:91:C7,DIRECT-c7-HP M148f LaserJet,[WPA2_PSK],2025-12-1 0:16:4,11,-93,34.0463104,-117.2015839,356.70,1.75,WIFI
74:37:5F:4F:EC:A7,Sexfya,[WPA2_PSK],2025-12-1 0:16:6,1,-86,34.0463104,-117.2015839,356.70,1.75,WIFI
FA:8F:CA:6E:4F:61,Polk MagniFi Max-1769.d,[OPEN],2025-12-1 0:16:6,1,-88,34.0463104,-117.2015839,356.70,1.75,WIFI
00:18:05:10:4E:12,,[WPA2_PSK],2025-12-1 0:16:13,6,-86,34.0463104,-117.2015839,356.70,1.75,WIFI
F0:81:75:08:78:E6,MySpectrumWiFie0-2G,[WPA2_PSK],2025-12-1 0:16:20,1,-80,34.0463104,-117.2015839,356.80,1.75,WIFI
DE:07:B6:D7:7E:B6,,[WPA2_PSK],2025-12-1 0:16:27,6,-87,34.0463104,-117.2015762,356.70,1.75,WIFI
88:67:46:6F:6E:C6,Rp,[WPA2_PSK],2025-12-1 0:16:32,11,-78,34.0463104,-117.2015762,356.70,1.75,WIFI
20:3A:0C:DB:27:09,,[OPEN],2025-12-1 0:16:32,11,-88,34.0463104,-117.2015762,356.70,1.75,WIFI
20:3A:0C:DC:CA:03,,[WPA3_PSK],2025-12-1 0:16:36,1,-87,34.0463104,-117.2015762,356.70,1.75,WIFI
20:3A:0C:DC:CA:09,,[OPEN],2025-12-1 0:16:36,1,-88,34.0463104,-117.2015762,356.70,1.75,WIFI
C8:B4:22:05:E5:E7,Cooks Retreat,[WPA2_PSK],2025-12-1 0:16:36,1,-89,34.0463104,-117.2015762,356.70,1.75,WIFI
74:37:5F:55:FA:13,ierr2006,[WPA2_PSK],2025-12-1 0:16:41,6,-84,34.0463142,-117.2015762,356.60,1.75,WIFI
88:67:46:6F:6E:C9,,[OPEN],2025-12-1 0:16:46,11,-77,34.0463142,-117.2015762,356.60,1.75,WIFI
88:67:46:6F:6E:C3,,[WPA3_PSK],2025-12-1 0:16:46,11,-79,34.0463142,-117.2015762,356.60,1.75,WIFI
44:AC:85:86:4F:E9,,[OPEN],2025-12-1 0:16:55,6,-84,34.0463219,-117.2015762,356.70,1.75,WIFI
9C:05:D6:62:FA:5A,ManagementVds,[WPA2_WPA3_PSK],2025-12-1 0:17:2,1,-85,34.0463219,-117.2015762,356.70,1.75,WIFI
BA:2C:A0:65:04:8B,NewThermostat_65048B,[OPEN],2025-12-1 0:17:9,6,-87,34.0463142,-117.2015762,356.80,1.75,WIFI
A0:36:BC:75:07:58,Ramirez Router,[WPA2_PSK],2025-12-1 0:17:11,8,-88,34.0463066,-117.2015839,356.70,1.75,WIFI
88:67:46:64:0E:E3,,[WPA3_PSK],2025-12-1 0:17:14,11,-78,34.0462952,-117.2015991,357.00,1.75,WIFI
FC:3D:73:27:D3:89,,[OPEN],2025-12-1 0:17:14,11,-85,34.0462952,-117.2015991,357.00,1.75,WIFI
DC:92:72:E3:69:AF,Frontier0168,[WPA2_PSK],2025-12-1 0:17:28,11,-83,34.0461235,-117.2015839,357.60,1.75,WIFI
08:62:66:3A:E4:AA,SDCC24G,[OPEN],2025-12-1 0:17:28,11,-90,34.0461235,-117.2015839,357.60,1.75,WIFI
84:1E:A3:29:7F:16,Marquez,[WPA2_PSK],2025-12-1 0:17:30,1,-83,34.0460014,-117.2015381,358.40,1.75,WIFI
54:07:7D:29:B6:91,,[WPA2_PSK],2025-12-1 0:17:34,3,-92,34.0456924,-117.2013016,360.00,1.75,WIFI
10:DA:43:99:AA:F6,NETGEAR29,[WPA2_PSK],2025-12-1 0:17:34,3,-93,34.0456924,-117.2013016,360.00,1.75,WIFI
18:A9:ED:77:E2:49,,[OPEN],2025-12-1 0:17:37,6,-72,34.0454979,-117.2011566,360.90,1.75,WIFI
18:A9:ED:77:E2:46,2BPB2,[WPA2_PSK],2025-12-1 0:17:37,6,-73,34.0454979,-117.2011566,360.90,1.75,WIFI
A8:B0:88:75:59:E6,,[WPA3_PSK],2025-12-1 0:17:37,6,-73,34.0454979,-117.2011566,360.90,1.75,WIFI
18:A9:ED:77:E2:43,,[WPA3_PSK],2025-12-1 0:17:37,6,-73,34.0454979,-117.2011566,360.90,1.75,WIFI
9C:A5:70:9B:A0:05,Normanrose,[WPA2_PSK],2025-12-1 0:17:37,6,-76,34.0454979,-117.2011566,360.90,1.75,WIFI
9C:A5:70:9B:A0:07,,[OPEN],2025-12-1 0:17:37,6,-77,34.0454979,-117.2011566,360.90,1.75,WIFI
7E:AC:B9:BD:CB:D1,iPhoneSetup,[WPA2_PSK],2025-12-1 0:17:37,6,-82,34.0454979,-117.2011566,360.90,1.75,WIFI
82:AC:B9:BD:CB:D1,,[WPA2_PSK],2025-12-1 0:17:37,6,-83,34.0454979,-117.2011566,360.90,1.75,WIFI
F4:52:46:1D:8C:B9,Gaston,[WPA2_PSK],2025-12-1 0:17:37,6,-88,34.0454979,-117.2011566,360.90,1.75,WIFI
7E:AC:B9:BD:D4:B8,iPhoneSetup,[WPA2_PSK],2025-12-1 0:17:37,6,-88,34.0454979,-117.2011566,360.90,1.75,WIFI
10:0C:6B:32:3D:8C,,[WPA2_PSK],2025-12-1 0:17:40,9,-85,34.0453758,-117.2011490,360.50,1.75,WIFI
16:0C:6B:32:3D:8C,RPNet,[WPA2_PSK],2025-12-1 0:17:40,9,-89,34.0453758,-117.2011490,360.50,1.75,WIFI
86:69:1A:95:12:0F,,[WPA2_WPA3_PSK],2025-12-1 0:17:40,9,-92,34.0453758,-117.2011490,360.50,1.75,WIFI
90:48:46:C2:6E:23,ENVOY_112083,[OPEN],2025-12-1 0:17:41,10,-87,34.0453453,-117.2011795,360.60,1.75,WIFI
66:CB:E9:7C:99:EC,[LG_Oven]99ec,[WPA2_PSK],2025-12-1 0:17:42,11,-73,34.0453148,-117.2012253,360.70,1.75,WIFI
90:9A:4A:47:AA:E6,joolastar-ext,[WPA2_PSK],2025-12-1 0:17:42,11,-80,34.0453148,-117.2012253,360.70,1.75,WIFI
A0:8A:06:C5:85:A7,joola-2G,[WPA2_PSK],2025-12-1 0:17:42,11,-81,34.0453148,-117.2012253,360.70,1.75,WIFI
22:3E:A4:04:CF:C2,,[WPA2_PSK],2025-12-1 0:17:42,11,-84,34.0453148,-117.2012253,360.70,1.75,WIFI
E4:19:7F:D5:98:03,,[WPA3_PSK],2025-12-1 0:17:42,11,-87,34.0453148,-117.2012253,360.70,1.75,WIFI
E4:19:7F:D5:98:0F,anaysbarbershop Guest,[WPA2_PSK],2025-12-1 0:17:42,11,-88,34.0453148,-117.2012253,360.70,1.75,WIFI
E4:19:7F:D5:98:06,anaysbarbershop,[WPA2_PSK],2025-12-1 0:17:42,11,-88,34.0453148,-117.2012253,360.70,1.75,WIFI
90:D3:CF:32:04:B3,TheChampsHouse,[WPA2_PSK],2025-12-1 0:17:42,11,-90,34.0453148,-117.2012253,360.70,1.75,WIFI
A0:04:60:CE:27:AC,NETGEAR49,[WPA2_PSK],2025-12-1 0:17:45,1,-76,34.0451965,-117.2014313,360.80,1.75,WIFI
CC:40:D0:A2:8E:62,NETGEAR91,[WPA2_PSK],2025-12-1 0:17:45,1,-85,34.0451965,-117.2014313,360.80,1.75,WIFI
C4:8E:8F:E4:98:76,WIFIE49872,[WPA2_PSK],2025-12-1 0:17:45,1,-85,34.0451965,-117.2014313,360.80,1.75,WIFI
DA:31:34:D0:B7:61,DIRECT-roku-457-3A2911,[WPA2_PSK],2025-12-1 0:17:45,1,-85,34.0451965,-117.2014313,360.80,1.75,WIFI
3C:04:61:9B:96:F8,Frontier2416,[WPA2_PSK],2025-12-1 0:17:45,1,-86,34.0451965,-117.2014313,360.80,1.75,WIFI
58:68:7A:10:AF:17,Cookie,[WPA2_WPA3_PSK],2025-12-1 0:17:45,1,-87,34.0451965,-117.2014313,360.80,1.75,WIFI
88:57:1D:51:C7:14,[range]_E30AJT7113083P,[WPA2_PSK],2025-12-1 0:17:49,4,-87,34.0450478,-117.2017136,360.80,1.75,WIFI
82:AC:B9:BD:D4:B8,,[WPA2_PSK],2025-12-1 0:17:51,6,-73,34.0450172,-117.2017670,360.70,1.75,WIFI
9C:0B:05:C3:67:C4,,[WPA3_PSK],2025-12-1 0:17:51,6,-74,34.0450172,-117.2017670,360.70,1.75,WIFI
74:AC:B9:BD:D4:B8,BT_Magnolia,[WPA2_PSK],2025-12-1 0:17:51,6,-74,34.0450172,-117.2017670,360.70,1.75,WIFI
9C:0B:05:C3:67:CA,,[OPEN],2025-12-1 0:17:51,6,-75,34.0450172,-117.2017670,360.70,1.75,WIFI
9C:0B:05:C3:67:C7,GeorgeYaz,[WPA2_PSK],2025-12-1 0:17:51,6,-75,34.0450172,-117.2017670,360.70,1.75,WIFI
7A:AC:B9:BD:D4:B8,BT_Magnolia_guest,[WPA2_PSK],2025-12-1 0:17:51,6,-81,34.0450172,-117.2017670,360.70,1.75,WIFI
58:2F:F7:68:A1:56,SpectrumSetup-50,[WPA2_PSK],2025-12-1 0:17:51,6,-82,34.0450172,-117.2017670,360.70,1.75,WIFI
FC:34:97:05:D4:D1,BeOurGuest,[WPA2_WPA3_PSK],2025-12-1 0:17:53,7,-76,34.0450096,-117.2017822,360.60,1.75,WIFI
00:22:6C:A7:DA:30,,[OPEN],2025-12-1 0:17:53,7,-79,34.0450096,-117.2017822,360.60,1.75,WIFI
00:22:6C:A7:D7:04,,[OPEN],2025-12-1 0:17:53,7,-80,34.0450096,-117.2017822,360.60,1.75,WIFI
FC:34:97:05:D4:D0,Belle-2G,[WPA2_PSK],2025-12-1 0:17:53,7,-81,34.0450096,-117.2017822,360.60,1.75,WIFI
00:22:6C:A7:D1:04,,[OPEN],2025-12-1 0:17:53,7,-89,34.0450096,-117.2017822,360.60,1.75,WIFI
00:22:6C:A7:D6:9C,,[OPEN],2025-12-1 0:17:53,7,-90,34.0450096,-117.2017822,360.60,1.75,WIFI
F8:F5:32:4C:34:08,Frontier0816,[WPA2_PSK],2025-12-1 0:17:56,11,-80,34.0449829,-117.2018051,360.60,1.75,WIFI
24:F3:E3:08:18:06,Cohen 6g,[WPA2_PSK],2025-12-1 0:17:56,11,-80,34.0449829,-117.2018051,360.60,1.75,WIFI
24:F3:E3:08:18:0F,Frontier4864 Guest,[WPA2_PSK],2025-12-1 0:17:56,11,-81,34.0449829,-117.2018051,360.60,1.75,WIFI
24:F3:E3:08:18:03,,[WPA3_PSK],2025-12-1 0:17:56,11,-81,34.0449829,-117.2018051,360.60,1.75,WIFI
24:F3:E3:08:18:09,,[OPEN],2025-12-1 0:17:56,11,-81,34.0449829,-117.2018051,360.60,1.75,WIFI
22:48:6C:B1:A8:3B,,[WPA2_PSK],2025-12-1 0:17:56,11,-81,34.0449829,-117.2018051,360.60,1.75,WIFI
D4:05:DE:89:EE:64,,[WPA3_PSK],2025-12-1 0:17:56,11,-81,34.0449829,-117.2018051,360.60,1.75,WIFI
D4:05:DE:89:EE:6A,,[OPEN],2025-12-1 0:17:56,11,-81,34.0449829,-117.2018051,360.60,1.75,WIFI
D4:05:DE:89:EE:67,Honn,[WPA2_PSK],2025-12-1 0:17:56,11,-81,34.0449829,-117.2018051,360.60,1.75,WIFI
B2:4A:39:F2:27:62,,[OPEN],2025-12-1 0:17:56,11,-87,34.0449829,-117.2018051,360.60,1.75,WIFI
60:45:CB:5C:8F:30,Mills Home_2.4,[WPA2_PSK],2025-12-1 0:17:56,11,-94,34.0449829,-117.2018051,360.60,1.75,WIFI
60:45:CB:5C:8F:31,Voldemort_2.4,[WPA2_PSK],2025-12-1 0:17:56,11,-94,34.0449829,-117.2018051,360.60,1.75,WIFI
54:04:63:FB:12:D8,,[WPA_WPA2_PSK],2025-12-1 0:18:0,1,-68,34.0448227,-117.2017288,360.60,1.75,WIFI
30:23:03:F9:F5:A7,Linksys07099,[WPA2_PSK],2025-12-1 0:18:0,1,-83,34.0448227,-117.2017288,360.60,1.75,WIFI
D4:3F:32:6C:47:C3,,[WPA3_PSK],2025-12-1 0:18:6,6,-60,34.0444565,-117.2014618,361.90,1.75,WIFI
D4:3F:32:6C:47:C9,,[OPEN],2025-12-1 0:18:6,6,-60,34.0444565,-117.2014618,361.90,1.75,WIFI
D4:3F:32:6C:47:C6,durian,[WPA2_PSK],2025-12-1 0:18:6,6,-63,34.0444565,-117.2014618,361.90,1.75,WIFI
A4:11:62:72:9A:12,ARLO_VMB_4422026869,[WPA2_PSK],2025-12-1 0:18:6,6,-70,34.0444565,-117.2014618,361.90,1.75,WIFI
90:CA:FA:9B:59:3C,The Force,[WPA2_PSK],2025-12-1 0:18:6,6,-76,34.0444565,-117.2014618,361.90,1.75,WIFI
60:F4:19:01:28:A3,,[WPA3_PSK],2025-12-1 0:18:6,6,-76,34.0444565,-117.2014618,361.90,1.75,WIFI
60:F4:19:01:28:A9,,[OPEN],2025-12-1 0:18:6,6,-76,34.0444565,-117.2014618,361.90,1.75,WIFI
90:CA:FA:9B:5D:1A,The Force,[WPA2_PSK],2025-12-1 0:18:6,6,-79,34.0444565,-117.2014618,361.90,1.75,WIFI
98:ED:5C:83:A7:13,TeslaPV_83A713,[WPA2_PSK],2025-12-1 0:18:8,8,-73,34.0443840,-117.2013855,362.20,1.75,WIFI
66:32:B1:31:E3:3E,,[WPA2_PSK],2025-12-1 0:18:8,8,-79,34.0443840,-117.2013855,362.20,1.75,WIFI
D6:47:CC:7F:68:AE,SpectrumSetup-21,[WPA2_PSK],2025-12-1 0:18:11,11,-83,34.0443535,-117.2012711,362.20,1.75,WIFI
C6:47:CC:7F:68:AE,,[WPA2_PSK],2025-12-1 0:18:11,11,-84,34.0443535,-117.2012711,362.20,1.75,WIFI
2C:67:BE:09:97:EF,SpectrumSetup-97EB,[WPA2_PSK],2025-12-1 0:18:14,1,-82,34.0443726,-117.2012024,362.50,1.75,WIFI
1E:67:BE:09:97:E8,,[WPA2_PSK],2025-12-1 0:18:14,1,-83,34.0443726,-117.2012024,362.50,1.75,WIFI
34:53:D2:52:09:CE,SpectrumSetup-C8,[WPA2_PSK],2025-12-1 0:18:14,1,-91,34.0443726,-117.2012024,362.50,1.75,WIFI
22:3E:A4:9C:D0:7F,,[WPA2_PSK],2025-12-1 0:18:14,1,-91,34.0443726,-117.2012024,362.50,1.75,WIFI
08:7B:12:48:BA:26,Frontier0294,[WPA2_PSK],2025-12-1 0:18:14,1,-92,34.0443726,-117.2012024,362.50,1.75,WIFI
04:B6:BE:86:B3:34,,[WPA_WPA2_PSK],2025-12-1 0:18:17,3,-86,34.0443764,-117.2011795,362.50,1.75,WIFI
9A:0C:7A:D4:2C:F8,SpectrumSetup-97EB,[WPA2_PSK],2025-12-1 0:18:25,11,-69,34.0443802,-117.2011795,362.20,1.75,WIFI
AA:0C:7A:D4:2C:F8,,[WPA2_PSK],2025-12-1 0:18:25,11,-78,34.0443802,-117.2011795,362.20,1.75,WIFI
8A:0C:7A:D4:2C:F8,,[WPA2_PSK],2025-12-1 0:18:25,11,-79,34.0443802,-117.2011795,362.20,1.75,WIFI
00:17:1A:D5:37:06,Winegard2ghzD53705,[WPA2_PSK],2025-12-1 0:18:25,11,-91,34.0443802,-117.2011795,362.20,1.75,WIFI
02:17:1A:D5:37:06,,[WPA2_PSK],2025-12-1 0:18:25,11,-91,34.0443802,-117.2011795,362.20,1.75,WIFI
1E:67:BE:09:97:E9,,[WPA2_PSK],2025-12-1 0:18:28,1,-78,34.0443840,-117.2011795,362.20,1.75,WIFI
C0:5D:89:D0:13:89,PNR08IF3106216F090,[OPEN],2025-12-1 0:18:28,1,-79,34.0443840,-117.2011795,362.20,1.75,WIFI
80:69:1A:94:41:B4,Leason2.0,[WPA2_WPA3_PSK],2025-12-1 0:18:28,1,-92,34.0443840,-117.2011795,362.20,1.75,WIFI
