WigleWifi-1.4,appRelease=v1.2.0,model=ESP32 Marauder,release=v1.2.0,device=ESP32 Marauder,display=SPI TFT,board=ESP32 Marauder,brand=JustCallMeKoko
MAC,SSID,AuthMode,FirstSeen,Channel,RSSI,CurrentLatitude,CurrentLongitude,AltitudeMeters,AccuracyMeters,Type
54:04:63:FB:12:D8,,[WPA_WPA2_PSK],2025-12-4 14:57:25,1,-63,34.0446243,-117.2015457,367.10,2.50,WIFI
CC:40:D0:A2:8E:62,NETGEAR91,[WPA2_PSK],2025-12-4 14:57:25,1,-66,34.0446243,-117.2015457,367.10,2.50,WIFI
A0:04:60:CE:27:AC,NETGEAR49,[WPA2_PSK],2025-12-4 14:57:25,1,-84,34.0446243,-117.2015457,367.10,2.50,WIFI
FC:34:97:05:D4:D0,Belle-2G,[WPA2_PSK],2025-12-4 14:57:27,3,-75,34.0447159,-117.2016144,367.20,2.50,WIFI
FC:34:97:05:D4:D1,BeOurGuest,[WPA2_WPA3_PSK],2025-12-4 14:57:27,3,-76,34.0447159,-117.2016144,367.20,2.50,WIFI
9C:0B:05:C3:67:C4,,[WPA3_PSK],2025-12-4 14:57:30,6,-66,34.0448494,-117.2017288,367.60,2.50,WIFI
9C:0B:05:C3:67:CA,,[OPEN],2025-12-4 14:57:30,6,-66,34.0448494,-117.2017288,367.60,2.50,WIFI
9C:0B:05:C3:67:C7,GeorgeYaz,[WPA2_PSK],2025-12-4 14:57:30,6,-66,34.0448494,-117.2017288,367.60,2.50,WIFI
7E:AC:B9:BD:D4:B8,iPhoneSetup,[WPA2_PSK],2025-12-4 14:57:30,6,-81,34.0448494,-117.2017288,367.60,2.50,WIFI
82:AC:B9:BD:D4:B8,,[WPA2_PSK],2025-12-4 14:57:30,6,-81,34.0448494,-117.2017288,367.60,2.50,WIFI
74:AC:B9:BD:CB:D1,BT_Magnolia,[WPA2_PSK],2025-12-4 14:57:30,6,-81,34.0448494,-117.2017288,367.60,2.50,WIFI
44:EA:D8:1E:24:B8,ChimePro-1E24B7,[OPEN],2025-12-4 14:57:30,6,-92,34.0448494,-117.2017288,367.60,2.50,WIFI
82:6C:6C:2A:D7:70,Lan Solo,[WPA2_PSK],2025-12-4 14:57:35,11,-7,34.0450096,-117.2017746,367.70,2.25,WIFI
82:6C:6C:6A:D7:70,,[WPA2_PSK],2025-12-4 14:57:35,11,-7,34.0450096,-117.2017746,367.70,2.25,WIFI
82:6C:6C:4A:D7:70,,[WPA2_PSK],2025-12-4 14:57:35,11,-7,34.0450096,-117.2017746,367.70,2.25,WIFI
9A:0C:7A:D4:2C:F8,SpectrumSetup-97EB,[WPA2_PSK],2025-12-4 14:57:35,11,-75,34.0450096,-117.2017746,367.70,2.25,WIFI
24:F3:E3:08:18:06,Cohen 6g,[WPA2_PSK],2025-12-4 14:57:35,11,-79,34.0450096,-117.2017746,367.70,2.25,WIFI
24:F3:E3:08:18:03,,[WPA3_PSK],2025-12-4 14:57:35,11,-79,34.0450096,-117.2017746,367.70,2.25,WIFI
22:3E:A4:04:CF:C2,,[WPA2_PSK],2025-12-4 14:57:35,11,-80,34.0450096,-117.2017746,367.70,2.25,WIFI
24:F3:E3:08:18:0F,Frontier4864 Guest,[WPA2_PSK],2025-12-4 14:57:35,11,-81,34.0450096,-117.2017746,367.70,2.25,WIFI
F8:F5:32:4C:34:08,Frontier0816,[WPA2_PSK],2025-12-4 14:57:35,11,-83,34.0450096,-117.2017746,367.70,2.25,WIFI
44:AC:85:6E:45:C3,,[WPA3_PSK],2025-12-4 14:57:35,11,-83,34.0450096,-117.2017746,367.70,2.25,WIFI
44:AC:85:6E:45:C9,,[OPEN],2025-12-4 14:57:35,11,-83,34.0450096,-117.2017746,367.70,2.25,WIFI
44:AC:85:6E:45:C6,Normanrose,[WPA2_PSK],2025-12-4 14:57:35,11,-83,34.0450096,-117.2017746,367.70,2.25,WIFI
B2:4A:39:F2:27:62,,[OPEN],2025-12-4 14:57:35,11,-90,34.0450096,-117.2017746,367.70,2.25,WIFI
58:2F:F7:68:A1:56,SpectrumSetup-50,[WPA2_PSK],2025-12-4 14:57:35,11,-90,34.0450096,-117.2017746,367.70,2.25,WIFI
66:CB:E9:7C:99:EC,[LG_Oven]99ec,[WPA2_PSK],2025-12-4 14:57:35,11,-93,34.0450096,-117.2017746,367.70,2.25,WIFI
88:57:1D:51:C7:14,[range]_E30AJT7113083P,[WPA2_PSK],2025-12-4 14:57:43,4,-85,34.0452805,-117.2013168,366.90,2.25,WIFI
18:A9:ED:77:E2:46,2BPB2,[WPA2_PSK],2025-12-4 14:57:45,6,-72,34.0453339,-117.2012100,366.70,2.25,WIFI
18:A9:ED:77:E2:43,,[WPA3_PSK],2025-12-4 14:57:45,6,-72,34.0453339,-117.2012100,366.70,2.25,WIFI
18:A9:ED:77:E2:49,,[OPEN],2025-12-4 14:57:45,6,-72,34.0453339,-117.2012100,366.70,2.25,WIFI
60:F4:19:01:28:A9,,[OPEN],2025-12-4 14:57:45,6,-81,34.0453339,-117.2012100,366.70,2.25,WIFI
64:D9:C2:CF:93:C9,,[OPEN],2025-12-4 14:57:45,6,-81,34.0453339,-117.2012100,366.70,2.25,WIFI
40:47:5E:34:56:66,Perez Family,[WPA2_PSK],2025-12-4 14:57:45,6,-87,34.0453339,-117.2012100,366.70,2.25,WIFI
90:48:46:C2:6E:23,ENVOY_112083,[OPEN],2025-12-4 14:57:47,8,-86,34.0453491,-117.2011337,366.30,2.25,WIFI
9C:A5:70:9B:A0:07,,[OPEN],2025-12-4 14:57:50,11,-74,34.0453453,-117.2010422,366.80,2.25,WIFI
9C:A5:70:9B:A0:05,Normanrose,[WPA2_PSK],2025-12-4 14:57:50,11,-74,34.0453453,-117.2010422,366.80,2.25,WIFI
9C:A5:70:9B:A0:03,,[WPA3_PSK],2025-12-4 14:57:50,11,-75,34.0453453,-117.2010422,366.80,2.25,WIFI
F0:9F:C2:CC:90:F6,ManagementVds,[WPA2_WPA3_PSK],2025-12-4 14:57:50,11,-81,34.0453453,-117.2010422,366.80,2.25,WIFI
C0:89:AB:4C:93:98,Frontier4992,[WPA2_PSK],2025-12-4 14:57:50,11,-83,34.0453453,-117.2010422,366.80,2.25,WIFI
C4:8E:8F:E4:98:76,WIFIE49872,[WPA2_PSK],2025-12-4 14:57:53,1,-65,34.0452385,-117.2009277,367.70,2.25,WIFI
9C:C8:FC:01:AE:48,Roberts,[WPA2_PSK],2025-12-4 14:57:53,1,-68,34.0452385,-117.2009277,367.70,2.25,WIFI
C8:B4:22:05:E5:E7,Cooks Retreat,[WPA2_PSK],2025-12-4 14:57:53,1,-68,34.0452385,-117.2009277,367.70,2.25,WIFI
28:C2:DD:BD:4C:74,WMbd4c74,[OPEN],2025-12-4 14:57:55,2,-75,34.0451088,-117.2008209,368.10,2.25,WIFI
10:DA:43:99:AA:F6,NETGEAR29,[WPA2_PSK],2025-12-4 14:57:56,3,-56,34.0450325,-117.2007675,368.10,2.25,WIFI
5E:07:7D:29:B6:91,ORBI26-Guest,[WPA2_PSK],2025-12-4 14:57:56,3,-84,34.0450325,-117.2007675,368.10,2.25,WIFI
58:2F:F7:75:40:C6,SpectrumSetup-C0,[WPA2_PSK],2025-12-4 14:57:59,6,-67,34.0447655,-117.2005539,368.40,2.25,WIFI
2C:67:BE:5A:C0:20,SpectrumSetup-52F8,[WPA2_PSK],2025-12-4 14:58:4,11,-71,34.0442734,-117.2001572,369.80,2.25,WIFI
38:22:E2:8B:48:FF,DIRECT-FE-HP DeskJet 3700 series,[WPA2_PSK],2025-12-4 14:58:4,11,-73,34.0442734,-117.2001572,369.80,2.25,WIFI
4C:AB:F8:46:5B:FD,SpectrumSetup-FF,[WPA2_PSK],2025-12-4 14:58:4,11,-77,34.0442734,-117.2001572,369.80,2.25,WIFI
94:F7:17:7D:71:18,,[WPA_WPA2_PSK],2025-12-4 14:58:7,1,-80,34.0439758,-117.1999283,370.50,2.25,WIFI
F8:AA:3F:D3:6F:03,SpectrumSetup-79,[WPA2_PSK],2025-12-4 14:58:7,1,-81,34.0439758,-117.1999283,370.50,2.25,WIFI
4C:19:5D:03:2F:70,SpectrumSetup-6A,[WPA2_PSK],2025-12-4 14:58:7,1,-87,34.0439758,-117.1999283,370.50,2.25,WIFI
5A:07:7D:29:9B:86,ORBI26,[WPA2_PSK],2025-12-4 14:58:10,3,-76,34.0437202,-117.1997223,372.00,2.25,WIFI
54:07:7D:29:9B:86,,[WPA2_PSK],2025-12-4 14:58:10,3,-76,34.0437202,-117.1997223,372.00,2.25,WIFI
5E:07:7D:29:9B:86,ORBI26-Guest,[WPA2_PSK],2025-12-4 14:58:10,3,-77,34.0437202,-117.1997223,372.00,2.25,WIFI
5A:07:7D:29:B6:91,ORBI26,[WPA2_PSK],2025-12-4 14:58:10,3,-78,34.0437202,-117.1997223,372.00,2.25,WIFI
EC:9A:74:3B:9C:68,HP-Print-68-Photosmart 6520,[OPEN],2025-12-4 14:58:10,3,-80,34.0437202,-117.1997223,372.00,2.25,WIFI
18:A9:ED:55:E5:83,,[WPA3_PSK],2025-12-4 14:58:13,6,-55,34.0435562,-117.1995926,373.20,2.25,WIFI
18:A9:ED:55:E5:86,Endres Linksys,[WPA2_PSK],2025-12-4 14:58:13,6,-56,34.0435562,-117.1995926,373.20,2.25,WIFI
18:A9:ED:46:CE:43,,[WPA3_PSK],2025-12-4 14:58:13,6,-70,34.0435562,-117.1995926,373.20,2.25,WIFI
18:A9:ED:46:CE:46,Endres Linksys,[WPA2_PSK],2025-12-4 14:58:13,6,-71,34.0435562,-117.1995926,373.20,2.25,WIFI
18:A9:ED:46:CE:49,,[OPEN],2025-12-4 14:58:13,6,-71,34.0435562,-117.1995926,373.20,2.25,WIFI
24:F3:E3:6F:F7:83,,[WPA3_PSK],2025-12-4 14:58:13,6,-76,34.0435562,-117.1995926,373.20,2.25,WIFI
24:F3:E3:6F:F7:89,,[OPEN],2025-12-4 14:58:13,6,-77,34.0435562,-117.1995926,373.20,2.25,WIFI
00:AB:48:15:77:A7,,[OPEN],2025-12-4 14:58:13,6,-80,34.0435562,-117.1995926,373.20,2.25,WIFI
00:AB:48:1A:73:07,,[OPEN],2025-12-4 14:58:13,6,-80,34.0435562,-117.1995926,373.20,2.25,WIFI
24:F3:E3:6F:F7:86,Endres Linksys,[WPA2_PSK],2025-12-4 14:58:13,6,-81,34.0435562,-117.1995926,373.20,2.25,WIFI
00:AB:48:15:77:A3,,[WPA3_PSK],2025-12-4 14:58:13,6,-81,34.0435562,-117.1995926,373.20,2.25,WIFI
00:AB:48:15:77:A5,I believe Wi can Fi,[WPA2_PSK],2025-12-4 14:58:13,6,-81,34.0435562,-117.1995926,373.20,2.25,WIFI
78:76:89:2D:85:44,,[WPA3_PSK],2025-12-4 14:58:13,6,-82,34.0435562,-117.1995926,373.20,2.25,WIFI
78:76:89:2D:85:47,CoolCasa,[WPA2_PSK],2025-12-4 14:58:13,6,-82,34.0435562,-117.1995926,373.20,2.25,WIFI
78:76:89:2D:85:4A,,[OPEN],2025-12-4 14:58:13,6,-83,34.0435562,-117.1995926,373.20,2.25,WIFI
D0:16:7C:4F:D6:A3,,[WPA3_PSK],2025-12-4 14:58:13,6,-88,34.0435562,-117.1995926,373.20,2.25,WIFI
D0:16:7C:4F:D6:A5,OMECH5-BME3,[WPA2_PSK],2025-12-4 14:58:13,6,-88,34.0435562,-117.1995926,373.20,2.25,WIFI
98:6B:3D:D8:7E:B0,Dolly4595,[WPA_WPA2_PSK],2025-12-4 14:58:16,8,-87,34.0435143,-117.1995621,374.10,2.00,WIFI
98:F7:81:E8:DA:18,Frontier5104,[WPA2_PSK],2025-12-4 14:58:19,11,-75,34.0434303,-117.1995010,375.00,2.00,WIFI
A0:8A:06:B0:7B:E7,SpectrumSetup-C8,[WPA2_PSK],2025-12-4 14:58:22,1,-70,34.0433044,-117.1994019,374.70,2.00,WIFI
B6:91:9B:C1:1A:BA,Verizon_Z4TGCG-IoT,[WPA2_PSK],2025-12-4 14:58:22,1,-73,34.0433044,-117.1994019,374.70,2.00,WIFI
AC:91:9B:C1:1A:BA,Verizon_Z4TGCG,[WPA2_PSK],2025-12-4 14:58:22,1,-74,34.0433044,-117.1994019,374.70,2.00,WIFI
94:F7:17:83:E6:60,,[WPA_WPA2_PSK],2025-12-4 14:58:22,1,-84,34.0433044,-117.1994019,374.70,2.00,WIFI
A0:89:66:EA:78:8C,,[WPA_WPA2_PSK],2025-12-4 14:58:22,1,-85,34.0433044,-117.1994019,374.70,2.00,WIFI
92:EB:B6:74:01:C5,,[WPA2_PSK],2025-12-4 14:58:24,2,-75,34.0432205,-117.1993256,375.30,2.00,WIFI
14:EB:B6:74:01:C3,Husbander-tron,[WPA2_PSK],2025-12-4 14:58:24,2,-79,34.0432205,-117.1993256,375.30,2.00,WIFI
A0:8A:06:FF:4E:51,SpectrumSetup-4E54,[WPA2_PSK],2025-12-4 14:58:28,6,-71,34.0429687,-117.1991348,376.30,2.00,WIFI
2C:76:8A:C1:0B:A3,HP-Print-A3-Officejet Pro 8600,[OPEN],2025-12-4 14:58:28,6,-92,34.0429687,-117.1991348,376.30,2.00,WIFI
24:F3:E3:60:1B:06,extrafreakybob,[WPA2_PSK],2025-12-4 14:58:33,11,-68,34.0425682,-117.1988144,377.50,2.00,WIFI
00:AB:48:E1:84:E7,,[OPEN],2025-12-4 14:58:33,11,-75,34.0425682,-117.1988144,377.50,2.00,WIFI
00:AB:48:E1:84:E3,,[WPA3_PSK],2025-12-4 14:58:33,11,-75,34.0425682,-117.1988144,377.50,2.00,WIFI
D0:6D:C9:31:5A:96,Frontier0018,[WPA2_PSK],2025-12-4 14:58:36,1,-81,34.0423050,-117.1986084,378.40,2.00,WIFI
B2:91:9B:C1:1A:BA,Verizon_Z4TGCG-Guest,[WPA2_PSK],2025-12-4 14:58:36,1,-83,34.0423050,-117.1986084,378.40,2.00,WIFI
34:53:D2:23:BE:66,SpectrumSetup-60,[WPA2_PSK],2025-12-4 14:58:36,1,-83,34.0423050,-117.1986084,378.40,2.00,WIFI
34:53:D2:C5:F2:71,LakesideChillin,[WPA2_PSK],2025-12-4 14:58:36,1,-84,34.0423050,-117.1986084,378.40,2.00,WIFI
1A:93:7F:A9:60:B0,SunPower33732,[WPA2_PSK],2025-12-4 14:58:36,1,-87,34.0423050,-117.1986084,378.40,2.00,WIFI
90:BF:D9:42:95:6B,,[WPA_WPA2_PSK],2025-12-4 14:58:40,4,-76,34.0419426,-117.1983109,379.90,2.00,WIFI
1E:59:C0:36:BF:B2,,[WPA2_PSK],2025-12-4 14:58:40,4,-90,34.0419426,-117.1983109,379.90,2.00,WIFI
C8:C6:FE:77:BA:C6,frontier,[WPA2_PSK],2025-12-4 14:58:42,6,-67,34.0417519,-117.1981583,380.80,2.00,WIFI
C8:C6:FE:60:58:C3,,[WPA3_PSK],2025-12-4 14:58:42,6,-68,34.0417519,-117.1981583,380.80,2.00,WIFI
C8:C6:FE:60:58:C9,,[OPEN],2025-12-4 14:58:42,6,-68,34.0417519,-117.1981583,380.80,2.00,WIFI
C8:C6:FE:77:BA:C3,,[WPA3_PSK],2025-12-4 14:58:42,6,-68,34.0417519,-117.1981583,380.80,2.00,WIFI
FA:8F:CA:7B:2B:8A,Living Room Display.e000,[OPEN],2025-12-4 14:58:42,6,-71,34.0417519,-117.1981583,380.80,2.00,WIFI
22:3E:A4:90:93:F2,,[WPA2_PSK],2025-12-4 14:58:42,6,-71,34.0417519,-117.1981583,380.80,2.00,WIFI
C8:C6:FE:60:58:C6,frontier,[WPA2_PSK],2025-12-4 14:58:42,6,-74,34.0417519,-117.1981583,380.80,2.00,WIFI
08:9B:F1:18:85:E3,,[WPA3_PSK],2025-12-4 14:58:42,6,-78,34.0417519,-117.1981583,380.80,2.00,WIFI
08:9B:F1:18:85:E7,,[OPEN],2025-12-4 14:58:42,6,-79,34.0417519,-117.1981583,380.80,2.00,WIFI
08:9B:F1:18:85:E5,Hardins,[WPA2_PSK],2025-12-4 14:58:42,6,-79,34.0417519,-117.1981583,380.80,2.00,WIFI
9C:57:BC:9D:DA:A9,,[OPEN],2025-12-4 14:58:42,6,-80,34.0417519,-117.1981583,380.80,2.00,WIFI
08:9B:F1:18:40:E5,Hardins,[WPA2_PSK],2025-12-4 14:58:42,6,-81,34.0417519,-117.1981583,380.80,2.00,WIFI
F0:2F:74:6E:6C:48,OaktreeDev,[WPA2_PSK],2025-12-4 14:58:42,7,-85,34.0417519,-117.1981583,380.80,2.00,WIFI
72:CD:D6:E2:F6:5A,SLAWSOMENESS,[WPA2_PSK],2025-12-4 14:58:45,9,-66,34.0414772,-117.1979446,382.70,2.00,WIFI
6C:CD:D6:E2:9D:01,SLAWSOMENESS,[WPA2_PSK],2025-12-4 14:58:45,9,-70,34.0414772,-117.1979446,382.70,2.00,WIFI
8C:85:80:EF:D6:79,,[WPA_WPA2_PSK],2025-12-4 14:58:47,11,-73,34.0412941,-117.1977997,384.10,2.00,WIFI
B0:4E:26:80:DA:63,TP-Link_DA63,[WPA_WPA2_PSK],2025-12-4 14:58:47,11,-78,34.0412941,-117.1977997,384.10,2.00,WIFI
50:8C:B1:40:96:59,ENVOY_027885,[OPEN],2025-12-4 14:58:47,11,-79,34.0412941,-117.1977997,384.10,2.00,WIFI
18:9C:27:74:05:A8,Frontier9840,[WPA2_PSK],2025-12-4 14:58:47,11,-84,34.0412941,-117.1977997,384.10,2.00,WIFI
A0:89:66:94:35:C0,,[WPA_WPA2_PSK],2025-12-4 14:58:49,1,-72,34.0411148,-117.1976624,385.50,2.00,WIFI
D8:A7:56:67:A9:86,MySpectrumWiFi80-2G,[WPA2_PSK],2025-12-4 14:58:49,1,-83,34.0411148,-117.1976624,385.50,2.00,WIFI
A6:97:5C:8F:7F:C6,VTECH_5766_7fc6,[WPA2_PSK],2025-12-4 14:58:49,1,-91,34.0411148,-117.1976624,385.50,2.00,WIFI
48:DD:0C:39:DA:47,,[OPEN],2025-12-4 14:58:56,6,-76,34.0405693,-117.1972275,388.80,2.00,WIFI
24:2D:6C:23:71:05,,[WPA3_PSK],2025-12-4 14:58:56,6,-78,34.0405693,-117.1972275,388.80,2.00,WIFI
24:2D:6C:23:71:0B,,[OPEN],2025-12-4 14:58:56,6,-78,34.0405693,-117.1972275,388.80,2.00,WIFI
24:2D:6C:23:71:08,Frontier0536,[WPA2_PSK],2025-12-4 14:58:56,6,-78,34.0405693,-117.1972275,388.80,2.00,WIFI
48:DD:0C:39:DA:43,,[WPA3_PSK],2025-12-4 14:58:56,6,-78,34.0405693,-117.1972275,388.80,2.00,WIFI
48:DD:0C:39:DA:45,Loki,[WPA2_PSK],2025-12-4 14:58:56,6,-79,34.0405693,-117.1972275,388.80,2.00,WIFI
F8:BC:0E:2E:49:06,Loki,[WPA2_PSK],2025-12-4 14:58:56,6,-80,34.0405693,-117.1972275,388.80,2.00,WIFI
34:53:D2:C3:7C:5F,SpectrumSetup-59,[WPA2_PSK],2025-12-4 14:58:56,6,-91,34.0405693,-117.1972275,388.80,2.00,WIFI
CC:28:AA:57:4C:30,Finn's World,[WPA2_PSK],2025-12-4 14:58:57,7,-85,34.0405197,-117.1971817,388.70,2.00,WIFI
6C:CD:D6:E2:F6:5A,,[WPA2_PSK],2025-12-4 14:58:59,9,-88,34.0404778,-117.1971512,388.70,2.00,WIFI
F0:B6:61:B4:94:47,111-EE50,[WPA2_PSK],2025-12-4 14:59:1,11,-65,34.0404701,-117.1971512,388.60,2.00,WIFI
F0:B6:61:B4:94:44,,[WPA3_PSK],2025-12-4 14:59:1,11,-66,34.0404701,-117.1971512,388.60,2.00,WIFI
F0:B6:61:B4:94:4A,,[OPEN],2025-12-4 14:59:1,11,-66,34.0404701,-117.1971512,388.60,2.00,WIFI
F0:B6:61:07:1B:27,111-EE50,[WPA2_PSK],2025-12-4 14:59:1,11,-77,34.0404701,-117.1971512,388.60,2.00,WIFI
F0:B6:61:07:1B:24,,[WPA3_PSK],2025-12-4 14:59:1,11,-78,34.0404701,-117.1971512,388.60,2.00,WIFI
F0:B6:61:07:1B:2A,,[OPEN],2025-12-4 14:59:1,11,-78,34.0404701,-117.1971512,388.60,2.00,WIFI
FC:3F:A6:22:BD:C3,,[WPA3_PSK],2025-12-4 14:59:1,11,-84,34.0404701,-117.1971512,388.60,2.00,WIFI
FC:3F:A6:22:BD:C9,,[OPEN],2025-12-4 14:59:1,11,-84,34.0404701,-117.1971512,388.60,2.00,WIFI
C8:A7:0A:99:04:C4,FiOS-NMYWL,[WPA2_PSK],2025-12-4 14:59:1,11,-85,34.0404701,-117.1971512,388.60,2.00,WIFI
64:DA:ED:50:5E:23,,[WPA3_PSK],2025-12-4 14:59:1,11,-86,34.0404701,-117.1971512,388.60,2.00,WIFI
64:DA:ED:50:5E:25,FiOS-HL8M8,[WPA2_PSK],2025-12-4 14:59:1,11,-86,34.0404701,-117.1971512,388.60,2.00,WIFI
94:91:7F:2F:77:AD,SpectrumSetup-AF,[WPA2_PSK],2025-12-4 14:59:5,1,-66,34.0404053,-117.1971054,388.80,2.00,WIFI
B0:6A:41:B5:D5:E4,Netgear,[WPA2_PSK],2025-12-4 14:59:5,1,-77,34.0404053,-117.1971054,388.80,2.00,WIFI
4A:55:19:05:96:C2,Tineco_0351,[OPEN],2025-12-4 14:59:5,1,-85,34.0404053,-117.1971054,388.80,2.00,WIFI
B0:6A:41:B5:D3:3A,Netgear,[WPA2_PSK],2025-12-4 14:59:11,6,-74,34.0400810,-117.1968994,388.60,2.00,WIFI
C0:21:0D:ED:BE:CA,ZMD_SAP,[OPEN],2025-12-4 14:59:11,6,-78,34.0400810,-117.1968994,388.60,2.00,WIFI
FA:25:51:DE:96:CA,DIRECT-if-EPSON-XP-7100 Series,[WPA2_PSK],2025-12-4 14:59:11,6,-88,34.0400810,-117.1968994,388.60,2.00,WIFI
2C:30:33:46:2B:79,Network_ASH,[WPA2_PSK],2025-12-4 14:59:11,6,-88,34.0400810,-117.1968994,388.60,2.00,WIFI
1A:0C:6B:FF:99:71,SpectrumSetup-07-Guest,[WPA2_PSK],2025-12-4 14:59:13,8,-91,34.0399208,-117.1968155,389.60,2.00,WIFI
64:DA:ED:50:5E:27,,[OPEN],2025-12-4 14:59:16,11,-67,34.0396729,-117.1966400,391.10,2.00,WIFI
44:AC:85:65:18:A9,,[OPEN],2025-12-4 14:59:16,11,-82,34.0396729,-117.1966400,391.10,2.00,WIFI
A0:EE:EE:D7:C3:E8,,[WPA_WPA2_PSK],2025-12-4 14:59:19,1,-89,34.0394096,-117.1964340,393.10,2.00,WIFI
82:48:B8:F3:22:44,Proxima,[WPA2_PSK],2025-12-4 14:59:21,2,-81,34.0392303,-117.1962891,394.70,2.00,WIFI
82:48:B8:F3:22:45,,[WPA2_PSK],2025-12-4 14:59:21,2,-81,34.0392303,-117.1962891,394.70,2.00,WIFI
0A:55:1F:37:AB:13,,[WPA2_PSK],2025-12-4 14:59:25,6,-71,34.0389023,-117.1960144,397.10,2.00,WIFI
0A:55:1F:37:AB:14,,[WPA2_PSK],2025-12-4 14:59:25,6,-71,34.0389023,-117.1960144,397.10,2.00,WIFI
A0:55:1F:37:AB:12,SpectrumSetup-AB0C,[WPA2_PSK],2025-12-4 14:59:25,6,-77,34.0389023,-117.1960144,397.10,2.00,WIFI
20:D7:78:C6:A4:94,ENVOY_149752,[OPEN],2025-12-4 14:59:25,6,-82,34.0389023,-117.1960144,397.10,2.00,WIFI
78:76:89:C1:C9:E4,Mueller WiFi,[WPA2_PSK],2025-12-4 14:59:25,6,-86,34.0389023,-117.1960144,397.10,2.00,WIFI
10:0C:6B:FA:29:68,SpectrumSetup-07,[WPA2_PSK],2025-12-4 14:59:27,8,-67,34.0387535,-117.1958923,398.00,2.00,WIFI
10:0C:6B:FF:99:71,,[WPA2_PSK],2025-12-4 14:59:27,8,-74,34.0387535,-117.1958923,398.00,2.00,WIFI
16:0C:6B:FF:99:71,SpectrumSetup-07,[WPA2_PSK],2025-12-4 14:59:27,8,-74,34.0387535,-117.1958923,398.00,2.00,WIFI
16:0C:6B:FF:99:59,SpectrumSetup-07,[WPA2_PSK],2025-12-4 14:59:27,8,-75,34.0387535,-117.1958923,398.00,2.00,WIFI
1A:0C:6B:FF:99:59,SpectrumSetup-07-Guest,[WPA2_PSK],2025-12-4 14:59:27,8,-78,34.0387535,-117.1958923,398.00,2.00,WIFI
7A:F1:7E:CB:77:B8,TP-Link2024,[WPA2_PSK],2025-12-4 14:59:29,10,-89,34.0386009,-117.1957779,398.40,2.00,WIFI
F0:7B:65:25:25:E1,SpectrumSetup-25DB,[WPA2_PSK],2025-12-4 14:59:30,11,-76,34.0385246,-117.1957169,398.70,2.00,WIFI
2A:0F:EB:5A:FF:1E,TEG-1P7,[WPA2_PSK],2025-12-4 14:59:30,11,-80,34.0385246,-117.1957169,398.70,2.00,WIFI
4E:BA:D7:D3:B8:37,[LG_Oven]b837,[WPA2_PSK],2025-12-4 14:59:30,11,-85,34.0385246,-117.1957169,398.70,2.00,WIFI
94:F7:17:EC:16:C0,,[WPA_WPA2_PSK],2025-12-4 14:59:33,1,-51,34.0382996,-117.1955414,400.10,1.75,WIFI
64:D9:C2:F3:6D:43,,[WPA3_PSK],2025-12-4 14:59:33,1,-73,34.0382996,-117.1955414,400.10,1.75,WIFI
64:D9:C2:F3:6D:49,,[OPEN],2025-12-4 14:59:33,1,-73,34.0382996,-117.1955414,400.10,1.75,WIFI
7E:4D:8F:58:34:BE,DIRECT-BE-HP OfficeJet 8010,[WPA2_PSK],2025-12-4 14:59:33,1,-87,34.0382996,-117.1955414,400.10,1.75,WIFI
52:02:91:CF:A3:E2,eufy RoboVac 30C-A3E2,[OPEN],2025-12-4 14:59:33,1,-89,34.0382996,-117.1955414,400.10,1.75,WIFI
8C:85:80:DB:4F:32,,[WPA_WPA2_PSK],2025-12-4 14:59:35,2,-87,34.0381432,-117.1954269,401.10,1.75,WIFI
F0:B6:61:1D:B3:E7,eero,[WPA2_PSK],2025-12-4 14:59:39,6,-74,34.0378227,-117.1951675,403.10,1.75,WIFI
F0:B6:61:1D:B3:E4,,[WPA3_PSK],2025-12-4 14:59:39,6,-75,34.0378227,-117.1951675,403.10,1.75,WIFI
F0:B6:61:1D:B3:EA,,[OPEN],2025-12-4 14:59:39,6,-76,34.0378227,-117.1951675,403.10,1.75,WIFI
9C:0B:05:BA:15:8A,,[OPEN],2025-12-4 14:59:39,6,-79,34.0378227,-117.1951675,403.10,1.75,WIFI
9C:0B:05:BA:15:84,,[WPA3_PSK],2025-12-4 14:59:39,6,-80,34.0378227,-117.1951675,403.10,1.75,WIFI
9C:0B:05:BA:15:87,sup,[WPA2_PSK],2025-12-4 14:59:39,6,-81,34.0378227,-117.1951675,403.10,1.75,WIFI
DC:69:B5:EB:B8:29,,[OPEN],2025-12-4 14:59:39,6,-82,34.0378227,-117.1951675,403.10,1.75,WIFI
84:70:D7:27:2D:24,,[WPA3_PSK],2025-12-4 14:59:39,6,-83,34.0378227,-117.1951675,403.10,1.75,WIFI
DC:69:B5:EB:B8:23,,[WPA3_PSK],2025-12-4 14:59:39,6,-83,34.0378227,-117.1951675,403.10,1.75,WIFI
DC:69:B5:EB:B8:26,Pooleportal,[WPA2_PSK],2025-12-4 14:59:39,6,-84,34.0378227,-117.1951675,403.10,1.75,WIFI
82:D2:94:31:84:3B,,[WPA2_PSK],2025-12-4 14:59:42,9,-92,34.0376205,-117.1950073,404.90,1.75,WIFI
1C:61:B4:48:5F:9C,Unicorn123_EXT,[WPA2_PSK],2025-12-4 14:59:43,10,-77,34.0375671,-117.1949615,405.30,1.75,WIFI
FC:34:97:42:04:90,Unicorn123,[WPA2_PSK],2025-12-4 14:59:43,10,-82,34.0375671,-117.1949615,405.30,1.75,WIFI
24:41:FE:57:AD:86,Paddy's Pub,[WPA2_PSK],2025-12-4 14:59:44,11,-57,34.0375214,-117.1949310,405.60,1.75,WIFI
08:7B:12:62:1F:C6,SpectrumSetup-C0,[WPA2_PSK],2025-12-4 14:59:44,11,-66,34.0375214,-117.1949310,405.60,1.75,WIFI
88:6A:E3:9B:A3:DE,tl9ba3de,[WPA2_PSK],2025-12-4 14:59:44,11,-69,34.0375214,-117.1949310,405.60,1.75,WIFI
D6:8D:26:5A:3F:1A,[LG_Oven]3f1a,[WPA2_PSK],2025-12-4 14:59:44,11,-77,34.0375214,-117.1949310,405.60,1.75,WIFI
DC:69:B5:39:CC:C3,,[WPA3_PSK],2025-12-4 14:59:44,11,-85,34.0375214,-117.1949310,405.60,1.75,WIFI
90:9D:7D:46:BC:D8,Frontier3072,[WPA2_PSK],2025-12-4 14:59:47,1,-88,34.0374336,-117.1948547,406.00,1.75,WIFI
FC:15:B4:70:F5:B1,HP-Print-B1-ENVY 5530 series,[OPEN],2025-12-4 14:59:47,1,-89,34.0374336,-117.1948547,406.00,1.75,WIFI
3A:22:E2:FA:00:0F,DIRECT-0f-HP M29 LaserJet,[WPA2_PSK],2025-12-4 14:59:47,1,-90,34.0374336,-117.1948547,406.00,1.75,WIFI
88:57:1D:27:BE:A0,[range]_E30AJT7113450T,[WPA2_PSK],2025-12-4 14:59:51,4,-88,34.0374146,-117.1948395,406.10,1.75,WIFI
24:62:AB:E7:E0:55,Traeger-E055,[WPA2_PSK],2025-12-4 14:59:52,5,-86,34.0373840,-117.1948166,406.10,1.75,WIFI
C8:C6:FE:6F:33:06,Turu Wifi,[WPA2_PSK],2025-12-4 14:59:53,6,-79,34.0373459,-117.1947861,406.20,1.75,WIFI
C8:C6:FE:6F:33:03,,[WPA3_PSK],2025-12-4 14:59:53,6,-80,34.0373459,-117.1947861,406.20,1.75,WIFI
D4:A9:28:14:B4:CE,FiOS-XN2PV,[WPA2_PSK],2025-12-4 14:59:53,6,-81,34.0373459,-117.1947861,406.20,1.75,WIFI
7C:7E:F9:54:02:74,Pooleportal,[WPA2_PSK],2025-12-4 14:59:53,6,-84,34.0373459,-117.1947861,406.20,1.75,WIFI
9C:3D:CF:59:4B:72,ARLO_VMB_1562492262,[WPA2_PSK],2025-12-4 14:59:53,6,-85,34.0373459,-117.1947861,406.20,1.75,WIFI
00:CB:51:41:54:CE,HomeRouter-2G,[WPA2_PSK],2025-12-4 14:59:55,8,-83,34.0372429,-117.1947098,406.30,1.75,WIFI
3A:01:46:DB:E2:CC,DIRECT-qJLexmark MC3224dwe-cce2,[WPA2_PSK],2025-12-4 14:59:55,8,-87,34.0372429,-117.1947098,406.30,1.75,WIFI
7E:D2:94:31:84:3B,RAYNES-5G,[WPA2_PSK],2025-12-4 14:59:56,9,-85,34.0371933,-117.1946716,406.20,1.75,WIFI
E4:19:7F:8F:FF:03,,[WPA3_PSK],2025-12-4 14:59:58,11,-86,34.0370865,-117.1945953,406.80,1.75,WIFI
D4:A9:28:19:5A:3C,FiOS-INY4T,[WPA2_PSK],2025-12-4 14:59:58,11,-87,34.0370865,-117.1945953,406.80,1.75,WIFI
CC:7B:5C:CC:C5:35,PNR08IF3106C374092,[OPEN],2025-12-4 15:0:1,1,-79,34.0368996,-117.1944427,407.20,1.75,WIFI
C8:63:FC:7C:4F:28,Frontier2656,[WPA2_PSK],2025-12-4 15:0:1,1,-82,34.0368996,-117.1944427,407.20,1.75,WIFI
D0:BF:9C:B1:04:C1,HP-Print-C1-ENVY 5530 series,[WPA2_PSK],2025-12-4 15:0:5,4,-88,34.0365982,-117.1941910,409.00,1.75,WIFI
AC:EC:85:D1:7D:56,,[OPEN],2025-12-4 15:0:7,6,-66,34.0364456,-117.1940613,409.90,1.75,WIFI
AC:EC:85:D1:7D:52,,[WPA3_PSK],2025-12-4 15:0:7,6,-67,34.0364456,-117.1940613,409.90,1.75,WIFI
AC:EC:85:D1:7D:54,My Glorified Dial-Up,[WPA2_PSK],2025-12-4 15:0:7,6,-68,34.0364456,-117.1940613,409.90,1.75,WIFI
60:F4:19:7B:13:46,My Glorified Dial-Up,[WPA2_PSK],2025-12-4 15:0:7,6,-76,34.0364456,-117.1940613,409.90,1.75,WIFI
C8:B8:2F:BA:7B:84,,[WPA3_PSK],2025-12-4 15:0:7,6,-84,34.0364456,-117.1940613,409.90,1.75,WIFI
C8:B8:2F:BA:7B:86,My Glorified Dial-Up,[WPA2_PSK],2025-12-4 15:0:7,6,-84,34.0364456,-117.1940613,409.90,1.75,WIFI
7C:7E:F9:54:DA:14,Pooleportal,[WPA2_PSK],2025-12-4 15:0:7,6,-85,34.0364456,-117.1940613,409.90,1.75,WIFI
C8:B8:2F:BA:7B:88,,[OPEN],2025-12-4 15:0:7,6,-85,34.0364456,-117.1940613,409.90,1.75,WIFI
7C:7E:F9:54:02:72,,[WPA3_PSK],2025-12-4 15:0:7,6,-88,34.0364456,-117.1940613,409.90,1.75,WIFI
7C:7E:F9:54:02:76,,[OPEN],2025-12-4 15:0:7,6,-89,34.0364456,-117.1940613,409.90,1.75,WIFI
10:DA:43:B8:10:BD,Andromeda,[WPA2_PSK],2025-12-4 15:0:9,8,-76,34.0362930,-117.1939468,410.50,1.75,WIFI
0C:EF:15:C3:0F:CE,Donut Stacks,[WPA2_PSK],2025-12-4 15:0:10,9,-90,34.0362129,-117.1938858,410.90,1.75,WIFI
12:EF:15:C3:0F:CE,,[WPA2_PSK],2025-12-4 15:0:10,9,-94,34.0362129,-117.1938858,410.90,1.75,WIFI
60:F4:19:52:D3:E3,,[WPA3_PSK],2025-12-4 15:0:12,11,-73,34.0360489,-117.1937637,411.80,1.75,WIFI
60:F4:19:52:D3:E6,MT-Frontier ,[WPA2_PSK],2025-12-4 15:0:12,11,-73,34.0360489,-117.1937637,411.80,1.75,WIFI
60:F4:19:52:D3:E9,,[OPEN],2025-12-4 15:0:12,11,-74,34.0360489,-117.1937637,411.80,1.75,WIFI
E8:D3:EB:83:B5:63,,[WPA3_PSK],2025-12-4 15:0:12,11,-76,34.0360489,-117.1937637,411.80,1.75,WIFI
E8:D3:EB:83:B5:66,Nana of 5,[WPA2_PSK],2025-12-4 15:0:12,11,-76,34.0360489,-117.1937637,411.80,1.75,WIFI
E8:D3:EB:7D:E8:26,Nana of 5,[WPA2_PSK],2025-12-4 15:0:12,11,-77,34.0360489,-117.1937637,411.80,1.75,WIFI
E8:D3:EB:83:B5:69,,[OPEN],2025-12-4 15:0:12,11,-77,34.0360489,-117.1937637,411.80,1.75,WIFI
B8:66:85:D4:BF:4E,MySpectrumWiFi48-2G,[WPA2_PSK],2025-12-4 15:0:12,11,-80,34.0360489,-117.1937637,411.80,1.75,WIFI
74:93:DA:44:EF:11,SpectrumSetup-13,[WPA2_PSK],2025-12-4 15:0:12,11,-84,34.0360489,-117.1937637,411.80,1.75,WIFI
24:F3:E3:F2:23:06,Frontier800,[WPA2_PSK],2025-12-4 15:0:12,11,-87,34.0360489,-117.1937637,411.80,1.75,WIFI
24:F3:E3:F2:23:09,,[OPEN],2025-12-4 15:0:12,11,-88,34.0360489,-117.1937637,411.80,1.75,WIFI
A0:8C:FD:71:99:4D,DIRECT-4C-HP ENVY 5660 series,[WPA2_PSK],2025-12-4 15:0:12,11,-90,34.0360489,-117.1937637,411.80,1.75,WIFI
B2:AB:62:B0:78:02,DIRECT-roku-7YF-5A8964,[WPA2_PSK],2025-12-4 15:0:12,11,-90,34.0360489,-117.1937637,411.80,1.75,WIFI
A0:EE:EE:D8:C9:18,,[WPA_WPA2_PSK],2025-12-4 15:0:16,1,-74,34.0357933,-117.1935501,413.70,1.75,WIFI
54:04:63:C5:03:A1,,[WPA_WPA2_PSK],2025-12-4 15:0:16,1,-78,34.0357933,-117.1935501,413.70,1.75,WIFI
90:D3:CF:B8:B8:F7,SpectrumSetup-B8FA,[WPA2_PSK],2025-12-4 15:0:16,1,-80,34.0357933,-117.1935501,413.70,1.75,WIFI
28:94:01:3C:99:CC,Bob_2GEXT,[WPA2_PSK],2025-12-4 15:0:16,1,-82,34.0357933,-117.1935501,413.70,1.75,WIFI
F4:E2:C6:AC:5E:14,C&C Home,[WPA2_PSK],2025-12-4 15:0:16,1,-83,34.0357933,-117.1935501,413.70,1.75,WIFI
48:A2:E6:A0:32:84,NewThermostat_A03284,[OPEN],2025-12-4 15:0:16,1,-90,34.0357933,-117.1935501,413.70,1.75,WIFI
A2:63:91:7B:A6:7C,dstarr333_EXT,[WPA2_PSK],2025-12-4 15:0:16,1,-92,34.0357933,-117.1935501,413.70,1.75,WIFI
F0:B6:61:21:C6:44,,[WPA3_PSK],2025-12-4 15:0:22,6,-51,34.0355339,-117.1933517,414.30,1.75,WIFI
F0:B6:61:21:C6:4A,,[OPEN],2025-12-4 15:0:22,6,-51,34.0355339,-117.1933517,414.30,1.75,WIFI
F0:B6:61:21:C6:47,Casa_Madrigal,[WPA2_PSK],2025-12-4 15:0:22,6,-52,34.0355339,-117.1933517,414.30,1.75,WIFI
F0:B6:61:AF:19:E4,,[WPA3_PSK],2025-12-4 15:0:22,6,-62,34.0355339,-117.1933517,414.30,1.75,WIFI
F0:B6:61:AF:19:EA,,[OPEN],2025-12-4 15:0:22,6,-62,34.0355339,-117.1933517,414.30,1.75,WIFI
F0:B6:61:AF:19:E7,Casa_Madrigal,[WPA2_PSK],2025-12-4 15:0:22,6,-66,34.0355339,-117.1933517,414.30,1.75,WIFI
F0:B6:61:71:32:A4,,[WPA3_PSK],2025-12-4 15:0:22,6,-73,34.0355339,-117.1933517,414.30,1.75,WIFI
F0:B6:61:71:32:AA,,[OPEN],2025-12-4 15:0:22,6,-74,34.0355339,-117.1933517,414.30,1.75,WIFI
F0:B6:61:71:32:A7,Casa_Madrigal,[WPA2_PSK],2025-12-4 15:0:22,6,-79,34.0355339,-117.1933517,414.30,1.75,WIFI
1C:F2:9A:7B:41:D1,DisneyHouse,[WPA2_PSK],2025-12-4 15:0:22,6,-83,34.0355339,-117.1933517,414.30,1.75,WIFI
CA:B4:98:5A:F5:BD,,[WPA2_PSK],2025-12-4 15:0:22,6,-83,34.0355339,-117.1933517,414.30,1.75,WIFI
66:2F:D0:29:53:E6,TP-Link_IoT_53E4,[WPA2_PSK],2025-12-4 15:0:22,7,-84,34.0355339,-117.1933517,414.30,1.75,WIFI
46:2F:D0:29:53:E6,,[WPA2_PSK],2025-12-4 15:0:22,7,-84,34.0355339,-117.1933517,414.30,1.75,WIFI
0C:EF:15:C3:14:79,Donut Stacks,[WPA2_PSK],2025-12-4 15:0:25,9,-66,34.0353394,-117.1931915,415.40,1.75,WIFI
12:EF:15:C3:15:64,,[WPA2_PSK],2025-12-4 15:0:25,9,-69,34.0353394,-117.1931915,415.40,1.75,WIFI
0C:EF:15:C3:15:64,Donut Stacks,[WPA2_PSK],2025-12-4 15:0:25,9,-70,34.0353394,-117.1931915,415.40,1.75,WIFI
12:EF:15:C3:14:79,,[WPA2_PSK],2025-12-4 15:0:25,9,-70,34.0353394,-117.1931915,415.40,1.75,WIFI
4C:AB:F8:38:49:AF,SpectrumSetup-B1,[WPA2_PSK],2025-12-4 15:0:27,11,-79,34.0352058,-117.1930847,416.20,1.75,WIFI
34:53:D2:E2:81:1D,PKJ,[WPA2_PSK],2025-12-4 15:0:30,1,-72,34.0349846,-117.1929016,417.70,1.75,WIFI
F8:F5:32:49:0F:B8,Frontier4912,[WPA2_PSK],2025-12-4 15:0:30,1,-75,34.0349846,-117.1929016,417.70,1.75,WIFI
48:5D:36:38:0F:C0,Jamesbond1,[WPA2_PSK],2025-12-4 15:0:30,1,-79,34.0349846,-117.1929016,417.70,1.75,WIFI
C0:6F:98:ED:70:46,Skibz house,[WPA2_PSK],2025-12-4 15:0:30,1,-83,34.0349846,-117.1929016,417.70,1.75,WIFI
A0:89:66:E1:3C:DC,,[WPA_WPA2_PSK],2025-12-4 15:0:30,1,-88,34.0349846,-117.1929016,417.70,1.75,WIFI
36:98:7A:F0:A7:C4,Tineco_2399,[OPEN],2025-12-4 15:0:30,1,-90,34.0349846,-117.1929016,417.70,1.75,WIFI
94:F7:17:B7:F7:E0,,[WPA_WPA2_PSK],2025-12-4 15:0:30,1,-90,34.0349846,-117.1929016,417.70,1.75,WIFI
08:B4:B1:32:9E:E3,Casa de Bell,[WPA2_PSK],2025-12-4 15:0:30,1,-92,34.0349846,-117.1929016,417.70,1.75,WIFI
FC:3D:73:AF:AE:43,,[WPA3_PSK],2025-12-4 15:0:36,6,-81,34.0345955,-117.1924057,421.60,1.75,WIFI
FC:3D:73:AF:AE:46,Flyworld,[WPA2_PSK],2025-12-4 15:0:36,6,-81,34.0345955,-117.1924057,421.60,1.75,WIFI
FC:3D:73:AF:AE:49,,[OPEN],2025-12-4 15:0:36,6,-82,34.0345955,-117.1924057,421.60,1.75,WIFI
30:3A:4A:88:87:43,,[WPA3_PSK],2025-12-4 15:0:36,6,-83,34.0345955,-117.1924057,421.60,1.75,WIFI
30:3A:4A:88:87:47,,[OPEN],2025-12-4 15:0:36,6,-83,34.0345955,-117.1924057,421.60,1.75,WIFI
D4:3F:32:8B:E9:C9,,[OPEN],2025-12-4 15:0:36,6,-86,34.0345955,-117.1924057,421.60,1.75,WIFI
D4:3F:32:8B:E9:C6,FiOS-ITT8Z,[WPA2_PSK],2025-12-4 15:0:36,6,-86,34.0345955,-117.1924057,421.60,1.75,WIFI
30:3A:4A:86:2A:67,,[OPEN],2025-12-4 15:0:36,6,-87,34.0345955,-117.1924057,421.60,1.75,WIFI
30:3A:4A:86:2A:65,eero6,[WPA2_PSK],2025-12-4 15:0:36,6,-87,34.0345955,-117.1924057,421.60,1.75,WIFI
E6:FA:C4:9A:95:2F,,[WPA2_PSK],2025-12-4 15:0:36,7,-86,34.0345955,-117.1924057,421.60,1.75,WIFI
C8:7F:54:24:3F:B4,Big Time,[WPA2_PSK],2025-12-4 15:0:38,8,-53,34.0345039,-117.1923065,422.50,1.75,WIFI
6A:9C:25:70:54:11,Big Time,[WPA2_PSK],2025-12-4 15:0:38,8,-73,34.0345039,-117.1923065,422.50,1.75,WIFI
E2:BB:9E:13:1B:D6,DIRECT-eP-EPSON-ET-2850 Series,[WPA2_PSK],2025-12-4 15:0:38,8,-76,34.0345039,-117.1923065,422.50,1.75,WIFI
24:F3:E3:FC:38:46,Frontier800,[WPA2_PSK],2025-12-4 15:0:41,11,-70,34.0344429,-117.1922531,423.00,1.75,WIFI
24:F3:E3:F2:23:03,,[WPA3_PSK],2025-12-4 15:0:41,11,-70,34.0344429,-117.1922531,423.00,1.75,WIFI
24:F3:E3:FA:1B:06,Frontier800,[WPA2_PSK],2025-12-4 15:0:41,11,-83,34.0344429,-117.1922531,423.00,1.75,WIFI
F0:B6:61:1E:ED:27,browntown,[WPA2_PSK],2025-12-4 15:0:41,11,-83,34.0344429,-117.1922531,423.00,1.75,WIFI
F0:B6:61:1E:ED:2A,,[OPEN],2025-12-4 15:0:41,11,-85,34.0344429,-117.1922531,423.00,1.75,WIFI
50:27:A9:50:03:E7,,[OPEN],2025-12-4 15:0:41,11,-85,34.0344429,-117.1922531,423.00,1.75,WIFI
10:DA:43:3E:5D:61,ngHub_31946CNG03330,[WPA2_PSK],2025-12-4 15:0:41,11,-85,34.0344429,-117.1922531,423.00,1.75,WIFI
F0:B6:61:1E:ED:24,,[WPA3_PSK],2025-12-4 15:0:41,11,-86,34.0344429,-117.1922531,423.00,1.75,WIFI
50:27:A9:50:03:E3,,[WPA3_PSK],2025-12-4 15:0:41,11,-86,34.0344429,-117.1922531,423.00,1.75,WIFI
50:27:A9:50:03:E5,browntown,[WPA2_PSK],2025-12-4 15:0:41,11,-86,34.0344429,-117.1922531,423.00,1.75,WIFI
60:D5:61:00:13:E4,,[WPA2_PSK],2025-12-4 15:0:42,13,-92,34.0344315,-117.1922379,423.10,1.75,WIFI
B2:5C:DA:F8:54:9D,DIRECT-9D-HP OfficeJet Pro 9010,[WPA2_PSK],2025-12-4 15:0:42,1,-83,34.0344315,-117.1922379,423.10,1.75,WIFI
54:04:63:C5:02:81,,[WPA_WPA2_PSK],2025-12-4 15:0:42,1,-84,34.0344315,-117.1922379,423.10,1.75,WIFI
20:3A:0C:CD:89:86,Frontier7888,[WPA2_PSK],2025-12-4 15:0:42,1,-85,34.0344315,-117.1922379,423.10,1.75,WIFI
20:3A:0C:CD:89:83,,[WPA3_PSK],2025-12-4 15:0:42,1,-86,34.0344315,-117.1922379,423.10,1.75,WIFI
50:FD:D5:D4:FE:64,[range]_E30AJT7113562H,[WPA2_PSK],2025-12-4 15:0:42,1,-88,34.0344315,-117.1922379,423.10,1.75,WIFI
F0:7B:65:49:04:CE,SpectrumSetup-04C8,[WPA2_PSK],2025-12-4 15:0:42,1,-92,34.0344315,-117.1922379,423.10,1.75,WIFI
10:7C:61:34:F7:78,Dragonballs,[WPA2_PSK],2025-12-4 15:0:47,3,-67,34.0342407,-117.1920776,423.90,1.75,WIFI
30:3A:4A:88:87:45,eero6,[WPA2_PSK],2025-12-4 15:0:50,6,-76,34.0340385,-117.1919174,425.20,1.75,WIFI
EC:74:27:F4:6E:47,,[OPEN],2025-12-4 15:0:50,6,-79,34.0340385,-117.1919174,425.20,1.75,WIFI
EC:74:27:F4:6E:45,eero6,[WPA2_PSK],2025-12-4 15:0:50,6,-79,34.0340385,-117.1919174,425.20,1.75,WIFI
EC:74:27:F4:6E:43,,[WPA3_PSK],2025-12-4 15:0:50,6,-81,34.0340385,-117.1919174,425.20,1.75,WIFI
50:6A:03:AB:B3:E4,MySpectrumWIFI00-2G,[WPA2_PSK],2025-12-4 15:0:51,7,-87,34.0339699,-117.1918640,425.60,1.75,WIFI
A8:97:CD:BB:23:08,Home,[WPA2_PSK],2025-12-4 15:0:55,11,-83,34.0336456,-117.1916046,427.40,1.75,WIFI
64:C2:69:9F:BA:45,Serpentine Fire,[WPA2_PSK],2025-12-4 15:0:55,11,-84,34.0336456,-117.1916046,427.40,1.75,WIFI
E0:E1:A9:CC:FB:2E,Frontier7184-plus,[WPA2_PSK],2025-12-4 15:0:55,11,-85,34.0336456,-117.1916046,427.40,1.75,WIFI
16:CB:19:28:89:87,DIRECT-87-HP ENVY Photo 7800,[WPA2_PSK],2025-12-4 15:0:55,11,-91,34.0336456,-117.1916046,427.40,1.75,WIFI
9C:A5:70:4D:90:A5,frs823,[WPA2_PSK],2025-12-4 15:0:58,1,-76,34.0333862,-117.1914291,428.50,1.75,WIFI
9C:A5:70:4D:90:A7,,[OPEN],2025-12-4 15:0:58,1,-85,34.0333862,-117.1914291,428.50,1.75,WIFI
76:AC:B9:27:04:36,,[WPA2_PSK],2025-12-4 15:0:58,1,-86,34.0333862,-117.1914291,428.50,1.75,WIFI
9C:A5:70:4D:90:A3,,[WPA3_PSK],2025-12-4 15:0:58,1,-87,34.0333862,-117.1914291,428.50,1.75,WIFI
34:64:A9:42:97:85,DIRECT-84-HP ENVY 7640 series,[WPA2_PSK],2025-12-4 15:0:58,1,-89,34.0333862,-117.1914291,428.50,1.75,WIFI
54:04:63:CB:E3:A9,,[WPA_WPA2_PSK],2025-12-4 15:0:58,1,-94,34.0333862,-117.1914291,428.50,1.75,WIFI
22:48:6C:5D:21:D6,,[WPA2_PSK],2025-12-4 15:1:5,6,-62,34.0327301,-117.1912918,433.60,1.75,WIFI
EC:74:27:F5:D5:65,eero6,[WPA2_PSK],2025-12-4 15:1:5,6,-70,34.0327301,-117.1912918,433.60,1.75,WIFI
A0:39:EE:53:B3:56,MySpectrumWiFi50-2G,[WPA2_PSK],2025-12-4 15:1:5,6,-71,34.0327301,-117.1912918,433.60,1.75,WIFI
EC:74:27:F5:D5:63,,[WPA3_PSK],2025-12-4 15:1:5,6,-71,34.0327301,-117.1912918,433.60,1.75,WIFI
C8:E3:06:54:95:05,eero6,[WPA2_PSK],2025-12-4 15:1:5,6,-73,34.0327301,-117.1912918,433.60,1.75,WIFI
C8:E3:06:54:95:07,,[OPEN],2025-12-4 15:1:5,6,-76,34.0327301,-117.1912918,433.60,1.75,WIFI
30:3A:4A:89:65:83,,[WPA3_PSK],2025-12-4 15:1:5,6,-81,34.0327301,-117.1912918,433.60,1.75,WIFI
30:3A:4A:89:65:87,,[OPEN],2025-12-4 15:1:5,6,-81,34.0327301,-117.1912918,433.60,1.75,WIFI
30:3A:4A:89:65:85,eero6,[WPA2_PSK],2025-12-4 15:1:5,6,-81,34.0327301,-117.1912918,433.60,1.75,WIFI
EC:74:27:F7:3B:43,,[WPA3_PSK],2025-12-4 15:1:5,6,-82,34.0327301,-117.1912918,433.60,1.75,WIFI
10:60:4B:1E:A9:59,HP-Print-59-Officejet 7610,[OPEN],2025-12-4 15:1:5,6,-84,34.0327301,-117.1912918,433.60,1.75,WIFI
5E:E9:31:25:FD:9E,BiggieSmallz,[WPA2_PSK],2025-12-4 15:1:9,10,-93,34.0323257,-117.1912689,437.00,1.75,WIFI
C0:A0:0D:F4:6A:5A,Frontier3616,[WPA2_PSK],2025-12-4 15:1:10,11,-74,34.0322304,-117.1912613,437.80,1.75,WIFI
92:03:71:45:4D:65,TeslaPW_DAVNJE,[WPA2_PSK],2025-12-4 15:1:10,11,-77,34.0322304,-117.1912613,437.80,1.75,WIFI
1C:3B:F3:84:7E:69,Frontier5680,[WPA_WPA2_PSK],2025-12-4 15:1:10,11,-85,34.0322304,-117.1912613,437.80,1.75,WIFI
34:DB:9C:6C:3C:F6,MySpectrumWiFif0-2G,[WPA2_PSK],2025-12-4 15:1:10,11,-86,34.0322304,-117.1912613,437.80,1.75,WIFI
F4:52:46:89:68:6B,SpectrumSetup-686E,[WPA2_PSK],2025-12-4 15:1:13,1,-83,34.0319939,-117.1912460,439.40,1.75,WIFI
58:9B:4A:AB:B8:C4,SpectrumSetup-B8C0,[WPA2_PSK],2025-12-4 15:1:13,1,-91,34.0319939,-117.1912460,439.40,1.75,WIFI
E8:AD:A6:44:96:B6,MySpectrumWiFib0-2G,[WPA2_PSK],2025-12-4 15:1:13,1,-92,34.0319939,-117.1912460,439.40,1.75,WIFI
42:78:95:9E:44:2A,,[WPA2_PSK],2025-12-4 15:1:16,3,-89,34.0318642,-117.1912231,440.00,1.75,WIFI
3C:78:95:9E:44:2A,SpectrumSetup-043F,[WPA2_PSK],2025-12-4 15:1:16,3,-91,34.0318642,-117.1912231,440.00,1.75,WIFI
34:98:B5:51:E3:D4,,[WPA2_PSK],2025-12-4 15:1:17,4,-85,34.0318489,-117.1912155,439.90,1.75,WIFI
3A:98:B5:51:E3:D4,ORBI88benandnatalia,[WPA2_WPA3_PSK],2025-12-4 15:1:17,4,-87,34.0318489,-117.1912155,439.90,1.75,WIFI
42:98:B5:51:E3:D4,ORBI88benandnatalia-IoT,[WPA2_PSK],2025-12-4 15:1:17,4,-87,34.0318489,-117.1912155,439.90,1.75,WIFI
A8:B0:88:33:92:6A,,[OPEN],2025-12-4 15:1:19,6,-72,34.0318222,-117.1911926,439.90,1.75,WIFI
A8:B0:88:33:92:66,,[WPA3_PSK],2025-12-4 15:1:19,6,-73,34.0318222,-117.1911926,439.90,1.75,WIFI
A8:B0:88:33:92:68,Frontier3616,[WPA2_PSK],2025-12-4 15:1:19,6,-73,34.0318222,-117.1911926,439.90,1.75,WIFI
3C:5C:F1:E1:78:26,,[OPEN],2025-12-4 15:1:19,6,-79,34.0318222,-117.1911926,439.90,1.75,WIFI
3C:5C:F1:E1:78:24,Frontier3616,[WPA2_PSK],2025-12-4 15:1:19,6,-80,34.0318222,-117.1911926,439.90,1.75,WIFI
9C:A5:70:99:A0:E3,,[WPA3_PSK],2025-12-4 15:1:19,6,-83,34.0318222,-117.1911926,439.90,1.75,WIFI
3C:5C:F1:E1:78:22,,[WPA3_PSK],2025-12-4 15:1:19,6,-84,34.0318222,-117.1911926,439.90,1.75,WIFI
68:94:23:24:A7:DB,HP-Print-db-LaserJet 200,[WPA2_PSK],2025-12-4 15:1:19,6,-86,34.0318222,-117.1911926,439.90,1.75,WIFI
38:94:ED:57:F3:78,MagicalOcean69,[WPA2_PSK],2025-12-4 15:1:21,8,-82,34.0317917,-117.1911011,439.60,1.75,WIFI
20:E5:2A:12:B2:E5,Frontier5680_2GEXT,[WPA2_PSK],2025-12-4 15:1:24,11,-84,34.0317841,-117.1908569,438.80,1.75,WIFI
C8:63:FC:78:15:38,Frontier5680,[WPA2_PSK],2025-12-4 15:1:24,11,-89,34.0317841,-117.1908569,438.80,1.75,WIFI
80:E5:40:D3:09:38,Frontier8384,[WPA2_PSK],2025-12-4 15:1:24,11,-89,34.0317841,-117.1908569,438.80,1.75,WIFI
DC:92:72:E4:1A:5F,Frontier0570,[WPA2_PSK],2025-12-4 15:1:27,1,-68,34.0317993,-117.1905060,437.90,1.75,WIFI
40:47:5E:70:FE:C9,,[OPEN],2025-12-4 15:1:27,1,-69,34.0317993,-117.1905060,437.90,1.75,WIFI
40:47:5E:70:FE:C3,,[WPA3_PSK],2025-12-4 15:1:27,1,-70,34.0317993,-117.1905060,437.90,1.75,WIFI
40:47:5E:70:FE:C6,Happy Home,[WPA2_PSK],2025-12-4 15:1:27,1,-71,34.0317993,-117.1905060,437.90,1.75,WIFI
88:67:46:74:6F:66,Bahig 1,[WPA2_PSK],2025-12-4 15:1:27,1,-73,34.0317993,-117.1905060,437.90,1.75,WIFI
88:67:46:74:6F:63,,[WPA3_PSK],2025-12-4 15:1:27,1,-73,34.0317993,-117.1905060,437.90,1.75,WIFI
88:67:46:74:6F:69,,[OPEN],2025-12-4 15:1:27,1,-73,34.0317993,-117.1905060,437.90,1.75,WIFI
60:F4:19:0C:5E:49,,[OPEN],2025-12-4 15:1:27,1,-73,34.0317993,-117.1905060,437.90,1.75,WIFI
60:F4:19:0C:5E:46,Happy Home,[WPA2_PSK],2025-12-4 15:1:27,1,-74,34.0317993,-117.1905060,437.90,1.75,WIFI
54:04:63:5A:F5:23,,[WPA_WPA2_PSK],2025-12-4 15:1:27,1,-75,34.0317993,-117.1905060,437.90,1.75,WIFI
60:F4:19:0C:5E:43,,[WPA3_PSK],2025-12-4 15:1:27,1,-75,34.0317993,-117.1905060,437.90,1.75,WIFI
A0:89:66:8D:F1:20,,[WPA_WPA2_PSK],2025-12-4 15:1:27,1,-89,34.0317993,-117.1905060,437.90,1.75,WIFI
CC:CF:83:AA:6E:84,,[WPA_WPA2_PSK],2025-12-4 15:1:27,1,-90,34.0317993,-117.1905060,437.90,1.75,WIFI
CC:28:AA:23:80:18,AM1Snoopy24,[WPA2_PSK],2025-12-4 15:1:28,2,-81,34.0318031,-117.1903839,437.90,1.75,WIFI
3C:52:A1:CA:55:55,Frontier1000_EXT,[WPA2_PSK],2025-12-4 15:1:33,6,-76,34.0318146,-117.1899033,437.00,1.75,WIFI
28:EC:22:90:82:83,,[WPA3_PSK],2025-12-4 15:1:33,6,-78,34.0318146,-117.1899033,437.00,1.75,WIFI
28:EC:22:90:82:89,,[OPEN],2025-12-4 15:1:33,6,-79,34.0318146,-117.1899033,437.00,1.75,WIFI
28:EC:22:90:82:86,NETGEAR27,[WPA2_PSK],2025-12-4 15:1:33,6,-79,34.0318146,-117.1899033,437.00,1.75,WIFI
94:3C:96:F8:3B:36,Frontier1000,[WPA2_PSK],2025-12-4 15:1:33,6,-80,34.0318146,-117.1899033,437.00,1.75,WIFI
28:EC:22:88:AD:06,NETGEAR27,[WPA2_PSK],2025-12-4 15:1:33,6,-83,34.0318146,-117.1899033,437.00,1.75,WIFI
FC:12:63:8F:A3:3E,Verizon_H7XQ9V,[WPA2_PSK],2025-12-4 15:1:33,6,-86,34.0318146,-117.1899033,437.00,1.75,WIFI
86:2A:FD:F9:23:42,DIRECT-42-HP ENVY Photo 7800,[WPA2_PSK],2025-12-4 15:1:33,6,-87,34.0318146,-117.1899033,437.00,1.75,WIFI
4C:AB:F8:C6:48:51,SpectrumSetup-53,[WPA2_PSK],2025-12-4 15:1:33,6,-89,34.0318146,-117.1899033,437.00,1.75,WIFI
04:42:1A:39:5A:F1,courageous cat,[WPA2_PSK],2025-12-4 15:1:34,7,-83,34.0318146,-117.1898117,437.40,1.75,WIFI
F6:9F:C2:F4:32:D9,,[WPA2_PSK],2025-12-4 15:1:38,11,-74,34.0318222,-117.1893539,438.20,1.75,WIFI
F6:9F:C2:F4:5F:73,,[WPA2_PSK],2025-12-4 15:1:38,11,-78,34.0318222,-117.1893539,438.20,1.75,WIFI
A0:8A:06:63:D7:F0,SpectrumSetup-D7F3,[WPA2_PSK],2025-12-4 15:1:38,11,-82,34.0318222,-117.1893539,438.20,1.75,WIFI
68:72:51:7A:41:E6,,[WPA2_PSK],2025-12-4 15:1:38,11,-90,34.0318222,-117.1893539,438.20,1.75,WIFI
FC:12:63:B8:AE:91,SpectrumSetup-48,[WPA2_PSK],2025-12-4 15:1:43,1,-62,34.0318947,-117.1887512,439.00,1.75,WIFI
2C:EA:DC:01:59:04,SpectrumSetup-06,[WPA2_PSK],2025-12-4 15:1:43,1,-64,34.0318947,-117.1887512,439.00,1.75,WIFI
60:32:B1:65:81:E0,SpectrumSetup-48_EXT,[WPA_WPA2_PSK],2025-12-4 15:1:43,1,-76,34.0318947,-117.1887512,439.00,1.75,WIFI
3C:37:86:67:64:B2,NETGEAR22,[WPA2_PSK],2025-12-4 15:1:43,1,-77,34.0318947,-117.1887512,439.00,1.75,WIFI
60:57:47:BD:F7:EC,,[WPA_WPA2_PSK],2025-12-4 15:1:43,1,-77,34.0318947,-117.1887512,439.00,1.75,WIFI
22:3B:FB:93:29:3F,,[WPA2_PSK],2025-12-4 15:1:43,1,-87,34.0318947,-117.1887512,439.00,1.75,WIFI
80:CC:9C:12:AA:1C,NETGEAR55,[WPA2_PSK],2025-12-4 15:1:45,3,-80,34.0320168,-117.1885300,439.00,1.75,WIFI
80:CC:9C:14:F7:C8,NETGEAR55,[WPA2_PSK],2025-12-4 15:1:45,3,-88,34.0320168,-117.1885300,439.00,1.75,WIFI
42:98:B5:51:B4:69,ORBI88benandnatalia-IoT,[WPA2_PSK],2025-12-4 15:1:46,4,-82,34.0320854,-117.1884079,438.70,1.75,WIFI
34:98:B5:51:B4:69,ORBI88benandnatalia,[WPA2_WPA3_PSK],2025-12-4 15:1:46,4,-87,34.0320854,-117.1884079,438.70,1.75,WIFI
3A:98:B5:51:EA:9B,ORBI88benandnatalia,[WPA2_WPA3_PSK],2025-12-4 15:1:46,4,-88,34.0320854,-117.1884079,438.70,1.75,WIFI
24:2D:6C:3A:BC:88,SpectrumSetup-30,[WPA2_WPA3_PSK],2025-12-4 15:1:48,6,-73,34.0322151,-117.1881790,438.20,1.75,WIFI
24:2D:6C:3D:75:C8,SpectrumSetup-30,[WPA2_WPA3_PSK],2025-12-4 15:1:48,6,-74,34.0322151,-117.1881790,438.20,1.75,WIFI
24:2D:6C:3D:75:C5,,[WPA3_PSK],2025-12-4 15:1:48,6,-74,34.0322151,-117.1881790,438.20,1.75,WIFI
24:2D:6C:3D:75:CB,,[OPEN],2025-12-4 15:1:48,6,-74,34.0322151,-117.1881790,438.20,1.75,WIFI
24:2D:6C:3A:BC:85,,[WPA3_PSK],2025-12-4 15:1:48,6,-74,34.0322151,-117.1881790,438.20,1.75,WIFI
24:2D:6C:3A:BC:8B,,[OPEN],2025-12-4 15:1:48,6,-75,34.0322151,-117.1881790,438.20,1.75,WIFI
AA:B1:3B:1F:81:43,DIRECT-43-HP OfficeJet Pro 8020,[WPA2_PSK],2025-12-4 15:1:48,6,-81,34.0322151,-117.1881790,438.20,1.75,WIFI
9C:3D:CF:3B:B1:70,ARLO_VMB_1577408955,[WPA2_PSK],2025-12-4 15:1:53,11,-83,34.0325775,-117.1875381,437.20,1.75,WIFI
F8:BB:BF:74:ED:29,,[OPEN],2025-12-4 15:1:53,11,-84,34.0325775,-117.1875381,437.20,1.75,WIFI
F8:BB:BF:74:ED:23,,[WPA3_PSK],2025-12-4 15:1:53,11,-85,34.0325775,-117.1875381,437.20,1.75,WIFI
4C:32:75:C4:B3:BC,NETGEAR24,[WPA2_PSK],2025-12-4 15:1:53,11,-86,34.0325775,-117.1875381,437.20,1.75,WIFI
A0:7F:8A:57:09:84,SpectrumSetup-097E,[WPA2_PSK],2025-12-4 15:1:56,1,-80,34.0327835,-117.1871567,435.40,1.75,WIFI
B8:3A:9D:AE:56:D8,SmartGateway_56D7,[WPA2_PSK],2025-12-4 15:1:56,1,-86,34.0327835,-117.1871567,435.40,1.75,WIFI
88:EF:16:F3:21:98,Frontier3872,[WPA2_PSK],2025-12-4 15:1:56,1,-91,34.0327835,-117.1871567,435.40,1.75,WIFI
9C:05:D6:F4:71:5A,WiFi'd and Dangerous,[WPA2_WPA3_PSK],2025-12-4 15:1:56,1,-91,34.0327835,-117.1871567,435.40,1.75,WIFI
FA:48:B8:1D:D7:0A,,[WPA2_PSK],2025-12-4 15:1:58,2,-84,34.0329208,-117.1869049,433.70,1.75,WIFI
62:E9:31:6C:1E:46,,[WPA2_PSK],2025-12-4 15:2:0,4,-85,34.0330582,-117.1866531,432.50,1.75,WIFI
5C:E9:31:6C:1E:46,jubamax,[WPA2_PSK],2025-12-4 15:2:0,4,-91,34.0330582,-117.1866531,432.50,1.75,WIFI
42:94:ED:24:0C:A6,,[WPA2_PSK],2025-12-4 15:2:1,5,-86,34.0331268,-117.1865311,432.40,1.75,WIFI
3C:37:86:0A:23:B9,31944BNR01D71,[WPA2_PSK],2025-12-4 15:2:2,6,-79,34.0331993,-117.1864090,432.50,1.75,WIFI
30:34:22:B9:EC:E5,Olson,[WPA2_PSK],2025-12-4 15:2:2,6,-81,34.0331993,-117.1864090,432.50,1.75,WIFI
A4:11:62:34:B1:BA,31944BNR01D71,[WPA2_PSK],2025-12-4 15:2:2,6,-82,34.0331993,-117.1864090,432.50,1.75,WIFI
30:34:22:B9:EC:E7,,[OPEN],2025-12-4 15:2:2,6,-82,34.0331993,-117.1864090,432.50,1.75,WIFI
A6:05:D6:F4:83:8A,WiFi'd and Dangerous 2.4,[WPA2_WPA3_PSK],2025-12-4 15:2:2,6,-83,34.0331993,-117.1864090,432.50,1.75,WIFI
A2:05:D6:F4:83:8A,WiFi'd and Dangerous Guest,[WPA2_WPA3_PSK],2025-12-4 15:2:2,6,-88,34.0331993,-117.1864090,432.50,1.75,WIFI
22:9F:C3:58:62:E9,,[WPA2_PSK],2025-12-4 15:2:5,9,-82,34.0334015,-117.1860428,432.90,1.75,WIFI
22:9F:C3:56:B9:13,,[WPA2_PSK],2025-12-4 15:2:7,11,-88,34.0335426,-117.1857834,432.80,1.75,WIFI
74:37:5F:84:4B:FB,SpectrumSetup-F9,[WPA2_PSK],2025-12-4 15:2:10,1,-79,34.0337524,-117.1853943,432.30,1.75,WIFI
94:F7:17:83:E4:90,,[WPA_WPA2_PSK],2025-12-4 15:2:10,1,-79,34.0337524,-117.1853943,432.30,1.75,WIFI
FC:3D:73:8F:65:03,,[WPA3_PSK],2025-12-4 15:2:10,1,-87,34.0337524,-117.1853943,432.30,1.75,WIFI
18:A9:ED:85:0F:C6,ZJLHH,[WPA2_PSK],2025-12-4 15:2:16,6,-67,34.0341644,-117.1846542,432.60,1.75,WIFI
8E:49:62:6B:0A:19,,[WPA2_PSK],2025-12-4 15:2:16,6,-78,34.0341644,-117.1846542,432.60,1.75,WIFI
F0:7B:65:6C:6D:28,SpectrumSetup-6D22,[WPA2_PSK],2025-12-4 15:2:16,6,-80,34.0341644,-117.1846542,432.60,1.75,WIFI
94:91:7F:A0:06:E5,MySpectrumWiFie7-2G,[WPA2_PSK],2025-12-4 15:2:16,6,-88,34.0341644,-117.1846542,432.60,1.75,WIFI
9C:0B:05:AE:CD:AA,,[OPEN],2025-12-4 15:2:21,11,-68,34.0344887,-117.1840668,432.70,1.75,WIFI
9C:0B:05:AE:CD:A7,eerowifi,[WPA2_PSK],2025-12-4 15:2:21,11,-68,34.0344887,-117.1840668,432.70,1.75,WIFI
FC:3D:73:3E:26:03,,[WPA3_PSK],2025-12-4 15:2:21,11,-73,34.0344887,-117.1840668,432.70,1.75,WIFI
FC:3D:73:3E:26:09,,[OPEN],2025-12-4 15:2:21,11,-73,34.0344887,-117.1840668,432.70,1.75,WIFI
FC:3D:73:3E:26:06,SkyNet,[WPA2_PSK],2025-12-4 15:2:21,11,-73,34.0344887,-117.1840668,432.70,1.75,WIFI
9C:0B:05:AE:CD:A4,,[WPA3_PSK],2025-12-4 15:2:21,11,-74,34.0344887,-117.1840668,432.70,1.75,WIFI
28:EC:22:8E:20:A3,,[WPA3_PSK],2025-12-4 15:2:21,11,-83,34.0344887,-117.1840668,432.70,1.75,WIFI
28:EC:22:8E:20:A9,,[OPEN],2025-12-4 15:2:21,11,-83,34.0344887,-117.1840668,432.70,1.75,WIFI
28:EC:22:8E:20:A6,Phoenix,[WPA2_PSK],2025-12-4 15:2:21,11,-84,34.0344887,-117.1840668,432.70,1.75,WIFI
78:76:89:D7:74:44,SkyNet,[WPA2_PSK],2025-12-4 15:2:21,11,-86,34.0344887,-117.1840668,432.70,1.75,WIFI
22:68:7E:BF:6B:B8,SpectrumSetup-B7,[WPA2_PSK],2025-12-4 15:2:24,1,-75,34.0346947,-117.1836853,432.20,1.75,WIFI
5E:94:01:A6:C1:53,,[WPA2_PSK],2025-12-4 15:2:27,3,-80,34.0349121,-117.1832962,431.40,1.75,WIFI
28:94:01:A6:C1:53,Pedalers7,[WPA2_WPA3_PSK],2025-12-4 15:2:27,3,-81,34.0349121,-117.1832962,431.40,1.75,WIFI
48:5D:36:20:1B:D0,FiOS-9PJ7O,[WPA2_PSK],2025-12-4 15:2:30,6,-79,34.0351334,-117.1829071,431.00,1.75,WIFI
F4:69:42:EC:65:55,SpectrumSetup-57,[WPA2_PSK],2025-12-4 15:2:30,6,-88,34.0351334,-117.1829071,431.00,1.75,WIFI
40:47:5E:4E:7A:06,Maderowifi,[WPA2_PSK],2025-12-4 15:2:35,11,-64,34.0354881,-117.1822586,431.50,1.75,WIFI
40:47:5E:4E:7A:09,,[OPEN],2025-12-4 15:2:35,11,-64,34.0354881,-117.1822586,431.50,1.75,WIFI
FC:3F:A6:26:B3:A6,Maderowifi,[WPA2_PSK],2025-12-4 15:2:35,11,-66,34.0354881,-117.1822586,431.50,1.75,WIFI
FC:3F:A6:26:B3:A3,,[WPA3_PSK],2025-12-4 15:2:35,11,-71,34.0354881,-117.1822586,431.50,1.75,WIFI
FC:3F:A6:26:B3:A9,,[OPEN],2025-12-4 15:2:35,11,-72,34.0354881,-117.1822586,431.50,1.75,WIFI
90:D3:CF:58:0A:70,Pedalers7,[WPA2_PSK],2025-12-4 15:2:35,11,-75,34.0354881,-117.1822586,431.50,1.75,WIFI
C8:A7:0A:94:90:3C,FiOS-KWCHI,[WPA2_PSK],2025-12-4 15:2:35,11,-79,34.0354881,-117.1822586,431.50,1.75,WIFI
40:47:5E:4C:54:E9,,[OPEN],2025-12-4 15:2:35,11,-79,34.0354881,-117.1822586,431.50,1.75,WIFI
40:47:5E:4C:54:E6,Maderowifi,[WPA2_PSK],2025-12-4 15:2:35,11,-79,34.0354881,-117.1822586,431.50,1.75,WIFI
40:47:5E:4C:54:E3,,[WPA3_PSK],2025-12-4 15:2:35,11,-81,34.0354881,-117.1822586,431.50,1.75,WIFI
6E:02:E0:E7:2D:90,DIRECT-90-HP ENVY Photo 7800,[WPA2_PSK],2025-12-4 15:2:35,11,-84,34.0354881,-117.1822586,431.50,1.75,WIFI
28:EC:22:38:02:83,,[WPA3_PSK],2025-12-4 15:2:35,11,-84,34.0354881,-117.1822586,431.50,1.75,WIFI
28:EC:22:38:02:89,,[OPEN],2025-12-4 15:2:35,11,-86,34.0354881,-117.1822586,431.50,1.75,WIFI
28:EC:22:38:02:86,digerhome,[WPA2_PSK],2025-12-4 15:2:35,11,-86,34.0354881,-117.1822586,431.50,1.75,WIFI
A6:97:5C:85:5C:AE,VTECH_5766_5cae,[WPA2_PSK],2025-12-4 15:2:35,11,-92,34.0354881,-117.1822586,431.50,1.75,WIFI
00:22:6C:D0:34:74,,[WPA_WPA2_PSK],2025-12-4 15:2:35,11,-96,34.0354881,-117.1822586,431.50,1.75,WIFI
C4:A8:16:C8:EF:06,retirement village,[WPA2_PSK],2025-12-4 15:2:39,1,-74,34.0357666,-117.1817474,432.70,1.75,WIFI
DC:69:B5:40:5C:46,Lyle Family Internet ,[WPA2_PSK],2025-12-4 15:2:39,1,-78,34.0357666,-117.1817474,432.70,1.75,WIFI
C4:A8:16:C9:6F:C6,retirement village,[WPA2_PSK],2025-12-4 15:2:39,1,-81,34.0357666,-117.1817474,432.70,1.75,WIFI
24:F3:E3:0F:FE:06,retirement village,[WPA2_PSK],2025-12-4 15:2:39,1,-83,34.0357666,-117.1817474,432.70,1.75,WIFI
24:F3:E3:0F:FE:09,,[OPEN],2025-12-4 15:2:39,1,-84,34.0357666,-117.1817474,432.70,1.75,WIFI
9A:3C:96:65:52:A7,IditarodGuest,[WPA2_WPA3_PSK],2025-12-4 15:2:41,2,-86,34.0359039,-117.1814957,433.40,1.75,WIFI
94:3C:96:65:52:A7,Iditarod,[WPA2_PSK],2025-12-4 15:2:41,2,-89,34.0359039,-117.1814957,433.40,1.75,WIFI
F0:9F:C2:2D:F0:64,LittleHouseOnCedar,[WPA2_PSK],2025-12-4 15:2:45,6,-84,34.0361671,-117.1810226,434.30,1.75,WIFI
D8:0D:17:DE:DD:D3,Cheeky,[WPA_WPA2_PSK],2025-12-4 15:2:47,8,-84,34.0363007,-117.1807785,434.70,1.75,WIFI
90:09:D0:31:52:C0,FBI Surveillance Van,[WPA2_WPA3_PSK],2025-12-4 15:2:47,8,-92,34.0363007,-117.1807785,434.70,1.75,WIFI
B2:09:D0:31:52:C0,WalnutGuest,[WPA2_PSK],2025-12-4 15:2:47,8,-95,34.0363007,-117.1807785,434.70,1.75,WIFI
E8:9C:25:59:51:C8,Go Birds!,[WPA2_PSK],2025-12-4 15:2:49,10,-88,34.0364342,-117.1805267,435.20,1.75,WIFI
E8:9C:25:59:51:CA,Yuzu,[WPA2_PSK],2025-12-4 15:2:49,10,-92,34.0364342,-117.1805267,435.20,1.75,WIFI
08:33:ED:F8:49:3A,ATT-WIFI-3560,[WPA2_WPA3_PSK],2025-12-4 15:2:50,11,-83,34.0365028,-117.1804047,435.50,1.75,WIFI
CC:F4:11:6A:32:A8,Rhynumust II,[WPA2_PSK],2025-12-4 15:2:50,11,-83,34.0365028,-117.1804047,435.50,1.75,WIFI
0A:33:ED:D8:49:3A,,[WPA2_WPA3_PSK],2025-12-4 15:2:50,11,-85,34.0365028,-117.1804047,435.50,1.75,WIFI
48:5D:36:A0:EA:90,FiOS-EKJ03,[WPA2_PSK],2025-12-4 15:2:50,11,-86,34.0365028,-117.1804047,435.50,1.75,WIFI
E4:F0:42:D7:A5:38,Zerobucks,[WPA2_PSK],2025-12-4 15:2:50,11,-89,34.0365028,-117.1804047,435.50,1.75,WIFI
9C:57:BC:9B:E5:89,,[OPEN],2025-12-4 15:2:53,1,-76,34.0367088,-117.1800385,436.10,1.75,WIFI
9C:57:BC:9B:E5:86,everquest7,[WPA2_PSK],2025-12-4 15:2:53,1,-77,34.0367088,-117.1800385,436.10,1.75,WIFI
3E:94:ED:AE:C8:B2,ORBI26,[WPA2_PSK],2025-12-4 15:2:57,4,-74,34.0369682,-117.1795578,436.60,1.75,WIFI
42:94:ED:AE:C9:FC,,[WPA2_PSK],2025-12-4 15:2:57,4,-84,34.0369682,-117.1795578,436.60,1.75,WIFI
3E:94:ED:AD:9D:87,ORBI26,[WPA2_PSK],2025-12-4 15:2:57,4,-84,34.0369682,-117.1795578,436.60,1.75,WIFI
42:94:ED:AE:C8:5D,,[WPA2_PSK],2025-12-4 15:2:57,4,-85,34.0369682,-117.1795578,436.60,1.75,WIFI
36:23:03:26:B6:DA,,[WPA2_PSK],2025-12-4 15:2:57,4,-91,34.0369682,-117.1795578,436.60,1.75,WIFI
48:A2:E6:D0:F2:B5,HVP_48a2e6d0f2b4-Pairing,[WPA2_PSK],2025-12-4 15:2:57,4,-92,34.0369682,-117.1795578,436.60,1.75,WIFI
B0:FC:88:73:93:A3,SpectrumSetup-9D,[WPA2_PSK],2025-12-4 15:2:59,6,-78,34.0370827,-117.1793518,436.70,1.75,WIFI
40:B0:34:5D:0A:7C,DIRECT-7B-HP DeskJet 3630 series,[WPA2_PSK],2025-12-4 15:2:59,6,-82,34.0370827,-117.1793518,436.70,1.75,WIFI
E4:19:7F:F1:AC:06,Field Family,[WPA2_PSK],2025-12-4 15:2:59,6,-84,34.0370827,-117.1793518,436.70,1.75,WIFI
E4:19:7F:F1:AC:09,,[OPEN],2025-12-4 15:2:59,6,-85,34.0370827,-117.1793518,436.70,1.75,WIFI
6C:CD:D6:E5:7E:B1,,[WPA2_PSK],2025-12-4 15:3:2,9,-87,34.0372200,-117.1791077,436.90,1.75,WIFI
72:CD:D6:E5:7E:B1,Baker Home,[WPA2_PSK],2025-12-4 15:3:2,9,-89,34.0372200,-117.1791077,436.90,1.75,WIFI
08:36:C9:FD:DF:C4,,[WPA2_PSK],2025-12-4 15:3:2,9,-92,34.0372200,-117.1791077,436.90,1.75,WIFI
FC:3F:A6:83:67:E6,divito,[WPA2_PSK],2025-12-4 15:3:4,11,-67,34.0372658,-117.1790237,436.60,1.75,WIFI
FC:3F:A6:83:67:EF,divito Guest,[WPA2_PSK],2025-12-4 15:3:4,11,-67,34.0372658,-117.1790237,436.60,1.75,WIFI
FC:3F:A6:83:67:E3,,[WPA3_PSK],2025-12-4 15:3:4,11,-68,34.0372658,-117.1790237,436.60,1.75,WIFI
FC:3F:A6:83:67:E9,,[OPEN],2025-12-4 15:3:4,11,-69,34.0372658,-117.1790237,436.60,1.75,WIFI
F0:B6:61:5D:91:67,divito,[WPA2_PSK],2025-12-4 15:3:4,11,-79,34.0372658,-117.1790237,436.60,1.75,WIFI
74:93:DA:A4:45:B9,SpectrumSetup-BB,[WPA2_PSK],2025-12-4 15:3:4,11,-80,34.0372658,-117.1790237,436.60,1.75,WIFI
F0:B6:61:5D:91:64,,[WPA3_PSK],2025-12-4 15:3:4,11,-80,34.0372658,-117.1790237,436.60,1.75,WIFI
F0:B6:61:5D:91:6A,,[OPEN],2025-12-4 15:3:4,11,-80,34.0372658,-117.1790237,436.60,1.75,WIFI
F0:B6:61:5D:91:70,divito Guest,[WPA2_PSK],2025-12-4 15:3:4,11,-80,34.0372658,-117.1790237,436.60,1.75,WIFI
D0:CB:DD:E4:71:C8,Simbaland,[WPA2_PSK],2025-12-4 15:3:4,11,-82,34.0372658,-117.1790237,436.60,1.75,WIFI
D0:CB:DD:E2:08:48,Simbaland,[WPA2_PSK],2025-12-4 15:3:4,11,-83,34.0372658,-117.1790237,436.60,1.75,WIFI
FC:3F:A6:83:12:03,,[WPA3_PSK],2025-12-4 15:3:4,11,-83,34.0372658,-117.1790237,436.60,1.75,WIFI
FC:3F:A6:83:12:09,,[OPEN],2025-12-4 15:3:4,11,-83,34.0372658,-117.1790237,436.60,1.75,WIFI
FC:3F:A6:83:12:06,divito,[WPA2_PSK],2025-12-4 15:3:4,11,-83,34.0372658,-117.1790237,436.60,1.75,WIFI
FC:3F:A6:83:12:0F,divito Guest,[WPA2_PSK],2025-12-4 15:3:4,11,-83,34.0372658,-117.1790237,436.60,1.75,WIFI
D0:CB:DD:E2:08:4B,,[OPEN],2025-12-4 15:3:4,11,-84,34.0372658,-117.1790237,436.60,1.75,WIFI
9C:57:BC:87:98:89,,[OPEN],2025-12-4 15:3:8,1,-77,34.0373077,-117.1789551,436.80,1.75,WIFI
D2:21:F9:12:31:F4,,[WPA2_PSK],2025-12-4 15:3:8,1,-79,34.0373077,-117.1789551,436.80,1.75,WIFI
9C:57:BC:87:98:86,everquest7,[WPA2_PSK],2025-12-4 15:3:8,1,-81,34.0373077,-117.1789551,436.80,1.75,WIFI
DC:9F:DB:1C:2F:FD,RMR NET,[WPA2_PSK],2025-12-4 15:3:8,1,-85,34.0373077,-117.1789551,436.80,1.75,WIFI
C4:41:1E:82:63:34,linksys 1004,[WPA2_PSK],2025-12-4 15:3:11,3,-77,34.0374069,-117.1787796,436.30,1.75,WIFI
CA:41:1E:82:63:34,,[WPA2_PSK],2025-12-4 15:3:11,3,-84,34.0374069,-117.1787796,436.30,1.75,WIFI
2C:EA:DC:20:D3:9D,SpectrumSetup-9F,[WPA2_PSK],2025-12-4 15:3:14,6,-67,34.0375328,-117.1785507,435.80,1.75,WIFI
20:C9:D0:A4:C7:74,Murray Brand,[WPA2_PSK],2025-12-4 15:3:14,6,-81,34.0375328,-117.1785507,435.80,1.75,WIFI
F0:B6:61:5F:CB:A7,Stein,[WPA2_PSK],2025-12-4 15:3:14,6,-82,34.0375328,-117.1785507,435.80,1.75,WIFI
2C:30:33:5F:73:90,NETGEAR92,[WPA2_PSK],2025-12-4 15:3:14,6,-93,34.0375328,-117.1785507,435.80,1.75,WIFI
0E:36:C9:FD:DF:C4,Baker Home,[WPA2_PSK],2025-12-4 15:3:17,9,-95,34.0376930,-117.1782684,435.50,1.75,WIFI
10:0C:6B:13:C9:9C,NETGEAR31,[WPA2_PSK],2025-12-4 15:3:18,10,-83,34.0377502,-117.1781616,435.40,1.75,WIFI
D0:CB:DD:E4:71:C5,,[WPA3_PSK],2025-12-4 15:3:19,11,-72,34.0378113,-117.1780472,435.40,1.75,WIFI
D0:CB:DD:E4:71:CB,,[OPEN],2025-12-4 15:3:19,11,-72,34.0378113,-117.1780472,435.40,1.75,WIFI
D0:CB:DD:F4:23:48,Simbaland,[WPA2_PSK],2025-12-4 15:3:19,11,-76,34.0378113,-117.1780472,435.40,1.75,WIFI
A0:7F:8A:11:CA:30,Mpire,[WPA2_PSK],2025-12-4 15:3:19,11,-77,34.0378113,-117.1780472,435.40,1.75,WIFI
D0:CB:DD:E2:08:45,,[WPA3_PSK],2025-12-4 15:3:19,11,-78,34.0378113,-117.1780472,435.40,1.75,WIFI
D0:CB:DD:F4:23:45,,[WPA3_PSK],2025-12-4 15:3:19,11,-79,34.0378113,-117.1780472,435.40,1.75,WIFI
D0:CB:DD:F4:23:4B,,[OPEN],2025-12-4 15:3:19,11,-79,34.0378113,-117.1780472,435.40,1.75,WIFI
D8:CF:61:44:7A:24,SpectrumSetup-7A1E,[WPA2_PSK],2025-12-4 15:3:19,11,-81,34.0378113,-117.1780472,435.40,1.75,WIFI
C8:C6:FE:6A:18:83,,[WPA3_PSK],2025-12-4 15:3:19,11,-84,34.0378113,-117.1780472,435.40,1.75,WIFI
C8:C6:FE:6A:18:89,,[OPEN],2025-12-4 15:3:19,11,-84,34.0378113,-117.1780472,435.40,1.75,WIFI
24:41:FE:E4:92:2A,Pretty Fly for a Wi-fi,[WPA2_PSK],2025-12-4 15:3:19,11,-91,34.0378113,-117.1780472,435.40,1.75,WIFI
20:C9:D0:A4:BE:96,Murray Brand,[WPA2_PSK],2025-12-4 15:3:19,11,-96,34.0378113,-117.1780472,435.40,1.75,WIFI
22:76:13:06:65:26,,[WPA2_PSK],2025-12-4 15:3:19,1,-87,34.0378113,-117.1780472,435.40,1.75,WIFI
10:DA:43:90:C9:83,Pistols guest,[WPA2_PSK],2025-12-4 15:3:25,3,-91,34.0381927,-117.1773605,434.80,1.75,WIFI
40:A3:6B:CD:8B:5D,JellyFish-c-8B5E,[WPA2_PSK],2025-12-4 15:3:27,5,-94,34.0383224,-117.1771088,434.60,1.75,WIFI
18:A9:ED:59:0A:06,Ahoy Matey,[WPA2_PSK],2025-12-4 15:3:28,6,-62,34.0383911,-117.1769943,434.60,1.75,WIFI
18:A9:ED:59:0A:09,,[OPEN],2025-12-4 15:3:28,6,-67,34.0383911,-117.1769943,434.60,1.75,WIFI
98:ED:7E:09:8C:67,Ahoy Matey,[WPA2_PSK],2025-12-4 15:3:28,6,-68,34.0383911,-117.1769943,434.60,1.75,WIFI
20:BE:CD:F0:6F:E4,,[WPA3_PSK],2025-12-4 15:3:28,6,-70,34.0383911,-117.1769943,434.60,1.75,WIFI
20:BE:CD:F0:6F:EA,,[OPEN],2025-12-4 15:3:28,6,-70,34.0383911,-117.1769943,434.60,1.75,WIFI
20:BE:CD:F0:6F:E7,Ahoy Matey,[WPA2_PSK],2025-12-4 15:3:28,6,-75,34.0383911,-117.1769943,434.60,1.75,WIFI
84:70:D7:C3:DB:A4,,[WPA3_PSK],2025-12-4 15:3:28,6,-77,34.0383911,-117.1769943,434.60,1.75,WIFI
84:70:D7:C3:DB:A7,Stein,[WPA2_PSK],2025-12-4 15:3:28,6,-79,34.0383911,-117.1769943,434.60,1.75,WIFI
68:4A:76:7B:7E:45,FIOS-9L4JQ,[WPA2_PSK],2025-12-4 15:3:28,6,-81,34.0383911,-117.1769943,434.60,1.75,WIFI
20:BE:CD:C5:E9:64,,[WPA3_PSK],2025-12-4 15:3:28,6,-82,34.0383911,-117.1769943,434.60,1.75,WIFI
20:BE:CD:C5:E9:6A,,[OPEN],2025-12-4 15:3:28,6,-82,34.0383911,-117.1769943,434.60,1.75,WIFI
68:4A:76:7B:7E:43,,[WPA3_PSK],2025-12-4 15:3:28,6,-83,34.0383911,-117.1769943,434.60,1.75,WIFI
20:BE:CD:C5:E9:67,Ahoy Matey,[WPA2_PSK],2025-12-4 15:3:28,6,-84,34.0383911,-117.1769943,434.60,1.75,WIFI
82:6C:6C:2A:D7:70,Lan Solo,[WPA2_PSK],2025-12-4 15:3:34,11,-6,34.0388145,-117.1762314,435.10,1.75,WIFI
82:6C:6C:6A:D7:70,,[WPA2_PSK],2025-12-4 15:3:34,11,-7,34.0388145,-117.1762314,435.10,1.75,WIFI
82:6C:6C:4A:D7:70,,[WPA2_PSK],2025-12-4 15:3:34,11,-7,34.0388145,-117.1762314,435.10,1.75,WIFI
90:48:46:61:5A:E5,ENVOY_025244,[OPEN],2025-12-4 15:3:34,11,-67,34.0388145,-117.1762314,435.10,1.75,WIFI
60:F4:19:40:0C:43,,[WPA3_PSK],2025-12-4 15:3:34,11,-69,34.0388145,-117.1762314,435.10,1.75,WIFI
60:F4:19:40:0C:46,TEST,[WPA2_PSK],2025-12-4 15:3:34,11,-69,34.0388145,-117.1762314,435.10,1.75,WIFI
60:F4:19:40:0C:49,,[OPEN],2025-12-4 15:3:34,11,-71,34.0388145,-117.1762314,435.10,1.75,WIFI
84:A0:6E:BA:00:96,MySpectrumWiFi90-2G,[WPA2_PSK],2025-12-4 15:3:34,11,-84,34.0388145,-117.1762314,435.10,1.75,WIFI
A0:8A:06:73:ED:65,Big House,[WPA2_PSK],2025-12-4 15:3:34,11,-93,34.0388145,-117.1762314,435.10,1.75,WIFI
D4:3F:32:01:A4:03,,[WPA3_PSK],2025-12-4 15:3:37,1,-63,34.0390244,-117.1758575,435.80,1.75,WIFI
D4:3F:32:01:A4:09,,[OPEN],2025-12-4 15:3:37,1,-63,34.0390244,-117.1758575,435.80,1.75,WIFI
D4:3F:32:01:A4:06,PerkinsRes,[WPA2_PSK],2025-12-4 15:3:37,1,-64,34.0390244,-117.1758575,435.80,1.75,WIFI
FC:3F:A6:DE:4D:09,,[OPEN],2025-12-4 15:3:37,1,-74,34.0390244,-117.1758575,435.80,1.75,WIFI
FC:3F:A6:DE:4D:06,PerkinsRes,[WPA2_PSK],2025-12-4 15:3:37,1,-74,34.0390244,-117.1758575,435.80,1.75,WIFI
28:EC:22:13:55:49,,[OPEN],2025-12-4 15:3:37,1,-76,34.0390244,-117.1758575,435.80,1.75,WIFI
28:EC:22:13:55:46,PerkinsRes,[WPA2_PSK],2025-12-4 15:3:37,1,-77,34.0390244,-117.1758575,435.80,1.75,WIFI
30:60:0A:3C:A3:78,,[WPA_WPA2_PSK],2025-12-4 15:3:37,1,-85,34.0390244,-117.1758575,435.80,1.75,WIFI
B6:29:48:25:4D:E6,Can you count suckers?,[WPA2_PSK],2025-12-4 15:3:41,4,-85,34.0392952,-117.1753616,436.80,1.75,WIFI
4A:EA:62:B0:4C:7E,DIRECT-7E-HP 4101fdw LJ,[WPA2_PSK],2025-12-4 15:3:43,6,-77,34.0394325,-117.1751099,437.30,1.75,WIFI
78:45:58:2D:C6:C0,Oak 1902,[WPA2_PSK],2025-12-4 15:3:43,6,-87,34.0394325,-117.1751099,437.30,1.75,WIFI
78:45:58:2D:79:92,Oak 1902,[WPA2_PSK],2025-12-4 15:3:43,6,-89,34.0394325,-117.1751099,437.30,1.75,WIFI
7E:45:58:2D:79:92,,[WPA2_PSK],2025-12-4 15:3:43,6,-89,34.0394325,-117.1751099,437.30,1.75,WIFI
14:EB:B6:0F:49:FA,HOV-NET,[WPA2_PSK],2025-12-4 15:3:47,10,-80,34.0397224,-117.1745834,438.60,1.75,WIFI
22:EB:B6:0F:49:FA,,[WPA2_PSK],2025-12-4 15:3:47,10,-81,34.0397224,-117.1745834,438.60,1.75,WIFI
1A:EB:B6:0F:49:FA,,[WPA2_PSK],2025-12-4 15:3:47,10,-82,34.0397224,-117.1745834,438.60,1.75,WIFI
14:EB:B6:0F:48:36,HOV-NET,[WPA2_PSK],2025-12-4 15:3:47,10,-84,34.0397224,-117.1745834,438.60,1.75,WIFI
1A:EB:B6:0F:48:36,,[WPA2_PSK],2025-12-4 15:3:47,10,-87,34.0397224,-117.1745834,438.60,1.75,WIFI
14:EB:B6:0F:48:3A,HOV-NET,[WPA2_PSK],2025-12-4 15:3:47,10,-89,34.0397224,-117.1745834,438.60,1.75,WIFI
5E:AF:97:83:7C:3E,,[WPA2_PSK],2025-12-4 15:3:47,10,-90,34.0397224,-117.1745834,438.60,1.75,WIFI
24:F3:E3:10:EB:43,,[WPA3_PSK],2025-12-4 15:3:47,11,-73,34.0397224,-117.1745834,438.60,1.75,WIFI
24:F3:E3:10:EB:49,,[OPEN],2025-12-4 15:3:47,11,-73,34.0397224,-117.1745834,438.60,1.75,WIFI
24:F3:E3:10:EB:46,280,[WPA2_PSK],2025-12-4 15:3:47,11,-73,34.0397224,-117.1745834,438.60,1.75,WIFI
C4:A8:16:CC:B1:C9,,[OPEN],2025-12-4 15:3:47,11,-79,34.0397224,-117.1745834,438.60,1.75,WIFI
C4:A8:16:CC:B1:C6,280,[WPA2_PSK],2025-12-4 15:3:47,11,-79,34.0397224,-117.1745834,438.60,1.75,WIFI
C4:A8:16:CC:B1:C3,,[WPA3_PSK],2025-12-4 15:3:47,11,-80,34.0397224,-117.1745834,438.60,1.75,WIFI
9E:93:4E:45:F0:EF,DIRECT-7pWorkCentre 3215,[WPA2_PSK],2025-12-4 15:3:47,11,-81,34.0397224,-117.1745834,438.60,1.75,WIFI
94:F7:17:7F:44:E8,,[WPA_WPA2_PSK],2025-12-4 15:3:51,1,-80,34.0400238,-117.1740341,440.00,1.75,WIFI
7C:0C:F6:0B:CB:02,Dash-7041,[WPA2_PSK],2025-12-4 15:3:51,1,-90,34.0400238,-117.1740341,440.00,1.75,WIFI
CC:CF:83:CE:B2:53,,[WPA_WPA2_PSK],2025-12-4 15:3:51,1,-92,34.0400238,-117.1740341,440.00,1.75,WIFI
C0:36:53:0C:BB:46,eero,[WPA2_PSK],2025-12-4 15:3:57,6,-81,34.0404892,-117.1732178,441.70,1.75,WIFI
AC:EC:85:9E:92:B6,,[OPEN],2025-12-4 15:3:57,6,-81,34.0404892,-117.1732178,441.70,1.75,WIFI
AC:EC:85:9E:92:B2,,[WPA3_PSK],2025-12-4 15:3:57,6,-82,34.0404892,-117.1732178,441.70,1.75,WIFI
C0:36:53:0C:BB:44,,[WPA3_PSK],2025-12-4 15:3:57,6,-84,34.0404892,-117.1732178,441.70,1.75,WIFI
C0:36:53:0C:BB:48,,[OPEN],2025-12-4 15:3:57,6,-85,34.0404892,-117.1732178,441.70,1.75,WIFI
92:3B:AD:AC:44:51,THE 178,[WPA2_PSK],2025-12-4 15:4:0,9,-88,34.0407066,-117.1728058,442.70,1.75,WIFI
92:3B:AD:AC:45:69,THE 178,[WPA2_PSK],2025-12-4 15:4:0,9,-92,34.0407066,-117.1728058,442.70,1.75,WIFI
90:E2:02:B0:20:17,,[WPA2_PSK],2025-12-4 15:4:0,9,-94,34.0407066,-117.1728058,442.70,1.75,WIFI
2C:67:BE:18:37:78,SpectrumSetup-3774,[WPA2_PSK],2025-12-4 15:4:2,11,-83,34.0408516,-117.1725464,443.30,1.75,WIFI
4E:00:F1:4E:43:8C,SpectrumSetup-45,[WPA2_PSK],2025-12-4 15:4:2,11,-85,34.0408516,-117.1725464,443.30,1.75,WIFI
5E:00:F1:4E:43:8C,,[WPA2_PSK],2025-12-4 15:4:2,11,-87,34.0408516,-117.1725464,443.30,1.75,WIFI
3E:00:F1:4E:43:8C,,[WPA2_PSK],2025-12-4 15:4:2,11,-88,34.0408516,-117.1725464,443.30,1.75,WIFI
CC:F4:11:8C:95:1A,rxman1151,[WPA2_PSK],2025-12-4 15:4:2,11,-90,34.0408516,-117.1725464,443.30,1.75,WIFI
6E:3B:6B:7D:6C:2D,STW-2,[WPA2_PSK],2025-12-4 15:4:2,11,-91,34.0408516,-117.1725464,443.30,1.75,WIFI
CC:2D:E0:0F:D5:26,STW-1,[WPA2],2025-12-4 15:4:2,11,-92,34.0408516,-117.1725464,443.30,1.75,WIFI
CE:2D:E0:0F:D5:29,STW-5,[WPA2_PSK],2025-12-4 15:4:2,11,-93,34.0408516,-117.1725464,443.30,1.75,WIFI
4C:19:5D:30:09:4B,SpectrumSetup-45,[WPA2_PSK],2025-12-4 15:4:5,1,-71,34.0410538,-117.1721954,443.80,1.75,WIFI
0E:19:5D:30:09:4D,,[WPA2_PSK],2025-12-4 15:4:5,1,-73,34.0410538,-117.1721954,443.80,1.75,WIFI
CE:2D:E0:1D:0F:70,STW-5,[WPA2_PSK],2025-12-4 15:4:5,1,-78,34.0410538,-117.1721954,443.80,1.75,WIFI
CC:2D:E0:1D:0F:6E,STW-1,[WPA2],2025-12-4 15:4:5,1,-78,34.0410538,-117.1721954,443.80,1.75,WIFI
74:37:5F:F9:BE:B1,SpectrumSetup-AF,[WPA2_PSK],2025-12-4 15:4:5,1,-89,34.0410538,-117.1721954,443.80,1.75,WIFI
D0:BF:9C:E5:DB:4D,DIRECT-4C-HP ENVY 7640 series,[WPA2_PSK],2025-12-4 15:4:5,1,-92,34.0410538,-117.1721954,443.80,1.75,WIFI
54:21:60:19:8D:7D,Alula198D7C,[WPA_WPA2_PSK],2025-12-4 15:4:6,2,-93,34.0411072,-117.1720886,443.80,1.75,WIFI
5C:A5:BC:02:3F:05,4Corners,[WPA2_PSK],2025-12-4 15:4:11,6,-68,34.0412788,-117.1717834,444.50,1.75,WIFI
5C:A5:BC:02:3F:03,,[WPA3_PSK],2025-12-4 15:4:11,6,-71,34.0412788,-117.1717834,444.50,1.75,WIFI
5C:A5:BC:08:05:05,4Corners,[WPA2_PSK],2025-12-4 15:4:11,6,-81,34.0412788,-117.1717834,444.50,1.75,WIFI
34:49:5B:C0:8F:B6,MySpectrumWiFib0-2G,[WPA2_PSK],2025-12-4 15:4:11,6,-82,34.0412788,-117.1717834,444.50,1.75,WIFI
5C:A5:BC:08:05:07,,[OPEN],2025-12-4 15:4:11,6,-83,34.0412788,-117.1717834,444.50,1.75,WIFI
5C:A5:BC:08:05:03,,[WPA3_PSK],2025-12-4 15:4:11,6,-83,34.0412788,-117.1717834,444.50,1.75,WIFI
96:3B:AD:AC:45:69,,[WPA2_PSK],2025-12-4 15:4:14,9,-93,34.0413132,-117.1717224,444.80,1.75,WIFI
34:53:D2:C1:DF:91,Aardvark,[WPA2_PSK],2025-12-4 15:4:16,11,-80,34.0413857,-117.1715851,444.70,1.75,WIFI
38:17:B1:55:12:3A,SpectrumSetup-34,[WPA2_PSK],2025-12-4 15:4:16,11,-81,34.0413857,-117.1715851,444.70,1.75,WIFI
E8:D2:FF:B2:42:BE,SpectrumSetup-B8,[WPA2_PSK],2025-12-4 15:4:19,1,-71,34.0415459,-117.1712799,444.00,1.75,WIFI
84:A0:6E:D2:70:06,MySpectrumWiFi00-2G,[WPA2_PSK],2025-12-4 15:4:19,1,-76,34.0415459,-117.1712799,444.00,1.75,WIFI
E4:C0:E2:65:91:7E,SpectrumSetup-78,[WPA2_PSK],2025-12-4 15:4:19,1,-90,34.0415459,-117.1712799,444.00,1.75,WIFI
28:CF:DA:B4:03:C7,Burgess Network,[WPA2_PSK],2025-12-4 15:4:19,1,-92,34.0415459,-117.1712799,444.00,1.75,WIFI
9C:0B:05:5C:74:CA,,[OPEN],2025-12-4 15:4:25,6,-62,34.0419579,-117.1705322,442.70,1.75,WIFI
9C:0B:05:5C:74:C4,,[WPA3_PSK],2025-12-4 15:4:25,6,-63,34.0419579,-117.1705322,442.70,1.75,WIFI
9C:0B:05:5C:74:C7,DBCVCC,[WPA2_PSK],2025-12-4 15:4:25,6,-63,34.0419579,-117.1705322,442.70,1.75,WIFI
F4:05:95:8F:CB:C5,SpectrumSetup-BF,[WPA2_PSK],2025-12-4 15:4:25,6,-69,34.0419579,-117.1705322,442.70,1.75,WIFI
48:D2:4F:FC:B9:16,SpectrumSetup-10,[WPA2_PSK],2025-12-4 15:4:25,6,-72,34.0419579,-117.1705322,442.70,1.75,WIFI
12:BA:24:A0:84:9E,Anni’s Iphone 13 🤍,[WPA2_PSK],2025-12-4 15:4:25,6,-83,34.0419579,-117.1705322,442.70,1.75,WIFI
90:D3:CF:77:A5:58,CrescentMoon,[WPA2_PSK],2025-12-4 15:4:25,6,-89,34.0419579,-117.1705322,442.70,1.75,WIFI
A4:97:33:12:FB:80,SpectrumSetup-82,[WPA2_PSK],2025-12-4 15:4:25,6,-91,34.0419579,-117.1705322,442.70,1.75,WIFI
58:2F:F7:75:33:06,SpectrumSetup-00,[WPA2_PSK],2025-12-4 15:4:30,11,-79,34.0423164,-117.1698914,441.00,1.75,WIFI
2C:67:BE:4A:8D:0E,SpectrumSetup-8D0A,[WPA2_PSK],2025-12-4 15:4:30,11,-79,34.0423164,-117.1698914,441.00,1.75,WIFI
C8:63:FC:20:98:35,FiOS-HQWIS,[WPA2_PSK],2025-12-4 15:4:30,11,-80,34.0423164,-117.1698914,441.00,1.75,WIFI
44:AC:85:FA:33:C6,fouriscosmic,[WPA2_PSK],2025-12-4 15:4:30,11,-80,34.0423164,-117.1698914,441.00,1.75,WIFI
44:AC:85:FA:33:C9,,[OPEN],2025-12-4 15:4:30,11,-81,34.0423164,-117.1698914,441.00,1.75,WIFI
38:17:B1:55:8B:DE,SpectrumSetup-D8,[WPA2_PSK],2025-12-4 15:4:30,11,-91,34.0423164,-117.1698914,441.00,1.75,WIFI
66:67:72:12:92:C8,Mesh,[WPA2_WPA3_PSK],2025-12-4 15:4:33,1,-64,34.0425415,-117.1694794,439.70,1.75,WIFI
66:67:72:22:92:C8,Cove,[WPA2_WPA3_PSK],2025-12-4 15:4:33,1,-65,34.0425415,-117.1694794,439.70,1.75,WIFI
C6:15:24:E9:B7:DE,SpectrumSetup-3B,[WPA2_PSK],2025-12-4 15:4:33,1,-71,34.0425415,-117.1694794,439.70,1.75,WIFI
4C:19:5D:B2:B8:31,SpectrumSetup-2B,[WPA2_PSK],2025-12-4 15:4:33,1,-82,34.0425415,-117.1694794,439.70,1.75,WIFI
4C:19:5D:0D:4D:8A,SpectrumSetup-84,[WPA2_PSK],2025-12-4 15:4:33,1,-86,34.0425415,-117.1694794,439.70,1.75,WIFI
54:04:63:5E:DA:93,,[WPA_WPA2_PSK],2025-12-4 15:4:33,1,-93,34.0425415,-117.1694794,439.70,1.75,WIFI
14:22:3B:30:A3:02,NachoWifi,[WPA2_PSK],2025-12-4 15:4:33,1,-93,34.0425415,-117.1694794,439.70,1.75,WIFI
54:21:60:18:EB:41,Alula18EB40,[WPA_WPA2_PSK],2025-12-4 15:4:38,5,-74,34.0429306,-117.1687775,438.70,1.75,WIFI
C8:C6:FE:D0:DF:05,SpectrumSetup-9F,[WPA2_PSK],2025-12-4 15:4:39,6,-78,34.0430107,-117.1686249,438.90,1.75,WIFI
C8:C6:FE:D0:DF:07,,[OPEN],2025-12-4 15:4:39,6,-86,34.0430107,-117.1686249,438.90,1.75,WIFI
1E:39:29:3D:90:17,,[WPA2_PSK],2025-12-4 15:4:39,6,-88,34.0430107,-117.1686249,438.90,1.75,WIFI
1A:0C:6B:35:37:56,ORBI74-Guest,[WPA2_PSK],2025-12-4 15:4:42,9,-73,34.0432510,-117.1681900,438.90,1.75,WIFI
C8:63:FC:47:3B:04,MySpectrumWiFi03-2G,[WPA2_PSK],2025-12-4 15:4:44,11,-65,34.0434151,-117.1678925,438.90,1.75,WIFI
F0:7B:65:CB:30:05,Huff House,[WPA2_PSK],2025-12-4 15:4:44,11,-68,34.0434151,-117.1678925,438.90,1.75,WIFI
90:D3:CF:DC:5E:10,SpectrumSetup-5E13,[WPA2_PSK],2025-12-4 15:4:44,11,-77,34.0434151,-117.1678925,438.90,1.75,WIFI
F0:7B:65:0D:2B:BF,SpectrumSetup-2BB9,[WPA2_PSK],2025-12-4 15:4:44,11,-79,34.0434151,-117.1678925,438.90,1.75,WIFI
6C:99:61:D5:8E:DE,SpectrumSetup-D8,[WPA2_PSK],2025-12-4 15:4:44,11,-80,34.0434151,-117.1678925,438.90,1.75,WIFI
90:D3:CF:D5:64:52,GUERRAS WIFI,[WPA2_PSK],2025-12-4 15:4:44,11,-83,34.0434151,-117.1678925,438.90,1.75,WIFI
C8:B4:22:C0:C9:75,MySpectrumWiFi77-2G,[WPA2_PSK],2025-12-4 15:4:47,1,-69,34.0436516,-117.1674652,438.70,1.75,WIFI
A0:8A:06:3F:15:61,MySpectrumWiFic0-2G,[WPA2_PSK],2025-12-4 15:4:47,1,-73,34.0436516,-117.1674652,438.70,1.75,WIFI
34:49:5B:C2:21:06,MySpectrumWiFi00-2G,[WPA2_PSK],2025-12-4 15:4:47,1,-74,34.0436516,-117.1674652,438.70,1.75,WIFI
2C:67:BE:29:82:58,SpectrumSetup-8254,[WPA2_PSK],2025-12-4 15:4:47,1,-86,34.0436516,-117.1674652,438.70,1.75,WIFI
C2:A4:76:D2:6E:01,,[WPA_WPA2_PSK],2025-12-4 15:4:47,1,-92,34.0436516,-117.1674652,438.70,1.75,WIFI
C0:A4:76:B2:6E:01,West Wing,[WPA_WPA2_PSK],2025-12-4 15:4:47,1,-93,34.0436516,-117.1674652,438.70,1.75,WIFI
40:AE:30:21:F7:5D,BFSC - Admin,[WPA2_PSK],2025-12-4 15:4:48,2,-91,34.0437279,-117.1673203,438.70,1.75,WIFI
C0:A4:76:B0:08:A2,West Wing,[WPA_WPA2_PSK],2025-12-4 15:4:53,6,-61,34.0441055,-117.1666260,437.50,1.75,WIFI
C2:A4:76:D0:08:A2,,[WPA_WPA2_PSK],2025-12-4 15:4:53,6,-63,34.0441055,-117.1666260,437.50,1.75,WIFI
F4:69:42:51:B5:9F,SpectrumSetup-A1,[WPA2_PSK],2025-12-4 15:4:53,6,-79,34.0441055,-117.1666260,437.50,1.75,WIFI
FC:12:63:B8:D8:99,SpectrumSetup-9B,[WPA2_PSK],2025-12-4 15:4:53,6,-89,34.0441055,-117.1666260,437.50,1.75,WIFI
60:B6:06:05:40:F2,PlayFi2Device0540F2,[OPEN],2025-12-4 15:4:53,6,-93,34.0441055,-117.1666260,437.50,1.75,WIFI
20:BE:CD:82:57:4A,,[OPEN],2025-12-4 15:4:58,11,-81,34.0443916,-117.1660461,436.70,1.75,WIFI
20:BE:CD:82:57:44,,[WPA3_PSK],2025-12-4 15:4:58,11,-82,34.0443916,-117.1660461,436.70,1.75,WIFI
20:BE:CD:82:57:47,searching…,[WPA2_PSK],2025-12-4 15:4:58,11,-83,34.0443916,-117.1660461,436.70,1.75,WIFI
00:54:AF:34:60:6D,Hotspot606D,[WPA_WPA2_PSK],2025-12-4 15:4:58,11,-85,34.0443916,-117.1660461,436.70,1.75,WIFI
D0:21:F9:DC:D5:44,TGPG,[WPA2_PSK],2025-12-4 15:4:58,11,-90,34.0443916,-117.1660461,436.70,1.75,WIFI
1C:BF:CE:CA:96:F4,Extender-2.4G-96F4,[OPEN],2025-12-4 15:4:58,11,-93,34.0443916,-117.1660461,436.70,1.75,WIFI
44:A5:6E:8E:64:92,NETGEAR_EXT,[OPEN],2025-12-4 15:5:1,1,-84,34.0444412,-117.1659317,436.80,1.75,WIFI
F0:7B:65:A9:EF:4E,SpectrumSetup-EF48,[WPA2_PSK],2025-12-4 15:5:1,1,-88,34.0444412,-117.1659317,436.80,1.75,WIFI
9C:C9:EB:84:0D:D3,NETGEAR08,[WPA2_PSK],2025-12-4 15:5:1,1,-91,34.0444412,-117.1659317,436.80,1.75,WIFI
3C:52:A1:1B:46:FA,BFSC - Admin,[WPA2_PSK],2025-12-4 15:5:3,2,-90,34.0444565,-117.1658554,437.00,1.75,WIFI
3A:98:B5:FF:6B:2C,,[WPA2_PSK],2025-12-4 15:5:5,4,-89,34.0444221,-117.1657028,437.50,1.75,WIFI
74:93:DA:44:E4:51,SpectrumSetup-53,[WPA2_PSK],2025-12-4 15:5:7,6,-87,34.0443230,-117.1654968,438.30,1.75,WIFI
14:7D:05:50:B2:03,SpectrumSetup-01,[WPA2_PSK],2025-12-4 15:5:7,6,-90,34.0443230,-117.1654968,438.30,1.75,WIFI
88:DE:7C:6A:E9:3D,SpectrumSetup-3F,[WPA2_PSK],2025-12-4 15:5:12,11,-81,34.0439682,-117.1646576,441.40,1.75,WIFI
88:DE:7C:27:96:65,SpectrumSetup-67,[WPA2_PSK],2025-12-4 15:5:15,1,-88,34.0437393,-117.1639557,444.00,1.75,WIFI
7C:0C:F6:0B:C6:DD,Dash-9525,[WPA2_PSK],2025-12-4 15:5:21,6,-91,34.0432968,-117.1623230,448.70,1.75,WIFI
A0:8A:06:93:32:74,SpectrumSetup-3277,[WPA2_PSK],2025-12-4 15:5:29,1,-81,34.0425720,-117.1602936,451.90,1.75,WIFI
A0:8A:06:51:A7:55,Spectrum33,[WPA2_PSK],2025-12-4 15:5:29,1,-83,34.0425720,-117.1602936,451.90,1.75,WIFI
B0:FC:88:29:BE:95,SpectrumSetup-8F,[WPA2_PSK],2025-12-4 15:5:29,1,-92,34.0425720,-117.1602936,451.90,1.75,WIFI
60:32:B1:69:33:61,FridayPizza,[WPA2_PSK],2025-12-4 15:5:31,2,-82,34.0423355,-117.1598053,453.90,1.75,WIFI
E8:9F:80:5A:91:EB,DaWease,[WPA2_PSK],2025-12-4 15:5:32,3,-75,34.0422249,-117.1595688,454.80,1.75,WIFI
14:C0:3E:EC:43:10,Frontier7408,[WPA2_PSK],2025-12-4 15:5:35,6,-87,34.0418892,-117.1588669,458.00,1.75,WIFI
3C:28:6D:C4:DE:1E,Penguins,[WPA2_PSK],2025-12-4 15:5:35,6,-90,34.0418892,-117.1588669,458.00,1.75,WIFI
86:18:88:C6:DF:B7,,[WPA2_PSK],2025-12-4 15:5:35,6,-95,34.0418892,-117.1588669,458.00,1.75,WIFI
94:CD:FD:47:2A:C6,Dominos Pizza,[WPA2_PSK],2025-12-4 15:5:40,11,-74,34.0413589,-117.1577606,461.80,1.75,WIFI
94:CD:FD:47:2A:C9,,[OPEN],2025-12-4 15:5:40,11,-75,34.0413589,-117.1577606,461.80,1.75,WIFI
0C:82:47:43:BC:C8,,[WPA_WPA2_PSK],2025-12-4 15:5:43,1,-87,34.0410843,-117.1572495,462.70,1.75,WIFI
E0:CB:BC:92:05:35,Starbucks WiFi,[OPEN],2025-12-4 15:5:43,1,-89,34.0410843,-117.1572495,462.70,1.75,WIFI
EE:CB:BC:92:05:35,sip,[WPA2],2025-12-4 15:5:43,1,-91,34.0410843,-117.1572495,462.70,1.75,WIFI
00:54:AF:68:65:C1,Hotspot65C1,[WPA_WPA2_PSK],2025-12-4 15:5:46,3,-85,34.0408707,-117.1568985,463.10,1.75,WIFI
74:93:DA:A3:9C:65,SpectrumSetup-67,[WPA2_PSK],2025-12-4 15:5:49,6,-65,34.0407372,-117.1566772,463.20,1.75,WIFI
A2:63:91:B9:FA:60,SpectrumSetup-CD_EXT,[WPA2_PSK],2025-12-4 15:5:49,6,-86,34.0407372,-117.1566772,463.20,1.75,WIFI
FC:DB:21:51:16:52,Samsara Wifi,[WPA2_PSK],2025-12-4 15:5:49,6,-88,34.0407372,-117.1566772,463.20,1.75,WIFI
28:38:5C:3A:82:AF,Hotspotwxjt,[WPA_WPA2_PSK],2025-12-4 15:5:49,6,-92,34.0407372,-117.1566772,463.20,1.75,WIFI
5A:E4:03:D3:54:7D,Kolodzik,[WPA2_PSK],2025-12-4 15:5:50,7,-93,34.0407028,-117.1566238,463.20,1.75,WIFI
90:BF:D9:07:8F:31,,[WPA_WPA2_PSK],2025-12-4 15:5:53,10,-80,34.0406418,-117.1565247,463.20,1.75,WIFI
B6:95:75:15:1C:FC,Jairon,[WPA_WPA2_PSK],2025-12-4 15:5:53,10,-94,34.0406418,-117.1565247,463.20,1.75,WIFI
00:16:78:25:BE:14,Repeater-BE14,[WPA_WPA2_PSK],2025-12-4 15:5:54,11,-86,34.0406342,-117.1565170,463.10,1.75,WIFI
00:30:44:81:2F:29,,[WPA2],2025-12-4 15:5:55,1,-76,34.0406342,-117.1565170,463.10,1.75,WIFI
98:ED:5C:E9:CA:C0,TeslaWallConnector_E9CAC0,[WPA2_PSK],2025-12-4 15:5:59,2,-94,34.0406342,-117.1565170,463.10,1.75,WIFI
5C:62:8B:0E:01:3E,Guest-76_EXT,[WPA2_WPA3_PSK],2025-12-4 15:6:3,6,-91,34.0406075,-117.1564789,463.30,1.75,WIFI
2C:EA:DC:98:68:75,SpectrumSetup-77,[WPA2_PSK],2025-12-4 15:6:3,6,-94,34.0406075,-117.1564789,463.30,1.75,WIFI
28:80:88:43:34:5E,NETGEAR10,[WPA2_PSK],2025-12-4 15:6:5,8,-92,34.0405197,-117.1563339,463.50,1.75,WIFI
B6:95:75:15:1D:24,Jairon,[WPA_WPA2_PSK],2025-12-4 15:6:7,10,-95,34.0403824,-117.1561279,463.90,1.75,WIFI
74:83:C2:8A:95:A8,Homan-Stone,[WPA_WPA2_PSK],2025-12-4 15:6:9,1,-70,34.0402069,-117.1558380,464.60,1.75,WIFI
3C:5C:F1:F7:56:F4,SalinasCounseling,[WPA2_PSK],2025-12-4 15:6:17,6,-81,34.0391922,-117.1542130,469.90,1.75,WIFI
3C:5C:F1:F7:56:F6,,[OPEN],2025-12-4 15:6:17,6,-82,34.0391922,-117.1542130,469.90,1.75,WIFI
3C:5C:F1:F7:56:FA,SalinasCounselingGuest,[WPA2_PSK],2025-12-4 15:6:17,6,-82,34.0391922,-117.1542130,469.90,1.75,WIFI
00:14:3E:1F:D1:00,GMREPCR,[WPA2_PSK],2025-12-4 15:6:17,6,-83,34.0391922,-117.1542130,469.90,1.75,WIFI
3C:5C:F1:F7:56:F2,,[WPA3_PSK],2025-12-4 15:6:17,6,-83,34.0391922,-117.1542130,469.90,1.75,WIFI
98:5D:46:2F:5C:AF,PNet23006219,[WPA2_PSK],2025-12-4 15:6:17,6,-87,34.0391922,-117.1542130,469.90,1.75,WIFI
3C:5C:F1:F6:DA:82,,[WPA3_PSK],2025-12-4 15:6:17,6,-87,34.0391922,-117.1542130,469.90,1.75,WIFI
7C:2E:BD:74:93:92,googlehome,[WPA2_PSK],2025-12-4 15:6:17,6,-90,34.0391922,-117.1542130,469.90,1.75,WIFI
92:30:66:58:52:09,RAFF- Guest,[OPEN],2025-12-4 15:6:17,6,-95,34.0391922,-117.1542130,469.90,1.75,WIFI
68:7F:F0:02:3F:5D,TP-Link_3F5E,[WPA2_PSK],2025-12-4 15:6:19,8,-88,34.0388870,-117.1537476,471.60,1.75,WIFI
80:CC:9C:48:B7:60,hos_redlands,[WPA2_PSK],2025-12-4 15:6:20,9,-78,34.0387268,-117.1534958,472.60,1.75,WIFI
F0:7B:65:86:1C:02,SpectrumSetup-1BFC,[WPA2_PSK],2025-12-4 15:6:22,11,-90,34.0384102,-117.1529999,474.30,1.75,WIFI
8C:83:94:A1:DB:E9,Room of requirement,[WPA2_PSK],2025-12-4 15:6:22,11,-94,34.0384102,-117.1529999,474.30,1.75,WIFI
A4:E5:7C:D0:C5:AD,PNR08IF31006EB509D,[OPEN],2025-12-4 15:6:24,1,-93,34.0380898,-117.1524811,475.60,1.75,WIFI
30:0E:B8:90:77:61,CAR-9093,[WPA2_PSK],2025-12-4 15:6:28,3,-79,34.0374565,-117.1513672,478.60,1.75,WIFI
54:2A:1B:A1:46:C5,,[WPA2_PSK],2025-12-4 15:6:31,6,-93,34.0369797,-117.1504822,481.30,1.75,WIFI
94:A6:7E:58:66:20,SandhuNighthawk,[WPA2_PSK],2025-12-4 15:6:35,10,-94,34.0363693,-117.1492233,485.70,1.75,WIFI
34:53:D2:1F:6A:A6,SpectrumSetup-A0,[WPA2_PSK],2025-12-4 15:6:38,1,-92,34.0359459,-117.1482391,489.40,1.75,WIFI
5A:E4:03:24:5A:E0,myChevrolet 5AE0,[WPA2_PSK],2025-12-4 15:6:46,7,-93,34.0349693,-117.1454697,498.30,1.75,WIFI
22:3E:A4:08:1A:6B,,[WPA2_PSK],2025-12-4 15:6:48,9,-91,34.0347672,-117.1447678,500.50,1.75,WIFI
34:98:B5:DC:CB:1F,,[WPA2_PSK],2025-12-4 15:6:49,10,-91,34.0346718,-117.1444092,501.60,1.75,WIFI
4C:AB:F8:05:3B:02,SpectrumSetup-04,[WPA2_PSK],2025-12-4 15:6:50,11,-76,34.0345764,-117.1440506,502.90,1.75,WIFI
58:96:71:8A:6A:D0,ATTskVHFCH,[WPA2_PSK],2025-12-4 15:6:50,11,-86,34.0345764,-117.1440506,502.90,1.75,WIFI
00:25:CA:30:F6:05,sdp5g,[WPA2_PSK],2025-12-4 15:6:52,1,-94,34.0343933,-117.1433105,505.70,1.75,WIFI
00:54:AF:85:AD:8F,HotspotAD8F,[WPA_WPA2_PSK],2025-12-4 15:6:59,6,-88,34.0337372,-117.1407394,515.40,1.75,WIFI
2E:DC:AD:7C:CA:01,DIRECT-22-Martin,[WPA2_PSK],2025-12-4 15:7:20,1,-83,34.0308571,-117.1336060,546.00,1.75,WIFI
84:70:51:B4:3E:DA,CarPlay_3eda,[WPA2_PSK],2025-12-4 15:7:20,1,-87,34.0308571,-117.1336060,546.00,1.75,WIFI
5A:D5:0A:79:D0:8D,DIRECT-IZ-Car_4037,[WPA2_PSK],2025-12-4 15:7:27,6,-65,34.0300102,-117.1314240,556.30,1.75,WIFI
F8:55:CD:B2:67:12,Hotspotzzss,[WPA_WPA2_PSK],2025-12-4 15:7:27,6,-74,34.0300102,-117.1314240,556.30,1.75,WIFI
B6:37:79:88:EA:D4,CherylsEquinox,[WPA2_WPA3_PSK],2025-12-4 15:7:27,6,-76,34.0300102,-117.1314240,556.30,1.75,WIFI
86:A0:4B:F9:FB:03,HONDA3956,[WPA2_WPA3_PSK],2025-12-4 15:7:27,6,-82,34.0300102,-117.1314240,556.30,1.75,WIFI
42:98:B5:FD:2C:B3,ORBI94-IoT,[WPA_WPA2_PSK],2025-12-4 15:7:38,3,-91,34.0285606,-117.1283646,572.70,1.75,WIFI
3A:98:B5:FD:2C:B3,BJZSR,[WPA2_WPA3_PSK],2025-12-4 15:7:38,3,-92,34.0285606,-117.1283646,572.70,1.75,WIFI
9C:05:D6:CF:A6:57,My Wifi,[WPA2_PSK],2025-12-4 15:7:41,6,-86,34.0282288,-117.1275635,576.90,1.75,WIFI
12:59:32:42:07:E5,,[WPA2_PSK],2025-12-4 15:7:41,6,-88,34.0282288,-117.1275635,576.90,1.75,WIFI
1E:D6:BE:D0:6D:8A,myChevrolet,[WPA2_PSK],2025-12-4 15:7:49,1,-72,34.0277328,-117.1252289,585.20,1.75,WIFI
A0:89:66:8D:FA:18,,[WPA_WPA2_PSK],2025-12-4 15:7:49,1,-75,34.0277328,-117.1252289,585.20,1.75,WIFI
D4:A9:28:0D:4E:86,FiOS-87BAY,[WPA2_PSK],2025-12-4 15:7:49,1,-83,34.0277328,-117.1252289,585.20,1.75,WIFI
00:C8:96:D0:E5:F2,,[WPA_WPA2_PSK],2025-12-4 15:7:49,1,-88,34.0277328,-117.1252289,585.20,1.75,WIFI
AC:DF:9F:73:AE:F4,TMOBILE-AEF2,[WPA2_WPA3_PSK],2025-12-4 15:7:54,5,-76,34.0274925,-117.1236954,589.60,1.75,WIFI
DC:92:72:E7:87:6F,Frontier1097,[WPA2_PSK],2025-12-4 15:7:55,6,-68,34.0274391,-117.1233902,589.70,1.75,WIFI
4C:22:F3:6B:B7:B7,Verizon_LK97HR,[WPA2_PSK],2025-12-4 15:7:55,6,-87,34.0274391,-117.1233902,589.70,1.75,WIFI
5C:FA:25:DB:25:AA,SpectrumSetup-A4,[WPA2_PSK],2025-12-4 15:7:55,6,-93,34.0274391,-117.1233902,589.70,1.75,WIFI
D8:47:32:E1:37:52,deco homestead,[WPA2_PSK],2025-12-4 15:7:57,8,-90,34.0273247,-117.1227951,589.80,1.75,WIFI
DE:47:32:E1:37:52,deco homestead_Guest,[OPEN],2025-12-4 15:7:57,8,-93,34.0273247,-117.1227951,589.80,1.75,WIFI
38:88:71:1E:EA:D1,Verizon_GB9NK6,[WPA2_PSK],2025-12-4 15:8:0,11,-86,34.0271454,-117.1219330,589.80,1.75,WIFI
14:7D:05:B4:9C:49,SpectrumSetup-47,[WPA2_PSK],2025-12-4 15:8:3,1,-84,34.0269432,-117.1211777,590.70,1.75,WIFI
4C:19:5D:92:73:09,SpectrumSetup-03,[WPA2_PSK],2025-12-4 15:8:3,1,-91,34.0269432,-117.1211777,590.70,1.75,WIFI
BA:B0:24:9E:54:DE,,[WPA2_PSK],2025-12-4 15:8:5,2,-83,34.0268097,-117.1207657,593.50,1.75,WIFI
76:FE:CE:B6:F2:F4,TP-Link_Guest_F2F4,[OPEN],2025-12-4 15:8:5,2,-89,34.0268097,-117.1207657,593.50,1.75,WIFI
48:DD:0C:A3:4D:07,,[OPEN],2025-12-4 15:8:9,6,-83,34.0265961,-117.1201782,597.30,1.75,WIFI
48:DD:0C:A3:4D:05,Whitty,[WPA2_PSK],2025-12-4 15:8:9,6,-83,34.0265961,-117.1201782,597.30,1.75,WIFI
4A:A2:E6:31:1A:1F,NewThermostat_311A1F,[OPEN],2025-12-4 15:8:9,6,-84,34.0265961,-117.1201782,597.30,1.75,WIFI
48:DD:0C:A3:4D:03,,[WPA3_PSK],2025-12-4 15:8:9,6,-85,34.0265961,-117.1201782,597.30,1.75,WIFI
BC:FD:0C:99:94:BE,V200_JFJI4402,[WPA2_PSK],2025-12-4 15:8:9,6,-88,34.0265961,-117.1201782,597.30,1.75,WIFI
66:4E:D7:34:B4:69,DIRECT-69-HP OfficeJet Pro 9130b,[WPA2_PSK],2025-12-4 15:8:9,6,-93,34.0265961,-117.1201782,597.30,1.75,WIFI
D4:20:B0:A2:2F:DD,,[WPA2_PSK],2025-12-4 15:8:9,6,-93,34.0265961,-117.1201782,597.30,1.75,WIFI
12:E8:A7:C2:C8:59,myGMC C859,[WPA2_PSK],2025-12-4 15:8:10,7,-93,34.0265617,-117.1200638,598.00,1.75,WIFI
24:94:CB:F0:73:A0,Frontier2832,[WPA2_PSK],2025-12-4 15:8:14,11,-77,34.0264473,-117.1197510,599.30,1.75,WIFI
CC:58:30:65:80:97,TMOBILE-8091,[WPA2_WPA3_PSK],2025-12-4 15:8:17,1,-80,34.0264435,-117.1195450,599.30,1.75,WIFI
2C:67:BE:35:9B:DD,SpectrumSetup-9BD9,[WPA2_PSK],2025-12-4 15:8:17,1,-85,34.0264435,-117.1195450,599.30,1.75,WIFI
62:23:51:EB:8D:E6,Cueva_IoT,[WPA2_WPA3_PSK],2025-12-4 15:8:19,2,-77,34.0265388,-117.1194382,599.70,1.75,WIFI
20:23:51:EB:8D:E6,Cueva,[WPA2_WPA3_PSK],2025-12-4 15:8:19,2,-78,34.0265388,-117.1194382,599.70,1.75,WIFI
B4:B0:24:9E:54:DE,Danny Boy,[WPA2_PSK],2025-12-4 15:8:19,2,-80,34.0265388,-117.1194382,599.70,1.75,WIFI
74:FE:CE:A6:F2:F4,Ou812,[WPA2_PSK],2025-12-4 15:8:19,2,-84,34.0265388,-117.1194382,599.70,1.75,WIFI
CA:09:0D:AB:C2:D0,ValTazca-1967,[WPA2_PSK],2025-12-4 15:8:19,2,-90,34.0265388,-117.1194382,599.70,1.75,WIFI
50:91:E3:A5:F4:B4,Kaliko,[WPA2_PSK],2025-12-4 15:8:20,3,-73,34.0266075,-117.1193924,599.80,1.75,WIFI
76:CD:D6:13:3C:19,NETGEAR-Guest,[OPEN],2025-12-4 15:8:20,3,-83,34.0266075,-117.1193924,599.80,1.75,WIFI
6C:CD:D6:13:3C:19,,[WPA2_PSK],2025-12-4 15:8:20,3,-89,34.0266075,-117.1193924,599.80,1.75,WIFI
EC:58:EA:6A:3E:83,Recover.Me-2A3E80,[WPA2_PSK],2025-12-4 15:8:22,5,-89,34.0267906,-117.1192856,600.00,1.75,WIFI
00:14:3E:1F:D3:90,GMREPCR,[WPA2_PSK],2025-12-4 15:8:23,6,-61,34.0269089,-117.1192398,600.10,1.75,WIFI
32:E0:96:08:E8:27,,[WPA2_PSK],2025-12-4 15:8:23,6,-83,34.0269089,-117.1192398,600.10,1.75,WIFI
04:F0:21:A0:25:F0,,[WPA2_PSK],2025-12-4 15:8:23,6,-84,34.0269089,-117.1192398,600.10,1.75,WIFI
70:F1:96:B5:1A:77,MOBIL,[WPA_WPA2_PSK],2025-12-4 15:8:23,6,-92,34.0269089,-117.1192398,600.10,1.75,WIFI
74:37:5F:8E:DC:1F,SpectrumSetup-1D,[WPA2_PSK],2025-12-4 15:8:28,11,-78,34.0275116,-117.1189575,600.00,1.75,WIFI
94:91:7F:A0:AB:E9,MySpectrumWiFiEB-2G,[WPA2_PSK],2025-12-4 15:8:28,11,-81,34.0275116,-117.1189575,600.00,1.75,WIFI
7C:DB:98:2C:9B:4F,MySpectrumWiFi51-2G,[WPA2_PSK],2025-12-4 15:8:28,11,-84,34.0275116,-117.1189575,600.00,1.75,WIFI
20:58:69:D6:03:53,Recover.Me-160350,[WPA2_PSK],2025-12-4 15:8:28,11,-90,34.0275116,-117.1189575,600.00,1.75,WIFI
18:60:41:14:C1:D7,TMOBILE-C1D5,[WPA2_WPA3_PSK],2025-12-4 15:8:34,3,-70,34.0279312,-117.1186447,600.40,1.75,WIFI
1A:60:41:74:C1:D7,,[WPA2_WPA3_PSK],2025-12-4 15:8:34,3,-71,34.0279312,-117.1186447,600.40,1.75,WIFI
00:30:44:5A:5D:9C,IBR600C-d9b,[WPA2_PSK],2025-12-4 15:8:38,6,-62,34.0279541,-117.1186218,600.80,1.75,WIFI
5C:FA:25:E8:D7:96,SpectrumSetup-90,[WPA2_PSK],2025-12-4 15:8:38,6,-80,34.0279541,-117.1186218,600.80,1.75,WIFI
18:A5:FF:88:19:5A,TMOBILE-1958,[WPA2_WPA3_PSK],2025-12-4 15:8:38,6,-80,34.0279541,-117.1186218,600.80,1.75,WIFI
92:30:66:58:C4:CD,WPI-Yucaipa-Dev,[WPA2_WPA3_PSK],2025-12-4 15:8:38,6,-88,34.0279541,-117.1186218,600.80,1.75,WIFI
A4:11:62:6E:91:34,ARLO_VMB_6689785310,[WPA2_PSK],2025-12-4 15:8:43,11,-74,34.0279541,-117.1186218,600.80,1.75,WIFI
AC:8B:A9:DA:80:89,,[WPA2_WPA3_PSK],2025-12-4 15:8:43,11,-81,34.0279541,-117.1186218,600.80,1.75,WIFI
BA:8B:A9:DA:80:89,,[WPA2_PSK],2025-12-4 15:8:43,11,-83,34.0279541,-117.1186218,600.80,1.75,WIFI
EA:38:83:13:1A:5A,,[WPA2_PSK],2025-12-4 15:8:45,1,-78,34.0279503,-117.1186218,600.80,1.75,WIFI
A8:97:CD:B5:24:E0,Frontier8800,[WPA2_PSK],2025-12-4 15:8:45,1,-86,34.0279503,-117.1186218,600.80,1.75,WIFI
