WigleWifi-1.4,appRelease=v1.2.0,model=ESP32 Marauder,release=v1.2.0,device=ESP32 Marauder,display=SPI TFT,board=ESP32 Marauder,brand=JustCallMeKoko
MAC,SSID,AuthMode,FirstSeen,Channel,RSSI,CurrentLatitude,CurrentLongitude,AltitudeMeters,AccuracyMeters,Type
88:15:44:A8:37:95,,[WPA_WPA2_PSK],2025-3-26 2:45:44,1,-69,34.0524178,-117.1805954,392.30,2.00,WIFI
8E:15:44:A8:37:95,,[WPA2],2025-3-26 2:45:44,1,-69,34.0524178,-117.1805954,392.30,2.00,WIFI
82:15:44:A8:37:95,EPIC-GUEST,[OPEN],2025-3-26 2:45:44,1,-69,34.0524178,-117.1805954,392.30,2.00,WIFI
86:15:44:A8:37:95,,[WPA2],2025-3-26 2:45:44,1,-69,34.0524178,-117.1805954,392.30,2.00,WIFI
B6:15:44:A8:37:95,,[WPA2],2025-3-26 2:45:44,1,-69,34.0524178,-117.1805954,392.30,2.00,WIFI
F4:05:95:D6:FB:F6,valerieceleryy,[WPA2_PSK],2025-3-26 2:45:44,1,-71,34.0524178,-117.1805954,392.30,2.00,WIFI
84:1B:5E:D4:0A:B5,Cajon RX 2g,[WPA2_PSK],2025-3-26 2:45:44,1,-72,34.0524178,-117.1805954,392.30,2.00,WIFI
40:2B:50:89:90:08,Frontier3968,[WPA2_PSK],2025-3-26 2:45:44,1,-78,34.0524178,-117.1805954,392.30,2.00,WIFI
8A:15:04:F9:25:11,,[WPA2],2025-3-26 2:45:44,1,-83,34.0524178,-117.1805954,392.30,2.00,WIFI
8A:15:04:F9:25:12,EPIC-GUEST,[OPEN],2025-3-26 2:45:44,1,-85,34.0524178,-117.1805954,392.30,2.00,WIFI
8A:15:04:F9:25:13,,[WPA2],2025-3-26 2:45:44,1,-85,34.0524178,-117.1805954,392.30,2.00,WIFI
1C:AF:F7:D4:7A:B1,IN,[WPA2_PSK],2025-3-26 2:45:44,1,-86,34.0524178,-117.1805954,392.30,2.00,WIFI
9C:3D:CF:1F:0B:A6,ARLO_VMB_1741448156,[WPA2_PSK],2025-3-26 2:45:46,3,-71,34.0524178,-117.1805954,392.30,2.00,WIFI
C4:04:15:1E:15:0F,TheMissionRedlands,[WPA2_PSK],2025-3-26 2:45:46,3,-73,34.0524178,-117.1805954,392.30,2.00,WIFI
CA:2C:4F:AB:E5:76,HiSmart-01-ca2c4fabe576,[OPEN],2025-3-26 2:45:46,3,-87,34.0524178,-117.1805954,392.30,2.00,WIFI
82:15:44:A8:37:C1,EPIC-GUEST,[OPEN],2025-3-26 2:45:49,6,-55,34.0524216,-117.1805954,392.30,2.00,WIFI
86:15:44:A8:37:C1,,[WPA2],2025-3-26 2:45:49,6,-56,34.0524216,-117.1805954,392.30,2.00,WIFI
B6:15:44:A8:37:C1,,[WPA2],2025-3-26 2:45:49,6,-56,34.0524216,-117.1805954,392.30,2.00,WIFI
88:15:44:A8:37:C1,CJN-Secure,[WPA_WPA2_PSK],2025-3-26 2:45:49,6,-56,34.0524216,-117.1805954,392.30,2.00,WIFI
8E:15:44:A8:37:C1,EPIC-WLAN,[WPA2],2025-3-26 2:45:49,6,-56,34.0524216,-117.1805954,392.30,2.00,WIFI
3C:52:82:1F:FF:B7,DIRECT-B6-HP ENVY 7640 series,[WPA2_PSK],2025-3-26 2:45:49,6,-57,34.0524216,-117.1805954,392.30,2.00,WIFI
30:60:0A:25:3B:B4,,[WPA_WPA2_PSK],2025-3-26 2:45:49,6,-71,34.0524216,-117.1805954,392.30,2.00,WIFI
5C:62:8B:42:B2:68,Paulson Ortho,[WPA2_PSK],2025-3-26 2:45:49,6,-71,34.0524216,-117.1805954,392.30,2.00,WIFI
66:62:8B:42:B2:68,,[WPA2_PSK],2025-3-26 2:45:49,6,-71,34.0524216,-117.1805954,392.30,2.00,WIFI
FC:12:63:8F:09:55,Spectrum-76,[WPA2_PSK],2025-3-26 2:45:49,6,-79,34.0524216,-117.1805954,392.30,2.00,WIFI
AC:8B:A9:9D:28:94,Cajon Dental,[WPA2_PSK],2025-3-26 2:45:49,6,-80,34.0524216,-117.1805954,392.30,2.00,WIFI
DC:92:72:EA:9B:2F,Frontier0450,[WPA2_PSK],2025-3-26 2:45:49,6,-80,34.0524216,-117.1805954,392.30,2.00,WIFI
94:91:7F:8A:43:42,MySpectrumWiFi44-2G,[WPA2_PSK],2025-3-26 2:45:49,6,-82,34.0524216,-117.1805954,392.30,2.00,WIFI
3E:94:ED:58:1D:17,,[WPA2_PSK],2025-3-26 2:45:53,10,-67,34.0524216,-117.1805954,392.30,2.00,WIFI
3E:94:ED:69:56:D4,Primemill,[WPA2_PSK],2025-3-26 2:45:53,10,-67,34.0524216,-117.1805954,392.30,2.00,WIFI
38:94:ED:58:1D:17,Primemill,[WPA2_PSK],2025-3-26 2:45:53,10,-69,34.0524216,-117.1805954,392.30,2.00,WIFI
38:94:ED:69:57:9C,,[WPA2_PSK],2025-3-26 2:45:53,10,-70,34.0524216,-117.1805954,392.30,2.00,WIFI
3E:94:ED:69:57:9C,Primemill,[WPA2_PSK],2025-3-26 2:45:53,10,-70,34.0524216,-117.1805954,392.30,2.00,WIFI
38:94:ED:69:56:D4,,[WPA2_PSK],2025-3-26 2:45:53,10,-70,34.0524216,-117.1805954,392.30,2.00,WIFI
DC:F5:1B:55:C7:C1,Verizon_GQD394,[WPA2_PSK],2025-3-26 2:45:54,11,-64,34.0524216,-117.1805954,392.30,2.00,WIFI
88:15:44:A8:3B:D5,,[WPA_WPA2_PSK],2025-3-26 2:45:54,11,-72,34.0524216,-117.1805954,392.30,2.00,WIFI
8E:15:44:A8:3B:D5,,[WPA2],2025-3-26 2:45:54,11,-72,34.0524216,-117.1805954,392.30,2.00,WIFI
B6:15:44:A8:3B:D5,,[WPA2],2025-3-26 2:45:54,11,-72,34.0524216,-117.1805954,392.30,2.00,WIFI
82:15:44:A8:3B:D5,EPIC-GUEST,[OPEN],2025-3-26 2:45:54,11,-73,34.0524216,-117.1805954,392.30,2.00,WIFI
86:15:44:A8:3B:D5,,[WPA2],2025-3-26 2:45:54,11,-73,34.0524216,-117.1805954,392.30,2.00,WIFI
82:15:44:A8:3C:0A,EPIC-GUEST,[OPEN],2025-3-26 2:45:54,11,-74,34.0524216,-117.1805954,392.30,2.00,WIFI
82:15:44:A8:3C:42,EPIC-GUEST,[OPEN],2025-3-26 2:45:54,11,-77,34.0524216,-117.1805954,392.30,2.00,WIFI
86:15:44:A8:3C:42,,[WPA2],2025-3-26 2:45:54,11,-78,34.0524216,-117.1805954,392.30,2.00,WIFI
B6:15:44:A8:3C:42,,[WPA2],2025-3-26 2:45:54,11,-78,34.0524216,-117.1805954,392.30,2.00,WIFI
88:15:44:A8:3C:42,,[WPA_WPA2_PSK],2025-3-26 2:45:54,11,-79,34.0524216,-117.1805954,392.30,2.00,WIFI
8E:15:44:A8:3C:42,,[WPA2],2025-3-26 2:45:54,11,-79,34.0524216,-117.1805954,392.30,2.00,WIFI
B6:15:44:A8:3C:49,,[WPA2],2025-3-26 2:45:54,11,-83,34.0524216,-117.1805954,392.30,2.00,WIFI
82:15:44:A8:3C:49,EPIC-GUEST,[OPEN],2025-3-26 2:45:54,11,-83,34.0524216,-117.1805954,392.30,2.00,WIFI
86:15:44:A8:3C:49,EPIC-BYOD,[WPA2],2025-3-26 2:45:54,11,-83,34.0524216,-117.1805954,392.30,2.00,WIFI
00:18:05:19:EE:57,inhand,[WPA2_PSK],2025-3-26 2:45:58,1,-70,34.0524216,-117.1805878,392.40,2.00,WIFI
F6:9F:C2:A4:48:B1,,[WPA2_PSK],2025-3-26 2:45:58,1,-77,34.0524216,-117.1805878,392.40,2.00,WIFI
F0:9F:C2:A4:48:B1,2peasinapod,[WPA2_PSK],2025-3-26 2:45:58,1,-79,34.0524216,-117.1805878,392.40,2.00,WIFI
F4:05:95:DA:90:97,SpectrumSetup-91,[WPA2_PSK],2025-3-26 2:45:58,1,-82,34.0524216,-117.1805878,392.40,2.00,WIFI
FC:12:63:F3:D6:A1,SpectrumSetup-A3,[WPA2_PSK],2025-3-26 2:45:58,1,-89,34.0524216,-117.1805878,392.40,2.00,WIFI
3C:52:A1:90:5F:EE,Paulson Ortho,[WPA2_PSK],2025-3-26 2:46:0,2,-86,34.0524178,-117.1805725,392.40,2.00,WIFI
AC:DF:9F:5C:1D:16,TheShadowRealm,[WPA2_WPA3_PSK],2025-3-26 2:46:2,4,-71,34.0523796,-117.1805420,392.40,2.00,WIFI
AC:DF:9F:4F:5A:BE,Violet,[WPA2_WPA3_PSK],2025-3-26 2:46:3,5,-73,34.0523529,-117.1805115,392.50,2.00,WIFI
C8:C6:FE:26:14:06,Lil Wills,[WPA2_PSK],2025-3-26 2:46:4,6,-52,34.0523148,-117.1804733,392.70,2.00,WIFI
C8:C6:FE:26:14:03,,[WPA3_PSK],2025-3-26 2:46:4,6,-57,34.0523148,-117.1804733,392.70,2.00,WIFI
C8:C6:FE:26:14:09,,[OPEN],2025-3-26 2:46:4,6,-58,34.0523148,-117.1804733,392.70,2.00,WIFI
C2:4C:77:EE:F8:AA,SpectrumSetup-A9,[WPA2_PSK],2025-3-26 2:46:4,6,-61,34.0523148,-117.1804733,392.70,2.00,WIFI
44:AD:B1:46:18:66,SpectrumSetup-60,[WPA2_PSK],2025-3-26 2:46:4,6,-72,34.0523148,-117.1804733,392.70,2.00,WIFI
4C:AB:F8:47:7A:0D,SpectrumSetup-0F,[WPA2_PSK],2025-3-26 2:46:4,6,-73,34.0523148,-117.1804733,392.70,2.00,WIFI
62:62:8B:42:B2:68,Paulson Ortho-guest,[WPA2_PSK],2025-3-26 2:46:4,6,-78,34.0523148,-117.1804733,392.70,2.00,WIFI
D0:6D:C9:36:DE:76,Frontier0467,[WPA2_PSK],2025-3-26 2:46:4,6,-79,34.0523148,-117.1804733,392.70,2.00,WIFI
5C:18:DD:F0:AE:73,,[WPA_WPA2_PSK],2025-3-26 2:46:6,8,-76,34.0522156,-117.1803741,393.20,2.00,WIFI
80:CC:9C:3E:9B:71,VIGILANS,[WPA2_PSK],2025-3-26 2:46:7,9,-61,34.0521507,-117.1803207,393.50,2.00,WIFI
6C:CD:D6:D4:B3:58,VIGILANS,[WPA2_PSK],2025-3-26 2:46:7,9,-68,34.0521507,-117.1803207,393.50,2.00,WIFI
3C:37:86:4E:C8:97,NETGEAR01,[WPA2_PSK],2025-3-26 2:46:8,10,-72,34.0520782,-117.1802673,393.70,2.00,WIFI
7A:CD:D6:C0:91:A9,Bestill-Guest,[WPA2_PSK],2025-3-26 2:46:8,10,-85,34.0520782,-117.1802673,393.70,2.00,WIFI
4C:19:5D:92:F9:43,SpectrumSetup-3D,[WPA2_PSK],2025-3-26 2:46:9,11,-63,34.0519981,-117.1801987,394.00,2.00,WIFI
FA:6A:1F:9C:12:81,The Machine,[WPA2_PSK],2025-3-26 2:46:9,11,-65,34.0519981,-117.1801987,394.00,2.00,WIFI
FC:EC:DA:11:30:BF,TheMissionRedlands,[WPA2_PSK],2025-3-26 2:46:9,11,-68,34.0519981,-117.1801987,394.00,2.00,WIFI
B0:4E:26:0B:65:93,Rainbow_latibule11,[WPA_WPA2_PSK],2025-3-26 2:46:9,11,-70,34.0519981,-117.1801987,394.00,2.00,WIFI
08:33:ED:FA:6B:C9,Greengal,[WPA2_PSK],2025-3-26 2:46:9,11,-72,34.0519981,-117.1801987,394.00,2.00,WIFI
98:F7:81:CE:AD:C0,Frontier9824,[WPA2_PSK],2025-3-26 2:46:9,11,-78,34.0519981,-117.1801987,394.00,2.00,WIFI
28:9E:FC:63:C8:FE,OFranklin26-2G,[WPA2_PSK],2025-3-26 2:46:9,11,-80,34.0519981,-117.1801987,394.00,2.00,WIFI
AC:B6:87:36:FE:79,Verizon_3PCKDS,[WPA2_PSK],2025-3-26 2:46:9,11,-83,34.0519981,-117.1801987,394.00,2.00,WIFI
E8:D2:FF:B2:A7:5E,SpectrumSetup-58,[WPA2_PSK],2025-3-26 2:46:12,1,-57,34.0517349,-117.1799850,394.90,2.00,WIFI
58:9B:4A:A7:C0:4D,SpectrumSetup-C049,[WPA2_PSK],2025-3-26 2:46:12,1,-70,34.0517349,-117.1799850,394.90,2.00,WIFI
60:F4:19:59:BB:E3,,[WPA3_PSK],2025-3-26 2:46:12,1,-74,34.0517349,-117.1799850,394.90,2.00,WIFI
60:F4:19:59:BB:E9,,[OPEN],2025-3-26 2:46:12,1,-74,34.0517349,-117.1799850,394.90,2.00,WIFI
02:6B:9E:1E:6E:EC,DIRECT-OM-VIZIOTV,[WPA2_PSK],2025-3-26 2:46:12,1,-74,34.0517349,-117.1799850,394.90,2.00,WIFI
60:F4:19:59:BB:E6,Sabs,[WPA2_PSK],2025-3-26 2:46:12,1,-75,34.0517349,-117.1799850,394.90,2.00,WIFI
2C:00:AB:A8:87:28,Frontier0720,[WPA2_PSK],2025-3-26 2:46:12,1,-82,34.0517349,-117.1799850,394.90,2.00,WIFI
7C:10:C9:65:AB:90,gravyrobbers,[WPA2_PSK],2025-3-26 2:46:15,3,-68,34.0514450,-117.1797485,396.10,2.00,WIFI
10:0C:6B:16:A8:8B,JD22,[WPA2_PSK],2025-3-26 2:46:15,3,-78,34.0514450,-117.1797485,396.10,2.00,WIFI
3C:52:A1:19:54:41,MCJ,[WPA2_PSK],2025-3-26 2:46:15,3,-80,34.0514450,-117.1797485,396.10,2.00,WIFI
42:52:A1:19:54:41,MCJ_Guest,[WPA2_PSK],2025-3-26 2:46:15,3,-83,34.0514450,-117.1797485,396.10,2.00,WIFI
42:52:A1:19:5F:BD,MCJ_Guest,[WPA2_PSK],2025-3-26 2:46:15,3,-84,34.0514450,-117.1797485,396.10,2.00,WIFI
42:52:A1:19:5F:B8,MCJ_Guest,[WPA2_PSK],2025-3-26 2:46:15,3,-86,34.0514450,-117.1797485,396.10,2.00,WIFI
C8:7F:54:D4:3A:70,This is the wifi network-2.4,[WPA2_PSK],2025-3-26 2:46:16,4,-83,34.0513458,-117.1796722,396.40,2.00,WIFI
34:98:B5:96:3E:7D,ShoOtingStar,[WPA2_PSK],2025-3-26 2:46:17,5,-81,34.0512428,-117.1795883,396.80,2.00,WIFI
C4:EB:39:7B:53:91,Frontier1661,[WPA2_PSK],2025-3-26 2:46:18,6,-66,34.0511436,-117.1795120,397.10,2.00,WIFI
FA:8F:CA:71:3A:D0,Conference TV.v_,[OPEN],2025-3-26 2:46:18,6,-73,34.0511436,-117.1795120,397.10,2.00,WIFI
D8:33:B7:D7:4A:91,Frontier1661,[WPA2_PSK],2025-3-26 2:46:18,6,-74,34.0511436,-117.1795120,397.10,2.00,WIFI
82:AF:CA:35:09:5D,DIRECT-P3-Xerox AltaLink C8170 (,[WPA2_PSK],2025-3-26 2:46:18,6,-78,34.0511436,-117.1795120,397.10,2.00,WIFI
44:D4:53:7C:8D:56,SpectrumSetup-50,[WPA2_PSK],2025-3-26 2:46:18,6,-78,34.0511436,-117.1795120,397.10,2.00,WIFI
16:CB:19:9A:E7:54,DIRECT-54-HP M404dw LJ,[WPA2_PSK],2025-3-26 2:46:18,6,-79,34.0511436,-117.1795120,397.10,2.00,WIFI
D0:6D:C9:32:7A:16,Frontier0699,[WPA2_PSK],2025-3-26 2:46:18,6,-85,34.0511436,-117.1795120,397.10,2.00,WIFI
6C:CD:D6:F1:F7:0C,NETGEAR66,[WPA2_PSK],2025-3-26 2:46:18,7,-72,34.0511436,-117.1795120,397.10,2.00,WIFI
E4:8E:10:43:6F:A0,,[WPA_WPA2_PSK],2025-3-26 2:46:21,9,-86,34.0508537,-117.1792908,398.30,2.00,WIFI
9C:0B:05:9C:65:67,Otiniano_1,[WPA2_PSK],2025-3-26 2:46:23,11,-61,34.0506859,-117.1791611,398.90,2.00,WIFI
A4:9B:CD:ED:65:C5,,[WPA2],2025-3-26 2:46:23,11,-63,34.0506859,-117.1791611,398.90,2.00,WIFI
9C:0B:05:A4:FE:04,,[WPA3_PSK],2025-3-26 2:46:23,11,-63,34.0506859,-117.1791611,398.90,2.00,WIFI
9C:0B:05:9C:65:64,,[WPA3_PSK],2025-3-26 2:46:23,11,-64,34.0506859,-117.1791611,398.90,2.00,WIFI
9C:0B:05:9C:65:6A,,[OPEN],2025-3-26 2:46:23,11,-64,34.0506859,-117.1791611,398.90,2.00,WIFI
9C:0B:05:A4:FE:0A,,[OPEN],2025-3-26 2:46:23,11,-64,34.0506859,-117.1791611,398.90,2.00,WIFI
9C:0B:05:A4:FE:07,Otiniano_1,[WPA2_PSK],2025-3-26 2:46:23,11,-65,34.0506859,-117.1791611,398.90,2.00,WIFI
9C:0B:05:A3:A1:47,Otiniano_1,[WPA2_PSK],2025-3-26 2:46:23,11,-66,34.0506859,-117.1791611,398.90,2.00,WIFI
9C:0B:05:A3:A1:44,,[WPA3_PSK],2025-3-26 2:46:23,11,-67,34.0506859,-117.1791611,398.90,2.00,WIFI
A4:9B:CD:ED:65:C7,Guest-access,[OPEN],2025-3-26 2:46:23,11,-70,34.0506859,-117.1791611,398.90,2.00,WIFI
A4:9B:CD:ED:65:C6,WLANs01,[WPA2_PSK],2025-3-26 2:46:23,11,-71,34.0506859,-117.1791611,398.90,2.00,WIFI
32:9B:D6:65:17:C9,Office TV,[OPEN],2025-3-26 2:46:23,11,-72,34.0506859,-117.1791611,398.90,2.00,WIFI
FA:D0:27:34:E5:65,DIRECT-27346565,[WPA2_PSK],2025-3-26 2:46:23,11,-77,34.0506859,-117.1791611,398.90,2.00,WIFI
74:93:DA:1D:3A:99,SpectrumSetup-9B,[WPA2_PSK],2025-3-26 2:46:23,11,-79,34.0506859,-117.1791611,398.90,2.00,WIFI
84:69:93:EE:60:B6,DIRECT-B5-HP OfficeJet Pro 6970,[WPA2_PSK],2025-3-26 2:46:23,11,-81,34.0506859,-117.1791611,398.90,2.00,WIFI
F0:21:E0:D5:0E:46,Otiniano_1,[WPA2_PSK],2025-3-26 2:46:23,11,-81,34.0506859,-117.1791611,398.90,2.00,WIFI
70:3A:CB:09:B2:1E,redpod1,[WPA2_PSK],2025-3-26 2:46:23,11,-84,34.0506859,-117.1791611,398.90,2.00,WIFI
70:3A:CB:09:DB:95,redpod1,[WPA2_PSK],2025-3-26 2:46:27,1,-66,34.0505028,-117.1790237,399.70,2.00,WIFI
98:1E:19:24:30:CE,MySpectrumWiFic8-2G,[WPA2_PSK],2025-3-26 2:46:27,1,-67,34.0505028,-117.1790237,399.70,2.00,WIFI
34:53:D2:B6:1F:12,Nostromo,[WPA2_PSK],2025-3-26 2:46:27,1,-75,34.0505028,-117.1790237,399.70,2.00,WIFI
00:31:92:DA:EA:6C,SKYNET,[WPA2_PSK],2025-3-26 2:46:29,2,-85,34.0504799,-117.1790085,399.80,2.00,WIFI
DE:07:B6:E9:D0:0A,,[WPA2_PSK],2025-3-26 2:46:29,2,-86,34.0504799,-117.1790085,399.80,2.00,WIFI
CC:40:D0:0F:75:7C,NETGEAR,[OPEN],2025-3-26 2:46:30,3,-64,34.0504723,-117.1790085,399.90,2.00,WIFI
34:98:B5:C8:AB:E4,ferngully,[WPA2_PSK],2025-3-26 2:46:32,5,-78,34.0504303,-117.1790009,400.10,2.00,WIFI
F4:52:46:D9:BB:30,SpectrumSetup-BB33,[WPA2_PSK],2025-3-26 2:46:33,6,-61,34.0503998,-117.1790085,400.30,2.00,WIFI
2C:EA:DC:BC:D6:D3,AnA Home,[WPA2_PSK],2025-3-26 2:46:33,6,-66,34.0503998,-117.1790085,400.30,2.00,WIFI
64:C2:69:C4:DC:A5,McLinsky,[WPA2_PSK],2025-3-26 2:46:33,6,-75,34.0503998,-117.1790085,400.30,2.00,WIFI
24:2D:6C:64:8E:8B,,[OPEN],2025-3-26 2:46:33,6,-76,34.0503998,-117.1790085,400.30,2.00,WIFI
64:C2:69:C4:DC:A3,,[WPA3_PSK],2025-3-26 2:46:33,6,-77,34.0503998,-117.1790085,400.30,2.00,WIFI
24:2D:6C:64:8E:85,,[WPA3_PSK],2025-3-26 2:46:33,6,-79,34.0503998,-117.1790085,400.30,2.00,WIFI
C4:A8:16:32:F4:85,,[WPA3_PSK],2025-3-26 2:46:33,6,-80,34.0503998,-117.1790085,400.30,2.00,WIFI
74:B6:B6:50:8D:C7,,[OPEN],2025-3-26 2:46:33,6,-80,34.0503998,-117.1790085,400.30,2.00,WIFI
7A:FE:CE:FC:4C:3A,Mt San Jacinto_Guest,[WPA2_PSK],2025-3-26 2:46:33,7,-78,34.0503998,-117.1790085,400.30,2.00,WIFI
7A:DA:88:E4:5E:D6,GreatHall,[WPA_WPA2_PSK],2025-3-26 2:46:35,8,-71,34.0503311,-117.1790924,400.20,2.00,WIFI
74:DA:88:E4:5E:D6,TrinityChurch,[WPA_WPA2_PSK],2025-3-26 2:46:35,8,-71,34.0503311,-117.1790924,400.20,2.00,WIFI
74:DA:88:96:E4:6E,TrinityChurch,[WPA_WPA2_PSK],2025-3-26 2:46:35,8,-73,34.0503311,-117.1790924,400.20,2.00,WIFI
7A:DA:88:96:E4:6E,GreatHall,[WPA_WPA2_PSK],2025-3-26 2:46:35,8,-75,34.0503311,-117.1790924,400.20,2.00,WIFI
74:DA:88:96:D4:82,TrinityChurch,[WPA_WPA2_PSK],2025-3-26 2:46:35,8,-77,34.0503311,-117.1790924,400.20,2.00,WIFI
7E:DA:88:96:D4:82,,[WPA2_PSK],2025-3-26 2:46:35,8,-77,34.0503311,-117.1790924,400.20,2.00,WIFI
74:DA:88:96:E3:AA,TrinityChurch,[WPA_WPA2_PSK],2025-3-26 2:46:35,8,-79,34.0503311,-117.1790924,400.20,2.00,WIFI
7A:DA:88:96:D4:82,GreatHall,[WPA_WPA2_PSK],2025-3-26 2:46:35,8,-79,34.0503311,-117.1790924,400.20,2.00,WIFI
7A:DA:88:96:E3:AA,GreatHall,[WPA_WPA2_PSK],2025-3-26 2:46:35,8,-86,34.0503311,-117.1790924,400.20,2.00,WIFI
CE:42:E5:29:30:AB,GreatHall,[WPA_WPA2_PSK],2025-3-26 2:46:35,8,-88,34.0503311,-117.1790924,400.20,2.00,WIFI
76:CD:D6:C0:91:A9,,[WPA2_PSK],2025-3-26 2:46:37,10,-76,34.0502472,-117.1792374,399.80,2.00,WIFI
7A:CD:D6:C4:99:1E,Bestill-Guest,[WPA2_PSK],2025-3-26 2:46:37,10,-86,34.0502472,-117.1792374,399.80,2.00,WIFI
EA:07:B6:72:7F:69,,[WPA2_PSK],2025-3-26 2:46:37,10,-86,34.0502472,-117.1792374,399.80,2.00,WIFI
76:CD:D6:C4:99:1E,,[WPA2_PSK],2025-3-26 2:46:37,10,-88,34.0502472,-117.1792374,399.80,2.00,WIFI
A4:9B:CD:ED:73:83,,[WPA2],2025-3-26 2:46:38,11,-62,34.0501976,-117.1793365,399.70,2.00,WIFI
A4:9B:CD:ED:73:85,,[WPA2],2025-3-26 2:46:38,11,-62,34.0501976,-117.1793365,399.70,2.00,WIFI
A4:9B:CD:ED:73:86,WLANs01,[WPA2_PSK],2025-3-26 2:46:38,11,-62,34.0501976,-117.1793365,399.70,2.00,WIFI
A4:9B:CD:ED:73:87,Guest-access,[OPEN],2025-3-26 2:46:38,11,-62,34.0501976,-117.1793365,399.70,2.00,WIFI
A4:9B:CD:ED:73:82,,[WPA2],2025-3-26 2:46:38,11,-63,34.0501976,-117.1793365,399.70,2.00,WIFI
A0:55:1F:17:69:61,Krusty Krushers,[WPA2_PSK],2025-3-26 2:46:38,11,-81,34.0501976,-117.1793365,399.70,2.00,WIFI
14:C0:3E:ED:FE:C8,Frontier0992,[WPA2_PSK],2025-3-26 2:46:38,11,-86,34.0501976,-117.1793365,399.70,2.00,WIFI
F4:CA:E7:5A:7A:9A,Verizon_6BL4XH,[WPA2_PSK],2025-3-26 2:46:41,1,-66,34.0500221,-117.1796494,399.30,2.00,WIFI
F0:7B:65:F1:6B:24,SpectrumSetup-6B1E,[WPA2_PSK],2025-3-26 2:46:41,1,-71,34.0500221,-117.1796494,399.30,2.00,WIFI
A8:A7:95:EA:2A:34,VTG,[WPA2_PSK],2025-3-26 2:46:41,1,-77,34.0500221,-117.1796494,399.30,2.00,WIFI
A4:9B:CD:ED:D3:A7,Guest-access,[OPEN],2025-3-26 2:46:41,1,-79,34.0500221,-117.1796494,399.30,2.00,WIFI
A4:9B:CD:ED:D3:A6,WLANs01,[WPA2_PSK],2025-3-26 2:46:41,1,-80,34.0500221,-117.1796494,399.30,2.00,WIFI
B0:BB:E5:32:42:1E,SpectrumSetup-18,[WPA2_PSK],2025-3-26 2:46:41,1,-83,34.0500221,-117.1796494,399.30,2.00,WIFI
3C:37:86:C2:9F:8A,Frontier4640_2GEXT,[WPA_WPA2_PSK],2025-3-26 2:46:41,1,-88,34.0500221,-117.1796494,399.30,2.00,WIFI
3C:58:5D:59:6D:C6,Outatime49,[WPA2_WPA3_PSK],2025-3-26 2:46:41,1,-89,34.0500221,-117.1796494,399.30,2.00,WIFI
A4:11:62:1B:12:26,NTGR_VMB_1426277791,[WPA2_PSK],2025-3-26 2:46:41,1,-91,34.0500221,-117.1796494,399.30,2.00,WIFI
6E:B0:CE:14:12:FC,TEChurch,[WPA2_PSK],2025-3-26 2:46:45,4,-69,34.0498009,-117.1800613,399.00,2.00,WIFI
34:98:B5:FA:6B:8E,ferngully,[WPA2_PSK],2025-3-26 2:46:46,5,-61,34.0497398,-117.1801682,399.00,2.00,WIFI
3C:28:6D:B4:56:8E,Frontier0992,[WPA2_PSK],2025-3-26 2:46:47,6,-66,34.0496788,-117.1802826,398.90,2.00,WIFI
D8:CF:61:48:00:EE,SpectrumSetup-00E8,[WPA2_PSK],2025-3-26 2:46:47,6,-67,34.0496788,-117.1802826,398.90,2.00,WIFI
08:7B:12:5B:35:CC,SpectrumSetup-C6,[WPA2_PSK],2025-3-26 2:46:47,6,-68,34.0496788,-117.1802826,398.90,2.00,WIFI
E4:C0:E2:63:33:D6,SpectrumSetup-D0,[WPA2_PSK],2025-3-26 2:46:47,6,-70,34.0496788,-117.1802826,398.90,2.00,WIFI
3C:5C:F1:8A:1E:E2,,[WPA3_PSK],2025-3-26 2:46:47,6,-75,34.0496788,-117.1802826,398.90,2.00,WIFI
3C:5C:F1:8A:1E:EA,EERO B3 Guest,[WPA2_WPA3_PSK],2025-3-26 2:46:47,6,-75,34.0496788,-117.1802826,398.90,2.00,WIFI
F8:BB:BF:99:9B:95,,[OPEN],2025-3-26 2:46:47,6,-75,34.0496788,-117.1802826,398.90,2.00,WIFI
F8:BB:BF:99:9B:93,EERO B3,[WPA2_WPA3_PSK],2025-3-26 2:46:47,6,-75,34.0496788,-117.1802826,398.90,2.00,WIFI
3C:5C:F1:8A:1E:E6,,[OPEN],2025-3-26 2:46:47,6,-76,34.0496788,-117.1802826,398.90,2.00,WIFI
3C:5C:F1:8A:1E:E4,EERO B3,[WPA2_WPA3_PSK],2025-3-26 2:46:47,6,-76,34.0496788,-117.1802826,398.90,2.00,WIFI
F8:BB:BF:99:9B:91,,[WPA3_PSK],2025-3-26 2:46:47,6,-76,34.0496788,-117.1802826,398.90,2.00,WIFI
F8:BB:BF:99:9B:99,EERO B3 Guest,[WPA2_WPA3_PSK],2025-3-26 2:46:47,6,-76,34.0496788,-117.1802826,398.90,2.00,WIFI
50:27:A9:0A:8D:63,,[WPA3_PSK],2025-3-26 2:46:47,6,-78,34.0496788,-117.1802826,398.90,2.00,WIFI
50:27:A9:0A:8D:67,,[OPEN],2025-3-26 2:46:47,6,-78,34.0496788,-117.1802826,398.90,2.00,WIFI
50:27:A9:0A:8D:65,FiOS-L5MSY,[WPA2_PSK],2025-3-26 2:46:47,6,-78,34.0496788,-117.1802826,398.90,2.00,WIFI
F0:81:75:F6:EA:EE,SpectrumSetup-E8,[WPA2_PSK],2025-3-26 2:46:47,6,-85,34.0496788,-117.1802826,398.90,2.00,WIFI
58:CB:52:D3:3E:C1,kjhisherewifi,[WPA2_PSK],2025-3-26 2:46:47,6,-86,34.0496788,-117.1802826,398.90,2.00,WIFI
B0:BB:E5:26:5D:CE,SpectrumSetup-C8,[WPA2_PSK],2025-3-26 2:46:47,6,-90,34.0496788,-117.1802826,398.90,2.00,WIFI
C8:9E:43:DC:F0:0C,Wifi,[WPA2_PSK],2025-3-26 2:46:51,9,-84,34.0494194,-117.1807556,398.80,2.00,WIFI
D6:40:D0:57:21:F3,,[WPA2_PSK],2025-3-26 2:46:51,9,-85,34.0494194,-117.1807556,398.80,2.00,WIFI
F0:B6:61:28:D2:0A,,[OPEN],2025-3-26 2:46:53,11,-59,34.0492859,-117.1809998,398.50,2.00,WIFI
F0:B6:61:28:D2:07,homewifi,[WPA2_PSK],2025-3-26 2:46:53,11,-59,34.0492859,-117.1809998,398.50,2.00,WIFI
F0:B6:61:28:D2:04,,[WPA3_PSK],2025-3-26 2:46:53,11,-60,34.0492859,-117.1809998,398.50,2.00,WIFI
84:70:D7:EC:89:2A,,[OPEN],2025-3-26 2:46:53,11,-63,34.0492859,-117.1809998,398.50,2.00,WIFI
84:70:D7:EC:89:24,,[WPA3_PSK],2025-3-26 2:46:53,11,-65,34.0492859,-117.1809998,398.50,2.00,WIFI
F0:B6:61:BE:AF:C4,,[WPA3_PSK],2025-3-26 2:46:53,11,-69,34.0492859,-117.1809998,398.50,2.00,WIFI
F0:B6:61:BE:AF:CA,,[OPEN],2025-3-26 2:46:53,11,-69,34.0492859,-117.1809998,398.50,2.00,WIFI
F0:B6:61:BE:AF:C7,Falksters,[WPA2_PSK],2025-3-26 2:46:53,11,-69,34.0492859,-117.1809998,398.50,2.00,WIFI
84:70:D7:EC:89:27,Cerberus,[WPA2_PSK],2025-3-26 2:46:53,11,-70,34.0492859,-117.1809998,398.50,2.00,WIFI
DC:69:B5:A7:21:26,HartlingHouse,[WPA2_PSK],2025-3-26 2:46:53,11,-76,34.0492859,-117.1809998,398.50,2.00,WIFI
DC:69:B5:A7:21:29,,[OPEN],2025-3-26 2:46:53,11,-77,34.0492859,-117.1809998,398.50,2.00,WIFI
DC:69:B5:A7:21:23,,[WPA3_PSK],2025-3-26 2:46:53,11,-78,34.0492859,-117.1809998,398.50,2.00,WIFI
AE:AE:19:62:E1:18,,[WPA2_PSK],2025-3-26 2:46:53,11,-79,34.0492859,-117.1809998,398.50,2.00,WIFI
16:CB:19:7D:88:C4,DIRECT-c4-HP M15 LaserJet,[WPA2_PSK],2025-3-26 2:46:53,11,-81,34.0492859,-117.1809998,398.50,2.00,WIFI
88:EF:16:EF:2C:F8,Frontier4640,[WPA2_PSK],2025-3-26 2:46:53,11,-83,34.0492859,-117.1809998,398.50,2.00,WIFI
9C:0B:05:52:05:C7,FiOS-OI4I9,[WPA2_PSK],2025-3-26 2:46:53,11,-83,34.0492859,-117.1809998,398.50,2.00,WIFI
86:EA:ED:4A:BC:42,,[WPA2_PSK],2025-3-26 2:46:53,11,-83,34.0492859,-117.1809998,398.50,2.00,WIFI
22:7F:88:13:8D:84,,[WPA2_PSK],2025-3-26 2:46:53,11,-91,34.0492859,-117.1809998,398.50,2.00,WIFI
B0:FC:88:53:2D:4B,SpectrumSetup-45,[WPA2_PSK],2025-3-26 2:46:54,1,-70,34.0492172,-117.1811218,398.40,2.00,WIFI
80:78:71:BA:F6:07,BunnyIsland,[WPA2_PSK],2025-3-26 2:46:54,1,-71,34.0492172,-117.1811218,398.40,2.00,WIFI
60:D2:48:0D:23:98,Frontier9280,[WPA2_PSK],2025-3-26 2:46:54,1,-77,34.0492172,-117.1811218,398.40,2.00,WIFI
E2:98:06:07:2E:66,SmartLife-2E66,[OPEN],2025-3-26 2:46:54,1,-78,34.0492172,-117.1811218,398.40,2.00,WIFI
DC:69:B5:D3:7A:06,internet,[WPA2_PSK],2025-3-26 2:46:54,1,-78,34.0492172,-117.1811218,398.40,2.00,WIFI
F4:05:95:AF:FC:02,LCbungalow,[WPA2_PSK],2025-3-26 2:46:54,1,-80,34.0492172,-117.1811218,398.40,2.00,WIFI
00:C8:96:CD:4E:12,,[WPA_WPA2_PSK],2025-3-26 2:46:54,1,-83,34.0492172,-117.1811218,398.40,2.00,WIFI
BC:10:2F:1A:2B:68,[range]_E30AJT7113645H,[WPA2_PSK],2025-3-26 2:46:54,1,-89,34.0492172,-117.1811218,398.40,2.00,WIFI
C8:9E:43:DC:F6:90,BIG HAPPY & HYGGE,[WPA2_PSK],2025-3-26 2:47:0,3,-60,34.0488205,-117.1818390,397.90,2.00,WIFI
C4:04:15:5B:14:8E,BIG HAPPY & HYGGE_EXT,[WPA2_PSK],2025-3-26 2:47:0,3,-83,34.0488205,-117.1818390,397.90,2.00,WIFI
60:F4:19:40:3E:69,,[OPEN],2025-3-26 2:47:3,6,-62,34.0486488,-117.1821442,397.90,1.75,WIFI
60:F4:19:40:3E:66,Alvarado house ,[WPA2_PSK],2025-3-26 2:47:3,6,-64,34.0486488,-117.1821442,397.90,1.75,WIFI
60:F4:19:40:3E:63,,[WPA3_PSK],2025-3-26 2:47:3,6,-64,34.0486488,-117.1821442,397.90,1.75,WIFI
A0:7F:8A:57:FD:03,SpectrumSetup-FCFD,[WPA2_PSK],2025-3-26 2:47:3,6,-69,34.0486488,-117.1821442,397.90,1.75,WIFI
60:F4:19:2D:42:E6,Alvarado house ,[WPA2_PSK],2025-3-26 2:47:3,6,-70,34.0486488,-117.1821442,397.90,1.75,WIFI
60:F4:19:2D:42:E3,,[WPA3_PSK],2025-3-26 2:47:3,6,-71,34.0486488,-117.1821442,397.90,1.75,WIFI
60:F4:19:2D:42:E9,,[OPEN],2025-3-26 2:47:3,6,-71,34.0486488,-117.1821442,397.90,1.75,WIFI
DC:4A:3E:9F:73:AE,DIRECT-AD-HP ENVY 7640 series,[WPA2_PSK],2025-3-26 2:47:3,6,-72,34.0486488,-117.1821442,397.90,1.75,WIFI
60:F4:19:62:37:29,,[OPEN],2025-3-26 2:47:3,6,-75,34.0486488,-117.1821442,397.90,1.75,WIFI
60:F4:19:62:37:23,,[WPA3_PSK],2025-3-26 2:47:3,6,-76,34.0486488,-117.1821442,397.90,1.75,WIFI
FC:3F:A6:EB:5D:63,,[WPA3_PSK],2025-3-26 2:47:3,6,-76,34.0486488,-117.1821442,397.90,1.75,WIFI
FC:3F:A6:EB:5D:69,,[OPEN],2025-3-26 2:47:3,6,-76,34.0486488,-117.1821442,397.90,1.75,WIFI
48:DD:0C:A0:38:47,,[OPEN],2025-3-26 2:47:3,6,-77,34.0486488,-117.1821442,397.90,1.75,WIFI
48:DD:0C:A0:38:43,,[WPA3_PSK],2025-3-26 2:47:3,6,-77,34.0486488,-117.1821442,397.90,1.75,WIFI
48:DD:0C:A0:38:45,Nacho WiFi,[WPA2_PSK],2025-3-26 2:47:3,6,-77,34.0486488,-117.1821442,397.90,1.75,WIFI
60:F4:19:62:37:26,JoJoHomeWifi,[WPA2_PSK],2025-3-26 2:47:3,6,-77,34.0486488,-117.1821442,397.90,1.75,WIFI
FC:3F:A6:EB:5D:66,test,[WPA2_PSK],2025-3-26 2:47:3,6,-77,34.0486488,-117.1821442,397.90,1.75,WIFI
4C:AB:F8:54:68:11,SpectrumSetup-13,[WPA2_PSK],2025-3-26 2:47:3,6,-78,34.0486488,-117.1821442,397.90,1.75,WIFI
28:EC:22:2A:20:49,,[OPEN],2025-3-26 2:47:3,6,-78,34.0486488,-117.1821442,397.90,1.75,WIFI
28:EC:22:2A:20:43,,[WPA3_PSK],2025-3-26 2:47:3,6,-79,34.0486488,-117.1821442,397.90,1.75,WIFI
28:EC:22:2A:20:46,babetteateoatmeal,[WPA2_PSK],2025-3-26 2:47:3,6,-79,34.0486488,-117.1821442,397.90,1.75,WIFI
60:F4:19:7B:33:46,Alvarado house ,[WPA2_PSK],2025-3-26 2:47:3,6,-81,34.0486488,-117.1821442,397.90,1.75,WIFI
60:F4:19:40:1A:C3,,[WPA3_PSK],2025-3-26 2:47:3,6,-81,34.0486488,-117.1821442,397.90,1.75,WIFI
60:F4:19:40:1A:C6,Weclcome414,[WPA2_PSK],2025-3-26 2:47:3,6,-81,34.0486488,-117.1821442,397.90,1.75,WIFI
20:BE:CD:96:5E:E4,,[WPA3_PSK],2025-3-26 2:47:3,6,-83,34.0486488,-117.1821442,397.90,1.75,WIFI
20:BE:CD:96:5E:EA,,[OPEN],2025-3-26 2:47:3,6,-84,34.0486488,-117.1821442,397.90,1.75,WIFI
E8:9C:25:55:DC:D8,ax6000,[WPA2_PSK],2025-3-26 2:47:3,7,-73,34.0486488,-117.1821442,397.90,1.75,WIFI
54:04:63:FA:F8:68,,[WPA_WPA2_PSK],2025-3-26 2:47:3,7,-89,34.0486488,-117.1821442,397.90,1.75,WIFI
8A:D8:1B:FA:A1:86,,[WPA2_PSK],2025-3-26 2:47:7,8,-76,34.0485039,-117.1824188,398.10,1.75,WIFI
84:D8:1B:FA:A1:86,Osajima wifi,[WPA2_PSK],2025-3-26 2:47:7,8,-82,34.0485039,-117.1824188,398.10,1.75,WIFI
84:D8:1B:FA:9F:4A,Osajima wifi,[WPA2_PSK],2025-3-26 2:47:7,8,-86,34.0485039,-117.1824188,398.10,1.75,WIFI
DA:40:D0:57:21:F3,ORBI55-Guest,[WPA2_PSK],2025-3-26 2:47:8,9,-75,34.0484886,-117.1824493,398.10,1.75,WIFI
D2:40:D0:57:21:F3,ORBI55,[WPA2_PSK],2025-3-26 2:47:8,9,-78,34.0484886,-117.1824493,398.10,1.75,WIFI
B6:19:21:20:96:06,,[WPA2_PSK],2025-3-26 2:47:9,10,-75,34.0484886,-117.1824493,398.20,1.75,WIFI
B0:19:21:20:96:06,Phillipsphi,[WPA2_WPA3_PSK],2025-3-26 2:47:9,10,-77,34.0484886,-117.1824493,398.20,1.75,WIFI
2C:00:AB:98:F9:28,Frontier1328,[WPA2_PSK],2025-3-26 2:47:10,11,-72,34.0484886,-117.1824493,398.20,1.75,WIFI
28:BD:89:CC:EA:B0,Simpson,[WPA2_PSK],2025-3-26 2:47:10,11,-79,34.0484886,-117.1824493,398.20,1.75,WIFI
D4:A9:28:06:43:CA,Fireworks,[WPA2_PSK],2025-3-26 2:47:10,11,-80,34.0484886,-117.1824493,398.20,1.75,WIFI
D8:A7:56:64:6D:66,MySpectrumWiFi60-2G,[WPA2_PSK],2025-3-26 2:47:10,11,-81,34.0484886,-117.1824493,398.20,1.75,WIFI
7C:78:B2:B3:1E:EB,wzap39524206,[WPA2_PSK],2025-3-26 2:47:10,11,-82,34.0484886,-117.1824493,398.20,1.75,WIFI
C0:89:AB:3D:44:68,Frontier1680,[WPA2_PSK],2025-3-26 2:47:10,11,-84,34.0484886,-117.1824493,398.20,1.75,WIFI
A0:7F:8A:10:B1:6B,SpectrumSetup-B165,[WPA2_PSK],2025-3-26 2:47:13,1,-65,34.0484200,-117.1825790,398.40,1.75,WIFI
C8:C6:FE:6B:81:43,,[WPA3_PSK],2025-3-26 2:47:13,1,-75,34.0484200,-117.1825790,398.40,1.75,WIFI
C8:C6:FE:6B:81:46,Not the FBI,[WPA2_PSK],2025-3-26 2:47:13,1,-75,34.0484200,-117.1825790,398.40,1.75,WIFI
C8:C6:FE:6B:81:49,,[OPEN],2025-3-26 2:47:13,1,-77,34.0484200,-117.1825790,398.40,1.75,WIFI
B0:19:21:20:95:C4,Phillipsphi,[WPA2_WPA3_PSK],2025-3-26 2:47:17,4,-51,34.0482368,-117.1829147,398.60,1.75,WIFI
B6:19:21:20:95:C4,,[WPA2_PSK],2025-3-26 2:47:17,4,-52,34.0482368,-117.1829147,398.60,1.75,WIFI
1A:91:82:AD:47:47,do_u_know_what_today_is?-guest,[OPEN],2025-3-26 2:47:18,5,-66,34.0481758,-117.1830215,398.50,1.75,WIFI
14:91:82:AD:47:47,do_u_know_what_today_is?,[WPA2_PSK],2025-3-26 2:47:18,5,-69,34.0481758,-117.1830215,398.50,1.75,WIFI
9C:A5:70:2C:3A:63,,[WPA3_PSK],2025-3-26 2:47:19,6,-58,34.0481148,-117.1831360,398.60,1.75,WIFI
9C:A5:70:2C:3A:67,,[OPEN],2025-3-26 2:47:19,6,-58,34.0481148,-117.1831360,398.60,1.75,WIFI
9C:A5:70:2C:3A:65,McKevitt,[WPA2_PSK],2025-3-26 2:47:19,6,-59,34.0481148,-117.1831360,398.60,1.75,WIFI
50:27:A9:21:20:E5,Frontier1,[WPA2_PSK],2025-3-26 2:47:19,6,-59,34.0481148,-117.1831360,398.60,1.75,WIFI
00:D0:2D:D6:17:FA,NewThermostat_D617FA,[OPEN],2025-3-26 2:47:19,6,-60,34.0481148,-117.1831360,398.60,1.75,WIFI
50:27:A9:21:20:E3,,[WPA3_PSK],2025-3-26 2:47:19,6,-64,34.0481148,-117.1831360,398.60,1.75,WIFI
50:27:A9:21:20:E7,,[OPEN],2025-3-26 2:47:19,6,-64,34.0481148,-117.1831360,398.60,1.75,WIFI
C8:2E:18:EF:5C:79,popur_LB02K_5C79,[OPEN],2025-3-26 2:47:19,6,-64,34.0481148,-117.1831360,398.60,1.75,WIFI
20:BE:CD:96:5E:E7,Frontier1,[WPA2_PSK],2025-3-26 2:47:19,6,-65,34.0481148,-117.1831360,398.60,1.75,WIFI
64:C2:69:8C:C5:E5,McKevitt,[WPA2_PSK],2025-3-26 2:47:19,6,-69,34.0481148,-117.1831360,398.60,1.75,WIFI
64:C2:69:8C:C5:E7,,[OPEN],2025-3-26 2:47:19,6,-70,34.0481148,-117.1831360,398.60,1.75,WIFI
50:27:A9:1E:F4:E5,Frontier1,[WPA2_PSK],2025-3-26 2:47:19,6,-73,34.0481148,-117.1831360,398.60,1.75,WIFI
60:F4:19:40:1A:C9,,[OPEN],2025-3-26 2:47:19,6,-77,34.0481148,-117.1831360,398.60,1.75,WIFI
66:EB:8C:80:A8:D0,DIRECT-8C8028D0,[WPA2_PSK],2025-3-26 2:47:19,6,-82,34.0481148,-117.1831360,398.60,1.75,WIFI
48:DD:0C:9D:D2:87,,[OPEN],2025-3-26 2:47:19,6,-82,34.0481148,-117.1831360,398.60,1.75,WIFI
34:98:B5:D8:B4:D0,Leaky Sync,[WPA2_PSK],2025-3-26 2:47:24,10,-71,34.0477943,-117.1837234,398.80,1.75,WIFI
98:25:4A:40:C5:B6,,[WPA2_PSK],2025-3-26 2:47:24,10,-84,34.0477943,-117.1837234,398.80,1.75,WIFI
9A:25:4A:40:C5:B6,NGC6960,[WPA2_PSK],2025-3-26 2:47:24,10,-88,34.0477943,-117.1837234,398.80,1.75,WIFI
34:98:B5:15:60:32,REDDMOTO2.4_2GEXT,[WPA2_PSK],2025-3-26 2:47:25,11,-67,34.0477295,-117.1838379,398.70,1.75,WIFI
88:B4:A6:F7:F9:9D,REDDMOTO2.4,[WPA2_PSK],2025-3-26 2:47:25,11,-69,34.0477295,-117.1838379,398.70,1.75,WIFI
24:E8:53:4E:64:79,AT_301_WLRGL5821S_6479,[WPA2_PSK],2025-3-26 2:47:25,11,-73,34.0477295,-117.1838379,398.70,1.75,WIFI
C0:89:AB:39:E9:08,Frontier1680,[WPA2_PSK],2025-3-26 2:47:25,11,-75,34.0477295,-117.1838379,398.70,1.75,WIFI
14:7D:05:8E:C0:FB,SpectrumSetup-F9,[WPA2_PSK],2025-3-26 2:47:25,11,-79,34.0477295,-117.1838379,398.70,1.75,WIFI
FC:3F:DB:7A:9E:C3,DIRECT-C2-HP OfficeJet 4650,[WPA2_PSK],2025-3-26 2:47:25,11,-83,34.0477295,-117.1838379,398.70,1.75,WIFI
00:13:EF:1A:AA:D4,WiFi Extender,[OPEN],2025-3-26 2:47:25,11,-88,34.0477295,-117.1838379,398.70,1.75,WIFI
FC:3F:DB:23:A3:5C,HP-Print-5C-Officejet Pro 8620,[WPA2_PSK],2025-3-26 2:47:25,11,-89,34.0477295,-117.1838379,398.70,1.75,WIFI
24:94:CB:1C:05:B8,Frontier1056,[WPA2_PSK],2025-3-26 2:47:25,11,-90,34.0477295,-117.1838379,398.70,1.75,WIFI
80:CC:9C:35:4A:DD,SpectrumSetup-E2_2GEXT,[WPA2_PSK],2025-3-26 2:47:28,1,-74,34.0475159,-117.1842346,398.30,1.75,WIFI
CA:A7:0A:CE:C6:FB,FiOS-PP6WP-Guest,[WPA2_PSK],2025-3-26 2:47:28,1,-77,34.0475159,-117.1842346,398.30,1.75,WIFI
C8:A7:0A:CE:C6:FA,FiOS-PP6WP,[WPA2_PSK],2025-3-26 2:47:28,1,-78,34.0475159,-117.1842346,398.30,1.75,WIFI
08:7B:12:69:11:E8,SpectrumSetup-E2,[WPA2_PSK],2025-3-26 2:47:28,1,-81,34.0475159,-117.1842346,398.30,1.75,WIFI
74:37:5F:8E:EB:67,JC_Office,[WPA2_PSK],2025-3-26 2:47:28,1,-83,34.0475159,-117.1842346,398.30,1.75,WIFI
9E:AE:D3:C0:FF:CF,DIRECT-D3C07FCF,[WPA2_PSK],2025-3-26 2:47:28,1,-88,34.0475159,-117.1842346,398.30,1.75,WIFI
68:FF:7B:4A:03:B7,Frontier3904_5G_2.4G,[WPA_WPA2_PSK],2025-3-26 2:47:30,2,-67,34.0473709,-117.1844940,398.30,1.75,WIFI
40:3F:8C:E6:FF:0E,Fern,[WPA2_PSK],2025-3-26 2:47:31,3,-78,34.0472946,-117.1846237,398.20,1.75,WIFI
46:3F:8C:E6:FF:0E,,[WPA2_PSK],2025-3-26 2:47:31,3,-78,34.0472946,-117.1846237,398.20,1.75,WIFI
40:3F:8C:E7:29:AE,Fern,[WPA2_PSK],2025-3-26 2:47:31,3,-80,34.0472946,-117.1846237,398.20,1.75,WIFI
40:3F:8C:E6:BD:22,Fern,[WPA2_PSK],2025-3-26 2:47:31,3,-83,34.0472946,-117.1846237,398.20,1.75,WIFI
46:3F:8C:E6:BD:22,,[WPA2_PSK],2025-3-26 2:47:31,3,-83,34.0472946,-117.1846237,398.20,1.75,WIFI
3E:52:A1:2C:41:27,,[WPA2_PSK],2025-3-26 2:47:31,3,-91,34.0472946,-117.1846237,398.20,1.75,WIFI
F0:B6:61:10:E6:04,,[WPA3_PSK],2025-3-26 2:47:34,6,-54,34.0470810,-117.1850204,398.10,1.75,WIFI
F0:B6:61:10:E6:0A,,[OPEN],2025-3-26 2:47:34,6,-55,34.0470810,-117.1850204,398.10,1.75,WIFI
F0:B6:61:10:E6:07,FERN6,[WPA2_PSK],2025-3-26 2:47:34,6,-55,34.0470810,-117.1850204,398.10,1.75,WIFI
88:67:46:92:B5:29,,[OPEN],2025-3-26 2:47:34,6,-60,34.0470810,-117.1850204,398.10,1.75,WIFI
88:67:46:92:B5:26,Vedder,[WPA2_PSK],2025-3-26 2:47:34,6,-61,34.0470810,-117.1850204,398.10,1.75,WIFI
88:67:46:92:B5:23,,[WPA3_PSK],2025-3-26 2:47:34,6,-61,34.0470810,-117.1850204,398.10,1.75,WIFI
9C:A5:70:9B:83:E3,,[WPA3_PSK],2025-3-26 2:47:34,6,-65,34.0470810,-117.1850204,398.10,1.75,WIFI
9C:A5:70:9B:83:E7,,[OPEN],2025-3-26 2:47:34,6,-65,34.0470810,-117.1850204,398.10,1.75,WIFI
88:67:46:93:8E:83,,[WPA3_PSK],2025-3-26 2:47:34,6,-66,34.0470810,-117.1850204,398.10,1.75,WIFI
88:67:46:93:8E:89,,[OPEN],2025-3-26 2:47:34,6,-66,34.0470810,-117.1850204,398.10,1.75,WIFI
9C:A5:70:9B:83:E5,eero,[WPA2_PSK],2025-3-26 2:47:34,6,-67,34.0470810,-117.1850204,398.10,1.75,WIFI
AC:EC:85:81:74:62,,[WPA3_PSK],2025-3-26 2:47:34,6,-69,34.0470810,-117.1850204,398.10,1.75,WIFI
4C:AB:F8:54:A9:95,SpectrumSetup-97,[WPA2_PSK],2025-3-26 2:47:34,6,-70,34.0470810,-117.1850204,398.10,1.75,WIFI
AC:EC:85:81:74:66,,[OPEN],2025-3-26 2:47:34,6,-70,34.0470810,-117.1850204,398.10,1.75,WIFI
AC:EC:85:81:74:64,Vedder,[WPA2_PSK],2025-3-26 2:47:34,6,-70,34.0470810,-117.1850204,398.10,1.75,WIFI
28:EC:22:8E:17:A6,Frontier3088,[WPA2_PSK],2025-3-26 2:47:34,6,-72,34.0470810,-117.1850204,398.10,1.75,WIFI
88:67:46:93:8E:86,Vedder,[WPA2_PSK],2025-3-26 2:47:34,6,-73,34.0470810,-117.1850204,398.10,1.75,WIFI
98:1E:19:61:F1:AE,Goe - 2.4 GHz,[WPA2_PSK],2025-3-26 2:47:34,6,-77,34.0470810,-117.1850204,398.10,1.75,WIFI
28:EC:22:83:93:83,,[WPA3_PSK],2025-3-26 2:47:34,6,-81,34.0470810,-117.1850204,398.10,1.75,WIFI
F0:B6:61:B2:D0:24,,[WPA3_PSK],2025-3-26 2:47:34,6,-84,34.0470810,-117.1850204,398.10,1.75,WIFI
A0:7F:8A:5C:29:25,SpectrumSetup-291F,[WPA2_PSK],2025-3-26 2:47:34,6,-87,34.0470810,-117.1850204,398.10,1.75,WIFI
62:83:E7:21:80:4A,martymcfly,[WPA2_PSK],2025-3-26 2:47:37,8,-79,34.0468636,-117.1854172,398.10,1.75,WIFI
10:0C:6B:60:51:F4,NETGEAR19,[WPA2_PSK],2025-3-26 2:47:37,8,-87,34.0468636,-117.1854172,398.10,1.75,WIFI
60:83:E7:B0:ED:B6,,[WPA_WPA2_PSK],2025-3-26 2:47:37,8,-87,34.0468636,-117.1854172,398.10,1.75,WIFI
A6:97:5C:B2:A5:D6,VTECH_5766_a5d6,[WPA2_PSK],2025-3-26 2:47:39,10,-76,34.0467339,-117.1856537,398.00,1.75,WIFI
78:76:89:10:DE:27,Tasha's Cauldron Of Internet,[WPA2_PSK],2025-3-26 2:47:40,11,-74,34.0466766,-117.1857605,398.00,1.75,WIFI
78:76:89:10:DE:24,,[WPA3_PSK],2025-3-26 2:47:40,11,-75,34.0466766,-117.1857605,398.00,1.75,WIFI
F2:72:EA:4B:D0:99,LoriO337,[WPA2_PSK],2025-3-26 2:47:40,11,-77,34.0466766,-117.1857605,398.00,1.75,WIFI
78:76:89:10:DE:2A,,[OPEN],2025-3-26 2:47:40,11,-77,34.0466766,-117.1857605,398.00,1.75,WIFI
48:5D:36:19:D3:38,FiOS-J6YWI,[WPA2_PSK],2025-3-26 2:47:40,11,-77,34.0466766,-117.1857605,398.00,1.75,WIFI
74:37:5F:A5:43:43,SpectrumSetup-41,[WPA2_PSK],2025-3-26 2:47:40,11,-78,34.0466766,-117.1857605,398.00,1.75,WIFI
F8:5B:3B:F3:C1:1D,SpectrumSetup-1F,[WPA2_PSK],2025-3-26 2:47:40,11,-79,34.0466766,-117.1857605,398.00,1.75,WIFI
94:A6:7E:40:65:F4,FiOS-GSDAC_2GEXT,[WPA2_PSK],2025-3-26 2:47:40,11,-85,34.0466766,-117.1857605,398.00,1.75,WIFI
9C:3D:CF:08:C9:8C,NTGR_VMB_1462060944,[WPA2_PSK],2025-3-26 2:47:40,11,-88,34.0466766,-117.1857605,398.00,1.75,WIFI
22:48:6C:4F:C4:E3,,[WPA2_PSK],2025-3-26 2:47:43,1,-69,34.0465508,-117.1859894,398.00,1.75,WIFI
74:37:5F:56:59:AF,SpectrumSetup-AD,[WPA2_PSK],2025-3-26 2:47:43,1,-70,34.0465508,-117.1859894,398.00,1.75,WIFI
F0:7B:65:EB:E6:82,SpectrumSetup-E67C,[WPA2_PSK],2025-3-26 2:47:43,1,-71,34.0465508,-117.1859894,398.00,1.75,WIFI
CC:F4:11:0B:B7:3F,Ariashome,[WPA2_PSK],2025-3-26 2:47:43,1,-84,34.0465508,-117.1859894,398.00,1.75,WIFI
88:57:1D:2C:C0:E3,[range]_E30AJT71030000,[WPA2_PSK],2025-3-26 2:47:43,1,-89,34.0465508,-117.1859894,398.00,1.75,WIFI
46:3F:8C:E7:29:AE,,[WPA2_PSK],2025-3-26 2:47:46,3,-52,34.0465164,-117.1860657,398.20,1.75,WIFI
28:EC:22:83:93:89,,[OPEN],2025-3-26 2:47:49,6,-66,34.0464897,-117.1861191,398.30,1.75,WIFI
3E:28:6D:C3:33:A4,LoriO337,[WPA2_PSK],2025-3-26 2:47:49,6,-70,34.0464897,-117.1861191,398.30,1.75,WIFI
28:EC:22:8F:6A:66,Frontier3088,[WPA2_PSK],2025-3-26 2:47:49,6,-73,34.0464897,-117.1861191,398.30,1.75,WIFI
28:EC:22:83:93:86,Frontier3088,[WPA2_PSK],2025-3-26 2:47:49,6,-74,34.0464897,-117.1861191,398.30,1.75,WIFI
3C:28:6D:C3:33:A7,Ariashome,[WPA2_PSK],2025-3-26 2:47:49,6,-77,34.0464897,-117.1861191,398.30,1.75,WIFI
E6:5E:1B:E9:AB:98,LoriO337,[WPA2_PSK],2025-3-26 2:47:49,6,-82,34.0464897,-117.1861191,398.30,1.75,WIFI
10:0C:6B:61:51:4B,Goe - 2.4 GHz - EXT,[WPA2_PSK],2025-3-26 2:47:49,6,-83,34.0464897,-117.1861191,398.30,1.75,WIFI
60:83:E7:B0:F0:66,,[WPA_WPA2_PSK],2025-3-26 2:47:51,8,-72,34.0464249,-117.1862259,398.60,1.75,WIFI
62:83:E7:20:F0:66,martymcfly,[WPA2_PSK],2025-3-26 2:47:51,8,-73,34.0464249,-117.1862259,398.60,1.75,WIFI
00:C8:96:CD:3B:5A,,[WPA_WPA2_PSK],2025-3-26 2:47:52,9,-88,34.0463829,-117.1863022,398.50,1.75,WIFI
62:06:C3:C7:51:E0,Zurch,[WPA2_PSK],2025-3-26 2:47:53,10,-71,34.0463371,-117.1863861,398.50,1.75,WIFI
62:06:C3:C7:51:E1,,[WPA2_PSK],2025-3-26 2:47:53,10,-75,34.0463371,-117.1863861,398.50,1.75,WIFI
B0:7F:B9:01:66:5B,NETGEAR21,[WPA2_PSK],2025-3-26 2:47:54,11,-71,34.0462837,-117.1864777,398.40,1.75,WIFI
D6:E2:2F:D6:A0:60,,[WPA2_PSK],2025-3-26 2:47:54,11,-75,34.0462837,-117.1864777,398.40,1.75,WIFI
14:C0:3E:EB:F5:98,Frontier7568,[WPA2_PSK],2025-3-26 2:47:54,11,-81,34.0462837,-117.1864777,398.40,1.75,WIFI
DC:69:B5:58:FB:4F,NachoWifi Guest,[WPA2_PSK],2025-3-26 2:47:54,11,-82,34.0462837,-117.1864777,398.40,1.75,WIFI
58:7A:62:29:75:50,,[WPA2_PSK],2025-3-26 2:47:56,1,-71,34.0461693,-117.1866913,398.30,1.75,WIFI
F0:7B:65:C4:7C:87,SpectrumSetup-7C81,[WPA2_PSK],2025-3-26 2:47:56,1,-74,34.0461693,-117.1866913,398.30,1.75,WIFI
F0:72:EA:63:A3:72,Anthem,[WPA2_WPA3_PSK],2025-3-26 2:47:56,1,-75,34.0461693,-117.1866913,398.30,1.75,WIFI
B0:FC:88:04:24:B6,Frontier1319,[WPA2_PSK],2025-3-26 2:47:56,1,-79,34.0461693,-117.1866913,398.30,1.75,WIFI
72:F7:54:E8:C1:01,SunPower08927,[WPA2_PSK],2025-3-26 2:47:56,1,-79,34.0461693,-117.1866913,398.30,1.75,WIFI
A0:7F:8A:24:A0:1F,SpectrumSetup-A019,[WPA2_PSK],2025-3-26 2:47:56,1,-85,34.0461693,-117.1866913,398.30,1.75,WIFI
B0:E4:D5:11:7D:92,Green,[WPA2_PSK],2025-3-26 2:47:56,1,-88,34.0461693,-117.1866913,398.30,1.75,WIFI
54:07:7D:42:F9:DE,NETGEAR52,[WPA2_PSK],2025-3-26 2:48:2,5,-68,34.0457687,-117.1874161,397.80,1.75,WIFI
D6:6A:6A:9D:D8:10,DIRECT-10-HP M477 LaserJet,[WPA2_PSK],2025-3-26 2:48:3,6,-64,34.0456963,-117.1875534,397.70,1.75,WIFI
44:1C:A8:DE:E6:CA,AMBRIZ,[WPA2_PSK],2025-3-26 2:48:3,6,-66,34.0456963,-117.1875534,397.70,1.75,WIFI
F4:05:95:AD:D7:41,Spec-3B,[WPA2_PSK],2025-3-26 2:48:3,6,-68,34.0456963,-117.1875534,397.70,1.75,WIFI
A4:11:62:A7:3B:FA,ARLO_VMB_7465348842,[WPA2_PSK],2025-3-26 2:48:3,6,-68,34.0456963,-117.1875534,397.70,1.75,WIFI
60:F4:19:3A:4A:A9,,[OPEN],2025-3-26 2:48:3,6,-72,34.0456963,-117.1875534,397.70,1.75,WIFI
FA:8F:CA:94:02:2B,LG-SN8YG_1515.n097,[OPEN],2025-3-26 2:48:3,6,-74,34.0456963,-117.1875534,397.70,1.75,WIFI
C0:6F:98:31:EC:23,,[WPA3_PSK],2025-3-26 2:48:3,6,-76,34.0456963,-117.1875534,397.70,1.75,WIFI
C0:6F:98:31:EC:26,Green eero,[WPA2_PSK],2025-3-26 2:48:3,6,-76,34.0456963,-117.1875534,397.70,1.75,WIFI
A0:40:A0:99:55:BC,ARLO_VMB_1599435735,[WPA2_PSK],2025-3-26 2:48:3,6,-77,34.0456963,-117.1875534,397.70,1.75,WIFI
04:42:1A:40:BD:20,Methuselah_2G,[WPA2_PSK],2025-3-26 2:48:5,8,-83,34.0455513,-117.1878052,397.40,1.75,WIFI
DC:69:B5:58:FB:49,,[OPEN],2025-3-26 2:48:8,11,-62,34.0453377,-117.1882019,396.80,1.75,WIFI
DC:69:B5:58:FB:43,,[WPA3_PSK],2025-3-26 2:48:8,11,-63,34.0453377,-117.1882019,396.80,1.75,WIFI
30:60:0A:FC:24:34,,[WPA_WPA2_PSK],2025-3-26 2:48:8,11,-65,34.0453377,-117.1882019,396.80,1.75,WIFI
44:AC:85:38:4D:23,,[WPA3_PSK],2025-3-26 2:48:8,11,-65,34.0453377,-117.1882019,396.80,1.75,WIFI
DC:69:B5:58:FB:46,NachoWifi,[WPA2_PSK],2025-3-26 2:48:8,11,-66,34.0453377,-117.1882019,396.80,1.75,WIFI
44:AC:85:38:4D:29,,[OPEN],2025-3-26 2:48:8,11,-68,34.0453377,-117.1882019,396.80,1.75,WIFI
44:AC:85:38:4D:26,wifi903,[WPA2_PSK],2025-3-26 2:48:8,11,-68,34.0453377,-117.1882019,396.80,1.75,WIFI
DC:69:B5:79:A5:03,,[WPA3_PSK],2025-3-26 2:48:8,11,-71,34.0453377,-117.1882019,396.80,1.75,WIFI
DC:69:B5:79:A5:09,,[OPEN],2025-3-26 2:48:8,11,-71,34.0453377,-117.1882019,396.80,1.75,WIFI
DC:69:B5:79:A5:0F,NachoWifi Guest,[WPA2_PSK],2025-3-26 2:48:8,11,-71,34.0453377,-117.1882019,396.80,1.75,WIFI
DC:69:B5:79:A5:06,NachoWifi,[WPA2_PSK],2025-3-26 2:48:8,11,-72,34.0453377,-117.1882019,396.80,1.75,WIFI
A8:11:FC:9E:6B:18,Frontier0928,[WPA2_PSK],2025-3-26 2:48:8,11,-79,34.0453377,-117.1882019,396.80,1.75,WIFI
60:F4:19:17:2A:4F,NachoWifi Guest,[WPA2_PSK],2025-3-26 2:48:8,11,-79,34.0453377,-117.1882019,396.80,1.75,WIFI
4C:19:5D:92:E6:3E,LovePartyOf4,[WPA2_PSK],2025-3-26 2:48:8,11,-82,34.0453377,-117.1882019,396.80,1.75,WIFI
0C:1C:57:8D:32:12,,[WPA2_PSK],2025-3-26 2:48:8,11,-89,34.0453377,-117.1882019,396.80,1.75,WIFI
12:E7:C6:D4:D7:82,DIRECT-82-HP OfficeJet 5200,[WPA2_PSK],2025-3-26 2:48:8,11,-90,34.0453377,-117.1882019,396.80,1.75,WIFI
F8:DA:0C:F3:DC:8E,HuskyPug,[WPA2_PSK],2025-3-26 2:48:12,1,-49,34.0450478,-117.1887283,396.20,1.75,WIFI
76:52:46:9C:94:97,,[WPA2_PSK],2025-3-26 2:48:12,1,-78,34.0450478,-117.1887283,396.20,1.75,WIFI
84:1E:A3:32:29:6E,SpectrumSetup-68,[WPA2_PSK],2025-3-26 2:48:12,1,-79,34.0450478,-117.1887283,396.20,1.75,WIFI
4A:BA:4E:69:5A:5E,DIRECT-5E-HP ENVY Photo 7100,[WPA2_PSK],2025-3-26 2:48:12,1,-81,34.0450478,-117.1887283,396.20,1.75,WIFI
F4:52:46:9C:94:97,SpectrumSetup-949A,[WPA2_PSK],2025-3-26 2:48:12,1,-82,34.0450478,-117.1887283,396.20,1.75,WIFI
88:DE:7C:C8:22:3D,SpectrumSetup-3F,[WPA2_PSK],2025-3-26 2:48:12,1,-82,34.0450478,-117.1887283,396.20,1.75,WIFI
4C:19:5D:0D:0C:BF,Dallas,[WPA2_PSK],2025-3-26 2:48:12,1,-88,34.0450478,-117.1887283,396.20,1.75,WIFI
94:2A:6F:0C:0B:31,M&D ,[WPA2_PSK],2025-3-26 2:48:12,1,-89,34.0450478,-117.1887283,396.20,1.75,WIFI
14:59:C0:2E:FE:97,Jesus is Lord_EXT,[WPA2_PSK],2025-3-26 2:48:15,3,-73,34.0448265,-117.1891174,395.90,1.75,WIFI
C4:41:1E:B0:42:7D,Jesus is Lord,[WPA2_PSK],2025-3-26 2:48:15,3,-80,34.0448265,-117.1891174,395.90,1.75,WIFI
CA:41:1E:B0:42:7D,,[WPA2_PSK],2025-3-26 2:48:15,3,-83,34.0448265,-117.1891174,395.90,1.75,WIFI
D4:05:DE:79:27:47,KCChiefs,[WPA2_PSK],2025-3-26 2:48:18,6,-68,34.0446091,-117.1895142,395.70,1.75,WIFI
D4:05:DE:79:27:4A,,[OPEN],2025-3-26 2:48:18,6,-69,34.0446091,-117.1895142,395.70,1.75,WIFI
D4:05:DE:79:27:44,,[WPA3_PSK],2025-3-26 2:48:18,6,-70,34.0446091,-117.1895142,395.70,1.75,WIFI
78:76:89:95:F5:32,,[WPA3_PSK],2025-3-26 2:48:18,6,-76,34.0446091,-117.1895142,395.70,1.75,WIFI
78:76:89:95:F5:36,,[OPEN],2025-3-26 2:48:18,6,-77,34.0446091,-117.1895142,395.70,1.75,WIFI
78:76:89:95:F5:34,KCChiefs,[WPA2_PSK],2025-3-26 2:48:18,6,-77,34.0446091,-117.1895142,395.70,1.75,WIFI
00:26:B8:2F:26:3B,M88U1,[WPA_WPA2_PSK],2025-3-26 2:48:18,6,-78,34.0446091,-117.1895142,395.70,1.75,WIFI
28:EC:22:F3:9A:29,,[OPEN],2025-3-26 2:48:18,6,-79,34.0446091,-117.1895142,395.70,1.75,WIFI
28:EC:22:F3:9A:26,Kiwi,[WPA2_PSK],2025-3-26 2:48:18,6,-79,34.0446091,-117.1895142,395.70,1.75,WIFI
C0:36:53:2D:CE:8C,NETGEAR128 Guest,[WPA2_PSK],2025-3-26 2:48:18,6,-80,34.0446091,-117.1895142,395.70,1.75,WIFI
C0:36:53:2D:CE:88,,[OPEN],2025-3-26 2:48:18,6,-80,34.0446091,-117.1895142,395.70,1.75,WIFI
28:EC:22:F3:9A:23,,[WPA3_PSK],2025-3-26 2:48:18,6,-80,34.0446091,-117.1895142,395.70,1.75,WIFI
C0:36:53:2D:CE:84,,[WPA3_PSK],2025-3-26 2:48:18,6,-81,34.0446091,-117.1895142,395.70,1.75,WIFI
C0:36:53:2D:CE:86,NETGEAR128,[WPA2_PSK],2025-3-26 2:48:18,6,-81,34.0446091,-117.1895142,395.70,1.75,WIFI
4C:AB:F8:9F:1F:AD,SpectRed23,[WPA2_PSK],2025-3-26 2:48:18,6,-82,34.0446091,-117.1895142,395.70,1.75,WIFI
58:D9:D5:AE:D8:51,GoodStewards4,[WPA_WPA2_PSK],2025-3-26 2:48:18,6,-85,34.0446091,-117.1895142,395.70,1.75,WIFI
2C:67:BE:0B:04:4F,SpectrumSetup-044B,[WPA2_PSK],2025-3-26 2:48:18,6,-87,34.0446091,-117.1895142,395.70,1.75,WIFI
50:09:59:DC:7C:58,TC8717T52,[WPA2_PSK],2025-3-26 2:48:24,11,-55,34.0441742,-117.1903076,395.50,1.75,WIFI
1E:D7:5B:AD:36:0E,,[WPA2_PSK],2025-3-26 2:48:24,11,-67,34.0441742,-117.1903076,395.50,1.75,WIFI
2E:D7:5B:AD:36:0E,SpectrumSetup-949A,[WPA2_PSK],2025-3-26 2:48:24,11,-67,34.0441742,-117.1903076,395.50,1.75,WIFI
58:D9:D5:AE:D8:61,GoodStewards4,[WPA_WPA2_PSK],2025-3-26 2:48:24,11,-72,34.0441742,-117.1903076,395.50,1.75,WIFI
0C:83:CC:BF:44:DF,tlbf44df,[WPA2_PSK],2025-3-26 2:48:24,11,-74,34.0441742,-117.1903076,395.50,1.75,WIFI
8C:61:A3:01:B9:5D,ThanosWasFramed,[WPA2_PSK],2025-3-26 2:48:27,1,-77,34.0439453,-117.1907196,395.60,1.75,WIFI
44:D4:53:88:69:86,SpectrumSetup-80,[WPA2_PSK],2025-3-26 2:48:27,1,-83,34.0439453,-117.1907196,395.60,1.75,WIFI
AC:B6:87:38:81:35,Verizon_V4ZP3C,[WPA2_PSK],2025-3-26 2:48:27,1,-84,34.0439453,-117.1907196,395.60,1.75,WIFI
64:67:72:3D:64:8D,TMOBILE-648B,[WPA2_WPA3_PSK],2025-3-26 2:48:27,1,-84,34.0439453,-117.1907196,395.60,1.75,WIFI
D8:FE:E3:7A:9B:B4,vi-9bb49bb4,[WPA_WPA2_PSK],2025-3-26 2:48:29,2,-85,34.0437927,-117.1910019,395.80,1.75,WIFI
2A:F5:A2:29:F6:69,,[WPA2_PSK],2025-3-26 2:48:30,3,-74,34.0437202,-117.1911392,395.80,1.75,WIFI
24:F5:A2:29:F6:69,Kendall1,[WPA2_PSK],2025-3-26 2:48:30,3,-75,34.0437202,-117.1911392,395.80,1.75,WIFI
D6:E2:2F:14:E6:77,,[WPA2_PSK],2025-3-26 2:48:30,3,-81,34.0437202,-117.1911392,395.80,1.75,WIFI
C8:9E:43:52:CF:75,,[WPA2_PSK],2025-3-26 2:48:30,3,-91,34.0437202,-117.1911392,395.80,1.75,WIFI
74:83:C2:D3:82:84,AirBNG,[WPA2_PSK],2025-3-26 2:48:33,6,-75,34.0434914,-117.1915436,396.00,1.75,WIFI
AC:EC:85:D9:B8:82,,[WPA3_PSK],2025-3-26 2:48:33,6,-77,34.0434914,-117.1915436,396.00,1.75,WIFI
AC:EC:85:D9:B8:86,,[OPEN],2025-3-26 2:48:33,6,-78,34.0434914,-117.1915436,396.00,1.75,WIFI
AC:EC:85:D9:B8:84,SpectrumSetup-58,[WPA2_PSK],2025-3-26 2:48:33,6,-79,34.0434914,-117.1915436,396.00,1.75,WIFI
4C:19:5D:05:D5:FD,SpectrumSetup-F7,[WPA2_PSK],2025-3-26 2:48:33,6,-80,34.0434914,-117.1915436,396.00,1.75,WIFI
18:60:24:D7:A8:57,DIRECT-56-HP ENVY 4520 series,[WPA2_PSK],2025-3-26 2:48:33,6,-84,34.0434914,-117.1915436,396.00,1.75,WIFI
A4:97:33:90:CC:0D,SpectrumSetup-0F,[WPA2_PSK],2025-3-26 2:48:33,6,-86,34.0434914,-117.1915436,396.00,1.75,WIFI
4C:12:65:2F:9F:08,Frontier2016,[WPA2_PSK],2025-3-26 2:48:33,6,-86,34.0434914,-117.1915436,396.00,1.75,WIFI
F8:55:CD:98:56:FB,HotspotDrKT,[WPA_WPA2_PSK],2025-3-26 2:48:33,6,-86,34.0434914,-117.1915436,396.00,1.75,WIFI
8C:85:80:06:22:6C,,[WPA_WPA2_PSK],2025-3-26 2:48:38,11,-61,34.0431137,-117.1922302,396.10,1.75,WIFI
FC:12:63:7A:E3:D6,Verizon_L66ZGD,[WPA2_PSK],2025-3-26 2:48:38,11,-67,34.0431137,-117.1922302,396.10,1.75,WIFI
BE:0F:F3:52:A1:81,DIRECT-81-HP OfficeJet Pro 7740,[WPA2_PSK],2025-3-26 2:48:38,11,-70,34.0431137,-117.1922302,396.10,1.75,WIFI
94:91:7F:A0:8A:85,MySpectrumWiFi87-2G,[WPA2_PSK],2025-3-26 2:48:38,11,-83,34.0431137,-117.1922302,396.10,1.75,WIFI
B0:FC:88:6F:4D:42,SpectrumSetup-3C,[WPA2_PSK],2025-3-26 2:48:41,1,-73,34.0429001,-117.1926270,395.80,1.75,WIFI
24:2D:6C:3A:A8:48,Patriots,[WPA2_PSK],2025-3-26 2:48:41,1,-75,34.0429001,-117.1926270,395.80,1.75,WIFI
C4:A8:16:10:F7:88,Patriots,[WPA2_PSK],2025-3-26 2:48:41,1,-77,34.0429001,-117.1926270,395.80,1.75,WIFI
24:2D:6C:3A:A8:4B,,[OPEN],2025-3-26 2:48:41,1,-80,34.0429001,-117.1926270,395.80,1.75,WIFI
C4:A8:16:10:F7:85,,[WPA3_PSK],2025-3-26 2:48:41,1,-81,34.0429001,-117.1926270,395.80,1.75,WIFI
24:2D:6C:42:DE:8B,,[OPEN],2025-3-26 2:48:41,1,-81,34.0429001,-117.1926270,395.80,1.75,WIFI
24:2D:6C:42:DE:88,Patriots,[WPA2_PSK],2025-3-26 2:48:41,1,-81,34.0429001,-117.1926270,395.80,1.75,WIFI
04:17:B6:CF:D5:9E,,[WPA_WPA2_PSK],2025-3-26 2:48:41,1,-82,34.0429001,-117.1926270,395.80,1.75,WIFI
50:C7:BF:1C:0B:1D,TP-LINK_Smart Plug_0B1D,[OPEN],2025-3-26 2:48:41,1,-84,34.0429001,-117.1926270,395.80,1.75,WIFI
22:3E:A4:9B:9F:FF,,[WPA2_PSK],2025-3-26 2:48:41,1,-88,34.0429001,-117.1926270,395.80,1.75,WIFI
B6:2B:B0:2B:E4:F3,,[WPA2_PSK],2025-3-26 2:48:42,2,-81,34.0428314,-117.1927414,395.80,1.75,WIFI
C8:9E:43:58:87:F4,You Hit Me In The Cup,[WPA2_PSK],2025-3-26 2:48:44,3,-74,34.0427094,-117.1929779,395.60,1.75,WIFI
CE:9E:43:52:CF:75,You Hit Me In The Cup,[WPA2_PSK],2025-3-26 2:48:44,3,-77,34.0427094,-117.1929779,395.60,1.75,WIFI
CE:9E:43:58:87:F4,,[WPA2_PSK],2025-3-26 2:48:44,3,-77,34.0427094,-117.1929779,395.60,1.75,WIFI
64:CB:E9:A3:33:6C,RESU_64CBE9A3336B,[WPA_WPA2_PSK],2025-3-26 2:48:44,3,-80,34.0427094,-117.1929779,395.60,1.75,WIFI
C6:38:75:B7:87:F5,,[WPA2_PSK],2025-3-26 2:48:44,3,-81,34.0427094,-117.1929779,395.60,1.75,WIFI
06:5F:67:F0:17:EE,WatftGL7750_Guest,[WPA2_PSK],2025-3-26 2:48:45,4,-87,34.0426521,-117.1930695,395.60,1.75,WIFI
C4:49:BB:10:1A:AC,tikishack,[WPA2_PSK],2025-3-26 2:48:47,6,-57,34.0425720,-117.1932144,395.60,1.75,WIFI
9C:0B:05:20:1C:A7,living room,[WPA2_WPA3_PSK],2025-3-26 2:48:47,6,-58,34.0425720,-117.1932144,395.60,1.75,WIFI
9C:0B:05:20:1C:A4,,[WPA3_PSK],2025-3-26 2:48:47,6,-58,34.0425720,-117.1932144,395.60,1.75,WIFI
9C:0B:05:20:1C:AA,,[OPEN],2025-3-26 2:48:47,6,-58,34.0425720,-117.1932144,395.60,1.75,WIFI
24:94:CB:4C:D3:C8,Frontier9536,[WPA2_PSK],2025-3-26 2:48:47,6,-68,34.0425720,-117.1932144,395.60,1.75,WIFI
88:6A:E3:B4:5D:E1,tlb45de1,[WPA2_PSK],2025-3-26 2:48:47,6,-79,34.0425720,-117.1932144,395.60,1.75,WIFI
52:57:9C:80:37:B7,DIRECT-5G-EPSON-ET-2720 Series,[WPA2_PSK],2025-3-26 2:48:47,6,-79,34.0425720,-117.1932144,395.60,1.75,WIFI
74:37:5F:49:3D:F7,SammySD,[WPA2_PSK],2025-3-26 2:48:47,6,-85,34.0425720,-117.1932144,395.60,1.75,WIFI
FA:8F:CA:93:33:DF,Family Room TV.b,[OPEN],2025-3-26 2:48:47,6,-86,34.0425720,-117.1932144,395.60,1.75,WIFI
10:5A:17:2D:8B:B4,atomi-smart-8BB4,[OPEN],2025-3-26 2:48:47,6,-88,34.0425720,-117.1932144,395.60,1.75,WIFI
A0:04:60:C5:91:40,mywn,[WPA2_PSK],2025-3-26 2:48:47,7,-81,34.0425720,-117.1932144,395.60,1.75,WIFI
A4:11:62:B1:28:30,ARLO_VMB_5228727833,[WPA2_PSK],2025-3-26 2:48:51,10,-87,34.0425224,-117.1932983,395.50,1.75,WIFI
DC:69:B5:39:81:66,Franklin WiFi,[WPA2_PSK],2025-3-26 2:48:52,11,-61,34.0425224,-117.1932983,395.50,1.75,WIFI
DC:69:B5:39:81:6F,Franklin WiFi Guest,[WPA2_PSK],2025-3-26 2:48:52,11,-61,34.0425224,-117.1932983,395.50,1.75,WIFI
DC:69:B5:39:81:69,,[OPEN],2025-3-26 2:48:52,11,-61,34.0425224,-117.1932983,395.50,1.75,WIFI
BC:82:5D:59:F5:68,Fabian,[WPA2_PSK],2025-3-26 2:48:52,11,-62,34.0425224,-117.1932983,395.50,1.75,WIFI
DC:69:B5:E5:21:6F,Franklin WiFi Guest,[WPA2_PSK],2025-3-26 2:48:52,11,-62,34.0425224,-117.1932983,395.50,1.75,WIFI
DC:69:B5:39:81:63,,[WPA3_PSK],2025-3-26 2:48:52,11,-62,34.0425224,-117.1932983,395.50,1.75,WIFI
88:EF:16:F2:06:78,Frontier1392,[WPA2_PSK],2025-3-26 2:48:52,11,-63,34.0425224,-117.1932983,395.50,1.75,WIFI
DC:69:B5:E5:21:66,Franklin WiFi,[WPA2_PSK],2025-3-26 2:48:52,11,-63,34.0425224,-117.1932983,395.50,1.75,WIFI
DC:69:B5:E5:21:69,,[OPEN],2025-3-26 2:48:52,11,-63,34.0425224,-117.1932983,395.50,1.75,WIFI
DC:69:B5:43:E4:69,,[OPEN],2025-3-26 2:48:52,11,-65,34.0425224,-117.1932983,395.50,1.75,WIFI
DC:69:B5:43:E4:6F,Franklin WiFi Guest,[WPA2_PSK],2025-3-26 2:48:52,11,-65,34.0425224,-117.1932983,395.50,1.75,WIFI
DC:69:B5:43:E4:63,,[WPA3_PSK],2025-3-26 2:48:52,11,-66,34.0425224,-117.1932983,395.50,1.75,WIFI
84:EB:3E:D9:88:F9,tld988f8,[WPA2_PSK],2025-3-26 2:48:52,11,-76,34.0425224,-117.1932983,395.50,1.75,WIFI
24:94:CB:47:E0:E8,Frontier5216,[WPA2_PSK],2025-3-26 2:48:52,11,-80,34.0425224,-117.1932983,395.50,1.75,WIFI
CC:40:D0:C5:D8:20,Frontier7488_2GEXT,[WPA2_PSK],2025-3-26 2:48:52,11,-81,34.0425224,-117.1932983,395.50,1.75,WIFI
18:9C:27:72:EB:58,Frontier7568,[WPA2_PSK],2025-3-26 2:48:52,11,-81,34.0425224,-117.1932983,395.50,1.75,WIFI
48:F8:B3:FC:38:32,not your wifi,[WPA2_PSK],2025-3-26 2:48:52,11,-86,34.0425224,-117.1932983,395.50,1.75,WIFI
C0:6F:98:9D:B4:66,GabiRossi,[WPA2_PSK],2025-3-26 2:48:53,1,-67,34.0425224,-117.1932983,395.50,1.75,WIFI
C0:6F:98:9D:B4:63,,[WPA3_PSK],2025-3-26 2:48:53,1,-68,34.0425224,-117.1932983,395.50,1.75,WIFI
C0:6F:98:9D:B4:69,,[OPEN],2025-3-26 2:48:53,1,-70,34.0425224,-117.1932983,395.50,1.75,WIFI
D4:05:DE:1A:FE:E7,O’Brien,[WPA2_PSK],2025-3-26 2:48:53,1,-77,34.0425224,-117.1932983,395.50,1.75,WIFI
4C:19:5D:3C:2B:8F,SpectrumSetup-89,[WPA2_PSK],2025-3-26 2:48:53,1,-77,34.0425224,-117.1932983,395.50,1.75,WIFI
5C:18:DD:F0:8D:63,,[WPA_WPA2_PSK],2025-3-26 2:48:53,1,-78,34.0425224,-117.1932983,395.50,1.75,WIFI
D4:05:DE:1A:FE:EA,,[OPEN],2025-3-26 2:48:53,1,-78,34.0425224,-117.1932983,395.50,1.75,WIFI
D4:05:DE:1A:FE:E4,,[WPA3_PSK],2025-3-26 2:48:53,1,-79,34.0425224,-117.1932983,395.50,1.75,WIFI
AE:AE:19:B6:23:0B,,[WPA2_PSK],2025-3-26 2:48:53,1,-84,34.0425224,-117.1932983,395.50,1.75,WIFI
A4:2B:B0:2B:E4:F3,YanksterGangster,[WPA2_PSK],2025-3-26 2:48:53,2,-83,34.0425224,-117.1932983,395.50,1.75,WIFI
14:59:C0:8C:B6:58,NETGEAR30,[WPA2_PSK],2025-3-26 2:48:59,3,-83,34.0424843,-117.1933670,395.60,1.75,WIFI
0A:5F:67:F0:17:EE,,[WPA2_PSK],2025-3-26 2:49:0,4,-88,34.0424576,-117.1934204,395.50,1.75,WIFI
1C:90:FF:60:0F:22,SmartLife-0F23,[OPEN],2025-3-26 2:49:2,6,-71,34.0423889,-117.1935349,395.30,1.75,WIFI
4C:AB:F8:47:35:41,SpectrumSetup-43,[WPA2_PSK],2025-3-26 2:49:2,6,-72,34.0423889,-117.1935349,395.30,1.75,WIFI
08:7B:12:3F:18:06,Frontier1954,[WPA2_PSK],2025-3-26 2:49:2,6,-81,34.0423889,-117.1935349,395.30,1.75,WIFI
FA:8F:CA:93:1D:2D,Family Room Speaker.o_,[OPEN],2025-3-26 2:49:2,6,-87,34.0423889,-117.1935349,395.30,1.75,WIFI
B4:B0:24:9E:A7:D1,MomAltland,[WPA2_PSK],2025-3-26 2:49:5,9,-84,34.0422821,-117.1937103,395.70,1.75,WIFI
A4:11:62:0B:EF:D6,NETGEAR27,[WPA2_PSK],2025-3-26 2:49:6,10,-84,34.0422363,-117.1937943,395.70,1.75,WIFI
86:DA:88:94:C0:68,,[WPA2_PSK],2025-3-26 2:49:6,10,-87,34.0422363,-117.1937943,395.70,1.75,WIFI
80:78:71:78:95:E5,SpectrumSetup-E7,[WPA2_PSK],2025-3-26 2:49:7,11,-67,34.0421829,-117.1938782,395.70,1.75,WIFI
2C:56:DC:57:75:E0,Alex Room ASUS_2_4G,[WPA2_PSK],2025-3-26 2:49:7,11,-81,34.0421829,-117.1938782,395.70,1.75,WIFI
7E:78:B2:25:B7:0E,,[WPA_WPA2_PSK],2025-3-26 2:49:7,11,-84,34.0421829,-117.1938782,395.70,1.75,WIFI
7E:78:B2:1E:C1:15,,[WPA_WPA2_PSK],2025-3-26 2:49:7,11,-84,34.0421829,-117.1938782,395.70,1.75,WIFI
34:53:D2:1F:06:96,Badger13,[WPA2_PSK],2025-3-26 2:49:7,11,-84,34.0421829,-117.1938782,395.70,1.75,WIFI
34:53:D2:C3:7C:5F,SpectrumSetup-59,[WPA2_PSK],2025-3-26 2:49:7,11,-84,34.0421829,-117.1938782,395.70,1.75,WIFI
E4:C0:E2:70:2B:D6,RossiFamily,[WPA2_PSK],2025-3-26 2:49:7,11,-86,34.0421829,-117.1938782,395.70,1.75,WIFI
D4:A9:28:12:CC:58,FiOS-5CQBN,[WPA2_PSK],2025-3-26 2:49:7,11,-89,34.0421829,-117.1938782,395.70,1.75,WIFI
64:51:06:6C:CE:8A,HP-Print-8A-ENVY 5530 series,[WPA2_PSK],2025-3-26 2:49:9,1,-66,34.0420723,-117.1940918,395.70,1.75,WIFI
2C:00:AB:D8:E3:48,Frontier0032,[WPA2_PSK],2025-3-26 2:49:9,1,-72,34.0420723,-117.1940918,395.70,1.75,WIFI
A0:89:66:8D:D7:88,,[WPA_WPA2_PSK],2025-3-26 2:49:9,1,-74,34.0420723,-117.1940918,395.70,1.75,WIFI
2C:67:BE:19:93:70,MySpectrumWiFi02-2G,[WPA2_PSK],2025-3-26 2:49:9,1,-76,34.0420723,-117.1940918,395.70,1.75,WIFI
24:94:CB:42:25:48,Frontier9504,[WPA2_PSK],2025-3-26 2:49:9,1,-78,34.0420723,-117.1940918,395.70,1.75,WIFI
00:5F:67:F0:17:EE,WatftGL7750,[WPA2_PSK],2025-3-26 2:49:14,4,-72,34.0417480,-117.1946564,395.70,1.75,WIFI
06:5F:67:F0:17:F6,WatftGL7750_Guest,[WPA2_PSK],2025-3-26 2:49:14,4,-79,34.0417480,-117.1946564,395.70,1.75,WIFI
00:5F:67:F0:17:F6,WatftGL7750,[WPA2_PSK],2025-3-26 2:49:14,4,-83,34.0417480,-117.1946564,395.70,1.75,WIFI
06:5F:67:F0:1C:B6,WatftGL7750_Guest,[WPA2_PSK],2025-3-26 2:49:14,4,-84,34.0417480,-117.1946564,395.70,1.75,WIFI
2C:30:33:46:2B:79,Network_ASH,[WPA2_PSK],2025-3-26 2:49:16,6,-74,34.0416145,-117.1948929,395.70,1.75,WIFI
60:F4:19:4B:34:63,,[WPA3_PSK],2025-3-26 2:49:16,6,-83,34.0416145,-117.1948929,395.70,1.75,WIFI
60:F4:19:4B:34:69,,[OPEN],2025-3-26 2:49:16,6,-84,34.0416145,-117.1948929,395.70,1.75,WIFI
4C:AB:F8:54:53:D9,SpectrumSetup-DB,[WPA2_PSK],2025-3-26 2:49:16,6,-86,34.0416145,-117.1948929,395.70,1.75,WIFI
80:B9:7A:4C:69:E6,Frontier0144,[WPA2_PSK],2025-3-26 2:49:16,6,-87,34.0416145,-117.1948929,395.70,1.75,WIFI
80:B9:7A:4C:69:E9,,[OPEN],2025-3-26 2:49:16,6,-88,34.0416145,-117.1948929,395.70,1.75,WIFI
80:B9:7A:4C:69:E3,,[WPA3_PSK],2025-3-26 2:49:16,6,-88,34.0416145,-117.1948929,395.70,1.75,WIFI
CC:28:AA:57:4C:30,Finn's World,[WPA2_PSK],2025-3-26 2:49:17,7,-85,34.0415497,-117.1950226,395.70,1.75,WIFI
76:4F:57:03:CE:29,,[WPA2_PSK],2025-3-26 2:49:17,7,-86,34.0415497,-117.1950226,395.70,1.75,WIFI
70:4F:57:03:CE:3D,reslas,[WPA2_PSK],2025-3-26 2:49:17,7,-87,34.0415497,-117.1950226,395.70,1.75,WIFI
A0:89:66:EA:5B:E4,,[WPA_WPA2_PSK],2025-3-26 2:49:18,8,-85,34.0414810,-117.1951447,395.60,1.75,WIFI
9E:DA:C4:16:46:12,,[WPA2_PSK],2025-3-26 2:49:19,9,-78,34.0414162,-117.1952667,395.60,1.75,WIFI
50:EB:F6:11:20:48,Please wait…,[WPA2_PSK],2025-3-26 2:49:19,9,-83,34.0414162,-117.1952667,395.60,1.75,WIFI
B8:66:85:5B:D3:CE,MySpectrumWiFic8-2G,[WPA2_PSK],2025-3-26 2:49:21,11,-66,34.0412788,-117.1955032,395.60,1.75,WIFI
F0:B6:61:07:1B:2A,,[OPEN],2025-3-26 2:49:21,11,-83,34.0412788,-117.1955032,395.60,1.75,WIFI
F0:B6:61:07:1B:27,111-EE50,[WPA2_PSK],2025-3-26 2:49:21,11,-84,34.0412788,-117.1955032,395.60,1.75,WIFI
D0:6D:C9:37:78:36,Frontier0243,[WPA2_PSK],2025-3-26 2:49:21,11,-85,34.0412788,-117.1955032,395.60,1.75,WIFI
94:A6:7E:41:50:24,Frontier0243_2GEXT,[WPA2_PSK],2025-3-26 2:49:21,11,-88,34.0412788,-117.1955032,395.60,1.75,WIFI
4C:22:F3:BF:71:CF,Verizon_CH46KV,[WPA2_PSK],2025-3-26 2:49:23,1,-54,34.0411491,-117.1957474,395.60,1.75,WIFI
40:CA:63:94:3B:0F,[dryer]_E30AJT3103FFFF,[WPA2_PSK],2025-3-26 2:49:23,1,-71,34.0411491,-117.1957474,395.60,1.75,WIFI
22:3E:A4:9F:55:61,,[WPA2_PSK],2025-3-26 2:49:23,1,-82,34.0411491,-117.1957474,395.60,1.75,WIFI
94:91:7F:2F:77:AD,SpectrumSetup-AF,[WPA2_PSK],2025-3-26 2:49:23,1,-86,34.0411491,-117.1957474,395.60,1.75,WIFI
E8:D2:FF:B3:C5:E6,SpectrumSetup-48,[WPA2_PSK],2025-3-26 2:49:23,1,-87,34.0411491,-117.1957474,395.60,1.75,WIFI
B0:39:56:4F:60:89,NETGEAR43,[WPA2_PSK],2025-3-26 2:49:27,3,-82,34.0408897,-117.1962357,395.40,1.75,WIFI
1E:59:C0:36:BF:B2,,[WPA2_PSK],2025-3-26 2:49:28,4,-73,34.0408173,-117.1963501,395.50,1.75,WIFI
A0:89:66:94:7D:C0,,[WPA_WPA2_PSK],2025-3-26 2:49:29,5,-89,34.0407524,-117.1964722,395.50,1.75,WIFI
18:90:88:2F:9D:55,,[OPEN],2025-3-26 2:49:30,6,-69,34.0406876,-117.1965866,395.40,1.75,WIFI
18:90:88:2F:9D:51,,[WPA3_PSK],2025-3-26 2:49:30,6,-70,34.0406876,-117.1965866,395.40,1.75,WIFI
18:90:88:2F:9D:53,Loki,[WPA2_PSK],2025-3-26 2:49:30,6,-70,34.0406876,-117.1965866,395.40,1.75,WIFI
EC:74:27:F2:D4:85,Avila Wifi,[WPA2_PSK],2025-3-26 2:49:30,6,-76,34.0406876,-117.1965866,395.40,1.75,WIFI
A0:55:1F:15:A5:39,SpectrumSetup-A533,[WPA2_PSK],2025-3-26 2:49:30,6,-80,34.0406876,-117.1965866,395.40,1.75,WIFI
48:DD:0C:39:DA:47,,[OPEN],2025-3-26 2:49:30,6,-85,34.0406876,-117.1965866,395.40,1.75,WIFI
48:DD:0C:39:DA:43,,[WPA3_PSK],2025-3-26 2:49:30,6,-85,34.0406876,-117.1965866,395.40,1.75,WIFI
A4:11:62:92:BF:9B,ARLO_VMB_1398768414,[WPA2_PSK],2025-3-26 2:49:31,7,-84,34.0406303,-117.1966934,395.40,1.75,WIFI
82:48:B8:F3:22:45,,[WPA2_PSK],2025-3-26 2:49:33,9,-85,34.0405426,-117.1968613,395.40,1.75,WIFI
82:48:B8:F3:22:46,CLM1,[WPA2_PSK],2025-3-26 2:49:33,9,-86,34.0405426,-117.1968613,395.40,1.75,WIFI
F0:B6:61:07:1B:24,,[WPA3_PSK],2025-3-26 2:49:35,11,-75,34.0404968,-117.1969604,395.30,1.75,WIFI
B0:4E:26:80:DA:63,TP-Link_DA63,[WPA_WPA2_PSK],2025-3-26 2:49:35,11,-78,34.0404968,-117.1969604,395.30,1.75,WIFI
48:5D:36:1F:C0:CC,FiOS-OEQ3H,[WPA2_PSK],2025-3-26 2:49:35,11,-88,34.0404968,-117.1969604,395.30,1.75,WIFI
02:22:F2:08:AD:CF,SunPower10264,[WPA2_PSK],2025-3-26 2:49:35,11,-89,34.0404968,-117.1969604,395.30,1.75,WIFI
30:57:8E:F3:B9:63,Rockhound1948,[WPA2_PSK],2025-3-26 2:49:38,1,-70,34.0404816,-117.1970291,395.30,1.75,WIFI
30:57:8E:F3:B9:65,,[OPEN],2025-3-26 2:49:38,1,-71,34.0404816,-117.1970291,395.30,1.75,WIFI
30:57:8E:F3:B9:61,,[WPA3_PSK],2025-3-26 2:49:38,1,-71,34.0404816,-117.1970291,395.30,1.75,WIFI
80:3F:5D:79:CE:BC,WAVLINK-N_CEBA,[WPA2_PSK],2025-3-26 2:49:38,1,-73,34.0404816,-117.1970291,395.30,1.75,WIFI
24:2D:6C:23:71:0B,,[OPEN],2025-3-26 2:49:38,1,-74,34.0404816,-117.1970291,395.30,1.75,WIFI
24:2D:6C:23:71:08,Frontier0536,[WPA2_PSK],2025-3-26 2:49:38,1,-74,34.0404816,-117.1970291,395.30,1.75,WIFI
24:2D:6C:23:71:05,,[WPA3_PSK],2025-3-26 2:49:38,1,-77,34.0404816,-117.1970291,395.30,1.75,WIFI
D8:A7:56:67:A9:86,MySpectrumWiFi80-2G,[WPA2_PSK],2025-3-26 2:49:38,1,-79,34.0404816,-117.1970291,395.30,1.75,WIFI
B0:6A:41:B5:D3:D4,Netgear,[WPA2_PSK],2025-3-26 2:49:38,1,-81,34.0404816,-117.1970291,395.30,1.75,WIFI
6C:CD:D6:E2:F6:5A,,[WPA2_PSK],2025-3-26 2:49:42,3,-80,34.0406075,-117.1972046,394.20,1.75,WIFI
72:CD:D6:E2:9D:01,,[WPA2_PSK],2025-3-26 2:49:42,3,-80,34.0406075,-117.1972046,394.20,1.75,WIFI
72:CD:D6:E2:F6:5A,SLAWSOMENESS,[WPA2_PSK],2025-3-26 2:49:42,3,-81,34.0406075,-117.1972046,394.20,1.75,WIFI
6C:CD:D6:E2:9D:01,SLAWSOMENESS,[WPA2_PSK],2025-3-26 2:49:42,3,-81,34.0406075,-117.1972046,394.20,1.75,WIFI
34:53:D2:C5:F2:71,LakesideChillin,[WPA2_PSK],2025-3-26 2:49:45,6,-66,34.0408401,-117.1973877,393.20,1.75,WIFI
48:DD:0C:39:DA:45,Loki,[WPA2_PSK],2025-3-26 2:49:45,6,-68,34.0408401,-117.1973877,393.20,1.75,WIFI
28:BD:89:F2:63:00,DUW3RK,[WPA2_PSK],2025-3-26 2:49:45,6,-71,34.0408401,-117.1973877,393.20,1.75,WIFI
4C:AB:F8:47:BC:D9,SpectrumSetup-DB,[WPA2_PSK],2025-3-26 2:49:45,6,-74,34.0408401,-117.1973877,393.20,1.75,WIFI
C8:C6:FE:77:BA:C6,frontier,[WPA2_PSK],2025-3-26 2:49:45,6,-76,34.0408401,-117.1973877,393.20,1.75,WIFI
18:90:88:32:69:A3,Loki,[WPA2_PSK],2025-3-26 2:49:45,6,-76,34.0408401,-117.1973877,393.20,1.75,WIFI
18:90:88:32:69:A1,,[WPA3_PSK],2025-3-26 2:49:45,6,-77,34.0408401,-117.1973877,393.20,1.75,WIFI
D4:3F:32:84:DA:83,,[WPA3_PSK],2025-3-26 2:49:45,6,-78,34.0408401,-117.1973877,393.20,1.75,WIFI
F8:BC:0E:2E:49:06,Loki,[WPA2_PSK],2025-3-26 2:49:45,6,-79,34.0408401,-117.1973877,393.20,1.75,WIFI
F8:BC:0E:2E:49:09,,[OPEN],2025-3-26 2:49:45,6,-80,34.0408401,-117.1973877,393.20,1.75,WIFI
9C:A2:F4:4E:E8:56,kal-mesh,[WPA2_PSK],2025-3-26 2:49:48,9,-74,34.0411110,-117.1976013,390.90,1.75,WIFI
9E:A2:F4:2B:4C:42,TheKrellMainframe,[WPA2_PSK],2025-3-26 2:49:48,9,-76,34.0411110,-117.1976013,390.90,1.75,WIFI
9C:A2:F4:4E:E8:52,kal-mesh,[WPA2_PSK],2025-3-26 2:49:48,9,-76,34.0411110,-117.1976013,390.90,1.75,WIFI
A2:A2:F4:4E:E8:52,,[WPA2_PSK],2025-3-26 2:49:48,9,-77,34.0411110,-117.1976013,390.90,1.75,WIFI
9C:A2:F4:4E:E9:CA,kal-mesh,[WPA2_PSK],2025-3-26 2:49:48,9,-80,34.0411110,-117.1976013,390.90,1.75,WIFI
18:9C:27:74:05:A8,Frontier9840,[WPA2_PSK],2025-3-26 2:49:50,11,-73,34.0413170,-117.1977615,389.10,1.75,WIFI
42:9E:9D:C1:80:8B,,[WPA2_PSK],2025-3-26 2:49:50,11,-73,34.0413170,-117.1977615,389.10,1.75,WIFI
D0:6D:C9:31:5A:96,Frontier0018,[WPA2_PSK],2025-3-26 2:49:50,11,-77,34.0413170,-117.1977615,389.10,1.75,WIFI
6C:C2:17:57:D8:21,HP-Print-21-Officejet Pro 8620,[WPA2_PSK],2025-3-26 2:49:50,11,-78,34.0413170,-117.1977615,389.10,1.75,WIFI
AC:91:9B:C1:1A:BA,Verizon_Z4TGCG,[WPA2_PSK],2025-3-26 2:49:50,11,-79,34.0413170,-117.1977615,389.10,1.75,WIFI
48:5D:36:18:05:7C,FiOS-32ZW8,[WPA2_PSK],2025-3-26 2:49:50,11,-82,34.0413170,-117.1977615,389.10,1.75,WIFI
9C:57:BC:9D:DA:A6,KAL,[WPA2_PSK],2025-3-26 2:49:53,1,-63,34.0416451,-117.1980209,387.10,1.75,WIFI
9C:57:BC:9D:DA:A3,,[WPA3_PSK],2025-3-26 2:49:53,1,-64,34.0416451,-117.1980209,387.10,1.75,WIFI
9C:57:BC:9D:DA:A9,,[OPEN],2025-3-26 2:49:53,1,-64,34.0416451,-117.1980209,387.10,1.75,WIFI
14:B7:F8:B0:61:F6,Izzy55,[WPA2_PSK],2025-3-26 2:49:53,1,-65,34.0416451,-117.1980209,387.10,1.75,WIFI
22:3E:A4:90:93:F2,,[WPA2_PSK],2025-3-26 2:49:53,1,-73,34.0416451,-117.1980209,387.10,1.75,WIFI
80:DA:13:25:6D:65,,[OPEN],2025-3-26 2:49:53,1,-78,34.0416451,-117.1980209,387.10,1.75,WIFI
80:DA:13:25:6D:61,,[WPA3_PSK],2025-3-26 2:49:53,1,-79,34.0416451,-117.1980209,387.10,1.75,WIFI
A0:55:1F:59:E4:01,SpectrumSetup-E3FB,[WPA2_PSK],2025-3-26 2:49:53,1,-84,34.0416451,-117.1980209,387.10,1.75,WIFI
92:3B:AD:21:A4:90,ORBI13,[WPA2_PSK],2025-3-26 2:49:56,3,-68,34.0419807,-117.1982880,385.60,1.75,WIFI
40:3F:8C:75:6C:A6,fine-wifi,[WPA2_PSK],2025-3-26 2:49:57,4,-71,34.0420876,-117.1983795,385.20,1.75,WIFI
46:3F:8C:75:6C:A6,,[WPA2_PSK],2025-3-26 2:49:57,4,-73,34.0420876,-117.1983795,385.20,1.75,WIFI
46:3F:8C:75:6C:BA,,[WPA2_PSK],2025-3-26 2:49:57,4,-74,34.0420876,-117.1983795,385.20,1.75,WIFI
40:3F:8C:75:6C:C6,fine-wifi,[WPA2_PSK],2025-3-26 2:49:57,4,-77,34.0420876,-117.1983795,385.20,1.75,WIFI
40:3F:8C:75:6C:BA,fine-wifi,[WPA2_PSK],2025-3-26 2:49:57,4,-78,34.0420876,-117.1983795,385.20,1.75,WIFI
14:EB:B6:74:01:C3,Husbander-tron,[WPA2_PSK],2025-3-26 2:49:58,5,-73,34.0421906,-117.1984634,384.60,1.75,WIFI
92:EB:B6:74:01:C5,,[WPA2_PSK],2025-3-26 2:49:58,5,-76,34.0421906,-117.1984634,384.60,1.75,WIFI
2C:58:B9:09:D9:EB,DIRECT-EA-HP DeskJet 4100 series,[WPA2_PSK],2025-3-26 2:49:59,6,-67,34.0422974,-117.1985474,384.00,1.75,WIFI
24:2D:6C:45:2E:11,Bosman Guest,[WPA2_PSK],2025-3-26 2:49:59,6,-72,34.0422974,-117.1985474,384.00,1.75,WIFI
24:2D:6C:45:2E:08,Thunder Chicken Domain,[WPA2_PSK],2025-3-26 2:49:59,6,-72,34.0422974,-117.1985474,384.00,1.75,WIFI
18:90:88:DF:AA:27,,[OPEN],2025-3-26 2:49:59,6,-73,34.0422974,-117.1985474,384.00,1.75,WIFI
18:90:88:FF:5D:AB,Eero Wifi Guest,[WPA2_PSK],2025-3-26 2:49:59,6,-77,34.0422974,-117.1985474,384.00,1.75,WIFI
18:90:88:FF:5D:A3,,[WPA3_PSK],2025-3-26 2:49:59,6,-78,34.0422974,-117.1985474,384.00,1.75,WIFI
08:9B:F1:18:40:E5,Hardins,[WPA2_PSK],2025-3-26 2:49:59,6,-79,34.0422974,-117.1985474,384.00,1.75,WIFI
08:9B:F1:18:40:E3,,[WPA3_PSK],2025-3-26 2:49:59,6,-81,34.0422974,-117.1985474,384.00,1.75,WIFI
08:9B:F1:18:40:E7,,[OPEN],2025-3-26 2:49:59,6,-82,34.0422974,-117.1985474,384.00,1.75,WIFI
30:60:0A:25:34:64,,[WPA_WPA2_PSK],2025-3-26 2:49:59,6,-87,34.0422974,-117.1985474,384.00,1.75,WIFI
E4:FA:C4:2C:FE:C3,Silverstreet,[WPA2_PSK],2025-3-26 2:50:1,8,-56,34.0424995,-117.1987152,382.70,1.75,WIFI
E6:FA:C4:2C:FE:C3,,[WPA2_PSK],2025-3-26 2:50:1,8,-57,34.0424995,-117.1987152,382.70,1.75,WIFI
9C:A2:F4:2B:47:5E,,[WPA2_PSK],2025-3-26 2:50:2,9,-81,34.0425987,-117.1987915,382.10,1.75,WIFI
12:62:E5:CC:4F:D9,DIRECT-D9-HP ENVY 5000 series,[WPA2_PSK],2025-3-26 2:50:2,9,-87,34.0425987,-117.1987915,382.10,1.75,WIFI
10:C3:7B:D3:2F:10,ASUS_24GHz,[WPA2_PSK],2025-3-26 2:50:4,11,-69,34.0428009,-117.1989517,380.90,1.75,WIFI
40:4C:77:32:20:B8,Frontier6032,[WPA2_PSK],2025-3-26 2:50:4,11,-69,34.0428009,-117.1989517,380.90,1.75,WIFI
06:0E:3C:7A:2F:8B,DIRECT-8B-HP OfficeJet Pro 9010,[WPA2_PSK],2025-3-26 2:50:4,11,-69,34.0428009,-117.1989517,380.90,1.75,WIFI
40:5D:82:05:5B:4A,ngHub_319459N804751,[WPA2_PSK],2025-3-26 2:50:4,11,-81,34.0428009,-117.1989517,380.90,1.75,WIFI
48:BA:4E:18:FE:75,DIRECT-74-HP ENVY 4520 series,[WPA2_PSK],2025-3-26 2:50:4,11,-82,34.0428009,-117.1989517,380.90,1.75,WIFI
24:E8:53:19:69:CC,AT_201_T1789EFH_F_69cc,[WPA2_PSK],2025-3-26 2:50:4,11,-88,34.0428009,-117.1989517,380.90,1.75,WIFI
4A:5D:36:48:1B:CD,FiOS-HMH1B-Guest,[WPA2_PSK],2025-3-26 2:50:4,11,-90,34.0428009,-117.1989517,380.90,1.75,WIFI
4C:19:5D:59:CE:CE,SpectrumSetup-C8,[WPA2_PSK],2025-3-26 2:50:7,1,-58,34.0430756,-117.1991653,379.30,1.75,WIFI
20:37:F0:6D:86:22,Endres Linksys,[WPA2_PSK],2025-3-26 2:50:7,1,-66,34.0430756,-117.1991653,379.30,1.75,WIFI
72:F7:54:94:64:68,SunPower34840,[WPA2_PSK],2025-3-26 2:50:7,1,-75,34.0430756,-117.1991653,379.30,1.75,WIFI
24:41:FE:77:E1:02,Endres Linksys,[WPA2_PSK],2025-3-26 2:50:7,1,-78,34.0430756,-117.1991653,379.30,1.75,WIFI
96:3B:AD:21:A4:90,,[WPA2_PSK],2025-3-26 2:50:10,3,-70,34.0432549,-117.1993027,377.90,1.75,WIFI
10:DA:43:99:AA:F6,NETGEAR29,[WPA2_PSK],2025-3-26 2:50:10,3,-87,34.0432549,-117.1993027,377.90,1.75,WIFI
86:69:1A:94:41:18,,[WPA2_WPA3_PSK],2025-3-26 2:50:11,4,-87,34.0432892,-117.1993256,377.60,1.75,WIFI
80:69:1A:94:41:18,Leason2.0,[WPA2_WPA3_PSK],2025-3-26 2:50:11,4,-90,34.0432892,-117.1993256,377.60,1.75,WIFI
78:76:89:2D:85:4A,,[OPEN],2025-3-26 2:50:13,6,-71,34.0433044,-117.1993408,376.90,1.75,WIFI
78:76:89:2D:85:44,,[WPA3_PSK],2025-3-26 2:50:13,6,-72,34.0433044,-117.1993408,376.90,1.75,WIFI
78:76:89:2D:85:47,CoolCasa,[WPA2_PSK],2025-3-26 2:50:13,6,-73,34.0433044,-117.1993408,376.90,1.75,WIFI
78:76:89:36:98:E4,,[WPA3_PSK],2025-3-26 2:50:13,6,-73,34.0433044,-117.1993408,376.90,1.75,WIFI
78:76:89:36:98:EA,,[OPEN],2025-3-26 2:50:13,6,-73,34.0433044,-117.1993408,376.90,1.75,WIFI
78:76:89:36:98:E7,CoolCasa,[WPA2_PSK],2025-3-26 2:50:13,6,-75,34.0433044,-117.1993408,376.90,1.75,WIFI
00:AB:48:18:C5:C7,,[OPEN],2025-3-26 2:50:13,6,-76,34.0433044,-117.1993408,376.90,1.75,WIFI
00:AB:48:18:C5:C3,,[WPA3_PSK],2025-3-26 2:50:13,6,-76,34.0433044,-117.1993408,376.90,1.75,WIFI
00:AB:48:18:C5:C5,I believe Wi can Fi,[WPA2_PSK],2025-3-26 2:50:13,6,-78,34.0433044,-117.1993408,376.90,1.75,WIFI
F4:52:46:8C:52:F5,SpectrumSetup-52F8,[WPA2_PSK],2025-3-26 2:50:13,6,-78,34.0433044,-117.1993408,376.90,1.75,WIFI
00:AB:48:1A:73:03,,[WPA3_PSK],2025-3-26 2:50:13,6,-79,34.0433044,-117.1993408,376.90,1.75,WIFI
00:AB:48:15:77:A3,,[WPA3_PSK],2025-3-26 2:50:13,6,-79,34.0433044,-117.1993408,376.90,1.75,WIFI
00:AB:48:15:77:A5,I believe Wi can Fi,[WPA2_PSK],2025-3-26 2:50:13,6,-79,34.0433044,-117.1993408,376.90,1.75,WIFI
D0:16:7C:44:17:65,OMECH5-BME3,[WPA2_PSK],2025-3-26 2:50:13,6,-80,34.0433044,-117.1993408,376.90,1.75,WIFI
00:AB:48:1A:73:07,,[OPEN],2025-3-26 2:50:13,6,-80,34.0433044,-117.1993408,376.90,1.75,WIFI
00:AB:48:15:77:A7,,[OPEN],2025-3-26 2:50:13,6,-80,34.0433044,-117.1993408,376.90,1.75,WIFI
F8:5B:3B:6F:41:44,DONEL,[WPA2_PSK],2025-3-26 2:50:13,6,-81,34.0433044,-117.1993408,376.90,1.75,WIFI
D0:16:7C:44:17:67,,[OPEN],2025-3-26 2:50:13,6,-81,34.0433044,-117.1993408,376.90,1.75,WIFI
D0:16:7C:44:17:63,,[WPA3_PSK],2025-3-26 2:50:13,6,-81,34.0433044,-117.1993408,376.90,1.75,WIFI
18:1B:EB:6D:C6:66,9DZ6D,[WPA2_PSK],2025-3-26 2:50:13,6,-83,34.0433044,-117.1993408,376.90,1.75,WIFI
F8:AA:3F:D3:6F:03,SpectrumSetup-79,[WPA2_PSK],2025-3-26 2:50:13,6,-91,34.0433044,-117.1993408,376.90,1.75,WIFI
C4:41:1E:2B:F5:96,Tell-My-WiFi-Luv-Her,[WPA2_PSK],2025-3-26 2:50:16,8,-70,34.0433273,-117.1993637,376.10,1.75,WIFI
CA:41:1E:2B:F5:96,,[WPA2_PSK],2025-3-26 2:50:16,8,-70,34.0433273,-117.1993637,376.10,1.75,WIFI
98:6B:3D:D8:7E:B0,Dolly4595,[WPA_WPA2_PSK],2025-3-26 2:50:16,8,-76,34.0433273,-117.1993637,376.10,1.75,WIFI
B0:19:21:DF:D2:DB,Arrake3n,[WPA2_PSK],2025-3-26 2:50:16,8,-88,34.0433273,-117.1993637,376.10,1.75,WIFI
9C:A2:F4:2B:4C:42,,[WPA2_PSK],2025-3-26 2:50:17,9,-67,34.0433617,-117.1993942,375.70,1.75,WIFI
9E:A2:F4:2B:47:5E,TheKrellMainframe,[WPA2_PSK],2025-3-26 2:50:17,9,-69,34.0433617,-117.1993942,375.70,1.75,WIFI
5E:62:8B:2E:D2:82,TheKrellMainframe,[WPA2_PSK],2025-3-26 2:50:17,9,-74,34.0433617,-117.1993942,375.70,1.75,WIFI
86:69:1A:94:41:B4,,[WPA2_WPA3_PSK],2025-3-26 2:50:17,9,-77,34.0433617,-117.1993942,375.70,1.75,WIFI
5C:62:8B:EE:D2:82,,[WPA_WPA2_PSK],2025-3-26 2:50:17,9,-79,34.0433617,-117.1993942,375.70,1.75,WIFI
80:E5:40:DD:2E:48,Frontier3232,[WPA2_PSK],2025-3-26 2:50:19,11,-68,34.0434456,-117.1994553,375.60,1.75,WIFI
98:F7:81:E8:DA:18,Frontier5104,[WPA2_PSK],2025-3-26 2:50:19,11,-71,34.0434456,-117.1994553,375.60,1.75,WIFI
F0:B6:61:84:70:24,,[WPA3_PSK],2025-3-26 2:50:19,11,-79,34.0434456,-117.1994553,375.60,1.75,WIFI
F0:B6:61:84:70:2A,,[OPEN],2025-3-26 2:50:19,11,-79,34.0434456,-117.1994553,375.60,1.75,WIFI
F0:B6:61:84:70:27,Pointer Wifi,[WPA2_PSK],2025-3-26 2:50:19,11,-79,34.0434456,-117.1994553,375.60,1.75,WIFI
DC:03:98:1B:05:1D,AT_301_WLSGL6335F_051d,[WPA2_PSK],2025-3-26 2:50:19,11,-84,34.0434456,-117.1994553,375.60,1.75,WIFI
90:9A:4A:47:AA:E6,joola-5G_2.4GEXT,[WPA2_PSK],2025-3-26 2:50:19,11,-86,34.0434456,-117.1994553,375.60,1.75,WIFI
84:A0:6E:C9:E2:16,joola-2G,[WPA2_PSK],2025-3-26 2:50:19,11,-90,34.0434456,-117.1994553,375.60,1.75,WIFI
4C:AB:F8:46:5B:FD,SpectrumSetup-FF,[WPA2_PSK],2025-3-26 2:50:21,1,-66,34.0435562,-117.1995544,374.30,1.75,WIFI
DE:91:BF:F5:33:CB,,[WPA2_PSK],2025-3-26 2:50:21,1,-83,34.0435562,-117.1995544,374.30,1.75,WIFI
6C:1D:EB:40:FD:9E,EA-J94222900796A0,[WPA_WPA2_PSK],2025-3-26 2:50:21,1,-88,34.0435562,-117.1995544,374.30,1.75,WIFI
34:53:D2:52:09:CE,SpectrumSetup-C8,[WPA2_PSK],2025-3-26 2:50:21,1,-89,34.0435562,-117.1995544,374.30,1.75,WIFI
C0:89:AB:4C:93:98,Frontier4992,[WPA2_PSK],2025-3-26 2:50:21,1,-90,34.0435562,-117.1995544,374.30,1.75,WIFI
FC:34:97:05:D4:D0,Belle-2G,[WPA2_PSK],2025-3-26 2:50:24,2,-89,34.0437965,-117.1997375,372.00,1.75,WIFI
82:CC:9C:EE:18:71,Keidel2.4-private,[WPA2_PSK],2025-3-26 2:50:25,3,-79,34.0438957,-117.1998062,371.30,1.75,WIFI
80:CC:9C:EE:18:71,Keidel-guest2.4,[WPA2_PSK],2025-3-26 2:50:25,3,-80,34.0438957,-117.1998062,371.30,1.75,WIFI
82:CC:9C:DE:18:71,Keidel5-private,[WPA2_PSK],2025-3-26 2:50:25,3,-80,34.0438957,-117.1998062,371.30,1.75,WIFI
66:32:B1:31:F2:2A,,[WPA2_PSK],2025-3-26 2:50:25,3,-82,34.0438957,-117.1998062,371.30,1.75,WIFI
60:32:B1:31:F2:2A,DECO,[WPA2_PSK],2025-3-26 2:50:25,3,-84,34.0438957,-117.1998062,371.30,1.75,WIFI
60:32:B1:31:E8:12,DECO,[WPA2_PSK],2025-3-26 2:50:25,3,-85,34.0438957,-117.1998062,371.30,1.75,WIFI
66:32:B1:31:E3:3E,,[WPA2_PSK],2025-3-26 2:50:25,3,-88,34.0438957,-117.1998062,371.30,1.75,WIFI
86:69:1A:94:49:9A,,[WPA2_WPA3_PSK],2025-3-26 2:50:26,4,-74,34.0439949,-117.1998978,370.60,1.75,WIFI
80:69:1A:94:49:9A,Leason2.0,[WPA2_WPA3_PSK],2025-3-26 2:50:26,4,-76,34.0439949,-117.1998978,370.60,1.75,WIFI
80:69:1A:95:12:0F,Leason2.0,[WPA2_WPA3_PSK],2025-3-26 2:50:27,5,-76,34.0441017,-117.1999741,370.10,1.75,WIFI
86:69:1A:95:12:0F,,[WPA2_WPA3_PSK],2025-3-26 2:50:27,5,-76,34.0441017,-117.1999741,370.10,1.75,WIFI
58:2F:F7:75:40:C6,SpectrumSetup-C0,[WPA2_PSK],2025-3-26 2:50:28,6,-61,34.0442085,-117.2000580,369.80,1.75,WIFI
C6:8E:8F:5C:3E:15,DIRECT-15-HP M277 LaserJet,[WPA2_PSK],2025-3-26 2:50:28,6,-75,34.0442085,-117.2000580,369.80,1.75,WIFI
A0:64:8F:EA:3E:51,MySpectrumWiFi53-2G,[WPA2_PSK],2025-3-26 2:50:28,6,-75,34.0442085,-117.2000580,369.80,1.75,WIFI
90:CA:FA:9B:59:3C,The Force,[WPA2_PSK],2025-3-26 2:50:28,6,-76,34.0442085,-117.2000580,369.80,1.75,WIFI
D4:3F:32:6C:47:C3,,[WPA3_PSK],2025-3-26 2:50:28,6,-82,34.0442085,-117.2000580,369.80,1.75,WIFI
D4:3F:32:6C:47:C9,,[OPEN],2025-3-26 2:50:28,6,-82,34.0442085,-117.2000580,369.80,1.75,WIFI
F0:7B:65:3C:22:AA,SpectrumSetup-22A4,[WPA2_PSK],2025-3-26 2:50:28,6,-83,34.0442085,-117.2000580,369.80,1.75,WIFI
C8:63:FC:F8:E9:E4,Frontier8768,[WPA2_PSK],2025-3-26 2:50:28,6,-86,34.0442085,-117.2000580,369.80,1.75,WIFI
56:13:79:C7:1D:8E,DIRECT-8e-HP M281 LaserJet,[WPA2_PSK],2025-3-26 2:50:28,6,-86,34.0442085,-117.2000580,369.80,1.75,WIFI
A4:11:62:72:9A:12,ARLO_VMB_4422026869,[WPA2_PSK],2025-3-26 2:50:30,8,-82,34.0444069,-117.2002258,369.00,1.75,WIFI
80:69:1A:94:41:B4,Leason2.0,[WPA2_WPA3_PSK],2025-3-26 2:50:31,9,-47,34.0445137,-117.2003021,368.60,1.50,WIFI
DA:EB:97:EE:2E:35,Keidel-guest2.4,[WPA2_PSK],2025-3-26 2:50:32,10,-78,34.0446129,-117.2003860,368.10,1.50,WIFI
D8:EB:97:EE:2E:32,Keidel2.4-private,[WPA2_PSK],2025-3-26 2:50:32,10,-79,34.0446129,-117.2003860,368.10,1.50,WIFI
B4:B0:24:79:99:46,BVwifi,[WPA2_PSK],2025-3-26 2:50:32,10,-80,34.0446129,-117.2003860,368.10,1.50,WIFI
C4:8E:8F:E4:98:76,WIFIE49872,[WPA2_PSK],2025-3-26 2:50:33,11,-67,34.0447121,-117.2004623,367.70,1.50,WIFI
00:23:A7:D8:D9:89,TEG-1Y9,[WPA_WPA2_PSK],2025-3-26 2:50:33,11,-70,34.0447121,-117.2004623,367.70,1.50,WIFI
A0:04:60:CE:27:A6,NETGEAR76,[WPA2_PSK],2025-3-26 2:50:33,11,-74,34.0447121,-117.2004623,367.70,1.50,WIFI
48:5D:36:48:3D:46,Klausz_WiFi,[WPA2_PSK],2025-3-26 2:50:33,11,-74,34.0447121,-117.2004623,367.70,1.50,WIFI
DC:69:B5:37:EF:23,,[WPA3_PSK],2025-3-26 2:50:33,11,-77,34.0447121,-117.2004623,367.70,1.50,WIFI
DC:69:B5:37:EF:29,,[OPEN],2025-3-26 2:50:33,11,-77,34.0447121,-117.2004623,367.70,1.50,WIFI
DC:69:B5:37:EF:26,DESPAIN,[WPA2_PSK],2025-3-26 2:50:33,11,-77,34.0447121,-117.2004623,367.70,1.50,WIFI
00:13:37:AA:3A:34,Redlands Free WiFi,[OPEN],2025-3-26 2:50:33,11,-86,34.0447121,-117.2004623,367.70,1.50,WIFI
86:69:1A:94:49:40,,[WPA2_WPA3_PSK],2025-3-26 2:50:36,1,-79,34.0450096,-117.2006989,367.10,1.50,WIFI
20:9A:7D:1B:2B:B6,SpectrumSetup-B8,[WPA2_PSK],2025-3-26 2:50:36,1,-80,34.0450096,-117.2006989,367.10,1.50,WIFI
80:78:71:D8:20:26,SpectrumSetup-28,[WPA2_PSK],2025-3-26 2:50:36,1,-81,34.0450096,-117.2006989,367.10,1.50,WIFI
F4:52:46:BD:F3:A5,Hashslingingslasher,[WPA2_PSK],2025-3-26 2:50:36,1,-81,34.0450096,-117.2006989,367.10,1.50,WIFI
94:18:65:D2:FC:4F,Adulting101,[WPA2_PSK],2025-3-26 2:50:39,3,-77,34.0452576,-117.2008896,366.30,1.50,WIFI
E4:F4:C6:15:AD:8C,wtwood,[WPA_WPA2_PSK],2025-3-26 2:50:40,4,-79,34.0453148,-117.2009354,366.10,1.50,WIFI
3C:52:82:20:57:50,DIRECT-4F-HP ENVY 7640 series,[WPA2_PSK],2025-3-26 2:50:40,4,-84,34.0453148,-117.2009354,366.10,1.50,WIFI
F0:9F:C2:CC:90:F6,ManagementVds,[WPA2_WPA3_PSK],2025-3-26 2:50:42,6,-70,34.0453987,-117.2010269,365.90,1.50,WIFI
9C:A5:70:9B:A0:05,Normanrose,[WPA2_PSK],2025-3-26 2:50:42,6,-72,34.0453987,-117.2010269,365.90,1.50,WIFI
F8:E4:FB:03:39:7E,2BPB2,[WPA2_PSK],2025-3-26 2:50:42,6,-74,34.0453987,-117.2010269,365.90,1.50,WIFI
84:1E:A3:29:7F:16,Marquez,[WPA2_PSK],2025-3-26 2:50:42,6,-74,34.0453987,-117.2010269,365.90,1.50,WIFI
88:67:46:64:0E:E3,,[WPA3_PSK],2025-3-26 2:50:42,6,-74,34.0453987,-117.2010269,365.90,1.50,WIFI
88:67:46:64:0E:E9,,[OPEN],2025-3-26 2:50:42,6,-76,34.0453987,-117.2010269,365.90,1.50,WIFI
88:67:46:64:0E:E6,Frontier16,[WPA2_PSK],2025-3-26 2:50:42,6,-77,34.0453987,-117.2010269,365.90,1.50,WIFI
F8:5B:3B:37:B5:54,SpectrumSetup-56,[WPA2_PSK],2025-3-26 2:50:42,6,-79,34.0453987,-117.2010269,365.90,1.50,WIFI
74:37:5F:55:FA:13,ierr2006,[WPA2_PSK],2025-3-26 2:50:42,6,-79,34.0453987,-117.2010269,365.90,1.50,WIFI
A0:36:BC:75:07:58,Ramirez Router,[WPA2_PSK],2025-3-26 2:50:44,8,-82,34.0454178,-117.2011337,365.70,1.50,WIFI
22:3E:A4:04:CF:C2,,[WPA2_PSK],2025-3-26 2:50:47,11,-72,34.0453453,-117.2012939,365.30,1.50,WIFI
66:CB:E9:7C:99:EC,[LG_Oven]99ec,[WPA2_PSK],2025-3-26 2:50:47,11,-79,34.0453453,-117.2012939,365.30,1.50,WIFI
7E:4D:8F:57:BE:F5,DIRECT-F5-HP OfficeJet Pro 8020,[WPA2_PSK],2025-3-26 2:50:47,11,-84,34.0453453,-117.2012939,365.30,1.50,WIFI
30:8D:99:FB:51:2F,HP-Print-2F-ENVY 4500 series,[OPEN],2025-3-26 2:50:47,11,-84,34.0453453,-117.2012939,365.30,1.50,WIFI
58:2F:F7:68:A1:56,SpectrumSetup-50,[WPA2_PSK],2025-3-26 2:50:47,11,-85,34.0453453,-117.2012939,365.30,1.50,WIFI
7A:AC:B9:BD:D4:B8,BT_Magnolia_guest,[WPA2_PSK],2025-3-26 2:50:50,1,-72,34.0452118,-117.2015305,365.50,1.50,WIFI
74:AC:B9:BD:D4:B8,BT_Magnolia,[WPA2_PSK],2025-3-26 2:50:50,1,-73,34.0452118,-117.2015305,365.50,1.50,WIFI
7E:AC:B9:BD:D4:B8,iPhoneSetup,[WPA2_PSK],2025-3-26 2:50:50,1,-74,34.0452118,-117.2015305,365.50,1.50,WIFI
DA:31:34:D0:B7:61,DIRECT-roku-457-3A2911,[WPA2_PSK],2025-3-26 2:50:50,1,-78,34.0452118,-117.2015305,365.50,1.50,WIFI
3C:04:61:9B:96:F8,Frontier2416,[WPA2_PSK],2025-3-26 2:50:50,1,-85,34.0452118,-117.2015305,365.50,1.50,WIFI
A0:04:60:CE:27:AC,NETGEAR49,[WPA2_PSK],2025-3-26 2:50:50,1,-86,34.0452118,-117.2015305,365.50,1.50,WIFI
1E:67:BE:09:97:E9,,[WPA2_PSK],2025-3-26 2:50:50,1,-90,34.0452118,-117.2015305,365.50,1.50,WIFI
1E:67:BE:09:97:E8,,[WPA2_PSK],2025-3-26 2:50:50,1,-91,34.0452118,-117.2015305,365.50,1.50,WIFI
58:68:7A:10:AF:16,Cookie,[WPA2_WPA3_PSK],2025-3-26 2:50:50,1,-96,34.0452118,-117.2015305,365.50,1.50,WIFI
FC:34:97:05:D4:D1,BeOurGuest,[WPA2_WPA3_PSK],2025-3-26 2:50:50,2,-68,34.0452118,-117.2015305,365.50,1.50,WIFI
D8:C8:E9:79:87:E2,Lumiere,[WPA2_PSK],2025-3-26 2:50:50,2,-82,34.0452118,-117.2015305,365.50,1.50,WIFI
88:57:1D:51:C7:14,[range]_E30AJT7113083P,[WPA2_PSK],2025-3-26 2:50:55,4,-77,34.0450058,-117.2018204,366.20,1.50,WIFI
06:5F:67:8D:A1:3E,,[WPA2_PSK],2025-3-26 2:50:56,5,-93,34.0449638,-117.2018204,366.40,1.50,WIFI
22:48:6C:B1:A8:3B,,[WPA2_PSK],2025-3-26 2:50:57,6,-78,34.0449295,-117.2018127,366.50,1.50,WIFI
D4:3F:32:6C:47:C6,durian,[WPA2_PSK],2025-3-26 2:50:57,6,-81,34.0449295,-117.2018127,366.50,1.50,WIFI
60:F4:19:01:28:A6,WZWMK,[WPA2_PSK],2025-3-26 2:50:57,6,-81,34.0449295,-117.2018127,366.50,1.50,WIFI
C8:D3:FF:15:93:18,DIRECT-17-HP ENVY 5660 series,[WPA2_PSK],2025-3-26 2:50:57,6,-89,34.0449295,-117.2018127,366.50,1.50,WIFI
7E:AC:B9:BD:CB:D1,iPhoneSetup,[WPA2_PSK],2025-3-26 2:50:57,6,-90,34.0449295,-117.2018127,366.50,1.50,WIFI
74:AC:B9:BD:CB:D1,BT_Magnolia,[WPA2_PSK],2025-3-26 2:50:57,6,-92,34.0449295,-117.2018127,366.50,1.50,WIFI
88:6A:E3:DD:3D:D2,tldd3dd2,[WPA2_PSK],2025-3-26 2:50:57,6,-94,34.0449295,-117.2018127,366.50,1.50,WIFI
20:0D:B0:AB:6F:D1,AERVY_6FD1,[OPEN],2025-3-26 2:50:57,6,-94,34.0449295,-117.2018127,366.50,1.50,WIFI
E2:EC:5E:7E:62:DA,,[WPA2_PSK],2025-3-26 2:50:59,8,-91,34.0448570,-117.2017746,366.70,1.50,WIFI
