WigleWifi-1.4,appRelease=v1.2.0,model=ESP32 Marauder,release=v1.2.0,device=ESP32 Marauder,display=SPI TFT,board=ESP32 Marauder,brand=JustCallMeKoko
MAC,SSID,AuthMode,FirstSeen,Channel,RSSI,CurrentLatitude,CurrentLongitude,AltitudeMeters,AccuracyMeters,Type
3C:28:6D:C3:3C:B8,Penguins,[WPA2_PSK],2025-3-23 4:59:13,1,-82,34.0394325,-117.1534805,471.60,2.75,WIFI
8C:83:94:A1:DB:E9,Room of requirement,[WPA2_PSK],2025-3-23 4:59:13,1,-96,34.0394325,-117.1534805,471.60,2.75,WIFI
EA:65:38:64:DA:4C,DIRECT-4c-HP M234 LaserJet,[WPA2_PSK],2025-3-23 4:59:18,6,-77,34.0397186,-117.1545181,468.90,2.75,WIFI
74:93:DA:A3:9C:65,SpectrumSetup-67,[WPA2_PSK],2025-3-23 4:59:18,6,-78,34.0397186,-117.1545181,468.90,2.75,WIFI
68:7F:F0:02:3F:5D,TP-Link_3F5E,[WPA2_PSK],2025-3-23 4:59:22,9,-84,34.0400314,-117.1552124,469.00,2.75,WIFI
72:7F:F0:02:3F:5F,,[WPA2_PSK],2025-3-23 4:59:22,9,-84,34.0400314,-117.1552124,469.00,2.75,WIFI
3C:5C:F1:F7:56:F4,SalinasCounseling,[WPA2_PSK],2025-3-23 4:59:24,11,-72,34.0402069,-117.1555328,468.90,2.75,WIFI
3C:5C:F1:F7:56:FA,SalinasCounselingGuest,[WPA2_PSK],2025-3-23 4:59:24,11,-73,34.0402069,-117.1555328,468.90,2.75,WIFI
A2:63:91:B9:FA:60,Frontier0624_EXT,[WPA2_PSK],2025-3-23 4:59:24,11,-74,34.0402069,-117.1555328,468.90,2.75,WIFI
3C:5C:F1:F7:56:F6,,[OPEN],2025-3-23 4:59:24,11,-74,34.0402069,-117.1555328,468.90,2.75,WIFI
3C:5C:F1:F7:56:F2,,[WPA3_PSK],2025-3-23 4:59:24,11,-75,34.0402069,-117.1555328,468.90,2.75,WIFI
12:18:0A:6F:84:D9,WD-Phreesia,[WPA2_PSK],2025-3-23 4:59:24,11,-77,34.0402069,-117.1555328,468.90,2.75,WIFI
0E:18:0A:6F:84:D9,WD-Internet,[WPA2_PSK],2025-3-23 4:59:24,11,-78,34.0402069,-117.1555328,468.90,2.75,WIFI
58:96:71:13:04:B6,Verizon_RQ9HCG,[WPA2_PSK],2025-3-23 4:59:24,11,-91,34.0402069,-117.1555328,468.90,2.75,WIFI
00:16:78:25:BE:14,Repeater-BE14,[WPA_WPA2_PSK],2025-3-23 4:59:24,11,-92,34.0402069,-117.1555328,468.90,2.75,WIFI
22:AD:56:25:73:1D,B'merica,[WPA_WPA2_PSK],2025-3-23 4:59:24,11,-93,34.0402069,-117.1555328,468.90,2.75,WIFI
22:C7:C7:87:33:90,,[WPA2_PSK],2025-3-23 4:59:24,11,-94,34.0402069,-117.1555328,468.90,2.75,WIFI
5C:62:8B:0E:01:3E,Guest-76_EXT,[WPA2_WPA3_PSK],2025-3-23 4:59:27,1,-87,34.0404778,-117.1559982,468.30,2.75,WIFI
18:EE:86:4F:B8:FB,Guest-76,[WPA2_WPA3_PSK],2025-3-23 4:59:27,1,-88,34.0404778,-117.1559982,468.30,2.75,WIFI
EE:CB:BC:48:33:0A,WD-Internet,[WPA2_PSK],2025-3-23 4:59:27,1,-90,34.0404778,-117.1559982,468.30,2.75,WIFI
98:ED:5C:E9:CA:C0,TeslaWallConnector_E9CAC0,[WPA2_PSK],2025-3-23 4:59:27,1,-92,34.0404778,-117.1559982,468.30,2.75,WIFI
88:41:FC:9D:1F:4D,GalHouse,[WPA2_PSK],2025-3-23 4:59:29,2,-91,34.0406647,-117.1563110,468.00,2.75,WIFI
28:EC:22:76:2D:A3,,[WPA3_PSK],2025-3-23 4:59:33,6,-83,34.0410538,-117.1569519,466.70,2.50,WIFI
92:18:88:C6:DF:B7,,[WPA2_PSK],2025-3-23 4:59:33,6,-83,34.0410538,-117.1569519,466.70,2.50,WIFI
96:18:88:C6:DF:B7,,[OPEN],2025-3-23 4:59:33,6,-83,34.0410538,-117.1569519,466.70,2.50,WIFI
8A:18:88:C6:DF:B7,,[WPA2_PSK],2025-3-23 4:59:33,6,-83,34.0410538,-117.1569519,466.70,2.50,WIFI
28:EC:22:76:2D:A6,Rashmi,[WPA2_PSK],2025-3-23 4:59:33,6,-84,34.0410538,-117.1569519,466.70,2.50,WIFI
82:18:88:C6:DF:B7,,[WPA2_PSK],2025-3-23 4:59:33,6,-84,34.0410538,-117.1569519,466.70,2.50,WIFI
86:18:88:C6:DF:B7,,[WPA2_PSK],2025-3-23 4:59:33,6,-84,34.0410538,-117.1569519,466.70,2.50,WIFI
2C:00:AB:A0:07:A0,Chevron Frontier,[WPA2_PSK],2025-3-23 4:59:33,6,-92,34.0410538,-117.1569519,466.70,2.50,WIFI
A4:11:62:34:A7:40,c9c72023e0c20a783f801e3970d84284,[WPA2_PSK],2025-3-23 4:59:38,11,-83,34.0415230,-117.1578293,464.40,2.50,WIFI
40:4C:77:1E:29:A8,Frontier7600,[WPA2_PSK],2025-3-23 4:59:38,11,-84,34.0415230,-117.1578293,464.40,2.50,WIFI
A6:83:C2:8D:06:CB,TLE-CENTER,[WPA2_PSK],2025-3-23 4:59:38,11,-91,34.0415230,-117.1578293,464.40,2.50,WIFI
A6:83:C2:8D:0C:7E,TLE-CENTER,[WPA2_PSK],2025-3-23 4:59:41,1,-83,34.0417938,-117.1584015,462.80,2.50,WIFI
58:9B:4A:AF:BD:98,SpectrumSetup-BD94,[WPA2_PSK],2025-3-23 4:59:41,1,-88,34.0417938,-117.1584015,462.80,2.50,WIFI
76:83:C2:8D:0C:7E,TLE-GUEST,[OPEN],2025-3-23 4:59:41,1,-88,34.0417938,-117.1584015,462.80,2.50,WIFI
F0:7B:65:09:FF:59,SpectrumSetup-FF53,[WPA2_PSK],2025-3-23 4:59:41,1,-90,34.0417938,-117.1584015,462.80,2.50,WIFI
96:83:C2:8D:0C:7E,,[WPA2_PSK],2025-3-23 4:59:41,1,-90,34.0417938,-117.1584015,462.80,2.50,WIFI
74:83:C2:8D:0C:7E,,[WPA2_PSK],2025-3-23 4:59:41,1,-91,34.0417938,-117.1584015,462.80,2.50,WIFI
96:83:C2:8D:0B:F1,,[WPA2_PSK],2025-3-23 4:59:41,1,-91,34.0417938,-117.1584015,462.80,2.50,WIFI
04:D5:90:2B:4A:19,,[WPA2_PSK],2025-3-23 4:59:41,1,-93,34.0417938,-117.1584015,462.80,2.50,WIFI
18:1B:EB:AF:0E:A9,7LF8L,[WPA2_PSK],2025-3-23 4:59:41,1,-94,34.0417938,-117.1584015,462.80,2.50,WIFI
94:3C:96:5E:A2:86,TMOBILE-A281,[WPA2_WPA3_PSK],2025-3-23 4:59:47,6,-71,34.0423279,-117.1595383,457.50,2.25,WIFI
40:47:5E:ED:01:06,RivenRanch,[WPA2_PSK],2025-3-23 4:59:47,6,-87,34.0423279,-117.1595383,457.50,2.25,WIFI
72:32:B1:69:33:61,,[WPA2_PSK],2025-3-23 4:59:48,7,-88,34.0424156,-117.1597290,456.40,2.25,WIFI
B4:B0:24:0E:27:51,TP-Link_2751,[WPA2_PSK],2025-3-23 4:59:51,10,-89,34.0426865,-117.1602936,453.90,2.25,WIFI
AC:DF:9F:90:10:70,TMOBILE-106E,[WPA2_WPA3_PSK],2025-3-23 4:59:51,10,-95,34.0426865,-117.1602936,453.90,2.25,WIFI
2C:30:33:DE:99:88,NETGEAR21,[WPA2_PSK],2025-3-23 4:59:52,11,-84,34.0427818,-117.1604767,453.10,2.25,WIFI
E2:55:7D:48:BA:98,Redlands BYOD,[WPA2_PSK],2025-3-23 4:59:52,11,-93,34.0427818,-117.1604767,453.10,2.25,WIFI
9C:4F:5F:53:0B:60,Nest1145,[WPA2_PSK],2025-3-23 4:59:52,11,-95,34.0427818,-117.1604767,453.10,2.25,WIFI
6C:CD:D6:05:39:C1,NETGEAR57,[WPA2_PSK],2025-3-23 4:59:58,3,-96,34.0432243,-117.1616211,450.60,2.25,WIFI
E0:46:EE:04:B5:3B,NETGEAR06,[WPA2_PSK],2025-3-23 5:0:6,11,-90,34.0436897,-117.1632156,447.50,2.25,WIFI
D0:21:F9:DC:D5:44,TGPG,[WPA2_PSK],2025-3-23 5:0:6,11,-91,34.0436897,-117.1632156,447.50,2.25,WIFI
D2:21:F9:9C:D5:44,,[WPA2_PSK],2025-3-23 5:0:6,11,-92,34.0436897,-117.1632156,447.50,2.25,WIFI
F8:5B:3B:DC:C7:ED,SpectrumSetup-EF,[WPA2_PSK],2025-3-23 5:0:9,1,-75,34.0438576,-117.1638184,445.30,2.25,WIFI
4C:AB:F8:54:79:0D,SpectrumSetup-6D,[WPA2_PSK],2025-3-23 5:0:9,1,-76,34.0438576,-117.1638184,445.30,2.25,WIFI
14:7D:05:4E:67:C7,SpectrumSetup-C5,[WPA2_PSK],2025-3-23 5:0:9,1,-82,34.0438576,-117.1638184,445.30,2.25,WIFI
EA:38:83:1E:1E:98,,[WPA2_PSK],2025-3-23 5:0:9,1,-82,34.0438576,-117.1638184,445.30,2.25,WIFI
74:93:DA:1D:7B:FD,SpectrumSetup-FF,[WPA2_PSK],2025-3-23 5:0:9,1,-85,34.0438576,-117.1638184,445.30,2.25,WIFI
48:D2:4F:FD:2C:06,SpectrumSetup-00,[WPA2_PSK],2025-3-23 5:0:9,1,-85,34.0438576,-117.1638184,445.30,2.25,WIFI
E4:38:83:1E:1E:98,TGPG,[WPA2_PSK],2025-3-23 5:0:9,1,-86,34.0438576,-117.1638184,445.30,2.25,WIFI
9C:C9:EB:84:0D:D3,NETGEAR08,[WPA2_PSK],2025-3-23 5:0:9,1,-92,34.0438576,-117.1638184,445.30,2.25,WIFI
5C:E9:31:5E:B4:D6,BFSC - Admin,[WPA2_PSK],2025-3-23 5:0:12,3,-78,34.0440407,-117.1643982,443.00,2.25,WIFI
66:E9:31:5E:B4:D6,,[WPA2_PSK],2025-3-23 5:0:12,3,-78,34.0440407,-117.1643982,443.00,2.25,WIFI
62:E9:31:5E:B4:D6,BFSC Admin_Guest,[WPA2_PSK],2025-3-23 5:0:12,3,-79,34.0440407,-117.1643982,443.00,2.25,WIFI
62:E9:31:5E:B5:6A,BFSC Admin_Guest,[WPA2_PSK],2025-3-23 5:0:12,3,-83,34.0440407,-117.1643982,443.00,2.25,WIFI
66:E9:31:5E:B5:6A,,[WPA2_PSK],2025-3-23 5:0:12,3,-86,34.0440407,-117.1643982,443.00,2.25,WIFI
3C:52:A1:1B:46:FA,BFSC - Admin,[WPA2_PSK],2025-3-23 5:0:12,3,-88,34.0440407,-117.1643982,443.00,2.25,WIFI
34:98:B5:D8:E5:27,NETGEAR78,[WPA2_PSK],2025-3-23 5:0:13,4,-90,34.0441055,-117.1645813,442.30,2.25,WIFI
AC:DF:9F:4C:7A:98,TMOBILE-7A96,[WPA2_WPA3_PSK],2025-3-23 5:0:14,5,-77,34.0441666,-117.1647415,441.70,2.25,WIFI
72:A7:41:11:A2:34,,[WPA2_PSK],2025-3-23 5:0:15,6,-68,34.0442200,-117.1648865,441.20,2.25,WIFI
70:A7:41:61:A2:34,TGPG,[WPA2_PSK],2025-3-23 5:0:15,6,-68,34.0442200,-117.1648865,441.20,2.25,WIFI
14:7D:05:50:B2:03,SpectrumSetup-01,[WPA2_PSK],2025-3-23 5:0:15,6,-76,34.0442200,-117.1648865,441.20,2.25,WIFI
C0:A4:76:B0:08:A2,West Wing,[WPA_WPA2_PSK],2025-3-23 5:0:15,6,-85,34.0442200,-117.1648865,441.20,2.25,WIFI
40:EE:15:A2:01:10,searching2.4...,[WPA2_PSK],2025-3-23 5:0:15,6,-87,34.0442200,-117.1648865,441.20,2.25,WIFI
A4:2B:8C:1A:CF:0E,NETGEAR24,[WPA2_PSK],2025-3-23 5:0:15,6,-87,34.0442200,-117.1648865,441.20,2.25,WIFI
B2:E4:D5:22:74:30,Sidhant Guest,[WPA2_PSK],2025-3-23 5:0:15,6,-88,34.0442200,-117.1648865,441.20,2.25,WIFI
B0:E4:D5:22:74:30,Sidhant Nest,[WPA2_PSK],2025-3-23 5:0:15,6,-92,34.0442200,-117.1648865,441.20,2.25,WIFI
3A:98:B5:FF:37:94,RDPes,[WPA2_WPA3_PSK],2025-3-23 5:0:18,9,-74,34.0443497,-117.1651993,440.00,2.25,WIFI
34:98:B5:FF:37:94,,[WPA2_PSK],2025-3-23 5:0:18,9,-76,34.0443497,-117.1651993,440.00,2.25,WIFI
42:98:B5:FF:37:94,RDPes-IoT,[WPA2_PSK],2025-3-23 5:0:18,9,-76,34.0443497,-117.1651993,440.00,2.25,WIFI
42:98:B5:FF:6B:2C,RDPes-IoT,[WPA2_PSK],2025-3-23 5:0:18,9,-81,34.0443497,-117.1651993,440.00,2.25,WIFI
A2:18:65:CF:0B:8F,RDPes-IoT,[WPA2_PSK],2025-3-23 5:0:18,9,-82,34.0443497,-117.1651993,440.00,2.25,WIFI
34:98:B5:FF:37:F3,,[WPA2_PSK],2025-3-23 5:0:18,9,-82,34.0443497,-117.1651993,440.00,2.25,WIFI
9A:18:65:CF:0B:8F,RDPes,[WPA2_WPA3_PSK],2025-3-23 5:0:18,9,-83,34.0443497,-117.1651993,440.00,2.25,WIFI
3A:98:B5:FF:37:F3,RDPes,[WPA2_WPA3_PSK],2025-3-23 5:0:18,9,-83,34.0443497,-117.1651993,440.00,2.25,WIFI
42:98:B5:FF:37:F3,RDPes-IoT,[WPA2_PSK],2025-3-23 5:0:18,9,-84,34.0443497,-117.1651993,440.00,2.25,WIFI
3A:98:B5:FF:6B:2C,,[WPA2_PSK],2025-3-23 5:0:18,9,-86,34.0443497,-117.1651993,440.00,2.25,WIFI
34:98:B5:FF:6B:2C,RDPes,[WPA2_WPA3_PSK],2025-3-23 5:0:18,9,-87,34.0443497,-117.1651993,440.00,2.25,WIFI
B0:FC:88:5D:22:28,SpectrumSetup-22,[WPA2_PSK],2025-3-23 5:0:20,11,-75,34.0444031,-117.1653290,439.40,2.25,WIFI
4C:19:5D:33:80:F4,SpectrumSetup-EE,[WPA2_PSK],2025-3-23 5:0:20,11,-83,34.0444031,-117.1653290,439.40,2.25,WIFI
88:DE:7C:27:96:65,SpectrumSetup-67,[WPA2_PSK],2025-3-23 5:0:20,11,-86,34.0444031,-117.1653290,439.40,2.25,WIFI
00:30:44:28:E1:B1,GuardianbyMankinESC_6,[WPA2_PSK],2025-3-23 5:0:20,11,-88,34.0444031,-117.1653290,439.40,2.25,WIFI
A8:11:FC:B7:17:78,Frontier7920,[WPA2_PSK],2025-3-23 5:0:20,11,-93,34.0444031,-117.1653290,439.40,2.25,WIFI
A8:A2:37:52:07:9B,Verizon_P7BSXT,[WPA2_PSK],2025-3-23 5:0:20,11,-93,34.0444031,-117.1653290,439.40,2.25,WIFI
60:D5:61:03:F5:54,,[WPA2_PSK],2025-3-23 5:0:21,13,-96,34.0444221,-117.1653595,439.30,2.25,WIFI
F4:69:42:51:B5:9F,SpectrumSetup-A1,[WPA2_PSK],2025-3-23 5:0:23,1,-83,34.0444527,-117.1654205,439.00,2.25,WIFI
C0:A4:76:B2:6E:01,@Reyee-s089F,[WPA_WPA2_PSK],2025-3-23 5:0:23,1,-84,34.0444527,-117.1654205,439.00,2.25,WIFI
C2:A4:76:D2:6E:01,,[WPA_WPA2_PSK],2025-3-23 5:0:23,1,-84,34.0444527,-117.1654205,439.00,2.25,WIFI
74:90:BC:AF:66:63,Verizon_J6BTZ7,[WPA2_PSK],2025-3-23 5:0:23,1,-84,34.0444527,-117.1654205,439.00,2.25,WIFI
14:22:3B:2E:AC:2A,KB Wifi,[WPA2_PSK],2025-3-23 5:0:23,1,-85,34.0444527,-117.1654205,439.00,2.25,WIFI
42:52:A1:1B:46:FA,BFSC Admin_Guest,[WPA2_PSK],2025-3-23 5:0:26,3,-78,34.0444984,-117.1655197,438.60,2.25,WIFI
5C:E9:31:5E:B5:6A,BFSC - Admin,[WPA2_PSK],2025-3-23 5:0:26,3,-82,34.0444984,-117.1655197,438.60,2.25,WIFI
32:80:88:EE:74:3C,,[WPA2_PSK],2025-3-23 5:0:26,3,-84,34.0444984,-117.1655197,438.60,2.25,WIFI
DE:EC:5E:9C:22:F8,,[WPA2_PSK],2025-3-23 5:0:27,4,-70,34.0445290,-117.1655731,438.30,2.25,WIFI
D8:EC:5E:9C:22:F8,anette,[WPA2_PSK],2025-3-23 5:0:27,4,-74,34.0445290,-117.1655731,438.30,2.25,WIFI
C2:A4:76:D0:08:A2,,[WPA_WPA2_PSK],2025-3-23 5:0:29,6,-72,34.0446167,-117.1657333,437.40,2.25,WIFI
FC:12:63:B8:D8:99,SpectrumSetup-9B,[WPA2_PSK],2025-3-23 5:0:29,6,-76,34.0446167,-117.1657333,437.40,2.25,WIFI
E6:CB:BC:BE:C2:9E,Media,[WPA2_PSK],2025-3-23 5:0:29,6,-82,34.0446167,-117.1657333,437.40,2.25,WIFI
E0:CB:BC:BE:C2:9E,Staff,[WPA2_PSK],2025-3-23 5:0:29,6,-84,34.0446167,-117.1657333,437.40,2.25,WIFI
D4:05:DE:76:63:44,,[WPA3_PSK],2025-3-23 5:0:29,6,-85,34.0446167,-117.1657333,437.40,2.25,WIFI
D4:05:DE:76:63:4A,,[OPEN],2025-3-23 5:0:29,6,-85,34.0446167,-117.1657333,437.40,2.25,WIFI
D4:05:DE:76:63:47,searching…,[WPA2_PSK],2025-3-23 5:0:29,6,-87,34.0446167,-117.1657333,437.40,2.25,WIFI
38:8B:59:D7:36:FE,googlehome1,[WPA2_PSK],2025-3-23 5:0:29,6,-92,34.0446167,-117.1657333,437.40,2.25,WIFI
60:B6:06:05:40:F2,PlayFi2Device0540F2,[OPEN],2025-3-23 5:0:29,6,-94,34.0446167,-117.1657333,437.40,2.25,WIFI
94:18:65:CF:0B:8F,,[WPA2_PSK],2025-3-23 5:0:32,9,-88,34.0447960,-117.1660690,435.30,2.25,WIFI
1E:E8:29:94:0E:F8,River Guest,[WPA2_PSK],2025-3-23 5:0:34,11,-65,34.0449638,-117.1663437,434.10,2.25,WIFI
18:E8:29:94:0E:F8,TheRiver,[WPA2_PSK],2025-3-23 5:0:34,11,-66,34.0449638,-117.1663437,434.10,2.25,WIFI
26:E8:29:94:0E:F8,,[WPA2_PSK],2025-3-23 5:0:34,11,-69,34.0449638,-117.1663437,434.10,2.25,WIFI
22:E8:29:94:0E:F8,,[WPA2_PSK],2025-3-23 5:0:34,11,-69,34.0449638,-117.1663437,434.10,2.25,WIFI
18:E8:29:64:BB:F5,TheRiver,[WPA2_PSK],2025-3-23 5:0:34,11,-75,34.0449638,-117.1663437,434.10,2.25,WIFI
22:E8:29:64:BB:F5,,[WPA2_PSK],2025-3-23 5:0:34,11,-76,34.0449638,-117.1663437,434.10,2.25,WIFI
26:E8:29:64:BB:F5,,[WPA2_PSK],2025-3-23 5:0:34,11,-80,34.0449638,-117.1663437,434.10,2.25,WIFI
E6:CB:BC:BE:C0:B1,Media,[WPA2_PSK],2025-3-23 5:0:34,11,-82,34.0449638,-117.1663437,434.10,2.25,WIFI
1E:E8:29:64:BB:F5,River Guest,[WPA2_PSK],2025-3-23 5:0:34,11,-83,34.0449638,-117.1663437,434.10,2.25,WIFI
E0:CB:BC:BE:C0:B1,Staff,[WPA2_PSK],2025-3-23 5:0:34,11,-83,34.0449638,-117.1663437,434.10,2.25,WIFI
F0:72:EA:84:64:8A,Sidhant Nest,[WPA2_PSK],2025-3-23 5:0:34,11,-87,34.0449638,-117.1663437,434.10,2.25,WIFI
F2:72:EA:84:64:89,Sidhant Guest,[WPA2_PSK],2025-3-23 5:0:34,11,-89,34.0449638,-117.1663437,434.10,2.25,WIFI
F0:72:EA:75:5C:62,Sidhant Nest,[WPA2_PSK],2025-3-23 5:0:34,11,-89,34.0449638,-117.1663437,434.10,2.25,WIFI
F2:72:EA:75:5C:61,Sidhant Guest,[WPA2_PSK],2025-3-23 5:0:34,11,-89,34.0449638,-117.1663437,434.10,2.25,WIFI
E4:5E:1B:89:AE:6A,Sidhant Nest,[WPA2_PSK],2025-3-23 5:0:34,11,-90,34.0449638,-117.1663437,434.10,2.25,WIFI
9C:0B:05:6D:D0:64,,[WPA3_PSK],2025-3-23 5:0:34,11,-90,34.0449638,-117.1663437,434.10,2.25,WIFI
9C:0B:05:6D:D0:6A,,[OPEN],2025-3-23 5:0:34,11,-90,34.0449638,-117.1663437,434.10,2.25,WIFI
D0:6D:C9:2E:72:C6,Frontier0166,[WPA2_PSK],2025-3-23 5:0:35,1,-80,34.0450554,-117.1664886,433.40,2.25,WIFI
86:69:1A:31:AE:F1,,[WPA2_PSK],2025-3-23 5:0:35,1,-84,34.0450554,-117.1664886,433.40,2.25,WIFI
80:69:1A:31:AE:F1,LINDA,[WPA2_PSK],2025-3-23 5:0:35,1,-85,34.0450554,-117.1664886,433.40,2.25,WIFI
90:E2:02:9B:A9:8B,SMA3008184435,[WPA2_PSK],2025-3-23 5:0:35,1,-87,34.0450554,-117.1664886,433.40,2.25,WIFI
84:1E:A3:D3:DA:26,SpectrumSetup-20,[WPA2_PSK],2025-3-23 5:0:35,1,-88,34.0450554,-117.1664886,433.40,2.25,WIFI
32:80:88:F1:1F:D9,,[WPA2_PSK],2025-3-23 5:0:41,3,-86,34.0457268,-117.1673431,429.90,2.25,WIFI
C0:6F:98:89:4E:66,Baldwin Manor,[WPA2_PSK],2025-3-23 5:0:44,6,-78,34.0460892,-117.1677322,428.40,2.25,WIFI
48:5D:36:08:B6:BC,FiOS-LFKU5,[WPA2_PSK],2025-3-23 5:0:44,6,-80,34.0460892,-117.1677322,428.40,2.25,WIFI
B0:FC:88:31:E7:7F,SpectrumSetup-79,[WPA2_PSK],2025-3-23 5:0:44,6,-83,34.0460892,-117.1677322,428.40,2.25,WIFI
F8:1A:2B:1D:7E:53,KB Wifi,[WPA2_PSK],2025-3-23 5:0:44,6,-84,34.0460892,-117.1677322,428.40,2.25,WIFI
AC:B3:13:65:65:A0,PEREZ,[WPA2_PSK],2025-3-23 5:0:44,6,-85,34.0460892,-117.1677322,428.40,2.25,WIFI
E4:5E:1B:E1:0D:F7,Rossie Google wifi,[WPA2_PSK],2025-3-23 5:0:44,6,-86,34.0460892,-117.1677322,428.40,2.25,WIFI
0E:5A:25:29:76:48,SpectrumSetup-47,[WPA2_PSK],2025-3-23 5:0:49,11,-74,34.0466652,-117.1682587,426.50,2.25,WIFI
00:C8:96:CD:45:1A,,[WPA_WPA2_PSK],2025-3-23 5:0:49,11,-75,34.0466652,-117.1682587,426.50,2.25,WIFI
E6:5E:1B:89:AE:69,Sidhant Guest,[WPA2_PSK],2025-3-23 5:0:49,11,-82,34.0466652,-117.1682587,426.50,2.25,WIFI
4C:19:5D:58:6F:98,SpectrumSetup-92,[WPA2_PSK],2025-3-23 5:0:49,11,-86,34.0466652,-117.1682587,426.50,2.25,WIFI
54:EF:FE:F6:C1:08,Sleeptracker-C1-08,[OPEN],2025-3-23 5:0:49,11,-87,34.0466652,-117.1682587,426.50,2.25,WIFI
16:36:C9:10:ED:A1,BCFitnessCafe,[WPA2_PSK],2025-3-23 5:0:49,11,-87,34.0466652,-117.1682587,426.50,2.25,WIFI
98:F7:81:E7:DB:D8,Frontier0016,[WPA2_PSK],2025-3-23 5:0:49,11,-90,34.0466652,-117.1682587,426.50,2.25,WIFI
40:2B:50:7E:E8:30,Frontier5648,[WPA2_PSK],2025-3-23 5:0:49,11,-93,34.0466652,-117.1682587,426.50,2.25,WIFI
08:7B:12:4B:FE:CD,Ibarra,[WPA2_PSK],2025-3-23 5:0:51,1,-73,34.0468407,-117.1684036,426.20,2.25,WIFI
FC:12:63:F2:88:76,Verizon_TWS974,[WPA2_PSK],2025-3-23 5:0:51,1,-80,34.0468407,-117.1684036,426.20,2.25,WIFI
84:A0:6E:BE:9B:A6,MySpectrumWiFia0-2G,[WPA2_PSK],2025-3-23 5:0:51,1,-89,34.0468407,-117.1684036,426.20,2.25,WIFI
B0:BB:E5:2B:D1:1E,SpectrumSetup-18,[WPA2_PSK],2025-3-23 5:0:51,1,-89,34.0468407,-117.1684036,426.20,2.25,WIFI
20:23:51:0E:6B:7A,Ivan’s Net,[WPA2_PSK],2025-3-23 5:0:54,2,-87,34.0470276,-117.1685486,425.60,2.25,WIFI
20:23:51:0E:6E:22,Ivan’s Net,[WPA2_PSK],2025-3-23 5:0:54,2,-88,34.0470276,-117.1685486,425.60,2.25,WIFI
FC:3F:A6:F7:36:86,JumboTron,[WPA2_PSK],2025-3-23 5:0:58,6,-71,34.0471687,-117.1686554,425.10,2.25,WIFI
FC:3F:A6:F7:36:89,,[OPEN],2025-3-23 5:0:58,6,-71,34.0471687,-117.1686554,425.10,2.25,WIFI
FC:3F:A6:F7:36:83,,[WPA3_PSK],2025-3-23 5:0:58,6,-72,34.0471687,-117.1686554,425.10,2.25,WIFI
A4:97:33:4F:B3:C5,SpectrumSetup-C7,[WPA2_PSK],2025-3-23 5:0:58,6,-76,34.0471687,-117.1686554,425.10,2.25,WIFI
34:6B:46:5B:C2:32,MySpectrumWiFi2c-2G,[WPA2_PSK],2025-3-23 5:0:58,6,-87,34.0471687,-117.1686554,425.10,2.25,WIFI
00:7F:28:3B:A6:68,RBBK7,[WPA2_PSK],2025-3-23 5:0:58,6,-90,34.0471687,-117.1686554,425.10,2.25,WIFI
58:11:22:70:07:F8,SpectrumSetup-57_2.4G,[WPA2_WPA3_PSK],2025-3-23 5:1:3,11,-85,34.0472069,-117.1686859,424.80,2.00,WIFI
58:11:22:70:07:F0,SpectrumSetup-57_2.4G,[WPA2_WPA3_PSK],2025-3-23 5:1:3,11,-87,34.0472069,-117.1686859,424.80,2.00,WIFI
B0:FC:88:3D:CB:38,SpectrumSetup-32,[WPA2_PSK],2025-3-23 5:1:3,11,-89,34.0472069,-117.1686859,424.80,2.00,WIFI
12:36:C9:10:EA:77,,[WPA2_PSK],2025-3-23 5:1:3,11,-91,34.0472069,-117.1686859,424.80,2.00,WIFI
F0:7B:65:5E:13:97,SpectrumSetup-1391,[WPA2_PSK],2025-3-23 5:1:3,11,-95,34.0472069,-117.1686859,424.80,2.00,WIFI
4C:32:75:C4:C6:0A,Madison's Wi-Fi Network,[WPA2_PSK],2025-3-23 5:1:5,1,-84,34.0472488,-117.1687164,424.80,2.00,WIFI
26:23:51:0E:6E:22,,[WPA2_PSK],2025-3-23 5:1:8,2,-84,34.0474129,-117.1688538,424.30,2.00,WIFI
B2:4A:39:CF:DE:A6,,[OPEN],2025-3-23 5:1:8,2,-89,34.0474129,-117.1688538,424.30,2.00,WIFI
CC:32:E5:EF:A1:D3,SpectrumSetup-20_EXT,[WPA_WPA2_PSK],2025-3-23 5:1:8,2,-90,34.0474129,-117.1688538,424.30,2.00,WIFI
10:0C:6B:35:3A:F6,,[WPA2_PSK],2025-3-23 5:1:9,3,-87,34.0474892,-117.1689148,424.00,2.00,WIFI
1A:0C:6B:35:3A:F6,ORBI74-Guest,[WPA2_PSK],2025-3-23 5:1:9,3,-88,34.0474892,-117.1689148,424.00,2.00,WIFI
C8:D9:D2:4F:45:B4,DIRECT-B3-HP OfficeJet 3830,[WPA2_PSK],2025-3-23 5:1:10,4,-91,34.0475807,-117.1689835,423.70,2.00,WIFI
AE:AE:19:5A:08:57,,[WPA2_PSK],2025-3-23 5:1:10,4,-91,34.0475807,-117.1689835,423.70,2.00,WIFI
94:18:65:E9:1B:C0,Palm Tree,[WPA2_PSK],2025-3-23 5:1:11,5,-80,34.0476761,-117.1690674,423.40,2.00,WIFI
48:5D:36:13:0E:8C,FiOS-FVMHT,[WPA2_PSK],2025-3-23 5:1:12,6,-80,34.0477791,-117.1691513,423.30,2.00,WIFI
F8:5B:3B:35:66:D4,Orleans,[WPA2_PSK],2025-3-23 5:1:12,6,-86,34.0477791,-117.1691513,423.30,2.00,WIFI
D0:6D:C9:37:42:D6,Zoom Room,[WPA2_PSK],2025-3-23 5:1:17,11,-86,34.0483437,-117.1696014,421.90,2.00,WIFI
2C:30:33:B1:F6:A3,NETGEAR87,[WPA2_PSK],2025-3-23 5:1:17,11,-87,34.0483437,-117.1696014,421.90,2.00,WIFI
A4:11:62:36:3F:23,64e0b866608f35aedbe1eba58debb613,[WPA2_PSK],2025-3-23 5:1:17,11,-87,34.0483437,-117.1696014,421.90,2.00,WIFI
00:30:44:78:91:98,,[WPA_WPA2_PSK],2025-3-23 5:1:17,11,-90,34.0483437,-117.1696014,421.90,2.00,WIFI
C8:B4:22:7E:DA:B0,MySpectrumWiFiB2-2G,[WPA2_PSK],2025-3-23 5:1:17,11,-91,34.0483437,-117.1696014,421.90,2.00,WIFI
D2:6D:C9:37:42:D7,,[WPA2_PSK],2025-3-23 5:1:17,11,-91,34.0483437,-117.1696014,421.90,2.00,WIFI
FC:3F:DB:13:3B:DC,DIRECT-D1-HP Officejet 5740,[WPA2_PSK],2025-3-23 5:1:17,11,-96,34.0483437,-117.1696014,421.90,2.00,WIFI
E0:23:FF:6F:98:DB,Wifi_Print,[WPA2_PSK],2025-3-23 5:1:19,1,-67,34.0485764,-117.1697845,421.40,2.00,WIFI
E0:23:FF:6F:98:DD,TheUPSStore-TSK,[WPA2],2025-3-23 5:1:19,1,-67,34.0485764,-117.1697845,421.40,2.00,WIFI
E0:23:FF:6F:98:D8,ICN_BUS,[WPA2],2025-3-23 5:1:19,1,-68,34.0485764,-117.1697845,421.40,2.00,WIFI
E0:23:FF:6F:98:DA,ICN-LBA,[WPA2_PSK],2025-3-23 5:1:19,1,-71,34.0485764,-117.1697845,421.40,2.00,WIFI
B0:FC:88:5C:31:B0,leothecutestcat,[WPA2_PSK],2025-3-23 5:1:19,1,-84,34.0485764,-117.1697845,421.40,2.00,WIFI
A4:AE:9A:07:40:86,GiFi_5680,[WPA_WPA2_PSK],2025-3-23 5:1:19,1,-86,34.0485764,-117.1697845,421.40,2.00,WIFI
62:00:AB:94:B0:A9,OrangeGrovePT-Guest,[WPA2_PSK],2025-3-23 5:1:19,1,-88,34.0485764,-117.1697845,421.40,2.00,WIFI
A4:AE:9A:07:2D:69,GiFi_5731,[WPA_WPA2_PSK],2025-3-23 5:1:19,1,-89,34.0485764,-117.1697845,421.40,2.00,WIFI
2C:67:BE:08:A8:D0,CarlosAndRonni,[WPA2_PSK],2025-3-23 5:1:19,1,-89,34.0485764,-117.1697845,421.40,2.00,WIFI
2C:00:AB:94:B0:A8,OrangeGrovePT,[WPA2_PSK],2025-3-23 5:1:19,1,-90,34.0485764,-117.1697845,421.40,2.00,WIFI
A0:89:66:8D:EA:78,,[WPA_WPA2_PSK],2025-3-23 5:1:19,1,-91,34.0485764,-117.1697845,421.40,2.00,WIFI
5C:E9:31:BB:63:D7,Serendipity,[WPA2_PSK],2025-3-23 5:1:23,3,-84,34.0490303,-117.1701431,419.90,2.00,WIFI
8A:E9:31:BB:63:D9,,[WPA2_PSK],2025-3-23 5:1:23,3,-84,34.0490303,-117.1701431,419.90,2.00,WIFI
00:30:44:7E:9B:6C,,[WPA_WPA2_PSK],2025-3-23 5:1:26,6,-84,34.0493584,-117.1704102,417.90,2.00,WIFI
30:93:BC:7C:F5:F6,MySpectrumWiFif0-2G,[WPA2_PSK],2025-3-23 5:1:26,6,-85,34.0493584,-117.1704102,417.90,2.00,WIFI
A0:89:66:8D:FF:40,,[WPA_WPA2_PSK],2025-3-23 5:1:26,6,-87,34.0493584,-117.1704102,417.90,2.00,WIFI
4C:AB:F8:EB:03:BB,SpectrumSetup-BD,[WPA2_PSK],2025-3-23 5:1:26,6,-89,34.0493584,-117.1704102,417.90,2.00,WIFI
9C:C9:EB:52:00:E8,,[WPA2_PSK],2025-3-23 5:1:26,6,-89,34.0493584,-117.1704102,417.90,2.00,WIFI
F0:7B:65:C2:D0:4A,SpecturmSetup-D044,[WPA2_PSK],2025-3-23 5:1:26,6,-90,34.0493584,-117.1704102,417.90,2.00,WIFI
84:A0:6E:D2:8A:B6,MySpectrumWiFib0-2G,[WPA2_PSK],2025-3-23 5:1:26,6,-95,34.0493584,-117.1704102,417.90,2.00,WIFI
78:D2:94:3D:07:DA,Pretty Fly 4 a WiFi,[WPA2_PSK],2025-3-23 5:1:28,8,-72,34.0495758,-117.1705780,416.90,2.00,WIFI
EE:55:A8:2B:9D:45,PBc2,[WPA2_PSK],2025-3-23 5:1:31,11,-79,34.0498543,-117.1708221,415.70,2.00,WIFI
34:56:FE:A0:E2:25,Pizza Hut Guest Wifi,[OPEN],2025-3-23 5:1:31,11,-80,34.0498543,-117.1708221,415.70,2.00,WIFI
F6:55:A8:2B:9D:45,PBa,[WPA_WPA2_PSK],2025-3-23 5:1:31,11,-80,34.0498543,-117.1708221,415.70,2.00,WIFI
58:9B:4A:B1:4D:93,SpectrumSetup-4D8F,[WPA2_PSK],2025-3-23 5:1:31,11,-89,34.0498543,-117.1708221,415.70,2.00,WIFI
9C:C8:FC:01:B1:A8,Frontier1696,[WPA2_PSK],2025-3-23 5:1:31,11,-90,34.0498543,-117.1708221,415.70,2.00,WIFI
C8:63:FC:5D:A0:96,MySpectrumWiFi95-2G,[WPA2_PSK],2025-3-23 5:1:31,11,-91,34.0498543,-117.1708221,415.70,2.00,WIFI
3C:52:82:1C:1D:2C,DIRECT-2A-HP ENVY 7640 series,[WPA2_PSK],2025-3-23 5:1:31,11,-94,34.0498543,-117.1708221,415.70,2.00,WIFI
DA:13:99:BF:24:32,,[WPA2_PSK],2025-3-23 5:1:34,1,-80,34.0500488,-117.1709976,414.90,2.00,WIFI
74:37:5F:D9:3C:07,SpectrumSetup-05,[WPA2_PSK],2025-3-23 5:1:34,1,-85,34.0500488,-117.1709976,414.90,2.00,WIFI
58:9B:4A:90:A9:04,SpectrumSetup-A900,[WPA2_PSK],2025-3-23 5:1:34,1,-87,34.0500488,-117.1709976,414.90,2.00,WIFI
6A:22:32:6A:DF:A6,Pathway Guest,[OPEN],2025-3-23 5:1:34,1,-92,34.0500488,-117.1709976,414.90,2.00,WIFI
48:D2:4F:FC:84:66,Maracas,[WPA2_PSK],2025-3-23 5:1:40,6,-75,34.0501938,-117.1711197,412.90,2.00,WIFI
C0:3C:04:A8:15:67,SpectrumSetup-61,[WPA2_PSK],2025-3-23 5:1:40,6,-86,34.0501938,-117.1711197,412.90,2.00,WIFI
AC:91:9B:AF:70:2E,Verizon_36LPCS,[WPA2_PSK],2025-3-23 5:1:40,6,-87,34.0501938,-117.1711197,412.90,2.00,WIFI
0E:5A:25:00:25:3D,SpectrumSetup-3C,[WPA2_PSK],2025-3-23 5:1:45,11,-76,34.0502243,-117.1714325,412.00,2.00,WIFI
F4:52:46:21:C6:71,SpectrumSetup-73,[WPA2_PSK],2025-3-23 5:1:45,11,-76,34.0502243,-117.1714325,412.00,2.00,WIFI
A0:7F:8A:53:C8:73,SpectrumSetup-C86D,[WPA2_PSK],2025-3-23 5:1:45,11,-80,34.0502243,-117.1714325,412.00,2.00,WIFI
84:1E:A3:D1:02:06,SpectrumSetup-00,[WPA2_PSK],2025-3-23 5:1:45,11,-89,34.0502243,-117.1714325,412.00,2.00,WIFI
F4:69:42:4F:24:47,SpectrumSetup-49,[WPA2_PSK],2025-3-23 5:1:48,1,-82,34.0500526,-117.1717300,411.90,2.00,WIFI
78:D2:94:4D:9C:B0,NETGEAR63,[WPA2_PSK],2025-3-23 5:1:51,3,-78,34.0498238,-117.1721115,412.60,2.00,WIFI
CA:2C:4F:BB:C7:49,HiSmart-01-ca2c4fbbc749,[OPEN],2025-3-23 5:1:51,3,-83,34.0498238,-117.1721115,412.60,2.00,WIFI
30:57:8E:CD:A7:C1,,[WPA3_PSK],2025-3-23 5:1:54,6,-73,34.0495834,-117.1725540,413.20,2.00,WIFI
9C:A5:70:53:E7:E5,netgear54,[WPA2_PSK],2025-3-23 5:1:54,6,-74,34.0495834,-117.1725540,413.20,2.00,WIFI
30:57:8E:CD:A7:C5,,[OPEN],2025-3-23 5:1:54,6,-74,34.0495834,-117.1725540,413.20,2.00,WIFI
9C:A5:70:53:E7:E7,,[OPEN],2025-3-23 5:1:54,6,-75,34.0495834,-117.1725540,413.20,2.00,WIFI
30:57:8E:CD:A7:C3,netgear54,[WPA2_PSK],2025-3-23 5:1:54,6,-75,34.0495834,-117.1725540,413.20,2.00,WIFI
F8:5B:3B:3D:01:61,EMM,[WPA2_PSK],2025-3-23 5:1:54,6,-82,34.0495834,-117.1725540,413.20,2.00,WIFI
AC:91:9B:C0:1A:DE,Verizon_YMS4PG,[WPA2_PSK],2025-3-23 5:1:54,6,-83,34.0495834,-117.1725540,413.20,2.00,WIFI
74:37:5F:C9:87:93,Alpha7,[WPA2_PSK],2025-3-23 5:1:54,6,-83,34.0495834,-117.1725540,413.20,2.00,WIFI
FC:B2:D6:1A:C0:FE,,[WPA_WPA2_PSK],2025-3-23 5:1:54,6,-83,34.0495834,-117.1725540,413.20,2.00,WIFI
B0:FC:88:52:F4:C3,Theinternet,[WPA2_PSK],2025-3-23 5:1:54,6,-86,34.0495834,-117.1725540,413.20,2.00,WIFI
3C:64:CF:2F:D7:B8,SpecturmSetup-D044_EXT,[WPA2_PSK],2025-3-23 5:1:54,6,-88,34.0495834,-117.1725540,413.20,2.00,WIFI
00:04:E2:F8:2E:6E,SMC,[OPEN],2025-3-23 5:1:57,8,-77,34.0493240,-117.1730194,413.60,2.00,WIFI
54:07:7D:B7:9B:A1,Duncan,[WPA2_PSK],2025-3-23 5:1:57,8,-82,34.0493240,-117.1730194,413.60,2.00,WIFI
7C:10:C9:E8:CB:A8,Karen,[WPA2_PSK],2025-3-23 5:1:58,9,-71,34.0492363,-117.1731796,413.90,2.00,WIFI
A0:04:60:E2:D0:34,NTGR_VMB_1581637067,[WPA2_PSK],2025-3-23 5:1:59,10,-84,34.0491447,-117.1733475,414.10,2.00,WIFI
74:37:5F:DA:48:0B,SlavaUkrayini!,[WPA2_PSK],2025-3-23 5:2:0,11,-58,34.0490570,-117.1735077,414.30,2.00,WIFI
40:3D:EC:9A:76:20,7ELEVEN,[WPA2_PSK],2025-3-23 5:2:0,11,-70,34.0490570,-117.1735077,414.30,2.00,WIFI
FC:12:63:A2:84:7D,SpectrumSetup-7F,[WPA2_PSK],2025-3-23 5:2:0,11,-71,34.0490570,-117.1735077,414.30,2.00,WIFI
F0:7B:65:48:56:5F,Domination,[WPA2_PSK],2025-3-23 5:2:0,11,-73,34.0490570,-117.1735077,414.30,2.00,WIFI
A4:97:33:A8:1E:FB,TannerTheViking,[WPA2_PSK],2025-3-23 5:2:0,11,-74,34.0490570,-117.1735077,414.30,2.00,WIFI
A0:7F:8A:1E:68:F1,SpectrumSetup-68EB,[WPA2_PSK],2025-3-23 5:2:0,11,-78,34.0490570,-117.1735077,414.30,2.00,WIFI
50:65:F3:FE:AA:A2,HP-Print-A2-ENVY 4500 series,[WPA2_PSK],2025-3-23 5:2:0,11,-83,34.0490570,-117.1735077,414.30,2.00,WIFI
1C:B0:44:B0:E1:65,MySpectrumWiFi67-2G,[WPA2_PSK],2025-3-23 5:2:0,11,-86,34.0490570,-117.1735077,414.30,2.00,WIFI
20:9A:7D:17:4D:C6,SpectrumSetup-C0,[WPA2_PSK],2025-3-23 5:2:3,1,-67,34.0487862,-117.1739807,414.90,2.00,WIFI
F8:5B:3B:7E:3E:FD,SpectrumSetup-FF,[WPA2_PSK],2025-3-23 5:2:3,1,-72,34.0487862,-117.1739807,414.90,2.00,WIFI
F4:69:42:02:B9:CC,SpectrumSetup-CE,[WPA2_PSK],2025-3-23 5:2:3,1,-76,34.0487862,-117.1739807,414.90,2.00,WIFI
94:18:65:02:60:43,NETGEAR97,[WPA2_PSK],2025-3-23 5:2:3,1,-77,34.0487862,-117.1739807,414.90,2.00,WIFI
20:9A:7D:16:8A:A6,SpectrumSetup-A0,[WPA2_PSK],2025-3-23 5:2:3,1,-80,34.0487862,-117.1739807,414.90,2.00,WIFI
8C:85:80:31:A4:E4,,[WPA_WPA2_PSK],2025-3-23 5:2:7,4,-73,34.0484390,-117.1746216,415.50,2.00,WIFI
98:1E:19:21:FE:CE,MySpectrumWiFic8-2G,[WPA2_PSK],2025-3-23 5:2:7,4,-84,34.0484390,-117.1746216,415.50,2.00,WIFI
00:C8:96:CC:F0:3A,,[WPA_WPA2_PSK],2025-3-23 5:2:8,5,-76,34.0483551,-117.1747742,415.70,2.00,WIFI
F4:69:42:B2:B5:C1,SpectrumSetup-C3,[WPA2_PSK],2025-3-23 5:2:9,6,-70,34.0482712,-117.1749268,415.80,2.00,WIFI
E0:3F:49:97:DC:48,ASUS,[WPA2_PSK],2025-3-23 5:2:9,6,-72,34.0482712,-117.1749268,415.80,2.00,WIFI
CC:40:D0:19:43:06,ARLO_VMB_1669226150,[WPA2_PSK],2025-3-23 5:2:9,6,-77,34.0482712,-117.1749268,415.80,2.00,WIFI
B8:2C:A0:64:B1:BE,HVP_b82ca064b1bc,[WPA2],2025-3-23 5:2:9,6,-80,34.0482712,-117.1749268,415.80,2.00,WIFI
00:19:9D:FF:BB:0F,Living Room,[OPEN],2025-3-23 5:2:9,6,-81,34.0482712,-117.1749268,415.80,2.00,WIFI
D2:9E:43:D7:48:55,AIPS Guest,[WPA2_PSK],2025-3-23 5:2:12,9,-76,34.0480194,-117.1753922,416.00,2.00,WIFI
C8:9E:43:D7:48:55,,[WPA2_PSK],2025-3-23 5:2:12,9,-77,34.0480194,-117.1753922,416.00,2.00,WIFI
CE:9E:43:D7:48:55,AIPS,[WPA2_PSK],2025-3-23 5:2:12,9,-80,34.0480194,-117.1753922,416.00,2.00,WIFI
CA:42:A1:E2:0E:E7,,[WPA2_PSK],2025-3-23 5:2:13,10,-88,34.0479355,-117.1755524,416.00,2.00,WIFI
4C:19:5D:14:3D:F3,RedlandsPD,[WPA2_PSK],2025-3-23 5:2:14,11,-67,34.0478516,-117.1756973,415.80,2.00,WIFI
F0:B6:61:BA:E3:2A,,[OPEN],2025-3-23 5:2:14,11,-68,34.0478516,-117.1756973,415.80,2.00,WIFI
F0:B6:61:BA:E3:24,,[WPA3_PSK],2025-3-23 5:2:14,11,-69,34.0478516,-117.1756973,415.80,2.00,WIFI
F0:B6:61:BA:E3:27,DSM Home,[WPA2_PSK],2025-3-23 5:2:14,11,-70,34.0478516,-117.1756973,415.80,2.00,WIFI
FE:5A:25:29:7B:5C,,[WPA2_PSK],2025-3-23 5:2:14,11,-77,34.0478516,-117.1756973,415.80,2.00,WIFI
1E:5A:25:29:7B:5C,,[WPA2_PSK],2025-3-23 5:2:14,11,-78,34.0478516,-117.1756973,415.80,2.00,WIFI
84:70:D7:DC:20:04,,[WPA3_PSK],2025-3-23 5:2:14,11,-79,34.0478516,-117.1756973,415.80,2.00,WIFI
84:70:D7:DC:20:0A,,[OPEN],2025-3-23 5:2:14,11,-80,34.0478516,-117.1756973,415.80,2.00,WIFI
F0:B6:61:AD:E4:A4,,[WPA3_PSK],2025-3-23 5:2:14,11,-80,34.0478516,-117.1756973,415.80,2.00,WIFI
F0:B6:61:AD:E4:AA,,[OPEN],2025-3-23 5:2:14,11,-80,34.0478516,-117.1756973,415.80,2.00,WIFI
F0:B6:61:AD:E4:A7,DSM Home,[WPA2_PSK],2025-3-23 5:2:14,11,-80,34.0478516,-117.1756973,415.80,2.00,WIFI
0E:5A:25:29:7B:5C,X-Wing Docking Bay,[WPA2_PSK],2025-3-23 5:2:14,11,-82,34.0478516,-117.1756973,415.80,2.00,WIFI
14:7D:05:4F:21:73,codedtale,[WPA2_PSK],2025-3-23 5:2:14,11,-86,34.0478516,-117.1756973,415.80,2.00,WIFI
1E:FC:88:53:31:A1,,[WPA2_PSK],2025-3-23 5:2:14,11,-87,34.0478516,-117.1756973,415.80,2.00,WIFI
58:9B:4A:AB:8A:02,505,[WPA2_PSK],2025-3-23 5:2:14,11,-88,34.0478516,-117.1756973,415.80,2.00,WIFI
1E:FC:88:53:31:A0,,[WPA2_PSK],2025-3-23 5:2:14,11,-88,34.0478516,-117.1756973,415.80,2.00,WIFI
34:5D:9E:C3:3C:B6,RPS Wireless,[WPA2_PSK],2025-3-23 5:2:14,11,-89,34.0478516,-117.1756973,415.80,2.00,WIFI
E4:38:83:44:FA:3C,RL-Office,[WPA2_PSK],2025-3-23 5:2:18,1,-69,34.0475922,-117.1761627,415.20,2.00,WIFI
D0:6D:C9:22:61:46,Frontier0288,[WPA2_PSK],2025-3-23 5:2:18,1,-70,34.0475922,-117.1761627,415.20,2.00,WIFI
62:01:94:91:20:76,LEDnet912076,[OPEN],2025-3-23 5:2:18,1,-78,34.0475922,-117.1761627,415.20,2.00,WIFI
62:01:94:95:4A:D6,LEDnet954AD6,[OPEN],2025-3-23 5:2:18,1,-79,34.0475922,-117.1761627,415.20,2.00,WIFI
FC:12:63:A2:43:05,SpectrumSetup-07,[WPA2_PSK],2025-3-23 5:2:18,1,-79,34.0475922,-117.1761627,415.20,2.00,WIFI
6E:0B:5E:AD:3F:B4,DIRECT-B4-HP 3101fdw LaserJet,[WPA2_PSK],2025-3-23 5:2:18,1,-81,34.0475922,-117.1761627,415.20,2.00,WIFI
86:69:1A:95:9D:F5,,[WPA2_WPA3_PSK],2025-3-23 5:2:18,1,-84,34.0475922,-117.1761627,415.20,2.00,WIFI
80:69:1A:95:9D:F5,))),[WPA2_WPA3_PSK],2025-3-23 5:2:18,1,-85,34.0475922,-117.1761627,415.20,2.00,WIFI
4C:AB:F8:54:10:95,SpectrumSetup-97,[WPA2_PSK],2025-3-23 5:2:18,1,-86,34.0475922,-117.1761627,415.20,2.00,WIFI
98:F7:81:DA:0E:C0,Frontier5552,[WPA2_PSK],2025-3-23 5:2:18,1,-87,34.0475922,-117.1761627,415.20,2.00,WIFI
14:59:C0:9C:D2:52,NETGEAR76,[WPA2_PSK],2025-3-23 5:2:18,1,-89,34.0475922,-117.1761627,415.20,2.00,WIFI
D4:A9:28:06:99:A2,FiOS-6H9XQ,[WPA2_PSK],2025-3-23 5:2:18,1,-90,34.0475922,-117.1761627,415.20,2.00,WIFI
10:2C:B1:7B:96:86,,[WPA_WPA2_PSK],2025-3-23 5:2:21,3,-88,34.0475006,-117.1763229,415.20,2.00,WIFI
80:69:1A:97:35:95,))),[WPA2_WPA3_PSK],2025-3-23 5:2:23,5,-77,34.0474892,-117.1763458,415.30,2.00,WIFI
A2:BF:B8:5F:E8:81,This is the wifi network-2.4,[WPA2_PSK],2025-3-23 5:2:23,5,-81,34.0474892,-117.1763458,415.30,2.00,WIFI
C8:7F:54:D4:3A:70,This is the wifi network-2.4,[WPA2_PSK],2025-3-23 5:2:23,5,-82,34.0474892,-117.1763458,415.30,2.00,WIFI
C8:B4:22:6D:56:C6,Nothing187,[WPA2_PSK],2025-3-23 5:2:24,6,-62,34.0474892,-117.1763458,415.30,2.00,WIFI
F0:81:75:D2:23:B6,MojoDojo Casa House,[WPA2_PSK],2025-3-23 5:2:24,6,-66,34.0474892,-117.1763458,415.30,2.00,WIFI
AC:B6:87:39:36:F5,Verizon_FBQJV3,[WPA2_PSK],2025-3-23 5:2:24,6,-67,34.0474892,-117.1763458,415.30,2.00,WIFI
F0:81:75:F7:69:D6,SpectrumSetup-D0,[WPA2_PSK],2025-3-23 5:2:24,6,-84,34.0474892,-117.1763458,415.30,2.00,WIFI
4C:22:F3:BB:C1:D3,ASHFAM1981,[WPA2_PSK],2025-3-23 5:2:24,6,-84,34.0474892,-117.1763458,415.30,2.00,WIFI
78:8C:B5:A1:36:23,TP-Link_3624,[WPA2_PSK],2025-3-23 5:2:27,9,-78,34.0474091,-117.1764832,415.40,2.00,WIFI
9A:8C:B5:A1:36:23,,[WPA2_PSK],2025-3-23 5:2:27,9,-80,34.0474091,-117.1764832,415.40,2.00,WIFI
C8:9E:43:D5:A0:3A,AIPS,[WPA2_PSK],2025-3-23 5:2:27,9,-85,34.0474091,-117.1764832,415.40,2.00,WIFI
38:94:ED:5C:9F:E3,BodiNalu,[WPA2_PSK],2025-3-23 5:2:27,9,-94,34.0474091,-117.1764832,415.40,2.00,WIFI
74:37:5F:49:3B:CB,MrZeroHI,[WPA2_PSK],2025-3-23 5:2:29,11,-68,34.0473213,-117.1766510,415.10,2.00,WIFI
B0:FC:88:52:F0:EE,kaits wifi,[WPA2_PSK],2025-3-23 5:2:29,11,-71,34.0473213,-117.1766510,415.10,2.00,WIFI
60:F4:19:02:CF:83,,[WPA3_PSK],2025-3-23 5:2:29,11,-74,34.0473213,-117.1766510,415.10,2.00,WIFI
02:9B:CD:06:CD:15,tle64a92-EXT,[WPA2_PSK],2025-3-23 5:2:29,11,-74,34.0473213,-117.1766510,415.10,2.00,WIFI
60:F4:19:02:CF:86,lesbosisland,[WPA2_PSK],2025-3-23 5:2:29,11,-75,34.0473213,-117.1766510,415.10,2.00,WIFI
84:70:D7:DC:20:07,DSM Home,[WPA2_PSK],2025-3-23 5:2:29,11,-80,34.0473213,-117.1766510,415.10,2.00,WIFI
A0:7F:8A:28:46:A6,CasperWiFi,[WPA2_PSK],2025-3-23 5:2:29,11,-80,34.0473213,-117.1766510,415.10,2.00,WIFI
4C:19:5D:04:40:F4,SpectrumSetup-EE,[WPA2_PSK],2025-3-23 5:2:29,11,-82,34.0473213,-117.1766510,415.10,2.00,WIFI
A0:8E:78:1E:BF:0E,MySpectrumWiFi08-2G,[WPA2_PSK],2025-3-23 5:2:29,11,-88,34.0473213,-117.1766510,415.10,2.00,WIFI
F8:AA:3F:EC:8D:D3,SpectrumSetup-D1,[WPA2_PSK],2025-3-23 5:2:30,1,-64,34.0472603,-117.1767578,415.00,2.00,WIFI
2C:30:33:C6:E9:7B,NETGEAR05,[WPA2_PSK],2025-3-23 5:2:30,1,-80,34.0472603,-117.1767578,415.00,2.00,WIFI
48:A2:E6:D1:72:92,NewThermostat_D17292,[OPEN],2025-3-23 5:2:30,1,-83,34.0472603,-117.1767578,415.00,2.00,WIFI
2A:F5:A2:7C:60:A3,_VelopSetupD80-guest,[WPA2_PSK],2025-3-23 5:2:30,1,-84,34.0472603,-117.1767578,415.00,2.00,WIFI
86:69:1A:97:39:7F,,[WPA2_WPA3_PSK],2025-3-23 5:2:30,1,-87,34.0472603,-117.1767578,415.00,2.00,WIFI
C4:41:1E:4B:6D:38,Linksys08428,[WPA2_PSK],2025-3-23 5:2:30,1,-89,34.0472603,-117.1767578,415.00,2.00,WIFI
2C:EA:DC:B0:EA:A1,SpectrumSetup-A3,[WPA2_PSK],2025-3-23 5:2:30,1,-90,34.0472603,-117.1767578,415.00,2.00,WIFI
2C:67:BE:12:AC:8B,Look Ma_ No Wires,[WPA2_PSK],2025-3-23 5:2:38,6,-69,34.0466309,-117.1779022,413.60,2.00,WIFI
58:CB:52:AA:BE:9C,Slow Wi-Fi,[WPA2_PSK],2025-3-23 5:2:38,6,-72,34.0466309,-117.1779022,413.60,2.00,WIFI
A4:97:33:5F:AC:25,SpectrumSetup-27,[WPA2_PSK],2025-3-23 5:2:38,6,-83,34.0466309,-117.1779022,413.60,2.00,WIFI
FC:12:63:D7:59:86,Kirsch4Ever,[WPA2_PSK],2025-3-23 5:2:38,6,-85,34.0466309,-117.1779022,413.60,2.00,WIFI
FC:12:63:36:10:14,Verizon_R6WY6T,[WPA2_PSK],2025-3-23 5:2:38,6,-85,34.0466309,-117.1779022,413.60,2.00,WIFI
F8:AA:3F:EB:22:EB,SpectrumSetup-E9,[WPA2_PSK],2025-3-23 5:2:38,6,-86,34.0466309,-117.1779022,413.60,2.00,WIFI
7C:DB:98:A1:20:BD,MySpectrumWiFiBF-2G,[WPA2_PSK],2025-3-23 5:2:40,8,-84,34.0464592,-117.1782227,413.20,2.00,WIFI
B0:95:75:C0:E5:F2,pointydogs,[WPA_WPA2_PSK],2025-3-23 5:2:41,9,-74,34.0463676,-117.1783829,413.00,2.00,WIFI
B0:95:75:C0:E9:9E,pointydogs,[WPA_WPA2_PSK],2025-3-23 5:2:41,9,-77,34.0463676,-117.1783829,413.00,2.00,WIFI
B6:95:75:C0:E5:F2,,[WPA2_PSK],2025-3-23 5:2:41,9,-78,34.0463676,-117.1783829,413.00,2.00,WIFI
B6:95:75:C0:E9:9E,,[WPA2_PSK],2025-3-23 5:2:41,9,-80,34.0463676,-117.1783829,413.00,2.00,WIFI
62:7C:61:19:25:F1,alvarado,[WPA2_PSK],2025-3-23 5:2:41,9,-91,34.0463676,-117.1783829,413.00,2.00,WIFI
10:0C:6B:F5:1D:59,BookshelfCompanion,[WPA2_PSK],2025-3-23 5:2:42,10,-86,34.0462799,-117.1785431,412.90,2.00,WIFI
88:6A:E3:E4:31:B9,tle431b9,[WPA2_PSK],2025-3-23 5:2:43,11,-80,34.0461922,-117.1787033,412.80,2.00,WIFI
28:C6:8E:CF:14:4A,ngHub_319436NB04BDD,[WPA2_PSK],2025-3-23 5:2:43,11,-87,34.0461922,-117.1787033,412.80,2.00,WIFI
D0:21:F9:4D:F3:8D,PGD4J,[WPA2_PSK],2025-3-23 5:2:45,1,-69,34.0460091,-117.1790390,412.50,2.00,WIFI
D2:21:F9:1D:F3:8D,,[WPA2_PSK],2025-3-23 5:2:45,1,-69,34.0460091,-117.1790390,412.50,2.00,WIFI
D2:21:F9:2D:F3:8D,base-iot,[WPA2_PSK],2025-3-23 5:2:45,1,-70,34.0460091,-117.1790390,412.50,2.00,WIFI
48:5D:36:3D:78:BA,FiOS-OOZFX,[WPA2_PSK],2025-3-23 5:2:45,1,-86,34.0460091,-117.1790390,412.50,2.00,WIFI
10:2C:B1:1C:43:FE,,[WPA_WPA2_PSK],2025-3-23 5:2:50,4,-79,34.0455627,-117.1798401,411.60,2.00,WIFI
B4:B9:E6:49:56:44,,[WPA3_PSK],2025-3-23 5:2:52,6,-82,34.0453911,-117.1801529,411.40,2.00,WIFI
B4:B9:E6:49:56:48,,[OPEN],2025-3-23 5:2:52,6,-82,34.0453911,-117.1801529,411.40,2.00,WIFI
30:FD:38:E8:F5:C1,LIST3,[WPA2_PSK],2025-3-23 5:2:52,6,-83,34.0453911,-117.1801529,411.40,2.00,WIFI
1A:47:3D:20:BF:93,DIRECT-93-HP M118 LaserJet,[WPA2_PSK],2025-3-23 5:2:52,6,-88,34.0453911,-117.1801529,411.40,2.00,WIFI
AA:10:C9:A8:8C:91,alvarado mesh,[WPA2_PSK],2025-3-23 5:2:53,7,-76,34.0453033,-117.1803131,411.30,2.00,WIFI
FC:34:97:51:36:21,alvarado mesh,[WPA2_PSK],2025-3-23 5:2:53,7,-83,34.0453033,-117.1803131,411.30,2.00,WIFI
7C:10:C9:A8:7B:30,alvarado mesh,[WPA2_PSK],2025-3-23 5:2:53,7,-88,34.0453033,-117.1803131,411.30,2.00,WIFI
C8:7F:54:46:02:E0,alvarado,[WPA2_PSK],2025-3-23 5:2:55,9,-72,34.0451241,-117.1806335,411.10,2.00,WIFI
62:7F:54:46:09:F1,alvarado,[WPA2_PSK],2025-3-23 5:2:55,9,-74,34.0451241,-117.1806335,411.10,2.00,WIFI
82:36:BC:38:ED:41,alvarado,[WPA2_PSK],2025-3-23 5:2:55,9,-86,34.0451241,-117.1806335,411.10,2.00,WIFI
44:A5:6E:78:75:08,OLDBUZZARD1,[WPA2_PSK],2025-3-23 5:2:56,10,-90,34.0450325,-117.1807938,411.10,2.00,WIFI
E8:48:B8:21:0E:89,SkillinWailes,[WPA2_PSK],2025-3-23 5:2:56,10,-91,34.0450325,-117.1807938,411.10,2.00,WIFI
0C:EA:C9:7E:D7:28,Frontier3600,[WPA2_PSK],2025-3-23 5:2:57,11,-87,34.0449409,-117.1809616,411.00,2.00,WIFI
74:FE:CE:7D:08:36,SpectrumSetup-98_EXT,[WPA2_PSK],2025-3-23 5:2:57,11,-91,34.0449409,-117.1809616,411.00,2.00,WIFI
00:C8:96:D1:51:82,,[WPA_WPA2_PSK],2025-3-23 5:2:57,11,-93,34.0449409,-117.1809616,411.00,2.00,WIFI
80:DA:13:99:23:89,,[OPEN],2025-3-23 5:2:59,1,-68,34.0447693,-117.1812744,411.10,2.00,WIFI
80:DA:13:99:23:83,,[WPA3_PSK],2025-3-23 5:2:59,1,-69,34.0447693,-117.1812744,411.10,2.00,WIFI
80:DA:13:99:23:86,Maddie Network,[WPA2_PSK],2025-3-23 5:2:59,1,-69,34.0447693,-117.1812744,411.10,2.00,WIFI
80:DA:13:99:23:8F,Maddie Network Guest,[WPA2_PSK],2025-3-23 5:2:59,1,-69,34.0447693,-117.1812744,411.10,2.00,WIFI
D4:05:98:D6:45:C0,TG1672GC2,[WPA2_PSK],2025-3-23 5:2:59,1,-78,34.0447693,-117.1812744,411.10,2.00,WIFI
C4:F1:74:FD:78:05,,[OPEN],2025-3-23 5:2:59,1,-78,34.0447693,-117.1812744,411.10,2.00,WIFI
C0:3C:04:A9:11:B8,SpectrumSetup-B2,[WPA2_PSK],2025-3-23 5:2:59,1,-79,34.0447693,-117.1812744,411.10,2.00,WIFI
74:37:5F:8F:26:5F,SpectrumSetup-5D,[WPA2_PSK],2025-3-23 5:2:59,1,-79,34.0447693,-117.1812744,411.10,2.00,WIFI
C4:F1:74:FD:78:01,,[WPA3_PSK],2025-3-23 5:2:59,1,-79,34.0447693,-117.1812744,411.10,2.00,WIFI
C4:F1:74:FD:78:03,Maddie Network,[WPA2_PSK],2025-3-23 5:2:59,1,-79,34.0447693,-117.1812744,411.10,2.00,WIFI
C4:F1:74:FD:78:09,Maddie Network Guest,[WPA2_PSK],2025-3-23 5:2:59,1,-79,34.0447693,-117.1812744,411.10,2.00,WIFI
C0:6F:98:F9:89:63,,[WPA3_PSK],2025-3-23 5:2:59,1,-81,34.0447693,-117.1812744,411.10,2.00,WIFI
C0:6F:98:F9:89:69,,[OPEN],2025-3-23 5:2:59,1,-82,34.0447693,-117.1812744,411.10,2.00,WIFI
30:57:8E:DC:4E:B1,,[WPA3_PSK],2025-3-23 5:2:59,1,-86,34.0447693,-117.1812744,411.10,2.00,WIFI
30:57:8E:DC:4E:B9,Maddie Network Guest,[WPA2_PSK],2025-3-23 5:2:59,1,-86,34.0447693,-117.1812744,411.10,2.00,WIFI
30:57:8E:DC:4E:B5,,[OPEN],2025-3-23 5:2:59,1,-87,34.0447693,-117.1812744,411.10,2.00,WIFI
4C:19:5D:31:0C:9B,SpectrumSetup-95,[WPA2_PSK],2025-3-23 5:2:59,1,-90,34.0447693,-117.1812744,411.10,2.00,WIFI
C0:3C:04:A7:BB:82,SpectrumSetup-7C,[WPA2_PSK],2025-3-23 5:2:59,1,-93,34.0447693,-117.1812744,411.10,2.00,WIFI
F8:AA:3F:ED:13:1B,VillageHiddenInTheWifi,[WPA2_PSK],2025-3-23 5:2:59,1,-94,34.0447693,-117.1812744,411.10,2.00,WIFI
34:86:5D:55:27:AD,ModernFormsFan_5527AC,[WPA2_PSK],2025-3-23 5:3:4,3,-90,34.0443535,-117.1820145,411.20,2.00,WIFI
FC:B2:D6:70:D7:42,,[WPA_WPA2_PSK],2025-3-23 5:3:5,4,-68,34.0442772,-117.1821594,411.10,2.00,WIFI
88:DC:96:26:FE:08,101,[OPEN],2025-3-23 5:3:6,5,-89,34.0442009,-117.1822968,411.00,2.00,WIFI
7C:B9:4C:FD:88:D9,LEDnet0035FD88D9,[OPEN],2025-3-23 5:3:6,5,-92,34.0442009,-117.1822968,411.00,2.00,WIFI
E0:88:5D:58:91:9D,Murguia,[WPA2_PSK],2025-3-23 5:3:7,6,-61,34.0441284,-117.1824265,410.90,2.00,WIFI
D0:16:7C:2C:B3:A4,Jammfactory,[WPA2_PSK],2025-3-23 5:3:7,6,-63,34.0441284,-117.1824265,410.90,2.00,WIFI
D0:16:7C:2C:B3:A2,,[WPA3_PSK],2025-3-23 5:3:7,6,-65,34.0441284,-117.1824265,410.90,2.00,WIFI
D0:16:7C:2C:B3:A6,,[OPEN],2025-3-23 5:3:7,6,-65,34.0441284,-117.1824265,410.90,2.00,WIFI
D0:16:7C:2C:DE:32,,[WPA3_PSK],2025-3-23 5:3:7,6,-74,34.0441284,-117.1824265,410.90,2.00,WIFI
D0:16:7C:2C:DE:36,,[OPEN],2025-3-23 5:3:7,6,-75,34.0441284,-117.1824265,410.90,2.00,WIFI
D0:16:7C:2C:DE:34,Jammfactory,[WPA2_PSK],2025-3-23 5:3:7,6,-76,34.0441284,-117.1824265,410.90,2.00,WIFI
C0:6F:98:9C:AF:43,,[WPA3_PSK],2025-3-23 5:3:7,6,-77,34.0441284,-117.1824265,410.90,2.00,WIFI
AC:EC:85:15:20:44,,[WPA3_PSK],2025-3-23 5:3:7,6,-77,34.0441284,-117.1824265,410.90,2.00,WIFI
AC:EC:85:15:20:46,Jammfactory,[WPA2_PSK],2025-3-23 5:3:7,6,-78,34.0441284,-117.1824265,410.90,2.00,WIFI
C0:6F:98:9C:AF:49,,[OPEN],2025-3-23 5:3:7,6,-78,34.0441284,-117.1824265,410.90,2.00,WIFI
C0:6F:98:9C:AF:46,tgmFIOS,[WPA2_PSK],2025-3-23 5:3:7,6,-78,34.0441284,-117.1824265,410.90,2.00,WIFI
C0:6F:98:9C:AF:4F,tgmFIOS Guest,[WPA2_PSK],2025-3-23 5:3:7,6,-78,34.0441284,-117.1824265,410.90,2.00,WIFI
AC:EC:85:15:20:48,,[OPEN],2025-3-23 5:3:7,6,-78,34.0441284,-117.1824265,410.90,2.00,WIFI
78:D6:D6:59:5D:45,tgmFIOS,[WPA2_PSK],2025-3-23 5:3:7,6,-82,34.0441284,-117.1824265,410.90,2.00,WIFI
78:D6:D6:59:5D:4B,tgmFIOS Guest,[WPA2_PSK],2025-3-23 5:3:7,6,-82,34.0441284,-117.1824265,410.90,2.00,WIFI
78:D6:D6:59:5D:47,,[OPEN],2025-3-23 5:3:7,6,-83,34.0441284,-117.1824265,410.90,2.00,WIFI
34:53:D2:F2:0C:10,SpectrumSetup-0A,[WPA2_PSK],2025-3-23 5:3:7,6,-90,34.0441284,-117.1824265,410.90,2.00,WIFI
3A:22:E2:A4:C6:E6,DIRECT-E6-HP ENVY Photo 7100,[WPA2_PSK],2025-3-23 5:3:7,6,-94,34.0441284,-117.1824265,410.90,2.00,WIFI
F2:72:EA:18:F6:F1,Guest,[WPA2_PSK],2025-3-23 5:3:7,6,-94,34.0441284,-117.1824265,410.90,2.00,WIFI
78:29:ED:E1:7A:BD,MySpectrumWiFiBF-2G,[WPA2_PSK],2025-3-23 5:3:7,6,-95,34.0441284,-117.1824265,410.90,2.00,WIFI
8E:CC:9C:11:60:43,ORBI31-IoT,[WPA2_PSK],2025-3-23 5:3:12,9,-82,34.0437622,-117.1830902,410.70,2.00,WIFI
8E:CC:9C:13:7F:81,ORBI31-IoT,[WPA2_PSK],2025-3-23 5:3:12,9,-86,34.0437622,-117.1830902,410.70,2.00,WIFI
86:CC:9C:11:60:43,Tropos_AirLiberator11T,[WPA2_PSK],2025-3-23 5:3:12,9,-86,34.0437622,-117.1830902,410.70,2.00,WIFI
86:CC:9C:11:5A:B3,Tropos_AirLiberator11T,[WPA2_PSK],2025-3-23 5:3:12,9,-90,34.0437622,-117.1830902,410.70,2.00,WIFI
8E:CC:9C:11:5A:B3,ORBI31-IoT,[WPA2_PSK],2025-3-23 5:3:12,9,-93,34.0437622,-117.1830902,410.70,2.00,WIFI
52:D4:F7:C1:EF:13,Terrasen_Guest,[WPA2_PSK],2025-3-23 5:3:13,10,-92,34.0436974,-117.1832047,410.70,2.00,WIFI
62:D4:F7:C1:EF:13,,[WPA2_PSK],2025-3-23 5:3:13,10,-93,34.0436974,-117.1832047,410.70,2.00,WIFI
9C:0B:05:DB:8E:44,,[WPA3_PSK],2025-3-23 5:3:14,11,-63,34.0436363,-117.1833191,410.60,2.00,WIFI
9C:0B:05:DB:8E:4A,,[OPEN],2025-3-23 5:3:14,11,-63,34.0436363,-117.1833191,410.60,2.00,WIFI
9C:0B:05:DB:8E:47,bo,[WPA2_PSK],2025-3-23 5:3:14,11,-68,34.0436363,-117.1833191,410.60,2.00,WIFI
B4:20:46:5F:CA:E6,CypressChristian,[WPA2_PSK],2025-3-23 5:3:14,11,-73,34.0436363,-117.1833191,410.60,2.00,WIFI
9C:0B:05:C1:D0:67,bo,[WPA2_PSK],2025-3-23 5:3:14,11,-74,34.0436363,-117.1833191,410.60,2.00,WIFI
B4:20:46:5F:CA:E4,,[WPA3_PSK],2025-3-23 5:3:14,11,-77,34.0436363,-117.1833191,410.60,2.00,WIFI
F0:B6:61:AE:52:C7,CypressChristian,[WPA2_PSK],2025-3-23 5:3:14,11,-78,34.0436363,-117.1833191,410.60,2.00,WIFI
9C:0B:05:C1:D0:6A,,[OPEN],2025-3-23 5:3:14,11,-78,34.0436363,-117.1833191,410.60,2.00,WIFI
F0:B6:61:AE:52:C4,,[WPA3_PSK],2025-3-23 5:3:14,11,-79,34.0436363,-117.1833191,410.60,2.00,WIFI
B4:20:46:5F:CA:E8,,[OPEN],2025-3-23 5:3:14,11,-79,34.0436363,-117.1833191,410.60,2.00,WIFI
9C:0B:05:C1:D0:64,,[WPA3_PSK],2025-3-23 5:3:14,11,-79,34.0436363,-117.1833191,410.60,2.00,WIFI
F0:B6:61:AE:52:CA,,[OPEN],2025-3-23 5:3:14,11,-80,34.0436363,-117.1833191,410.60,2.00,WIFI
14:59:C0:AC:CD:58,NETGEAR98,[WPA2_PSK],2025-3-23 5:3:14,11,-81,34.0436363,-117.1833191,410.60,2.00,WIFI
9C:0B:05:5F:0C:6A,,[OPEN],2025-3-23 5:3:14,11,-86,34.0436363,-117.1833191,410.60,2.00,WIFI
9C:0B:05:5F:0C:64,,[WPA3_PSK],2025-3-23 5:3:14,11,-88,34.0436363,-117.1833191,410.60,2.00,WIFI
9C:0B:05:5F:0C:67,RM045Main,[WPA2_PSK],2025-3-23 5:3:14,11,-88,34.0436363,-117.1833191,410.60,2.00,WIFI
24:94:CB:42:44:A8,Frontier7536,[WPA2_PSK],2025-3-23 5:3:14,11,-91,34.0436363,-117.1833191,410.60,2.00,WIFI
F8:1A:2B:28:77:68,TheLegendOfZelda,[WPA2_PSK],2025-3-23 5:3:14,11,-91,34.0436363,-117.1833191,410.60,2.00,WIFI
F2:72:EA:02:37:C1,Guest,[WPA2_PSK],2025-3-23 5:3:14,11,-92,34.0436363,-117.1833191,410.60,2.00,WIFI
CE:F4:11:29:18:5C,Guest,[WPA2_PSK],2025-3-23 5:3:14,11,-93,34.0436363,-117.1833191,410.60,2.00,WIFI
C8:99:B2:B4:79:6F,Verizon_X7CP6D,[WPA2_PSK],2025-3-23 5:3:18,1,-80,34.0434837,-117.1836014,409.80,2.00,WIFI
20:0D:B0:72:F1:B2,GerrardsGuest,[OPEN],2025-3-23 5:3:18,1,-80,34.0434837,-117.1836014,409.80,2.00,WIFI
40:5D:82:08:CA:4F,ngHub_31945BNS03499,[WPA2_PSK],2025-3-23 5:3:18,1,-93,34.0434837,-117.1836014,409.80,2.00,WIFI
44:AD:B1:58:26:C6,Babeos,[WPA2_PSK],2025-3-23 5:3:18,1,-94,34.0434837,-117.1836014,409.80,2.00,WIFI
CC:0D:EC:47:2C:02,,[WPA2_PSK],2025-3-23 5:3:18,1,-94,34.0434837,-117.1836014,409.80,2.00,WIFI
34:98:B5:49:86:9D,ORBI98,[WPA2_WPA3_PSK],2025-3-23 5:3:21,3,-89,34.0434494,-117.1836624,409.50,2.00,WIFI
42:98:B5:49:86:9D,ORBI98-IoT,[WPA2_PSK],2025-3-23 5:3:21,3,-91,34.0434494,-117.1836624,409.50,2.00,WIFI
6C:CD:D6:FD:73:77,,[WPA2_PSK],2025-3-23 5:3:21,3,-91,34.0434494,-117.1836624,409.50,2.00,WIFI
72:CD:D6:FD:73:77,Weis Manor,[WPA2_PSK],2025-3-23 5:3:21,3,-91,34.0434494,-117.1836624,409.50,2.00,WIFI
3A:98:B5:49:D4:D4,ORBI98,[WPA2_WPA3_PSK],2025-3-23 5:3:21,3,-92,34.0434494,-117.1836624,409.50,2.00,WIFI
3A:98:B5:49:86:9D,,[WPA2_PSK],2025-3-23 5:3:21,3,-93,34.0434494,-117.1836624,409.50,2.00,WIFI
3E:98:B5:49:86:9D,Amy,[WPA2_PSK],2025-3-23 5:3:21,3,-93,34.0434494,-117.1836624,409.50,2.00,WIFI
78:D6:D6:5A:F0:C5,tgmFIOS,[WPA2_PSK],2025-3-23 5:3:24,6,-78,34.0433617,-117.1838150,409.30,2.00,WIFI
78:D6:D6:5A:F0:C7,,[OPEN],2025-3-23 5:3:24,6,-79,34.0433617,-117.1838150,409.30,2.00,WIFI
78:D6:D6:5A:F0:CB,tgmFIOS Guest,[WPA2_PSK],2025-3-23 5:3:24,6,-79,34.0433617,-117.1838150,409.30,2.00,WIFI
C0:3C:04:AD:12:E9,SpectrumSetup-E3,[WPA2_PSK],2025-3-23 5:3:24,6,-80,34.0433617,-117.1838150,409.30,2.00,WIFI
30:3A:4A:80:BA:E3,,[WPA3_PSK],2025-3-23 5:3:24,6,-82,34.0433617,-117.1838150,409.30,2.00,WIFI
30:3A:4A:80:BA:E7,,[OPEN],2025-3-23 5:3:24,6,-82,34.0433617,-117.1838150,409.30,2.00,WIFI
78:D6:D6:5A:F0:C3,,[WPA3_PSK],2025-3-23 5:3:24,6,-83,34.0433617,-117.1838150,409.30,2.00,WIFI
B2:8B:A9:97:D4:08,GerrardsGuest,[OPEN],2025-3-23 5:3:24,6,-87,34.0433617,-117.1838150,409.30,2.00,WIFI
BA:8B:A9:97:D4:08,,[WPA2_PSK],2025-3-23 5:3:24,6,-88,34.0433617,-117.1838150,409.30,2.00,WIFI
30:3A:4A:80:BA:E5,Jaquezwifi,[WPA2_PSK],2025-3-23 5:3:24,6,-88,34.0433617,-117.1838150,409.30,2.00,WIFI
86:2A:FD:F8:A1:7B,DIRECT-7B-HP ENVY Photo 7100,[WPA2_PSK],2025-3-23 5:3:24,6,-88,34.0433617,-117.1838150,409.30,2.00,WIFI
06:7B:65:BE:A8:7A,,[WPA2_PSK],2025-3-23 5:3:24,6,-96,34.0433617,-117.1838150,409.30,2.00,WIFI
70:8B:CD:C2:FC:98,Karolinska,[WPA2_PSK],2025-3-23 5:3:26,8,-92,34.0432549,-117.1840057,409.50,2.00,WIFI
70:8B:CD:C2:FC:99,ASUS_Guest1,[WPA2_PSK],2025-3-23 5:3:26,8,-95,34.0432549,-117.1840057,409.50,2.00,WIFI
54:A0:50:CF:D2:48,tgmCellspot,[WPA2_PSK],2025-3-23 5:3:28,10,-92,34.0431252,-117.1842422,409.40,2.00,WIFI
18:1B:EB:94:D5:FF,VGW7L,[WPA2_PSK],2025-3-23 5:3:29,11,-75,34.0430565,-117.1843643,409.30,2.00,WIFI
A0:39:EE:7F:26:BA,MySpectrumWiFib4-2G,[WPA2_PSK],2025-3-23 5:3:29,11,-82,34.0430565,-117.1843643,409.30,2.00,WIFI
A6:3D:CF:E5:34:32,,[WPA2_PSK],2025-3-23 5:3:29,11,-89,34.0430565,-117.1843643,409.30,2.00,WIFI
48:5D:36:22:79:98,FiOS-2L1YT,[WPA2_PSK],2025-3-23 5:3:29,11,-92,34.0430565,-117.1843643,409.30,2.00,WIFI
CA:3A:6B:DB:34:92,,[WPA2_PSK],2025-3-23 5:3:29,11,-92,34.0430565,-117.1843643,409.30,2.00,WIFI
D0:6D:C9:27:0E:C6,Frontier1596,[WPA2_PSK],2025-3-23 5:3:29,11,-94,34.0430565,-117.1843643,409.30,2.00,WIFI
2C:67:BE:12:6C:B7,SpectrumSetup-A8,[WPA2_PSK],2025-3-23 5:3:31,1,-81,34.0429077,-117.1846313,409.10,2.00,WIFI
34:53:D2:41:8E:F6,SpectrumSetup-F0,[WPA2_PSK],2025-3-23 5:3:31,1,-81,34.0429077,-117.1846313,409.10,2.00,WIFI
B2:8B:A9:97:C9:79,GerrardsGuest,[OPEN],2025-3-23 5:3:31,1,-88,34.0429077,-117.1846313,409.10,2.00,WIFI
42:98:B5:49:D7:95,ORBI98-IoT,[WPA2_PSK],2025-3-23 5:3:35,3,-72,34.0425987,-117.1852036,408.60,2.00,WIFI
42:98:B5:49:D4:D4,ORBI98-IoT,[WPA2_PSK],2025-3-23 5:3:35,3,-73,34.0425987,-117.1852036,408.60,2.00,WIFI
3E:98:B5:49:D7:95,Amy,[WPA2_PSK],2025-3-23 5:3:35,3,-74,34.0425987,-117.1852036,408.60,2.00,WIFI
3A:98:B5:49:D7:95,ORBI98,[WPA2_WPA3_PSK],2025-3-23 5:3:35,3,-77,34.0425987,-117.1852036,408.60,2.00,WIFI
34:98:B5:49:D4:D4,,[WPA2_PSK],2025-3-23 5:3:35,3,-80,34.0425987,-117.1852036,408.60,2.00,WIFI
34:98:B5:49:D7:95,,[WPA2_PSK],2025-3-23 5:3:35,3,-80,34.0425987,-117.1852036,408.60,2.00,WIFI
CC:40:D0:77:7D:CE,NETGEAR16,[WPA2_PSK],2025-3-23 5:3:35,3,-82,34.0425987,-117.1852036,408.60,2.00,WIFI
A4:11:62:2C:49:DC,NTGR_VMB_9156597868,[WPA2_PSK],2025-3-23 5:3:35,3,-89,34.0425987,-117.1852036,408.60,2.00,WIFI
C8:B4:22:D4:21:6A,MySpectrumWiFi6C-2G,[WPA2_PSK],2025-3-23 5:3:38,6,-65,34.0423584,-117.1856308,407.80,2.00,WIFI
DC:9B:D6:24:5B:CC,Catville,[WPA2_PSK],2025-3-23 5:3:38,6,-71,34.0423584,-117.1856308,407.80,2.00,WIFI
28:EC:22:3A:72:86,Lambo’s Place,[WPA2_PSK],2025-3-23 5:3:38,6,-77,34.0423584,-117.1856308,407.80,2.00,WIFI
28:EC:22:C2:F8:06,Lambo’s Place,[WPA2_PSK],2025-3-23 5:3:38,6,-78,34.0423584,-117.1856308,407.80,2.00,WIFI
28:EC:22:C2:F8:0F,Lambo’s Guests,[WPA2_PSK],2025-3-23 5:3:38,6,-78,34.0423584,-117.1856308,407.80,2.00,WIFI
28:EC:22:3A:72:83,,[WPA3_PSK],2025-3-23 5:3:38,6,-79,34.0423584,-117.1856308,407.80,2.00,WIFI
28:EC:22:3A:72:89,,[OPEN],2025-3-23 5:3:38,6,-79,34.0423584,-117.1856308,407.80,2.00,WIFI
28:EC:22:3A:72:8F,Lambo’s Guests,[WPA2_PSK],2025-3-23 5:3:38,6,-79,34.0423584,-117.1856308,407.80,2.00,WIFI
C8:C6:FE:58:9C:E3,,[WPA3_PSK],2025-3-23 5:3:38,6,-84,34.0423584,-117.1856308,407.80,2.00,WIFI
C8:C6:FE:58:9C:E9,,[OPEN],2025-3-23 5:3:38,6,-84,34.0423584,-117.1856308,407.80,2.00,WIFI
C8:C6:FE:58:9C:EF,Lambo’s Guests,[WPA2_PSK],2025-3-23 5:3:38,6,-84,34.0423584,-117.1856308,407.80,2.00,WIFI
C8:C6:FE:58:9C:E6,Lambo’s Place,[WPA2_PSK],2025-3-23 5:3:38,6,-85,34.0423584,-117.1856308,407.80,2.00,WIFI
2A:87:BA:AB:35:CE,Bond_ Jones Bond,[WPA2_PSK],2025-3-23 5:3:42,9,-89,34.0420494,-117.1861954,406.70,2.00,WIFI
28:87:BA:BB:35:BE,,[WPA2_PSK],2025-3-23 5:3:42,9,-90,34.0420494,-117.1861954,406.70,2.00,WIFI
28:87:BA:BB:35:CE,,[WPA2_PSK],2025-3-23 5:3:42,9,-91,34.0420494,-117.1861954,406.70,2.00,WIFI
2A:87:BA:AB:35:BE,Bond_ Jones Bond,[WPA2_PSK],2025-3-23 5:3:42,9,-93,34.0420494,-117.1861954,406.70,2.00,WIFI
D0:B2:C4:3D:57:7E,TC8715D78,[WPA2_PSK],2025-3-23 5:3:44,11,-76,34.0418930,-117.1864777,406.20,2.00,WIFI
74:37:5F:50:59:A7,danielandmichele,[WPA2_PSK],2025-3-23 5:3:44,11,-78,34.0418930,-117.1864777,406.20,2.00,WIFI
D6:55:A8:25:B1:F3,SBCSS_Redlands,[WPA2_PSK],2025-3-23 5:3:44,11,-84,34.0418930,-117.1864777,406.20,2.00,WIFI
2C:67:BE:0B:10:CF,SpectrumSetup-10CB,[WPA2_PSK],2025-3-23 5:3:44,11,-91,34.0418930,-117.1864777,406.20,2.00,WIFI
F8:5B:3B:71:95:91,SpectrumSetup-93,[WPA2_PSK],2025-3-23 5:3:44,11,-95,34.0418930,-117.1864777,406.20,2.00,WIFI
7C:DB:98:B3:98:C1,SpectrumSetup-C3,[WPA2_PSK],2025-3-23 5:3:47,1,-64,34.0416679,-117.1868973,405.40,2.00,WIFI
34:53:D2:EF:A7:2F,SpectrumSetup-29,[WPA2_PSK],2025-3-23 5:3:47,1,-77,34.0416679,-117.1868973,405.40,2.00,WIFI
00:25:F0:78:28:2A,tl78282a,[WPA2_PSK],2025-3-23 5:3:47,1,-84,34.0416679,-117.1868973,405.40,2.00,WIFI
70:77:81:CC:AF:9C,HP-Print-9C-LaserJet P1109,[OPEN],2025-3-23 5:3:47,1,-85,34.0416679,-117.1868973,405.40,2.00,WIFI
B0:FC:88:30:91:64,SpectrumSetup-5E,[WPA2_PSK],2025-3-23 5:3:47,1,-89,34.0416679,-117.1868973,405.40,2.00,WIFI
F0:B6:61:FA:DB:A7,1011 Wifi,[WPA2_PSK],2025-3-23 5:3:53,6,-72,34.0412216,-117.1877060,404.80,2.00,WIFI
F0:B6:61:FA:DB:A4,,[WPA3_PSK],2025-3-23 5:3:53,6,-73,34.0412216,-117.1877060,404.80,2.00,WIFI
F0:B6:61:FA:DB:AA,,[OPEN],2025-3-23 5:3:53,6,-73,34.0412216,-117.1877060,404.80,2.00,WIFI
F8:BB:BF:81:ED:53,1011 Wifi,[WPA2_PSK],2025-3-23 5:3:53,6,-79,34.0412216,-117.1877060,404.80,2.00,WIFI
F8:BB:BF:81:74:D5,,[OPEN],2025-3-23 5:3:53,6,-79,34.0412216,-117.1877060,404.80,2.00,WIFI
F8:BB:BF:81:74:D3,1011 Wifi,[WPA2_PSK],2025-3-23 5:3:53,6,-79,34.0412216,-117.1877060,404.80,2.00,WIFI
F8:BB:BF:81:ED:51,,[WPA3_PSK],2025-3-23 5:3:53,6,-80,34.0412216,-117.1877060,404.80,2.00,WIFI
F8:BB:BF:81:74:D1,,[WPA3_PSK],2025-3-23 5:3:53,6,-80,34.0412216,-117.1877060,404.80,2.00,WIFI
F8:BB:BF:81:ED:55,,[OPEN],2025-3-23 5:3:53,6,-81,34.0412216,-117.1877060,404.80,2.00,WIFI
5C:FA:25:C4:E0:18,Jorge,[WPA2_PSK],2025-3-23 5:3:53,6,-85,34.0412216,-117.1877060,404.80,2.00,WIFI
CC:CF:83:39:4A:58,,[WPA_WPA2_PSK],2025-3-23 5:3:56,9,-92,34.0409927,-117.1881485,404.00,2.00,WIFI
58:2F:F7:F5:C5:FD,SpectrumSetup-F7,[WPA2_PSK],2025-3-23 5:3:58,11,-79,34.0408287,-117.1884613,403.30,2.00,WIFI
9C:0B:05:B1:4B:84,,[WPA3_PSK],2025-3-23 5:3:58,11,-79,34.0408287,-117.1884613,403.30,2.00,WIFI
9C:0B:05:B1:4B:8A,,[OPEN],2025-3-23 5:3:58,11,-79,34.0408287,-117.1884613,403.30,2.00,WIFI
9C:0B:05:B1:4B:87,falky21,[WPA2_PSK],2025-3-23 5:3:58,11,-79,34.0408287,-117.1884613,403.30,2.00,WIFI
78:76:89:32:DA:E7,Cypress,[WPA2_PSK],2025-3-23 5:3:58,11,-80,34.0408287,-117.1884613,403.30,2.00,WIFI
AC:15:A2:32:A2:FE,SpectrumSetup-F7_EXT,[WPA2_PSK],2025-3-23 5:3:58,11,-86,34.0408287,-117.1884613,403.30,2.00,WIFI
A6:36:C7:13:84:98,[LG_Oven]8498,[WPA2_PSK],2025-3-23 5:3:58,11,-92,34.0408287,-117.1884613,403.30,2.00,WIFI
4C:19:5D:58:A6:79,SpectrumSetup-73,[WPA2_PSK],2025-3-23 5:4:1,1,-66,34.0405922,-117.1889038,402.90,2.00,WIFI
60:83:E7:D1:82:7E,SpectrumSetup-73_EXT,[WPA2_PSK],2025-3-23 5:4:1,1,-77,34.0405922,-117.1889038,402.90,2.00,WIFI
A0:04:60:CE:61:FE,NETGEAR71,[WPA2_PSK],2025-3-23 5:4:1,1,-80,34.0405922,-117.1889038,402.90,2.00,WIFI
78:D2:94:50:6E:02,SpectrumSetup-16_EXT,[WPA2_PSK],2025-3-23 5:4:1,1,-83,34.0405922,-117.1889038,402.90,2.00,WIFI
B0:95:75:DF:77:60,Frontier8832,[WPA2_PSK],2025-3-23 5:4:1,1,-87,34.0405922,-117.1889038,402.90,2.00,WIFI
44:A5:6E:A9:21:22,Frontier0096_5G_2GEXT,[WPA2_PSK],2025-3-23 5:4:1,1,-89,34.0405922,-117.1889038,402.90,2.00,WIFI
8C:61:A3:0B:48:E8,MySpectrumWiFiE7-2G,[WPA2_PSK],2025-3-23 5:4:1,1,-94,34.0405922,-117.1889038,402.90,2.00,WIFI
1A:59:C0:4A:51:83,GbaysOrbi,[WPA2_PSK],2025-3-23 5:4:4,3,-69,34.0403519,-117.1893463,403.60,2.00,WIFI
28:87:BA:55:FA:80,Lukes Castle_EXT,[WPA2_PSK],2025-3-23 5:4:7,6,-71,34.0401077,-117.1897736,404.00,2.00,WIFI
88:DE:7C:27:93:5D,Lukes Castle,[WPA2_PSK],2025-3-23 5:4:7,6,-73,34.0401077,-117.1897736,404.00,2.00,WIFI
28:87:BA:56:09:92,Lukes Castle_EXT,[WPA2_PSK],2025-3-23 5:4:7,6,-80,34.0401077,-117.1897736,404.00,2.00,WIFI
00:25:F0:76:5F:66,tl765f66,[WPA2_PSK],2025-3-23 5:4:7,6,-85,34.0401077,-117.1897736,404.00,2.00,WIFI
AA:3B:76:A6:EE:DD,DIRECT-dd-HP M283 LaserJet,[WPA2_PSK],2025-3-23 5:4:7,6,-89,34.0401077,-117.1897736,404.00,2.00,WIFI
A0:89:66:EA:7A:E4,,[WPA_WPA2_PSK],2025-3-23 5:4:9,8,-87,34.0399590,-117.1900406,404.40,2.00,WIFI
10:0C:6B:27:34:73,NETGEAR00,[WPA2_PSK],2025-3-23 5:4:11,10,-81,34.0398293,-117.1902847,404.70,2.00,WIFI
92:7F:F0:01:8D:D9,,[WPA2_PSK],2025-3-23 5:4:11,10,-93,34.0398293,-117.1902847,404.70,2.00,WIFI
84:70:D7:41:EF:C7,Simmons,[WPA2_PSK],2025-3-23 5:4:12,11,-78,34.0397682,-117.1903915,405.00,2.00,WIFI
84:70:D7:41:EF:C4,,[WPA3_PSK],2025-3-23 5:4:12,11,-78,34.0397682,-117.1903915,405.00,2.00,WIFI
84:70:D7:41:EF:CA,,[OPEN],2025-3-23 5:4:12,11,-78,34.0397682,-117.1903915,405.00,2.00,WIFI
CC:58:30:67:EC:B6,TMOBILE-ECB1,[WPA2_WPA3_PSK],2025-3-23 5:4:12,11,-89,34.0397682,-117.1903915,405.00,2.00,WIFI
0C:80:63:47:DE:97,FiOS-2KGN4,[WPA_WPA2_PSK],2025-3-23 5:4:12,11,-94,34.0397682,-117.1903915,405.00,2.00,WIFI
88:67:46:7A:F6:06,cocoAfamily,[WPA2_PSK],2025-3-23 5:4:15,1,-69,34.0396156,-117.1906738,405.10,2.00,WIFI
88:67:46:7A:F6:03,,[WPA3_PSK],2025-3-23 5:4:15,1,-72,34.0396156,-117.1906738,405.10,2.00,WIFI
3C:E1:A1:AF:74:CB,Ring-af74cb,[OPEN],2025-3-23 5:4:15,1,-89,34.0396156,-117.1906738,405.10,2.00,WIFI
34:DB:9C:64:1E:36,MySpectrumWiFi30-2G,[WPA2_PSK],2025-3-23 5:4:15,1,-92,34.0396156,-117.1906738,405.10,2.00,WIFI
CA:41:1E:25:B4:74,,[WPA2_PSK],2025-3-23 5:4:17,2,-95,34.0395508,-117.1908112,405.20,2.00,WIFI
64:CB:E9:F2:B7:5A,RESU_64CBE9F2B759,[WPA_WPA2_PSK],2025-3-23 5:4:18,3,-90,34.0395279,-117.1908569,405.40,2.00,WIFI
94:18:65:DA:56:19,NETGEAR45,[WPA2_PSK],2025-3-23 5:4:20,5,-88,34.0394974,-117.1909103,405.70,2.00,WIFI
94:18:65:DA:77:67,NETGEAR45,[WPA2_PSK],2025-3-23 5:4:20,5,-90,34.0394974,-117.1909103,405.70,2.00,WIFI
28:EC:22:4B:6A:09,,[OPEN],2025-3-23 5:4:21,6,-81,34.0394897,-117.1909332,405.80,2.00,WIFI
28:EC:22:4B:6A:03,,[WPA3_PSK],2025-3-23 5:4:21,6,-82,34.0394897,-117.1909332,405.80,2.00,WIFI
28:EC:22:4B:6A:06,Candice,[WPA2_PSK],2025-3-23 5:4:21,6,-82,34.0394897,-117.1909332,405.80,2.00,WIFI
9C:57:BC:9D:DC:C9,,[OPEN],2025-3-23 5:4:21,6,-84,34.0394897,-117.1909332,405.80,2.00,WIFI
9C:57:BC:9D:DC:C6,Candice,[WPA2_PSK],2025-3-23 5:4:21,6,-84,34.0394897,-117.1909332,405.80,2.00,WIFI
9C:57:BC:9D:DC:C3,,[WPA3_PSK],2025-3-23 5:4:21,6,-86,34.0394897,-117.1909332,405.80,2.00,WIFI
DE:A2:66:00:26:9E,DIRECT-9e-HP M452 LaserJet,[WPA2_PSK],2025-3-23 5:4:21,6,-87,34.0394897,-117.1909332,405.80,2.00,WIFI
CC:40:D0:55:6E:6B,Frontier8592_2GEXT,[WPA2_PSK],2025-3-23 5:4:21,6,-90,34.0394897,-117.1909332,405.80,2.00,WIFI
12:09:0D:FD:7C:33,,[WPA2_PSK],2025-3-23 5:4:23,8,-78,34.0394440,-117.1910172,406.10,2.00,WIFI
F0:09:0D:FD:7C:33,PizzaHouse,[WPA2_PSK],2025-3-23 5:4:23,8,-79,34.0394440,-117.1910172,406.10,2.00,WIFI
18:E8:29:9A:12:73,1207,[WPA2_PSK],2025-3-23 5:4:26,11,-86,34.0393219,-117.1912384,406.40,2.00,WIFI
80:CC:9C:E9:1D:ED,FiOS-G9TPK_2GEXT,[WPA2_PSK],2025-3-23 5:4:26,11,-87,34.0393219,-117.1912384,406.40,2.00,WIFI
1E:E8:29:9A:12:73,FLC Guest,[WPA2_PSK],2025-3-23 5:4:26,11,-89,34.0393219,-117.1912384,406.40,2.00,WIFI
DC:92:72:E4:E8:1F,Frontier0101,[WPA2_PSK],2025-3-23 5:4:29,1,-87,34.0391350,-117.1915665,406.60,2.00,WIFI
A2:63:91:7B:A6:7C,dstarr333_EXT,[WPA2_PSK],2025-3-23 5:4:29,1,-93,34.0391350,-117.1915665,406.60,2.00,WIFI
D8:07:B6:75:E7:74,TP-Link_E774,[WPA_WPA2_PSK],2025-3-23 5:4:31,2,-88,34.0389938,-117.1918335,406.80,2.00,WIFI
F0:A7:31:08:6B:26,TP-Link_6B26,[WPA2_PSK],2025-3-23 5:4:32,3,-80,34.0389175,-117.1919708,406.90,2.00,WIFI
7E:D2:94:31:84:3B,RAYNES-5G,[WPA2_PSK],2025-3-23 5:4:32,3,-86,34.0389175,-117.1919708,406.90,2.00,WIFI
26:F5:A2:56:21:AB,Linksys11283-guest,[OPEN],2025-3-23 5:4:33,4,-90,34.0388412,-117.1921005,406.90,2.00,WIFI
F6:CB:BC:8C:4E:41,,[WPA_WPA2_PSK],2025-3-23 5:4:35,6,-81,34.0386848,-117.1923904,407.00,2.00,WIFI
2C:67:BE:0A:3A:01,SpectrumSetup-39FD,[WPA2_PSK],2025-3-23 5:4:35,6,-81,34.0386848,-117.1923904,407.00,2.00,WIFI
E6:CB:BC:8C:4E:41,,[WPA2],2025-3-23 5:4:35,6,-83,34.0386848,-117.1923904,407.00,2.00,WIFI
9C:C9:EB:A4:0E:8D,,[WPA2_PSK],2025-3-23 5:4:35,6,-90,34.0386848,-117.1923904,407.00,2.00,WIFI
9C:C9:EB:A4:0E:81,1backyard1,[WPA2_PSK],2025-3-23 5:4:35,6,-92,34.0386848,-117.1923904,407.00,2.00,WIFI
9C:A5:70:54:D4:E7,,[OPEN],2025-3-23 5:4:40,11,-83,34.0382843,-117.1931076,406.30,2.00,WIFI
9C:A5:70:54:D4:E3,,[WPA3_PSK],2025-3-23 5:4:40,11,-84,34.0382843,-117.1931076,406.30,2.00,WIFI
9C:A5:70:54:D4:E5,G House,[WPA2_PSK],2025-3-23 5:4:40,11,-86,34.0382843,-117.1931076,406.30,2.00,WIFI
2C:58:4F:68:82:78,Frontier3392,[WPA2_PSK],2025-3-23 5:4:40,11,-88,34.0382843,-117.1931076,406.30,2.00,WIFI
4C:12:65:19:14:28,Frontier4672,[WPA2_PSK],2025-3-23 5:4:40,11,-93,34.0382843,-117.1931076,406.30,2.00,WIFI
B6:B6:86:4E:D9:26,DIRECT-26-HP OfficeJet Pro 7740,[WPA2_PSK],2025-3-23 5:4:43,1,-70,34.0380669,-117.1935120,406.50,2.00,WIFI
40:47:5E:C6:7D:26,MySpectrumWiFi90,[WPA2_PSK],2025-3-23 5:4:43,1,-70,34.0380669,-117.1935120,406.50,2.00,WIFI
FC:3F:A6:5A:B1:C3,,[WPA3_PSK],2025-3-23 5:4:43,1,-70,34.0380669,-117.1935120,406.50,2.00,WIFI
FC:3F:A6:5A:B1:C9,,[OPEN],2025-3-23 5:4:43,1,-70,34.0380669,-117.1935120,406.50,2.00,WIFI
FC:3F:A6:5A:B1:C6,MySpectrumWiFi90,[WPA2_PSK],2025-3-23 5:4:43,1,-77,34.0380669,-117.1935120,406.50,2.00,WIFI
40:47:5E:C6:7D:23,,[WPA3_PSK],2025-3-23 5:4:43,1,-80,34.0380669,-117.1935120,406.50,2.00,WIFI
FC:3F:A6:5B:36:03,,[WPA3_PSK],2025-3-23 5:4:43,1,-80,34.0380669,-117.1935120,406.50,2.00,WIFI
FC:3F:A6:5B:36:06,MySpectrumWiFi90,[WPA2_PSK],2025-3-23 5:4:43,1,-80,34.0380669,-117.1935120,406.50,2.00,WIFI
40:47:5E:C6:7D:29,,[OPEN],2025-3-23 5:4:43,1,-81,34.0380669,-117.1935120,406.50,2.00,WIFI
FC:3F:A6:5B:36:09,,[OPEN],2025-3-23 5:4:43,1,-81,34.0380669,-117.1935120,406.50,2.00,WIFI
B0:FC:88:69:48:F5,Aloha House,[WPA2_PSK],2025-3-23 5:4:43,1,-85,34.0380669,-117.1935120,406.50,2.00,WIFI
D8:33:B7:D7:99:01,Frontier0025,[WPA2_PSK],2025-3-23 5:4:43,1,-88,34.0380669,-117.1935120,406.50,2.00,WIFI
08:33:ED:BE:F0:C9,SpectrumSetup-CB,[WPA2_PSK],2025-3-23 5:4:43,1,-88,34.0380669,-117.1935120,406.50,2.00,WIFI
9C:3D:CF:59:4B:72,ARLO_VMB_1562492262,[WPA2_PSK],2025-3-23 5:4:43,1,-89,34.0380669,-117.1935120,406.50,2.00,WIFI
D4:A9:28:14:B4:CE,FiOS-XN2PV,[WPA2_PSK],2025-3-23 5:4:43,1,-96,34.0380669,-117.1935120,406.50,2.00,WIFI
1A:59:C0:03:5A:0A,,[WPA2_PSK],2025-3-23 5:4:47,3,-80,34.0377922,-117.1940079,407.30,2.00,WIFI
4E:A6:E6:F4:92:35,,[WPA2_PSK],2025-3-23 5:4:47,3,-92,34.0377922,-117.1940079,407.30,2.00,WIFI
9C:3D:CF:53:48:34,NTGR_VMB_1462060924,[WPA2_PSK],2025-3-23 5:4:48,4,-91,34.0377312,-117.1941299,407.40,2.00,WIFI
24:62:AB:E7:E0:55,Traeger-E055,[WPA2_PSK],2025-3-23 5:4:49,5,-94,34.0376778,-117.1942368,407.50,2.00,WIFI
AC:EC:85:D1:7D:54,My Glorified Dial-Up,[WPA2_PSK],2025-3-23 5:4:50,6,-76,34.0376244,-117.1943436,407.60,2.00,WIFI
88:6A:E3:7E:92:FF,tl7e92ff,[WPA2_PSK],2025-3-23 5:4:50,6,-77,34.0376244,-117.1943436,407.60,2.00,WIFI
88:6A:E3:7F:9A:1B,tl7f9a1b,[WPA2_PSK],2025-3-23 5:4:50,6,-83,34.0376244,-117.1943436,407.60,2.00,WIFI
DC:62:79:26:57:A3,67thstep2025_EXT,[WPA2_PSK],2025-3-23 5:4:50,6,-94,34.0376244,-117.1943436,407.60,2.00,WIFI
00:CB:51:41:54:CE,HomeRouter-2G,[WPA2_PSK],2025-3-23 5:4:52,8,-89,34.0375404,-117.1945190,407.60,2.00,WIFI
D8:A7:56:67:DE:56,MySpectrumWiFi50-2G,[WPA2_PSK],2025-3-23 5:4:55,11,-71,34.0374718,-117.1946640,407.70,2.00,WIFI
F0:B6:61:1D:B3:E4,,[WPA3_PSK],2025-3-23 5:4:55,11,-71,34.0374718,-117.1946640,407.70,2.00,WIFI
F0:B6:61:1D:B3:EA,,[OPEN],2025-3-23 5:4:55,11,-71,34.0374718,-117.1946640,407.70,2.00,WIFI
F0:B6:61:1D:B3:E7,eero,[WPA2_PSK],2025-3-23 5:4:55,11,-74,34.0374718,-117.1946640,407.70,2.00,WIFI
88:6A:E3:9B:A3:DE,tl9ba3de,[WPA2_PSK],2025-3-23 5:4:55,11,-77,34.0374718,-117.1946640,407.70,2.00,WIFI
0C:B2:B7:01:F2:94,,[WPA2_PSK],2025-3-23 5:4:55,11,-86,34.0374718,-117.1946640,407.70,2.00,WIFI
C8:63:FC:7C:4F:28,Frontier2656,[WPA2_PSK],2025-3-23 5:4:55,11,-92,34.0374718,-117.1946640,407.70,2.00,WIFI
00:26:B0:FE:9D:E7,Elizabeth Tyler's Network,[WPA_WPA2_PSK],2025-3-23 5:4:55,11,-92,34.0374718,-117.1946640,407.70,2.00,WIFI
FC:15:B4:70:F5:B1,HP-Print-B1-ENVY 5530 series,[OPEN],2025-3-23 5:4:55,11,-93,34.0374718,-117.1946640,407.70,2.00,WIFI
2E:AA:8E:AF:D6:D3,,[WPA_WPA2_PSK],2025-3-23 5:4:55,11,-94,34.0374718,-117.1946640,407.70,2.00,WIFI
24:41:FE:57:AD:86,Paddy's Pub,[WPA2_PSK],2025-3-23 5:4:58,1,-69,34.0374489,-117.1947556,407.50,2.00,WIFI
3A:22:E2:FA:00:0F,DIRECT-0f-HP M29 LaserJet,[WPA2_PSK],2025-3-23 5:4:58,1,-82,34.0374489,-117.1947556,407.50,2.00,WIFI
5C:18:DD:F0:4A:73,,[WPA_WPA2_PSK],2025-3-23 5:4:58,1,-87,34.0374489,-117.1947556,407.50,2.00,WIFI
D4:A9:28:19:5A:3C,FiOS-INY4T,[WPA2_PSK],2025-3-23 5:4:58,1,-88,34.0374489,-117.1947556,407.50,2.00,WIFI
80:E5:40:E4:F6:98,Frontier3264,[WPA2_PSK],2025-3-23 5:4:58,1,-96,34.0374489,-117.1947556,407.50,2.00,WIFI
1A:0C:6B:FA:29:68,SpectrumSetup-07-Guest,[WPA2_PSK],2025-3-23 5:5:2,4,-79,34.0375977,-117.1949234,407.70,2.00,WIFI
10:0C:6B:FA:29:68,SpectrumSetup-07,[WPA2_PSK],2025-3-23 5:5:2,4,-80,34.0375977,-117.1949234,407.70,2.00,WIFI
10:0C:6B:FF:99:71,,[WPA2_PSK],2025-3-23 5:5:2,4,-85,34.0375977,-117.1949234,407.70,2.00,WIFI
16:0C:6B:FF:99:71,SpectrumSetup-07,[WPA2_PSK],2025-3-23 5:5:2,4,-87,34.0375977,-117.1949234,407.70,2.00,WIFI
A0:89:66:94:7D:C0,,[WPA_WPA2_PSK],2025-3-23 5:5:3,5,-86,34.0376625,-117.1949692,407.30,2.00,WIFI
78:D6:D6:59:42:07,,[OPEN],2025-3-23 5:5:4,6,-80,34.0377426,-117.1950226,406.70,2.00,WIFI
78:D6:D6:59:42:03,,[WPA3_PSK],2025-3-23 5:5:4,6,-81,34.0377426,-117.1950226,406.70,2.00,WIFI
78:D6:D6:59:42:05,DNPN8,[WPA2_PSK],2025-3-23 5:5:4,6,-81,34.0377426,-117.1950226,406.70,2.00,WIFI
FA:8F:CA:85:77:81,Chromecast0472.b_,[OPEN],2025-3-23 5:5:4,6,-88,34.0377426,-117.1950226,406.70,2.00,WIFI
00:1F:90:E0:26:C4,KOR08,[WPA_WPA2_PSK],2025-3-23 5:5:4,6,-92,34.0377426,-117.1950226,406.70,2.00,WIFI
B0:FC:88:E5:2C:96,Regueiro,[WPA2_WPA3_PSK],2025-3-23 5:5:4,6,-92,34.0377426,-117.1950226,406.70,2.00,WIFI
A4:97:33:69:42:96,SpectrumSetup-98,[WPA2_PSK],2025-3-23 5:5:4,6,-93,34.0377426,-117.1950226,406.70,2.00,WIFI
04:B6:BE:B6:B3:D0,,[WPA_WPA2_PSK],2025-3-23 5:5:5,7,-92,34.0378227,-117.1950989,406.00,2.00,WIFI
9C:0B:05:BA:15:87,sup,[WPA2_PSK],2025-3-23 5:5:9,11,-68,34.0381813,-117.1953735,404.10,2.00,WIFI
9C:0B:05:BA:15:84,,[WPA3_PSK],2025-3-23 5:5:9,11,-70,34.0381813,-117.1953735,404.10,2.00,WIFI
B4:B9:E6:44:DA:A4,,[WPA3_PSK],2025-3-23 5:5:9,11,-78,34.0381813,-117.1953735,404.10,2.00,WIFI
24:94:CB:EC:65:18,Frontier6960,[WPA2_PSK],2025-3-23 5:5:9,11,-85,34.0381813,-117.1953735,404.10,2.00,WIFI
8C:85:80:DB:4F:32,,[WPA_WPA2_PSK],2025-3-23 5:5:9,11,-90,34.0381813,-117.1953735,404.10,2.00,WIFI
18:1B:EB:F2:5B:7E,729HS,[WPA_WPA2_PSK],2025-3-23 5:5:9,11,-90,34.0381813,-117.1953735,404.10,2.00,WIFI
7E:4D:8F:58:34:BE,DIRECT-BE-HP OfficeJet 8010,[WPA2_PSK],2025-3-23 5:5:9,11,-93,34.0381813,-117.1953735,404.10,2.00,WIFI
F8:5B:3B:58:3F:15,SpectrumSetup-17,[WPA2_PSK],2025-3-23 5:5:12,1,-71,34.0384445,-117.1955872,402.50,2.00,WIFI
2C:EA:DC:BB:C9:14,Verizon_CM3G4F,[WPA2_PSK],2025-3-23 5:5:12,1,-83,34.0384445,-117.1955872,402.50,2.00,WIFI
A0:55:1F:26:E8:D1,apcpmp,[WPA2_PSK],2025-3-23 5:5:12,1,-84,34.0384445,-117.1955872,402.50,2.00,WIFI
2A:0F:EB:5A:FF:1E,TEG-1P7,[WPA2_PSK],2025-3-23 5:5:12,1,-85,34.0384445,-117.1955872,402.50,2.00,WIFI
A0:55:1F:37:AB:12,SpectrumSetup-AB0C,[WPA2_PSK],2025-3-23 5:5:12,1,-85,34.0384445,-117.1955872,402.50,2.00,WIFI
0A:55:1F:37:AB:13,,[WPA2_PSK],2025-3-23 5:5:12,1,-85,34.0384445,-117.1955872,402.50,2.00,WIFI
34:60:F9:7F:07:F8,tlinksys,[WPA2_PSK],2025-3-23 5:5:12,1,-87,34.0384445,-117.1955872,402.50,2.00,WIFI
0A:55:1F:37:AB:14,,[WPA2_PSK],2025-3-23 5:5:12,1,-87,34.0384445,-117.1955872,402.50,2.00,WIFI
A0:55:1F:A8:22:9E,SpectrumSetup-9C,[WPA2_PSK],2025-3-23 5:5:12,1,-91,34.0384445,-117.1955872,402.50,2.00,WIFI
50:FD:D5:B0:72:DE,[range]_E30AJT7113605F,[WPA2_PSK],2025-3-23 5:5:12,1,-92,34.0384445,-117.1955872,402.50,2.00,WIFI
80:3F:5D:79:CE:BC,WAVLINK-N_CEBA,[WPA2_PSK],2025-3-23 5:5:12,1,-95,34.0384445,-117.1955872,402.50,2.00,WIFI
60:57:47:59:0D:83,,[WPA_WPA2_PSK],2025-3-23 5:5:12,2,-80,34.0384445,-117.1955872,402.50,2.00,WIFI
B0:39:56:4F:60:89,NETGEAR43,[WPA2_PSK],2025-3-23 5:5:15,3,-93,34.0387039,-117.1957855,401.20,2.00,WIFI
1A:0C:6B:FF:99:71,SpectrumSetup-07-Guest,[WPA2_PSK],2025-3-23 5:5:16,4,-67,34.0387840,-117.1958542,400.90,2.00,WIFI
16:0C:6B:FA:29:68,,[WPA2_PSK],2025-3-23 5:5:16,4,-74,34.0387840,-117.1958542,400.90,2.00,WIFI
1A:0C:6B:FF:99:59,SpectrumSetup-07-Guest,[WPA2_PSK],2025-3-23 5:5:16,4,-79,34.0387840,-117.1958542,400.90,2.00,WIFI
10:0C:6B:FF:99:59,,[WPA2_PSK],2025-3-23 5:5:16,4,-81,34.0387840,-117.1958542,400.90,2.00,WIFI
1A:59:C0:57:AB:32,ORBI85,[WPA2_PSK],2025-3-23 5:5:16,4,-96,34.0387840,-117.1958542,400.90,2.00,WIFI
2E:D7:5B:AE:17:A4,SpectrumSetup-AB0C,[WPA2_PSK],2025-3-23 5:5:18,6,-60,34.0389519,-117.1959915,399.70,2.00,WIFI
64:DA:ED:50:5E:27,,[OPEN],2025-3-23 5:5:18,6,-84,34.0389519,-117.1959915,399.70,2.00,WIFI
64:DA:ED:50:5E:23,,[WPA3_PSK],2025-3-23 5:5:18,6,-85,34.0389519,-117.1959915,399.70,2.00,WIFI
64:DA:ED:50:5E:25,FiOS-HL8M8,[WPA2_PSK],2025-3-23 5:5:18,6,-85,34.0389519,-117.1959915,399.70,2.00,WIFI
F8:BC:0E:2E:49:09,,[OPEN],2025-3-23 5:5:18,6,-86,34.0389519,-117.1959915,399.70,2.00,WIFI
F8:BC:0E:2E:49:03,,[WPA3_PSK],2025-3-23 5:5:18,6,-86,34.0389519,-117.1959915,399.70,2.00,WIFI
F8:BC:0E:2E:49:06,Loki,[WPA2_PSK],2025-3-23 5:5:18,6,-86,34.0389519,-117.1959915,399.70,2.00,WIFI
82:48:B8:F3:22:44,Proxima,[WPA2_PSK],2025-3-23 5:5:20,8,-78,34.0391273,-117.1961288,398.30,2.00,WIFI
82:48:B8:F3:22:46,CLM1,[WPA2_PSK],2025-3-23 5:5:20,8,-80,34.0391273,-117.1961288,398.30,2.00,WIFI
7A:F1:7E:CB:77:B9,,[WPA2_PSK],2025-3-23 5:5:22,10,-88,34.0393105,-117.1962738,396.70,2.00,WIFI
A0:55:1F:15:A5:39,SpectrumSetup-A533,[WPA2_PSK],2025-3-23 5:5:23,11,-72,34.0394058,-117.1963425,395.90,2.00,WIFI
A8:97:CD:D7:12:48,Frontier2256,[WPA2_PSK],2025-3-23 5:5:23,11,-83,34.0394058,-117.1963425,395.90,2.00,WIFI
74:93:DA:A4:E9:0D,SpectrumSetup-0F,[WPA2_PSK],2025-3-23 5:5:23,11,-91,34.0394058,-117.1963425,395.90,2.00,WIFI
F0:7B:65:25:25:E1,SpectrumSetup-25DB,[WPA2_PSK],2025-3-23 5:5:23,11,-91,34.0394058,-117.1963425,395.90,2.00,WIFI
C8:A7:0A:99:04:C4,FiOS-NMYWL,[WPA2_PSK],2025-3-23 5:5:25,1,-82,34.0395851,-117.1964874,394.30,2.00,WIFI
90:9D:7D:29:27:08,Frontier4176,[WPA2_PSK],2025-3-23 5:5:25,1,-83,34.0395851,-117.1964874,394.30,2.00,WIFI
94:91:7F:2F:77:AD,SpectrumSetup-AF,[WPA2_PSK],2025-3-23 5:5:25,1,-83,34.0395851,-117.1964874,394.30,2.00,WIFI
40:A5:EF:E0:F4:97,SIVASIVAYA-2G,[WPA2_PSK],2025-3-23 5:5:25,1,-90,34.0395851,-117.1964874,394.30,2.00,WIFI
1E:59:C0:36:BF:B2,,[WPA2_PSK],2025-3-23 5:5:30,4,-94,34.0400543,-117.1968002,391.50,2.00,WIFI
48:DD:0C:39:DA:47,,[OPEN],2025-3-23 5:5:32,6,-85,34.0402107,-117.1968765,390.80,2.00,WIFI
48:DD:0C:39:DA:43,,[WPA3_PSK],2025-3-23 5:5:32,6,-85,34.0402107,-117.1968765,390.80,2.00,WIFI
48:DD:0C:39:DA:45,Loki,[WPA2_PSK],2025-3-23 5:5:32,6,-85,34.0402107,-117.1968765,390.80,2.00,WIFI
18:90:88:2F:9D:55,,[OPEN],2025-3-23 5:5:32,6,-85,34.0402107,-117.1968765,390.80,2.00,WIFI
18:90:88:2F:9D:51,,[WPA3_PSK],2025-3-23 5:5:32,6,-85,34.0402107,-117.1968765,390.80,2.00,WIFI
18:90:88:2F:9D:53,Loki,[WPA2_PSK],2025-3-23 5:5:32,6,-85,34.0402107,-117.1968765,390.80,2.00,WIFI
4C:19:5D:3D:1C:4F,SpectrumSetup-49,[WPA2_PSK],2025-3-23 5:5:32,6,-89,34.0402107,-117.1968765,390.80,2.00,WIFI
82:48:B8:F3:22:45,,[WPA2_PSK],2025-3-23 5:5:34,8,-87,34.0402985,-117.1969452,390.40,2.00,WIFI
9C:A2:F4:4E:E8:52,kal-mesh,[WPA2_PSK],2025-3-23 5:5:35,9,-92,34.0403252,-117.1969604,390.30,2.00,WIFI
F0:B6:61:B4:94:4A,,[OPEN],2025-3-23 5:5:37,11,-64,34.0403519,-117.1969833,390.30,2.00,WIFI
F0:B6:61:07:1B:24,,[WPA3_PSK],2025-3-23 5:5:37,11,-64,34.0403519,-117.1969833,390.30,2.00,WIFI
F0:B6:61:07:1B:27,111-EE50,[WPA2_PSK],2025-3-23 5:5:37,11,-64,34.0403519,-117.1969833,390.30,2.00,WIFI
F0:B6:61:B4:94:44,,[WPA3_PSK],2025-3-23 5:5:37,11,-65,34.0403519,-117.1969833,390.30,2.00,WIFI
F0:B6:61:07:1B:2A,,[OPEN],2025-3-23 5:5:37,11,-65,34.0403519,-117.1969833,390.30,2.00,WIFI
F0:B6:61:B4:94:47,111-EE50,[WPA2_PSK],2025-3-23 5:5:37,11,-66,34.0403519,-117.1969833,390.30,2.00,WIFI
B0:6A:41:B5:D3:3A,Netgear,[WPA2_PSK],2025-3-23 5:5:37,11,-86,34.0403519,-117.1969833,390.30,2.00,WIFI
B0:6A:41:B5:D5:E4,Netgear,[WPA2_PSK],2025-3-23 5:5:37,11,-87,34.0403519,-117.1969833,390.30,2.00,WIFI
24:2D:6C:23:71:05,,[WPA3_PSK],2025-3-23 5:5:39,1,-87,34.0404015,-117.1970215,390.40,2.00,WIFI
B0:6A:41:B5:D3:D4,Netgear,[WPA2_PSK],2025-3-23 5:5:39,1,-87,34.0404015,-117.1970215,390.40,2.00,WIFI
D8:A7:56:67:A9:86,MySpectrumWiFi80-2G,[WPA2_PSK],2025-3-23 5:5:39,1,-88,34.0404015,-117.1970215,390.40,2.00,WIFI
4A:55:19:05:96:C2,Tineco_0351,[OPEN],2025-3-23 5:5:39,1,-89,34.0404015,-117.1970215,390.40,2.00,WIFI
72:CD:D6:E2:F6:5A,SLAWSOMENESS,[WPA2_PSK],2025-3-23 5:5:43,3,-80,34.0405960,-117.1971741,389.40,2.00,WIFI
6C:CD:D6:E2:9D:01,SLAWSOMENESS,[WPA2_PSK],2025-3-23 5:5:43,3,-85,34.0405960,-117.1971741,389.40,2.00,WIFI
CC:CF:83:CE:74:E3,,[WPA_WPA2_PSK],2025-3-23 5:5:44,4,-83,34.0406647,-117.1972351,389.20,2.00,WIFI
28:BD:89:F2:63:00,DUW3RK,[WPA2_PSK],2025-3-23 5:5:46,6,-79,34.0408287,-117.1973572,388.60,2.00,WIFI
C8:C6:FE:77:BA:C6,frontier,[WPA2_PSK],2025-3-23 5:5:46,6,-80,34.0408287,-117.1973572,388.60,2.00,WIFI
18:90:88:32:69:A5,,[OPEN],2025-3-23 5:5:46,6,-85,34.0408287,-117.1973572,388.60,2.00,WIFI
2C:30:33:46:2B:79,Network_ASH,[WPA2_PSK],2025-3-23 5:5:46,6,-85,34.0408287,-117.1973572,388.60,2.00,WIFI
42:23:43:D8:12:49,DIRECT-49-HP M281 LaserJet,[WPA2_PSK],2025-3-23 5:5:46,6,-86,34.0408287,-117.1973572,388.60,2.00,WIFI
8C:85:80:EF:D6:79,,[WPA_WPA2_PSK],2025-3-23 5:5:51,11,-69,34.0413055,-117.1977386,384.40,2.00,WIFI
6C:C2:17:57:D8:21,HP-Print-21-Officejet Pro 8620,[WPA2_PSK],2025-3-23 5:5:51,11,-80,34.0413055,-117.1977386,384.40,2.00,WIFI
18:9C:27:74:05:A8,Frontier9840,[WPA2_PSK],2025-3-23 5:5:51,11,-81,34.0413055,-117.1977386,384.40,2.00,WIFI
48:5D:36:18:05:7C,FiOS-32ZW8,[WPA2_PSK],2025-3-23 5:5:51,11,-84,34.0413055,-117.1977386,384.40,2.00,WIFI
14:B7:F8:B0:61:F6,Izzy55,[WPA2_PSK],2025-3-23 5:5:53,1,-69,34.0415115,-117.1979065,382.40,2.00,WIFI
30:57:8E:F3:B9:61,,[WPA3_PSK],2025-3-23 5:5:53,1,-73,34.0415115,-117.1979065,382.40,2.00,WIFI
30:57:8E:F3:B9:65,,[OPEN],2025-3-23 5:5:53,1,-74,34.0415115,-117.1979065,382.40,2.00,WIFI
30:57:8E:F3:B9:63,Rockhound1948,[WPA2_PSK],2025-3-23 5:5:53,1,-75,34.0415115,-117.1979065,382.40,2.00,WIFI
0C:EA:C9:E0:CB:F0,Frontier9840,[WPA2_PSK],2025-3-23 5:5:53,1,-78,34.0415115,-117.1979065,382.40,2.00,WIFI
80:DA:13:93:7B:03,,[WPA3_PSK],2025-3-23 5:5:53,1,-84,34.0415115,-117.1979065,382.40,2.00,WIFI
80:DA:13:93:7B:06,Rockhound1948,[WPA2_PSK],2025-3-23 5:5:53,1,-84,34.0415115,-117.1979065,382.40,2.00,WIFI
80:DA:13:93:7B:09,,[OPEN],2025-3-23 5:5:53,1,-85,34.0415115,-117.1979065,382.40,2.00,WIFI
34:53:D2:C5:F2:71,LakesideChillin,[WPA2_PSK],2025-3-23 5:5:53,1,-86,34.0415115,-117.1979065,382.40,2.00,WIFI
AC:91:9B:C1:1A:BA,Verizon_Z4TGCG,[WPA2_PSK],2025-3-23 5:5:53,1,-90,34.0415115,-117.1979065,382.40,2.00,WIFI
6C:CD:D6:E2:F6:5A,,[WPA2_PSK],2025-3-23 5:5:57,3,-80,34.0419388,-117.1982346,380.00,2.00,WIFI
92:3B:AD:21:A2:B5,ORBI13,[WPA2_PSK],2025-3-23 5:5:57,3,-88,34.0419388,-117.1982346,380.00,2.00,WIFI
46:3F:8C:75:6C:A6,,[WPA2_PSK],2025-3-23 5:5:58,4,-74,34.0420494,-117.1983109,379.10,2.00,WIFI
40:3F:8C:75:6C:BA,fine-wifi,[WPA2_PSK],2025-3-23 5:5:58,4,-75,34.0420494,-117.1983109,379.10,2.00,WIFI
40:3F:8C:75:6C:A6,fine-wifi,[WPA2_PSK],2025-3-23 5:5:58,4,-76,34.0420494,-117.1983109,379.10,2.00,WIFI
40:3F:8C:75:6C:C6,fine-wifi,[WPA2_PSK],2025-3-23 5:5:58,4,-90,34.0420494,-117.1983109,379.10,2.00,WIFI
4C:AB:F8:47:BC:D9,SpectrumSetup-DB,[WPA2_PSK],2025-3-23 5:6:0,6,-59,34.0422554,-117.1984863,378.40,2.00,WIFI
2C:58:B9:09:D9:EB,DIRECT-EA-HP DeskJet 4100 series,[WPA2_PSK],2025-3-23 5:6:0,6,-69,34.0422554,-117.1984863,378.40,2.00,WIFI
08:9B:F1:18:40:E5,Hardins,[WPA2_PSK],2025-3-23 5:6:0,6,-77,34.0422554,-117.1984863,378.40,2.00,WIFI
C8:C6:FE:77:BA:C9,,[OPEN],2025-3-23 5:6:0,6,-77,34.0422554,-117.1984863,378.40,2.00,WIFI
C8:C6:FE:77:BA:C3,,[WPA3_PSK],2025-3-23 5:6:0,6,-78,34.0422554,-117.1984863,378.40,2.00,WIFI
E6:FA:C4:2C:FE:C3,,[WPA2_PSK],2025-3-23 5:6:2,8,-68,34.0424576,-117.1986542,377.80,2.00,WIFI
9C:A2:F4:4E:E8:56,kal-mesh,[WPA2_PSK],2025-3-23 5:6:3,9,-69,34.0425568,-117.1987381,377.60,2.00,WIFI
A2:A2:F4:4E:E8:56,,[WPA2_PSK],2025-3-23 5:6:3,9,-69,34.0425568,-117.1987381,377.60,2.00,WIFI
A2:A2:F4:4E:E9:CA,,[WPA2_PSK],2025-3-23 5:6:3,9,-74,34.0425568,-117.1987381,377.60,2.00,WIFI
10:C3:7B:D3:2F:10,ASUS_24GHz,[WPA2_PSK],2025-3-23 5:6:5,11,-73,34.0427513,-117.1988907,377.10,2.00,WIFI
40:4C:77:32:20:B8,Frontier6032,[WPA2_PSK],2025-3-23 5:6:5,11,-81,34.0427513,-117.1988907,377.10,2.00,WIFI
24:41:FE:77:E1:02,Endres Linksys,[WPA2_PSK],2025-3-23 5:6:5,11,-85,34.0427513,-117.1988907,377.10,2.00,WIFI
20:37:F0:6D:86:22,Endres Linksys,[WPA2_PSK],2025-3-23 5:6:8,1,-61,34.0430145,-117.1990967,376.50,2.00,WIFI
C0:A0:0D:F4:B6:F8,Frontier5104,[WPA2_PSK],2025-3-23 5:6:8,1,-71,34.0430145,-117.1990967,376.50,2.00,WIFI
DE:91:BF:F5:33:CB,,[WPA2_PSK],2025-3-23 5:6:8,1,-80,34.0430145,-117.1990967,376.50,2.00,WIFI
4C:19:5D:59:CE:CE,SpectrumSetup-C8,[WPA2_PSK],2025-3-23 5:6:8,1,-84,34.0430145,-117.1990967,376.50,2.00,WIFI
92:3B:AD:21:A4:90,ORBI13,[WPA2_PSK],2025-3-23 5:6:11,3,-71,34.0432167,-117.1992493,376.10,2.00,WIFI
96:3B:AD:21:A2:B5,,[WPA2_PSK],2025-3-23 5:6:11,3,-83,34.0432167,-117.1992493,376.10,2.00,WIFI
14:EB:B6:74:01:C3,Husbander-tron,[WPA2_PSK],2025-3-23 5:6:11,3,-89,34.0432167,-117.1992493,376.10,2.00,WIFI
D0:16:7C:44:17:63,,[WPA3_PSK],2025-3-23 5:6:14,6,-78,34.0433235,-117.1993332,375.60,2.00,WIFI
42:61:83:97:6F:B0,Gmc_6030,[WPA2_WPA3_PSK],2025-3-23 5:6:14,6,-79,34.0433235,-117.1993332,375.60,2.00,WIFI
D0:16:7C:44:17:67,,[OPEN],2025-3-23 5:6:14,6,-79,34.0433235,-117.1993332,375.60,2.00,WIFI
F8:5B:3B:6F:41:44,DONEL,[WPA2_PSK],2025-3-23 5:6:14,6,-82,34.0433235,-117.1993332,375.60,2.00,WIFI
00:AB:48:15:77:A7,,[OPEN],2025-3-23 5:6:14,6,-83,34.0433235,-117.1993332,375.60,2.00,WIFI
00:AB:48:15:77:A3,,[WPA3_PSK],2025-3-23 5:6:14,6,-84,34.0433235,-117.1993332,375.60,2.00,WIFI
00:AB:48:15:77:A5,I believe Wi can Fi,[WPA2_PSK],2025-3-23 5:6:14,6,-84,34.0433235,-117.1993332,375.60,2.00,WIFI
00:AB:48:E1:84:E7,,[OPEN],2025-3-23 5:6:14,6,-84,34.0433235,-117.1993332,375.60,2.00,WIFI
00:AB:48:E1:84:E3,,[WPA3_PSK],2025-3-23 5:6:14,6,-85,34.0433235,-117.1993332,375.60,2.00,WIFI
00:AB:48:E1:84:E5,Eero Wifi,[WPA2_PSK],2025-3-23 5:6:14,6,-85,34.0433235,-117.1993332,375.60,2.00,WIFI
00:AB:48:E1:84:EB,Eero Wifi Guest,[WPA2_PSK],2025-3-23 5:6:14,6,-85,34.0433235,-117.1993332,375.60,2.00,WIFI
00:AB:48:18:C5:C7,,[OPEN],2025-3-23 5:6:14,6,-86,34.0433235,-117.1993332,375.60,2.00,WIFI
00:AB:48:18:C5:C5,I believe Wi can Fi,[WPA2_PSK],2025-3-23 5:6:14,6,-86,34.0433235,-117.1993332,375.60,2.00,WIFI
00:AB:48:18:C5:C3,,[WPA3_PSK],2025-3-23 5:6:14,6,-87,34.0433235,-117.1993332,375.60,2.00,WIFI
78:76:89:2D:85:44,,[WPA3_PSK],2025-3-23 5:6:14,6,-88,34.0433235,-117.1993332,375.60,2.00,WIFI
78:76:89:2D:85:4A,,[OPEN],2025-3-23 5:6:14,6,-88,34.0433235,-117.1993332,375.60,2.00,WIFI
CA:41:1E:2B:F5:96,,[WPA2_PSK],2025-3-23 5:6:17,8,-75,34.0433731,-117.1993790,375.30,2.00,WIFI
C4:41:1E:2B:F5:96,Tell-My-WiFi-Luv-Her,[WPA2_PSK],2025-3-23 5:6:17,8,-75,34.0433731,-117.1993790,375.30,2.00,WIFI
9E:A2:F4:2B:47:5E,TheKrellMainframe,[WPA2_PSK],2025-3-23 5:6:18,9,-76,34.0433998,-117.1994019,375.40,2.00,WIFI
9C:A2:F4:2B:47:5E,,[WPA2_PSK],2025-3-23 5:6:18,9,-77,34.0433998,-117.1994019,375.40,2.00,WIFI
CA:41:1E:2B:F5:69,,[WPA2_PSK],2025-3-23 5:6:18,9,-85,34.0433998,-117.1994019,375.40,2.00,WIFI
98:F7:81:E8:DA:18,Frontier5104,[WPA2_PSK],2025-3-23 5:6:20,11,-73,34.0434799,-117.1994553,375.50,2.00,WIFI
F0:B6:61:0F:F0:C4,,[WPA3_PSK],2025-3-23 5:6:20,11,-78,34.0434799,-117.1994553,375.50,2.00,WIFI
F0:B6:61:0F:F0:CA,,[OPEN],2025-3-23 5:6:20,11,-78,34.0434799,-117.1994553,375.50,2.00,WIFI
F0:B6:61:0F:F0:C7,Pointer Wifi,[WPA2_PSK],2025-3-23 5:6:20,11,-79,34.0434799,-117.1994553,375.50,2.00,WIFI
80:E5:40:DD:2E:48,Frontier3232,[WPA2_PSK],2025-3-23 5:6:20,11,-81,34.0434799,-117.1994553,375.50,2.00,WIFI
F0:B6:61:84:70:2A,,[OPEN],2025-3-23 5:6:20,11,-83,34.0434799,-117.1994553,375.50,2.00,WIFI
F0:B6:61:84:70:27,Pointer Wifi,[WPA2_PSK],2025-3-23 5:6:20,11,-85,34.0434799,-117.1994553,375.50,2.00,WIFI
F8:1A:2B:02:61:ED,Casa google,[WPA2_PSK],2025-3-23 5:6:20,11,-86,34.0434799,-117.1994553,375.50,2.00,WIFI
1A:59:C0:39:8C:B6,Golding1430,[WPA2_PSK],2025-3-23 5:6:20,11,-91,34.0434799,-117.1994553,375.50,2.00,WIFI
C4:8E:8F:E4:98:76,WIFIE49872,[WPA2_PSK],2025-3-23 5:6:20,11,-92,34.0434799,-117.1994553,375.50,2.00,WIFI
F4:52:46:8C:52:F5,SpectrumSetup-52F8,[WPA2_PSK],2025-3-23 5:6:23,1,-67,34.0436707,-117.1996155,374.00,2.00,WIFI
4C:AB:F8:46:5B:FD,SpectrumSetup-FF,[WPA2_PSK],2025-3-23 5:6:23,1,-84,34.0436707,-117.1996155,374.00,2.00,WIFI
4C:19:5D:03:2F:70,SpectrumSetup-6A,[WPA2_PSK],2025-3-23 5:6:23,1,-87,34.0436707,-117.1996155,374.00,2.00,WIFI
38:22:E2:8B:48:FF,DIRECT-FE-HP DeskJet 3700 series,[WPA2_PSK],2025-3-23 5:6:23,1,-91,34.0436707,-117.1996155,374.00,2.00,WIFI
86:69:1A:94:49:40,,[WPA2_WPA3_PSK],2025-3-23 5:6:23,1,-92,34.0436707,-117.1996155,374.00,2.00,WIFI
66:32:B1:31:F2:2A,,[WPA2_PSK],2025-3-23 5:6:26,3,-88,34.0439453,-117.1998291,372.50,2.00,WIFI
66:32:B1:31:E8:12,,[WPA2_PSK],2025-3-23 5:6:26,3,-91,34.0439453,-117.1998291,372.50,2.00,WIFI
66:32:B1:31:E3:3E,,[WPA2_PSK],2025-3-23 5:6:26,3,-93,34.0439453,-117.1998291,372.50,2.00,WIFI
86:69:1A:94:41:18,,[WPA2_WPA3_PSK],2025-3-23 5:6:27,4,-80,34.0440483,-117.1999130,372.00,2.00,WIFI
80:69:1A:95:12:0F,Leason2.0,[WPA2_WPA3_PSK],2025-3-23 5:6:28,5,-87,34.0441513,-117.1999969,371.70,2.00,WIFI
58:2F:F7:75:40:C6,SpectrumSetup-C0,[WPA2_PSK],2025-3-23 5:6:29,6,-78,34.0442543,-117.2000885,371.50,2.00,WIFI
A0:64:8F:EA:3E:51,MySpectrumWiFi53-2G,[WPA2_PSK],2025-3-23 5:6:29,6,-81,34.0442543,-117.2000885,371.50,2.00,WIFI
FC:12:63:F3:A8:25,SpectrumSetup-27,[WPA2_PSK],2025-3-23 5:6:29,6,-83,34.0442543,-117.2000885,371.50,2.00,WIFI
C6:8E:8F:5C:3E:15,DIRECT-15-HP M277 LaserJet,[WPA2_PSK],2025-3-23 5:6:29,6,-90,34.0442543,-117.2000885,371.50,2.00,WIFI
9C:3D:CF:FE:E5:82,YV26B_2GEXT,[WPA2_PSK],2025-3-23 5:6:29,6,-91,34.0442543,-117.2000885,371.50,2.00,WIFI
34:53:D2:52:09:CE,SpectrumSetup-C8,[WPA2_PSK],2025-3-23 5:6:29,6,-95,34.0442543,-117.2000885,371.50,2.00,WIFI
86:69:1A:94:49:9A,,[WPA2_WPA3_PSK],2025-3-23 5:6:31,8,-77,34.0444641,-117.2002563,371.00,2.00,WIFI
86:69:1A:94:41:B4,,[WPA2_WPA3_PSK],2025-3-23 5:6:32,9,-61,34.0445709,-117.2003326,370.60,2.00,WIFI
80:69:1A:94:41:B4,Leason2.0,[WPA2_WPA3_PSK],2025-3-23 5:6:32,9,-64,34.0445709,-117.2003326,370.60,2.00,WIFI
10:DA:43:99:AA:F6,NETGEAR29,[WPA2_PSK],2025-3-23 5:6:32,9,-78,34.0445709,-117.2003326,370.60,2.00,WIFI
9C:A2:F4:2B:4C:42,,[WPA2_PSK],2025-3-23 5:6:32,9,-90,34.0445709,-117.2003326,370.60,2.00,WIFI
9E:A2:F4:2B:4C:42,TheKrellMainframe,[WPA2_PSK],2025-3-23 5:6:32,9,-90,34.0445709,-117.2003326,370.60,2.00,WIFI
5C:62:8B:EE:D2:82,,[WPA_WPA2_PSK],2025-3-23 5:6:32,9,-96,34.0445709,-117.2003326,370.60,2.00,WIFI
22:3E:A4:9A:0C:40,,[WPA2_PSK],2025-3-23 5:6:33,10,-74,34.0446815,-117.2004242,370.30,2.00,WIFI
D8:EB:97:EE:2E:32,Keidel2.4-private,[WPA2_PSK],2025-3-23 5:6:33,10,-87,34.0446815,-117.2004242,370.30,2.00,WIFI
90:9A:4A:47:AA:E6,joola-5G_2.4GEXT,[WPA2_PSK],2025-3-23 5:6:34,11,-70,34.0447845,-117.2005005,370.00,2.00,WIFI
00:23:A7:D8:D9:89,TEG-1Y9,[WPA_WPA2_PSK],2025-3-23 5:6:34,11,-73,34.0447845,-117.2005005,370.00,2.00,WIFI
48:5D:36:48:3D:46,Klausz_WiFi,[WPA2_PSK],2025-3-23 5:6:34,11,-80,34.0447845,-117.2005005,370.00,2.00,WIFI
A0:04:60:CE:27:A6,NETGEAR76,[WPA2_PSK],2025-3-23 5:6:34,11,-83,34.0447845,-117.2005005,370.00,2.00,WIFI
A0:39:EE:74:39:AA,MySpectrumWiFia4-2G,[WPA2_PSK],2025-3-23 5:6:34,11,-91,34.0447845,-117.2005005,370.00,2.00,WIFI
FC:9C:98:17:54:36,ARLO_VMB_4939997123,[WPA2_PSK],2025-3-23 5:6:34,11,-93,34.0447845,-117.2005005,370.00,2.00,WIFI
C8:B4:22:05:E5:E7,Cooks Retreat,[WPA2_PSK],2025-3-23 5:6:37,1,-76,34.0450783,-117.2007446,369.50,2.00,WIFI
80:69:1A:94:49:40,Leason2.0,[WPA2_WPA3_PSK],2025-3-23 5:6:37,1,-82,34.0450783,-117.2007446,369.50,2.00,WIFI
7A:AC:B9:BD:D4:B8,BT_Magnolia_guest,[WPA2_PSK],2025-3-23 5:6:37,1,-93,34.0450783,-117.2007446,369.50,2.00,WIFI
A4:11:62:72:9A:12,ARLO_VMB_4422026869,[WPA2_PSK],2025-3-23 5:6:40,3,-92,34.0453110,-117.2009277,369.40,2.00,WIFI
80:69:1A:94:41:18,Leason2.0,[WPA2_WPA3_PSK],2025-3-23 5:6:41,4,-83,34.0453606,-117.2009735,369.30,2.00,WIFI
94:18:65:D2:FC:4F,Adulting101,[WPA2_PSK],2025-3-23 5:6:41,4,-90,34.0453606,-117.2009735,369.30,2.00,WIFI
58:2F:F7:68:A1:56,SpectrumSetup-50,[WPA2_PSK],2025-3-23 5:6:43,6,-78,34.0454025,-117.2010880,369.00,2.00,WIFI
9C:A5:70:9B:A0:05,Normanrose,[WPA2_PSK],2025-3-23 5:6:43,6,-78,34.0454025,-117.2010880,369.00,2.00,WIFI
9C:A5:70:9B:A0:03,,[WPA3_PSK],2025-3-23 5:6:43,6,-79,34.0454025,-117.2010880,369.00,2.00,WIFI
9C:A5:70:9B:A0:07,,[OPEN],2025-3-23 5:6:43,6,-79,34.0454025,-117.2010880,369.00,2.00,WIFI
F0:9F:C2:CC:90:F6,ManagementVds,[WPA2_WPA3_PSK],2025-3-23 5:6:43,6,-84,34.0454025,-117.2010880,369.00,2.00,WIFI
30:8D:99:FB:51:2F,HP-Print-2F-ENVY 4500 series,[OPEN],2025-3-23 5:6:43,6,-86,34.0454025,-117.2010880,369.00,2.00,WIFI
F8:E4:FB:03:39:7E,2BPB2,[WPA2_PSK],2025-3-23 5:6:43,6,-89,34.0454025,-117.2010880,369.00,2.00,WIFI
F0:7B:65:3C:22:AA,SpectrumSetup-22A4,[WPA2_PSK],2025-3-23 5:6:43,6,-90,34.0454025,-117.2010880,369.00,2.00,WIFI
9C:0B:05:C3:67:C4,,[WPA3_PSK],2025-3-23 5:6:48,11,-78,34.0452652,-117.2014389,368.70,2.00,WIFI
9C:0B:05:C3:67:CA,,[OPEN],2025-3-23 5:6:48,11,-79,34.0452652,-117.2014389,368.70,2.00,WIFI
9C:0B:05:C3:67:C7,GeorgeYaz,[WPA2_PSK],2025-3-23 5:6:48,11,-82,34.0452652,-117.2014389,368.70,2.00,WIFI
84:A0:6E:C9:E2:16,joola-2G,[WPA2_PSK],2025-3-23 5:6:48,11,-83,34.0452652,-117.2014389,368.70,2.00,WIFI
22:3E:A4:04:CF:C2,,[WPA2_PSK],2025-3-23 5:6:48,11,-86,34.0452652,-117.2014389,368.70,2.00,WIFI
66:CB:E9:7C:99:EC,[LG_Oven]99ec,[WPA2_PSK],2025-3-23 5:6:48,11,-87,34.0452652,-117.2014389,368.70,2.00,WIFI
F8:F5:32:4C:34:08,Frontier0816,[WPA2_PSK],2025-3-23 5:6:48,11,-94,34.0452652,-117.2014389,368.70,2.00,WIFI
1E:67:BE:09:97:E9,,[WPA2_PSK],2025-3-23 5:6:48,11,-94,34.0452652,-117.2014389,368.70,2.00,WIFI
CC:40:D0:A2:8E:62,NETGEAR91,[WPA2_PSK],2025-3-23 5:6:51,1,-72,34.0451317,-117.2016525,369.10,2.00,WIFI
74:AC:B9:BD:D4:B8,BT_Magnolia,[WPA2_PSK],2025-3-23 5:6:51,1,-73,34.0451317,-117.2016525,369.10,2.00,WIFI
DA:31:34:D0:B7:61,DIRECT-roku-457-3A2911,[WPA2_PSK],2025-3-23 5:6:51,1,-74,34.0451317,-117.2016525,369.10,2.00,WIFI
A0:04:60:CE:27:AC,NETGEAR49,[WPA2_PSK],2025-3-23 5:6:51,1,-81,34.0451317,-117.2016525,369.10,2.00,WIFI
7E:AC:B9:BD:D4:B8,iPhoneSetup,[WPA2_PSK],2025-3-23 5:6:51,1,-81,34.0451317,-117.2016525,369.10,2.00,WIFI
A0:89:66:8D:EC:20,,[WPA_WPA2_PSK],2025-3-23 5:6:53,2,-89,34.0450478,-117.2017670,369.60,2.00,WIFI
88:57:1D:51:C7:14,[range]_E30AJT7113083P,[WPA2_PSK],2025-3-23 5:6:55,4,-83,34.0449524,-117.2017899,370.30,2.00,WIFI
82:AC:B9:BD:CB:D1,,[WPA2_PSK],2025-3-23 5:6:57,6,-76,34.0448570,-117.2017593,370.40,2.00,WIFI
7E:AC:B9:BD:CB:D1,iPhoneSetup,[WPA2_PSK],2025-3-23 5:6:57,6,-79,34.0448570,-117.2017593,370.40,2.00,WIFI
74:AC:B9:BD:CB:D1,BT_Magnolia,[WPA2_PSK],2025-3-23 5:6:57,6,-80,34.0448570,-117.2017593,370.40,2.00,WIFI
7A:AC:B9:BD:CB:D1,BT_Magnolia_guest,[WPA2_PSK],2025-3-23 5:6:57,6,-80,34.0448570,-117.2017593,370.40,2.00,WIFI
22:48:6C:B1:A8:3B,,[WPA2_PSK],2025-3-23 5:6:57,6,-81,34.0448570,-117.2017593,370.40,2.00,WIFI
D4:3F:32:6C:47:C6,durian,[WPA2_PSK],2025-3-23 5:6:57,6,-83,34.0448570,-117.2017593,370.40,2.00,WIFI
C8:D3:FF:15:93:18,DIRECT-17-HP ENVY 5660 series,[WPA2_PSK],2025-3-23 5:6:57,6,-88,34.0448570,-117.2017593,370.40,2.00,WIFI
90:CA:FA:9B:59:3C,The Force,[WPA2_PSK],2025-3-23 5:6:57,6,-89,34.0448570,-117.2017593,370.40,2.00,WIFI
90:CA:FA:9B:5D:1A,The Force,[WPA2_PSK],2025-3-23 5:6:57,6,-91,34.0448570,-117.2017593,370.40,2.00,WIFI
44:EA:D8:1E:24:B8,ChimePro-1E24B7,[OPEN],2025-3-23 5:6:57,6,-93,34.0448570,-117.2017593,370.40,2.00,WIFI
FC:34:97:05:D4:D0,Belle-2G,[WPA2_PSK],2025-3-23 5:6:59,8,-74,34.0447426,-117.2016830,371.00,2.00,WIFI
FC:34:97:05:D4:D1,BeOurGuest,[WPA2_WPA3_PSK],2025-3-23 5:6:59,8,-74,34.0447426,-117.2016830,371.00,2.00,WIFI
00:22:6C:A7:D1:04,,[OPEN],2025-3-23 5:6:59,8,-87,34.0447426,-117.2016830,371.00,2.00,WIFI
00:22:6C:A7:D7:04,,[OPEN],2025-3-23 5:6:59,8,-87,34.0447426,-117.2016830,371.00,2.00,WIFI
D8:C8:E9:79:87:E2,Lumiere,[WPA2_PSK],2025-3-23 5:6:59,8,-92,34.0447426,-117.2016830,371.00,2.00,WIFI
2E:80:88:D7:76:8B,Cohen,[WPA2_PSK],2025-3-23 5:7:0,9,-93,34.0446854,-117.2016296,371.30,2.00,WIFI
