WigleWifi-1.4,appRelease=v1.2.0,model=ESP32 Marauder,release=v1.2.0,device=ESP32 Marauder,display=SPI TFT,board=ESP32 Marauder,brand=JustCallMeKoko
MAC,SSID,AuthMode,FirstSeen,Channel,RSSI,CurrentLatitude,CurrentLongitude,AltitudeMeters,AccuracyMeters,Type
7E:AC:B9:BD:D4:B8,iPhoneSetup,[WPA2_PSK],2025-3-26 3:48:12,1,-70,34.0447121,-117.2015839,375.80,2.00,WIFI
CC:40:D0:A2:8E:62,NETGEAR91,[WPA2_PSK],2025-3-26 3:48:12,1,-70,34.0447121,-117.2015839,375.80,2.00,WIFI
74:AC:B9:BD:D4:B8,BT_Magnolia,[WPA2_PSK],2025-3-26 3:48:12,1,-71,34.0447121,-117.2015839,375.80,2.00,WIFI
7A:AC:B9:BD:D4:B8,BT_Magnolia_guest,[WPA2_PSK],2025-3-26 3:48:12,1,-71,34.0447121,-117.2015839,375.80,2.00,WIFI
82:AC:B9:BD:D4:B8,,[WPA2_PSK],2025-3-26 3:48:12,1,-74,34.0447121,-117.2015839,375.80,2.00,WIFI
DA:31:34:D0:B7:61,DIRECT-roku-457-3A2911,[WPA2_PSK],2025-3-26 3:48:12,1,-84,34.0447121,-117.2015839,375.80,2.00,WIFI
2C:67:BE:09:97:EF,SpectrumSetup-97EB,[WPA2_PSK],2025-3-26 3:48:12,1,-85,34.0447121,-117.2015839,375.80,2.00,WIFI
1E:67:BE:09:97:E9,,[WPA2_PSK],2025-3-26 3:48:12,1,-87,34.0447121,-117.2015839,375.80,2.00,WIFI
A0:04:60:CE:27:AC,NETGEAR49,[WPA2_PSK],2025-3-26 3:48:12,1,-93,34.0447121,-117.2015839,375.80,2.00,WIFI
FC:34:97:05:D4:D0,Belle-2G,[WPA2_PSK],2025-3-26 3:48:13,2,-72,34.0447617,-117.2016220,375.50,2.00,WIFI
FC:34:97:05:D4:D1,BeOurGuest,[WPA2_WPA3_PSK],2025-3-26 3:48:13,2,-72,34.0447617,-117.2016220,375.50,2.00,WIFI
D8:C8:E9:79:87:E2,Lumiere,[WPA2_PSK],2025-3-26 3:48:13,2,-84,34.0447617,-117.2016220,375.50,2.00,WIFI
00:22:6C:A7:D1:04,,[OPEN],2025-3-26 3:48:13,2,-86,34.0447617,-117.2016220,375.50,2.00,WIFI
00:22:6C:A7:DA:30,,[OPEN],2025-3-26 3:48:13,2,-87,34.0447617,-117.2016220,375.50,2.00,WIFI
98:ED:5C:83:A7:13,TeslaPV_83A713,[WPA2_PSK],2025-3-26 3:48:14,3,-90,34.0447998,-117.2016525,375.30,2.00,WIFI
88:57:1D:51:C7:14,[range]_E30AJT7113083P,[WPA2_PSK],2025-3-26 3:48:15,4,-92,34.0448418,-117.2016907,375.00,2.00,WIFI
7A:AC:B9:BD:CB:D1,BT_Magnolia_guest,[WPA2_PSK],2025-3-26 3:48:17,6,-67,34.0448990,-117.2017365,375.00,2.00,WIFI
82:AC:B9:BD:CB:D1,,[WPA2_PSK],2025-3-26 3:48:17,6,-67,34.0448990,-117.2017365,375.00,2.00,WIFI
7E:AC:B9:BD:CB:D1,iPhoneSetup,[WPA2_PSK],2025-3-26 3:48:17,6,-68,34.0448990,-117.2017365,375.00,2.00,WIFI
74:AC:B9:BD:CB:D1,BT_Magnolia,[WPA2_PSK],2025-3-26 3:48:17,6,-69,34.0448990,-117.2017365,375.00,2.00,WIFI
22:48:6C:B1:A8:3B,,[WPA2_PSK],2025-3-26 3:48:17,6,-83,34.0448990,-117.2017365,375.00,2.00,WIFI
D4:3F:32:6C:47:C6,durian,[WPA2_PSK],2025-3-26 3:48:17,6,-85,34.0448990,-117.2017365,375.00,2.00,WIFI
C8:D3:FF:15:93:18,DIRECT-17-HP ENVY 5660 series,[WPA2_PSK],2025-3-26 3:48:17,6,-86,34.0448990,-117.2017365,375.00,2.00,WIFI
D4:3F:32:6C:47:C3,,[WPA3_PSK],2025-3-26 3:48:17,6,-86,34.0448990,-117.2017365,375.00,2.00,WIFI
A4:11:62:72:9A:12,ARLO_VMB_4422026869,[WPA2_PSK],2025-3-26 3:48:19,8,-81,34.0449409,-117.2017593,375.10,2.00,WIFI
D8:EC:5E:7E:62:DA,Lashin,[WPA2_PSK],2025-3-26 3:48:19,8,-89,34.0449409,-117.2017593,375.10,2.00,WIFI
5C:E9:31:4C:6D:1E,Frontier2816,[WPA2_PSK],2025-3-26 3:48:20,9,-92,34.0449677,-117.2017593,375.10,2.00,WIFI
58:2F:F7:68:A1:56,SpectrumSetup-50,[WPA2_PSK],2025-3-26 3:48:22,11,-81,34.0450325,-117.2017365,375.40,2.00,WIFI
00:13:37:AA:3A:34,Redlands Free WiFi,[OPEN],2025-3-26 3:48:22,11,-83,34.0450325,-117.2017365,375.40,2.00,WIFI
02:13:37:AA:3A:34,manage,[WPA2_PSK],2025-3-26 3:48:22,11,-84,34.0450325,-117.2017365,375.40,2.00,WIFI
66:CB:E9:7C:99:EC,[LG_Oven]99ec,[WPA2_PSK],2025-3-26 3:48:22,11,-86,34.0450325,-117.2017365,375.40,2.00,WIFI
F8:F5:32:4C:34:08,Frontier0816,[WPA2_PSK],2025-3-26 3:48:22,11,-88,34.0450325,-117.2017365,375.40,2.00,WIFI
00:CB:51:4F:64:8E,MySpectrumWiFi88-2G,[WPA2_PSK],2025-3-26 3:48:25,1,-90,34.0451279,-117.2015839,375.40,2.00,WIFI
A0:89:66:8D:EC:20,,[WPA_WPA2_PSK],2025-3-26 3:48:27,2,-95,34.0452080,-117.2014313,375.50,2.00,WIFI
28:C2:DD:BD:4C:74,WMbd4c74,[OPEN],2025-3-26 3:48:28,3,-89,34.0452461,-117.2013626,375.50,2.00,WIFI
C0:C9:E3:8D:C5:86,Hanfamily 2.0,[WPA2_PSK],2025-3-26 3:48:28,3,-90,34.0452461,-117.2013626,375.50,2.00,WIFI
80:69:1A:94:41:18,Leason2.0,[WPA2_WPA3_PSK],2025-3-26 3:48:29,4,-87,34.0452881,-117.2012863,375.30,2.00,WIFI
9C:A5:70:9B:A0:05,Normanrose,[WPA2_PSK],2025-3-26 3:48:31,6,-72,34.0453491,-117.2011871,375.30,2.00,WIFI
9C:A5:70:9B:A0:03,,[WPA3_PSK],2025-3-26 3:48:31,6,-73,34.0453491,-117.2011871,375.30,2.00,WIFI
9C:A5:70:9B:A0:07,,[OPEN],2025-3-26 3:48:31,6,-73,34.0453491,-117.2011871,375.30,2.00,WIFI
F8:E4:FB:03:39:7E,2BPB2,[WPA2_PSK],2025-3-26 3:48:31,6,-84,34.0453491,-117.2011871,375.30,2.00,WIFI
D0:16:7C:8D:8B:E5,curtanddi,[WPA2_PSK],2025-3-26 3:48:31,6,-84,34.0453491,-117.2011871,375.30,2.00,WIFI
F0:9F:C2:CC:90:F6,ManagementVds,[WPA2_WPA3_PSK],2025-3-26 3:48:31,6,-85,34.0453491,-117.2011871,375.30,2.00,WIFI
DC:69:B5:E2:A1:A9,,[OPEN],2025-3-26 3:48:31,6,-86,34.0453491,-117.2011871,375.30,2.00,WIFI
DC:69:B5:E2:A1:A3,,[WPA3_PSK],2025-3-26 3:48:31,6,-87,34.0453491,-117.2011871,375.30,2.00,WIFI
DC:69:B5:E2:A1:A6,gordswifi,[WPA2_PSK],2025-3-26 3:48:31,6,-87,34.0453491,-117.2011871,375.30,2.00,WIFI
F0:7B:65:3C:22:AA,SpectrumSetup-22A4,[WPA2_PSK],2025-3-26 3:48:31,6,-90,34.0453491,-117.2011871,375.30,2.00,WIFI
20:9A:7D:1B:2B:B6,SpectrumSetup-B8,[WPA2_PSK],2025-3-26 3:48:31,6,-90,34.0453491,-117.2011871,375.30,2.00,WIFI
84:1E:A3:29:7F:16,Marquez,[WPA2_PSK],2025-3-26 3:48:31,6,-91,34.0453491,-117.2011871,375.30,2.00,WIFI
88:DE:7C:F7:97:9D,Mjspyt,[WPA2_PSK],2025-3-26 3:48:31,6,-91,34.0453491,-117.2011871,375.30,2.00,WIFI
B0:BB:E5:2B:21:D6,SpectrumSetup-D0,[WPA2_PSK],2025-3-26 3:48:31,6,-96,34.0453491,-117.2011871,375.30,2.00,WIFI
34:60:F9:5F:7E:1B,HandB,[WPA2_PSK],2025-3-26 3:48:34,9,-77,34.0453758,-117.2011261,375.00,2.00,WIFI
80:69:1A:94:41:B4,Leason2.0,[WPA2_WPA3_PSK],2025-3-26 3:48:34,9,-88,34.0453758,-117.2011261,375.00,2.00,WIFI
86:69:1A:94:41:B4,,[WPA2_WPA3_PSK],2025-3-26 3:48:34,9,-88,34.0453758,-117.2011261,375.00,2.00,WIFI
9C:C8:FC:01:AE:48,Roberts,[WPA2_PSK],2025-3-26 3:48:36,11,-77,34.0454254,-117.2010880,375.50,2.00,WIFI
90:9A:4A:47:AA:E6,joola-5G_2.4GEXT,[WPA2_PSK],2025-3-26 3:48:36,11,-80,34.0454254,-117.2010880,375.50,2.00,WIFI
22:3E:A4:04:CF:C2,,[WPA2_PSK],2025-3-26 3:48:36,11,-83,34.0454254,-117.2010880,375.50,2.00,WIFI
C4:8E:8F:E4:98:76,WIFIE49872,[WPA2_PSK],2025-3-26 3:48:36,11,-86,34.0454254,-117.2010880,375.50,2.00,WIFI
6C:99:61:D5:FB:AE,SpectrumSetup-A8,[WPA2_PSK],2025-3-26 3:48:39,1,-82,34.0455704,-117.2011261,375.30,2.00,WIFI
F4:52:46:BD:F3:A5,Hashslingingslasher,[WPA2_PSK],2025-3-26 3:48:39,1,-87,34.0455704,-117.2011261,375.30,2.00,WIFI
C0:3C:04:A8:BA:25,Yaccub,[WPA2_PSK],2025-3-26 3:48:39,1,-89,34.0455704,-117.2011261,375.30,2.00,WIFI
B8:66:85:D4:1A:F6,Emily1952 (2.4),[WPA2_PSK],2025-3-26 3:48:39,1,-93,34.0455704,-117.2011261,375.30,2.00,WIFI
C0:C9:E3:CB:71:4C,M3_OfficeLink,[WPA2_WPA3_PSK],2025-3-26 3:48:44,5,-86,34.0459557,-117.2014313,373.50,2.00,WIFI
92:C9:E3:CB:71:4F,DrMRedlandsBest,[WPA2_WPA3_PSK],2025-3-26 3:48:44,5,-89,34.0459557,-117.2014313,373.50,2.00,WIFI
74:37:5F:55:FA:13,ierr2006,[WPA2_PSK],2025-3-26 3:48:45,6,-78,34.0460434,-117.2015076,373.00,2.00,WIFI
34:53:D2:B6:95:0E,SpectrumSetup-08,[WPA2_PSK],2025-3-26 3:48:45,6,-83,34.0460434,-117.2015076,373.00,2.00,WIFI
60:F4:19:8B:6B:26,Logan Wifi,[WPA2_PSK],2025-3-26 3:48:50,11,-71,34.0464287,-117.2017899,371.10,2.00,WIFI
60:F4:19:8B:6B:23,,[WPA3_PSK],2025-3-26 3:48:50,11,-72,34.0464287,-117.2017899,371.10,2.00,WIFI
60:F4:19:8B:6B:29,,[OPEN],2025-3-26 3:48:50,11,-72,34.0464287,-117.2017899,371.10,2.00,WIFI
DC:69:B5:37:EF:29,,[OPEN],2025-3-26 3:48:50,11,-74,34.0464287,-117.2017899,371.10,2.00,WIFI
DC:69:B5:37:EF:26,DESPAIN,[WPA2_PSK],2025-3-26 3:48:50,11,-75,34.0464287,-117.2017899,371.10,2.00,WIFI
DC:69:B5:37:EF:23,,[WPA3_PSK],2025-3-26 3:48:50,11,-76,34.0464287,-117.2017899,371.10,2.00,WIFI
88:67:46:6F:6E:C6,Rp,[WPA2_PSK],2025-3-26 3:48:50,11,-76,34.0464287,-117.2017899,371.10,2.00,WIFI
CC:58:30:64:D4:D6,TMOBILE-D4D1,[WPA2_WPA3_PSK],2025-3-26 3:48:50,11,-78,34.0464287,-117.2017899,371.10,2.00,WIFI
74:37:5F:DA:99:47,SpectrumSetup-45,[WPA2_PSK],2025-3-26 3:48:50,11,-79,34.0464287,-117.2017899,371.10,2.00,WIFI
DC:92:72:E5:8D:AF,Frontier0087,[WPA2_PSK],2025-3-26 3:48:50,11,-82,34.0464287,-117.2017899,371.10,2.00,WIFI
F4:05:95:A1:59:9E,SpectrumSetup-98,[WPA2_PSK],2025-3-26 3:48:50,11,-82,34.0464287,-117.2017899,371.10,2.00,WIFI
F4:52:46:FF:52:46,SpectrumSetup-5249,[WPA2_PSK],2025-3-26 3:48:50,11,-84,34.0464287,-117.2017899,371.10,2.00,WIFI
80:78:71:09:36:9E,Dead space,[WPA2_PSK],2025-3-26 3:48:54,1,-75,34.0465736,-117.2018509,371.10,2.00,WIFI
24:41:FE:48:01:22,Verizon_6KNG9L,[WPA2_PSK],2025-3-26 3:48:54,1,-79,34.0465736,-117.2018509,371.10,2.00,WIFI
A8:3A:79:F5:89:A1,CK_IOT,[WPA2_PSK],2025-3-26 3:48:54,1,-80,34.0465736,-117.2018509,371.10,2.00,WIFI
A8:3A:79:F5:89:A5,CK_STORE,[WPA2],2025-3-26 3:48:54,1,-80,34.0465736,-117.2018509,371.10,2.00,WIFI
34:98:B5:01:FA:AC,NETGEAR_EXT,[OPEN],2025-3-26 3:48:54,1,-81,34.0465736,-117.2018509,371.10,2.00,WIFI
A8:3A:79:F5:89:A3,CK_STAGE,[WPA2_PSK],2025-3-26 3:48:54,1,-81,34.0465736,-117.2018509,371.10,2.00,WIFI
A8:3A:79:F5:89:A4,CK_MGR,[WPA2_PSK],2025-3-26 3:48:54,1,-81,34.0465736,-117.2018509,371.10,2.00,WIFI
C0:89:AB:4C:93:98,Frontier4992,[WPA2_PSK],2025-3-26 3:48:54,1,-84,34.0465736,-117.2018509,371.10,2.00,WIFI
F8:AA:3F:EB:53:1F,SpectrumSetup-1D,[WPA2_PSK],2025-3-26 3:48:54,1,-87,34.0465736,-117.2018509,371.10,2.00,WIFI
94:18:65:D2:FC:4F,Adulting101,[WPA2_PSK],2025-3-26 3:48:57,3,-89,34.0466270,-117.2018433,371.20,2.00,WIFI
E4:F4:C6:15:AD:8C,wtwood,[WPA_WPA2_PSK],2025-3-26 3:48:58,4,-86,34.0466690,-117.2018051,371.20,2.00,WIFI
3C:52:82:20:57:50,DIRECT-4F-HP ENVY 7640 series,[WPA2_PSK],2025-3-26 3:48:58,4,-88,34.0466690,-117.2018051,371.20,2.00,WIFI
58:9B:4A:99:F8:3E,SpectrumSetup-F83A,[WPA2_PSK],2025-3-26 3:49:0,6,-81,34.0467415,-117.2016907,371.60,2.00,WIFI
40:47:5E:C6:10:89,,[OPEN],2025-3-26 3:49:0,6,-81,34.0467415,-117.2016907,371.60,2.00,WIFI
FC:12:63:82:4E:A1,SpectrumSetup-A3,[WPA2_PSK],2025-3-26 3:49:0,6,-82,34.0467415,-117.2016907,371.60,2.00,WIFI
40:47:5E:C6:10:83,,[WPA3_PSK],2025-3-26 3:49:0,6,-82,34.0467415,-117.2016907,371.60,2.00,WIFI
40:47:5E:C6:10:86,Frontier Speedy,[WPA2_PSK],2025-3-26 3:49:0,6,-82,34.0467415,-117.2016907,371.60,2.00,WIFI
88:67:46:64:0E:E3,,[WPA3_PSK],2025-3-26 3:49:0,6,-84,34.0467415,-117.2016907,371.60,2.00,WIFI
78:76:89:2C:DE:04,,[WPA3_PSK],2025-3-26 3:49:0,6,-84,34.0467415,-117.2016907,371.60,2.00,WIFI
78:76:89:2C:DE:0A,,[OPEN],2025-3-26 3:49:0,6,-84,34.0467415,-117.2016907,371.60,2.00,WIFI
60:F4:19:79:6E:66,asshole,[WPA2_PSK],2025-3-26 3:49:0,6,-84,34.0467415,-117.2016907,371.60,2.00,WIFI
88:67:46:64:0E:E9,,[OPEN],2025-3-26 3:49:0,6,-85,34.0467415,-117.2016907,371.60,2.00,WIFI
88:67:46:64:0E:E6,Frontier16,[WPA2_PSK],2025-3-26 3:49:0,6,-85,34.0467415,-117.2016907,371.60,2.00,WIFI
78:76:89:2C:DE:07,cm,[WPA2_PSK],2025-3-26 3:49:0,6,-86,34.0467415,-117.2016907,371.60,2.00,WIFI
F8:5B:3B:37:B5:54,SpectrumSetup-56,[WPA2_PSK],2025-3-26 3:49:0,6,-89,34.0467415,-117.2016907,371.60,2.00,WIFI
08:B4:B1:E8:C4:5C,Drug Addicts Only,[WPA2_PSK],2025-3-26 3:49:0,6,-89,34.0467415,-117.2016907,371.60,2.00,WIFI
54:04:63:C8:A4:F9,,[WPA_WPA2_PSK],2025-3-26 3:49:0,7,-79,34.0467415,-117.2016907,371.60,2.00,WIFI
56:60:F9:5F:7E:1B,,[WPA2_PSK],2025-3-26 3:49:4,9,-75,34.0468864,-117.2012253,371.30,2.00,WIFI
B0:A7:B9:4A:14:FC,Ziprick,[WPA_WPA2_PSK],2025-3-26 3:49:4,9,-88,34.0468864,-117.2012253,371.30,2.00,WIFI
B6:A7:B9:4A:14:FD,Ziprick Guest,[WPA_WPA2_PSK],2025-3-26 3:49:4,9,-92,34.0468864,-117.2012253,371.30,2.00,WIFI
9C:05:D6:62:FA:5A,ManagementVds,[WPA2_WPA3_PSK],2025-3-26 3:49:6,11,-69,34.0469894,-117.2009354,371.40,2.00,WIFI
F0:81:75:08:78:E6,MySpectrumWiFie0-2G,[WPA2_PSK],2025-3-26 3:49:6,11,-79,34.0469894,-117.2009354,371.40,2.00,WIFI
08:7B:12:43:AF:E6,Frontier1383,[WPA2_PSK],2025-3-26 3:49:6,11,-80,34.0469894,-117.2009354,371.40,2.00,WIFI
D4:05:DE:84:8E:A4,,[WPA3_PSK],2025-3-26 3:49:6,11,-80,34.0469894,-117.2009354,371.40,2.00,WIFI
D4:05:DE:84:8E:AA,,[OPEN],2025-3-26 3:49:6,11,-82,34.0469894,-117.2009354,371.40,2.00,WIFI
D4:05:DE:84:8E:A7,yoyitario,[WPA2_PSK],2025-3-26 3:49:6,11,-82,34.0469894,-117.2009354,371.40,2.00,WIFI
D0:6D:C9:39:94:06,Frontier1031,[WPA2_PSK],2025-3-26 3:49:9,1,-67,34.0471764,-117.2004776,371.10,2.00,WIFI
54:B7:BD:B8:7A:FF,Verizon_B3N96G,[WPA2_PSK],2025-3-26 3:49:9,1,-79,34.0471764,-117.2004776,371.10,2.00,WIFI
96:9A:4A:B8:11:66,,[WPA2_PSK],2025-3-26 3:49:12,3,-90,34.0474091,-117.2000351,369.90,2.00,WIFI
CC:CF:83:0C:6F:E4,,[WPA_WPA2_PSK],2025-3-26 3:49:14,5,-87,34.0475616,-117.1997452,369.80,2.00,WIFI
00:5F:67:8D:F7:5E,Adobo,[WPA2_PSK],2025-3-26 3:49:14,5,-92,34.0475616,-117.1997452,369.80,2.00,WIFI
00:14:3E:1F:94:E0,GMREPCR,[WPA2_PSK],2025-3-26 3:49:15,6,-69,34.0476341,-117.1996078,369.80,2.00,WIFI
C0:6F:98:91:C9:E3,,[WPA3_PSK],2025-3-26 3:49:15,6,-69,34.0476341,-117.1996078,369.80,2.00,WIFI
C0:6F:98:91:C9:E9,,[OPEN],2025-3-26 3:49:15,6,-69,34.0476341,-117.1996078,369.80,2.00,WIFI
58:9B:4A:AF:BE:CE,Spectrum 217,[WPA2_PSK],2025-3-26 3:49:15,6,-70,34.0476341,-117.1996078,369.80,2.00,WIFI
C0:6F:98:91:C9:E6,Mint2Be,[WPA2_PSK],2025-3-26 3:49:15,6,-72,34.0476341,-117.1996078,369.80,2.00,WIFI
D2:19:21:E0:3E:23,,[WPA2_PSK],2025-3-26 3:49:15,6,-73,34.0476341,-117.1996078,369.80,2.00,WIFI
B0:19:21:E0:3E:23,Wifussy,[WPA2_PSK],2025-3-26 3:49:15,6,-74,34.0476341,-117.1996078,369.80,2.00,WIFI
90:93:5A:0D:CD:5A,Monster Club,[WPA2_PSK],2025-3-26 3:49:15,6,-80,34.0476341,-117.1996078,369.80,2.00,WIFI
74:37:5F:26:BF:83,SpectrumSetup-81,[WPA2_PSK],2025-3-26 3:49:15,6,-82,34.0476341,-117.1996078,369.80,2.00,WIFI
92:93:5A:0D:CD:2A,SBG8300Guest-F9E1,[WPA2_PSK],2025-3-26 3:49:15,6,-82,34.0476341,-117.1996078,369.80,2.00,WIFI
FC:DB:21:5A:62:99,TEST123,[WPA2_PSK],2025-3-26 3:49:15,6,-85,34.0476341,-117.1996078,369.80,2.00,WIFI
7E:2E:BD:89:0B:18,leoffice-guest,[WPA2_PSK],2025-3-26 3:49:15,6,-89,34.0476341,-117.1996078,369.80,2.00,WIFI
84:1E:A3:29:25:06,SpectrumSetup-00,[WPA2_PSK],2025-3-26 3:49:15,6,-93,34.0476341,-117.1996078,369.80,2.00,WIFI
34:68:95:FA:1E:1B,MyWifi,[WPA_WPA2_PSK],2025-3-26 3:49:15,7,-74,34.0476341,-117.1996078,369.80,2.00,WIFI
A4:11:62:CA:12:34,ARLO_VMB_2804592903,[WPA2_PSK],2025-3-26 3:49:18,9,-88,34.0478554,-117.1992035,369.60,2.00,WIFI
CE:40:D0:7D:51:58,IYBI-Guest,[WPA2_PSK],2025-3-26 3:49:18,9,-89,34.0478554,-117.1992035,369.60,2.00,WIFI
C8:7F:54:12:98:00,DeepDark,[WPA2_PSK],2025-3-26 3:49:19,10,-82,34.0479279,-117.1990662,369.70,2.00,WIFI
90:CD:B6:A1:22:2D,WIFIA12229,[WPA2_PSK],2025-3-26 3:49:20,11,-71,34.0480042,-117.1989365,369.70,2.00,WIFI
58:96:71:F3:F2:86,Virus Download,[WPA2_PSK],2025-3-26 3:49:20,11,-73,34.0480042,-117.1989365,369.70,2.00,WIFI
F8:5B:3B:D7:73:9F,SpectrumSetup-A1,[WPA2_PSK],2025-3-26 3:49:20,11,-75,34.0480042,-117.1989365,369.70,2.00,WIFI
5E:96:71:F3:F2:86,Verizon_Rod_guest,[WPA2_PSK],2025-3-26 3:49:20,11,-76,34.0480042,-117.1989365,369.70,2.00,WIFI
74:37:5F:9E:81:47,SpectrumSetup-45,[WPA2_PSK],2025-3-26 3:49:20,11,-79,34.0480042,-117.1989365,369.70,2.00,WIFI
A0:55:1F:9D:D9:00,SpectrumSetup-D8FA,[WPA2_PSK],2025-3-26 3:49:20,11,-85,34.0480042,-117.1989365,369.70,2.00,WIFI
F4:52:46:DE:52:5E,Cowboys,[WPA2_PSK],2025-3-26 3:49:20,11,-85,34.0480042,-117.1989365,369.70,2.00,WIFI
58:2F:F7:75:6B:16,SpectrumSetup-10,[WPA2_PSK],2025-3-26 3:49:20,11,-85,34.0480042,-117.1989365,369.70,2.00,WIFI
4C:AB:F8:9F:85:CD,SpectrumSetup-CF,[WPA2_PSK],2025-3-26 3:49:20,11,-86,34.0480042,-117.1989365,369.70,2.00,WIFI
C8:99:B2:19:46:F3,Verizon_CR3KDB,[WPA2_PSK],2025-3-26 3:49:21,1,-82,34.0480728,-117.1988144,369.30,2.00,WIFI
34:DB:9C:6C:3F:FE,MySpectrumWiFif8-2G,[WPA2_PSK],2025-3-26 3:49:21,1,-85,34.0480728,-117.1988144,369.30,2.00,WIFI
F8:5B:3B:1D:C8:46,SpectrumSetup-48,[WPA2_PSK],2025-3-26 3:49:21,1,-91,34.0480728,-117.1988144,369.30,2.00,WIFI
84:1E:A3:CB:20:46,MooMooMeadows,[WPA2_PSK],2025-3-26 3:49:29,6,-71,34.0483551,-117.1983490,369.30,2.00,WIFI
F0:7B:65:66:CE:5F,SpectrumSetup-CF,[WPA2_PSK],2025-3-26 3:49:29,6,-82,34.0483551,-117.1983490,369.30,2.00,WIFI
A0:8E:24:7D:72:A7,,[OPEN],2025-3-26 3:49:29,6,-83,34.0483551,-117.1983490,369.30,2.00,WIFI
3C:7C:3F:A0:70:A0,toledoendo,[WPA_WPA2_PSK],2025-3-26 3:49:30,7,-80,34.0483551,-117.1983490,369.30,2.00,WIFI
CC:40:D0:7D:51:5F,IYBI,[WPA2_PSK],2025-3-26 3:49:32,9,-74,34.0483513,-117.1983490,369.30,2.00,WIFI
CC:40:D0:05:83:4C,NETGEAR86,[WPA2_PSK],2025-3-26 3:49:32,9,-79,34.0483513,-117.1983490,369.30,2.00,WIFI
BC:96:E5:87:97:FB,SpectrumSetup-97F7,[WPA2_PSK],2025-3-26 3:49:34,11,-79,34.0483856,-117.1983032,369.30,2.00,WIFI
F0:7B:65:BC:FB:11,Jacksonfam,[WPA2_PSK],2025-3-26 3:49:34,11,-83,34.0483856,-117.1983032,369.30,2.00,WIFI
8C:85:80:66:4E:68,,[WPA_WPA2_PSK],2025-3-26 3:49:36,1,-80,34.0484810,-117.1982498,369.80,2.00,WIFI
F4:52:46:8C:88:BF,McCartneyNetwork,[WPA2_PSK],2025-3-26 3:49:36,1,-82,34.0484810,-117.1982498,369.80,2.00,WIFI
88:DE:7C:C3:9C:71,SpectrumSetup-73,[WPA2_PSK],2025-3-26 3:49:36,1,-87,34.0484810,-117.1982498,369.80,2.00,WIFI
38:2C:4A:51:8C:48,CellSpot_2.4GHz_8C48,[WPA2_PSK],2025-3-26 3:49:39,2,-84,34.0486870,-117.1983490,369.40,2.00,WIFI
F6:9F:C2:6A:88:A3,washer,[WPA2_PSK],2025-3-26 3:49:43,6,-63,34.0490799,-117.1986771,368.00,2.00,WIFI
F0:9F:C2:6A:88:A3,IT Hertz WAN IP,[WPA2_PSK],2025-3-26 3:49:43,6,-64,34.0490799,-117.1986771,368.00,2.00,WIFI
58:9B:4A:A5:02:8B,SpectrumSetup-0287,[WPA2_PSK],2025-3-26 3:49:43,6,-70,34.0490799,-117.1986771,368.00,2.00,WIFI
44:D4:53:81:E1:DE,SpectrumSetup-D8,[WPA2_PSK],2025-3-26 3:49:43,6,-72,34.0490799,-117.1986771,368.00,2.00,WIFI
4C:19:5D:97:9F:56,SpectrumSetup-50,[WPA2_PSK],2025-3-26 3:49:43,6,-79,34.0490799,-117.1986771,368.00,2.00,WIFI
60:D0:2C:76:8A:C3,Recover.Me-368AC0,[WPA2_PSK],2025-3-26 3:49:43,6,-83,34.0490799,-117.1986771,368.00,2.00,WIFI
A2:05:D6:77:73:59,TekNetRDLS,[WPA2_PSK],2025-3-26 3:49:43,6,-83,34.0490799,-117.1986771,368.00,2.00,WIFI
A6:05:D6:77:73:59,,[WPA2_PSK],2025-3-26 3:49:43,6,-83,34.0490799,-117.1986771,368.00,2.00,WIFI
F8:2D:C0:E3:02:68,Frontier9520,[WPA2_PSK],2025-3-26 3:49:43,6,-85,34.0490799,-117.1986771,368.00,2.00,WIFI
82:CC:9C:1E:8D:6E,MySpecrumWiFi8B-guest,[WPA2_PSK],2025-3-26 3:49:43,7,-74,34.0490799,-117.1986771,368.00,2.00,WIFI
80:CC:9C:1E:8D:6D,MySpectrumWiFi8B-5G,[WPA2_PSK],2025-3-26 3:49:43,7,-78,34.0490799,-117.1986771,368.00,2.00,WIFI
C2:CC:9C:1E:85:3A,MySpecrumWiFi8B-guest,[WPA2_PSK],2025-3-26 3:49:43,7,-81,34.0490799,-117.1986771,368.00,2.00,WIFI
F6:09:0D:8A:B2:9C,,[WPA2_PSK],2025-3-26 3:49:46,9,-80,34.0494232,-117.1989899,367.40,2.00,WIFI
F0:09:0D:8A:B2:9C,CD - House,[WPA2_PSK],2025-3-26 3:49:46,9,-85,34.0494232,-117.1989899,367.40,2.00,WIFI
F0:09:0D:8A:B9:D6,CD - House,[WPA2_PSK],2025-3-26 3:49:46,9,-87,34.0494232,-117.1989899,367.40,2.00,WIFI
F6:09:0D:8A:B9:D6,,[WPA2_PSK],2025-3-26 3:49:46,9,-87,34.0494232,-117.1989899,367.40,2.00,WIFI
A0:89:66:8D:EE:50,,[WPA_WPA2_PSK],2025-3-26 3:49:47,10,-84,34.0495377,-117.1991043,367.20,2.00,WIFI
F4:52:46:CF:81:0C,SpectrumSetup-810F,[WPA2_PSK],2025-3-26 3:49:48,11,-61,34.0496483,-117.1992187,367.00,2.00,WIFI
74:37:5F:9F:CF:47,SpectrumSetup-45,[WPA2_PSK],2025-3-26 3:49:48,11,-69,34.0496483,-117.1992187,367.00,2.00,WIFI
B0:FC:88:72:A7:2D,SpectrumSetup-27,[WPA2_PSK],2025-3-26 3:49:48,11,-73,34.0496483,-117.1992187,367.00,2.00,WIFI
A0:7F:8A:53:93:F1,SpectrumSetup-93EB,[WPA2_PSK],2025-3-26 3:49:48,11,-79,34.0496483,-117.1992187,367.00,2.00,WIFI
A6:05:D6:57:99:CA,TekNetRDLS,[WPA2_PSK],2025-3-26 3:49:48,11,-87,34.0496483,-117.1992187,367.00,2.00,WIFI
9C:05:D6:57:99:CA,PrivateRDLS,[WPA2_PSK],2025-3-26 3:49:48,11,-88,34.0496483,-117.1992187,367.00,2.00,WIFI
A2:05:D6:57:99:CA,,[WPA2_PSK],2025-3-26 3:49:48,11,-88,34.0496483,-117.1992187,367.00,2.00,WIFI
2C:EA:DC:B0:09:D1,Noseassapo,[WPA2_PSK],2025-3-26 3:49:51,1,-67,34.0499763,-117.1995316,366.30,2.00,WIFI
74:93:DA:0F:81:09,SpectrumSetup-0B,[WPA2_PSK],2025-3-26 3:49:51,1,-80,34.0499763,-117.1995316,366.30,2.00,WIFI
F4:52:46:8B:D4:7E,Maeves House,[WPA2_PSK],2025-3-26 3:49:51,1,-82,34.0499763,-117.1995316,366.30,2.00,WIFI
80:69:1A:0A:50:C9,_LinksysSetup0C8,[WPA2_PSK],2025-3-26 3:49:51,1,-83,34.0499763,-117.1995316,366.30,2.00,WIFI
22:23:51:EB:0F:BA,AwesomeApplesauce,[WPA2_PSK],2025-3-26 3:49:53,2,-75,34.0502205,-117.1996994,365.50,2.00,WIFI
20:23:51:EB:5C:A2,,[WPA2_PSK],2025-3-26 3:49:53,2,-87,34.0502205,-117.1996994,365.50,2.00,WIFI
34:20:E3:87:AA:78,RCS Eagles,[WPA2_PSK],2025-3-26 3:49:54,3,-86,34.0503464,-117.1997604,365.30,2.00,WIFI
00:C8:96:CD:3A:C2,,[WPA_WPA2_PSK],2025-3-26 3:49:54,3,-88,34.0503464,-117.1997604,365.30,2.00,WIFI
7C:10:C9:B4:15:00,Mochie,[WPA2_WPA3_PSK],2025-3-26 3:49:55,4,-80,34.0504723,-117.1998138,365.30,2.00,WIFI
9C:05:D6:58:0D:DA,PrivateRDLS,[WPA2_PSK],2025-3-26 3:49:57,6,-60,34.0507240,-117.1998978,365.30,2.00,WIFI
A2:05:D6:58:0D:DA,TekNetRDLS,[WPA2_PSK],2025-3-26 3:49:57,6,-61,34.0507240,-117.1998978,365.30,2.00,WIFI
D4:3F:32:79:75:86,EHAB,[WPA2_PSK],2025-3-26 3:49:57,6,-64,34.0507240,-117.1998978,365.30,2.00,WIFI
D4:3F:32:79:75:83,,[WPA3_PSK],2025-3-26 3:49:57,6,-64,34.0507240,-117.1998978,365.30,2.00,WIFI
D4:3F:32:79:75:89,,[OPEN],2025-3-26 3:49:57,6,-64,34.0507240,-117.1998978,365.30,2.00,WIFI
94:A6:7E:C3:01:FF,snes64 [2.4g],[WPA2_PSK],2025-3-26 3:49:57,6,-67,34.0507240,-117.1998978,365.30,2.00,WIFI
A6:05:D6:58:0D:DA,,[WPA2_PSK],2025-3-26 3:49:57,6,-67,34.0507240,-117.1998978,365.30,2.00,WIFI
D4:3F:32:75:40:A6,EHAB,[WPA2_PSK],2025-3-26 3:49:57,6,-70,34.0507240,-117.1998978,365.30,2.00,WIFI
78:76:89:2D:BE:E4,,[WPA3_PSK],2025-3-26 3:49:57,6,-75,34.0507240,-117.1998978,365.30,2.00,WIFI
78:76:89:2D:BE:EA,,[OPEN],2025-3-26 3:49:57,6,-75,34.0507240,-117.1998978,365.30,2.00,WIFI
78:76:89:2D:BE:E7,frontier fios,[WPA2_PSK],2025-3-26 3:49:57,6,-75,34.0507240,-117.1998978,365.30,2.00,WIFI
B0:BB:E5:25:FD:EE,GogamSatya,[WPA2_PSK],2025-3-26 3:49:57,6,-76,34.0507240,-117.1998978,365.30,2.00,WIFI
9C:05:D6:58:0C:06,PrivateRDLS,[WPA2_PSK],2025-3-26 3:49:57,6,-78,34.0507240,-117.1998978,365.30,2.00,WIFI
F6:09:0D:8A:B6:8E,,[WPA2_PSK],2025-3-26 3:50:1,9,-72,34.0512352,-117.1999512,365.00,2.00,WIFI
F0:09:0D:8A:B6:8E,CD - House,[WPA2_PSK],2025-3-26 3:50:1,9,-75,34.0512352,-117.1999512,365.00,2.00,WIFI
2C:67:BE:02:7A:78,Yingling,[WPA2_PSK],2025-3-26 3:50:3,11,-61,34.0514832,-117.1999588,365.00,2.00,WIFI
F0:7B:65:E8:99:82,SpectrumSetup-997C,[WPA2_PSK],2025-3-26 3:50:3,11,-71,34.0514832,-117.1999588,365.00,2.00,WIFI
A8:9A:93:8E:67:2E,MySpectrumWiFi28-2G,[WPA2_PSK],2025-3-26 3:50:3,11,-71,34.0514832,-117.1999588,365.00,2.00,WIFI
38:22:E2:8B:30:D5,DIRECT-D4-HP DeskJet 3700 series,[WPA2_PSK],2025-3-26 3:50:3,11,-80,34.0514832,-117.1999588,365.00,2.00,WIFI
84:1E:A3:C6:C0:B6,SpectrumSetup-B0,[WPA2_PSK],2025-3-26 3:50:3,11,-83,34.0514832,-117.1999588,365.00,2.00,WIFI
F8:5B:3B:69:2B:1B,SpectrumSetup-1D,[WPA2_PSK],2025-3-26 3:50:3,11,-85,34.0514832,-117.1999588,365.00,2.00,WIFI
B0:FC:88:18:CA:B8,SpectrumSetup-B2,[WPA2_PSK],2025-3-26 3:50:3,11,-86,34.0514832,-117.1999588,365.00,2.00,WIFI
58:96:71:08:41:C2,Verizon_YCV4TT,[WPA2_PSK],2025-3-26 3:50:6,1,-66,34.0517693,-117.1999664,365.00,2.00,WIFI
34:53:D2:DD:0D:F0,dimension20,[WPA2_PSK],2025-3-26 3:50:6,1,-83,34.0517693,-117.1999664,365.00,2.00,WIFI
20:9A:7D:21:03:06,SpectrumSetup-00,[WPA2_PSK],2025-3-26 3:50:6,1,-87,34.0517693,-117.1999664,365.00,2.00,WIFI
34:60:F9:7F:02:F4,RAA2-Teacher,[WPA2_WPA3_PSK],2025-3-26 3:50:6,1,-90,34.0517693,-117.1999664,365.00,2.00,WIFI
04:17:B6:47:A2:6F,,[WPA_WPA2_PSK],2025-3-26 3:50:6,1,-91,34.0517693,-117.1999664,365.00,2.00,WIFI
B2:91:E3:AC:11:ED,,[WPA2_PSK],2025-3-26 3:50:6,1,-92,34.0517693,-117.1999664,365.00,2.00,WIFI
34:20:E3:07:AA:78,rcsChromebooks,[WPA2_PSK],2025-3-26 3:50:9,3,-69,34.0518761,-117.1999588,365.20,2.00,WIFI
34:20:E3:C7:AA:78,RCS Device,[WPA2_PSK],2025-3-26 3:50:9,3,-69,34.0518761,-117.1999588,365.20,2.00,WIFI
54:04:63:5E:F9:33,,[WPA_WPA2_PSK],2025-3-26 3:50:9,3,-89,34.0518761,-117.1999588,365.20,2.00,WIFI
44:AC:85:4A:9F:26,Xyz,[WPA2_PSK],2025-3-26 3:50:12,6,-65,34.0519104,-117.1999588,365.50,2.00,WIFI
88:DE:7C:CC:B3:69,SpectrumSetup-6B,[WPA2_PSK],2025-3-26 3:50:12,6,-66,34.0519104,-117.1999588,365.50,2.00,WIFI
44:AC:85:4A:9F:23,,[WPA3_PSK],2025-3-26 3:50:12,6,-68,34.0519104,-117.1999588,365.50,2.00,WIFI
44:AC:85:4A:9F:29,,[OPEN],2025-3-26 3:50:12,6,-68,34.0519104,-117.1999588,365.50,2.00,WIFI
CA:08:CF:43:B6:C6,HONDA3088,[WPA2_WPA3_PSK],2025-3-26 3:50:12,6,-76,34.0519104,-117.1999588,365.50,2.00,WIFI
AC:91:9B:BF:F0:92,Verizon_CL49G3,[WPA2_PSK],2025-3-26 3:50:12,6,-77,34.0519104,-117.1999588,365.50,2.00,WIFI
D4:3F:32:78:F4:06,EHAB,[WPA2_PSK],2025-3-26 3:50:12,6,-79,34.0519104,-117.1999588,365.50,2.00,WIFI
44:AD:B1:4B:25:36,SpectrumSetup-30,[WPA2_PSK],2025-3-26 3:50:12,6,-83,34.0519104,-117.1999588,365.50,2.00,WIFI
D4:3F:32:78:F4:09,,[OPEN],2025-3-26 3:50:12,6,-83,34.0519104,-117.1999588,365.50,2.00,WIFI
94:F6:65:CD:67:F8,RCS Device,[WPA2_PSK],2025-3-26 3:50:12,7,-84,34.0519104,-117.1999588,365.50,2.00,WIFI
94:F6:65:8D:67:F8,RCS Eagles,[WPA2_PSK],2025-3-26 3:50:12,7,-89,34.0519104,-117.1999588,365.50,2.00,WIFI
10:DA:43:4B:7D:0C,NETGEAR-3G,[WPA2_PSK],2025-3-26 3:50:14,8,-89,34.0520325,-117.1999588,365.70,2.00,WIFI
A0:89:66:EA:77:FC,,[WPA_WPA2_PSK],2025-3-26 3:50:15,9,-67,34.0521126,-117.1999664,365.70,2.00,WIFI
5C:DF:89:DF:70:B8,RCS Device,[WPA2_PSK],2025-3-26 3:50:16,10,-68,34.0522079,-117.1999664,365.80,2.00,WIFI
5C:DF:89:9F:70:B8,RCS Eagles,[WPA2_PSK],2025-3-26 3:50:16,10,-68,34.0522079,-117.1999664,365.80,2.00,WIFI
5C:DF:89:1F:70:B8,rcsChromebooks,[WPA2_PSK],2025-3-26 3:50:16,10,-70,34.0522079,-117.1999664,365.80,2.00,WIFI
00:33:58:DE:83:83,Recover.Me-1E8380,[WPA2_PSK],2025-3-26 3:50:16,10,-81,34.0522079,-117.1999664,365.80,2.00,WIFI
48:5D:36:68:0D:38,FiOS-Q379R office,[WPA2_PSK],2025-3-26 3:50:17,11,-79,34.0523109,-117.1999664,365.80,2.00,WIFI
00:16:78:0A:09:C4,FiOS-Q379R office-Ext,[WPA2_PSK],2025-3-26 3:50:17,11,-85,34.0523109,-117.1999664,365.80,2.00,WIFI
BC:F8:7E:96:2E:14,Verizon_CL49G3,[WPA2_PSK],2025-3-26 3:50:20,1,-74,34.0526657,-117.1999741,366.20,2.00,WIFI
F8:28:19:F2:87:DF,,[WPA2_PSK],2025-3-26 3:50:20,1,-76,34.0526657,-117.1999741,366.20,2.00,WIFI
A0:7F:8A:2D:F3:C1,SpectrumSetup-F3BB,[WPA2_PSK],2025-3-26 3:50:20,1,-79,34.0526657,-117.1999741,366.20,2.00,WIFI
3A:60:F9:7F:02:F4,RAA2-Secure,[WPA2_WPA3_PSK],2025-3-26 3:50:20,1,-80,34.0526657,-117.1999741,366.20,2.00,WIFI
3E:60:F9:7F:02:F4,RAA2-4,[WPA_WPA2_PSK],2025-3-26 3:50:20,1,-82,34.0526657,-117.1999741,366.20,2.00,WIFI
44:AC:85:A0:9F:09,,[OPEN],2025-3-26 3:50:20,1,-85,34.0526657,-117.1999741,366.20,2.00,WIFI
34:53:D2:C0:E5:4A,60dollarsifyounasty,[WPA2_PSK],2025-3-26 3:50:20,1,-93,34.0526657,-117.1999741,366.20,2.00,WIFI
5C:DF:89:9F:71:38,RCS Eagles,[WPA2_PSK],2025-3-26 3:50:23,3,-81,34.0530663,-117.1999817,366.90,2.00,WIFI
5C:DF:89:1F:71:38,rcsChromebooks,[WPA2_PSK],2025-3-26 3:50:23,3,-85,34.0530663,-117.1999817,366.90,2.00,WIFI
3C:37:86:B5:A0:E2,RCS-Lx,[WPA2_PSK],2025-3-26 3:50:23,3,-86,34.0530663,-117.1999817,366.90,2.00,WIFI
C4:41:1E:BD:2D:BE,ACAM32-2G,[WPA2_WPA3_PSK],2025-3-26 3:50:23,3,-86,34.0530663,-117.1999817,366.90,2.00,WIFI
3C:46:A1:BB:F2:E8,RCS Eagles,[WPA2_PSK],2025-3-26 3:50:24,4,-78,34.0532150,-117.1999817,367.10,2.00,WIFI
3C:46:A1:3B:F2:E8,rcsChromebooks,[WPA2_PSK],2025-3-26 3:50:24,4,-80,34.0532150,-117.1999817,367.10,2.00,WIFI
3C:46:A1:FB:F2:E8,RCS Device,[WPA2_PSK],2025-3-26 3:50:24,4,-80,34.0532150,-117.1999817,367.10,2.00,WIFI
3C:46:A1:BD:8D:A8,RCS Eagles,[WPA2_PSK],2025-3-26 3:50:24,4,-89,34.0532150,-117.1999817,367.10,2.00,WIFI
C8:03:F5:EC:16:F8,RCS Device,[WPA2_PSK],2025-3-26 3:50:25,5,-87,34.0533676,-117.1999817,367.30,2.00,WIFI
C8:03:F5:AC:16:F8,RCS Eagles,[WPA2_PSK],2025-3-26 3:50:25,5,-89,34.0533676,-117.1999817,367.30,2.00,WIFI
94:F6:65:0D:67:68,rcsChromebooks,[WPA2_PSK],2025-3-26 3:50:26,6,-78,34.0535202,-117.1999817,367.40,2.00,WIFI
94:F6:65:8D:67:68,RCS Eagles,[WPA2_PSK],2025-3-26 3:50:26,6,-78,34.0535202,-117.1999817,367.40,2.00,WIFI
94:F6:65:CD:67:68,RCS Device,[WPA2_PSK],2025-3-26 3:50:26,6,-79,34.0535202,-117.1999817,367.40,2.00,WIFI
7E:57:58:32:1E:D4,DIRECT-D4-HP M479fdw Color LJ,[WPA2_PSK],2025-3-26 3:50:26,6,-83,34.0535202,-117.1999817,367.40,2.00,WIFI
94:F6:65:0D:67:F8,rcsChromebooks,[WPA2_PSK],2025-3-26 3:50:27,7,-88,34.0536728,-117.1999817,367.50,2.00,WIFI
5C:DF:89:9F:8A:68,RCS Eagles,[WPA2_PSK],2025-3-26 3:50:28,8,-81,34.0538254,-117.1999817,367.50,2.00,WIFI
5C:DF:89:1F:8A:68,rcsChromebooks,[WPA2_PSK],2025-3-26 3:50:28,8,-83,34.0538254,-117.1999817,367.50,2.00,WIFI
5C:DF:89:DF:8A:68,RCS Device,[WPA2_PSK],2025-3-26 3:50:28,8,-83,34.0538254,-117.1999817,367.50,2.00,WIFI
C0:C7:0A:B3:E0:E8,RCS Eagles,[WPA2_PSK],2025-3-26 3:50:29,9,-92,34.0539703,-117.1999817,367.50,2.00,WIFI
62:83:E7:25:98:0C,,[WPA2_PSK],2025-3-26 3:50:29,9,-92,34.0539703,-117.1999817,367.50,2.00,WIFI
60:83:E7:75:98:0C,Netgear27,[WPA2_PSK],2025-3-26 3:50:29,9,-94,34.0539703,-117.1999817,367.50,2.00,WIFI
E4:C3:2A:E5:D3:18,RAA2-Teacher,[WPA2_PSK],2025-3-26 3:50:31,11,-80,34.0542641,-117.1999817,367.30,2.00,WIFI
0A:5F:67:80:B3:16,RAA2-4,[WPA_WPA2_PSK],2025-3-26 3:50:31,11,-89,34.0542641,-117.1999817,367.30,2.00,WIFI
F8:E4:FB:5A:C7:A1,R5YFB,[WPA2_PSK],2025-3-26 3:50:34,1,-64,34.0546913,-117.1999817,367.00,2.00,WIFI
2E:58:B9:98:3C:14,DIRECT-14-HP OfficeJet Pro 8020,[WPA2_PSK],2025-3-26 3:50:34,1,-80,34.0546913,-117.1999817,367.00,2.00,WIFI
2C:58:4F:03:57:88,Frontier3264,[WPA2_PSK],2025-3-26 3:50:34,1,-82,34.0546913,-117.1999817,367.00,2.00,WIFI
56:13:79:5F:A6:BC,DIRECT-4qMFC-L5900DW_BRa6bc,[WPA2_PSK],2025-3-26 3:50:34,1,-88,34.0546913,-117.1999817,367.00,2.00,WIFI
6C:8B:D3:EF:A5:00,802_HHA,[WPA2_PSK],2025-3-26 3:50:34,1,-91,34.0546913,-117.1999817,367.00,2.00,WIFI
6C:8B:D3:EF:A5:01,iot_net,[OPEN],2025-3-26 3:50:34,1,-91,34.0546913,-117.1999817,367.00,2.00,WIFI
6C:8B:D3:EF:A5:02,guest_net,[OPEN],2025-3-26 3:50:34,1,-91,34.0546913,-117.1999817,367.00,2.00,WIFI
3C:46:A1:B8:D8:18,RCS Eagles,[WPA2_PSK],2025-3-26 3:50:37,3,-68,34.0550957,-117.1999817,366.60,2.00,WIFI
54:47:CC:F5:BE:C6,VelaMTN,[WPA2_PSK],2025-3-26 3:50:40,6,-71,34.0555077,-117.1999893,366.40,2.00,WIFI
F8:E4:FB:97:67:20,G9V2J,[WPA2_PSK],2025-3-26 3:50:40,6,-91,34.0555077,-117.1999893,366.40,2.00,WIFI
B4:B0:24:2F:F9:16,SPDI01,[WPA_WPA2_PSK],2025-3-26 3:50:40,6,-91,34.0555077,-117.1999893,366.40,2.00,WIFI
6C:5A:B0:A2:7F:00,SPDI01,[WPA_WPA2_PSK],2025-3-26 3:50:45,11,-77,34.0561829,-117.1999969,366.20,2.00,WIFI
2C:00:AB:94:AC:C0,Frontier9632,[WPA2_PSK],2025-3-26 3:50:45,11,-82,34.0561829,-117.1999969,366.20,2.00,WIFI
2E:00:AB:94:AC:C1,Shippoint,[WPA_WPA2_PSK],2025-3-26 3:50:45,11,-83,34.0561829,-117.1999969,366.20,2.00,WIFI
08:7B:12:48:78:46,Frontier1739,[WPA2_PSK],2025-3-26 3:50:45,11,-92,34.0561829,-117.1999969,366.20,2.00,WIFI
34:5D:9E:C3:19:E6,Frontier0415,[WPA2_PSK],2025-3-26 3:50:45,11,-94,34.0561829,-117.1999969,366.20,2.00,WIFI
9C:53:22:C6:E3:E2,SPDI01,[WPA_WPA2_PSK],2025-3-26 3:50:48,1,-76,34.0565834,-117.2000122,366.10,2.00,WIFI
F8:6B:D9:FD:67:41,Esri-Internal,[WPA2],2025-3-26 3:50:48,1,-83,34.0565834,-117.2000122,366.10,2.00,WIFI
F8:6B:D9:FD:67:40,ESRI-Guest,[WPA_WPA2_PSK],2025-3-26 3:50:48,1,-85,34.0565834,-117.2000122,366.10,2.00,WIFI
B4:B0:24:2F:F6:CE,SPDI01,[WPA_WPA2_PSK],2025-3-26 3:50:48,1,-86,34.0565834,-117.2000122,366.10,2.00,WIFI
28:74:F5:01:00:2B,HeartStart TC - Guest,[WPA2_WPA3_PSK],2025-3-26 3:50:48,1,-91,34.0565834,-117.2000122,366.10,2.00,WIFI
4C:36:4E:E0:87:6E,Panasonic_Camera,[WPA2_PSK],2025-3-26 3:50:48,1,-92,34.0565834,-117.2000122,366.10,2.00,WIFI
C4:04:15:56:90:FD,SCS,[WPA2_PSK],2025-3-26 3:50:50,2,-91,34.0568466,-117.2000275,365.80,2.00,WIFI
18:B1:69:8F:50:14,KGFwifi,[WPA2_PSK],2025-3-26 3:50:52,4,-90,34.0571022,-117.2000275,365.50,2.00,WIFI
FC:12:63:82:5B:A5,SpectrumSetup-A7,[WPA2_PSK],2025-3-26 3:50:54,6,-74,34.0573692,-117.2000351,365.00,2.00,WIFI
D6:6A:6A:B2:DD:43,DIRECT-43-HP M102 LaserJet,[WPA2_PSK],2025-3-26 3:50:54,6,-86,34.0573692,-117.2000351,365.00,2.00,WIFI
74:93:DA:8C:84:51,SpectrumSetup-53,[WPA2_PSK],2025-3-26 3:50:54,6,-90,34.0573692,-117.2000351,365.00,2.00,WIFI
B0:FC:88:28:86:14,SpectrumSetup-0E,[WPA2_PSK],2025-3-26 3:50:54,6,-90,34.0573692,-117.2000351,365.00,2.00,WIFI
28:87:BA:D2:65:5A,SPDI01,[WPA_WPA2_PSK],2025-3-26 3:50:54,6,-93,34.0573692,-117.2000351,365.00,2.00,WIFI
A6:C9:EB:0A:A1:05,,[WPA2_PSK],2025-3-26 3:50:57,9,-96,34.0577621,-117.2000351,364.70,2.00,WIFI
AC:91:9B:B9:30:CC,Verizon_9RQJX4,[WPA2_PSK],2025-3-26 3:50:59,11,-69,34.0580330,-117.2000351,364.80,2.00,WIFI
E8:9F:80:1A:6A:41,Linksys04451,[WPA2_PSK],2025-3-26 3:50:59,11,-76,34.0580330,-117.2000351,364.80,2.00,WIFI
C0:89:AB:4A:94:F8,Frontier4272,[WPA2_PSK],2025-3-26 3:50:59,11,-78,34.0580330,-117.2000351,364.80,2.00,WIFI
D0:6D:C9:39:E9:36,Frontier0521,[WPA2_PSK],2025-3-26 3:50:59,11,-83,34.0580330,-117.2000351,364.80,2.00,WIFI
38:88:71:00:8E:3A,Verizon_RK6V9B,[WPA2_PSK],2025-3-26 3:50:59,11,-87,34.0580330,-117.2000351,364.80,2.00,WIFI
B8:66:85:5C:6A:26,MySpectrumWiFi20-2G,[WPA2_PSK],2025-3-26 3:50:59,11,-88,34.0580330,-117.2000351,364.80,2.00,WIFI
4C:12:65:29:72:38,Frontier7328,[WPA2_PSK],2025-3-26 3:50:59,11,-88,34.0580330,-117.2000351,364.80,2.00,WIFI
DC:92:72:E5:1B:AF,Frontier0071,[WPA2_PSK],2025-3-26 3:50:59,11,-90,34.0580330,-117.2000351,364.80,2.00,WIFI
58:EF:68:4B:AC:8A,LinksysVivint09819,[WPA_WPA2_PSK],2025-3-26 3:50:59,11,-92,34.0580330,-117.2000351,364.80,2.00,WIFI
64:67:72:8F:28:9C,TMOBILE-289A,[WPA2_WPA3_PSK],2025-3-26 3:51:0,1,-69,34.0581627,-117.2000351,364.80,2.00,WIFI
A8:9A:93:8F:95:DE,MySpectrumWiFid8-2G,[WPA2_PSK],2025-3-26 3:51:0,1,-77,34.0581627,-117.2000351,364.80,2.00,WIFI
F0:81:75:07:F8:E6,MySpectrumWiFie0-2G,[WPA2_PSK],2025-3-26 3:51:0,1,-80,34.0581627,-117.2000351,364.80,2.00,WIFI
78:45:58:EB:F2:8A,mphwireless,[WPA2_PSK],2025-3-26 3:51:0,1,-87,34.0581627,-117.2000351,364.80,2.00,WIFI
2C:00:AB:A8:A3:C8,Frontier8048,[WPA2_PSK],2025-3-26 3:51:0,1,-87,34.0581627,-117.2000351,364.80,2.00,WIFI
E2:55:7D:48:50:C2,CityThatWorks,[WPA2],2025-3-26 3:51:0,1,-92,34.0581627,-117.2000351,364.80,2.00,WIFI
E2:55:7D:48:50:C1,,[WPA_WPA2_PSK],2025-3-26 3:51:0,1,-93,34.0581627,-117.2000351,364.80,2.00,WIFI
7A:45:58:9B:F2:8A,mph-guest,[WPA2_PSK],2025-3-26 3:51:0,1,-93,34.0581627,-117.2000351,364.80,2.00,WIFI
08:55:31:F0:8D:89,NextDVP-U000212085314,[WPA_WPA2_PSK],2025-3-26 3:51:5,3,-77,34.0588150,-117.2000351,364.90,2.00,WIFI
A2:C9:EB:F1:8E:2D,RaeMain,[WPA2_PSK],2025-3-26 3:51:6,4,-77,34.0589409,-117.2000351,365.00,2.00,WIFI
58:9B:4A:96:9A:B2,SpectrumSetup-9AAE,[WPA2_PSK],2025-3-26 3:51:8,6,-71,34.0591927,-117.2000351,364.90,2.00,WIFI
74:93:DA:0F:2B:49,GandGSmog,[WPA2_PSK],2025-3-26 3:51:8,6,-85,34.0591927,-117.2000351,364.90,2.00,WIFI
B0:FC:88:03:6F:76,Frontier2376,[WPA2_PSK],2025-3-26 3:51:8,6,-86,34.0591927,-117.2000351,364.90,2.00,WIFI
FA:8F:CA:72:F1:84,LG_Speaker_S90TR_8213,[OPEN],2025-3-26 3:51:8,6,-91,34.0591927,-117.2000351,364.90,2.00,WIFI
3A:70:4E:C1:E3:A2,,[WPA2_PSK],2025-3-26 3:51:8,6,-95,34.0591927,-117.2000351,364.90,2.00,WIFI
A2:C9:EB:0A:A1:05,ORBI64,[WPA2_PSK],2025-3-26 3:51:11,9,-83,34.0595512,-117.2000427,364.80,2.00,WIFI
D0:6D:C9:39:71:86,Frontier0478,[WPA2_PSK],2025-3-26 3:51:13,11,-75,34.0597801,-117.2000504,364.80,2.00,WIFI
B0:FC:88:03:D7:E6,Frontier0072,[WPA2_PSK],2025-3-26 3:51:13,11,-88,34.0597801,-117.2000504,364.80,2.00,WIFI
D0:6D:C9:39:F2:C6,Frontier0674,[WPA2_PSK],2025-3-26 3:51:13,11,-91,34.0597801,-117.2000504,364.80,2.00,WIFI
D0:6D:C9:32:5F:86,Frontier0174,[WPA2_PSK],2025-3-26 3:51:13,11,-92,34.0597801,-117.2000504,364.80,2.00,WIFI
F0:7F:06:9D:78:A0,redlandspd,[WPA2],2025-3-26 3:51:13,11,-92,34.0597801,-117.2000504,364.80,2.00,WIFI
BE:0F:F3:52:91:65,DIRECT-65-HP OfficeJet Pro 7740,[WPA2_PSK],2025-3-26 3:51:17,1,-70,34.0601501,-117.2000580,364.80,2.00,WIFI
82:15:44:2D:36:A4,Redlands Ford,[WPA_WPA2_PSK],2025-3-26 3:51:17,1,-82,34.0601501,-117.2000580,364.80,2.00,WIFI
02:EC:DA:35:E8:F5,,[WPA2_PSK],2025-3-26 3:51:17,1,-82,34.0601501,-117.2000580,364.80,2.00,WIFI
FC:EC:DA:35:E8:F5,DG1670A62,[WPA2_PSK],2025-3-26 3:51:17,1,-87,34.0601501,-117.2000580,364.80,2.00,WIFI
72:C3:2A:1A:48:F9,DG1670A62_EXT,[WPA2_PSK],2025-3-26 3:51:17,1,-87,34.0601501,-117.2000580,364.80,2.00,WIFI
DA:31:34:7E:0E:0A,,[WPA2_PSK],2025-3-26 3:51:17,1,-89,34.0601501,-117.2000580,364.80,2.00,WIFI
C8:9E:43:08:F3:E0,Temp QuickLanes,[WPA2_PSK],2025-3-26 3:51:17,1,-92,34.0601501,-117.2000580,364.80,2.00,WIFI
82:45:58:27:E8:19,,[WPA2_PSK],2025-3-26 3:51:17,1,-95,34.0601501,-117.2000580,364.80,2.00,WIFI
82:15:44:2D:35:6C,Redlands Ford,[WPA_WPA2_PSK],2025-3-26 3:51:22,6,-96,34.0603752,-117.2000656,364.80,2.00,WIFI
18:B1:69:8F:5B:C4,KGFwifi,[WPA2_PSK],2025-3-26 3:51:24,8,-85,34.0603981,-117.2000656,364.80,2.00,WIFI
18:B1:69:E9:7B:D4,KGFwifi,[WPA2_PSK],2025-3-26 3:51:24,8,-92,34.0603981,-117.2000656,364.80,2.00,WIFI
18:B1:69:7B:96:38,KGFwifi,[WPA2_PSK],2025-3-26 3:51:25,9,-83,34.0603981,-117.2000656,364.80,2.00,WIFI
0E:96:E6:C1:D6:B3,DIRECT-KJHL-L2370DW_BRd6b3,[WPA2_PSK],2025-3-26 3:51:27,11,-91,34.0603981,-117.2000656,364.70,2.00,WIFI
98:1E:19:56:4E:FE,MySpectrumWiFif8-2G,[WPA2_PSK],2025-3-26 3:51:30,1,-86,34.0603981,-117.2000656,364.50,2.00,WIFI
04:7B:CB:25:71:FB,Ring-2571fb,[OPEN],2025-3-26 3:51:30,1,-92,34.0603981,-117.2000656,364.50,2.00,WIFI
88:DC:97:41:F2:30,DynastySuites,[WPA2_WPA3_PSK],2025-3-26 3:51:30,1,-94,34.0603981,-117.2000656,364.50,2.00,WIFI
18:B1:69:8F:CA:A0,KGFwifi,[WPA2_PSK],2025-3-26 3:51:33,3,-81,34.0603981,-117.2000656,364.40,2.00,WIFI
18:B1:69:E9:57:17,KGFwifi,[WPA2_PSK],2025-3-26 3:51:34,4,-93,34.0603981,-117.2000656,364.30,2.00,WIFI
A0:89:66:8D:ED:50,,[WPA_WPA2_PSK],2025-3-26 3:51:39,9,-94,34.0603981,-117.2000656,364.10,2.00,WIFI
E2:55:7D:48:50:62,CityThatWorks,[WPA2],2025-3-26 3:51:44,1,-87,34.0603981,-117.2000656,363.90,2.00,WIFI
00:30:44:25:C8:37,FEMS,[WPA2_PSK],2025-3-26 3:51:44,1,-91,34.0603981,-117.2000656,363.90,2.00,WIFI
E2:55:7D:48:50:61,,[WPA_WPA2_PSK],2025-3-26 3:51:44,1,-91,34.0603981,-117.2000656,363.90,2.00,WIFI
00:30:44:59:64:03,IBR600C-402,[WPA2_PSK],2025-3-26 3:51:50,6,-94,34.0604324,-117.2000656,363.70,2.00,WIFI
E8:9F:80:6A:E1:22,quicklane10,[WPA2_PSK],2025-3-26 3:51:51,7,-90,34.0604744,-117.2000656,363.60,2.00,WIFI
82:15:44:2D:3B:64,Redlands Ford,[WPA_WPA2_PSK],2025-3-26 3:51:55,11,-91,34.0607262,-117.2000656,363.60,2.00,WIFI
D0:21:F9:FE:18:DB,BHACc,[WPA2_PSK],2025-3-26 3:51:58,1,-82,34.0609436,-117.2000580,363.40,2.00,WIFI
7E:45:58:27:E8:21,ATD Guest,[WPA2_PSK],2025-3-26 3:51:58,1,-82,34.0609436,-117.2000580,363.40,2.00,WIFI
82:45:58:27:E8:21,,[WPA2_PSK],2025-3-26 3:51:58,1,-83,34.0609436,-117.2000580,363.40,2.00,WIFI
F2:38:83:2A:DA:FA,,[WPA2_PSK],2025-3-26 3:51:58,1,-89,34.0609436,-117.2000580,363.40,2.00,WIFI
EE:38:83:2A:DA:FA,TBCC-Scan,[WPA2_PSK],2025-3-26 3:51:58,1,-90,34.0609436,-117.2000580,363.40,2.00,WIFI
EA:38:83:2A:DA:FA,TBCC,[WPA2_PSK],2025-3-26 3:51:58,1,-91,34.0609436,-117.2000580,363.40,2.00,WIFI
3C:8C:F8:F9:0A:BB,TRENDnet740_RFJA,[WPA2],2025-3-26 3:51:58,1,-94,34.0609436,-117.2000580,363.40,2.00,WIFI
F6:9F:C2:D1:4F:5D,BHACi,[WPA2_PSK],2025-3-26 3:52:4,6,-67,34.0614891,-117.2000580,363.60,2.00,WIFI
F0:9F:C2:D1:4F:5D,BHAC,[WPA2_PSK],2025-3-26 3:52:4,6,-68,34.0614891,-117.2000580,363.60,2.00,WIFI
FC:EC:DA:32:A0:26,BHAC,[WPA2_PSK],2025-3-26 3:52:4,6,-82,34.0614891,-117.2000580,363.60,2.00,WIFI
CC:C2:61:33:8C:2E,Driveri:6603020184,[WPA_WPA2_PSK],2025-3-26 3:52:4,6,-83,34.0614891,-117.2000580,363.60,2.00,WIFI
02:EC:DA:32:A2:7C,BHACi,[WPA2_PSK],2025-3-26 3:52:4,6,-88,34.0614891,-117.2000580,363.60,2.00,WIFI
7C:9E:BD:9C:46:B5,Driveri VBUS: 7C9EBD9C46B6,[WPA2_PSK],2025-3-26 3:52:4,6,-90,34.0614891,-117.2000580,363.60,2.00,WIFI
A8:9A:93:C6:DE:0E,MySpectrumWiFi08-2G,[WPA2_PSK],2025-3-26 3:52:9,11,-72,34.0620193,-117.2000656,363.40,2.00,WIFI
06:8D:DB:93:54:1D,Taco Bell WiFi,[OPEN],2025-3-26 3:52:9,11,-85,34.0620193,-117.2000656,363.40,2.00,WIFI
0A:8D:DB:93:54:1D,Iwifi,[WPA_WPA2_PSK],2025-3-26 3:52:9,11,-86,34.0620193,-117.2000656,363.40,2.00,WIFI
26:8D:DB:93:54:1D,WKFMTB WiFi,[WPA2_PSK],2025-3-26 3:52:9,11,-86,34.0620193,-117.2000656,363.40,2.00,WIFI
02:8D:DB:93:54:1D,vendorwifi,[WPA2_PSK],2025-3-26 3:52:9,11,-87,34.0620193,-117.2000656,363.40,2.00,WIFI
F8:08:4F:D2:4A:46,Boost Mobile Wifi-2.4,[WPA2_PSK],2025-3-26 3:52:12,1,-68,34.0622902,-117.2000732,363.30,2.00,WIFI
26:8D:DB:93:54:BD,,[WPA2_PSK],2025-3-26 3:52:12,1,-82,34.0622902,-117.2000732,363.30,2.00,WIFI
06:8D:DB:93:54:BD,Taco Bell WiFi,[OPEN],2025-3-26 3:52:12,1,-85,34.0622902,-117.2000732,363.30,2.00,WIFI
02:8D:DB:93:54:BD,vendorwifi,[WPA2_PSK],2025-3-26 3:52:12,1,-85,34.0622902,-117.2000732,363.30,2.00,WIFI
32:8D:DB:93:54:BD,,[WPA2],2025-3-26 3:52:12,1,-85,34.0622902,-117.2000732,363.30,2.00,WIFI
4C:19:5D:12:02:CD,SpectrumSetup-C7,[WPA2_PSK],2025-3-26 3:52:12,1,-85,34.0622902,-117.2000732,363.30,2.00,WIFI
2E:8D:DB:93:54:BD,,[WPA2_PSK],2025-3-26 3:52:12,1,-86,34.0622902,-117.2000732,363.30,2.00,WIFI
12:8D:DB:93:54:BD,DT Tab Wifi,[WPA2_PSK],2025-3-26 3:52:12,1,-86,34.0622902,-117.2000732,363.30,2.00,WIFI
64:05:E4:64:99:02,CarPlay_9902,[WPA2_PSK],2025-3-26 3:52:12,1,-86,34.0622902,-117.2000732,363.30,2.00,WIFI
0C:8D:DB:93:54:BD,,[WPA2_PSK],2025-3-26 3:52:12,1,-87,34.0622902,-117.2000732,363.30,2.00,WIFI
0A:8D:DB:93:54:BD,,[WPA_WPA2_PSK],2025-3-26 3:52:12,1,-88,34.0622902,-117.2000732,363.30,2.00,WIFI
C4:04:15:00:D5:85,30850-HH,[WPA2_PSK],2025-3-26 3:52:12,1,-88,34.0622902,-117.2000732,363.30,2.00,WIFI
CA:2C:4F:BB:CB:F6,HiSmart-01-ca2c4fbbcbf6,[OPEN],2025-3-26 3:52:15,3,-84,34.0625038,-117.2000961,363.40,2.00,WIFI
58:B6:33:37:26:88,Citrus Suites,[OPEN],2025-3-26 3:52:15,3,-84,34.0625038,-117.2000961,363.40,2.00,WIFI
E8:AD:A6:66:57:3E,MySpectrumWiFi38-2G,[WPA2_PSK],2025-3-26 3:52:18,6,-78,34.0626831,-117.2000961,363.20,2.00,WIFI
AE:86:74:E2:73:A7,,[WPA3_PSK],2025-3-26 3:52:18,6,-82,34.0626831,-117.2000961,363.20,2.00,WIFI
AC:86:74:E2:73:A5,OtterPOS,[WPA2_PSK],2025-3-26 3:52:18,6,-85,34.0626831,-117.2000961,363.20,2.00,WIFI
AC:86:74:E2:73:A2,Cocos Redlands #535 WiFi,[OPEN],2025-3-26 3:52:18,6,-85,34.0626831,-117.2000961,363.20,2.00,WIFI
C6:55:A8:93:6B:61,,[WPA2_PSK],2025-3-26 3:52:18,6,-87,34.0626831,-117.2000961,363.20,2.00,WIFI
EE:55:A8:93:6B:61,LMS,[WPA_WPA2_PSK],2025-3-26 3:52:18,6,-88,34.0626831,-117.2000961,363.20,2.00,WIFI
C8:B4:22:78:C5:8B,MySpectrumWiFi8D-2G,[WPA2_PSK],2025-3-26 3:52:18,6,-90,34.0626831,-117.2000961,363.20,2.00,WIFI
EE:55:A8:B3:8A:3C,PJ_Guest,[WPA2_PSK],2025-3-26 3:52:23,11,-67,34.0627136,-117.2000961,362.80,2.00,WIFI
E4:55:A8:B3:8A:3C,,[WPA2_PSK],2025-3-26 3:52:23,11,-67,34.0627136,-117.2000961,362.80,2.00,WIFI
E2:55:A8:B3:8A:3C,,[WPA2_PSK],2025-3-26 3:52:23,11,-68,34.0627136,-117.2000961,362.80,2.00,WIFI
DA:55:A8:B3:8A:3C,,[WPA2_PSK],2025-3-26 3:52:23,11,-69,34.0627136,-117.2000961,362.80,2.00,WIFI
DA:31:34:D8:F8:04,DIRECT-roku-628-0432DC,[WPA2_PSK],2025-3-26 3:52:23,11,-78,34.0627136,-117.2000961,362.80,2.00,WIFI
60:19:71:F3:5B:A0,DG1670AA2,[WPA2_PSK],2025-3-26 3:52:23,11,-82,34.0627136,-117.2000961,362.80,2.00,WIFI
E4:55:A8:93:6B:4D,PIT,[WPA2_PSK],2025-3-26 3:52:25,1,-80,34.0627136,-117.2000961,362.60,2.00,WIFI
E2:55:A8:93:6B:4D,P13,[WPA2_PSK],2025-3-26 3:52:25,1,-80,34.0627136,-117.2000961,362.60,2.00,WIFI
EE:55:A8:93:6B:4D,LMS,[WPA_WPA2_PSK],2025-3-26 3:52:25,1,-81,34.0627136,-117.2000961,362.60,2.00,WIFI
EA:55:A8:93:6B:4D,El Pollo Loco Free Guest WiFi,[OPEN],2025-3-26 3:52:25,1,-83,34.0627136,-117.2000961,362.60,2.00,WIFI
C6:55:A8:93:6B:4D,,[WPA2_PSK],2025-3-26 3:52:25,1,-84,34.0627136,-117.2000961,362.60,2.00,WIFI
CE:55:A8:93:6B:4D,PIT 2.4,[WPA_WPA2_PSK],2025-3-26 3:52:25,1,-86,34.0627136,-117.2000961,362.60,2.00,WIFI
68:3A:1E:84:78:B8,Carl's Jr. Guest WiFi,[OPEN],2025-3-26 3:52:25,1,-93,34.0627136,-117.2000961,362.60,2.00,WIFI
E6:8D:8C:41:CF:45,Motel 6 Redlands 2,[WPA2_PSK],2025-3-26 3:52:25,1,-93,34.0627136,-117.2000961,362.60,2.00,WIFI
88:DC:96:9B:ED:3F,DynastySuites,[WPA2_WPA3_PSK],2025-3-26 3:52:29,3,-92,34.0627136,-117.2000961,362.50,2.00,WIFI
E4:55:A8:93:6B:61,PIT,[WPA2_PSK],2025-3-26 3:52:32,6,-85,34.0627136,-117.2000961,362.50,2.00,WIFI
E2:55:A8:93:6B:61,P13,[WPA2_PSK],2025-3-26 3:52:32,6,-88,34.0627136,-117.2000961,362.50,2.00,WIFI
A8:C0:EA:B7:D7:09,Optus,[WPA3_PSK],2025-3-26 3:52:32,6,-93,34.0627136,-117.2000961,362.50,2.00,WIFI
94:10:3E:86:D7:BC,service,[WPA_WPA2_PSK],2025-3-26 3:52:36,10,-91,34.0627136,-117.2000961,362.40,2.00,WIFI
74:37:5F:A7:CA:8B,SpectrumSetup-89,[WPA2_PSK],2025-3-26 3:52:37,11,-76,34.0627136,-117.2000961,362.40,2.00,WIFI
08:33:ED:BF:2D:2D,SpectrumSetup-2F,[WPA2_PSK],2025-3-26 3:52:46,6,-81,34.0627136,-117.2000961,362.10,2.00,WIFI
CE:55:A8:93:6B:61,PIT 2.4,[WPA_WPA2_PSK],2025-3-26 3:52:46,6,-85,34.0627136,-117.2000961,362.10,2.00,WIFI
DA:55:A8:93:6B:61,,[WPA2_PSK],2025-3-26 3:52:46,6,-87,34.0627136,-117.2000961,362.10,2.00,WIFI
2E:8D:DB:93:54:1D,,[WPA2_PSK],2025-3-26 3:52:51,11,-83,34.0627136,-117.2000961,361.90,2.00,WIFI
10:DA:43:3A:31:04,e37c6d1eb9e600b972c060aa169e5c20,[WPA2_PSK],2025-3-26 3:52:51,11,-88,34.0627136,-117.2000961,361.90,2.00,WIFI
DA:55:A8:93:6B:4D,,[WPA2_PSK],2025-3-26 3:52:53,1,-83,34.0627136,-117.2000961,361.90,2.00,WIFI
34:56:FE:52:FD:F0,Whopper Wi-Fi,[OPEN],2025-3-26 3:52:53,1,-86,34.0627136,-117.2000961,361.90,2.00,WIFI
32:56:FE:52:FD:F0,BK_Corp Wi-Fi,[WPA2_PSK],2025-3-26 3:52:53,1,-86,34.0627136,-117.2000961,361.90,2.00,WIFI
0A:56:FE:52:FD:F0,,[WPA2],2025-3-26 3:52:53,1,-89,34.0627136,-117.2000961,361.90,2.00,WIFI
88:DC:96:7E:98:91,Motel 6 Redland,[OPEN],2025-3-26 3:52:53,1,-93,34.0627136,-117.2000961,361.90,2.00,WIFI
C0:89:AB:7F:BB:C8,Frontier7616,[WPA2_PSK],2025-3-26 3:52:53,1,-93,34.0627136,-117.2000961,361.90,2.00,WIFI
62:3A:1E:84:78:B8,starwifi,[WPA2_WPA3_PSK],2025-3-26 3:53:7,1,-83,34.0627136,-117.2000961,361.10,2.00,WIFI
56:3A:1E:84:78:B8,,[WPA2_PSK],2025-3-26 3:53:7,1,-83,34.0627136,-117.2000961,361.10,2.00,WIFI
6E:3A:1E:84:78:B8,,[WPA2_PSK],2025-3-26 3:53:7,1,-85,34.0627136,-117.2000961,361.10,2.00,WIFI
3E:56:FE:52:FD:F0,,[WPA2_PSK],2025-3-26 3:53:7,1,-87,34.0627136,-117.2000961,361.10,2.00,WIFI
12:E8:A7:A2:3B:64,myChevrolet 3B64,[WPA2_PSK],2025-3-26 3:53:15,7,-85,34.0627136,-117.2000961,360.90,2.00,WIFI
12:8D:DB:93:54:1D,DT Tab Wifi,[WPA2_PSK],2025-3-26 3:53:19,11,-81,34.0628242,-117.2001419,361.20,2.00,WIFI
58:B6:33:37:A0:68,Citrus Suites,[OPEN],2025-3-26 3:53:21,1,-78,34.0629044,-117.2002563,360.70,2.00,WIFI
AE:DC:97:48:49:CE,ENMGMT4849CE,[WPA2_PSK],2025-3-26 3:53:28,6,-84,34.0629349,-117.2010880,359.00,2.00,WIFI
1E:56:FE:56:11:C1,WKFMTB WiFi,[WPA2_PSK],2025-3-26 3:53:28,6,-84,34.0629349,-117.2010880,359.00,2.00,WIFI
88:DC:97:48:49:CE,DynastySuites,[WPA2_WPA3_PSK],2025-3-26 3:53:28,6,-86,34.0629349,-117.2010880,359.00,2.00,WIFI
88:DC:97:24:D4:A0,DynastySuites,[WPA2_WPA3_PSK],2025-3-26 3:53:28,6,-91,34.0629349,-117.2010880,359.00,2.00,WIFI
04:D4:C4:35:CE:98,venntov,[WPA2_PSK],2025-3-26 3:53:31,9,-87,34.0629349,-117.2014618,358.40,2.00,WIFI
98:DE:D0:8B:5C:C4,CLIMET_RADIUS_24,[WPA2],2025-3-26 3:53:32,10,-92,34.0629349,-117.2015839,358.10,2.00,WIFI
D8:EC:5E:EE:B3:92,MAtaxoffice,[WPA2_PSK],2025-3-26 3:53:33,11,-74,34.0629349,-117.2017136,357.80,2.00,WIFI
94:83:C4:1F:73:F9,,[WPA2_PSK],2025-3-26 3:53:33,11,-77,34.0629349,-117.2017136,357.80,2.00,WIFI
D6:28:AA:5D:54:D8,colton ave ,[WPA2_PSK],2025-3-26 3:53:33,11,-89,34.0629349,-117.2017136,357.80,2.00,WIFI
D2:28:AA:5D:54:D8,colton ave ,[WPA2_WPA3_PSK],2025-3-26 3:53:33,11,-90,34.0629349,-117.2017136,357.80,2.00,WIFI
F2:38:83:13:1E:8E,bkrsiot,[WPA2_PSK],2025-3-26 3:53:36,1,-74,34.0629272,-117.2020721,357.20,2.00,WIFI
EE:38:83:13:1E:8E,,[WPA2_PSK],2025-3-26 3:53:36,1,-75,34.0629272,-117.2020721,357.20,2.00,WIFI
08:B4:B1:C3:10:76,TCPTCRC,[WPA2_PSK],2025-3-26 3:53:36,1,-78,34.0629272,-117.2020721,357.20,2.00,WIFI
F2:38:83:14:49:5A,bkrsiot,[WPA2_PSK],2025-3-26 3:53:36,1,-78,34.0629272,-117.2020721,357.20,2.00,WIFI
E4:38:83:13:1E:8E,,[WPA2_WPA3_PSK],2025-3-26 3:53:36,1,-78,34.0629272,-117.2020721,357.20,2.00,WIFI
EA:38:83:13:1E:8E,,[WPA2_PSK],2025-3-26 3:53:36,1,-78,34.0629272,-117.2020721,357.20,2.00,WIFI
B2:8B:A9:D4:F5:26,Strategy2.4,[WPA2_PSK],2025-3-26 3:53:36,1,-82,34.0629272,-117.2020721,357.20,2.00,WIFI
DC:4A:3E:24:79:D0,HP-Print-D0-Officejet Pro 8620,[WPA2_PSK],2025-3-26 3:53:36,1,-83,34.0629272,-117.2020721,357.20,2.00,WIFI
AC:8B:A9:D4:F5:26,Strategy5,[WPA2_PSK],2025-3-26 3:53:36,1,-84,34.0629272,-117.2020721,357.20,2.00,WIFI
B6:8B:A9:D4:F5:26,,[WPA2_PSK],2025-3-26 3:53:36,1,-84,34.0629272,-117.2020721,357.20,2.00,WIFI
18:9C:27:72:E7:48,Frontier6528,[WPA2_PSK],2025-3-26 3:53:36,1,-85,34.0629272,-117.2020721,357.20,2.00,WIFI
80:E5:40:E9:00:E8,Frontier8048,[WPA2_PSK],2025-3-26 3:53:36,1,-85,34.0629272,-117.2020721,357.20,2.00,WIFI
DC:92:72:E5:20:0F,Frontier0141,[WPA2_PSK],2025-3-26 3:53:43,6,-74,34.0627594,-117.2023697,353.90,2.00,WIFI
84:25:3F:A0:37:CD,13385MX-M6071,[WPA_WPA2_PSK],2025-3-26 3:53:43,6,-85,34.0627594,-117.2023697,353.90,2.00,WIFI
DA:86:E5:88:06:87,RAH-Phone,[WPA2_PSK],2025-3-26 3:53:43,6,-89,34.0627594,-117.2023697,353.90,2.00,WIFI
12:E7:C6:5C:E0:85,DIRECT-85-HP PageWide Pro 577,[WPA2_PSK],2025-3-26 3:53:43,6,-89,34.0627594,-117.2023697,353.90,2.00,WIFI
D6:28:AA:5D:54:D0,colton ave ,[WPA2_PSK],2025-3-26 3:53:48,11,-59,34.0625725,-117.2023697,353.30,2.00,WIFI
D2:28:AA:5D:54:D0,colton ave ,[WPA2_WPA3_PSK],2025-3-26 3:53:48,11,-62,34.0625725,-117.2023697,353.30,2.00,WIFI
CC:28:AA:5D:54:D8,,[WPA2_WPA3_PSK],2025-3-26 3:53:48,11,-63,34.0625725,-117.2023697,353.30,2.00,WIFI
CC:28:AA:5D:54:D0,,[WPA2_WPA3_PSK],2025-3-26 3:53:48,11,-63,34.0625725,-117.2023697,353.30,2.00,WIFI
08:B4:B1:C3:10:CE,TCPTCRC,[WPA2_PSK],2025-3-26 3:53:48,11,-65,34.0625725,-117.2023697,353.30,2.00,WIFI
D2:28:AA:5D:54:D4,colton ave ,[WPA2_WPA3_PSK],2025-3-26 3:53:48,11,-69,34.0625725,-117.2023697,353.30,2.00,WIFI
D6:28:AA:5D:54:D4,colton ave ,[WPA2_PSK],2025-3-26 3:53:48,11,-70,34.0625725,-117.2023697,353.30,2.00,WIFI
90:9D:7D:46:80:38,Frontier7552,[WPA2_PSK],2025-3-26 3:53:48,11,-75,34.0625725,-117.2023697,353.30,2.00,WIFI
48:5D:36:8F:79:8A,FiOS-E53R2,[WPA2_PSK],2025-3-26 3:53:51,1,-79,34.0624733,-117.2023773,353.50,2.00,WIFI
66:38:E0:7A:E4:AE,Linksys16931-guest,[OPEN],2025-3-26 3:53:54,3,-73,34.0623360,-117.2023849,353.20,2.00,WIFI
60:38:E0:7A:E4:AE,Linksys16931,[WPA2_PSK],2025-3-26 3:53:54,3,-74,34.0623360,-117.2023849,353.20,2.00,WIFI
30:23:03:75:D0:A5,TDCLLC,[WPA_WPA2_PSK],2025-3-26 3:53:54,3,-90,34.0623360,-117.2023849,353.20,2.00,WIFI
2C:B8:ED:0D:50:47,res-guest,[WPA2_PSK],2025-3-26 3:53:55,4,-84,34.0622864,-117.2023849,353.10,2.00,WIFI
2C:B8:ED:0D:50:48,res-client,[WPA2_PSK],2025-3-26 3:53:55,4,-84,34.0622864,-117.2023849,353.10,2.00,WIFI
2C:B8:ED:21:18:13,res-guest,[WPA2_PSK],2025-3-26 3:53:55,4,-87,34.0622864,-117.2023849,353.10,2.00,WIFI
2C:B8:ED:21:18:14,res-client,[WPA2_PSK],2025-3-26 3:53:55,4,-88,34.0622864,-117.2023849,353.10,2.00,WIFI
6C:CD:D6:1D:46:08,Zoetis-6ccdd61d4606,[WPA2_PSK],2025-3-26 3:53:57,6,-66,34.0622253,-117.2023849,353.10,2.00,WIFI
D0:6D:C9:2F:25:C6,Frontier0083,[WPA2_PSK],2025-3-26 3:53:57,6,-78,34.0622253,-117.2023849,353.10,2.00,WIFI
DA:80:83:E5:72:22,DIRECT-22-HP M234 LaserJet,[WPA2_PSK],2025-3-26 3:53:57,6,-85,34.0622253,-117.2023849,353.10,2.00,WIFI
84:2A:FD:F3:8E:52,HP-Print-51-Officejet Pro 6230,[WPA2_PSK],2025-3-26 3:53:57,6,-87,34.0622253,-117.2023849,353.10,2.00,WIFI
2C:B8:ED:0D:54:95,res-guest,[WPA2_PSK],2025-3-26 3:53:58,7,-72,34.0621948,-117.2023773,353.10,2.00,WIFI
2C:B8:ED:0D:54:96,res-client,[WPA2_PSK],2025-3-26 3:53:58,7,-72,34.0621948,-117.2023773,353.10,2.00,WIFI
58:B6:33:37:94:38,Citrus Suites,[OPEN],2025-3-26 3:54:0,9,-87,34.0621452,-117.2023544,353.10,2.00,WIFI
AA:DA:C4:F8:C0:FC,,[WPA2_PSK],2025-3-26 3:54:1,10,-77,34.0621223,-117.2023392,353.00,2.00,WIFI
98:DA:C4:F8:C0:FC,PasionTitle,[WPA2_PSK],2025-3-26 3:54:1,10,-82,34.0621223,-117.2023392,353.00,2.00,WIFI
1E:E8:29:11:96:4D,,[WPA2_PSK],2025-3-26 3:54:2,11,-87,34.0621147,-117.2023163,352.90,2.00,WIFI
18:E8:29:11:96:4D,Techguru - (704) 317-2900,[OPEN],2025-3-26 3:54:2,11,-89,34.0621147,-117.2023163,352.90,2.00,WIFI
EA:38:83:14:49:5A,,[WPA2_PSK],2025-3-26 3:54:5,1,-92,34.0621109,-117.2023010,353.10,2.00,WIFI
94:A6:7E:ED:88:AB,orange_grove,[WPA2_PSK],2025-3-26 3:54:7,2,-83,34.0621071,-117.2022781,353.20,2.00,WIFI
74:F8:DB:67:4D:F4,res-client_EXT2G,[WPA2_PSK],2025-3-26 3:54:9,4,-80,34.0621376,-117.2022095,354.00,2.00,WIFI
D2:AD:08:C4:15:14,DIRECT-14-HP ENVY Inspire 7900,[WPA2_PSK],2025-3-26 3:54:11,6,-84,34.0621948,-117.2021866,354.10,2.00,WIFI
16:CB:19:36:05:8D,DIRECT-8D-HP OfficeJet Pro 9010,[WPA2_PSK],2025-3-26 3:54:11,6,-85,34.0621948,-117.2021866,354.10,2.00,WIFI
CC:28:AA:5D:54:D4,,[WPA2_WPA3_PSK],2025-3-26 3:54:16,11,-86,34.0623207,-117.2021866,354.10,2.00,WIFI
E4:38:83:14:49:5A,,[WPA2_WPA3_PSK],2025-3-26 3:54:19,1,-90,34.0623207,-117.2021790,354.10,2.00,WIFI
32:F9:0F:59:6F:31,,[WPA2_PSK],2025-3-26 3:54:19,1,-96,34.0623207,-117.2021790,354.10,2.00,WIFI
32:23:03:75:D0:A5,TDCLLC-guest,[OPEN],2025-3-26 3:54:22,3,-85,34.0623207,-117.2021790,354.00,2.00,WIFI
12:5B:AD:01:4C:84,DIRECT-84-HP M281 LaserJet,[WPA2_PSK],2025-3-26 3:54:25,6,-85,34.0623207,-117.2021713,354.00,2.00,WIFI
EE:38:83:14:49:5A,,[WPA2_PSK],2025-3-26 3:54:33,1,-88,34.0623207,-117.2021637,353.90,2.00,WIFI
88:DC:96:0C:7D:D0,DynastySuites2.4G,[WPA2_PSK],2025-3-26 3:54:53,6,-79,34.0623932,-117.2021408,353.90,1.75,WIFI
58:B6:33:37:A0:A8,Citrus Suites,[OPEN],2025-3-26 3:54:53,6,-90,34.0623932,-117.2021408,353.90,1.75,WIFI
48:5D:36:89:D6:F6,,[WPA2_PSK],2025-3-26 3:54:58,11,-75,34.0625725,-117.2021408,353.80,1.75,WIFI
60:57:47:9C:48:AE,,[WPA_WPA2_PSK],2025-3-26 3:54:58,11,-85,34.0625725,-117.2021408,353.80,1.75,WIFI
C0:EA:E4:D6:28:39,res-client,[WPA2_PSK],2025-3-26 3:54:58,11,-94,34.0625725,-117.2021408,353.80,1.75,WIFI
C4:04:15:9F:8F:64,MFG1,[WPA_WPA2_PSK],2025-3-26 3:55:9,8,-92,34.0625801,-117.2021332,353.60,1.75,WIFI
7C:8B:CA:3E:83:DA,CLIMET_DEMO,[WPA_WPA2_PSK],2025-3-26 3:55:23,8,-89,34.0625801,-117.2021255,353.60,2.00,WIFI
68:FF:7B:5F:C2:F3,NCR Dept,[WPA_WPA2_PSK],2025-3-26 3:55:24,9,-82,34.0625839,-117.2021255,354.50,2.00,WIFI
B4:62:2E:29:DF:2B,Moxee Tether71_2.4G,[WPA_WPA2_PSK],2025-3-26 3:55:29,1,-77,34.0625839,-117.2021255,354.30,2.00,WIFI
F8:E4:FB:AD:FE:15,5779,[WEP],2025-3-26 3:55:35,6,-79,34.0625839,-117.2021255,354.40,2.00,WIFI
58:B6:33:37:DF:18,Citrus Suites,[OPEN],2025-3-26 3:55:35,6,-84,34.0625839,-117.2021255,354.40,2.00,WIFI
58:B6:33:0F:CC:48,Citrus Suites,[OPEN],2025-3-26 3:55:38,9,-91,34.0625839,-117.2021255,354.50,2.00,WIFI
96:83:C4:1F:73:F9,,[WPA2_PSK],2025-3-26 3:55:40,11,-81,34.0625839,-117.2021255,354.70,2.00,WIFI
0E:8D:9B:DF:3A:51,MVP-West Employee,[WPA2_PSK],2025-3-26 3:55:54,11,-93,34.0625801,-117.2021255,355.50,2.00,WIFI
88:DC:97:41:39:28,DynastySuites,[WPA2_WPA3_PSK],2025-3-26 3:56:3,6,-88,34.0625839,-117.2021255,355.70,2.00,WIFI
88:EF:16:EE:EE:10,Frontier8544,[WPA2_PSK],2025-3-26 3:56:24,1,-87,34.0625839,-117.2021255,356.10,2.00,WIFI
9C:3D:CF:03:8B:F1,NETGEAR71,[WPA2_PSK],2025-3-26 3:56:24,1,-91,34.0625839,-117.2021255,356.10,2.00,WIFI
84:70:51:8D:1E:F1,TOYOTA Camry-2.4g_8d1ef1,[WPA2_PSK],2025-3-26 3:56:31,6,-82,34.0625839,-117.2021255,356.10,2.00,WIFI
BE:DC:97:48:49:CE,,[WPA2_PSK],2025-3-26 3:56:31,6,-82,34.0625839,-117.2021255,356.10,2.00,WIFI
32:8D:DB:93:54:1D,,[WPA2],2025-3-26 3:56:36,11,-89,34.0625839,-117.2021255,356.10,2.00,WIFI
98:6B:3D:D7:12:00,DG1670A02,[WPA2_PSK],2025-3-26 3:56:45,6,-85,34.0625801,-117.2021255,356.10,1.75,WIFI
B6:C2:6A:DE:E3:BC,DIRECT-BMW 76605,[WPA2_WPA3_PSK],2025-3-26 3:57:32,11,-86,34.0625839,-117.2021179,356.20,1.75,WIFI
2C:3F:0B:CA:42:70,Hilton Honors,[OPEN],2025-3-26 3:57:46,11,-88,34.0625839,-117.2021255,356.00,2.00,WIFI
00:7F:28:03:47:1C,8GTB2,[WPA2_PSK],2025-3-26 3:57:46,11,-90,34.0625839,-117.2021255,356.00,2.00,WIFI
4A:75:62:8A:4E:CE,Porsche_WLAN_7631,[WPA2_PSK],2025-3-26 3:57:55,6,-71,34.0625839,-117.2021255,356.00,1.75,WIFI
08:33:ED:BE:D4:1D,SpectrumSetup-1F,[WPA2_PSK],2025-3-26 3:58:0,11,-88,34.0625839,-117.2021255,356.00,2.00,WIFI
8A:33:ED:BE:D4:1D,,[WPA2_PSK],2025-3-26 3:58:0,11,-89,34.0625839,-117.2021255,356.00,2.00,WIFI
7A:33:ED:BE:D4:1D,,[WPA2_PSK],2025-3-26 3:58:0,11,-90,34.0625839,-117.2021255,356.00,2.00,WIFI
B0:A7:B9:C2:A8:B0,_00_2.4GHz,[WPA2_PSK],2025-3-26 3:58:5,2,-93,34.0625839,-117.2021255,356.00,1.75,WIFI
0C:8D:DB:93:54:1D,,[WPA2_PSK],2025-3-26 3:58:56,11,-87,34.0625839,-117.2021255,356.20,1.75,WIFI
50:C7:BF:51:97:6F,MikeM,[WPA_WPA2_PSK],2025-3-26 3:59:14,1,-89,34.0625839,-117.2021179,356.30,1.75,WIFI
B0:FC:88:E3:33:36,TMOBILE-3331,[WPA2_WPA3_PSK],2025-3-26 3:59:19,6,-83,34.0625839,-117.2021179,356.30,1.75,WIFI
CE:22:26:F2:06:64,kj,[WPA2_PSK],2025-3-26 4:0:8,1,-84,34.0625839,-117.2021179,356.30,1.75,WIFI
58:B6:33:37:9D:78,Citrus Suites,[OPEN],2025-3-26 4:0:20,11,-92,34.0625839,-117.2021179,356.40,1.75,WIFI
DA:86:E5:88:06:8A,RAH-Staff,[WPA2_PSK],2025-3-26 4:1:11,6,-85,34.0626984,-117.2020798,356.50,1.75,WIFI
CC:32:E5:B2:D0:3B,CLIMET_CalLab,[WPA_WPA2_PSK],2025-3-26 4:1:15,10,-75,34.0627518,-117.2020798,356.50,1.75,WIFI
0E:8D:9B:DF:3A:52,MVP Guest WiFi,[WPA2_PSK],2025-3-26 4:1:16,11,-85,34.0627632,-117.2020874,356.40,1.75,WIFI
0E:8D:9B:DF:3A:53,MVP,[WPA2_PSK],2025-3-26 4:1:16,11,-85,34.0627632,-117.2020874,356.40,1.75,WIFI
96:10:3E:84:D7:BC,service-guest,[OPEN],2025-3-26 4:1:29,10,-89,34.0628204,-117.2012558,358.20,1.75,WIFI
82:15:44:2D:38:BC,Redlands Ford,[WPA_WPA2_PSK],2025-3-26 4:1:30,11,-86,34.0628204,-117.2011261,358.40,1.75,WIFI
54:21:60:01:80:8D,Alula01808C,[WPA_WPA2_PSK],2025-3-26 4:1:33,1,-90,34.0628166,-117.2007904,358.90,1.75,WIFI
C0:89:AB:20:92:98,Frontier1152,[WPA2_PSK],2025-3-26 4:1:44,11,-66,34.0626297,-117.2002029,361.20,1.75,WIFI
90:48:6C:88:FD:C1,Ring Setup c1,[OPEN],2025-3-26 4:1:47,1,-66,34.0623703,-117.2002106,361.10,1.75,WIFI
90:48:6C:88:E0:8D,Ring Setup 8d,[OPEN],2025-3-26 4:1:47,1,-75,34.0623703,-117.2002106,361.10,1.75,WIFI
82:15:44:2D:39:D8,Redlands Ford,[WPA_WPA2_PSK],2025-3-26 4:1:47,1,-84,34.0623703,-117.2002106,361.10,1.75,WIFI
AC:8B:A9:D4:E4:56,BHAC,[WPA2_PSK],2025-3-26 4:1:58,11,-82,34.0613670,-117.2001877,361.90,1.75,WIFI
B4:FB:E4:44:18:66,BHAC,[WPA2_PSK],2025-3-26 4:1:58,11,-86,34.0613670,-117.2001877,361.90,1.75,WIFI
78:45:58:27:E8:21,EDGE Wi-Fi A,[WPA2_PSK],2025-3-26 4:2:1,1,-72,34.0612679,-117.2001877,361.10,1.75,WIFI
F6:38:83:2A:DA:FA,,[WPA2_PSK],2025-3-26 4:2:1,1,-89,34.0612679,-117.2001877,361.10,1.75,WIFI
FC:EC:DA:32:A2:7C,BHAC,[WPA2_PSK],2025-3-26 4:2:7,6,-82,34.0608978,-117.2001724,357.80,1.75,WIFI
FC:12:63:B8:B8:8D,SpectrumSetup-8F,[WPA2_PSK],2025-3-26 4:2:7,6,-83,34.0608978,-117.2001724,357.80,1.75,WIFI
EE:9F:80:6A:E1:22,,[WPA2_PSK],2025-3-26 4:2:8,7,-85,34.0608025,-117.2001724,357.60,1.75,WIFI
18:B1:69:E9:7C:33,KGFwifi,[WPA2_PSK],2025-3-26 4:2:10,9,-92,34.0605850,-117.2001724,356.90,1.75,WIFI
E2:55:7D:45:65:62,CityThatWorks,[WPA2],2025-3-26 4:2:12,11,-80,34.0603371,-117.2001724,356.30,1.75,WIFI
16:7F:67:46:76:32,[LG_Oven]7632,[WPA2_PSK],2025-3-26 4:2:12,11,-86,34.0603371,-117.2001724,356.30,1.75,WIFI
E2:55:7D:45:65:61,,[WPA_WPA2_PSK],2025-3-26 4:2:12,11,-87,34.0603371,-117.2001724,356.30,1.75,WIFI
4A:BA:4E:FB:C0:6E,DIRECT-6E-HP PageWide Pro 477dw,[WPA2_PSK],2025-3-26 4:2:12,11,-89,34.0603371,-117.2001724,356.30,1.75,WIFI
D2:AD:08:10:67:4A,DIRECT-4A-HP Color LJ 4301,[WPA2_PSK],2025-3-26 4:2:12,11,-90,34.0603371,-117.2001724,356.30,1.75,WIFI
00:30:44:25:C8:07,FEMS,[WPA2_PSK],2025-3-26 4:2:15,1,-80,34.0599403,-117.2001724,355.80,1.75,WIFI
E2:55:7D:48:50:6F,,[OPEN],2025-3-26 4:2:15,1,-81,34.0599403,-117.2001724,355.80,1.75,WIFI
E2:55:7D:48:50:C0,RedCity,[WPA_WPA2_PSK],2025-3-26 4:2:15,1,-86,34.0599403,-117.2001724,355.80,1.75,WIFI
A6:C9:EB:F7:66:EA,,[WPA2_PSK],2025-3-26 4:2:19,4,-85,34.0594254,-117.2001724,355.00,1.75,WIFI
BA:FB:E4:F4:89:89,3H Guest 2021,[WPA2_PSK],2025-3-26 4:2:21,6,-79,34.0591507,-117.2001724,355.00,1.75,WIFI
BE:FB:E4:F4:89:89,3H Employee,[WPA2_PSK],2025-3-26 4:2:21,6,-79,34.0591507,-117.2001724,355.00,1.75,WIFI
78:45:58:24:7B:00,,[WPA2_PSK],2025-3-26 4:2:21,6,-82,34.0591507,-117.2001724,355.00,1.75,WIFI
7E:45:58:24:7B:00,TaxPlusBooks,[WPA2_PSK],2025-3-26 4:2:21,6,-83,34.0591507,-117.2001724,355.00,1.75,WIFI
C2:FB:E4:F4:89:89,3H MGMT,[WPA2_PSK],2025-3-26 4:2:21,6,-84,34.0591507,-117.2001724,355.00,1.75,WIFI
EA:55:A8:A2:E2:49,CONFIRE-Guest,[WPA2_PSK],2025-3-26 4:2:21,6,-90,34.0591507,-117.2001724,355.00,1.75,WIFI
54:07:7D:17:75:E6,Corporate Offices,[WPA2_PSK],2025-3-26 4:2:24,9,-79,34.0587311,-117.2001572,354.50,1.75,WIFI
DE:CD:2F:01:6C:29,DIRECT-2F-EPSON-01EC29,[WPA2_PSK],2025-3-26 4:2:26,11,-88,34.0584412,-117.2001495,354.20,1.75,WIFI
2C:EA:DC:CD:DA:00,Verizon_P9W7V3,[WPA2_PSK],2025-3-26 4:2:29,1,-78,34.0579987,-117.2001419,353.90,1.75,WIFI
34:ED:1B:48:D5:21,ESRI-Guest,[WPA_WPA2_PSK],2025-3-26 4:2:29,1,-96,34.0579987,-117.2001419,353.90,1.75,WIFI
3C:84:6A:43:8B:5C,TP-Link_8B5C,[WPA_WPA2_PSK],2025-3-26 4:2:31,2,-84,34.0577164,-117.2001343,353.30,1.75,WIFI
4E:84:6A:43:8B:5C,,[WPA2_PSK],2025-3-26 4:2:31,2,-89,34.0577164,-117.2001343,353.30,1.75,WIFI
3E:94:ED:4A:70:35,BrittSunnysideAve,[WPA2_PSK],2025-3-26 4:2:32,3,-92,34.0575752,-117.2001343,353.20,1.75,WIFI
94:3C:96:F6:8B:F6,Frontier0789,[WPA2_PSK],2025-3-26 4:2:35,6,-87,34.0571518,-117.2001419,353.30,1.75,WIFI
3C:46:A1:BB:FD:B8,RCS Eagles,[WPA2_PSK],2025-3-26 4:2:37,8,-91,34.0568619,-117.2001343,353.50,1.75,WIFI
6C:8B:D3:B2:88:E1,iot_net,[OPEN],2025-3-26 4:2:40,11,-85,34.0564346,-117.2001419,353.50,1.75,WIFI
6C:8B:D3:B2:88:E2,guest_net,[OPEN],2025-3-26 4:2:40,11,-85,34.0564346,-117.2001419,353.50,1.75,WIFI
5C:E9:31:0D:AA:AA,RAA2-Teacher,[WPA2_WPA3_PSK],2025-3-26 4:2:40,11,-89,34.0564346,-117.2001419,353.50,1.75,WIFI
4C:12:65:15:F4:D8,Frontier0048,[WPA2_PSK],2025-3-26 4:2:40,11,-90,34.0564346,-117.2001419,353.50,1.75,WIFI
FA:8F:CA:3C:73:39,Chromecast9684.v_,[OPEN],2025-3-26 4:2:40,11,-91,34.0564346,-117.2001419,353.50,1.75,WIFI
6C:8B:D3:EF:9A:C2,guest_net,[OPEN],2025-3-26 4:2:43,1,-78,34.0560188,-117.2001343,353.30,1.75,WIFI
28:80:88:EA:28:48,HEARTSTART-2G_EXT,[WPA2_PSK],2025-3-26 4:2:43,1,-79,34.0560188,-117.2001343,353.30,1.75,WIFI
6C:8B:D3:EF:9A:C0,802_HHA,[WPA2_PSK],2025-3-26 4:2:43,1,-80,34.0560188,-117.2001343,353.30,1.75,WIFI
4A:63:FC:42:01:CF,SpectrumSetup-CE,[WPA2_PSK],2025-3-26 4:2:43,1,-91,34.0560188,-117.2001343,353.30,1.75,WIFI
3C:46:A1:F8:D8:18,RCS Device,[WPA2_PSK],2025-3-26 4:2:46,3,-75,34.0556068,-117.2001266,353.10,1.75,WIFI
3C:46:A1:38:D8:18,rcsChromebooks,[WPA2_PSK],2025-3-26 4:2:46,3,-76,34.0556068,-117.2001266,353.10,1.75,WIFI
C0:C7:0A:B4:67:D8,RCS Eagles,[WPA2_PSK],2025-3-26 4:2:48,4,-89,34.0553284,-117.2001266,352.90,1.75,WIFI
F4:DB:E6:A0:D7:20,802_HHA,[WPA2_PSK],2025-3-26 4:2:50,6,-68,34.0550346,-117.2001190,352.90,1.75,WIFI
F4:DB:E6:A0:D7:21,iot_net,[OPEN],2025-3-26 4:2:50,6,-68,34.0550346,-117.2001190,352.90,1.75,WIFI
F4:DB:E6:A0:D7:22,guest_net,[OPEN],2025-3-26 4:2:50,6,-68,34.0550346,-117.2001190,352.90,1.75,WIFI
7E:57:58:BB:DD:6F,DIRECT-6F-HP OfficeJet Pro 8020,[WPA2_PSK],2025-3-26 4:2:50,6,-72,34.0550346,-117.2001190,352.90,1.75,WIFI
32:13:8B:C8:A5:54,DIRECT-54-HP OfficeJet 8010,[WPA2_PSK],2025-3-26 4:2:50,6,-91,34.0550346,-117.2001190,352.90,1.75,WIFI
C0:C7:0A:33:E0:E8,rcsChromebooks,[WPA2_PSK],2025-3-26 4:2:53,9,-75,34.0545883,-117.2001038,353.10,1.75,WIFI
C0:C7:0A:F3:E0:E8,RCS Device,[WPA2_PSK],2025-3-26 4:2:53,9,-77,34.0545883,-117.2001038,353.10,1.75,WIFI
00:33:58:5E:83:88,RCS Device,[WPA2_PSK],2025-3-26 4:2:53,10,-84,34.0545883,-117.2001038,353.10,1.75,WIFI
06:5F:67:80:B3:16,RAA2-Secure,[WPA2_PSK],2025-3-26 4:2:54,11,-86,34.0544357,-117.2000961,353.10,1.75,WIFI
72:5A:B0:A2:78:C4,RAA2-4,[WPA_WPA2_PSK],2025-3-26 4:2:58,1,-61,34.0538483,-117.2000885,353.00,1.75,WIFI
6C:5A:B0:A2:78:C4,RAA2-Teacher,[WPA2_WPA3_PSK],2025-3-26 4:2:58,1,-63,34.0538483,-117.2000885,353.00,1.75,WIFI
F0:81:75:EA:31:FE,KittyCat,[WPA2_PSK],2025-3-26 4:2:58,1,-81,34.0538483,-117.2000885,353.00,1.75,WIFI
4C:AB:F8:9F:19:65,CuellarEnterprises,[WPA2_PSK],2025-3-26 4:2:58,1,-85,34.0538483,-117.2000885,353.00,1.75,WIFI
2C:67:BE:02:52:41,CasaLuna,[WPA2_PSK],2025-3-26 4:2:58,1,-85,34.0538483,-117.2000885,353.00,1.75,WIFI
88:DE:7C:75:BB:1C,QueenD,[WPA2_PSK],2025-3-26 4:2:58,1,-86,34.0538483,-117.2000885,353.00,1.75,WIFI
FC:12:63:7C:07:C6,Bear Lady,[WPA2_PSK],2025-3-26 4:2:58,1,-89,34.0538483,-117.2000885,353.00,1.75,WIFI
5C:DF:89:DF:71:38,RCS Device,[WPA2_PSK],2025-3-26 4:3:1,3,-71,34.0534286,-117.2000809,352.80,1.75,WIFI
C8:03:F5:2C:16:F8,rcsChromebooks,[WPA2_PSK],2025-3-26 4:3:3,5,-70,34.0531464,-117.2000809,352.80,1.75,WIFI
5C:DF:89:9F:6E:88,RCS Eagles,[WPA2_PSK],2025-3-26 4:3:3,5,-84,34.0531464,-117.2000809,352.80,1.75,WIFI
DC:69:B5:36:E8:E6,Charlesandryleeswifi,[WPA2_PSK],2025-3-26 4:3:4,6,-62,34.0530090,-117.2000809,352.80,1.75,WIFI
DC:69:B5:36:E8:E3,,[WPA3_PSK],2025-3-26 4:3:4,6,-64,34.0530090,-117.2000809,352.80,1.75,WIFI
DC:69:B5:36:E8:E9,,[OPEN],2025-3-26 4:3:4,6,-65,34.0530090,-117.2000809,352.80,1.75,WIFI
F0:7B:65:86:4D:78,SpectrumSetup-4D72,[WPA2_PSK],2025-3-26 4:3:4,6,-73,34.0530090,-117.2000809,352.80,1.75,WIFI
7E:4D:8F:2A:55:F0,DIRECT-F0-HP Color LJ 4301,[WPA2_PSK],2025-3-26 4:3:4,6,-78,34.0530090,-117.2000809,352.80,1.75,WIFI
AC:91:9B:D3:38:3E,Verizon_VD6WDL,[WPA2_PSK],2025-3-26 4:3:4,6,-84,34.0530090,-117.2000809,352.80,1.75,WIFI
CC:CF:83:83:2C:9F,,[WPA_WPA2_PSK],2025-3-26 4:3:5,7,-75,34.0528755,-117.2000809,352.80,1.75,WIFI
F0:7B:65:3F:FE:AA,SpectrumSetup-FEA4,[WPA2_PSK],2025-3-26 4:3:12,1,-74,34.0521622,-117.2000732,352.70,1.75,WIFI
CC:40:D0:F1:A0:50,NETGEAR78,[WPA2_PSK],2025-3-26 4:3:12,1,-77,34.0521622,-117.2000732,352.70,1.75,WIFI
9E:AE:D3:96:77:EE,DIRECT-D396F7EE,[WPA2_PSK],2025-3-26 4:3:12,1,-81,34.0521622,-117.2000732,352.70,1.75,WIFI
94:18:65:7E:60:D5,NETGEAR41,[WPA2_PSK],2025-3-26 4:3:15,3,-76,34.0521011,-117.2000732,352.60,1.75,WIFI
54:04:63:C8:52:79,,[WPA_WPA2_PSK],2025-3-26 4:3:16,4,-85,34.0520782,-117.2000732,352.60,1.75,WIFI
D4:05:DE:38:E5:A4,,[WPA3_PSK],2025-3-26 4:3:18,6,-73,34.0519791,-117.2000732,352.60,1.75,WIFI
D4:05:DE:38:E5:AA,,[OPEN],2025-3-26 4:3:18,6,-73,34.0519791,-117.2000732,352.60,1.75,WIFI
D4:05:DE:38:E5:A7,Frontier3664,[WPA2_PSK],2025-3-26 4:3:18,6,-73,34.0519791,-117.2000732,352.60,1.75,WIFI
7C:7E:F9:5B:87:E2,,[WPA3_PSK],2025-3-26 4:3:18,6,-78,34.0519791,-117.2000732,352.60,1.75,WIFI
4C:AB:F8:45:19:39,I am Poot,[WPA2_PSK],2025-3-26 4:3:18,6,-80,34.0519791,-117.2000732,352.60,1.75,WIFI
7C:7E:F9:5B:87:E4,KLLAWSON 2.0,[WPA2_PSK],2025-3-26 4:3:18,6,-80,34.0519791,-117.2000732,352.60,1.75,WIFI
74:93:DA:AD:E3:18,Cash-money!,[WPA2_PSK],2025-3-26 4:3:18,6,-81,34.0519791,-117.2000732,352.60,1.75,WIFI
2C:67:BE:02:77:44,The OnePiece,[WPA2_PSK],2025-3-26 4:3:18,6,-87,34.0519791,-117.2000732,352.60,1.75,WIFI
98:1E:19:3B:64:26,MySpectrumWiFi20-2G,[WPA2_PSK],2025-3-26 4:3:18,6,-87,34.0519791,-117.2000732,352.60,1.75,WIFI
94:F6:65:0D:25:38,rcsChromebooks,[WPA2_PSK],2025-3-26 4:3:21,9,-80,34.0517387,-117.2000656,352.70,1.75,WIFI
94:F6:65:8D:25:38,RCS Eagles,[WPA2_PSK],2025-3-26 4:3:21,9,-81,34.0517387,-117.2000656,352.70,1.75,WIFI
F8:E4:FB:E8:CD:91,NHLLR,[WPA2_PSK],2025-3-26 4:3:23,11,-82,34.0515480,-117.2000656,352.70,1.75,WIFI
4C:19:5D:03:DE:06,SpectrumSetup-00,[WPA2_PSK],2025-3-26 4:3:26,1,-62,34.0512314,-117.2000580,353.10,1.75,WIFI
4C:19:5D:59:18:97,SpectrumSetup-91,[WPA2_PSK],2025-3-26 4:3:26,1,-71,34.0512314,-117.2000580,353.10,1.75,WIFI
22:23:51:EB:0F:A6,AwesomeApplesauce,[WPA2_PSK],2025-3-26 4:3:28,2,-64,34.0510025,-117.2000504,353.20,1.75,WIFI
20:23:51:EB:0F:BA,,[WPA2_PSK],2025-3-26 4:3:28,2,-64,34.0510025,-117.2000504,353.20,1.75,WIFI
22:23:51:EB:5C:A2,AwesomeApplesauce,[WPA2_PSK],2025-3-26 4:3:28,2,-64,34.0510025,-117.2000504,353.20,1.75,WIFI
20:23:51:EB:0F:A6,,[WPA2_PSK],2025-3-26 4:3:28,2,-73,34.0510025,-117.2000504,353.20,1.75,WIFI
6C:CD:D6:F4:E1:2B,NETGEAR85,[WPA2_PSK],2025-3-26 4:3:30,4,-66,34.0507698,-117.2000122,353.40,1.75,WIFI
A4:97:33:4F:4B:D1,SpectrumSetup-D3,[WPA2_PSK],2025-3-26 4:3:32,6,-67,34.0505333,-117.1999435,353.50,1.75,WIFI
9C:05:D6:77:73:59,PrivateRDLS,[WPA2_PSK],2025-3-26 4:3:32,6,-73,34.0505333,-117.1999435,353.50,1.75,WIFI
A2:05:D6:58:0C:06,TekNetRDLS,[WPA2_PSK],2025-3-26 4:3:32,6,-80,34.0505333,-117.1999435,353.50,1.75,WIFI
A0:7F:8A:37:C2:A2,SpectrumSetup-C29C,[WPA2_PSK],2025-3-26 4:3:32,6,-83,34.0505333,-117.1999435,353.50,1.75,WIFI
18:A5:FF:73:07:36,TMOBILE-0734,[WPA2_WPA3_PSK],2025-3-26 4:3:34,8,-80,34.0503082,-117.1998596,353.60,1.75,WIFI
74:37:5F:FE:D3:E9,SpectrumSetup-E7,[WPA2_PSK],2025-3-26 4:3:37,11,-66,34.0499992,-117.1996689,353.60,1.75,WIFI
88:67:46:98:A4:69,,[OPEN],2025-3-26 4:3:37,11,-70,34.0499992,-117.1996689,353.60,1.75,WIFI
88:67:46:98:A4:66,autobots,[WPA2_PSK],2025-3-26 4:3:37,11,-70,34.0499992,-117.1996689,353.60,1.75,WIFI
88:67:46:98:A4:63,,[WPA3_PSK],2025-3-26 4:3:37,11,-71,34.0499992,-117.1996689,353.60,1.75,WIFI
34:53:D2:F0:F3:DE,SpectrumSetup-D8,[WPA2_PSK],2025-3-26 4:3:37,11,-78,34.0499992,-117.1996689,353.60,1.75,WIFI
A8:B0:88:70:6A:06,,[WPA3_PSK],2025-3-26 4:3:37,11,-78,34.0499992,-117.1996689,353.60,1.75,WIFI
2C:67:BE:17:A0:47,SpectrumSetup-A043,[WPA2_PSK],2025-3-26 4:3:40,1,-55,34.0497093,-117.1994171,354.30,1.75,WIFI
58:96:71:0C:56:3E,Verizon_7PWYZ4,[WPA2_PSK],2025-3-26 4:3:40,1,-69,34.0497093,-117.1994171,354.30,1.75,WIFI
74:37:5F:57:5D:13,SpectrumSetup-11,[WPA2_PSK],2025-3-26 4:3:40,1,-79,34.0497093,-117.1994171,354.30,1.75,WIFI
98:C8:54:A6:EF:EA,Verizon_97C3DX,[WPA2_PSK],2025-3-26 4:3:40,1,-81,34.0497093,-117.1994171,354.30,1.75,WIFI
88:DE:7C:D9:57:2F,HAIROHIN,[WPA2_PSK],2025-3-26 4:3:40,1,-81,34.0497093,-117.1994171,354.30,1.75,WIFI
84:1E:A3:29:25:06,SpectrumSetup-00,[WPA2_PSK],2025-3-26 4:3:46,6,-74,34.0491295,-117.1988525,356.40,1.75,WIFI
74:37:5F:26:BF:83,SpectrumSetup-81,[WPA2_PSK],2025-3-26 4:3:46,6,-76,34.0491295,-117.1988525,356.40,1.75,WIFI
A4:11:62:CA:12:34,ARLO_VMB_2804592903,[WPA2_PSK],2025-3-26 4:3:49,9,-79,34.0488510,-117.1986313,357.50,1.75,WIFI
A0:55:1F:9D:D9:00,SpectrumSetup-D8FA,[WPA2_PSK],2025-3-26 4:3:51,11,-60,34.0486946,-117.1985092,358.40,1.75,WIFI
58:96:71:F3:F2:86,Virus Download,[WPA2_PSK],2025-3-26 4:3:51,11,-64,34.0486946,-117.1985092,358.40,1.75,WIFI
5E:96:71:F3:F2:86,Verizon_Rod_guest,[WPA2_PSK],2025-3-26 4:3:51,11,-65,34.0486946,-117.1985092,358.40,1.75,WIFI
90:CD:B6:A1:22:2D,WIFIA12229,[WPA2_PSK],2025-3-26 4:3:51,11,-68,34.0486946,-117.1985092,358.40,1.75,WIFI
F4:52:46:DE:52:5E,Cowboys,[WPA2_PSK],2025-3-26 4:3:51,11,-73,34.0486946,-117.1985092,358.40,1.75,WIFI
46:27:45:44:22:C8,[LG_Dryer]22c8,[WPA2_PSK],2025-3-26 4:3:51,11,-86,34.0486946,-117.1985092,358.40,1.75,WIFI
C8:99:B2:19:46:F3,Verizon_CR3KDB,[WPA2_PSK],2025-3-26 4:3:54,1,-69,34.0485687,-117.1984253,358.90,1.75,WIFI
34:DB:9C:6C:3F:FE,MySpectrumWiFif8-2G,[WPA2_PSK],2025-3-26 4:3:54,1,-77,34.0485687,-117.1984253,358.90,1.75,WIFI
F8:5B:3B:1D:C8:46,SpectrumSetup-48,[WPA2_PSK],2025-3-26 4:3:54,1,-78,34.0485687,-117.1984253,358.90,1.75,WIFI
90:9A:4A:B8:11:66,Hanfamily 2.0,[WPA2_PSK],2025-3-26 4:3:57,3,-83,34.0485077,-117.1984024,359.00,1.75,WIFI
84:1E:A3:CB:20:46,MooMooMeadows,[WPA2_PSK],2025-3-26 4:4:0,6,-60,34.0483894,-117.1984482,359.30,1.75,WIFI
A0:8E:24:7D:72:A3,,[WPA3_PSK],2025-3-26 4:4:0,6,-63,34.0483894,-117.1984482,359.30,1.75,WIFI
A0:8E:24:7D:72:A7,,[OPEN],2025-3-26 4:4:0,6,-63,34.0483894,-117.1984482,359.30,1.75,WIFI
A0:8E:24:7D:72:A5,Wilson Clinic,[WPA2_PSK],2025-3-26 4:4:0,6,-64,34.0483894,-117.1984482,359.30,1.75,WIFI
20:9A:7D:1B:2B:B6,SpectrumSetup-B8,[WPA2_PSK],2025-3-26 4:4:0,6,-69,34.0483894,-117.1984482,359.30,1.75,WIFI
64:DA:ED:0C:A5:C5,Wilson Clinic,[WPA2_PSK],2025-3-26 4:4:0,6,-74,34.0483894,-117.1984482,359.30,1.75,WIFI
64:DA:ED:0C:A5:C7,,[OPEN],2025-3-26 4:4:0,6,-74,34.0483894,-117.1984482,359.30,1.75,WIFI
A0:8E:24:7D:8D:25,Wilson Clinic,[WPA2_PSK],2025-3-26 4:4:0,6,-75,34.0483894,-117.1984482,359.30,1.75,WIFI
64:DA:ED:0C:A5:C3,,[WPA3_PSK],2025-3-26 4:4:0,6,-76,34.0483894,-117.1984482,359.30,1.75,WIFI
64:DA:ED:09:A9:45,Wilson Clinic,[WPA2_PSK],2025-3-26 4:4:0,6,-76,34.0483894,-117.1984482,359.30,1.75,WIFI
64:DA:ED:09:A9:47,,[OPEN],2025-3-26 4:4:0,6,-78,34.0483894,-117.1984482,359.30,1.75,WIFI
C0:6F:98:91:C9:E9,,[OPEN],2025-3-26 4:4:0,6,-79,34.0483894,-117.1984482,359.30,1.75,WIFI
C0:6F:98:91:C9:E3,,[WPA3_PSK],2025-3-26 4:4:0,6,-80,34.0483894,-117.1984482,359.30,1.75,WIFI
C0:C9:E3:CB:71:4C,M3_OfficeLink,[WPA2_WPA3_PSK],2025-3-26 4:4:0,7,-70,34.0483894,-117.1984482,359.30,1.75,WIFI
92:C9:E3:CB:71:4F,DrMRedlandsBest,[WPA2_WPA3_PSK],2025-3-26 4:4:0,7,-72,34.0483894,-117.1984482,359.30,1.75,WIFI
00:C8:96:CD:64:C2,,[WPA_WPA2_PSK],2025-3-26 4:4:3,9,-74,34.0482559,-117.1986771,359.20,1.75,WIFI
CC:40:D0:05:83:4C,NETGEAR86,[WPA2_PSK],2025-3-26 4:4:3,9,-75,34.0482559,-117.1986771,359.20,1.75,WIFI
B6:A7:B9:4A:14:FD,Ziprick Guest,[WPA_WPA2_PSK],2025-3-26 4:4:3,9,-80,34.0482559,-117.1986771,359.20,1.75,WIFI
B0:A7:B9:4A:14:FC,Ziprick,[WPA_WPA2_PSK],2025-3-26 4:4:3,9,-81,34.0482559,-117.1986771,359.20,1.75,WIFI
C8:7F:54:12:98:00,DeepDark,[WPA2_PSK],2025-3-26 4:4:4,10,-75,34.0481987,-117.1987839,359.10,1.75,WIFI
74:37:5F:9E:81:47,SpectrumSetup-45,[WPA2_PSK],2025-3-26 4:4:5,11,-71,34.0481377,-117.1989059,358.80,1.75,WIFI
F8:5B:3B:D7:73:9F,SpectrumSetup-A1,[WPA2_PSK],2025-3-26 4:4:5,11,-73,34.0481377,-117.1989059,358.80,1.75,WIFI
9C:05:D6:62:FA:5A,ManagementVds,[WPA2_WPA3_PSK],2025-3-26 4:4:5,11,-80,34.0481377,-117.1989059,358.80,1.75,WIFI
A0:7F:8A:5B:CA:08,SpectrumSetup-CA02,[WPA2_PSK],2025-3-26 4:4:5,11,-83,34.0481377,-117.1989059,358.80,1.75,WIFI
74:37:5F:70:04:87,SpectrumSetup-85,[WPA2_PSK],2025-3-26 4:4:5,11,-83,34.0481377,-117.1989059,358.80,1.75,WIFI
4C:19:5D:38:4A:FE,NeverLand,[WPA2_PSK],2025-3-26 4:4:5,11,-84,34.0481377,-117.1989059,358.80,1.75,WIFI
2C:EA:DC:95:FD:6B,SpectrumSetup-6D,[WPA2_PSK],2025-3-26 4:4:7,1,-53,34.0479927,-117.1991501,359.00,1.75,WIFI
80:78:71:78:9C:AD,arashi,[WPA2_PSK],2025-3-26 4:4:7,1,-66,34.0479927,-117.1991501,359.00,1.75,WIFI
34:53:D2:EF:A6:DE,JohnRambo,[WPA2_PSK],2025-3-26 4:4:7,1,-69,34.0479927,-117.1991501,359.00,1.75,WIFI
80:78:71:D8:20:26,SpectrumSetup-28,[WPA2_PSK],2025-3-26 4:4:7,1,-75,34.0479927,-117.1991501,359.00,1.75,WIFI
00:CB:51:4F:64:8E,MySpectrumWiFi88-2G,[WPA2_PSK],2025-3-26 4:4:7,1,-75,34.0479927,-117.1991501,359.00,1.75,WIFI
F4:52:46:8C:88:BF,McCartneyNetwork,[WPA2_PSK],2025-3-26 4:4:7,1,-76,34.0479927,-117.1991501,359.00,1.75,WIFI
4C:AB:F8:45:BB:E9,SpectrumSetup-EB,[WPA2_PSK],2025-3-26 4:4:7,1,-86,34.0479927,-117.1991501,359.00,1.75,WIFI
94:18:65:D2:FC:4F,Adulting101,[WPA2_PSK],2025-3-26 4:4:11,3,-58,34.0476723,-117.1997375,358.90,1.75,WIFI
60:F4:19:79:6E:63,,[WPA3_PSK],2025-3-26 4:4:14,6,-53,34.0474205,-117.2002106,359.10,1.75,WIFI
60:F4:19:79:6E:69,,[OPEN],2025-3-26 4:4:14,6,-53,34.0474205,-117.2002106,359.10,1.75,WIFI
60:F4:19:79:6E:66,asshole,[WPA2_PSK],2025-3-26 4:4:14,6,-61,34.0474205,-117.2002106,359.10,1.75,WIFI
98:1E:19:29:93:7E,MySpectrumWiFi78-2G,[WPA2_PSK],2025-3-26 4:4:14,6,-68,34.0474205,-117.2002106,359.10,1.75,WIFI
20:67:E0:FF:B6:4E,DDPAI_Z50_B64E,[WPA_WPA2_PSK],2025-3-26 4:4:14,6,-69,34.0474205,-117.2002106,359.10,1.75,WIFI
F0:7B:65:3C:22:AA,SpectrumSetup-22A4,[WPA2_PSK],2025-3-26 4:4:14,6,-71,34.0474205,-117.2002106,359.10,1.75,WIFI
F0:9F:C2:CC:90:F6,ManagementVds,[WPA2_WPA3_PSK],2025-3-26 4:4:14,6,-82,34.0474205,-117.2002106,359.10,1.75,WIFI
34:60:F9:5F:7E:1B,HandB,[WPA2_PSK],2025-3-26 4:4:17,9,-75,34.0471802,-117.2006989,359.80,1.75,WIFI
CC:58:30:64:D4:D6,TMOBILE-D4D1,[WPA2_WPA3_PSK],2025-3-26 4:4:19,11,-65,34.0470390,-117.2010193,360.20,1.75,WIFI
DC:69:B5:37:EF:26,DESPAIN,[WPA2_PSK],2025-3-26 4:4:19,11,-67,34.0470390,-117.2010193,360.20,1.75,WIFI
DC:69:B5:37:EF:23,,[WPA3_PSK],2025-3-26 4:4:19,11,-68,34.0470390,-117.2010193,360.20,1.75,WIFI
DC:69:B5:37:EF:29,,[OPEN],2025-3-26 4:4:19,11,-68,34.0470390,-117.2010193,360.20,1.75,WIFI
88:67:46:6F:6E:C6,Rp,[WPA2_PSK],2025-3-26 4:4:19,11,-69,34.0470390,-117.2010193,360.20,1.75,WIFI
D4:05:DE:84:8E:AA,,[OPEN],2025-3-26 4:4:19,11,-70,34.0470390,-117.2010193,360.20,1.75,WIFI
D4:05:DE:84:8E:A4,,[WPA3_PSK],2025-3-26 4:4:19,11,-71,34.0470390,-117.2010193,360.20,1.75,WIFI
D4:05:DE:84:8E:A7,yoyitario,[WPA2_PSK],2025-3-26 4:4:19,11,-71,34.0470390,-117.2010193,360.20,1.75,WIFI
F4:05:95:D7:90:D9,SpectrumSetup-D3,[WPA2_PSK],2025-3-26 4:4:19,11,-73,34.0470390,-117.2010193,360.20,1.75,WIFI
D4:05:DE:86:98:04,,[WPA3_PSK],2025-3-26 4:4:19,11,-74,34.0470390,-117.2010193,360.20,1.75,WIFI
B0:FC:88:27:72:47,MAVDPT26,[WPA2_PSK],2025-3-26 4:4:19,11,-74,34.0470390,-117.2010193,360.20,1.75,WIFI
F0:81:75:08:78:E6,MySpectrumWiFie0-2G,[WPA2_PSK],2025-3-26 4:4:19,11,-75,34.0470390,-117.2010193,360.20,1.75,WIFI
F4:52:46:FF:52:46,SpectrumSetup-5249,[WPA2_PSK],2025-3-26 4:4:19,11,-75,34.0470390,-117.2010193,360.20,1.75,WIFI
D4:05:DE:86:98:0A,,[OPEN],2025-3-26 4:4:19,11,-75,34.0470390,-117.2010193,360.20,1.75,WIFI
D4:05:DE:86:98:07,Zeusx,[WPA2_PSK],2025-3-26 4:4:19,11,-75,34.0470390,-117.2010193,360.20,1.75,WIFI
A8:3A:79:F5:89:A3,CK_STAGE,[WPA2_PSK],2025-3-26 4:4:23,1,-63,34.0468369,-117.2015839,360.60,1.75,WIFI
A8:3A:79:F5:89:A4,CK_MGR,[WPA2_PSK],2025-3-26 4:4:23,1,-64,34.0468369,-117.2015839,360.60,1.75,WIFI
A8:3A:79:F5:89:A1,CK_IOT,[WPA2_PSK],2025-3-26 4:4:23,1,-65,34.0468369,-117.2015839,360.60,1.75,WIFI
A8:3A:79:F5:89:A5,CK_STORE,[WPA2],2025-3-26 4:4:23,1,-65,34.0468369,-117.2015839,360.60,1.75,WIFI
A8:3A:79:F5:89:A2,CK_BYOD,[WPA2_PSK],2025-3-26 4:4:23,1,-71,34.0468369,-117.2015839,360.60,1.75,WIFI
2A:F3:66:95:AF:FD,DONGLE-28F36695AFFD,[WPA2_PSK],2025-3-26 4:4:23,1,-72,34.0468369,-117.2015839,360.60,1.75,WIFI
24:41:FE:48:01:22,Verizon_6KNG9L,[WPA2_PSK],2025-3-26 4:4:23,1,-72,34.0468369,-117.2015839,360.60,1.75,WIFI
D0:6D:C9:2D:C7:86,Fruit Farm,[WPA2_PSK],2025-3-26 4:4:23,1,-74,34.0468369,-117.2015839,360.60,1.75,WIFI
80:78:71:09:36:9E,Dead space,[WPA2_PSK],2025-3-26 4:4:23,1,-75,34.0468369,-117.2015839,360.60,1.75,WIFI
4C:19:5D:60:75:09,COPFAMILY,[WPA2_PSK],2025-3-26 4:4:23,1,-75,34.0468369,-117.2015839,360.60,1.75,WIFI
F8:AA:3F:EB:53:1F,SpectrumSetup-1D,[WPA2_PSK],2025-3-26 4:4:23,1,-79,34.0468369,-117.2015839,360.60,1.75,WIFI
FA:8F:CA:6E:4F:61,Polk MagniFi Max-1769.d,[OPEN],2025-3-26 4:4:23,1,-80,34.0468369,-117.2015839,360.60,1.75,WIFI
D8:CF:61:47:A7:0C,SpectrumSetup-A706,[WPA2_PSK],2025-3-26 4:4:23,1,-83,34.0468369,-117.2015839,360.60,1.75,WIFI
E4:F4:C6:15:AD:8C,wtwood,[WPA_WPA2_PSK],2025-3-26 4:4:27,4,-74,34.0467377,-117.2019196,360.50,1.75,WIFI
74:37:5F:55:FA:13,ierr2006,[WPA2_PSK],2025-3-26 4:4:29,6,-59,34.0466652,-117.2019806,360.40,1.75,WIFI
28:EC:22:32:61:23,,[WPA3_PSK],2025-3-26 4:4:29,6,-72,34.0466652,-117.2019806,360.40,1.75,WIFI
28:EC:22:32:61:29,,[OPEN],2025-3-26 4:4:29,6,-72,34.0466652,-117.2019806,360.40,1.75,WIFI
28:EC:22:32:61:26,net,[WPA2_PSK],2025-3-26 4:4:29,6,-72,34.0466652,-117.2019806,360.40,1.75,WIFI
FC:DB:21:5A:62:99,TEST123,[WPA2_PSK],2025-3-26 4:4:29,6,-73,34.0466652,-117.2019806,360.40,1.75,WIFI
28:EC:22:32:61:2F,net Guest,[WPA2_PSK],2025-3-26 4:4:29,6,-73,34.0466652,-117.2019806,360.40,1.75,WIFI
CC:CF:83:48:E9:F0,,[WPA_WPA2_PSK],2025-3-26 4:4:30,7,-87,34.0466156,-117.2019730,360.40,1.75,WIFI
10:0C:6B:32:3D:8C,,[WPA2_PSK],2025-3-26 4:4:31,8,-82,34.0465622,-117.2019577,360.30,1.75,WIFI
10:DA:43:CD:7C:1E,NETGEAR95,[WPA2_PSK],2025-3-26 4:4:31,8,-83,34.0465622,-117.2019577,360.30,1.75,WIFI
16:0C:6B:32:3D:8C,RPNet,[WPA2_PSK],2025-3-26 4:4:31,8,-83,34.0465622,-117.2019577,360.30,1.75,WIFI
B6:39:56:6C:D8:D6,ORBI08,[WPA2_PSK],2025-3-26 4:4:32,9,-86,34.0465088,-117.2019272,360.30,1.75,WIFI
94:18:65:DD:13:87,WorkLarry,[WPA2_PSK],2025-3-26 4:4:33,10,-79,34.0464439,-117.2018890,360.30,1.75,WIFI
74:37:5F:DA:99:47,SpectrumSetup-45,[WPA2_PSK],2025-3-26 4:4:34,11,-75,34.0463753,-117.2018433,360.60,1.75,WIFI
60:F4:19:8B:6B:26,Logan Wifi,[WPA2_PSK],2025-3-26 4:4:34,11,-78,34.0463753,-117.2018433,360.60,1.75,WIFI
60:F4:19:8B:6B:29,,[OPEN],2025-3-26 4:4:34,11,-78,34.0463753,-117.2018433,360.60,1.75,WIFI
60:F4:19:8B:6B:23,,[WPA3_PSK],2025-3-26 4:4:34,11,-80,34.0463753,-117.2018433,360.60,1.75,WIFI
84:A0:6E:C9:E2:16,joola-2G,[WPA2_PSK],2025-3-26 4:4:34,11,-85,34.0463753,-117.2018433,360.60,1.75,WIFI
94:83:C4:0B:C3:A8,crkems750,[WPA_PSK],2025-3-26 4:4:34,11,-86,34.0463753,-117.2018433,360.60,1.75,WIFI
A0:04:60:CE:27:A6,NETGEAR76,[WPA2_PSK],2025-3-26 4:4:34,11,-86,34.0463753,-117.2018433,360.60,1.75,WIFI
D8:A7:56:73:52:96,MySpectrumWiFi90-2G,[WPA2_PSK],2025-3-26 4:4:37,1,-74,34.0461426,-117.2016678,361.50,1.75,WIFI
C8:B4:22:05:E5:E7,Cooks Retreat,[WPA2_PSK],2025-3-26 4:4:37,1,-79,34.0461426,-117.2016678,361.50,1.75,WIFI
DC:92:72:E5:8D:AF,Frontier0087,[WPA2_PSK],2025-3-26 4:4:37,1,-81,34.0461426,-117.2016678,361.50,1.75,WIFI
7A:AC:B9:BD:D4:B8,BT_Magnolia_guest,[WPA2_PSK],2025-3-26 4:4:37,1,-85,34.0461426,-117.2016678,361.50,1.75,WIFI
D0:6D:C9:39:94:06,Frontier1031,[WPA2_PSK],2025-3-26 4:4:37,1,-85,34.0461426,-117.2016678,361.50,1.75,WIFI
74:AC:B9:BD:D4:B8,BT_Magnolia,[WPA2_PSK],2025-3-26 4:4:37,1,-86,34.0461426,-117.2016678,361.50,1.75,WIFI
7E:AC:B9:BD:D4:B8,iPhoneSetup,[WPA2_PSK],2025-3-26 4:4:37,1,-87,34.0461426,-117.2016678,361.50,1.75,WIFI
F6:A7:31:61:DD:EA,,[WPA2_PSK],2025-3-26 4:4:40,2,-86,34.0459137,-117.2014694,363.10,1.75,WIFI
F0:A7:31:61:DD:EA,DEK2024,[WPA2_PSK],2025-3-26 4:4:40,2,-86,34.0459137,-117.2014694,363.10,1.75,WIFI
28:C2:DD:BD:4C:74,WMbd4c74,[OPEN],2025-3-26 4:4:41,3,-86,34.0458336,-117.2014084,363.40,1.75,WIFI
80:69:1A:94:41:18,Leason2.0,[WPA2_WPA3_PSK],2025-3-26 4:4:41,4,-79,34.0458336,-117.2014084,363.40,1.75,WIFI
80:69:1A:94:49:9A,Leason2.0,[WPA2_WPA3_PSK],2025-3-26 4:4:41,4,-85,34.0458336,-117.2014084,363.40,1.75,WIFI
9C:A5:70:9B:A0:03,,[WPA3_PSK],2025-3-26 4:4:44,6,-72,34.0456200,-117.2012482,364.50,1.75,WIFI
9C:A5:70:9B:A0:07,,[OPEN],2025-3-26 4:4:44,6,-72,34.0456200,-117.2012482,364.50,1.75,WIFI
F8:E4:FB:03:39:7E,2BPB2,[WPA2_PSK],2025-3-26 4:4:44,6,-73,34.0456200,-117.2012482,364.50,1.75,WIFI
9C:A5:70:9B:A0:05,Normanrose,[WPA2_PSK],2025-3-26 4:4:44,6,-74,34.0456200,-117.2012482,364.50,1.75,WIFI
60:F4:19:01:28:A6,WZWMK,[WPA2_PSK],2025-3-26 4:4:44,6,-77,34.0456200,-117.2012482,364.50,1.75,WIFI
60:F4:19:01:28:A3,,[WPA3_PSK],2025-3-26 4:4:44,6,-80,34.0456200,-117.2012482,364.50,1.75,WIFI
D0:16:7C:8D:8A:07,,[OPEN],2025-3-26 4:4:44,6,-82,34.0456200,-117.2012482,364.50,1.75,WIFI
D0:16:7C:8D:8A:03,,[WPA3_PSK],2025-3-26 4:4:44,6,-82,34.0456200,-117.2012482,364.50,1.75,WIFI
D0:16:7C:8D:8B:E7,,[OPEN],2025-3-26 4:4:44,6,-82,34.0456200,-117.2012482,364.50,1.75,WIFI
DC:92:72:E3:69:AF,Frontier0168,[WPA2_PSK],2025-3-26 4:4:44,6,-82,34.0456200,-117.2012482,364.50,1.75,WIFI
A4:11:62:72:9A:12,ARLO_VMB_4422026869,[WPA2_PSK],2025-3-26 4:4:46,8,-85,34.0455170,-117.2011642,365.00,1.75,WIFI
82:48:B8:F3:22:46,CLM1,[WPA2_PSK],2025-3-26 4:4:46,8,-89,34.0455170,-117.2011642,365.00,1.75,WIFI
82:48:B8:F3:22:44,Proxima,[WPA2_PSK],2025-3-26 4:4:46,8,-92,34.0455170,-117.2011642,365.00,1.75,WIFI
80:69:1A:94:41:B4,Leason2.0,[WPA2_WPA3_PSK],2025-3-26 4:4:47,9,-75,34.0454712,-117.2011490,365.10,1.75,WIFI
56:60:F9:5F:7E:1B,,[WPA2_PSK],2025-3-26 4:4:47,9,-80,34.0454712,-117.2011490,365.10,1.75,WIFI
D8:EB:97:EE:2E:32,Keidel2.4-private,[WPA2_PSK],2025-3-26 4:4:48,10,-78,34.0454369,-117.2011490,365.10,1.75,WIFI
DA:EB:97:EE:2E:35,Keidel-guest2.4,[WPA2_PSK],2025-3-26 4:4:48,10,-79,34.0454369,-117.2011490,365.10,1.75,WIFI
60:32:B1:F9:EF:A6,,[WPA2_PSK],2025-3-26 4:4:48,10,-90,34.0454369,-117.2011490,365.10,1.75,WIFI
C4:8E:8F:E4:98:76,WIFIE49872,[WPA2_PSK],2025-3-26 4:4:49,11,-68,34.0453987,-117.2011795,365.10,1.75,WIFI
9C:C8:FC:01:AE:48,Roberts,[WPA2_PSK],2025-3-26 4:4:49,11,-79,34.0453987,-117.2011795,365.10,1.75,WIFI
7E:4D:8F:57:BE:F5,DIRECT-F5-HP OfficeJet Pro 8020,[WPA2_PSK],2025-3-26 4:4:49,11,-80,34.0453987,-117.2011795,365.10,1.75,WIFI
58:2F:F7:68:A1:56,SpectrumSetup-50,[WPA2_PSK],2025-3-26 4:4:49,11,-80,34.0453987,-117.2011795,365.10,1.75,WIFI
30:8D:99:FB:51:2F,HP-Print-2F-ENVY 4500 series,[OPEN],2025-3-26 4:4:49,11,-84,34.0453987,-117.2011795,365.10,1.75,WIFI
82:AC:B9:BD:D4:B8,,[WPA2_PSK],2025-3-26 4:4:52,1,-70,34.0452995,-117.2013245,365.20,1.75,WIFI
FC:34:97:05:D4:D0,Belle-2G,[WPA2_PSK],2025-3-26 4:4:54,2,-76,34.0452156,-117.2014771,365.20,1.75,WIFI
A0:89:66:8D:EC:20,,[WPA_WPA2_PSK],2025-3-26 4:4:54,2,-77,34.0452156,-117.2014771,365.20,1.75,WIFI
FC:34:97:05:D4:D1,BeOurGuest,[WPA2_WPA3_PSK],2025-3-26 4:4:54,2,-78,34.0452156,-117.2014771,365.20,1.75,WIFI
10:DA:43:99:AA:F6,NETGEAR29,[WPA2_PSK],2025-3-26 4:4:55,3,-83,34.0451736,-117.2015533,365.30,1.75,WIFI
88:57:1D:51:C7:14,[range]_E30AJT7113083P,[WPA2_PSK],2025-3-26 4:4:56,4,-80,34.0451355,-117.2016220,365.30,1.75,WIFI
82:D2:94:A9:7E:5A,,[WPA2_PSK],2025-3-26 4:4:56,4,-84,34.0451355,-117.2016220,365.30,1.75,WIFI
7E:AC:B9:BD:CB:D1,iPhoneSetup,[WPA2_PSK],2025-3-26 4:4:58,6,-60,34.0450630,-117.2017441,365.40,1.75,WIFI
7A:AC:B9:BD:CB:D1,BT_Magnolia_guest,[WPA2_PSK],2025-3-26 4:4:58,6,-61,34.0450630,-117.2017441,365.40,1.75,WIFI
82:AC:B9:BD:CB:D1,,[WPA2_PSK],2025-3-26 4:4:58,6,-62,34.0450630,-117.2017441,365.40,1.75,WIFI
74:AC:B9:BD:CB:D1,BT_Magnolia,[WPA2_PSK],2025-3-26 4:4:58,6,-62,34.0450630,-117.2017441,365.40,1.75,WIFI
22:48:6C:B1:A8:3B,,[WPA2_PSK],2025-3-26 4:4:58,6,-76,34.0450630,-117.2017441,365.40,1.75,WIFI
44:EA:D8:1E:24:B8,ChimePro-1E24B7,[OPEN],2025-3-26 4:4:58,6,-77,34.0450630,-117.2017441,365.40,1.75,WIFI
D4:3F:32:6C:47:C6,durian,[WPA2_PSK],2025-3-26 4:4:58,6,-85,34.0450630,-117.2017441,365.40,1.75,WIFI
D4:3F:32:6C:47:C3,,[WPA3_PSK],2025-3-26 4:4:58,6,-87,34.0450630,-117.2017441,365.40,1.75,WIFI
90:CA:FA:9B:5D:1A,The Force,[WPA2_PSK],2025-3-26 4:4:58,6,-89,34.0450630,-117.2017441,365.40,1.75,WIFI
40:70:09:46:48:A0,Sprang,[WPA2_PSK],2025-3-26 4:4:58,7,-88,34.0450630,-117.2017441,365.40,1.75,WIFI
E2:EC:5E:7E:62:DA,,[WPA2_PSK],2025-3-26 4:5:0,8,-79,34.0449905,-117.2018051,365.50,1.75,WIFI
D8:EC:5E:7E:62:DA,Lashin,[WPA2_PSK],2025-3-26 4:5:0,8,-84,34.0449905,-117.2018051,365.50,1.75,WIFI
DE:EC:5E:7E:62:DA,_VelopSetup261-guest,[WPA2_PSK],2025-3-26 4:5:0,8,-86,34.0449905,-117.2018051,365.50,1.75,WIFI
72:32:B1:F9:EF:A6,MeatRocket,[WPA2_PSK],2025-3-26 4:5:2,10,-87,34.0449066,-117.2017899,365.50,1.75,WIFI
22:3E:A4:04:CF:C2,,[WPA2_PSK],2025-3-26 4:5:3,11,-57,34.0448685,-117.2017746,365.60,1.75,WIFI
9C:0B:05:C3:67:C4,,[WPA3_PSK],2025-3-26 4:5:3,11,-62,34.0448685,-117.2017746,365.60,1.75,WIFI
9C:0B:05:C3:67:CA,,[OPEN],2025-3-26 4:5:3,11,-62,34.0448685,-117.2017746,365.60,1.75,WIFI
9C:0B:05:C3:67:C7,GeorgeYaz,[WPA2_PSK],2025-3-26 4:5:3,11,-63,34.0448685,-117.2017746,365.60,1.75,WIFI
D4:05:DE:89:EE:64,,[WPA3_PSK],2025-3-26 4:5:3,11,-65,34.0448685,-117.2017746,365.60,1.75,WIFI
D4:05:DE:89:EE:67,Honn,[WPA2_PSK],2025-3-26 4:5:3,11,-66,34.0448685,-117.2017746,365.60,1.75,WIFI
D4:05:DE:89:EE:6A,,[OPEN],2025-3-26 4:5:3,11,-66,34.0448685,-117.2017746,365.60,1.75,WIFI
02:13:37:AA:3A:34,manage,[WPA2_PSK],2025-3-26 4:5:3,11,-72,34.0448685,-117.2017746,365.60,1.75,WIFI
00:13:37:AA:3A:34,Redlands Free WiFi,[OPEN],2025-3-26 4:5:3,11,-73,34.0448685,-117.2017746,365.60,1.75,WIFI
F4:52:46:1D:8C:B9,SpectrumSetup-BB,[WPA2_PSK],2025-3-26 4:5:3,11,-80,34.0448685,-117.2017746,365.60,1.75,WIFI
3A:1A:52:02:F5:58,DIRECT-52027558,[WPA2_PSK],2025-3-26 4:5:3,11,-81,34.0448685,-117.2017746,365.60,1.75,WIFI
F8:F5:32:4C:34:08,Frontier0816,[WPA2_PSK],2025-3-26 4:5:3,11,-87,34.0448685,-117.2017746,365.60,1.75,WIFI
A4:97:33:4C:EC:5D,SpectrumSetup-5F,[WPA2_PSK],2025-3-26 4:5:3,11,-89,34.0448685,-117.2017746,365.60,1.75,WIFI
2C:67:BE:09:97:EF,SpectrumSetup-97EB,[WPA2_PSK],2025-3-26 4:5:4,1,-74,34.0448227,-117.2017441,365.90,1.75,WIFI
1E:67:BE:09:97:E8,,[WPA2_PSK],2025-3-26 4:5:4,1,-77,34.0448227,-117.2017441,365.90,1.75,WIFI
1E:67:BE:09:97:E9,,[WPA2_PSK],2025-3-26 4:5:4,1,-77,34.0448227,-117.2017441,365.90,1.75,WIFI
DA:31:34:D0:B7:61,DIRECT-roku-457-3A2911,[WPA2_PSK],2025-3-26 4:5:4,1,-80,34.0448227,-117.2017441,365.90,1.75,WIFI
90:CA:FA:9B:5C:CF,The Force,[WPA2_PSK],2025-3-26 4:5:4,1,-82,34.0448227,-117.2017441,365.90,1.75,WIFI
CC:40:D0:A2:8E:62,NETGEAR91,[WPA2_PSK],2025-3-26 4:5:4,1,-82,34.0448227,-117.2017441,365.90,1.75,WIFI
58:68:7A:10:AF:16,Cookie,[WPA2_WPA3_PSK],2025-3-26 4:5:4,1,-84,34.0448227,-117.2017441,365.90,1.75,WIFI
AE:AE:19:40:10:73,DIRECT-roku-266-7E9757,[WPA2_PSK],2025-3-26 4:5:4,1,-86,34.0448227,-117.2017441,365.90,1.75,WIFI
04:B6:BE:86:B3:34,,[WPA_WPA2_PSK],2025-3-26 4:5:4,1,-92,34.0448227,-117.2017441,365.90,1.75,WIFI
88:3D:24:AA:F1:9C,Davida,[WPA2_PSK],2025-3-26 4:5:4,1,-94,34.0448227,-117.2017441,365.90,1.75,WIFI
04:B6:BE:46:60:CE,,[WPA_WPA2_PSK],2025-3-26 4:5:8,2,-76,34.0446396,-117.2016144,366.80,1.75,WIFI
54:04:63:FB:12:D8,,[WPA_WPA2_PSK],2025-3-26 4:5:9,3,-61,34.0446014,-117.2015839,366.80,1.75,WIFI
98:ED:5C:83:A7:13,TeslaPV_83A713,[WPA2_PSK],2025-3-26 4:5:9,3,-74,34.0446014,-117.2015839,366.80,1.75,WIFI
66:32:B1:31:E8:12,,[WPA2_PSK],2025-3-26 4:5:9,3,-76,34.0446014,-117.2015839,366.80,1.75,WIFI
60:32:B1:31:E8:12,DECO,[WPA2_PSK],2025-3-26 4:5:9,3,-81,34.0446014,-117.2015839,366.80,1.75,WIFI
66:32:B1:31:E3:3E,,[WPA2_PSK],2025-3-26 4:5:9,3,-83,34.0446014,-117.2015839,366.80,1.75,WIFI
60:32:B1:31:E3:3E,DECO,[WPA2_PSK],2025-3-26 4:5:9,3,-84,34.0446014,-117.2015839,366.80,1.75,WIFI
66:32:B1:31:F2:2A,,[WPA2_PSK],2025-3-26 4:5:9,3,-90,34.0446014,-117.2015839,366.80,1.75,WIFI
80:78:71:80:F3:1F,SpectrumSetup-21,[WPA2_PSK],2025-3-26 4:5:12,6,-67,34.0444756,-117.2014771,367.60,1.75,WIFI
D4:3F:32:6C:47:C9,,[OPEN],2025-3-26 4:5:12,6,-67,34.0444756,-117.2014771,367.60,1.75,WIFI
90:CA:FA:9B:59:3C,The Force,[WPA2_PSK],2025-3-26 4:5:12,6,-69,34.0444756,-117.2014771,367.60,1.75,WIFI
56:13:79:C7:1D:8E,DIRECT-8e-HP M281 LaserJet,[WPA2_PSK],2025-3-26 4:5:12,6,-71,34.0444756,-117.2014771,367.60,1.75,WIFI
58:2F:F7:75:40:C6,SpectrumSetup-C0,[WPA2_PSK],2025-3-26 4:5:12,6,-80,34.0444756,-117.2014771,367.60,1.75,WIFI
DA:31:34:D9:15:A6,,[WPA2_PSK],2025-3-26 4:5:12,6,-82,34.0444756,-117.2014771,367.60,1.75,WIFI
F8:5B:3B:CE:64:39,MandC,[WPA2_PSK],2025-3-26 4:5:18,11,-77,34.0443726,-117.2012939,368.10,1.75,WIFI
68:3A:48:11:A4:C8,[fridge]_E30AJT5113389T,[WPA2_PSK],2025-3-26 4:5:21,1,-75,34.0443840,-117.2012482,368.20,1.75,WIFI
9A:0C:7A:D4:3E:98,SpectrumSetup-97EB,[WPA2_PSK],2025-3-26 4:5:21,1,-82,34.0443840,-117.2012482,368.20,1.75,WIFI
34:53:D2:52:09:CE,SpectrumSetup-C8,[WPA2_PSK],2025-3-26 4:5:21,1,-84,34.0443840,-117.2012482,368.20,1.75,WIFI
86:69:1A:94:49:40,,[WPA2_WPA3_PSK],2025-3-26 4:5:21,1,-85,34.0443840,-117.2012482,368.20,1.75,WIFI
FC:12:63:A1:77:85,SpectrumSetup-87,[WPA2_PSK],2025-3-26 4:5:21,1,-88,34.0443840,-117.2012482,368.20,1.75,WIFI
8A:3D:24:AA:F1:9C,Davida-guest,[WPA2_PSK],2025-3-26 4:5:21,1,-91,34.0443840,-117.2012482,368.20,1.75,WIFI
60:32:B1:31:F2:2A,DECO,[WPA2_PSK],2025-3-26 4:5:24,3,-90,34.0443954,-117.2012024,368.40,1.75,WIFI
C2:A5:11:13:55:77,ORBI42,[WPA2_PSK],2025-3-26 4:5:25,4,-89,34.0443993,-117.2011948,368.40,1.75,WIFI
5C:62:8B:EE:D2:82,,[WPA_WPA2_PSK],2025-3-26 4:5:30,9,-88,34.0443993,-117.2011871,368.50,1.75,WIFI
86:69:1A:94:41:B4,,[WPA2_WPA3_PSK],2025-3-26 4:5:30,9,-88,34.0443993,-117.2011871,368.50,1.75,WIFI
5E:62:8B:2E:D2:82,TheKrellMainframe,[WPA2_PSK],2025-3-26 4:5:30,9,-88,34.0443993,-117.2011871,368.50,1.75,WIFI
60:45:CB:5C:8F:30,Mills Home_2.4,[WPA2_PSK],2025-3-26 4:5:32,11,-86,34.0443993,-117.2011871,368.50,1.75,WIFI
60:45:CB:5C:8F:31,Voldemort_2.4,[WPA2_PSK],2025-3-26 4:5:32,11,-86,34.0443993,-117.2011871,368.50,1.75,WIFI
9A:0C:7A:D4:2C:F8,SpectrumSetup-97EB,[WPA2_PSK],2025-3-26 4:5:35,1,-81,34.0443993,-117.2011871,368.60,1.75,WIFI
8A:0C:7A:D4:2C:F8,,[WPA2_PSK],2025-3-26 4:5:35,1,-82,34.0443993,-117.2011871,368.60,1.75,WIFI
AA:0C:7A:D4:2C:F8,,[WPA2_PSK],2025-3-26 4:5:35,1,-82,34.0443993,-117.2011871,368.60,1.75,WIFI
CA:3A:6B:DA:AE:9B,,[WPA2_PSK],2025-3-26 4:5:38,3,-91,34.0443993,-117.2011871,368.70,1.75,WIFI
C6:A5:11:13:55:77,,[WPA2_PSK],2025-3-26 4:5:39,4,-83,34.0443993,-117.2011871,368.80,1.75,WIFI
CC:2D:21:FF:71:71,Boopers,[WPA_WPA2_PSK],2025-3-26 4:5:41,6,-94,34.0443993,-117.2011871,368.80,1.75,WIFI
A0:89:66:8D:D0:D8,,[WPA_WPA2_PSK],2025-3-26 4:5:43,8,-90,34.0443993,-117.2011871,368.90,1.75,WIFI
14:59:C0:A1:9A:88,Hemingway2,[WPA2_PSK],2025-3-26 4:5:44,9,-94,34.0443993,-117.2011871,368.90,1.75,WIFI
00:17:1A:D5:37:06,Winegard2ghzD53705,[WPA2_PSK],2025-3-26 4:5:46,11,-91,34.0443993,-117.2011871,369.00,1.75,WIFI
00:C8:96:B2:DC:40,,[WPA_WPA2_PSK],2025-3-26 4:5:46,11,-93,34.0443993,-117.2011871,369.00,1.75,WIFI
AA:0C:7A:D4:3E:98,,[WPA2_PSK],2025-3-26 4:5:49,1,-82,34.0443993,-117.2011871,369.10,1.75,WIFI
C6:A5:11:13:4D:0C,,[WPA2_PSK],2025-3-26 4:5:53,4,-82,34.0443993,-117.2011871,369.20,1.75,WIFI
8A:0C:7A:D4:3E:98,,[WPA2_PSK],2025-3-26 4:6:17,1,-83,34.0443993,-117.2011871,369.70,1.75,WIFI
00:23:A7:D8:D9:89,TEG-1Y9,[WPA_WPA2_PSK],2025-3-26 4:6:28,11,-90,34.0443993,-117.2011871,369.70,1.75,WIFI
02:17:1A:D5:37:06,,[WPA2_PSK],2025-3-26 4:6:42,11,-85,34.0443993,-117.2011871,369.60,1.75,WIFI
90:9A:4A:47:AA:E6,joola-5G_2.4GEXT,[WPA2_PSK],2025-3-26 4:6:56,11,-92,34.0443993,-117.2011871,369.60,1.75,WIFI
C2:A5:11:13:4D:0C,ORBI42,[WPA2_PSK],2025-3-26 4:7:17,4,-86,34.0443993,-117.2011871,369.70,2.00,WIFI
22:3E:A4:9C:D0:7F,,[WPA2_PSK],2025-3-26 4:7:24,11,-90,34.0443993,-117.2011871,369.90,1.75,WIFI
08:7B:12:48:BA:26,Frontier0294,[WPA2_PSK],2025-3-26 4:7:47,6,-94,34.0443993,-117.2011871,369.90,1.75,WIFI
86:69:1A:94:41:18,,[WPA2_WPA3_PSK],2025-3-26 4:7:59,4,-92,34.0443993,-117.2011871,370.00,1.75,WIFI
D8:C8:E9:79:87:E2,Lumiere,[WPA2_PSK],2025-3-26 4:8:11,2,-94,34.0443993,-117.2011871,370.10,1.75,WIFI
