WigleWifi-1.4,appRelease=v1.2.0,model=ESP32 Marauder,release=v1.2.0,device=ESP32 Marauder,display=SPI TFT,board=ESP32 Marauder,brand=JustCallMeKoko
MAC,SSID,AuthMode,FirstSeen,Channel,RSSI,CurrentLatitude,CurrentLongitude,AltitudeMeters,AccuracyMeters,Type
88:DC:97:0A:80:79,DolceVillaEstate,[WPA2_WPA3_PSK],2025-3-28 4:3:44,1,-73,34.0223923,-117.1785965,455.00,4.75,WIFI
18:31:BF:A9:BF:30,Nannis,[WPA2_PSK],2025-3-28 4:3:44,1,-94,34.0223923,-117.1785965,455.00,4.75,WIFI
80:E5:40:E9:05:F8,Frontier9344,[WPA2_PSK],2025-3-28 4:3:44,1,-95,34.0223923,-117.1785965,455.00,4.75,WIFI
16:0C:6B:20:BF:DE,Moores,[WPA2_PSK],2025-3-28 4:3:46,3,-91,34.0226707,-117.1784592,454.40,4.50,WIFI
60:45:CB:CF:7C:D0,Kitchen,[WPA2_PSK],2025-3-28 4:3:49,6,-72,34.0230789,-117.1782379,455.50,4.50,WIFI
80:CC:9C:3D:61:A2,,[WPA2_PSK],2025-3-28 4:3:49,6,-91,34.0230789,-117.1782379,455.50,4.50,WIFI
86:CC:9C:3D:61:A2,MORALES-1,[WPA2_PSK],2025-3-28 4:3:49,6,-93,34.0230789,-117.1782379,455.50,4.50,WIFI
3A:98:B5:50:B9:64,Sunset Cottage,[WPA2_PSK],2025-3-28 4:4:1,4,-85,34.0246353,-117.1781845,471.90,4.50,WIFI
3E:98:B5:50:B9:64,Sunset Guest,[WPA2_PSK],2025-3-28 4:4:1,4,-85,34.0246353,-117.1781845,471.90,4.50,WIFI
34:98:B5:50:B9:64,,[WPA2_PSK],2025-3-28 4:4:1,4,-86,34.0246353,-117.1781845,471.90,4.50,WIFI
42:94:ED:5D:72:F7,Sunset Guest,[WPA2_PSK],2025-3-28 4:4:1,4,-93,34.0246353,-117.1781845,471.90,4.50,WIFI
EC:B1:D7:CF:14:71,HP-Print-71-Officejet Pro 276dw,[WPA2_PSK],2025-3-28 4:4:3,6,-92,34.0248985,-117.1781082,473.70,4.50,WIFI
72:CD:D6:15:6D:7A,Office/Backyard,[WPA2_PSK],2025-3-28 4:4:5,8,-92,34.0251541,-117.1780243,475.50,4.50,WIFI
6C:CD:D6:15:6D:7A,,[WPA2_PSK],2025-3-28 4:4:5,8,-93,34.0251541,-117.1780243,475.50,4.50,WIFI
38:94:ED:5D:72:F7,,[WPA2_PSK],2025-3-28 4:4:15,4,-75,34.0258904,-117.1776886,482.00,4.50,WIFI
3E:94:ED:5D:72:F7,Sunset Cottage,[WPA2_PSK],2025-3-28 4:4:15,4,-77,34.0258904,-117.1776886,482.00,4.50,WIFI
3E:94:ED:5D:60:87,Sunset Cottage,[WPA2_PSK],2025-3-28 4:4:15,4,-79,34.0258904,-117.1776886,482.00,4.50,WIFI
38:94:ED:5D:60:87,,[WPA2_PSK],2025-3-28 4:4:15,4,-80,34.0258904,-117.1776886,482.00,4.50,WIFI
42:94:ED:5D:60:87,Sunset Guest,[WPA2_PSK],2025-3-28 4:4:15,4,-80,34.0258904,-117.1776886,482.00,4.50,WIFI
D2:9E:43:D5:86:95,Sunset Guest,[WPA2_PSK],2025-3-28 4:4:15,4,-93,34.0258904,-117.1776886,482.00,4.50,WIFI
86:CC:9C:3D:63:96,MORALES-1,[WPA2_PSK],2025-3-28 4:4:17,6,-87,34.0259056,-117.1776810,482.70,4.50,WIFI
C0:89:AB:39:E3:E8,Frontier0368,[WPA2_PSK],2025-3-28 4:4:22,11,-92,34.0261650,-117.1778564,485.40,4.50,WIFI
08:9B:F1:87:61:69,,[OPEN],2025-3-28 4:4:25,1,-74,34.0264587,-117.1781464,484.10,4.50,WIFI
08:9B:F1:87:61:63,,[WPA3_PSK],2025-3-28 4:4:25,1,-75,34.0264587,-117.1781464,484.10,4.50,WIFI
08:9B:F1:87:61:66,Force1,[WPA2_PSK],2025-3-28 4:4:25,1,-80,34.0264587,-117.1781464,484.10,4.50,WIFI
F8:BB:BF:AD:57:03,Force1,[WPA2_PSK],2025-3-28 4:4:25,1,-84,34.0264587,-117.1781464,484.10,4.50,WIFI
F8:BB:BF:AD:57:05,,[OPEN],2025-3-28 4:4:25,1,-85,34.0264587,-117.1781464,484.10,4.50,WIFI
F8:BB:BF:AD:57:01,,[WPA3_PSK],2025-3-28 4:4:25,1,-85,34.0264587,-117.1781464,484.10,4.50,WIFI
6C:AE:F6:9D:6D:F5,,[OPEN],2025-3-28 4:4:25,1,-86,34.0264587,-117.1781464,484.10,4.50,WIFI
6C:AE:F6:9D:6D:F1,,[WPA3_PSK],2025-3-28 4:4:25,1,-86,34.0264587,-117.1781464,484.10,4.50,WIFI
6C:AE:F6:9D:6D:F3,Force1,[WPA2_PSK],2025-3-28 4:4:25,1,-86,34.0264587,-117.1781464,484.10,4.50,WIFI
22:48:6C:4D:34:70,,[WPA2_PSK],2025-3-28 4:4:25,1,-90,34.0264587,-117.1781464,484.10,4.50,WIFI
60:D2:48:0C:45:88,Frontier2432,[WPA2_PSK],2025-3-28 4:4:25,1,-91,34.0264587,-117.1781464,484.10,4.50,WIFI
22:64:1F:4A:F2:AB,Bedroom TV,[OPEN],2025-3-28 4:4:32,6,-87,34.0272102,-117.1788712,475.80,4.50,WIFI
DA:6A:91:D6:A3:F2,Tesla 2.4,[WPA2_PSK],2025-3-28 4:4:32,6,-91,34.0272102,-117.1788712,475.80,4.50,WIFI
80:CC:9C:3D:63:96,,[WPA2_PSK],2025-3-28 4:4:32,6,-94,34.0272102,-117.1788712,475.80,4.50,WIFI
08:36:C9:95:66:EE,The Cheng's Castle,[WPA2_PSK],2025-3-28 4:4:34,8,-84,34.0274315,-117.1790237,474.10,4.50,WIFI
0E:36:C9:95:66:EE,,[WPA2_PSK],2025-3-28 4:4:34,8,-87,34.0274315,-117.1790237,474.10,4.50,WIFI
98:ED:7E:8C:62:04,,[WPA3_PSK],2025-3-28 4:4:37,11,-89,34.0278168,-117.1791534,471.10,4.50,WIFI
98:ED:7E:8C:62:0A,,[OPEN],2025-3-28 4:4:37,11,-89,34.0278168,-117.1791534,471.10,4.50,WIFI
98:ED:7E:8C:62:07,RedlandsHouse,[WPA2_PSK],2025-3-28 4:4:37,11,-89,34.0278168,-117.1791534,471.10,4.50,WIFI
8C:3B:AD:9E:F4:64,ngHub_31948CN702284,[WPA2_PSK],2025-3-28 4:4:37,11,-92,34.0278168,-117.1791534,471.10,4.50,WIFI
08:7B:12:44:2A:E6,Frontier0574,[WPA2_PSK],2025-3-28 4:4:40,1,-81,34.0282135,-117.1792526,467.10,4.50,WIFI
20:C9:D0:18:5E:B1,CondonAir,[WPA2_PSK],2025-3-28 4:4:42,2,-87,34.0284691,-117.1793594,465.40,4.50,WIFI
D0:16:7C:15:42:02,,[WPA3_PSK],2025-3-28 4:4:46,6,-74,34.0289993,-117.1796494,464.10,4.50,WIFI
D0:16:7C:15:42:06,,[OPEN],2025-3-28 4:4:46,6,-75,34.0289993,-117.1796494,464.10,4.50,WIFI
D0:16:7C:15:42:04,Fishmotel,[WPA2_PSK],2025-3-28 4:4:46,6,-77,34.0289993,-117.1796494,464.10,4.50,WIFI
A0:8C:FD:5C:D6:69,DIRECT-02-HP OfficeJet Pro 8710,[WPA2_PSK],2025-3-28 4:4:46,6,-93,34.0289993,-117.1796494,464.10,4.50,WIFI
14:C0:3E:FB:8F:18,Frontier9904,[WPA2_PSK],2025-3-28 4:4:51,11,-93,34.0295486,-117.1802139,461.20,4.50,WIFI
BC:96:E5:45:1E:B8,SpectrumSetup-1EB4,[WPA2_PSK],2025-3-28 4:4:54,1,-82,34.0298462,-117.1805420,458.10,4.50,WIFI
48:D2:4F:F7:33:7E,SpectrumSetup-78,[WPA2_PSK],2025-3-28 4:4:54,1,-85,34.0298462,-117.1805420,458.10,4.50,WIFI
08:36:C9:FD:A6:D8,,[WPA2_PSK],2025-3-28 4:4:57,3,-91,34.0302086,-117.1807709,454.90,4.50,WIFI
12:36:C9:FD:A1:D0,NETGEAR-Guest,[OPEN],2025-3-28 4:4:57,3,-92,34.0302086,-117.1807709,454.90,4.50,WIFI
08:36:C9:FD:A1:D0,,[WPA2_PSK],2025-3-28 4:4:57,3,-96,34.0302086,-117.1807709,454.90,4.50,WIFI
62:62:8B:42:AC:9E,,[WPA2_PSK],2025-3-28 4:4:59,5,-91,34.0304794,-117.1808472,452.80,4.50,WIFI
5C:62:8B:42:AC:9E,Suh,[WPA2_PSK],2025-3-28 4:4:59,5,-92,34.0304794,-117.1808472,452.80,4.50,WIFI
28:EC:22:4C:F0:46,Vanvleet,[WPA2_PSK],2025-3-28 4:5:0,6,-73,34.0306091,-117.1808777,452.30,4.50,WIFI
28:EC:22:4C:F0:49,,[OPEN],2025-3-28 4:5:0,6,-73,34.0306091,-117.1808777,452.30,4.50,WIFI
28:EC:22:4C:F0:43,,[WPA3_PSK],2025-3-28 4:5:0,6,-74,34.0306091,-117.1808777,452.30,4.50,WIFI
FC:3F:A6:85:81:E3,,[WPA3_PSK],2025-3-28 4:5:0,6,-77,34.0306091,-117.1808777,452.30,4.50,WIFI
FC:3F:A6:85:81:E9,,[OPEN],2025-3-28 4:5:0,6,-77,34.0306091,-117.1808777,452.30,4.50,WIFI
FC:3F:A6:85:81:E6,Korhely,[WPA2_PSK],2025-3-28 4:5:0,6,-79,34.0306091,-117.1808777,452.30,4.50,WIFI
2A:0F:EB:B0:83:01,TEG-D48,[WPA2_PSK],2025-3-28 4:5:0,6,-83,34.0306091,-117.1808777,452.30,4.50,WIFI
A0:55:1F:19:D2:C7,QueenKristina,[WPA2_PSK],2025-3-28 4:5:0,6,-88,34.0306091,-117.1808777,452.30,4.50,WIFI
FC:3F:A6:83:DC:E9,,[OPEN],2025-3-28 4:5:0,6,-90,34.0306091,-117.1808777,452.30,4.50,WIFI
96:3B:AD:1C:EA:F7,,[WPA2_PSK],2025-3-28 4:5:2,8,-90,34.0308418,-117.1809235,450.90,4.50,WIFI
C8:9E:43:DC:EC:C1,NETGEAR31,[WPA2_PSK],2025-3-28 4:5:3,9,-84,34.0309410,-117.1809464,450.20,4.50,WIFI
62:62:8B:42:B2:E0,,[WPA2_PSK],2025-3-28 4:5:4,10,-77,34.0310326,-117.1809769,449.30,4.50,WIFI
5C:62:8B:42:B2:E0,Suh,[WPA2_PSK],2025-3-28 4:5:4,10,-77,34.0310326,-117.1809769,449.30,4.50,WIFI
4C:12:65:16:DB:48,Frontier9040,[WPA2_PSK],2025-3-28 4:5:5,11,-85,34.0311279,-117.1810303,448.60,4.50,WIFI
F0:B6:61:00:F6:67,la loma lodge,[WPA2_PSK],2025-3-28 4:5:5,11,-87,34.0311279,-117.1810303,448.60,4.50,WIFI
62:62:8B:42:AB:96,,[WPA2_PSK],2025-3-28 4:5:10,2,-84,34.0316582,-117.1814117,447.50,4.50,WIFI
22:48:6C:58:9F:84,,[WPA2_PSK],2025-3-28 4:5:10,2,-84,34.0316582,-117.1814117,447.50,4.50,WIFI
5C:62:8B:42:AB:96,Suh,[WPA2_PSK],2025-3-28 4:5:10,2,-85,34.0316582,-117.1814117,447.50,4.50,WIFI
C2:FF:D4:91:B1:C0,FORZANET-Guest,[WPA2_PSK],2025-3-28 4:5:12,4,-92,34.0318794,-117.1815643,446.50,4.50,WIFI
80:DA:13:E9:CF:85,Vanvleet,[WPA2_PSK],2025-3-28 4:5:14,6,-60,34.0320969,-117.1817169,445.60,4.50,WIFI
80:DA:13:E9:CF:87,,[OPEN],2025-3-28 4:5:14,6,-64,34.0320969,-117.1817169,445.60,4.50,WIFI
80:DA:13:E9:CF:83,,[WPA3_PSK],2025-3-28 4:5:14,6,-64,34.0320969,-117.1817169,445.60,4.50,WIFI
FC:B2:D6:BC:2D:A0,,[WPA_WPA2_PSK],2025-3-28 4:5:14,6,-74,34.0320969,-117.1817169,445.60,4.50,WIFI
9C:57:BC:85:EE:23,,[WPA3_PSK],2025-3-28 4:5:14,6,-81,34.0320969,-117.1817169,445.60,4.50,WIFI
9C:57:BC:85:EE:29,,[OPEN],2025-3-28 4:5:14,6,-82,34.0320969,-117.1817169,445.60,4.50,WIFI
9C:57:BC:85:EE:2F,TMNT Guest,[WPA2_PSK],2025-3-28 4:5:14,6,-83,34.0320969,-117.1817169,445.60,4.50,WIFI
9C:57:BC:85:EE:26,TMNT,[WPA2_PSK],2025-3-28 4:5:14,6,-84,34.0320969,-117.1817169,445.60,4.50,WIFI
72:3A:CB:EA:46:E8,mesh-guest,[WPA2_PSK],2025-3-28 4:5:14,6,-86,34.0320969,-117.1817169,445.60,4.50,WIFI
D4:05:98:CD:67:10,FBI Surveillance,[WPA2_PSK],2025-3-28 4:5:14,6,-95,34.0320969,-117.1817169,445.60,4.50,WIFI
42:84:6A:A4:98:66,,[WPA2_PSK],2025-3-28 4:5:16,8,-89,34.0322762,-117.1818619,444.90,4.50,WIFI
3C:84:6A:A4:1F:DE,Deco-Mesh,[WPA2_PSK],2025-3-28 4:5:16,8,-91,34.0322762,-117.1818619,444.90,4.50,WIFI
3C:84:6A:A4:1F:E6,Deco-Mesh,[WPA2_PSK],2025-3-28 4:5:16,8,-92,34.0322762,-117.1818619,444.90,4.50,WIFI
F8:F5:32:3D:69:B8,Frontier1520,[WPA2_PSK],2025-3-28 4:5:19,11,-85,34.0324783,-117.1820221,444.40,4.50,WIFI
C8:9E:43:6D:4D:28,FORZANET-5G_2GEXT,[WPA2_PSK],2025-3-28 4:5:19,11,-90,34.0324783,-117.1820221,444.40,4.50,WIFI
CC:F4:11:01:BB:1F,BRM-103,[WPA2_PSK],2025-3-28 4:5:19,11,-92,34.0324783,-117.1820221,444.40,4.50,WIFI
28:BD:89:1C:E8:5D,mesh,[WPA2_PSK],2025-3-28 4:5:19,11,-92,34.0324783,-117.1820221,444.40,4.50,WIFI
88:EF:16:E6:48:08,Frontier1744,[WPA2_PSK],2025-3-28 4:5:19,11,-94,34.0324783,-117.1820221,444.40,4.50,WIFI
F4:05:95:D6:C0:DD,SpectrumSetup-D7,[WPA2_PSK],2025-3-28 4:5:22,1,-80,34.0325775,-117.1821060,444.40,4.50,WIFI
00:C8:96:66:0E:96,,[WPA_WPA2_PSK],2025-3-28 4:5:22,1,-81,34.0325775,-117.1821060,444.40,4.50,WIFI
E4:E7:49:72:37:E8,DIRECT-E7-HP OfficeJet Pro 8710,[WPA2_PSK],2025-3-28 4:5:22,1,-91,34.0325775,-117.1821060,444.40,4.50,WIFI
B0:E4:D5:18:36:7A,PD Network,[WPA2_PSK],2025-3-28 4:5:22,1,-93,34.0325775,-117.1821060,444.40,4.50,WIFI
D8:07:B6:D1:FF:9A,,[WPA_WPA2_PSK],2025-3-28 4:5:24,2,-90,34.0325928,-117.1821213,445.30,4.50,WIFI
76:29:AF:10:31:D5,DIRECT-ft-BRAVIA,[WPA2_PSK],2025-3-28 4:5:26,4,-76,34.0326157,-117.1821671,445.30,4.50,WIFI
C0:FF:D4:91:B1:CF,FORZANET,[WPA2_PSK],2025-3-28 4:5:26,4,-78,34.0326157,-117.1821671,445.30,4.50,WIFI
2A:0F:EB:5A:F8:76,TEG-03B,[WPA2_PSK],2025-3-28 4:5:26,4,-83,34.0326157,-117.1821671,445.30,4.50,WIFI
04:71:4B:04:BA:98,PWRview-51254,[OPEN],2025-3-28 4:5:28,6,-80,34.0326080,-117.1822968,445.00,4.50,WIFI
10:5A:17:08:F4:C1,eufy RoboVac G30-F4C0,[OPEN],2025-3-28 4:5:28,6,-86,34.0326080,-117.1822968,445.00,4.50,WIFI
34:60:F9:C1:15:DA,aprilW,[WPA2_PSK],2025-3-28 4:5:29,7,-86,34.0325775,-117.1823807,445.20,4.50,WIFI
3C:84:6A:A4:98:66,Deco-Mesh,[WPA2_PSK],2025-3-28 4:5:30,8,-75,34.0325279,-117.1824722,445.50,4.50,WIFI
42:84:6A:A4:1F:E6,,[WPA2_PSK],2025-3-28 4:5:30,8,-78,34.0325279,-117.1824722,445.50,4.50,WIFI
BE:E9:2F:33:9F:65,DIRECT-65-HP ENVY Photo 7100,[WPA2_PSK],2025-3-28 4:5:30,8,-87,34.0325279,-117.1824722,445.50,4.50,WIFI
42:84:6A:A4:1F:DE,,[WPA2_PSK],2025-3-28 4:5:30,8,-88,34.0325279,-117.1824722,445.50,4.50,WIFI
C8:C6:FE:07:FA:C6,Frontier1113,[WPA2_PSK],2025-3-28 4:5:33,11,-63,34.0324097,-117.1827164,446.30,4.50,WIFI
C8:C6:FE:07:B2:66,Frontier1113,[WPA2_PSK],2025-3-28 4:5:33,11,-71,34.0324097,-117.1827164,446.30,4.50,WIFI
C8:C6:FE:07:B2:63,,[WPA3_PSK],2025-3-28 4:5:33,11,-71,34.0324097,-117.1827164,446.30,4.50,WIFI
C8:C6:FE:07:B2:69,,[OPEN],2025-3-28 4:5:33,11,-71,34.0324097,-117.1827164,446.30,4.50,WIFI
94:53:30:DB:5C:D5,BAGLIEN,[WPA2_PSK],2025-3-28 4:5:33,11,-81,34.0324097,-117.1827164,446.30,4.50,WIFI
08:F0:1E:FF:61:A9,,[OPEN],2025-3-28 4:5:33,11,-85,34.0324097,-117.1827164,446.30,4.50,WIFI
5C:18:DD:F0:A4:E3,,[WPA_WPA2_PSK],2025-3-28 4:5:33,11,-86,34.0324097,-117.1827164,446.30,4.50,WIFI
08:F0:1E:FF:61:A3,,[WPA3_PSK],2025-3-28 4:5:33,11,-86,34.0324097,-117.1827164,446.30,4.50,WIFI
08:F0:1E:FF:61:A6,Frontier1113,[WPA2_PSK],2025-3-28 4:5:33,11,-86,34.0324097,-117.1827164,446.30,4.50,WIFI
2A:BD:89:1C:E8:5C,mesh-guest,[WPA2_PSK],2025-3-28 4:5:33,11,-88,34.0324097,-117.1827164,446.30,4.50,WIFI
74:37:5F:CA:CF:3F,SpectrumSetup-3D,[WPA2_PSK],2025-3-28 4:5:33,11,-88,34.0324097,-117.1827164,446.30,4.50,WIFI
DA:E3:5E:C5:B9:EF,[LG_Oven]b9ef,[WPA2_PSK],2025-3-28 4:5:33,11,-90,34.0324097,-117.1827164,446.30,4.50,WIFI
DC:69:B5:51:DA:E9,,[OPEN],2025-3-28 4:5:36,1,-68,34.0324326,-117.1828461,446.50,4.50,WIFI
DC:69:B5:51:DA:E6,TheView,[WPA2_PSK],2025-3-28 4:5:36,1,-70,34.0324326,-117.1828461,446.50,4.50,WIFI
94:A6:7E:3C:5F:70,SpectrumSetup-67_2GEXT,[WPA2_PSK],2025-3-28 4:5:36,1,-77,34.0324326,-117.1828461,446.50,4.50,WIFI
F8:F5:32:AE:37:28,Frontier4144,[WPA2_PSK],2025-3-28 4:5:36,1,-90,34.0324326,-117.1828461,446.50,4.50,WIFI
92:B8:2B:62:20:42,,[WPA2_PSK],2025-3-28 4:5:36,1,-90,34.0324326,-117.1828461,446.50,4.50,WIFI
B0:2A:43:F3:AF:23,Nelson House,[WPA2_PSK],2025-3-28 4:5:36,1,-90,34.0324326,-117.1828461,446.50,4.50,WIFI
4C:AB:F8:65:07:65,SpectrumSetup-67,[WPA2_PSK],2025-3-28 4:5:36,1,-92,34.0324326,-117.1828461,446.50,4.50,WIFI
A2:B8:2B:62:20:42,SpectrumSetup-E6CB,[WPA2_PSK],2025-3-28 4:5:36,1,-93,34.0324326,-117.1828461,446.50,4.50,WIFI
0A:3A:F2:C1:6C:75,6012103K8050223173057,[WPA_WPA2_PSK],2025-3-28 4:5:36,1,-93,34.0324326,-117.1828461,446.50,4.50,WIFI
6C:CD:D6:F8:69:C2,ZOLTAN!,[WPA2_PSK],2025-3-28 4:5:38,2,-68,34.0325356,-117.1829300,446.60,4.50,WIFI
80:CC:9C:15:61:44,ZOLTAN!,[WPA2_PSK],2025-3-28 4:5:38,2,-73,34.0325356,-117.1829300,446.60,4.50,WIFI
80:CC:9C:15:61:68,ZOLTAN!,[WPA2_PSK],2025-3-28 4:5:38,2,-79,34.0325356,-117.1829300,446.60,4.50,WIFI
C8:9E:43:4C:11:67,ORBI22,[WPA2_PSK],2025-3-28 4:5:40,4,-89,34.0326805,-117.1830368,448.80,4.50,WIFI
18:9C:27:EC:92:F8,MySpectrumWiFiF7-2G,[WPA2_PSK],2025-3-28 4:5:42,6,-69,34.0328445,-117.1831665,449.70,4.50,WIFI
06:7B:65:7A:E6:D2,,[WPA2_PSK],2025-3-28 4:5:42,6,-87,34.0328445,-117.1831665,449.70,4.50,WIFI
F0:7B:65:7A:E6:D1,SpectrumSetup-E6CB,[WPA2_PSK],2025-3-28 4:5:42,6,-89,34.0328445,-117.1831665,449.70,4.50,WIFI
FC:12:63:D7:92:26,it burns when IP,[WPA2_PSK],2025-3-28 4:5:42,6,-90,34.0328445,-117.1831665,449.70,4.50,WIFI
A0:89:66:95:51:40,,[WPA_WPA2_PSK],2025-3-28 4:5:45,9,-78,34.0331078,-117.1833725,447.10,4.50,WIFI
50:91:E3:0D:19:06,Dragonfly,[WPA2_PSK],2025-3-28 4:5:45,9,-80,34.0331078,-117.1833725,447.10,4.50,WIFI
56:91:E3:0D:19:06,Dragonfly_Guest,[WPA2_PSK],2025-3-28 4:5:45,9,-80,34.0331078,-117.1833725,447.10,4.50,WIFI
5A:91:E3:0D:19:06,,[WPA2_PSK],2025-3-28 4:5:45,9,-81,34.0331078,-117.1833725,447.10,4.50,WIFI
50:91:E3:0D:2F:9A,Dragonfly,[WPA2_PSK],2025-3-28 4:5:45,9,-86,34.0331078,-117.1833725,447.10,4.50,WIFI
5A:91:E3:0D:1A:72,,[WPA2_PSK],2025-3-28 4:5:45,9,-87,34.0331078,-117.1833725,447.10,4.50,WIFI
56:91:E3:0D:2F:9A,Dragonfly_Guest,[WPA2_PSK],2025-3-28 4:5:45,9,-87,34.0331078,-117.1833725,447.10,4.50,WIFI
56:91:E3:0D:1A:72,Dragonfly_Guest,[WPA2_PSK],2025-3-28 4:5:45,9,-91,34.0331078,-117.1833725,447.10,4.50,WIFI
FC:B2:D6:C8:DF:2C,,[WPA_WPA2_PSK],2025-3-28 4:5:46,10,-63,34.0331917,-117.1834335,446.60,4.50,WIFI
30:60:0A:3C:60:10,,[WPA_WPA2_PSK],2025-3-28 4:5:46,10,-78,34.0331917,-117.1834335,446.60,4.50,WIFI
4C:ED:FB:7E:1B:F8,LOPAP01,[WPA2_PSK],2025-3-28 4:5:46,10,-86,34.0331917,-117.1834335,446.60,4.50,WIFI
86:D6:C5:44:85:5E,SEDG-740D3699-50,[WPA_WPA2_PSK],2025-3-28 4:5:46,10,-90,34.0331917,-117.1834335,446.60,4.50,WIFI
A0:7F:8A:46:A4:3E,SpectrumSetup-A438,[WPA2_PSK],2025-3-28 4:5:47,11,-70,34.0332718,-117.1834869,445.60,4.50,WIFI
9C:57:BC:B3:2E:C6,ourhouse,[WPA2_PSK],2025-3-28 4:5:47,11,-74,34.0332718,-117.1834869,445.60,4.50,WIFI
94:3C:96:F6:AF:A6,Routerfun,[WPA2_PSK],2025-3-28 4:5:47,11,-82,34.0332718,-117.1834869,445.60,4.50,WIFI
9C:57:BC:A6:70:86,ourhouse,[WPA2_PSK],2025-3-28 4:5:47,11,-85,34.0332718,-117.1834869,445.60,4.50,WIFI
D4:3F:32:96:C3:E9,,[OPEN],2025-3-28 4:5:47,11,-85,34.0332718,-117.1834869,445.60,4.50,WIFI
9C:57:BC:A6:70:89,,[OPEN],2025-3-28 4:5:47,11,-87,34.0332718,-117.1834869,445.60,4.50,WIFI
9C:57:BC:A6:70:83,,[WPA3_PSK],2025-3-28 4:5:47,11,-88,34.0332718,-117.1834869,445.60,4.50,WIFI
40:4C:77:11:FA:78,xpd,[WPA2_PSK],2025-3-28 4:5:47,11,-93,34.0332718,-117.1834869,445.60,4.50,WIFI
A2:B8:2B:62:16:94,SpectrumSetup-E6CB,[WPA2_PSK],2025-3-28 4:5:51,1,-76,34.0335350,-117.1836777,442.80,4.50,WIFI
40:47:5E:2F:67:06,xpd,[WPA2_PSK],2025-3-28 4:5:51,1,-78,34.0335350,-117.1836777,442.80,4.50,WIFI
B2:B8:2B:62:20:42,,[WPA2_PSK],2025-3-28 4:5:51,1,-82,34.0335350,-117.1836777,442.80,4.50,WIFI
40:47:5E:2F:67:03,,[WPA3_PSK],2025-3-28 4:5:51,1,-83,34.0335350,-117.1836777,442.80,4.50,WIFI
40:47:5E:2F:67:09,,[OPEN],2025-3-28 4:5:51,1,-84,34.0335350,-117.1836777,442.80,4.50,WIFI
14:7D:05:95:1F:37,SpectrumSetup-35,[WPA2_PSK],2025-3-28 4:5:51,1,-86,34.0335350,-117.1836777,442.80,4.50,WIFI
40:CA:63:F6:18:73,[fridge]_E30AJT5133305M,[WPA2_PSK],2025-3-28 4:5:51,1,-87,34.0335350,-117.1836777,442.80,4.50,WIFI
A8:B0:88:54:BA:06,,[WPA3_PSK],2025-3-28 4:5:56,6,-71,34.0338554,-117.1839447,442.50,4.50,WIFI
A8:B0:88:54:BA:08,dimaandal,[WPA2_PSK],2025-3-28 4:5:56,6,-72,34.0338554,-117.1839447,442.50,4.50,WIFI
A8:B0:88:54:BA:0A,,[OPEN],2025-3-28 4:5:56,6,-72,34.0338554,-117.1839447,442.50,4.50,WIFI
C0:6F:98:02:53:26,OrangeHouse,[WPA2_PSK],2025-3-28 4:5:56,6,-85,34.0338554,-117.1839447,442.50,4.50,WIFI
F4:69:42:EC:65:55,SpectrumSetup-57,[WPA2_PSK],2025-3-28 4:5:56,6,-85,34.0338554,-117.1839447,442.50,4.50,WIFI
C0:6F:98:02:53:29,,[OPEN],2025-3-28 4:5:56,6,-86,34.0338554,-117.1839447,442.50,4.50,WIFI
C0:6F:98:02:53:23,,[WPA3_PSK],2025-3-28 4:5:56,6,-87,34.0338554,-117.1839447,442.50,4.50,WIFI
38:01:46:E3:73:28,DIRECT-84-Pantum M6550 Series,[WPA_WPA2_PSK],2025-3-28 4:5:56,6,-89,34.0338554,-117.1839447,442.50,4.50,WIFI
3A:60:F9:7E:0B:F3,amelia,[WPA2_PSK],2025-3-28 4:5:56,6,-90,34.0338554,-117.1839447,442.50,4.50,WIFI
3A:60:F9:7E:0B:F2,,[WPA2_PSK],2025-3-28 4:5:56,6,-93,34.0338554,-117.1839447,442.50,4.50,WIFI
9C:0B:05:AE:CD:A4,,[WPA3_PSK],2025-3-28 4:6:2,11,-74,34.0342598,-117.1842651,440.20,4.50,WIFI
9C:0B:05:AE:CD:A7,eerowifi,[WPA2_PSK],2025-3-28 4:6:2,11,-75,34.0342598,-117.1842651,440.20,4.50,WIFI
9C:0B:05:AE:CD:AA,,[OPEN],2025-3-28 4:6:2,11,-75,34.0342598,-117.1842651,440.20,4.50,WIFI
9C:0B:05:A2:5B:E7,SkyNet,[WPA2_PSK],2025-3-28 4:6:2,11,-76,34.0342598,-117.1842651,440.20,4.50,WIFI
9C:0B:05:A5:74:2A,,[OPEN],2025-3-28 4:6:2,11,-82,34.0342598,-117.1842651,440.20,4.50,WIFI
9C:0B:05:A5:74:24,,[WPA3_PSK],2025-3-28 4:6:2,11,-83,34.0342598,-117.1842651,440.20,4.50,WIFI
9C:0B:05:A5:74:27,SkyNet,[WPA2_PSK],2025-3-28 4:6:2,11,-83,34.0342598,-117.1842651,440.20,4.50,WIFI
A8:97:CD:BA:05:68,Frontier8416,[WPA2_PSK],2025-3-28 4:6:2,11,-84,34.0342598,-117.1842651,440.20,4.50,WIFI
E8:9F:80:2F:7E:FA,Linksys Extender Setup,[OPEN],2025-3-28 4:6:2,11,-86,34.0342598,-117.1842651,440.20,4.50,WIFI
74:37:5F:84:4B:FB,SpectrumSetup-F9,[WPA2_PSK],2025-3-28 4:6:5,1,-80,34.0343056,-117.1843033,440.20,4.50,WIFI
00:7F:28:D4:A9:C1,Dimaandal,[WPA_WPA2_PSK],2025-3-28 4:6:5,1,-85,34.0343056,-117.1843033,440.20,4.50,WIFI
D2:9E:43:4C:11:67,ORBI22-Guest,[WPA2_PSK],2025-3-28 4:6:9,4,-94,34.0343208,-117.1844177,440.90,4.50,WIFI
F8:E4:FB:91:59:63,ZJLHH,[WPA2_PSK],2025-3-28 4:6:11,6,-74,34.0342789,-117.1845627,440.70,4.50,WIFI
8E:49:62:6B:0A:19,,[WPA2_PSK],2025-3-28 4:6:11,6,-83,34.0342789,-117.1845627,440.70,4.50,WIFI
9C:0B:05:A2:5B:E4,,[WPA3_PSK],2025-3-28 4:6:16,11,-87,34.0339622,-117.1851501,439.90,4.50,WIFI
2A:0F:EB:63:B3:F4,TEG-0FB,[WPA2_PSK],2025-3-28 4:6:16,11,-88,34.0339622,-117.1851501,439.90,4.50,WIFI
9C:0B:05:A2:5B:EA,,[OPEN],2025-3-28 4:6:16,11,-89,34.0339622,-117.1851501,439.90,4.50,WIFI
28:80:88:A5:CE:83,MLX,[WPA2_PSK],2025-3-28 4:6:19,1,-80,34.0337334,-117.1855469,439.30,4.50,WIFI
F0:7B:65:F1:27:E8,SpectrumSetup-27E2,[WPA2_PSK],2025-3-28 4:6:19,1,-83,34.0337334,-117.1855469,439.30,4.50,WIFI
F8:BC:0E:71:5C:A6,Headfam5,[WPA2_PSK],2025-3-28 4:6:19,1,-86,34.0337334,-117.1855469,439.30,4.50,WIFI
2E:70:4E:C8:63:45,WiFi'd and Dangerous Guest,[WPA2_WPA3_PSK],2025-3-28 4:6:19,1,-87,34.0337334,-117.1855469,439.30,4.50,WIFI
28:70:4E:C8:63:45,WiFi'd and Dangerous,[WPA2_WPA3_PSK],2025-3-28 4:6:19,1,-92,34.0337334,-117.1855469,439.30,4.50,WIFI
00:C8:96:CD:3E:82,,[WPA_WPA2_PSK],2025-3-28 4:6:21,2,-90,34.0335846,-117.1858063,438.70,4.50,WIFI
82:D2:94:B7:12:A7,,[WPA2_PSK],2025-3-28 4:6:23,4,-92,34.0334473,-117.1860580,438.30,4.50,WIFI
AA:05:D6:CD:FF:DA,WiFi'd and Dangerous 2.4,[WPA2_WPA3_PSK],2025-3-28 4:6:25,6,-75,34.0333290,-117.1862717,438.00,4.50,WIFI
A6:05:D6:CD:FF:DA,WiFi'd and Dangerous Guest,[WPA2_WPA3_PSK],2025-3-28 4:6:25,6,-76,34.0333290,-117.1862717,438.00,4.50,WIFI
A2:05:D6:CD:FF:DA,WiFi'd and Dangerous,[WPA2_WPA3_PSK],2025-3-28 4:6:25,6,-77,34.0333290,-117.1862717,438.00,4.50,WIFI
9C:05:D6:F4:71:5A,WiFi'd and Dangerous,[WPA2_WPA3_PSK],2025-3-28 4:6:25,6,-77,34.0333290,-117.1862717,438.00,4.50,WIFI
A2:05:D6:F4:71:5A,WiFi'd and Dangerous Guest,[WPA2_WPA3_PSK],2025-3-28 4:6:25,6,-79,34.0333290,-117.1862717,438.00,4.50,WIFI
9C:05:D6:F4:83:8A,,[WPA2_PSK],2025-3-28 4:6:25,6,-82,34.0333290,-117.1862717,438.00,4.50,WIFI
AA:05:D6:F4:71:5A,,[WPA2_PSK],2025-3-28 4:6:25,6,-84,34.0333290,-117.1862717,438.00,4.50,WIFI
A6:05:D6:F4:71:5A,WiFi'd and Dangerous 2.4,[WPA2_WPA3_PSK],2025-3-28 4:6:25,6,-85,34.0333290,-117.1862717,438.00,4.50,WIFI
C8:D3:FF:17:65:A3,DIRECT-A2-HP ENVY 7640 series,[WPA2_PSK],2025-3-28 4:6:25,6,-86,34.0333290,-117.1862717,438.00,4.50,WIFI
44:D4:53:82:97:A6,SpectrumSetup-A0,[WPA2_PSK],2025-3-28 4:6:25,6,-86,34.0333290,-117.1862717,438.00,4.50,WIFI
3C:37:86:0A:23:B9,31944BNR01D71,[WPA2_PSK],2025-3-28 4:6:25,6,-88,34.0333290,-117.1862717,438.00,4.50,WIFI
6C:CD:D6:0C:AC:36,NETGEAR34,[WPA2_PSK],2025-3-28 4:6:25,7,-91,34.0333290,-117.1862717,438.00,4.50,WIFI
5C:E9:31:6C:25:0E,jubamax,[WPA2_PSK],2025-3-28 4:6:27,8,-95,34.0332489,-117.1864319,437.40,4.50,WIFI
F0:7B:65:F1:D1:9E,SpectrumSetup-D198,[WPA2_PSK],2025-3-28 4:6:32,1,-67,34.0332870,-117.1867065,435.50,4.50,WIFI
FC:B2:D6:C9:14:34,,[WPA_WPA2_PSK],2025-3-28 4:6:32,1,-81,34.0332870,-117.1867065,435.50,4.50,WIFI
A8:B1:3B:19:92:50,DIRECT-4F-HP OfficeJet Pro 6970,[WPA2_PSK],2025-3-28 4:6:32,1,-82,34.0332870,-117.1867065,435.50,4.50,WIFI
88:57:1D:6C:A4:B5,[fridge]_E30AJT5133056Y,[WPA2_PSK],2025-3-28 4:6:32,1,-89,34.0332870,-117.1867065,435.50,4.50,WIFI
E8:48:B8:1D:D7:0A,,[WPA2_PSK],2025-3-28 4:6:35,2,-76,34.0334854,-117.1867828,434.50,4.50,WIFI
FA:48:B8:1D:D7:0A,,[WPA2_PSK],2025-3-28 4:6:35,2,-78,34.0334854,-117.1867828,434.50,4.50,WIFI
C4:41:1E:F0:6B:20,Trojanhorse,[WPA2_PSK],2025-3-28 4:6:36,3,-86,34.0335617,-117.1867981,434.60,4.50,WIFI
CA:41:1E:F0:6B:20,,[WPA2_PSK],2025-3-28 4:6:36,3,-88,34.0335617,-117.1867981,434.60,4.50,WIFI
A4:11:62:B1:5F:92,ARLO_VMB_5338379680,[WPA2_PSK],2025-3-28 4:6:38,5,-87,34.0337486,-117.1868591,434.60,4.50,WIFI
B0:E4:D5:6E:C4:E0,Google nest,[WPA2_PSK],2025-3-28 4:6:39,6,-77,34.0338669,-117.1868973,433.60,4.50,WIFI
30:34:22:96:A6:65,Olson,[WPA2_PSK],2025-3-28 4:6:39,6,-78,34.0338669,-117.1868973,433.60,4.50,WIFI
30:34:22:96:A6:63,,[WPA3_PSK],2025-3-28 4:6:39,6,-79,34.0338669,-117.1868973,433.60,4.50,WIFI
30:34:22:96:A6:67,,[OPEN],2025-3-28 4:6:39,6,-79,34.0338669,-117.1868973,433.60,4.50,WIFI
CA:41:1E:F0:1D:5F,,[WPA2_PSK],2025-3-28 4:6:41,8,-89,34.0341034,-117.1869583,430.90,4.50,WIFI
C4:41:1E:F0:1E:CC,Trojanhorse,[WPA2_PSK],2025-3-28 4:6:42,9,-92,34.0342178,-117.1869965,430.20,4.50,WIFI
30:23:03:9F:BD:51,Frontier1216,[WPA2_PSK],2025-3-28 4:6:43,10,-80,34.0343323,-117.1870422,429.40,4.50,WIFI
04:42:1A:40:BB:08,sunset34_2G,[WPA2_PSK],2025-3-28 4:6:43,10,-81,34.0343323,-117.1870422,429.40,4.50,WIFI
04:42:1A:40:BB:09,sunset34_2GG,[WPA2_PSK],2025-3-28 4:6:43,10,-81,34.0343323,-117.1870422,429.40,4.50,WIFI
C0:89:AB:2A:56:38,Frontier1056,[WPA2_PSK],2025-3-28 4:6:44,11,-72,34.0344391,-117.1870880,429.00,4.50,WIFI
3C:37:86:FC:98:B2,Frontier8560_2GEXT,[WPA_WPA2_PSK],2025-3-28 4:6:44,11,-87,34.0344391,-117.1870880,429.00,4.50,WIFI
C0:89:AB:3B:8A:88,Frontier8560,[WPA2_PSK],2025-3-28 4:6:44,11,-90,34.0344391,-117.1870880,429.00,4.50,WIFI
3C:37:86:FC:98:07,Frontier8560_2GEXT,[WPA_WPA2_PSK],2025-3-28 4:6:44,11,-90,34.0344391,-117.1870880,429.00,4.50,WIFI
08:36:C9:2C:F8:8F,63166caf6157ad81a0a29865e546005e,[WPA2_PSK],2025-3-28 4:6:44,11,-92,34.0344391,-117.1870880,429.00,4.50,WIFI
C0:56:27:10:3D:F9,Hustler’s University,[WPA2_PSK],2025-3-28 4:6:46,1,-80,34.0346527,-117.1872177,427.70,4.50,WIFI
3C:52:A1:23:C1:88,ESTEVE-O_EXT,[WPA2_PSK],2025-3-28 4:6:49,2,-71,34.0349846,-117.1874771,426.50,4.50,WIFI
98:DA:C4:82:D3:19,ESTEVE-O,[WPA_WPA2_PSK],2025-3-28 4:6:49,2,-84,34.0349846,-117.1874771,426.50,4.50,WIFI
00:C8:96:2C:35:9C,,[WPA_WPA2_PSK],2025-3-28 4:6:52,5,-87,34.0353279,-117.1877594,425.00,4.50,WIFI
74:B6:B6:EB:14:E5,Melgarcia,[WPA2_PSK],2025-3-28 4:6:53,6,-70,34.0354385,-117.1878510,424.60,4.50,WIFI
74:B6:B6:EB:14:E7,,[OPEN],2025-3-28 4:6:53,6,-74,34.0354385,-117.1878510,424.60,4.50,WIFI
74:B6:B6:EB:14:E3,,[WPA3_PSK],2025-3-28 4:6:53,6,-74,34.0354385,-117.1878510,424.60,4.50,WIFI
9C:57:BC:98:DB:66,Sunnygirl,[WPA2_PSK],2025-3-28 4:6:53,6,-76,34.0354385,-117.1878510,424.60,4.50,WIFI
78:76:89:8F:65:D2,,[WPA3_PSK],2025-3-28 4:6:53,6,-77,34.0354385,-117.1878510,424.60,4.50,WIFI
78:76:89:8F:65:D6,,[OPEN],2025-3-28 4:6:53,6,-77,34.0354385,-117.1878510,424.60,4.50,WIFI
78:76:89:8F:65:D4,Sunnygirl,[WPA2_PSK],2025-3-28 4:6:53,6,-79,34.0354385,-117.1878510,424.60,4.50,WIFI
9C:57:BC:98:DB:63,,[WPA3_PSK],2025-3-28 4:6:53,6,-80,34.0354385,-117.1878510,424.60,4.50,WIFI
9C:57:BC:98:DB:69,,[OPEN],2025-3-28 4:6:53,6,-81,34.0354385,-117.1878510,424.60,4.50,WIFI
D0:16:7C:08:7B:54,Melgarcia,[WPA2_PSK],2025-3-28 4:6:53,6,-86,34.0354385,-117.1878510,424.60,4.50,WIFI
80:CC:9C:3E:F4:1D,Spectrum,[WPA2_PSK],2025-3-28 4:6:55,8,-82,34.0356636,-117.1880341,423.80,4.50,WIFI
5C:E9:31:7A:13:AE,,[WPA2_PSK],2025-3-28 4:6:55,8,-90,34.0356636,-117.1880341,423.80,4.50,WIFI
84:D8:1B:64:69:4E,Link,[WPA2_PSK],2025-3-28 4:6:56,9,-72,34.0357704,-117.1881180,423.80,4.50,WIFI
8A:D8:1B:64:69:4E,,[WPA2_PSK],2025-3-28 4:6:56,9,-75,34.0357704,-117.1881180,423.80,4.50,WIFI
84:D8:1B:63:F7:7E,Link,[WPA2_PSK],2025-3-28 4:6:56,9,-86,34.0357704,-117.1881180,423.80,4.50,WIFI
8A:D8:1B:63:F7:7E,,[WPA2_PSK],2025-3-28 4:6:56,9,-87,34.0357704,-117.1881180,423.80,4.50,WIFI
2C:EA:DC:01:18:7C,SpectrumSetup-8F,[WPA2_PSK],2025-3-28 4:6:58,11,-79,34.0359879,-117.1882858,423.00,4.50,WIFI
48:5D:36:47:40:C0,FiOS-PZL9R,[WPA2_PSK],2025-3-28 4:6:58,11,-85,34.0359879,-117.1882858,423.00,4.50,WIFI
D8:B0:4C:D7:67:30,ECU_R_216000000050,[WPA2_PSK],2025-3-28 4:6:58,11,-87,34.0359879,-117.1882858,423.00,4.50,WIFI
E6:37:5F:34:3C:47,,[WPA2_PSK],2025-3-28 4:6:58,11,-89,34.0359879,-117.1882858,423.00,4.50,WIFI
62:6D:C7:68:25:5E,DIRECT-esHL-L2380DW,[WPA2_PSK],2025-3-28 4:6:58,11,-94,34.0359879,-117.1882858,423.00,4.50,WIFI
74:93:DA:A5:6E:85,Schrute Farms,[WPA2_PSK],2025-3-28 4:7:1,1,-66,34.0362167,-117.1884766,421.70,4.50,WIFI
94:3C:96:F9:A8:96,Frontier0452,[WPA2_PSK],2025-3-28 4:7:1,1,-93,34.0362167,-117.1884766,421.70,4.50,WIFI
02:13:EF:20:06:00,ecos-ext,[WPA2_PSK],2025-3-28 4:7:3,2,-86,34.0362854,-117.1885300,423.00,4.50,WIFI
CC:40:D0:15:14:61,Shiperi1,[WPA2_PSK],2025-3-28 4:7:5,4,-88,34.0363045,-117.1885300,421.60,4.50,WIFI
50:33:8B:DD:6B:1D,,[WPA2_PSK],2025-3-28 4:7:7,6,-78,34.0363274,-117.1885376,422.20,4.50,WIFI
18:A5:FF:B2:6B:3E,TMOBILE-6B3C,[WPA2_WPA3_PSK],2025-3-28 4:7:7,6,-78,34.0363274,-117.1885376,422.20,4.50,WIFI
00:22:3F:7F:77:2A,NETGEAR,[OPEN],2025-3-28 4:7:7,6,-85,34.0363274,-117.1885376,422.20,4.50,WIFI
5E:A9:31:7A:13:AE,waffles house,[WPA2_PSK],2025-3-28 4:7:9,8,-78,34.0364342,-117.1886215,422.00,4.50,WIFI
5C:E9:31:7A:13:B6,,[WPA2_PSK],2025-3-28 4:7:9,8,-79,34.0364342,-117.1886215,422.00,4.50,WIFI
5E:A9:31:7A:13:B6,waffles house,[WPA2_PSK],2025-3-28 4:7:9,8,-81,34.0364342,-117.1886215,422.00,4.50,WIFI
08:02:8E:CE:4C:93,bell1,[WPA2_PSK],2025-3-28 4:7:10,9,-84,34.0365143,-117.1886826,421.20,4.50,WIFI
FC:B2:D6:1A:74:86,,[WPA_WPA2_PSK],2025-3-28 4:7:10,9,-90,34.0365143,-117.1886826,421.20,4.50,WIFI
7C:D9:5C:9C:6D:E5,HelloGoodbye,[WPA2_PSK],2025-3-28 4:7:12,11,-83,34.0367088,-117.1888351,421.50,4.50,WIFI
40:B0:34:DF:95:9E,DIRECT-9D-HP OfficeJet 4650,[WPA2_PSK],2025-3-28 4:7:12,11,-86,34.0367088,-117.1888351,421.50,4.50,WIFI
FA:8F:CA:97:F0:0A,JBL Bar 5.1_6781.l025,[OPEN],2025-3-28 4:7:12,11,-87,34.0367088,-117.1888351,421.50,4.50,WIFI
F8:2D:C0:CF:84:08,Frontier1984,[WPA2_PSK],2025-3-28 4:7:12,11,-88,34.0367088,-117.1888351,421.50,4.50,WIFI
88:DA:1A:22:1F:54,TEG-WTY,[WPA_WPA2_PSK],2025-3-28 4:7:15,1,-86,34.0370102,-117.1890717,422.00,4.50,WIFI
CC:F4:11:4E:C8:0E,moralezwifi-2,[WPA2_PSK],2025-3-28 4:7:15,1,-90,34.0370102,-117.1890717,422.00,4.50,WIFI
94:18:65:DA:77:67,NETGEAR45,[WPA2_PSK],2025-3-28 4:7:20,5,-91,34.0375137,-117.1894684,423.90,4.50,WIFI
E8:D3:EB:05:7B:29,,[OPEN],2025-3-28 4:7:21,6,-78,34.0376129,-117.1895523,424.20,4.50,WIFI
F0:B6:61:BA:B7:A4,,[WPA3_PSK],2025-3-28 4:7:21,6,-79,34.0376129,-117.1895523,424.20,4.50,WIFI
E8:D3:EB:05:7B:23,,[WPA3_PSK],2025-3-28 4:7:21,6,-79,34.0376129,-117.1895523,424.20,4.50,WIFI
F0:B6:61:BA:B7:A7,nancys wi fi,[WPA2_PSK],2025-3-28 4:7:21,6,-80,34.0376129,-117.1895523,424.20,4.50,WIFI
E8:D3:EB:05:7B:26,DaHomies,[WPA2_PSK],2025-3-28 4:7:21,6,-80,34.0376129,-117.1895523,424.20,4.50,WIFI
28:BD:89:F1:7D:D9,HelloGoodbye,[WPA2_PSK],2025-3-28 4:7:21,6,-81,34.0376129,-117.1895523,424.20,4.50,WIFI
C8:E3:06:D1:12:86,spaceship,[WPA2_PSK],2025-3-28 4:7:21,6,-83,34.0376129,-117.1895523,424.20,4.50,WIFI
B6:B6:86:99:41:72,DIRECT-72-HP OfficeJet 5200,[WPA2_PSK],2025-3-28 4:7:21,6,-89,34.0376129,-117.1895523,424.20,4.50,WIFI
12:09:0D:FD:7C:33,,[WPA2_PSK],2025-3-28 4:7:23,8,-82,34.0378075,-117.1897125,424.40,4.50,WIFI
FC:B2:D6:C7:91:14,,[WPA_WPA2_PSK],2025-3-28 4:7:23,8,-84,34.0378075,-117.1897125,424.40,4.50,WIFI
EA:07:B6:66:DB:C5,,[WPA2_PSK],2025-3-28 4:7:25,10,-83,34.0380058,-117.1898651,424.20,4.50,WIFI
D8:07:B6:66:DB:C5,moralezwifi,[WPA2_PSK],2025-3-28 4:7:25,10,-84,34.0380058,-117.1898651,424.20,4.50,WIFI
00:19:9D:FF:1C:E9,VIZIOCastDisplay0855,[OPEN],2025-3-28 4:7:26,11,-75,34.0381050,-117.1899338,423.70,4.50,WIFI
80:CC:9C:E9:1D:ED,FiOS-G9TPK_2GEXT,[WPA2_PSK],2025-3-28 4:7:26,11,-83,34.0381050,-117.1899338,423.70,4.50,WIFI
20:0C:C8:49:67:75,NETGEAR_EXT,[WPA2_PSK],2025-3-28 4:7:26,11,-88,34.0381050,-117.1899338,423.70,4.50,WIFI
1E:E8:29:9A:12:73,FLC Guest,[WPA2_PSK],2025-3-28 4:7:26,11,-92,34.0381050,-117.1899338,423.70,4.50,WIFI
8C:61:A3:0B:48:E8,MySpectrumWiFiE7-2G,[WPA2_PSK],2025-3-28 4:7:29,1,-80,34.0384293,-117.1901855,422.80,4.50,WIFI
C4:41:1E:25:B4:74,No_ You can't use the WiFi,[WPA2_PSK],2025-3-28 4:7:31,2,-75,34.0386505,-117.1903610,421.40,4.50,WIFI
CA:41:1E:25:B4:74,,[WPA2_PSK],2025-3-28 4:7:31,2,-81,34.0386505,-117.1903610,421.40,4.50,WIFI
D8:07:B6:75:E7:74,TP-Link_E774,[WPA_WPA2_PSK],2025-3-28 4:7:31,2,-90,34.0386505,-117.1903610,421.40,4.50,WIFI
94:18:65:DA:56:19,NETGEAR45,[WPA2_PSK],2025-3-28 4:7:34,5,-77,34.0389709,-117.1906052,419.90,4.50,WIFI
64:C2:69:9D:67:C5,FiOS-LCETY,[WPA2_PSK],2025-3-28 4:7:35,6,-79,34.0390625,-117.1906738,419.20,4.50,WIFI
64:C2:69:9D:67:C3,,[WPA3_PSK],2025-3-28 4:7:35,6,-80,34.0390625,-117.1906738,419.20,4.50,WIFI
64:C2:69:9D:67:C7,,[OPEN],2025-3-28 4:7:35,6,-81,34.0390625,-117.1906738,419.20,4.50,WIFI
64:C2:69:9D:67:CB,FiOS-LCETY Guest,[WPA2_PSK],2025-3-28 4:7:35,6,-84,34.0390625,-117.1906738,419.20,4.50,WIFI
DE:A2:66:00:26:9E,DIRECT-9e-HP M452 LaserJet,[WPA2_PSK],2025-3-28 4:7:35,6,-89,34.0390625,-117.1906738,419.20,4.50,WIFI
04:09:86:4A:4D:15,Verizon_L93LFT,[WPA2_PSK],2025-3-28 4:7:35,6,-92,34.0390625,-117.1906738,419.20,4.50,WIFI
50:91:E3:46:54:46,TP-Link_Extender,[WPA2_PSK],2025-3-28 4:7:35,6,-93,34.0390625,-117.1906738,419.20,4.50,WIFI
A0:89:66:EA:7A:E4,,[WPA_WPA2_PSK],2025-3-28 4:7:37,8,-79,34.0392113,-117.1907883,417.80,4.50,WIFI
F0:09:0D:FD:7C:33,PizzaHouse,[WPA2_PSK],2025-3-28 4:7:37,8,-86,34.0392113,-117.1907883,417.80,4.50,WIFI
10:0C:6B:27:34:73,NETGEAR00,[WPA2_PSK],2025-3-28 4:7:39,10,-85,34.0393105,-117.1908646,416.40,4.50,WIFI
18:E8:29:9A:12:73,1207,[WPA2_PSK],2025-3-28 4:7:40,11,-85,34.0393372,-117.1908798,416.20,4.50,WIFI
22:E8:29:9A:12:73,,[WPA2_PSK],2025-3-28 4:7:40,11,-89,34.0393372,-117.1908798,416.20,4.50,WIFI
DC:92:72:E4:E8:1F,Frontier0101,[WPA2_PSK],2025-3-28 4:7:40,11,-90,34.0393372,-117.1908798,416.20,4.50,WIFI
0C:80:63:47:DE:97,FiOS-2KGN4,[WPA_WPA2_PSK],2025-3-28 4:7:40,11,-90,34.0393372,-117.1908798,416.20,4.50,WIFI
88:67:46:7A:F6:03,,[WPA3_PSK],2025-3-28 4:7:43,1,-77,34.0393372,-117.1908798,416.00,4.50,WIFI
BE:D7:D4:D1:22:19,DIRECT-roku-8HT-4F6EA3,[WPA2_PSK],2025-3-28 4:7:43,1,-80,34.0393372,-117.1908798,416.00,4.50,WIFI
CC:58:30:67:EC:B6,TMOBILE-ECB1,[WPA2_WPA3_PSK],2025-3-28 4:7:43,1,-82,34.0393372,-117.1908798,416.00,4.50,WIFI
86:EA:ED:0C:B4:0F,DIRECT-roku-RTG-05CE5A,[WPA2_PSK],2025-3-28 4:7:43,1,-84,34.0393372,-117.1908798,416.00,4.50,WIFI
F0:A7:31:08:6B:26,TP-Link_6B26,[WPA2_PSK],2025-3-28 4:7:46,3,-89,34.0394554,-117.1909790,415.70,4.00,WIFI
28:EC:22:4B:6A:03,,[WPA3_PSK],2025-3-28 4:7:49,6,-79,34.0396576,-117.1911392,414.00,4.00,WIFI
28:EC:22:4B:6A:09,,[OPEN],2025-3-28 4:7:49,6,-79,34.0396576,-117.1911392,414.00,4.00,WIFI
28:EC:22:4B:6A:06,Candice,[WPA2_PSK],2025-3-28 4:7:49,6,-79,34.0396576,-117.1911392,414.00,4.00,WIFI
F4:69:42:C7:39:79,SpectrumSetup-7B,[WPA2_PSK],2025-3-28 4:7:49,6,-91,34.0396576,-117.1911392,414.00,4.00,WIFI
9C:C9:EB:A4:0E:8D,,[WPA2_PSK],2025-3-28 4:7:49,6,-96,34.0396576,-117.1911392,414.00,4.00,WIFI
68:7F:F0:01:8D:DF,PasswordIsTaco,[WPA2_PSK],2025-3-28 4:7:53,10,-90,34.0400391,-117.1914368,413.20,4.00,WIFI
92:7F:F0:01:8D:D9,,[WPA2_PSK],2025-3-28 4:7:53,10,-92,34.0400391,-117.1914368,413.20,4.00,WIFI
C6:CB:BC:8C:48:E6,student_chrome,[OPEN],2025-3-28 4:7:54,11,-80,34.0401497,-117.1915283,412.80,4.00,WIFI
E6:CB:BC:8C:48:E6,,[WPA2],2025-3-28 4:7:54,11,-81,34.0401497,-117.1915283,412.80,4.00,WIFI
FE:CB:BC:8C:48:E6,RUSD_WiFi,[WPA2],2025-3-28 4:7:54,11,-81,34.0401497,-117.1915283,412.80,4.00,WIFI
D2:CB:BC:8C:48:E6,SBCSS_Redlands,[WPA2_PSK],2025-3-28 4:7:54,11,-81,34.0401497,-117.1915283,412.80,4.00,WIFI
DA:CB:BC:8C:48:E6,RUSD_Devices,[WPA2_PSK],2025-3-28 4:7:54,11,-81,34.0401497,-117.1915283,412.80,4.00,WIFI
36:8D:DB:6D:42:8E,RUSD_Devices,[WPA2_PSK],2025-3-28 4:7:54,11,-84,34.0401497,-117.1915283,412.80,4.00,WIFI
C8:B4:22:BB:BA:B1,MySpectrumWiFiB3-2G,[WPA2_PSK],2025-3-28 4:7:54,11,-86,34.0401497,-117.1915283,412.80,4.00,WIFI
E2:D8:C4:37:2C:22,,[WPA2_PSK],2025-3-28 4:7:54,11,-87,34.0401497,-117.1915283,412.80,4.00,WIFI
D4:3F:32:EB:B3:E3,,[WPA3_PSK],2025-3-28 4:7:54,11,-87,34.0401497,-117.1915283,412.80,4.00,WIFI
30:60:0A:25:26:9C,,[WPA_WPA2_PSK],2025-3-28 4:7:58,1,-70,34.0405884,-117.1918716,411.30,4.00,WIFI
DC:92:72:E3:6C:8F,Frontier0214,[WPA2_PSK],2025-3-28 4:7:58,1,-78,34.0405884,-117.1918716,411.30,4.00,WIFI
5C:18:DD:F9:1A:24,,[WPA_WPA2_PSK],2025-3-28 4:7:58,1,-83,34.0405884,-117.1918716,411.30,4.00,WIFI
FC:12:63:7C:F1:86,Verizon_F9ZWR7,[WPA2_PSK],2025-3-28 4:7:58,1,-87,34.0405884,-117.1918716,411.30,4.00,WIFI
08:D1:F9:52:A6:55,PNR08IF3103E1A2097,[OPEN],2025-3-28 4:7:58,1,-89,34.0405884,-117.1918716,411.30,4.00,WIFI
48:70:1E:49:80:C2,ENVOY_037726,[OPEN],2025-3-28 4:8:3,5,-91,34.0411377,-117.1923141,409.00,2.75,WIFI
88:67:46:9A:BA:43,,[WPA3_PSK],2025-3-28 4:8:4,6,-62,34.0412445,-117.1923981,408.50,2.75,WIFI
88:67:46:9A:BA:49,,[OPEN],2025-3-28 4:8:4,6,-63,34.0412445,-117.1923981,408.50,2.75,WIFI
88:67:46:9A:BA:46,Howard,[WPA2_PSK],2025-3-28 4:8:4,6,-69,34.0412445,-117.1923981,408.50,2.75,WIFI
52:57:9C:77:EF:37,DIRECT-1t-EPSON-XP-970 Series,[WPA2_PSK],2025-3-28 4:8:4,6,-74,34.0412445,-117.1923981,408.50,2.75,WIFI
9C:0B:05:20:1C:A4,,[WPA3_PSK],2025-3-28 4:8:4,6,-77,34.0412445,-117.1923981,408.50,2.75,WIFI
9C:0B:05:20:1C:A7,living room,[WPA2_WPA3_PSK],2025-3-28 4:8:4,6,-78,34.0412445,-117.1923981,408.50,2.75,WIFI
9C:0B:05:20:1C:AA,,[OPEN],2025-3-28 4:8:4,6,-79,34.0412445,-117.1923981,408.50,2.75,WIFI
9C:0B:05:1F:FC:C7,living room,[WPA2_WPA3_PSK],2025-3-28 4:8:4,6,-85,34.0412445,-117.1923981,408.50,2.75,WIFI
9C:0B:05:1F:FC:C4,,[WPA3_PSK],2025-3-28 4:8:4,6,-86,34.0412445,-117.1923981,408.50,2.75,WIFI
18:A5:FF:15:81:02,TMOBILE-8100,[WPA2_WPA3_PSK],2025-3-28 4:8:8,10,-73,34.0416679,-117.1927338,406.50,2.75,WIFI
DC:69:B5:43:E4:66,Franklin WiFi,[WPA2_PSK],2025-3-28 4:8:9,11,-71,34.0417747,-117.1928253,406.00,2.75,WIFI
DC:69:B5:43:E4:6F,Franklin WiFi Guest,[WPA2_PSK],2025-3-28 4:8:9,11,-71,34.0417747,-117.1928253,406.00,2.75,WIFI
DC:69:B5:E5:21:66,Franklin WiFi,[WPA2_PSK],2025-3-28 4:8:9,11,-73,34.0417747,-117.1928253,406.00,2.75,WIFI
DC:69:B5:E5:21:6F,Franklin WiFi Guest,[WPA2_PSK],2025-3-28 4:8:9,11,-73,34.0417747,-117.1928253,406.00,2.75,WIFI
DC:69:B5:43:E4:63,,[WPA3_PSK],2025-3-28 4:8:9,11,-73,34.0417747,-117.1928253,406.00,2.75,WIFI
DC:69:B5:43:E4:69,,[OPEN],2025-3-28 4:8:9,11,-73,34.0417747,-117.1928253,406.00,2.75,WIFI
DC:69:B5:39:81:63,,[WPA3_PSK],2025-3-28 4:8:9,11,-73,34.0417747,-117.1928253,406.00,2.75,WIFI
DC:69:B5:39:81:6F,Franklin WiFi Guest,[WPA2_PSK],2025-3-28 4:8:9,11,-74,34.0417747,-117.1928253,406.00,2.75,WIFI
DC:69:B5:E5:21:69,,[OPEN],2025-3-28 4:8:9,11,-74,34.0417747,-117.1928253,406.00,2.75,WIFI
DC:69:B5:39:81:66,Franklin WiFi,[WPA2_PSK],2025-3-28 4:8:9,11,-75,34.0417747,-117.1928253,406.00,2.75,WIFI
FC:22:1C:E0:03:7D,Frontier4992-2.4G_EXT,[WPA2_PSK],2025-3-28 4:8:9,11,-77,34.0417747,-117.1928253,406.00,2.75,WIFI
64:CB:E9:07:4F:33,AT_301_WLRGL5823S_4f33,[WPA2_PSK],2025-3-28 4:8:9,11,-79,34.0417747,-117.1928253,406.00,2.75,WIFI
02:D6:CB:89:A4:C8,TeslaPW_NPCKTX,[WPA2_PSK],2025-3-28 4:8:9,11,-79,34.0417747,-117.1928253,406.00,2.75,WIFI
A8:6B:AD:F7:5F:0C,Apodaca,[WPA2_PSK],2025-3-28 4:8:9,11,-80,34.0417747,-117.1928253,406.00,2.75,WIFI
14:91:82:AA:0F:CA,Linksys00698,[WPA2_PSK],2025-3-28 4:8:9,11,-82,34.0417747,-117.1928253,406.00,2.75,WIFI
86:A9:3E:35:E9:39,DIRECT-39-HP Tango,[WPA2_PSK],2025-3-28 4:8:9,11,-82,34.0417747,-117.1928253,406.00,2.75,WIFI
18:9C:27:89:01:58,Frontier4992,[WPA2_PSK],2025-3-28 4:8:9,11,-83,34.0417747,-117.1928253,406.00,2.75,WIFI
CC:40:D0:C5:D8:20,Frontier7488_2GEXT,[WPA2_PSK],2025-3-28 4:8:9,11,-85,34.0417747,-117.1928253,406.00,2.75,WIFI
86:D6:C5:22:BE:D0,SEDG-740B644C-2F,[WPA_WPA2_PSK],2025-3-28 4:8:9,11,-87,34.0417747,-117.1928253,406.00,2.75,WIFI
A4:97:33:5F:44:C1,SpectrumSetup-C3,[WPA2_PSK],2025-3-28 4:8:9,11,-89,34.0417747,-117.1928253,406.00,2.75,WIFI
B0:FC:88:6F:4D:42,SpectrumSetup-3C,[WPA2_PSK],2025-3-28 4:8:13,1,-70,34.0421600,-117.1931305,403.80,2.75,WIFI
5C:18:DD:F0:8D:63,,[WPA_WPA2_PSK],2025-3-28 4:8:13,1,-72,34.0421600,-117.1931305,403.80,2.75,WIFI
2C:67:BE:19:93:70,MySpectrumWiFi02-2G,[WPA2_PSK],2025-3-28 4:8:13,1,-81,34.0421600,-117.1931305,403.80,2.75,WIFI
02:22:6C:36:BA:19,SoundBarSetup_BA19,[OPEN],2025-3-28 4:8:13,1,-81,34.0421600,-117.1931305,403.80,2.75,WIFI
60:F4:19:3A:57:49,,[OPEN],2025-3-28 4:8:13,1,-82,34.0421600,-117.1931305,403.80,2.75,WIFI
60:F4:19:3A:57:46,Lucia,[WPA2_PSK],2025-3-28 4:8:13,1,-83,34.0421600,-117.1931305,403.80,2.75,WIFI
D0:6D:C9:24:98:36,Anakin 2.4,[WPA2_PSK],2025-3-28 4:8:13,1,-87,34.0421600,-117.1931305,403.80,2.75,WIFI
CE:9E:43:58:87:F4,,[WPA2_PSK],2025-3-28 4:8:16,3,-80,34.0423355,-117.1932602,402.80,2.50,WIFI
C8:9E:43:58:87:F4,You Hit Me In The Cup,[WPA2_PSK],2025-3-28 4:8:16,3,-81,34.0423355,-117.1932602,402.80,2.50,WIFI
CE:9E:43:52:CF:75,You Hit Me In The Cup,[WPA2_PSK],2025-3-28 4:8:16,3,-85,34.0423355,-117.1932602,402.80,2.50,WIFI
FA:8F:CA:93:33:DF,Family Room TV.b,[OPEN],2025-3-28 4:8:19,6,-81,34.0423698,-117.1932907,402.70,2.50,WIFI
4C:AB:F8:47:35:41,SpectrumSetup-43,[WPA2_PSK],2025-3-28 4:8:19,6,-83,34.0423698,-117.1932907,402.70,2.50,WIFI
9C:0B:05:1F:FC:CA,,[OPEN],2025-3-28 4:8:19,6,-84,34.0423698,-117.1932907,402.70,2.50,WIFI
B0:FC:88:5C:4F:A4,SpectrumSetup-9E,[WPA2_PSK],2025-3-28 4:8:19,6,-88,34.0423698,-117.1932907,402.70,2.50,WIFI
FC:12:63:7A:E3:D6,Verizon_L66ZGD,[WPA2_PSK],2025-3-28 4:8:19,6,-89,34.0423698,-117.1932907,402.70,2.50,WIFI
A0:04:60:C5:91:40,mywn,[WPA2_PSK],2025-3-28 4:8:20,7,-85,34.0423622,-117.1932907,402.60,2.50,WIFI
88:EF:16:F2:06:78,Frontier1392,[WPA2_PSK],2025-3-28 4:8:24,11,-78,34.0424805,-117.1933823,401.30,2.50,WIFI
66:4E:D7:01:DE:77,DIRECT-77-HP OfficeJet Pro 9010,[WPA2_PSK],2025-3-28 4:8:24,11,-81,34.0424805,-117.1933823,401.30,2.50,WIFI
F8:2D:C0:E4:A8:28,Frontier7488,[WPA2_PSK],2025-3-28 4:8:24,11,-88,34.0424805,-117.1933823,401.30,2.50,WIFI
8C:85:80:06:22:6C,,[WPA_WPA2_PSK],2025-3-28 4:8:24,11,-93,34.0424805,-117.1933823,401.30,2.50,WIFI
7E:78:B2:1E:C1:15,,[WPA_WPA2_PSK],2025-3-28 4:8:24,11,-94,34.0424805,-117.1933823,401.30,2.50,WIFI
E4:C0:E2:70:2B:D6,RossiFamily,[WPA2_PSK],2025-3-28 4:8:24,11,-94,34.0424805,-117.1933823,401.30,2.50,WIFI
4C:19:5D:3C:2B:8F,SpectrumSetup-89,[WPA2_PSK],2025-3-28 4:8:27,1,-88,34.0426750,-117.1935349,400.50,2.50,WIFI
22:7F:88:17:5A:0B,,[WPA2_PSK],2025-3-28 4:8:27,1,-89,34.0426750,-117.1935349,400.50,2.50,WIFI
50:C7:BF:1C:0B:1D,TP-LINK_Smart Plug_0B1D,[OPEN],2025-3-28 4:8:27,1,-90,34.0426750,-117.1935349,400.50,2.50,WIFI
00:C8:96:66:7C:46,,[WPA_WPA2_PSK],2025-3-28 4:8:29,2,-79,34.0428429,-117.1936798,399.50,2.50,WIFI
78:24:AF:92:1D:F8,ASUS,[WPA2_PSK],2025-3-28 4:8:29,2,-85,34.0428429,-117.1936798,399.50,2.50,WIFI
08:62:66:E5:EC:70,asusHM,[WPA2_PSK],2025-3-28 4:8:30,3,-86,34.0429382,-117.1937637,398.90,2.50,WIFI
C6:38:75:B7:87:F5,,[WPA2_PSK],2025-3-28 4:8:30,3,-87,34.0429382,-117.1937637,398.90,2.50,WIFI
14:59:C0:8C:B6:58,NETGEAR30,[WPA2_PSK],2025-3-28 4:8:30,3,-89,34.0429382,-117.1937637,398.90,2.50,WIFI
C0:25:E9:0A:78:E1,MedTwo_EXT,[WPA2_PSK],2025-3-28 4:8:31,4,-91,34.0430412,-117.1938400,398.30,2.50,WIFI
A4:97:33:4D:11:C1,Cooper,[WPA2_PSK],2025-3-28 4:8:33,6,-80,34.0432510,-117.1940155,397.10,2.50,WIFI
F0:B6:61:A8:E5:C4,,[WPA3_PSK],2025-3-28 4:8:33,6,-81,34.0432510,-117.1940155,397.10,2.50,WIFI
F0:B6:61:A8:E5:C7,ilovemywife,[WPA2_PSK],2025-3-28 4:8:33,6,-82,34.0432510,-117.1940155,397.10,2.50,WIFI
F0:B6:61:A8:E5:CA,,[OPEN],2025-3-28 4:8:33,6,-83,34.0432510,-117.1940155,397.10,2.50,WIFI
44:07:0B:17:3A:D1,GoogleFrontier,[WPA2_PSK],2025-3-28 4:8:33,6,-88,34.0432510,-117.1940155,397.10,2.50,WIFI
F4:69:42:F8:9A:C4,SpectrumSetup-C6,[WPA2_PSK],2025-3-28 4:8:33,6,-90,34.0432510,-117.1940155,397.10,2.50,WIFI
08:7B:12:3F:18:06,Frontier1954,[WPA2_PSK],2025-3-28 4:8:33,6,-93,34.0432510,-117.1940155,397.10,2.50,WIFI
74:37:5F:49:3D:F7,SammySD,[WPA2_PSK],2025-3-28 4:8:33,6,-93,34.0432510,-117.1940155,397.10,2.50,WIFI
72:3A:CB:63:F1:FC,Guest,[WPA2_WPA3_PSK],2025-3-28 4:8:33,6,-94,34.0432510,-117.1940155,397.10,2.50,WIFI
A0:63:91:A9:F0:D2,NETGEAR87,[WPA2_PSK],2025-3-28 4:8:35,8,-87,34.0434647,-117.1941833,395.90,2.50,WIFI
E8:FC:AF:A1:DF:EE,koko,[WPA2_PSK],2025-3-28 4:8:35,8,-88,34.0434647,-117.1941833,395.90,2.50,WIFI
D2:40:D0:41:FF:C5,ORBI72,[WPA2_PSK],2025-3-28 4:8:35,8,-90,34.0434647,-117.1941833,395.90,2.50,WIFI
00:C8:96:CD:54:0A,,[WPA_WPA2_PSK],2025-3-28 4:8:36,9,-80,34.0435677,-117.1942749,395.30,2.50,WIFI
D8:EC:5E:9B:A7:18,Black Lion1,[WPA2_PSK],2025-3-28 4:8:36,9,-84,34.0435677,-117.1942749,395.30,2.50,WIFI
DA:EC:5E:9B:A7:18,Black Lion1-guest,[OPEN],2025-3-28 4:8:36,9,-87,34.0435677,-117.1942749,395.30,2.50,WIFI
CC:CF:83:0D:AC:AC,,[WPA_WPA2_PSK],2025-3-28 4:8:36,9,-92,34.0435677,-117.1942749,395.30,2.50,WIFI
A4:11:62:B1:28:30,ARLO_VMB_5228727833,[WPA2_PSK],2025-3-28 4:8:37,10,-89,34.0436707,-117.1943588,394.80,2.50,WIFI
30:60:0A:25:39:CC,,[WPA_WPA2_PSK],2025-3-28 4:8:38,11,-68,34.0437775,-117.1944427,394.30,2.50,WIFI
60:F4:19:12:17:A3,,[WPA3_PSK],2025-3-28 4:8:38,11,-71,34.0437775,-117.1944427,394.30,2.50,WIFI
60:F4:19:12:17:A9,,[OPEN],2025-3-28 4:8:38,11,-71,34.0437775,-117.1944427,394.30,2.50,WIFI
60:F4:19:12:17:A6,roti,[WPA2_PSK],2025-3-28 4:8:38,11,-71,34.0437775,-117.1944427,394.30,2.50,WIFI
78:76:89:05:6C:E4,,[WPA3_PSK],2025-3-28 4:8:38,11,-72,34.0437775,-117.1944427,394.30,2.50,WIFI
78:76:89:05:6C:EA,,[OPEN],2025-3-28 4:8:38,11,-72,34.0437775,-117.1944427,394.30,2.50,WIFI
78:76:89:05:6C:E7,roti,[WPA2_PSK],2025-3-28 4:8:38,11,-72,34.0437775,-117.1944427,394.30,2.50,WIFI
9C:0B:05:1F:FA:64,,[WPA3_PSK],2025-3-28 4:8:38,11,-82,34.0437775,-117.1944427,394.30,2.50,WIFI
9C:0B:05:1F:FA:67,TSMRMPO,[WPA2_PSK],2025-3-28 4:8:38,11,-82,34.0437775,-117.1944427,394.30,2.50,WIFI
88:DC:96:6C:18:9A,BlueSkyNetwork_2.4GHz,[WPA2_PSK],2025-3-28 4:8:38,11,-85,34.0437775,-117.1944427,394.30,2.50,WIFI
40:4C:77:7A:29:7B,MySpectrumWiFi7A-2G,[WPA2_PSK],2025-3-28 4:8:38,11,-88,34.0437775,-117.1944427,394.30,2.50,WIFI
F8:2D:C0:CC:E4:B8,Frontier0128,[WPA2_PSK],2025-3-28 4:8:38,11,-90,34.0437775,-117.1944427,394.30,2.50,WIFI
08:36:C9:2C:35:35,BlueSkyNetwork_2.4GHz,[WPA_WPA2_PSK],2025-3-28 4:8:38,11,-90,34.0437775,-117.1944427,394.30,2.50,WIFI
84:EB:3E:D9:88:F9,tld988f8,[WPA2_PSK],2025-3-28 4:8:38,11,-92,34.0437775,-117.1944427,394.30,2.50,WIFI
94:91:7F:E2:E9:3F,MySpectrumWiFi41-2G,[WPA2_PSK],2025-3-28 4:8:38,11,-93,34.0437775,-117.1944427,394.30,2.50,WIFI
F0:7B:65:EE:05:9D,cowboy,[WPA2_PSK],2025-3-28 4:8:42,1,-66,34.0441933,-117.1947784,392.40,2.50,WIFI
9C:C8:FC:00:79:68,MedFront,[WPA2_PSK],2025-3-28 4:8:42,1,-84,34.0441933,-117.1947784,392.40,2.50,WIFI
18:9C:27:7F:40:E8,Frontier5904,[WPA2_PSK],2025-3-28 4:8:42,1,-85,34.0441933,-117.1947784,392.40,2.50,WIFI
34:53:D2:1D:91:D6,QQCYL-5G,[WPA2_PSK],2025-3-28 4:8:42,1,-86,34.0441933,-117.1947784,392.40,2.50,WIFI
14:C0:3E:EB:ED:78,Frontier5488,[WPA2_PSK],2025-3-28 4:8:42,1,-87,34.0441933,-117.1947784,392.40,2.50,WIFI
B0:FC:88:6F:8D:7D,SpectrumSetup-77,[WPA2_PSK],2025-3-28 4:8:42,1,-90,34.0441933,-117.1947784,392.40,2.50,WIFI
A8:97:CD:BD:7B:C8,Frontier5328,[WPA2_PSK],2025-3-28 4:8:42,1,-90,34.0441933,-117.1947784,392.40,2.50,WIFI
F0:A7:31:66:7F:EE,ASUS_EXT,[WPA2_PSK],2025-3-28 4:8:43,2,-82,34.0442963,-117.1948624,392.40,2.50,WIFI
48:F8:B3:FC:94:82,MedTwo,[WPA2_PSK],2025-3-28 4:8:46,4,-67,34.0446014,-117.1951141,390.50,2.50,WIFI
72:CD:D6:F7:8D:72,,[WPA2_PSK],2025-3-28 4:8:46,4,-85,34.0446014,-117.1951141,390.50,2.50,WIFI
72:CD:D6:F9:93:F4,ButtonandSherman,[WPA2_PSK],2025-3-28 4:8:46,4,-90,34.0446014,-117.1951141,390.50,2.50,WIFI
30:C3:D9:AB:9B:A9,MB Hotspot 97519 2.4 GHz,[WPA2_PSK],2025-3-28 4:8:47,5,-88,34.0447006,-117.1951904,389.90,2.50,WIFI
A4:97:33:81:F5:61,SpectrumSetup-63,[WPA2_PSK],2025-3-28 4:8:48,6,-86,34.0447922,-117.1952667,389.40,2.50,WIFI
62:B7:6E:B6:AF:CC,Guest,[WPA2_WPA3_PSK],2025-3-28 4:8:48,6,-88,34.0447922,-117.1952667,389.40,2.50,WIFI
70:3A:CB:63:F2:49,QQCYL-5G,[WPA2_WPA3_PSK],2025-3-28 4:8:48,6,-89,34.0447922,-117.1952667,389.40,2.50,WIFI
72:3A:CB:63:F2:48,Guest,[WPA2_WPA3_PSK],2025-3-28 4:8:48,6,-92,34.0447922,-117.1952667,389.40,2.50,WIFI
3C:37:86:D5:B7:8A,NETGEAR58,[WPA2_PSK],2025-3-28 4:8:49,7,-90,34.0448799,-117.1953354,389.00,2.50,WIFI
A0:04:60:D8:08:77,NETGEAR88,[WPA2_PSK],2025-3-28 4:8:50,8,-88,34.0449638,-117.1953964,388.60,2.50,WIFI
D6:40:D0:41:FE:D5,,[WPA2_PSK],2025-3-28 4:8:50,8,-92,34.0449638,-117.1953964,388.60,2.50,WIFI
70:4F:57:70:65:15,Garage,[WPA2_PSK],2025-3-28 4:8:51,9,-91,34.0450401,-117.1954575,388.40,2.50,WIFI
F6:09:0D:8A:B2:9C,,[WPA2_PSK],2025-3-28 4:8:51,9,-91,34.0450401,-117.1954575,388.40,2.50,WIFI
6A:4C:77:11:F2:59,SpookyGhost_2.4G,[WPA2_PSK],2025-3-28 4:8:53,11,-85,34.0451698,-117.1955566,388.00,2.50,WIFI
F8:5B:3B:69:02:5F,SpectrumSetup-61,[WPA2_PSK],2025-3-28 4:8:53,11,-86,34.0451698,-117.1955566,388.00,2.50,WIFI
40:4C:77:11:F2:58,Frontier7008,[WPA2_PSK],2025-3-28 4:8:53,11,-87,34.0451698,-117.1955566,388.00,2.50,WIFI
20:23:51:FA:32:CA,,[WPA2_WPA3_PSK],2025-3-28 4:8:53,11,-93,34.0451698,-117.1955566,388.00,2.50,WIFI
40:32:9D:04:9B:DC,,[WPA2_PSK],2025-3-28 4:8:54,13,-92,34.0452194,-117.1956100,387.90,2.50,WIFI
5C:FA:25:EE:F9:74,SpectrumSetup-6E,[WPA2_PSK],2025-3-28 4:8:56,1,-82,34.0452995,-117.1956635,387.70,2.50,WIFI
40:B0:34:59:D1:7F,DIRECT-82-HP OfficeJet 7510,[WPA2_PSK],2025-3-28 4:8:56,1,-87,34.0452995,-117.1956635,387.70,2.50,WIFI
A8:97:CD:A8:E0:78,Broadcom,[OPEN],2025-3-28 4:8:56,1,-89,34.0452995,-117.1956635,387.70,2.50,WIFI
A4:97:33:90:9D:99,SpectrumSetup-9B,[WPA2_PSK],2025-3-28 4:8:56,1,-89,34.0452995,-117.1956635,387.70,2.50,WIFI
50:FD:D5:7E:D8:CB,[range]_E30AJT7113388E,[WPA2_PSK],2025-3-28 4:8:56,1,-91,34.0452995,-117.1956635,387.70,2.50,WIFI
16:97:33:90:9D:99,,[WPA2_PSK],2025-3-28 4:8:56,1,-92,34.0452995,-117.1956635,387.70,2.50,WIFI
26:97:33:90:9D:99,,[WPA2_PSK],2025-3-28 4:8:56,1,-93,34.0452995,-117.1956635,387.70,2.50,WIFI
6C:CD:D6:F7:8D:72,ButtonandSherman,[WPA2_PSK],2025-3-28 4:9:0,4,-70,34.0453262,-117.1956863,387.00,2.50,WIFI
6C:CD:D6:F9:93:F4,,[WPA2_PSK],2025-3-28 4:9:0,4,-73,34.0453262,-117.1956863,387.00,2.50,WIFI
72:CD:D6:F9:93:50,ButtonandSherman,[WPA2_PSK],2025-3-28 4:9:0,4,-80,34.0453262,-117.1956863,387.00,2.50,WIFI
6C:CD:D6:F9:93:50,,[WPA2_PSK],2025-3-28 4:9:0,4,-81,34.0453262,-117.1956863,387.00,2.50,WIFI
D4:3F:32:A0:49:C6,Casita,[WPA2_PSK],2025-3-28 4:9:2,6,-73,34.0453529,-117.1957092,386.90,2.50,WIFI
D4:3F:32:A0:49:C3,,[WPA3_PSK],2025-3-28 4:9:2,6,-75,34.0453529,-117.1957092,386.90,2.50,WIFI
D4:3F:32:A0:49:C9,,[OPEN],2025-3-28 4:9:2,6,-76,34.0453529,-117.1957092,386.90,2.50,WIFI
2C:EA:DC:31:5E:BB,SpectrumSetup-BD,[WPA2_PSK],2025-3-28 4:9:2,6,-78,34.0453529,-117.1957092,386.90,2.50,WIFI
D4:3F:32:7B:05:66,Casita,[WPA2_PSK],2025-3-28 4:9:2,6,-83,34.0453529,-117.1957092,386.90,2.50,WIFI
E8:D2:FF:B4:31:E6,SpectrumSetup-E0,[WPA2_PSK],2025-3-28 4:9:2,6,-83,34.0453529,-117.1957092,386.90,2.50,WIFI
58:9B:4A:93:9B:BB,SpectrumSetup-9BB7,[WPA2_PSK],2025-3-28 4:9:2,6,-85,34.0453529,-117.1957092,386.90,2.50,WIFI
00:C8:96:66:64:16,,[WPA_WPA2_PSK],2025-3-28 4:9:6,10,-76,34.0453758,-117.1959610,386.10,2.50,WIFI
20:0D:B0:6E:A6:01,Frontier5808-plus,[WPA_WPA2_PSK],2025-3-28 4:9:10,1,-77,34.0451851,-117.1963272,385.00,2.50,WIFI
48:5D:36:5E:13:28,FiOS-I8EGW,[WPA2_PSK],2025-3-28 4:9:10,1,-80,34.0451851,-117.1963272,385.00,2.50,WIFI
60:57:47:59:13:0B,,[WPA_WPA2_PSK],2025-3-28 4:9:10,1,-89,34.0451851,-117.1963272,385.00,2.50,WIFI
A0:7F:8A:13:76:94,SpectrumSetup-768E,[WPA2_PSK],2025-3-28 4:9:10,1,-89,34.0451851,-117.1963272,385.00,2.50,WIFI
D0:6D:C9:22:88:C6,Frontier0150,[WPA2_PSK],2025-3-28 4:9:10,1,-90,34.0451851,-117.1963272,385.00,2.50,WIFI
C2:EE:40:B5:5F:2A,EZLYNK_CCA4B3Q1,[OPEN],2025-3-28 4:9:10,1,-90,34.0451851,-117.1963272,385.00,2.50,WIFI
34:08:E1:0E:2C:CA,ENVOY_151743,[OPEN],2025-3-28 4:9:12,2,-80,34.0450401,-117.1965866,384.50,2.50,WIFI
EA:07:B6:75:C1:7F,,[WPA2_PSK],2025-3-28 4:9:12,2,-92,34.0450401,-117.1965866,384.50,2.50,WIFI
A0:04:60:16:F4:A8,ORBI37,[WPA2_PSK],2025-3-28 4:9:13,3,-89,34.0449638,-117.1967163,384.30,2.50,WIFI
A0:04:60:0A:56:D8,ORBI37,[WPA2_PSK],2025-3-28 4:9:13,3,-90,34.0449638,-117.1967163,384.30,2.50,WIFI
9C:57:BC:48:16:03,,[WPA3_PSK],2025-3-28 4:9:16,6,-68,34.0447273,-117.1971512,383.70,2.50,WIFI
9C:57:BC:48:16:09,,[OPEN],2025-3-28 4:9:16,6,-68,34.0447273,-117.1971512,383.70,2.50,WIFI
9C:57:BC:48:16:06,Olive Branch,[WPA2_PSK],2025-3-28 4:9:16,6,-70,34.0447273,-117.1971512,383.70,2.50,WIFI
C8:C6:FE:16:9B:C6,LHWG,[WPA2_PSK],2025-3-28 4:9:16,6,-75,34.0447273,-117.1971512,383.70,2.50,WIFI
C8:C6:FE:16:9B:C9,,[OPEN],2025-3-28 4:9:16,6,-77,34.0447273,-117.1971512,383.70,2.50,WIFI
C8:C6:FE:16:9B:C3,,[WPA3_PSK],2025-3-28 4:9:16,6,-78,34.0447273,-117.1971512,383.70,2.50,WIFI
4C:22:F3:39:41:8F,Verizon_97STJP,[WPA2_PSK],2025-3-28 4:9:16,6,-83,34.0447273,-117.1971512,383.70,2.50,WIFI
60:38:E0:E0:7F:ED,Parc_55,[WPA2_PSK],2025-3-28 4:9:16,6,-84,34.0447273,-117.1971512,383.70,2.50,WIFI
7C:78:B2:AD:50:1F,wzap85758780,[WPA2_PSK],2025-3-28 4:9:16,6,-85,34.0447273,-117.1971512,383.70,2.50,WIFI
F0:21:E0:61:FB:4B,Olive House + Guest,[WPA2_PSK],2025-3-28 4:9:16,6,-85,34.0447273,-117.1971512,383.70,2.50,WIFI
6A:B9:D3:BB:1B:53,LEISURE470-C697F2,[WPA2_PSK],2025-3-28 4:9:16,6,-85,34.0447273,-117.1971512,383.70,2.50,WIFI
4A:D9:E7:91:3F:02,WhyNotZoidberg?,[WPA2_PSK],2025-3-28 4:9:16,6,-89,34.0447273,-117.1971512,383.70,2.50,WIFI
2C:58:4F:21:42:98,Ingram House,[WPA2_PSK],2025-3-28 4:9:19,9,-72,34.0444870,-117.1975861,383.00,2.50,WIFI
04:17:B6:F1:65:A8,,[WPA_WPA2_PSK],2025-3-28 4:9:19,9,-84,34.0444870,-117.1975861,383.00,2.50,WIFI
6C:CD:D6:5C:0D:86,NETGEAR56,[WPA2_PSK],2025-3-28 4:9:19,9,-89,34.0444870,-117.1975861,383.00,2.50,WIFI
8C:85:80:ED:A4:D3,,[WPA_WPA2_PSK],2025-3-28 4:9:20,10,-83,34.0444069,-117.1977310,382.80,2.50,WIFI
F0:B6:61:E7:48:07,Da and Dada,[WPA2_PSK],2025-3-28 4:9:21,11,-68,34.0443268,-117.1978836,382.50,2.50,WIFI
F0:B6:61:E7:48:04,,[WPA3_PSK],2025-3-28 4:9:21,11,-76,34.0443268,-117.1978836,382.50,2.50,WIFI
F0:B6:61:E7:48:0A,,[OPEN],2025-3-28 4:9:21,11,-76,34.0443268,-117.1978836,382.50,2.50,WIFI
7E:78:B2:5C:A6:C8,,[WPA_WPA2_PSK],2025-3-28 4:9:21,11,-83,34.0443268,-117.1978836,382.50,2.50,WIFI
20:37:F0:6D:86:22,Endres Linksys,[WPA2_PSK],2025-3-28 4:9:23,1,-72,34.0441666,-117.1981659,382.00,2.50,WIFI
24:41:FE:77:E1:02,Endres Linksys,[WPA2_PSK],2025-3-28 4:9:23,1,-82,34.0441666,-117.1981659,382.00,2.50,WIFI
CC:CF:83:83:1B:5F,,[WPA_WPA2_PSK],2025-3-28 4:9:23,1,-85,34.0441666,-117.1981659,382.00,2.50,WIFI
DE:91:BF:F5:33:CB,,[WPA2_PSK],2025-3-28 4:9:23,1,-91,34.0441666,-117.1981659,382.00,2.50,WIFI
96:3B:AD:21:A4:90,,[WPA2_PSK],2025-3-28 4:9:27,3,-82,34.0438652,-117.1987305,381.40,2.50,WIFI
94:18:65:D8:74:B8,Ginadrtorres,[WPA2_PSK],2025-3-28 4:9:27,3,-88,34.0438652,-117.1987305,381.40,2.50,WIFI
60:57:47:9C:8A:36,,[WPA_WPA2_PSK],2025-3-28 4:9:28,4,-81,34.0437927,-117.1988678,381.50,2.50,WIFI
00:AB:48:18:C5:C7,,[OPEN],2025-3-28 4:9:30,6,-69,34.0436592,-117.1991043,381.30,2.50,WIFI
00:AB:48:18:C5:C3,,[WPA3_PSK],2025-3-28 4:9:30,6,-69,34.0436592,-117.1991043,381.30,2.50,WIFI
00:AB:48:18:C5:C5,I believe Wi can Fi,[WPA2_PSK],2025-3-28 4:9:30,6,-69,34.0436592,-117.1991043,381.30,2.50,WIFI
00:AB:48:E1:84:E5,Eero Wifi,[WPA2_PSK],2025-3-28 4:9:30,6,-76,34.0436592,-117.1991043,381.30,2.50,WIFI
00:AB:48:E1:84:EB,Eero Wifi Guest,[WPA2_PSK],2025-3-28 4:9:30,6,-76,34.0436592,-117.1991043,381.30,2.50,WIFI
00:AB:48:E1:84:E3,,[WPA3_PSK],2025-3-28 4:9:30,6,-77,34.0436592,-117.1991043,381.30,2.50,WIFI
00:AB:48:15:77:A5,I believe Wi can Fi,[WPA2_PSK],2025-3-28 4:9:30,6,-77,34.0436592,-117.1991043,381.30,2.50,WIFI
00:AB:48:E1:84:E7,,[OPEN],2025-3-28 4:9:30,6,-78,34.0436592,-117.1991043,381.30,2.50,WIFI
00:AB:48:15:77:A3,,[WPA3_PSK],2025-3-28 4:9:30,6,-78,34.0436592,-117.1991043,381.30,2.50,WIFI
00:AB:48:15:77:A7,,[OPEN],2025-3-28 4:9:30,6,-79,34.0436592,-117.1991043,381.30,2.50,WIFI
00:AB:48:1A:73:07,,[OPEN],2025-3-28 4:9:30,6,-84,34.0436592,-117.1991043,381.30,2.50,WIFI
D0:16:7C:44:17:67,,[OPEN],2025-3-28 4:9:30,6,-85,34.0436592,-117.1991043,381.30,2.50,WIFI
D0:16:7C:44:17:63,,[WPA3_PSK],2025-3-28 4:9:30,6,-85,34.0436592,-117.1991043,381.30,2.50,WIFI
D0:16:7C:44:17:65,OMECH5-BME3,[WPA2_PSK],2025-3-28 4:9:30,6,-85,34.0436592,-117.1991043,381.30,2.50,WIFI
00:AB:48:1A:73:03,,[WPA3_PSK],2025-3-28 4:9:30,6,-85,34.0436592,-117.1991043,381.30,2.50,WIFI
00:AB:48:1A:73:05,I believe Wi can Fi,[WPA2_PSK],2025-3-28 4:9:30,6,-85,34.0436592,-117.1991043,381.30,2.50,WIFI
F8:5B:3B:6F:41:44,DONEL,[WPA2_PSK],2025-3-28 4:9:30,6,-87,34.0436592,-117.1991043,381.30,2.50,WIFI
AC:91:9B:C1:1A:BA,Verizon_Z4TGCG,[WPA2_PSK],2025-3-28 4:9:30,6,-92,34.0436592,-117.1991043,381.30,2.50,WIFI
30:60:0A:25:34:64,,[WPA_WPA2_PSK],2025-3-28 4:9:30,6,-93,34.0436592,-117.1991043,381.30,2.50,WIFI
98:6B:3D:D8:7E:B0,Dolly4595,[WPA_WPA2_PSK],2025-3-28 4:9:33,8,-89,34.0435371,-117.1993408,381.30,2.50,WIFI
9C:A2:F4:2B:4C:42,,[WPA2_PSK],2025-3-28 4:9:34,9,-63,34.0435219,-117.1993790,381.60,2.50,WIFI
9E:A2:F4:2B:4C:42,TheKrellMainframe,[WPA2_PSK],2025-3-28 4:9:34,9,-67,34.0435219,-117.1993790,381.60,2.50,WIFI
5C:62:8B:EE:D2:82,,[WPA_WPA2_PSK],2025-3-28 4:9:34,9,-74,34.0435219,-117.1993790,381.60,2.50,WIFI
9E:A2:F4:2B:47:5E,TheKrellMainframe,[WPA2_PSK],2025-3-28 4:9:34,9,-75,34.0435219,-117.1993790,381.60,2.50,WIFI
5E:62:8B:2E:D2:82,TheKrellMainframe,[WPA2_PSK],2025-3-28 4:9:34,9,-76,34.0435219,-117.1993790,381.60,2.50,WIFI
98:F7:81:E8:DA:18,Frontier5104,[WPA2_PSK],2025-3-28 4:9:36,11,-77,34.0435219,-117.1993866,381.80,2.50,WIFI
F4:52:46:8C:52:F5,SpectrumSetup-52F8,[WPA2_PSK],2025-3-28 4:9:36,11,-77,34.0435219,-117.1993866,381.80,2.50,WIFI
F8:1A:2B:02:61:ED,Casa google,[WPA2_PSK],2025-3-28 4:9:36,11,-79,34.0435219,-117.1993866,381.80,2.50,WIFI
4C:19:5D:59:CE:CE,SpectrumSetup-C8,[WPA2_PSK],2025-3-28 4:9:36,11,-81,34.0435219,-117.1993866,381.80,2.50,WIFI
F0:B6:61:0F:F0:CA,,[OPEN],2025-3-28 4:9:36,11,-81,34.0435219,-117.1993866,381.80,2.50,WIFI
F0:B6:61:84:70:27,Pointer Wifi,[WPA2_PSK],2025-3-28 4:9:36,11,-82,34.0435219,-117.1993866,381.80,2.50,WIFI
F0:B6:61:84:70:24,,[WPA3_PSK],2025-3-28 4:9:36,11,-82,34.0435219,-117.1993866,381.80,2.50,WIFI
F0:B6:61:84:70:2A,,[OPEN],2025-3-28 4:9:36,11,-82,34.0435219,-117.1993866,381.80,2.50,WIFI
80:E5:40:DD:2E:48,Frontier3232,[WPA2_PSK],2025-3-28 4:9:36,11,-85,34.0435219,-117.1993866,381.80,2.50,WIFI
F0:B6:61:0F:F0:C4,,[WPA3_PSK],2025-3-28 4:9:36,11,-85,34.0435219,-117.1993866,381.80,2.50,WIFI
10:DA:43:99:AA:F6,NETGEAR29,[WPA2_PSK],2025-3-28 4:9:43,3,-88,34.0438042,-117.1996994,381.70,2.50,WIFI
82:CC:9C:DE:18:71,Keidel5-private,[WPA2_PSK],2025-3-28 4:9:43,3,-90,34.0438042,-117.1996994,381.70,2.50,WIFI
80:CC:9C:EE:18:71,Keidel-guest2.4,[WPA2_PSK],2025-3-28 4:9:43,3,-91,34.0438042,-117.1996994,381.70,2.50,WIFI
80:69:1A:94:41:18,Leason2.0,[WPA2_WPA3_PSK],2025-3-28 4:9:44,4,-82,34.0438995,-117.1997681,380.80,2.50,WIFI
86:69:1A:95:12:0F,,[WPA2_WPA3_PSK],2025-3-28 4:9:45,5,-84,34.0439987,-117.1998444,380.20,2.50,WIFI
FC:12:63:F3:A8:25,SpectrumSetup-27,[WPA2_PSK],2025-3-28 4:9:46,6,-80,34.0441093,-117.1999359,379.70,2.50,WIFI
F8:AA:3F:D3:6F:03,SpectrumSetup-79,[WPA2_PSK],2025-3-28 4:9:46,6,-82,34.0441093,-117.1999359,379.70,2.50,WIFI
58:2F:F7:75:40:C6,SpectrumSetup-C0,[WPA2_PSK],2025-3-28 4:9:46,6,-84,34.0441093,-117.1999359,379.70,2.50,WIFI
54:07:7D:0E:3B:3F,JSF2235,[WPA2_PSK],2025-3-28 4:9:48,8,-83,34.0443192,-117.2001038,379.10,2.50,WIFI
86:69:1A:94:41:B4,,[WPA2_WPA3_PSK],2025-3-28 4:9:49,9,-67,34.0444221,-117.2001877,378.80,2.50,WIFI
80:69:1A:94:41:B4,Leason2.0,[WPA2_WPA3_PSK],2025-3-28 4:9:49,9,-71,34.0444221,-117.2001877,378.80,2.50,WIFI
D8:EB:97:EE:2E:32,Keidel2.4-private,[WPA2_PSK],2025-3-28 4:9:50,10,-72,34.0445290,-117.2002716,378.30,2.50,WIFI
22:3E:A4:9A:0C:40,,[WPA2_PSK],2025-3-28 4:9:50,10,-75,34.0445290,-117.2002716,378.30,2.50,WIFI
DA:EB:97:EE:2E:35,Keidel-guest2.4,[WPA2_PSK],2025-3-28 4:9:50,10,-78,34.0445290,-117.2002716,378.30,2.50,WIFI
BA:B0:24:79:99:46,,[WPA2_PSK],2025-3-28 4:9:50,10,-91,34.0445290,-117.2002716,378.30,2.50,WIFI
F0:B6:61:0F:F0:C7,Pointer Wifi,[WPA2_PSK],2025-3-28 4:9:51,11,-67,34.0446320,-117.2003555,377.90,2.50,WIFI
48:5D:36:48:3D:46,Klausz_WiFi,[WPA2_PSK],2025-3-28 4:9:51,11,-75,34.0446320,-117.2003555,377.90,2.50,WIFI
90:9A:4A:47:AA:E6,joola-5G_2.4GEXT,[WPA2_PSK],2025-3-28 4:9:51,11,-84,34.0446320,-117.2003555,377.90,2.50,WIFI
C4:8E:8F:E4:98:76,WIFIE49872,[WPA2_PSK],2025-3-28 4:9:51,11,-84,34.0446320,-117.2003555,377.90,2.50,WIFI
E8:DA:00:08:6D:53,low wifi_EXT,[WPA2_PSK],2025-3-28 4:9:51,11,-88,34.0446320,-117.2003555,377.90,2.50,WIFI
84:A0:6E:C9:E2:16,joola-2G,[WPA2_PSK],2025-3-28 4:9:51,11,-88,34.0446320,-117.2003555,377.90,2.50,WIFI
A0:04:60:CE:27:A6,NETGEAR76,[WPA2_PSK],2025-3-28 4:9:51,11,-89,34.0446320,-117.2003555,377.90,2.50,WIFI
AA:B5:7C:67:F3:0D,,[WPA2_PSK],2025-3-28 4:9:51,11,-90,34.0446320,-117.2003555,377.90,2.50,WIFI
C8:B4:22:05:E5:E7,Cooks Retreat,[WPA2_PSK],2025-3-28 4:9:54,1,-75,34.0449524,-117.2006073,377.00,2.50,WIFI
80:69:1A:94:49:40,Leason2.0,[WPA2_WPA3_PSK],2025-3-28 4:9:54,1,-82,34.0449524,-117.2006073,377.00,2.50,WIFI
86:69:1A:94:49:40,,[WPA2_WPA3_PSK],2025-3-28 4:9:54,1,-83,34.0449524,-117.2006073,377.00,2.50,WIFI
B8:66:85:D4:1A:F6,Emily1952 (2.4),[WPA2_PSK],2025-3-28 4:9:54,1,-83,34.0449524,-117.2006073,377.00,2.50,WIFI
28:C2:DD:BD:4C:74,WMbd4c74,[OPEN],2025-3-28 4:9:57,3,-88,34.0452194,-117.2008286,376.30,2.50,WIFI
86:69:1A:94:41:18,,[WPA2_WPA3_PSK],2025-3-28 4:9:58,4,-91,34.0452843,-117.2008896,376.10,2.50,WIFI
E4:F4:C6:15:AD:8C,wtwood,[WPA_WPA2_PSK],2025-3-28 4:9:58,4,-95,34.0452843,-117.2008896,376.10,2.50,WIFI
9C:A5:70:9B:A0:05,Normanrose,[WPA2_PSK],2025-3-28 4:10:0,6,-67,34.0453720,-117.2009659,376.70,2.50,WIFI
9C:A5:70:9B:A0:07,,[OPEN],2025-3-28 4:10:0,6,-69,34.0453720,-117.2009659,376.70,2.50,WIFI
9C:A5:70:9B:A0:03,,[WPA3_PSK],2025-3-28 4:10:0,6,-70,34.0453720,-117.2009659,376.70,2.50,WIFI
F0:9F:C2:CC:90:F6,ManagementVds,[WPA2_WPA3_PSK],2025-3-28 4:10:0,6,-81,34.0453720,-117.2009659,376.70,2.50,WIFI
D0:16:7C:8D:8B:E3,,[WPA3_PSK],2025-3-28 4:10:0,6,-82,34.0453720,-117.2009659,376.70,2.50,WIFI
D0:16:7C:8D:8B:E7,,[OPEN],2025-3-28 4:10:0,6,-83,34.0453720,-117.2009659,376.70,2.50,WIFI
D0:16:7C:8D:8B:E5,curtanddi,[WPA2_PSK],2025-3-28 4:10:0,6,-84,34.0453720,-117.2009659,376.70,2.50,WIFI
14:59:C0:96:9A:40,NETGEAR78,[WPA2_PSK],2025-3-28 4:10:0,6,-90,34.0453720,-117.2009659,376.70,2.50,WIFI
56:60:F9:5F:7E:1B,,[WPA2_PSK],2025-3-28 4:10:3,9,-87,34.0453873,-117.2011490,376.80,2.50,WIFI
74:37:5F:DA:99:47,SpectrumSetup-45,[WPA2_PSK],2025-3-28 4:10:5,11,-78,34.0453339,-117.2012711,376.20,2.50,WIFI
58:2F:F7:68:A1:56,SpectrumSetup-50,[WPA2_PSK],2025-3-28 4:10:5,11,-83,34.0453339,-117.2012711,376.20,2.50,WIFI
74:AC:B9:BD:D4:B8,BT_Magnolia,[WPA2_PSK],2025-3-28 4:10:8,1,-78,34.0452232,-117.2014771,376.50,2.50,WIFI
7A:AC:B9:BD:D4:B8,BT_Magnolia_guest,[WPA2_PSK],2025-3-28 4:10:8,1,-78,34.0452232,-117.2014771,376.50,2.50,WIFI
7E:AC:B9:BD:D4:B8,iPhoneSetup,[WPA2_PSK],2025-3-28 4:10:8,1,-79,34.0452232,-117.2014771,376.50,2.50,WIFI
DA:31:34:D0:B7:61,DIRECT-roku-457-3A2911,[WPA2_PSK],2025-3-28 4:10:8,1,-85,34.0452232,-117.2014771,376.50,2.50,WIFI
A0:04:60:CE:27:AC,NETGEAR49,[WPA2_PSK],2025-3-28 4:10:8,1,-90,34.0452232,-117.2014771,376.50,2.50,WIFI
A0:89:66:8D:EC:20,,[WPA_WPA2_PSK],2025-3-28 4:10:10,2,-83,34.0451584,-117.2015991,376.60,2.50,WIFI
66:32:B1:31:E3:3E,,[WPA2_PSK],2025-3-28 4:10:11,3,-93,34.0451279,-117.2016525,376.80,2.50,WIFI
88:57:1D:51:C7:14,[range]_E30AJT7113083P,[WPA2_PSK],2025-3-28 4:10:12,4,-79,34.0451050,-117.2017136,376.80,2.50,WIFI
22:48:6C:B1:A8:3B,,[WPA2_PSK],2025-3-28 4:10:14,6,-81,34.0450401,-117.2017899,377.20,2.50,WIFI
7E:AC:B9:BD:CB:D1,iPhoneSetup,[WPA2_PSK],2025-3-28 4:10:14,6,-82,34.0450401,-117.2017899,377.20,2.50,WIFI
74:AC:B9:BD:CB:D1,BT_Magnolia,[WPA2_PSK],2025-3-28 4:10:14,6,-83,34.0450401,-117.2017899,377.20,2.50,WIFI
7A:AC:B9:BD:CB:D1,BT_Magnolia_guest,[WPA2_PSK],2025-3-28 4:10:14,6,-83,34.0450401,-117.2017899,377.20,2.50,WIFI
44:EA:D8:1E:24:B8,ChimePro-1E24B7,[OPEN],2025-3-28 4:10:14,6,-86,34.0450401,-117.2017899,377.20,2.50,WIFI
A4:11:62:72:9A:12,ARLO_VMB_4422026869,[WPA2_PSK],2025-3-28 4:10:14,6,-86,34.0450401,-117.2017899,377.20,2.50,WIFI
60:F4:19:01:28:A3,,[WPA3_PSK],2025-3-28 4:10:14,6,-88,34.0450401,-117.2017899,377.20,2.50,WIFI
FC:12:63:A1:77:85,SpectrumSetup-87,[WPA2_PSK],2025-3-28 4:10:14,6,-92,34.0450401,-117.2017899,377.20,2.50,WIFI
98:ED:5C:83:A7:13,TeslaPV_83A713,[WPA2_PSK],2025-3-28 4:10:16,8,-91,34.0449562,-117.2018051,377.40,2.50,WIFI
16:0C:6B:32:3D:8C,RPNet,[WPA2_PSK],2025-3-28 4:10:16,8,-93,34.0449562,-117.2018051,377.40,2.50,WIFI
2E:80:88:D9:17:30,Cohen,[WPA2_PSK],2025-3-28 4:10:17,9,-92,34.0449104,-117.2017822,377.50,2.50,WIFI
22:3E:A4:04:CF:C2,,[WPA2_PSK],2025-3-28 4:10:19,11,-74,34.0448036,-117.2017059,377.40,2.50,WIFI
D4:05:DE:89:EE:67,Honn,[WPA2_PSK],2025-3-28 4:10:19,11,-78,34.0448036,-117.2017059,377.40,2.50,WIFI
9C:0B:05:C3:67:CA,,[OPEN],2025-3-28 4:10:19,11,-80,34.0448036,-117.2017059,377.40,2.50,WIFI
9C:0B:05:C3:67:C7,GeorgeYaz,[WPA2_PSK],2025-3-28 4:10:19,11,-81,34.0448036,-117.2017059,377.40,2.50,WIFI
9C:0B:05:C3:67:C4,,[WPA3_PSK],2025-3-28 4:10:19,11,-82,34.0448036,-117.2017059,377.40,2.50,WIFI
F8:F5:32:4C:34:08,Frontier0816,[WPA2_PSK],2025-3-28 4:10:19,11,-84,34.0448036,-117.2017059,377.40,2.50,WIFI
1E:67:BE:09:97:E9,,[WPA2_PSK],2025-3-28 4:10:22,1,-77,34.0446091,-117.2015533,378.30,2.50,WIFI
2C:67:BE:09:97:EF,SpectrumSetup-97EB,[WPA2_PSK],2025-3-28 4:10:22,1,-79,34.0446091,-117.2015533,378.30,2.50,WIFI
CC:40:D0:A2:8E:62,NETGEAR91,[WPA2_PSK],2025-3-28 4:10:22,1,-81,34.0446091,-117.2015533,378.30,2.50,WIFI
9A:0C:7A:D4:2C:F8,SpectrumSetup-97EB,[WPA2_PSK],2025-3-28 4:10:22,1,-82,34.0446091,-117.2015533,378.30,2.50,WIFI
8A:0C:7A:D4:2C:F8,,[WPA2_PSK],2025-3-28 4:10:22,1,-86,34.0446091,-117.2015533,378.30,2.50,WIFI
AA:0C:7A:D4:2C:F8,,[WPA2_PSK],2025-3-28 4:10:22,1,-86,34.0446091,-117.2015533,378.30,2.50,WIFI
68:3A:48:11:A4:C8,[fridge]_E30AJT5113389T,[WPA2_PSK],2025-3-28 4:10:22,1,-87,34.0446091,-117.2015533,378.30,2.50,WIFI
FC:34:97:05:D4:D0,Belle-2G,[WPA2_PSK],2025-3-28 4:10:23,2,-77,34.0445442,-117.2015152,378.30,2.50,WIFI
FC:34:97:05:D4:D1,BeOurGuest,[WPA2_WPA3_PSK],2025-3-28 4:10:23,2,-79,34.0445442,-117.2015152,378.30,2.50,WIFI
04:B6:BE:46:60:CE,,[WPA_WPA2_PSK],2025-3-28 4:10:23,2,-87,34.0445442,-117.2015152,378.30,2.50,WIFI
54:04:63:FB:12:D8,,[WPA_WPA2_PSK],2025-3-28 4:10:25,3,-72,34.0444412,-117.2014313,379.10,2.50,WIFI
56:13:79:C7:1D:8E,DIRECT-8e-HP M281 LaserJet,[WPA2_PSK],2025-3-28 4:10:28,6,-72,34.0443687,-117.2013092,380.50,2.50,WIFI
D4:3F:32:6C:47:C9,,[OPEN],2025-3-28 4:10:28,6,-73,34.0443687,-117.2013092,380.50,2.50,WIFI
90:CA:FA:9B:5D:1A,The Force,[WPA2_PSK],2025-3-28 4:10:28,6,-74,34.0443687,-117.2013092,380.50,2.50,WIFI
D4:3F:32:6C:47:C3,,[WPA3_PSK],2025-3-28 4:10:28,6,-74,34.0443687,-117.2013092,380.50,2.50,WIFI
90:CA:FA:9B:59:3C,The Force,[WPA2_PSK],2025-3-28 4:10:28,6,-76,34.0443687,-117.2013092,380.50,2.50,WIFI
60:F4:19:01:28:A6,WZWMK,[WPA2_PSK],2025-3-28 4:10:28,6,-81,34.0443687,-117.2013092,380.50,2.50,WIFI
80:78:71:80:F3:1F,SpectrumSetup-21,[WPA2_PSK],2025-3-28 4:10:28,6,-85,34.0443687,-117.2013092,380.50,2.50,WIFI
02:13:37:AA:3A:34,manage,[WPA2_PSK],2025-3-28 4:10:33,11,-64,34.0443916,-117.2012024,379.10,2.50,WIFI
00:13:37:AA:3A:34,Redlands Free WiFi,[OPEN],2025-3-28 4:10:33,11,-65,34.0443916,-117.2012024,379.10,2.50,WIFI
D4:05:DE:89:EE:64,,[WPA3_PSK],2025-3-28 4:10:33,11,-81,34.0443916,-117.2012024,379.10,2.50,WIFI
D4:05:DE:89:EE:6A,,[OPEN],2025-3-28 4:10:33,11,-81,34.0443916,-117.2012024,379.10,2.50,WIFI
F8:5B:3B:CE:64:39,MandC,[WPA2_PSK],2025-3-28 4:10:33,11,-88,34.0443916,-117.2012024,379.10,2.50,WIFI
58:68:7A:10:AF:16,Cookie,[WPA2_WPA3_PSK],2025-3-28 4:10:36,1,-86,34.0443878,-117.2011948,379.00,2.50,WIFI
8A:0C:7A:D4:3E:98,,[WPA2_PSK],2025-3-28 4:10:36,1,-88,34.0443878,-117.2011948,379.00,2.50,WIFI
AA:0C:7A:D4:3E:98,,[WPA2_PSK],2025-3-28 4:10:36,1,-89,34.0443878,-117.2011948,379.00,2.50,WIFI
9A:0C:7A:D4:3E:98,SpectrumSetup-97EB,[WPA2_PSK],2025-3-28 4:10:36,1,-89,34.0443878,-117.2011948,379.00,2.50,WIFI
D4:3F:32:6C:47:C6,durian,[WPA2_PSK],2025-3-28 4:10:42,6,-77,34.0443840,-117.2011871,379.10,2.50,WIFI
60:45:CB:5C:8F:31,Voldemort_2.4,[WPA2_PSK],2025-3-28 4:10:47,11,-92,34.0443840,-117.2011871,379.00,2.50,WIFI
60:45:CB:5C:8F:30,Mills Home_2.4,[WPA2_PSK],2025-3-28 4:10:47,11,-94,34.0443840,-117.2011871,379.00,2.50,WIFI
90:CA:FA:9B:5C:CF,The Force,[WPA2_PSK],2025-3-28 4:10:50,1,-81,34.0443840,-117.2011871,379.00,2.50,WIFI
00:22:6C:A7:DA:30,,[OPEN],2025-3-28 4:10:52,2,-92,34.0443840,-117.2011871,379.00,2.50,WIFI
C6:A5:11:13:4D:0C,,[WPA2_PSK],2025-3-28 4:10:54,4,-90,34.0443840,-117.2011871,379.10,2.50,WIFI
F4:52:46:ED:3A:23,Joefamily,[WPA2_PSK],2025-3-28 4:10:56,6,-92,34.0443840,-117.2011871,379.10,2.50,WIFI
00:17:1A:D5:37:06,Winegard2ghzD53705,[WPA2_PSK],2025-3-28 4:11:1,11,-94,34.0443840,-117.2011871,379.20,2.50,WIFI
