WigleWifi-1.4,appRelease=v1.2.0,model=ESP32 Marauder,release=v1.2.0,device=ESP32 Marauder,display=SPI TFT,board=ESP32 Marauder,brand=JustCallMeKoko
MAC,SSID,AuthMode,FirstSeen,Channel,RSSI,CurrentLatitude,CurrentLongitude,AltitudeMeters,AccuracyMeters,Type
98:ED:5C:83:A7:13,TeslaPV_83A713,[WPA2_PSK],2025-12-17 14:54:48,4,-82,34.0443916,-117.2011642,370.10,1.75,WIFI
D4:3F:32:6C:47:C3,,[WPA3_PSK],2025-12-17 14:54:50,6,-85,34.0443878,-117.2011642,370.10,1.75,WIFI
D4:3F:32:6C:47:C9,,[OPEN],2025-12-17 14:54:50,6,-85,34.0443878,-117.2011642,370.10,1.75,WIFI
D4:3F:32:6C:47:C6,durian,[WPA2_PSK],2025-12-17 14:54:50,6,-86,34.0443878,-117.2011642,370.10,1.75,WIFI
90:CA:FA:9B:5D:1A,The Force,[WPA2_PSK],2025-12-17 14:54:50,6,-88,34.0443878,-117.2011642,370.10,1.75,WIFI
90:CA:FA:9B:59:3C,The Force,[WPA2_PSK],2025-12-17 14:54:50,6,-91,34.0443878,-117.2011642,370.10,1.75,WIFI
90:CA:FA:9B:5C:CF,The Force,[WPA2_PSK],2025-12-17 14:54:55,11,-91,34.0443878,-117.2011642,370.00,1.75,WIFI
F8:5B:3B:CE:64:39,MandC,[WPA2_PSK],2025-12-17 14:54:55,11,-97,34.0443878,-117.2011642,370.00,1.75,WIFI
58:68:7A:10:AF:17,Cookie,[WPA2_WPA3_PSK],2025-12-17 14:54:57,1,-96,34.0443916,-117.2011642,370.00,1.75,WIFI
A4:11:62:72:9A:12,ARLO_VMB_4422026869,[WPA2_PSK],2025-12-17 14:55:1,3,-90,34.0443916,-117.2011642,370.00,1.75,WIFI
F4:52:46:1D:8C:B9,Gaston,[WPA2_PSK],2025-12-17 14:55:11,1,-94,34.0443687,-117.2012329,370.10,1.75,WIFI
CC:40:D0:A2:8E:62,NETGEAR91,[WPA2_PSK],2025-12-17 14:55:25,1,-84,34.0446014,-117.2015076,368.90,1.75,WIFI
74:AC:B9:BD:CB:D1,BT_Magnolia,[WPA2_PSK],2025-12-17 14:55:32,6,-92,34.0449295,-117.2017517,367.30,1.75,WIFI
82:AC:B9:BD:CB:D1,,[WPA2_PSK],2025-12-17 14:55:32,6,-92,34.0449295,-117.2017517,367.30,1.75,WIFI
7A:AC:B9:BD:CB:D1,BT_Magnolia_guest,[WPA2_PSK],2025-12-17 14:55:32,6,-93,34.0449295,-117.2017517,367.30,1.75,WIFI
7E:AC:B9:BD:CB:D1,iPhoneSetup,[WPA2_PSK],2025-12-17 14:55:32,6,-95,34.0449295,-117.2017517,367.30,1.75,WIFI
C4:8E:8F:E4:98:76,WIFIE49872,[WPA2_PSK],2025-12-17 14:55:39,1,-90,34.0451927,-117.2014694,366.40,1.75,WIFI
7E:4D:8F:57:BE:F5,DIRECT-F5-HP OfficeJet Pro 8020,[WPA2_PSK],2025-12-17 14:55:39,1,-92,34.0451927,-117.2014694,366.40,1.75,WIFI
F0:7B:65:3C:22:AA,SpectrumSetup-22A4,[WPA2_PSK],2025-12-17 14:55:51,11,-93,34.0455475,-117.2011337,364.70,1.75,WIFI
74:37:5F:55:FA:13,ierr2006,[WPA2_PSK],2025-12-17 14:56:0,6,-88,34.0462990,-117.2017136,360.50,1.75,WIFI
24:41:FE:48:01:22,Verizon_6KNG9L,[WPA2_PSK],2025-12-17 14:56:0,6,-91,34.0462990,-117.2017136,360.50,1.75,WIFI
2C:67:BE:58:30:D5,DeadMoon,[WPA2_PSK],2025-12-17 14:56:19,11,-84,34.0471649,-117.2005539,358.50,1.75,WIFI
90:D3:CF:DD:CB:3F,SpectrumSetup-CB42,[WPA2_PSK],2025-12-17 14:56:19,11,-91,34.0471649,-117.2005539,358.50,1.75,WIFI
A0:55:1F:19:A6:8C,SpectrumSetup-A686,[WPA2_PSK],2025-12-17 14:56:21,1,-74,34.0473022,-117.2002563,358.20,1.75,WIFI
4C:19:5D:84:25:3B,SpectrumSetup-35,[WPA2_PSK],2025-12-17 14:56:21,1,-89,34.0473022,-117.2002563,358.20,1.75,WIFI
00:C8:96:CD:64:C2,,[WPA_WPA2_PSK],2025-12-17 14:56:21,1,-95,34.0473022,-117.2002563,358.20,1.75,WIFI
0C:82:47:4D:29:C8,,[WPA_WPA2_PSK],2025-12-17 14:56:27,5,-93,34.0477600,-117.1994019,359.10,1.75,WIFI
92:93:5A:0D:CD:2A,SBG8300Guest-F9E1,[WPA2_PSK],2025-12-17 14:56:28,6,-91,34.0478363,-117.1992569,359.20,1.75,WIFI
90:93:5A:0D:CD:5A,Monster Club,[WPA2_PSK],2025-12-17 14:56:28,6,-92,34.0478363,-117.1992569,359.20,1.75,WIFI
C0:C9:E3:CB:71:4C,M3_OfficeLink,[WPA2_WPA3_PSK],2025-12-17 14:56:30,8,-95,34.0479927,-117.1989746,359.40,1.75,WIFI
90:CD:B6:A1:22:2D,WIFIA12229,[WPA2_PSK],2025-12-17 14:56:33,11,-93,34.0482178,-117.1985703,360.10,1.75,WIFI
34:DB:9C:6C:3F:FE,MySpectrumWiFif8-2G,[WPA2_PSK],2025-12-17 14:56:33,11,-94,34.0482178,-117.1985703,360.10,1.75,WIFI
84:1E:A3:29:25:06,SpectrumSetup-00,[WPA2_PSK],2025-12-17 14:56:36,1,-89,34.0484390,-117.1981583,360.30,1.75,WIFI
F0:7B:65:BC:FB:11,Jacksonfam,[WPA2_PSK],2025-12-17 14:56:36,1,-89,34.0484390,-117.1981583,360.30,1.75,WIFI
2C:67:BE:64:F6:A8,SpectrumSetup-CF,[WPA2_PSK],2025-12-17 14:56:42,6,-80,34.0489082,-117.1973190,362.20,1.75,WIFI
94:3C:96:FA:A5:F6,Frontier1534 2.4g h z,[WPA2_PSK],2025-12-17 14:56:42,6,-97,34.0489082,-117.1973190,362.20,1.75,WIFI
74:37:5F:DA:46:A3,Kat,[WPA2_PSK],2025-12-17 14:56:47,11,-88,34.0492935,-117.1966171,363.80,1.75,WIFI
F0:7B:65:95:34:0E,A_J,[WPA2_PSK],2025-12-17 14:56:47,11,-89,34.0492935,-117.1966171,363.80,1.75,WIFI
58:96:71:D0:CC:8E,Verizon_X3FT6K,[WPA2_PSK],2025-12-17 14:56:47,11,-93,34.0492935,-117.1966171,363.80,1.75,WIFI
18:A9:ED:53:81:C9,,[OPEN],2025-12-17 14:56:50,1,-82,34.0495377,-117.1961823,364.20,1.75,WIFI
18:A9:ED:4B:FC:06,Live By the Creed,[WPA2_PSK],2025-12-17 14:56:50,1,-82,34.0495377,-117.1961823,364.20,1.75,WIFI
18:A9:ED:4B:FC:09,,[OPEN],2025-12-17 14:56:50,1,-83,34.0495377,-117.1961823,364.20,1.75,WIFI
18:A9:ED:4B:FC:03,,[WPA3_PSK],2025-12-17 14:56:50,1,-84,34.0495377,-117.1961823,364.20,1.75,WIFI
80:78:71:49:B3:CD,SpectrumSetup-CF,[WPA2_PSK],2025-12-17 14:56:50,1,-88,34.0495377,-117.1961823,364.20,1.75,WIFI
10:0C:6B:DD:53:A9,,[WPA2_PSK],2025-12-17 14:56:53,3,-86,34.0497742,-117.1957474,364.70,1.75,WIFI
1A:0C:6B:DD:53:A9,BROOKSIDEMANOR,[WPA2_WPA3_PSK],2025-12-17 14:56:53,3,-87,34.0497742,-117.1957474,364.70,1.75,WIFI
16:0C:6B:DD:53:A9,ORBI86,[WPA2_PSK],2025-12-17 14:56:53,3,-88,34.0497742,-117.1957474,364.70,1.75,WIFI
24:41:FE:8D:05:46,GOLDENGIRLS,[WPA2_PSK],2025-12-17 14:56:56,6,-93,34.0500183,-117.1953125,365.10,1.75,WIFI
80:CC:9C:3E:C9:B6,Oktoberfest,[WPA2_PSK],2025-12-17 14:56:57,7,-81,34.0500984,-117.1951675,365.00,1.75,WIFI
88:DE:7C:B5:47:2C,Gogorouterrangers,[WPA2_PSK],2025-12-17 14:57:4,1,-74,34.0506592,-117.1941452,365.50,1.75,WIFI
8C:85:80:1B:66:8A,,[WPA_WPA2_PSK],2025-12-17 14:57:4,1,-82,34.0506592,-117.1941452,365.50,1.75,WIFI
5C:FA:25:BA:CA:2F,Prettylynn,[WPA2_PSK],2025-12-17 14:57:4,1,-82,34.0506592,-117.1941452,365.50,1.75,WIFI
F0:7B:65:30:C8:5A,SpectrumSetup-C854,[WPA2_PSK],2025-12-17 14:57:4,1,-85,34.0506592,-117.1941452,365.50,1.75,WIFI
4C:19:5D:49:A8:14,Jakes Wifi,[WPA2_PSK],2025-12-17 14:57:4,1,-86,34.0506592,-117.1941452,365.50,1.75,WIFI
4C:AB:F8:B4:F3:33,J&S WIFI,[WPA2_PSK],2025-12-17 14:57:4,1,-87,34.0506592,-117.1941452,365.50,1.75,WIFI
54:65:DE:76:22:00,Tannya,[WPA_WPA2_PSK],2025-12-17 14:57:10,6,-89,34.0511589,-117.1932373,366.70,1.75,WIFI
26:5A:4C:A5:DC:55,SW-IOT,[WPA2_PSK],2025-12-17 14:57:10,6,-93,34.0511589,-117.1932373,366.70,1.75,WIFI
2C:67:BE:1E:EA:64,Avila’s,[WPA2_PSK],2025-12-17 14:57:15,11,-94,34.0515747,-117.1924896,368.90,1.75,WIFI
18:0C:7A:9F:7A:D6,Frontier1105,[WPA2_PSK],2025-12-17 14:57:18,1,-92,34.0518112,-117.1920471,369.80,1.75,WIFI
38:E1:F4:95:F4:77,AyalaWiFi,[WPA2_WPA3_PSK],2025-12-17 14:57:32,1,-90,34.0523376,-117.1911087,372.00,1.75,WIFI
9C:AD:97:C5:D0:EC,HP-Print-ec-LaserJet Pro M201dw,[WPA2_PSK],2025-12-17 14:57:38,6,-94,34.0524864,-117.1908340,372.20,1.75,WIFI
A6:C9:EB:F6:BD:67,,[WPA2_PSK],2025-12-17 14:57:53,6,-84,34.0535698,-117.1888733,375.00,1.75,WIFI
AC:E2:D3:C6:E4:1D,DIRECT-1A-HP OfficeJet Pro 8720,[WPA2_PSK],2025-12-17 14:57:53,6,-88,34.0535698,-117.1888733,375.00,1.75,WIFI
C4:01:7C:58:C2:B3,island-18C2B0,[WPA2_PSK],2025-12-17 14:57:53,6,-91,34.0535698,-117.1888733,375.00,1.75,WIFI
C4:A8:16:36:16:88,Redlands Surgery Center,[WPA2_PSK],2025-12-17 14:57:58,11,-83,34.0539665,-117.1881409,376.20,1.75,WIFI
C4:A8:16:36:16:91,Redlands Surgery Center Guest,[WPA2_PSK],2025-12-17 14:57:58,11,-83,34.0539665,-117.1881409,376.20,1.75,WIFI
4C:19:5D:95:AC:27,SpectrumSetup-21,[WPA2_PSK],2025-12-17 14:58:1,1,-83,34.0542068,-117.1877136,376.90,1.75,WIFI
16:0C:6B:35:31:E2,Schaepper Psychiatry,[WPA2_PSK],2025-12-17 14:58:3,2,-91,34.0543671,-117.1874161,377.40,1.75,WIFI
F4:52:46:ED:90:03,SpectrumSetup-05,[WPA2_PSK],2025-12-17 14:58:7,6,-92,34.0546989,-117.1868286,378.10,1.75,WIFI
4C:19:5D:4F:01:6A,SpectrumSetup-64,[WPA2_PSK],2025-12-17 14:58:7,6,-95,34.0546989,-117.1868286,378.10,1.75,WIFI
94:3C:96:FA:9B:36,Frontier1358,[WPA2_PSK],2025-12-17 14:58:26,11,-89,34.0559120,-117.1857071,375.70,1.75,WIFI
90:BF:D9:47:30:78,,[WPA_WPA2_PSK],2025-12-17 14:58:26,11,-96,34.0559120,-117.1857071,375.70,1.75,WIFI
6E:D7:9A:8A:BF:21,JRiley-POS,[WPA2_PSK],2025-12-17 14:58:49,6,-93,34.0585136,-117.1861267,375.10,1.75,WIFI
76:D7:9A:8A:BF:21,,[WPA2_PSK],2025-12-17 14:58:49,6,-93,34.0585136,-117.1861267,375.10,1.75,WIFI
72:D7:9A:8A:BF:21,JRiley-IoT,[WPA2_PSK],2025-12-17 14:58:49,6,-94,34.0585136,-117.1861267,375.10,1.75,WIFI
68:D7:9A:8A:BF:21,JRiley-Corporate,[WPA2_PSK],2025-12-17 14:58:49,6,-96,34.0585136,-117.1861267,375.10,1.75,WIFI
E0:CB:BC:91:61:C9,Starbucks WiFi,[OPEN],2025-12-17 14:59:39,1,-85,34.0592804,-117.1859512,373.00,1.75,WIFI
E6:CB:BC:91:61:C9,smll,[WPA2],2025-12-17 14:59:39,1,-85,34.0592804,-117.1859512,373.00,1.75,WIFI
EA:CB:BC:91:61:C9,notes,[WPA2_PSK],2025-12-17 14:59:39,1,-85,34.0592804,-117.1859512,373.00,1.75,WIFI
EE:CB:BC:91:61:C9,sip,[WPA2],2025-12-17 14:59:39,1,-85,34.0592804,-117.1859512,373.00,1.75,WIFI
14:42:FC:84:94:57,Vive-017d837a-#5693,[WPA2_PSK],2025-12-17 14:59:46,7,-92,34.0593681,-117.1860352,371.90,1.75,WIFI
84:A0:6E:CA:3C:8E,RedLands Ramen-2G,[WPA2_PSK],2025-12-17 15:0:4,11,-96,34.0593719,-117.1860123,372.30,1.75,WIFI
00:30:44:A1:D4:64,R1900-463,[WPA2_PSK],2025-12-17 15:0:7,1,-92,34.0593719,-117.1860123,372.40,1.75,WIFI
C8:B4:22:03:2D:6B,MySpectrumWiFi6D-2G,[WPA2_PSK],2025-12-17 15:0:27,6,-87,34.0594406,-117.1858749,372.70,1.75,WIFI
C4:49:BB:90:8D:66,Clarisse Trax,[WPA2_PSK],2025-12-17 15:2:47,6,-89,34.0595055,-117.1857910,374.40,1.75,WIFI
A0:89:66:90:3E:68,,[WPA_WPA2_PSK],2025-12-17 15:4:33,1,-92,34.0595665,-117.1856155,374.50,1.50,WIFI
C8:B4:22:1A:26:24,MySpectrumWiFi26-2G,[WPA2_PSK],2025-12-17 15:4:54,6,-79,34.0596733,-117.1836853,376.90,1.75,WIFI
7C:DB:98:11:C2:B5,MySpectrumWiFib7-2G,[WPA2_PSK],2025-12-17 15:4:59,11,-87,34.0596733,-117.1830750,377.90,1.75,WIFI
E0:63:DA:7D:5D:F7,VivaSecure,[WPA2_PSK],2025-12-17 15:5:2,1,-90,34.0596771,-117.1827774,378.60,1.75,WIFI
EA:63:DA:7D:5D:F7,Viva Redlands Guest,[WPA2_PSK],2025-12-17 15:5:2,1,-91,34.0596771,-117.1827774,378.60,1.75,WIFI
E6:63:DA:7D:5D:F7,VLB_Office,[WPA2_PSK],2025-12-17 15:5:2,1,-94,34.0596771,-117.1827774,378.60,1.75,WIFI
6E:22:32:10:2D:EA,,[WPA2_PSK],2025-12-17 15:5:8,6,-87,34.0598946,-117.1825180,379.60,1.50,WIFI
60:22:32:10:2D:EA,VivaSecure,[WPA2_PSK],2025-12-17 15:5:8,6,-89,34.0598946,-117.1825180,379.60,1.50,WIFI
66:22:32:10:2D:EA,VLB_Office,[WPA2_PSK],2025-12-17 15:5:8,6,-90,34.0598946,-117.1825180,379.60,1.50,WIFI
6A:22:32:10:2D:EA,Viva Redlands Guest,[WPA2_PSK],2025-12-17 15:5:8,6,-95,34.0598946,-117.1825180,379.60,1.50,WIFI
00:30:44:37:87:2A,,[WPA2_PSK],2025-12-17 15:5:13,11,-79,34.0604172,-117.1825256,379.40,1.50,WIFI
18:EE:86:21:0B:06,INS-FG2000-0B06,[WPA2_WPA3_PSK],2025-12-17 15:5:13,11,-83,34.0604172,-117.1825256,379.40,1.50,WIFI
FC:3F:A6:FA:E0:63,,[WPA3_PSK],2025-12-17 15:5:13,11,-83,34.0604172,-117.1825256,379.40,1.50,WIFI
FC:3F:A6:FA:E0:69,,[OPEN],2025-12-17 15:5:13,11,-83,34.0604172,-117.1825256,379.40,1.50,WIFI
FC:3F:A6:FA:E0:66,Botox Dealer,[WPA2_PSK],2025-12-17 15:5:13,11,-85,34.0604172,-117.1825256,379.40,1.50,WIFI
1E:EE:86:21:0B:06,INS-FG2000-Guest-0B05,[WPA2_WPA3_PSK],2025-12-17 15:5:13,11,-86,34.0604172,-117.1825256,379.40,1.50,WIFI
38:88:71:04:1C:30,Verizon_6GKF9K,[WPA2_PSK],2025-12-17 15:5:13,11,-88,34.0604172,-117.1825256,379.40,1.50,WIFI
98:1E:19:52:BF:AE,MySpectrumWiFia8-2G,[WPA2_PSK],2025-12-17 15:5:16,1,-88,34.0607529,-117.1825180,379.20,1.50,WIFI
16:CB:19:8F:85:51,DIRECT-51-HP OfficeJet Pro 8020,[WPA2_PSK],2025-12-17 15:5:16,1,-94,34.0607529,-117.1825180,379.20,1.50,WIFI
AC:2A:A1:6E:54:E1,ServingU,[OPEN],2025-12-17 15:5:27,11,-92,34.0613365,-117.1821213,379.50,1.50,WIFI
84:70:D7:99:FE:44,,[WPA3_PSK],2025-12-17 15:5:50,6,-86,34.0613518,-117.1787338,390.20,1.50,WIFI
84:70:D7:99:FE:4A,,[OPEN],2025-12-17 15:5:50,6,-87,34.0613518,-117.1787338,390.20,1.50,WIFI
84:70:D7:99:FE:47,Chris WiFi extend,[WPA2_WPA3_PSK],2025-12-17 15:5:50,6,-87,34.0613518,-117.1787338,390.20,1.50,WIFI
C8:B8:2F:81:A2:E8,,[OPEN],2025-12-17 15:5:50,6,-87,34.0613518,-117.1787338,390.20,1.50,WIFI
C8:B8:2F:81:A2:E6,Chris WiFi extend,[WPA2_WPA3_PSK],2025-12-17 15:5:50,6,-88,34.0613518,-117.1787338,390.20,1.50,WIFI
C8:B8:2F:81:A2:E4,,[WPA3_PSK],2025-12-17 15:5:50,6,-89,34.0613518,-117.1787338,390.20,1.50,WIFI
90:D3:CF:91:69:B0,SpectrumSetup-69B3,[WPA2_PSK],2025-12-17 15:5:50,6,-95,34.0613518,-117.1787338,390.20,1.50,WIFI
9E:7E:79:26:9A:3A,CHEVROLET8028,[WPA2_WPA3_PSK],2025-12-17 15:6:4,6,-93,34.0605583,-117.1754379,397.90,1.50,WIFI
02:24:A5:40:4F:A2,myChevrolet4957,[WPA2_PSK],2025-12-17 15:7:6,1,-90,34.0501938,-117.1599808,441.90,1.50,WIFI
7C:0C:F6:0B:C6:F8,Dash-9269,[WPA2_PSK],2025-12-17 15:7:41,6,-95,34.0409775,-117.1552734,467.70,1.50,WIFI
00:25:CA:7D:93:79,KeepTruckin Hotspot - QC246046,[WPA2_PSK],2025-12-17 15:9:6,6,-92,34.0290337,-117.1294174,563.80,2.00,WIFI
14:7D:05:B4:9C:49,SpectrumSetup-47,[WPA2_PSK],2025-12-17 15:9:42,1,-92,34.0265846,-117.1201096,595.30,1.75,WIFI
A0:CD:F3:6E:F5:75,TOYOTA Camry_F575F36EA0CD,[WPA2_PSK],2025-12-17 15:9:53,11,-91,34.0264702,-117.1197815,596.50,1.75,WIFI
00:30:44:5A:5D:9C,IBR600C-d9b,[WPA2_PSK],2025-12-17 15:10:2,6,-94,34.0269012,-117.1192398,596.80,1.50,WIFI
F2:38:83:13:1A:5A,,[WPA2_PSK],2025-12-17 15:10:10,1,-91,34.0277596,-117.1187515,596.50,1.50,WIFI
E4:38:83:13:1A:5A,,[WPA2_WPA3_PSK],2025-12-17 15:10:10,1,-94,34.0277596,-117.1187515,596.50,1.50,WIFI
70:F1:96:B5:1A:77,MOBIL,[WPA_WPA2_PSK],2025-12-17 15:10:16,6,-84,34.0282898,-117.1180496,599.10,1.50,WIFI
0C:83:CC:F0:F9:3B,tlf0f93b,[WPA2_PSK],2025-12-17 15:10:16,6,-92,34.0282898,-117.1180496,599.10,1.50,WIFI
30:93:BC:7D:19:06,MySpectrumWiFi00-2G,[WPA2_PSK],2025-12-17 15:10:21,11,-90,34.0285606,-117.1171570,602.00,1.50,WIFI
84:A0:6E:A0:6F:C6,MySpectrumWiFic0-2G,[WPA2_PSK],2025-12-17 15:10:21,11,-93,34.0285606,-117.1171570,602.00,1.50,WIFI
74:37:5F:A7:91:8B,SpectrumSetup-89,[WPA2_PSK],2025-12-17 15:10:24,1,-83,34.0287018,-117.1165848,604.10,1.50,WIFI
74:37:5F:39:E0:D3,SpectrumSetup-D1,[WPA2_PSK],2025-12-17 15:10:24,1,-90,34.0287018,-117.1165848,604.10,1.50,WIFI
64:67:72:45:77:9A,TMOBILE-7798,[WPA2_WPA3_PSK],2025-12-17 15:10:24,1,-95,34.0287018,-117.1165848,604.10,1.50,WIFI
54:65:DE:75:9A:F0,YD Backup,[WPA2_PSK],2025-12-17 15:10:38,1,-90,34.0293770,-117.1139145,611.80,1.50,WIFI
B0:FC:88:3E:A6:E0,FrontierFS,[WPA2_PSK],2025-12-17 15:10:44,6,-96,34.0296783,-117.1127396,612.70,1.50,WIFI
98:03:8E:35:E9:F6,Haven,[WPA2_PSK],2025-12-17 15:10:54,2,-79,34.0302086,-117.1107101,613.50,1.50,WIFI
A2:03:8E:35:E9:F6,,[WPA2_PSK],2025-12-17 15:10:54,2,-81,34.0302086,-117.1107101,613.50,1.50,WIFI
9E:03:8E:35:E9:F6,Haven_Guest,[WPA2_PSK],2025-12-17 15:10:54,2,-83,34.0302086,-117.1107101,613.50,1.50,WIFI
A6:03:8E:35:E9:6E,Haven,[WPA2_PSK],2025-12-17 15:10:54,2,-89,34.0302086,-117.1107101,613.50,1.50,WIFI
24:41:FE:53:2B:B2,Verizon_4J7MTL,[WPA2_PSK],2025-12-17 15:10:58,6,-87,34.0304375,-117.1098862,614.10,1.50,WIFI
F4:52:46:1D:F4:E9,Arandafamily909,[WPA2_PSK],2025-12-17 15:10:58,6,-90,34.0304375,-117.1098862,614.10,1.50,WIFI
A0:8A:06:BE:BE:AA,SpectrumSetup-BEAD,[WPA2_PSK],2025-12-17 15:10:58,6,-92,34.0304375,-117.1098862,614.10,1.50,WIFI
58:96:71:58:0A:4E,Verizon_46BM4J,[WPA2_PSK],2025-12-17 15:11:6,1,-91,34.0308571,-117.1082611,611.50,1.50,WIFI
94:91:7F:8A:55:AA,SpectrumSetup-AC,[WPA2_PSK],2025-12-17 15:11:6,1,-91,34.0308571,-117.1082611,611.50,1.50,WIFI
DE:EC:5E:EE:F4:72,,[WPA2_PSK],2025-12-17 15:11:13,7,-93,34.0312729,-117.1067352,610.70,1.50,WIFI
D8:EC:5E:EE:F4:72,MJS Wifi,[WPA2_PSK],2025-12-17 15:11:13,7,-95,34.0312729,-117.1067352,610.70,1.50,WIFI
04:09:86:0A:13:FB,Verizon_TCB94R,[WPA2_PSK],2025-12-17 15:11:20,1,-96,34.0318565,-117.1053238,609.10,1.50,WIFI
A0:8A:06:53:93:05,SpectrumSetup-9308,[WPA2_PSK],2025-12-17 15:11:26,6,-89,34.0323486,-117.1042862,608.10,1.50,WIFI
C8:63:FC:42:7B:7D,MySpectrumWiFi7C-2G,[WPA2_PSK],2025-12-17 15:11:40,6,-91,34.0331459,-117.1025620,609.40,1.50,WIFI
80:CC:9C:3D:0A:97,IDEXXw1,[WPA2_PSK],2025-12-17 15:11:42,8,-85,34.0332985,-117.1022491,609.10,1.50,WIFI
00:30:44:B7:7E:E4,R980-ee3,[WPA2_PSK],2025-12-17 15:12:13,11,-93,34.0338593,-117.0963745,606.80,1.50,WIFI
E8:AD:A6:64:42:D6,MySpectrumWiFid0-2G,[WPA2_PSK],2025-12-17 15:12:22,6,-95,34.0338631,-117.0951538,608.90,1.50,WIFI
64:67:72:6F:EC:CF,SpectrumSetup-CD,[WPA2_PSK],2025-12-17 15:12:30,1,-74,34.0338631,-117.0938416,610.10,1.50,WIFI
36:94:54:93:C8:FD,PCL9D7J02Y,[WPA_WPA2_PSK],2025-12-17 15:12:30,1,-90,34.0338631,-117.0938416,610.10,1.50,WIFI
36:94:54:93:4D:D8,PCL9D7J008,[WPA_WPA2_PSK],2025-12-17 15:12:30,1,-92,34.0338631,-117.0938416,610.10,1.50,WIFI
36:94:54:93:C5:9C,PCL9D7J04F,[WPA_WPA2_PSK],2025-12-17 15:12:30,1,-92,34.0338631,-117.0938416,610.10,1.50,WIFI
3E:E9:0E:E5:08:AB,PCL9D7J018,[WPA_WPA2_PSK],2025-12-17 15:12:30,1,-93,34.0338631,-117.0938416,610.10,1.50,WIFI
36:94:54:93:C4:86,PCL9D7J01F,[WPA_WPA2_PSK],2025-12-17 15:12:30,1,-95,34.0338631,-117.0938416,610.10,1.50,WIFI
9C:2A:70:22:0B:FB,HP-Print-fb-LaserJet 200,[OPEN],2025-12-17 15:12:36,6,-89,34.0338669,-117.0926819,610.60,1.50,WIFI
98:DA:C4:82:C3:11,TP-Link_C311,[WPA2_PSK],2025-12-17 15:12:40,10,-95,34.0338898,-117.0920181,611.70,1.50,WIFI
60:19:71:F2:53:00,PolarBears,[WPA2_PSK],2025-12-17 15:12:41,11,-91,34.0338974,-117.0918732,611.80,1.50,WIFI
9E:18:88:C7:39:EA,Dutch Vibes,[WPA2_PSK],2025-12-17 15:12:44,1,-79,34.0339012,-117.0915070,612.30,1.75,WIFI
98:18:88:C7:39:EA,DB Internal,[WPA2_PSK],2025-12-17 15:12:44,1,-81,34.0339012,-117.0915070,612.30,1.75,WIFI
A6:18:88:C7:39:EA,,[WPA2_PSK],2025-12-17 15:12:44,1,-81,34.0339012,-117.0915070,612.30,1.75,WIFI
58:60:D8:15:DE:32,Verizon-DE36,[WPA2_PSK],2025-12-17 15:12:44,1,-92,34.0339012,-117.0915070,612.30,1.75,WIFI
92:86:DD:AB:7B:6E,,[WPA2_PSK],2025-12-17 15:12:46,2,-92,34.0339012,-117.0913467,612.40,1.75,WIFI
8C:86:DD:AB:7B:6E,house,[WPA2_PSK],2025-12-17 15:12:46,2,-94,34.0339012,-117.0913467,612.40,1.75,WIFI
00:30:44:68:97:DE,R1900-7dd,[WPA2_PSK],2025-12-17 15:12:50,6,-95,34.0338974,-117.0912476,612.60,1.75,WIFI
98:26:AD:4D:6B:7C,mishodekcar,[WPA2_PSK],2025-12-17 15:13:4,6,-94,34.0339012,-117.0912476,612.60,1.75,WIFI
34:98:B5:5C:6D:C0,YAPS WIFI,[WPA2_PSK],2025-12-17 15:13:46,7,-90,34.0356331,-117.0909195,624.00,1.75,WIFI
C8:28:E5:3D:D6:22,YHSStore,[WPA2_PSK],2025-12-17 15:13:50,11,-94,34.0356216,-117.0904465,621.80,1.75,WIFI
90:E9:5E:DD:8C:E7,YCJUSD-Open2.4GHz,[OPEN],2025-12-17 15:13:50,11,-96,34.0356216,-117.0904465,621.80,1.75,WIFI
04:F0:21:66:0B:46,,[WPA2_PSK],2025-12-17 15:13:59,6,-88,34.0357056,-117.0897141,618.20,1.75,WIFI
9C:C9:EB:E1:83:0B,,[WPA2_PSK],2025-12-17 15:14:9,2,-80,34.0357513,-117.0896072,618.10,1.75,WIFI
68:4A:76:76:FF:87,,[OPEN],2025-12-17 15:14:13,6,-89,34.0357475,-117.0896072,618.00,1.75,WIFI
68:4A:76:76:FF:83,,[WPA3_PSK],2025-12-17 15:14:13,6,-90,34.0357475,-117.0896072,618.00,1.75,WIFI
68:4A:76:76:FF:85,eero Bmx,[WPA2_PSK],2025-12-17 15:14:13,6,-93,34.0357475,-117.0896072,618.00,1.75,WIFI
C8:28:E5:3D:D6:21,Vendor,[WPA2_PSK],2025-12-17 15:14:18,11,-96,34.0357475,-117.0896072,618.10,1.75,WIFI
90:E9:5E:DD:8C:E1,Vendor,[WPA2_PSK],2025-12-17 15:14:46,11,-90,34.0358086,-117.0896225,618.20,1.75,WIFI
90:E9:5E:DD:8C:E3,,[WPA2_PSK],2025-12-17 15:14:46,11,-90,34.0358086,-117.0896225,618.20,1.75,WIFI
90:E9:5E:DD:8C:E2,YHSStore,[WPA2_PSK],2025-12-17 15:14:46,11,-91,34.0358086,-117.0896225,618.20,1.75,WIFI
90:E9:5E:DD:8C:E9,,[WPA2_PSK],2025-12-17 15:14:46,11,-91,34.0358086,-117.0896225,618.20,1.75,WIFI
90:E9:5E:DD:8C:E5,SATOctober,[WPA2_PSK],2025-12-17 15:14:46,11,-92,34.0358086,-117.0896225,618.20,1.75,WIFI
90:E9:5E:DD:8C:E4,YHS-2.4GHz,[WPA2_PSK],2025-12-17 15:14:46,11,-93,34.0358086,-117.0896225,618.20,1.75,WIFI
24:16:1B:5A:19:E5,YHS-2.4GHz,[WPA2_PSK],2025-12-17 15:14:49,1,-94,34.0358047,-117.0897217,618.20,1.75,WIFI
24:16:1B:5A:19:E8,YCJUSD-Open2.4GHz,[OPEN],2025-12-17 15:14:49,1,-94,34.0358047,-117.0897217,618.20,1.75,WIFI
24:16:1B:5A:19:E9,,[WPA2_PSK],2025-12-17 15:14:49,1,-94,34.0358047,-117.0897217,618.20,1.75,WIFI
C8:28:E5:3D:D6:25,SATOctober,[WPA2_PSK],2025-12-17 15:15:0,11,-92,34.0356750,-117.0907822,623.80,1.75,WIFI
C8:28:E5:3D:D6:29,,[WPA2_PSK],2025-12-17 15:15:0,11,-92,34.0356750,-117.0907822,623.80,1.75,WIFI
C8:28:E5:3D:D6:23,,[WPA2_PSK],2025-12-17 15:15:0,11,-93,34.0356750,-117.0907822,623.80,1.75,WIFI
C8:28:E5:3D:D6:27,YCJUSD-Open2.4GHz,[OPEN],2025-12-17 15:15:0,11,-93,34.0356750,-117.0907822,623.80,1.75,WIFI
C8:28:E5:3D:D6:24,YHS-2.4GHz,[WPA2_PSK],2025-12-17 15:15:0,11,-94,34.0356750,-117.0907822,623.80,1.75,WIFI
AA:A7:B9:A5:BB:BF,,[WPA2_PSK],2025-12-17 15:19:5,3,-88,34.0483665,-117.1336288,511.30,1.75,WIFI
AA:A7:B9:A5:BB:B8,Scott,[WPA2_PSK],2025-12-17 15:19:5,3,-91,34.0483665,-117.1336288,511.30,1.75,WIFI
B2:AB:57:50:8A:FC,,[WPA2_PSK],2025-12-17 15:20:4,6,-91,34.0508804,-117.1389771,484.60,1.75,WIFI
B2:AB:57:80:8A:FC,,[WPA2_PSK],2025-12-17 15:20:4,6,-93,34.0508804,-117.1389771,484.60,1.75,WIFI
B2:AB:57:20:8A:FC,EP Castle,[WPA2_PSK],2025-12-17 15:20:4,6,-95,34.0508804,-117.1389771,484.60,1.75,WIFI
58:96:71:08:13:1E,Verizon_7SNQTG,[WPA2_PSK],2025-12-17 15:20:9,11,-97,34.0516319,-117.1389847,481.20,1.75,WIFI
A0:89:66:9E:B4:D8,,[WPA_WPA2_PSK],2025-12-17 15:20:23,11,-93,34.0538063,-117.1389923,471.90,1.75,WIFI
FC:12:63:A1:1C:A9,SpectrumSetup-AB,[WPA2_PSK],2025-12-17 15:20:32,6,-72,34.0549889,-117.1390076,467.90,1.75,WIFI
FC:B2:D6:C9:06:6C,,[WPA_WPA2_PSK],2025-12-17 15:20:33,7,-86,34.0550804,-117.1390076,467.60,1.75,WIFI
20:9A:7D:1B:12:CE,SpectrumSetup-C8,[WPA2_PSK],2025-12-17 15:20:37,11,-90,34.0553169,-117.1390076,466.90,1.75,WIFI
F0:7B:65:63:44:E4,IssaHenken,[WPA2_PSK],2025-12-17 15:20:40,1,-87,34.0553513,-117.1390076,466.80,1.75,WIFI
12:7B:65:63:44:E5,,[WPA2_PSK],2025-12-17 15:20:40,1,-88,34.0553513,-117.1390076,466.80,1.75,WIFI
12:7B:65:63:44:E6,,[WPA2_PSK],2025-12-17 15:20:40,1,-89,34.0553513,-117.1390076,466.80,1.75,WIFI
A0:89:66:8E:02:C8,,[WPA_WPA2_PSK],2025-12-17 15:20:53,1,-86,34.0564957,-117.1389923,462.10,1.75,WIFI
A8:E2:C1:67:84:4D,SMA3013679576,[WPA2_PSK],2025-12-17 15:20:53,1,-90,34.0564957,-117.1389923,462.10,1.75,WIFI
4C:AB:F8:58:EC:45,SpectrumSetup-47,[WPA2_PSK],2025-12-17 15:20:53,1,-92,34.0564957,-117.1389923,462.10,1.75,WIFI
88:57:1D:7A:8C:0C,[range]_E30AJT7113035H,[WPA2_PSK],2025-12-17 15:20:58,4,-95,34.0570793,-117.1389999,460.50,1.75,WIFI
C8:C7:50:F2:94:CE,DEA VAN,[WPA2_PSK],2025-12-17 15:21:7,1,-94,34.0581398,-117.1389923,460.00,1.75,WIFI
28:94:01:5A:0A:47,SpectrumSetup-27,[WPA2_PSK],2025-12-17 15:21:11,3,-93,34.0586319,-117.1389923,460.00,1.75,WIFI
B2:22:7A:8E:9A:63,DIRECT-63-HP OfficeJet Pro 8020,[WPA2_PSK],2025-12-17 15:21:11,3,-95,34.0586319,-117.1389923,460.00,1.75,WIFI
B0:FC:88:17:F3:2D,SpectrumSetup-27isp,[WPA2_PSK],2025-12-17 15:21:14,6,-93,34.0590134,-117.1389999,460.10,1.75,WIFI
BC:96:E5:C2:11:93,The Squire Network,[WPA2_PSK],2025-12-17 15:21:19,11,-81,34.0596313,-117.1389923,460.40,1.75,WIFI
20:9A:7D:E5:BF:8E,SpectrumSetup-88,[WPA2_PSK],2025-12-17 15:21:22,1,-93,34.0599594,-117.1389923,460.40,1.75,WIFI
14:DD:A9:86:C0:98,CellSpot_2.4GHz_C098,[WPA2_PSK],2025-12-17 15:21:24,2,-90,34.0601196,-117.1389923,460.40,1.75,WIFI
FC:12:63:F3:C7:25,SpectrumSetup-27,[WPA2_PSK],2025-12-17 15:21:28,6,-90,34.0602646,-117.1389923,460.50,1.75,WIFI
1A:BB:E5:2B:BD:F9,SpectrumSetup-F8,[WPA2_PSK],2025-12-17 15:21:28,6,-91,34.0602646,-117.1389923,460.50,1.75,WIFI
4C:19:5D:31:C1:58,SpectrumSetup-52,[WPA2_PSK],2025-12-17 15:21:28,6,-95,34.0602646,-117.1389923,460.50,1.75,WIFI
34:53:D2:B6:44:9E,SpectrumSetup-98,[WPA2_PSK],2025-12-17 15:21:36,1,-96,34.0606880,-117.1389923,460.50,1.75,WIFI
6A:7B:1E:E0:0A:B6,,[WPA2_PSK],2025-12-17 15:21:41,5,-98,34.0612488,-117.1389923,459.80,1.75,WIFI
74:37:5F:F8:DF:F1,SpectrumSetup-69,[WPA2_PSK],2025-12-17 15:21:50,1,-89,34.0624161,-117.1389999,459.90,1.75,WIFI
18:D6:C7:F7:3B:57,JRW,[WPA2_PSK],2025-12-17 15:21:56,6,-93,34.0627136,-117.1390076,459.30,1.75,WIFI
4C:AB:F8:B7:D3:1E,SpectrumSetup-20,[WPA2_PSK],2025-12-17 15:21:56,6,-94,34.0627136,-117.1390076,459.30,1.75,WIFI
F0:7B:65:48:A2:D9,SpectrumSetup-D7,[WPA2_PSK],2025-12-17 15:21:56,6,-96,34.0627136,-117.1390076,459.30,1.75,WIFI
6E:7B:1E:E0:0A:B6,ATTiF257bz,[WPA2_PSK],2025-12-17 15:22:9,5,-93,34.0628242,-117.1402130,455.80,1.75,WIFI
FC:12:63:B8:F1:3D,SpectrumSetup-3F,[WPA2_PSK],2025-12-17 15:22:10,6,-97,34.0628204,-117.1403885,455.40,1.75,WIFI
38:88:71:1F:71:0B,Grace_2u,[WPA2_PSK],2025-12-17 15:22:15,11,-87,34.0628166,-117.1412964,453.40,1.75,WIFI
F0:7B:65:1F:1B:49,SpectrumSetup-EF,[WPA2_PSK],2025-12-17 15:22:15,11,-92,34.0628166,-117.1412964,453.40,1.75,WIFI
90:D3:CF:25:BE:51,PaigeyTheTimeLord,[WPA2_PSK],2025-12-17 15:22:15,11,-95,34.0628166,-117.1412964,453.40,1.75,WIFI
7C:5E:98:75:C6:C5,Johnny5Alive,[WPA2_PSK],2025-12-17 15:22:25,6,-82,34.0628166,-117.1431503,450.10,1.75,WIFI
7C:5E:98:75:C6:C3,,[WPA3_PSK],2025-12-17 15:22:25,6,-83,34.0628166,-117.1431503,450.10,1.75,WIFI
7C:5E:98:75:C6:C7,,[OPEN],2025-12-17 15:22:25,6,-83,34.0628166,-117.1431503,450.10,1.75,WIFI
7C:5E:98:75:C6:CB,Johnny5Alive Guest,[WPA2_PSK],2025-12-17 15:22:25,6,-84,34.0628166,-117.1431503,450.10,1.75,WIFI
2C:67:BE:4F:30:61,SpectrumSetup-305D,[WPA2_PSK],2025-12-17 15:22:25,6,-90,34.0628166,-117.1431503,450.10,1.75,WIFI
84:A0:6E:D3:C1:66,MySpectrumWiFi60-2G,[WPA2_PSK],2025-12-17 15:22:30,11,-91,34.0628166,-117.1440506,448.40,1.75,WIFI
FC:12:63:A8:91:A9,SpectrumSetup-AB,[WPA2_PSK],2025-12-17 15:22:39,6,-82,34.0628204,-117.1456604,445.10,1.75,WIFI
74:93:DA:0F:89:95,SpectrumSetup97,[WPA2_PSK],2025-12-17 15:22:39,6,-94,34.0628204,-117.1456604,445.10,1.75,WIFI
9E:A2:F4:28:D9:16,DodgerChamps2024,[WPA2_PSK],2025-12-17 15:22:51,4,-91,34.0628166,-117.1473770,441.40,1.75,WIFI
2C:EA:DC:00:D2:0C,SpectrumSetup-0E,[WPA2_PSK],2025-12-17 15:22:53,6,-90,34.0628166,-117.1474457,441.20,1.75,WIFI
E6:5E:1B:F7:F2:34,Guest WiFi,[WPA2_PSK],2025-12-17 15:22:53,6,-94,34.0628166,-117.1474457,441.20,1.75,WIFI
0C:83:CC:C6:76:10,tlc67610,[WPA2_PSK],2025-12-17 15:22:53,6,-95,34.0628166,-117.1474457,441.20,1.75,WIFI
C0:C9:E3:8F:1D:92,Frontier3024_EXT,[WPA2_PSK],2025-12-17 15:22:53,6,-95,34.0628166,-117.1474457,441.20,1.75,WIFI
94:F7:17:D0:AE:64,,[WPA_WPA2_PSK],2025-12-17 15:22:55,8,-83,34.0628166,-117.1474609,441.10,1.75,WIFI
BC:96:E5:86:51:A9,Macias,[WPA2_PSK],2025-12-17 15:22:58,11,-83,34.0628166,-117.1476517,440.70,1.75,WIFI
B8:66:85:D1:85:D6,MySpectrumWiFid0-2G,[WPA2_PSK],2025-12-17 15:22:58,11,-94,34.0628166,-117.1476517,440.70,1.75,WIFI
E4:5E:1B:9C:9B:E2,VADERNETWORK,[WPA2_PSK],2025-12-17 15:23:1,1,-88,34.0628166,-117.1480026,440.20,1.75,WIFI
2C:67:BE:47:EA:B3,SpectrumSetup-EAAF,[WPA2_PSK],2025-12-17 15:23:12,11,-89,34.0628242,-117.1496887,436.70,1.75,WIFI
0E:67:BE:47:EA:B4,,[WPA2_PSK],2025-12-17 15:23:12,11,-90,34.0628242,-117.1496887,436.70,1.75,WIFI
0E:67:BE:47:EA:B5,,[WPA2_PSK],2025-12-17 15:23:12,11,-90,34.0628242,-117.1496887,436.70,1.75,WIFI
F2:7D:A1:97:7E:AE,SpectrumSetup-EAAF,[WPA2_PSK],2025-12-17 15:23:12,11,-94,34.0628242,-117.1496887,436.70,1.75,WIFI
E4:19:7F:68:66:83,,[WPA3_PSK],2025-12-17 15:23:15,1,-89,34.0628204,-117.1501846,435.70,1.75,WIFI
88:6A:E3:A3:B6:96,tla3b696,[WPA2_PSK],2025-12-17 15:23:15,1,-94,34.0628204,-117.1501846,435.70,1.75,WIFI
C2:A7:B9:18:00:BF,,[WPA2_PSK],2025-12-17 15:23:25,10,-92,34.0628242,-117.1518326,432.80,1.75,WIFI
B0:A7:B9:18:00:BF,Wi-fired guy,[WPA2_PSK],2025-12-17 15:23:25,10,-93,34.0628242,-117.1518326,432.80,1.75,WIFI
B0:6A:41:CD:E9:F9,LacasadelSancho,[WPA2_PSK],2025-12-17 15:23:26,11,-89,34.0628242,-117.1520004,432.50,1.75,WIFI
22:AD:56:25:E3:EB,HotspotE3EB,[WPA_WPA2_PSK],2025-12-17 15:23:26,11,-91,34.0628242,-117.1520004,432.50,1.75,WIFI
2C:67:BE:1F:12:69,SpectrumSetup-1265,[WPA2_PSK],2025-12-17 15:23:29,1,-91,34.0628242,-117.1525192,431.40,1.75,WIFI
B0:19:21:56:3C:76,Colton,[WPA2_WPA3_PSK],2025-12-17 15:23:31,2,-92,34.0628242,-117.1528702,430.90,1.75,WIFI
B6:19:21:56:3C:76,,[WPA2_PSK],2025-12-17 15:23:31,2,-92,34.0628242,-117.1528702,430.90,1.75,WIFI
84:A0:6E:B4:82:6E,MySpectrumWiFi68-2G,[WPA2_PSK],2025-12-17 15:23:35,6,-89,34.0628242,-117.1535797,429.70,1.75,WIFI
F0:81:75:F9:9D:FE,SpectrumSetup-F8,[WPA2_PSK],2025-12-17 15:23:40,11,-89,34.0628281,-117.1544495,428.30,1.75,WIFI
A0:8A:06:93:4D:F9,SpectrumSetup-4DFC,[WPA2_PSK],2025-12-17 15:23:54,11,-93,34.0628281,-117.1561279,425.40,1.75,WIFI
24:41:FE:D7:1C:4A,Verizon_CN9QL9,[WPA2_PSK],2025-12-17 15:23:57,1,-86,34.0628281,-117.1561813,425.10,1.75,WIFI
08:BF:B8:20:BE:98,tubieswifi,[WPA2_PSK],2025-12-17 15:24:0,3,-93,34.0628281,-117.1562500,424.80,1.75,WIFI
4C:19:5D:3E:08:11,SpectrumSetup-0B,[WPA2_PSK],2025-12-17 15:24:3,6,-88,34.0628242,-117.1562729,424.70,1.75,WIFI
58:9B:4A:97:F8:96,Masterchewy,[WPA2_PSK],2025-12-17 15:24:3,6,-93,34.0628242,-117.1562729,424.70,1.75,WIFI
6C:CD:D6:DF:02:AC,get off my lawn,[WPA2_PSK],2025-12-17 15:24:4,7,-95,34.0628242,-117.1562729,424.70,1.75,WIFI
74:90:BC:AF:D6:13,WilliamsWifi,[WPA2_PSK],2025-12-17 15:24:11,1,-92,34.0628281,-117.1567154,424.10,1.75,WIFI
4C:22:F3:38:98:CF,Verizon_9V6NQJ,[WPA2_PSK],2025-12-17 15:24:17,6,-74,34.0628242,-117.1575089,423.50,1.75,WIFI
98:1E:19:5E:D7:4E,MySpectrumWiFi48-2G,[WPA2_PSK],2025-12-17 15:24:17,6,-85,34.0628242,-117.1575089,423.50,1.75,WIFI
C4:F3:12:60:02:41,,[WPA2_PSK],2025-12-17 15:24:17,6,-86,34.0628242,-117.1575089,423.50,1.75,WIFI
14:F5:F9:53:84:D2,Shark_RV2500AX-NA-14f5f95384d2,[OPEN],2025-12-17 15:24:17,6,-93,34.0628242,-117.1575089,423.50,1.75,WIFI
3C:37:86:B5:61:7C,TP-LINK_5217_2GEXT,[WPA2_PSK],2025-12-17 15:24:22,11,-91,34.0628242,-117.1582489,422.60,1.75,WIFI
22:EF:BD:A7:56:BC,,[WPA2_PSK],2025-12-17 15:24:25,1,-88,34.0628242,-117.1586838,422.00,1.75,WIFI
22:76:13:4F:60:90,,[WPA2_PSK],2025-12-17 15:24:31,6,-94,34.0628242,-117.1595306,420.80,1.75,WIFI
AE:EA:DC:98:70:69,,[WPA2_PSK],2025-12-17 15:24:31,6,-96,34.0628242,-117.1595306,420.80,1.75,WIFI
F8:5B:3B:4B:F0:21,SpectrumSetup-23,[WPA2_PSK],2025-12-17 15:24:39,1,-88,34.0628319,-117.1602783,418.50,1.75,WIFI
14:7D:05:50:DF:EF,SpectrumSetup-ED,[WPA2_PSK],2025-12-17 15:24:45,6,-81,34.0628357,-117.1603394,418.10,1.75,WIFI
2C:EA:DC:98:70:69,CanaanT,[WPA2_PSK],2025-12-17 15:24:45,6,-89,34.0628357,-117.1603394,418.10,1.75,WIFI
9E:EA:DC:98:70:69,,[WPA2_PSK],2025-12-17 15:24:45,6,-90,34.0628357,-117.1603394,418.10,1.75,WIFI
22:9F:C3:59:E7:75,,[WPA2_PSK],2025-12-17 15:25:48,1,-90,34.0628548,-117.1670837,405.30,1.75,WIFI
2C:67:BE:29:FF:30,SpectrumSetup-FF2C,[WPA2_PSK],2025-12-17 15:25:55,6,-95,34.0628471,-117.1674576,404.30,1.75,WIFI
F8:5B:3B:7D:A2:3D,BLM,[WPA2_PSK],2025-12-17 15:26:0,11,-78,34.0628395,-117.1680832,403.10,1.75,WIFI
2C:EA:DC:98:87:1D,SpectrumSetup-1F,[WPA2_PSK],2025-12-17 15:26:2,1,-68,34.0628357,-117.1683655,402.60,1.75,WIFI
50:91:E3:66:18:5F,SpectrumSetup-1F_EXT,[WPA2_PSK],2025-12-17 15:26:2,1,-89,34.0628357,-117.1683655,402.60,1.75,WIFI
84:A0:6E:D4:55:B6,MySpectrumWiFib0-2G,[WPA2_PSK],2025-12-17 15:26:2,1,-94,34.0628357,-117.1683655,402.60,1.75,WIFI
10:7C:61:2D:7B:88,HotButteredSims,[WPA2_PSK],2025-12-17 15:26:7,4,-87,34.0628319,-117.1687927,401.90,1.75,WIFI
74:93:DA:05:6E:82,SpectrumSetup-84,[WPA2_PSK],2025-12-17 15:26:14,11,-94,34.0628357,-117.1692352,401.10,1.75,WIFI
E6:93:DA:05:6E:82,,[WPA2_PSK],2025-12-17 15:26:14,11,-96,34.0628357,-117.1692352,401.10,1.75,WIFI
A0:55:1F:04:AA:9A,SpectrumSetup-AA94,[WPA2_PSK],2025-12-17 15:26:16,1,-93,34.0628357,-117.1694031,400.90,1.75,WIFI
0C:82:47:3C:F5:48,,[WPA_WPA2_PSK],2025-12-17 15:26:30,1,-87,34.0628395,-117.1710510,397.70,1.75,WIFI
34:53:D2:DF:59:AE,SpectrumSetup-A8,[WPA2_PSK],2025-12-17 15:26:30,1,-90,34.0628395,-117.1710510,397.70,1.75,WIFI
12:7F:8A:2D:24:86,,[WPA2_PSK],2025-12-17 15:26:42,11,-92,34.0628395,-117.1714096,397.40,1.75,WIFI
7C:10:C9:05:DC:71,The Smudge Pot Ext,[WPA2_PSK],2025-12-17 15:26:50,5,-70,34.0628510,-117.1719742,396.40,1.75,WIFI
7C:10:C9:05:92:F0,The Smudge Pot Ext,[WPA2_PSK],2025-12-17 15:26:50,5,-91,34.0628510,-117.1719742,396.40,1.75,WIFI
CC:40:D0:EE:C2:48,NETGEAR76,[WPA2_PSK],2025-12-17 15:26:50,5,-93,34.0628510,-117.1719742,396.40,1.75,WIFI
FC:12:63:B8:6B:A9,SpectrumSetup-AB,[WPA2_PSK],2025-12-17 15:26:51,6,-96,34.0628471,-117.1720886,396.40,1.75,WIFI
3A:98:B5:EE:58:CA,,[WPA2_PSK],2025-12-17 15:26:54,9,-70,34.0628433,-117.1724472,396.10,1.75,WIFI
42:98:B5:EE:58:CA,Get off my wifey orbi-IoT,[WPA2_PSK],2025-12-17 15:26:54,9,-70,34.0628433,-117.1724472,396.10,1.75,WIFI
34:98:B5:EE:58:CA,Get off my wifey orbi,[WPA2_PSK],2025-12-17 15:26:54,9,-71,34.0628433,-117.1724472,396.10,1.75,WIFI
40:32:9D:0E:64:D5,,[WPA2_PSK],2025-12-17 15:26:58,13,-95,34.0628433,-117.1729813,395.90,1.75,WIFI
94:F7:17:7D:28:E8,,[WPA_WPA2_PSK],2025-12-17 15:26:58,1,-83,34.0628433,-117.1729813,395.90,1.75,WIFI
34:53:D2:B2:0E:06,SpectrumSetup-00,[WPA2_PSK],2025-12-17 15:26:58,1,-91,34.0628433,-117.1729813,395.90,1.75,WIFI
D4:3F:32:2C:7A:49,,[OPEN],2025-12-17 15:27:5,6,-78,34.0628319,-117.1736298,395.40,1.75,WIFI
D4:3F:32:2C:7A:43,,[WPA3_PSK],2025-12-17 15:27:5,6,-79,34.0628319,-117.1736298,395.40,1.75,WIFI
80:CC:9C:E8:CB:8F,Frontier3120_2GEXT,[WPA2_PSK],2025-12-17 15:27:5,6,-96,34.0628319,-117.1736298,395.40,1.75,WIFI
D4:3F:32:2C:7A:46,Frontier0451,[WPA2_PSK],2025-12-17 15:27:19,6,-80,34.0628319,-117.1736755,395.30,1.75,WIFI
E4:19:7F:07:6B:49,,[OPEN],2025-12-17 15:27:52,11,-81,34.0628281,-117.1760941,391.80,1.75,WIFI
E4:19:7F:07:6B:43,,[WPA3_PSK],2025-12-17 15:27:52,11,-82,34.0628281,-117.1760941,391.80,1.75,WIFI
A0:8A:06:7E:EB:3D,Yankees02!,[WPA2_PSK],2025-12-17 15:27:52,11,-89,34.0628281,-117.1760941,391.80,1.75,WIFI
4C:22:F3:BD:BF:A7,Verizon_HG6VF6,[WPA2_PSK],2025-12-17 15:28:1,6,-86,34.0628319,-117.1775360,390.00,1.75,WIFI
2C:D1:C6:08:B6:88,Vehicle Hotspot,[WPA2_PSK],2025-12-17 15:28:1,6,-94,34.0628319,-117.1775360,390.00,1.75,WIFI
3C:F0:83:8B:BD:9C,Verizon_HG6VF6,[WPA2_PSK],2025-12-17 15:28:7,11,-82,34.0628319,-117.1785126,388.70,1.75,WIFI
32:8A:06:CF:B9:86,,[WPA2_PSK],2025-12-17 15:28:7,11,-95,34.0628319,-117.1785126,388.70,1.75,WIFI
00:02:6F:C4:B4:45,STARDUST MOTEL 3,[OPEN],2025-12-17 15:28:10,1,-90,34.0628357,-117.1790390,388.20,1.75,WIFI
DC:EF:09:9C:0C:59,NETGEAR03,[WPA2_PSK],2025-12-17 15:28:14,4,-94,34.0628395,-117.1797104,388.20,1.75,WIFI
08:7B:12:4B:58:E6,SpectrumSetup-E0,[WPA2_PSK],2025-12-17 15:28:16,6,-80,34.0628395,-117.1799622,388.30,1.75,WIFI
08:7B:12:44:2F:B6,Frontier0651,[WPA2_PSK],2025-12-17 15:28:21,11,-93,34.0628395,-117.1802139,388.20,1.75,WIFI
A0:8A:06:C5:BF:6D,SpectrumSetup-BF70,[WPA2_PSK],2025-12-17 15:28:24,1,-71,34.0628395,-117.1803284,388.20,1.75,WIFI
38:88:71:41:4A:74,Verizon_JV9WF6,[WPA2_PSK],2025-12-17 15:28:30,6,-91,34.0628548,-117.1810074,387.60,1.75,WIFI
98:25:4A:06:01:CE,Budget Inn 2,[WPA2_PSK],2025-12-17 15:28:35,11,-93,34.0628624,-117.1817398,386.40,1.75,WIFI
DC:08:DA:0B:5C:F3,EMPIREFTW-5G,[WPA2_PSK],2025-12-17 15:28:38,1,-83,34.0628624,-117.1821518,385.70,1.75,WIFI
20:3A:0C:B8:F5:83,,[WPA3_PSK],2025-12-17 15:28:44,6,-84,34.0628586,-117.1828232,384.30,1.75,WIFI
20:3A:0C:B8:F5:89,,[OPEN],2025-12-17 15:28:44,6,-85,34.0628586,-117.1828232,384.30,1.75,WIFI
20:3A:0C:B8:F5:8F,artistrynails Guest,[OPEN],2025-12-17 15:28:44,6,-86,34.0628586,-117.1828232,384.30,1.75,WIFI
20:3A:0C:B8:F5:86,artistrynails,[WPA2_PSK],2025-12-17 15:28:44,6,-87,34.0628586,-117.1828232,384.30,1.75,WIFI
48:5D:36:7D:74:BA,Gryffindor Common Room,[WPA2_PSK],2025-12-17 15:28:49,11,-80,34.0628471,-117.1836319,383.30,1.75,WIFI
F0:81:75:F9:6E:5E,SpectrumSetup-58,[WPA2_PSK],2025-12-17 15:28:49,11,-86,34.0628471,-117.1836319,383.30,1.75,WIFI
F0:7B:65:37:B2:07,SANCHEZ.HOUSE,[WPA2_PSK],2025-12-17 15:28:49,11,-89,34.0628471,-117.1836319,383.30,1.75,WIFI
F4:52:46:A9:A4:F3,Ajax,[WPA2_PSK],2025-12-17 15:28:52,1,-71,34.0628471,-117.1841278,382.60,1.75,WIFI
94:F7:17:CF:A3:FC,,[WPA_WPA2_PSK],2025-12-17 15:28:52,1,-86,34.0628471,-117.1841278,382.60,1.75,WIFI
8E:49:62:AB:5C:43,,[WPA2_PSK],2025-12-17 15:28:52,1,-90,34.0628471,-117.1841278,382.60,1.75,WIFI
0C:82:47:43:73:B8,,[WPA_WPA2_PSK],2025-12-17 15:28:52,1,-92,34.0628471,-117.1841278,382.60,1.75,WIFI
40:47:5E:4B:BA:A3,,[WPA3_PSK],2025-12-17 15:28:58,6,-82,34.0628471,-117.1851273,381.20,1.75,WIFI
40:47:5E:4B:BA:A9,,[OPEN],2025-12-17 15:28:58,6,-83,34.0628471,-117.1851273,381.20,1.75,WIFI
18:A5:FF:BC:90:6C,TMOBILE-906A,[WPA2_WPA3_PSK],2025-12-17 15:29:2,10,-89,34.0628548,-117.1857758,379.90,1.75,WIFI
A0:8A:06:93:1D:43,MrwaterTruck,[WPA2_PSK],2025-12-17 15:29:3,11,-90,34.0628586,-117.1859131,379.60,1.75,WIFI
F8:5B:3B:54:2D:CD,SpectrumSetup-CF,[WPA2_PSK],2025-12-17 15:29:6,1,-84,34.0628586,-117.1862183,379.00,1.75,WIFI
FC:12:63:D6:A4:49,SpectrumSetup-4B,[WPA2_PSK],2025-12-17 15:29:6,1,-93,34.0628586,-117.1862183,379.00,1.75,WIFI
74:93:DA:AD:E0:F4,IKL2112,[WPA2_PSK],2025-12-17 15:29:12,6,-92,34.0628624,-117.1864090,378.70,1.75,WIFI
74:90:BC:53:37:2B,Verizon_Q9NX6C,[WPA2_PSK],2025-12-17 15:29:17,11,-86,34.0628586,-117.1868973,377.70,1.75,WIFI
FA:8F:CA:9C:F4:0F,JBL BAR 1000_4F6D.l084_,[OPEN],2025-12-17 15:29:17,11,-89,34.0628586,-117.1868973,377.70,1.75,WIFI
F0:7B:65:69:45:E3,SpectrumSetup-45DD,[WPA2_PSK],2025-12-17 15:29:17,11,-91,34.0628586,-117.1868973,377.70,1.75,WIFI
82:45:58:27:E3:E2,,[WPA2_PSK],2025-12-17 15:29:20,1,-88,34.0628548,-117.1873245,376.90,1.75,WIFI
40:D5:21:C0:8E:74,myChevrolet 8436,[WPA2_PSK],2025-12-17 15:29:20,1,-95,34.0628548,-117.1873245,376.90,1.75,WIFI
C8:9E:43:85:17:A8,Slow Bloom Admin,[WPA2_PSK],2025-12-17 15:29:22,2,-81,34.0628548,-117.1876221,376.30,1.75,WIFI
CA:9E:43:85:17:A9,Slow Bloom -Guest,[WPA2_PSK],2025-12-17 15:29:22,2,-81,34.0628548,-117.1876221,376.30,1.75,WIFI
74:37:5F:A5:07:A3,SpectrumSetup-A1,[WPA2_PSK],2025-12-17 15:29:26,6,-96,34.0628586,-117.1882401,375.30,1.75,WIFI
E4:FA:C4:A7:54:EA,SpectrumSetup-98A6_EXT,[WPA2_PSK],2025-12-17 15:29:36,2,-87,34.0628624,-117.1898117,373.00,1.75,WIFI
18:A9:ED:F2:C3:83,,[WPA3_PSK],2025-12-17 15:29:40,6,-82,34.0628662,-117.1904144,372.00,1.75,WIFI
18:A9:ED:F2:C3:89,,[OPEN],2025-12-17 15:29:40,6,-83,34.0628662,-117.1904144,372.00,1.75,WIFI
18:A9:ED:F2:C3:86,Buckwheat,[WPA2_PSK],2025-12-17 15:29:40,6,-83,34.0628662,-117.1904144,372.00,1.75,WIFI
00:5C:C2:4E:30:07,TF-WIFI-CXGDX196,[WPA_WPA2_PSK],2025-12-17 15:29:46,13,-94,34.0628815,-117.1913376,370.50,1.75,WIFI
94:CD:FD:BA:23:0F,KO's Guest,[WPA2_PSK],2025-12-17 15:29:48,1,-85,34.0628815,-117.1916809,369.90,1.75,WIFI
94:CD:FD:BA:23:09,,[OPEN],2025-12-17 15:29:48,1,-86,34.0628815,-117.1916809,369.90,1.75,WIFI
94:CD:FD:BA:23:06,KO's Fades,[WPA2_PSK],2025-12-17 15:29:48,1,-86,34.0628815,-117.1916809,369.90,1.75,WIFI
94:CD:FD:BA:23:03,,[WPA3_PSK],2025-12-17 15:29:48,1,-87,34.0628815,-117.1916809,369.90,1.75,WIFI
D0:6D:C9:39:5E:C6,Frontier0177,[WPA2_PSK],2025-12-17 15:29:48,1,-87,34.0628815,-117.1916809,369.90,1.75,WIFI
84:70:D7:30:62:64,,[WPA3_PSK],2025-12-17 15:29:54,6,-84,34.0628853,-117.1927643,368.10,1.75,WIFI
84:70:D7:30:62:67,American Legion,[WPA2_PSK],2025-12-17 15:29:54,6,-85,34.0628853,-117.1927643,368.10,1.75,WIFI
84:70:D7:30:62:6A,,[OPEN],2025-12-17 15:29:54,6,-86,34.0628853,-117.1927643,368.10,1.75,WIFI
4C:AB:F8:03:C7:1E,Pink Hammer Construction,[WPA2_PSK],2025-12-17 15:29:54,6,-92,34.0628853,-117.1927643,368.10,1.75,WIFI
10:0C:6B:25:2F:5C,OFFICE2,[WPA2_PSK],2025-12-17 15:30:4,2,-94,34.0629082,-117.1945343,364.90,1.75,WIFI
24:C9:A1:31:5B:C8,Ayres Hotels,[OPEN],2025-12-17 15:30:15,1,-89,34.0629425,-117.1963730,366.80,1.75,WIFI
3C:8C:F8:F9:0A:BB,TRENDnet740_RFJA,[WPA2],2025-12-17 15:30:15,1,-90,34.0629425,-117.1963730,366.80,1.75,WIFI
D0:6D:C9:2E:66:56,Vet_Bld,[WPA2_PSK],2025-12-17 15:30:27,11,-96,34.0627937,-117.1974335,366.30,1.75,WIFI
2C:E6:CC:12:29:58,Ayres Hotels,[OPEN],2025-12-17 15:30:36,6,-87,34.0626717,-117.1971130,366.00,1.75,WIFI
24:C9:A1:2A:AA:68,Ayres Hotels,[OPEN],2025-12-17 15:30:40,10,-94,34.0626526,-117.1968765,366.20,1.75,WIFI
