WigleWifi-1.4,appRelease=v1.2.0,model=ESP32 Marauder,release=v1.2.0,device=ESP32 Marauder,display=SPI TFT,board=ESP32 Marauder,brand=JustCallMeKoko
MAC,SSID,AuthMode,FirstSeen,Channel,RSSI,CurrentLatitude,CurrentLongitude,AltitudeMeters,AccuracyMeters,Type
EC:6E:79:09:86:10,2257,[WPA2_PSK],2025-3-24 21:57:52,1,-70,34.1018944,-117.2087860,330.70,2.50,WIFI
00:18:0A:7F:3E:B3,CAC WiFi,[WPA_WPA2_PSK],2025-3-24 21:57:52,1,-80,34.1018944,-117.2087860,330.70,2.50,WIFI
BC:82:5D:A7:7D:D5,WiFi Hotspot 6164,[WPA2_PSK],2025-3-24 21:57:52,1,-81,34.1018944,-117.2087860,330.70,2.50,WIFI
EC:6E:79:05:9C:36,1565,[WPA2_PSK],2025-3-24 21:57:52,1,-87,34.1018944,-117.2087860,330.70,2.50,WIFI
CA:2C:4F:BB:C6:7C,HiSmart-01-ca2c4fbbc67c,[OPEN],2025-3-24 21:57:54,3,-87,34.1015358,-117.2087936,327.60,2.50,WIFI
B2:00:73:76:3C:D9,myChevrolet,[WPA2_PSK],2025-3-24 21:57:57,6,-72,34.1009750,-117.2087936,326.20,2.50,WIFI
AC:8B:A9:4E:07:42,CAC WiFi,[WPA2_PSK],2025-3-24 21:57:57,6,-84,34.1009750,-117.2087936,326.20,2.50,WIFI
60:3A:7C:C4:14:D9,GoPlus_2.4G,[WPA_WPA2_PSK],2025-3-24 21:58:16,11,-90,34.0969696,-117.2088013,323.40,1.50,WIFI
60:3A:7C:C4:14:C7,GoPlus_2.4G,[WPA_WPA2_PSK],2025-3-24 21:58:30,11,-86,34.0938759,-117.2087784,325.70,1.50,WIFI
60:3A:7C:C4:14:0D,GoPlus_2.4G,[WPA_WPA2_PSK],2025-3-24 21:58:32,1,-87,34.0934105,-117.2087784,325.50,1.50,WIFI
5C:64:F1:70:36:42,iHammer,[WPA2_PSK],2025-3-24 21:58:39,6,-84,34.0917854,-117.2087784,323.00,1.50,WIFI
5C:64:F1:70:36:41,bandsaw,[WPA2],2025-3-24 21:58:39,6,-85,34.0917854,-117.2087784,323.00,1.50,WIFI
5C:64:F1:70:36:44,orange12,[WPA_WPA2_PSK],2025-3-24 21:58:39,6,-85,34.0917854,-117.2087784,323.00,1.50,WIFI
5C:64:F1:70:36:40,steel,[WPA2_PSK],2025-3-24 21:58:39,6,-86,34.0917854,-117.2087784,323.00,1.50,WIFI
5C:64:F1:70:36:43,tablesaw,[WPA2_PSK],2025-3-24 21:58:39,6,-87,34.0917854,-117.2087784,323.00,1.50,WIFI
0C:73:29:EE:DC:1B,Chimo,[WPA2_PSK],2025-3-24 21:58:44,11,-91,34.0905647,-117.2087860,323.70,1.50,WIFI
F4:2A:7D:2F:12:25,GoPlus_2.4G,[WPA_WPA2_PSK],2025-3-24 21:58:44,11,-93,34.0905647,-117.2087860,323.70,1.50,WIFI
60:3A:7C:C4:14:21,GoPlus_2.4G,[WPA_WPA2_PSK],2025-3-24 21:58:46,1,-79,34.0900650,-117.2087860,325.80,1.50,WIFI
60:3A:7C:C4:14:4B,GoPlus_2.4G,[WPA_WPA2_PSK],2025-3-24 21:58:46,1,-89,34.0900650,-117.2087860,325.80,1.50,WIFI
80:EA:07:39:63:E2,GoPlus_2.4G,[WPA_WPA2_PSK],2025-3-24 21:58:46,1,-89,34.0900650,-117.2087860,325.80,1.50,WIFI
60:3A:7C:C4:14:CD,GoPlus_2.4G,[WPA_WPA2_PSK],2025-3-24 21:58:53,6,-72,34.0884132,-117.2088013,333.00,1.50,WIFI
F4:2A:7D:2F:13:19,GoPlus_2.4G,[WPA_WPA2_PSK],2025-3-24 21:58:53,6,-88,34.0884132,-117.2088013,333.00,1.50,WIFI
00:30:44:6E:E1:17,IBR600C-116,[WPA2_PSK],2025-3-24 21:58:53,6,-92,34.0884132,-117.2088013,333.00,1.50,WIFI
60:3A:7C:C4:14:93,GoPlus_2.4G,[WPA_WPA2_PSK],2025-3-24 21:58:58,11,-79,34.0873756,-117.2088013,334.30,1.50,WIFI
60:3A:7C:C4:14:03,GoPlus_2.4G,[WPA_WPA2_PSK],2025-3-24 21:58:58,11,-79,34.0873756,-117.2088013,334.30,1.50,WIFI
60:3A:7C:C4:14:DF,GoPlus_2.4G,[WPA_WPA2_PSK],2025-3-24 21:58:58,11,-81,34.0873756,-117.2088013,334.30,1.50,WIFI
60:3A:7C:C4:14:53,GoPlus_2.4G,[WPA_WPA2_PSK],2025-3-24 21:59:0,1,-77,34.0869789,-117.2088013,334.60,1.50,WIFI
48:91:D5:5C:41:62,MCS-Wireless,[WPA2_PSK],2025-3-24 21:59:0,1,-81,34.0869789,-117.2088013,334.60,1.50,WIFI
3E:EF:95:B1:D3:CB,Galaxy S24 66BC,[WPA2_PSK],2025-3-24 21:59:0,1,-89,34.0869789,-117.2088013,334.60,1.50,WIFI
FA:DA:0C:5A:91:7F,DIRECT-7F-HP M608 LaserJet,[WPA2_PSK],2025-3-24 21:59:4,3,-84,34.0862160,-117.2088089,335.10,1.50,WIFI
02:5C:18:1C:1A:47,Galaxy A13 5GC06F,[WPA2_PSK],2025-3-24 21:59:7,6,-77,34.0857124,-117.2088089,335.40,1.50,WIFI
60:3A:7C:C4:14:87,GoPlus_2.4G,[WPA_WPA2_PSK],2025-3-24 21:59:7,6,-82,34.0857124,-117.2088089,335.40,1.50,WIFI
AE:8B:A9:1A:D6:F2,PML-RFGuns,[WPA2_PSK],2025-3-24 21:59:7,6,-86,34.0857124,-117.2088089,335.40,1.50,WIFI
AE:8B:A9:3A:D6:F2,,[WPA2_PSK],2025-3-24 21:59:7,6,-87,34.0857124,-117.2088089,335.40,1.50,WIFI
AC:8B:A9:4A:D6:F2,PML-Staff,[WPA2_PSK],2025-3-24 21:59:7,6,-88,34.0857124,-117.2088089,335.40,1.50,WIFI
24:CD:8D:CD:E6:09,OC-AGS 28 -side_right-490262,[WPA2_PSK],2025-3-24 21:59:7,6,-88,34.0857124,-117.2088089,335.40,1.50,WIFI
F8:8C:21:DF:1D:F7,GoPlus_2.4G,[WPA_WPA2_PSK],2025-3-24 21:59:7,6,-90,34.0857124,-117.2088089,335.40,1.50,WIFI
AE:8B:A9:2A:D6:F2,PML-Guest,[OPEN],2025-3-24 21:59:7,6,-93,34.0857124,-117.2088089,335.40,1.50,WIFI
9C:05:D6:F7:7F:BC,lss-wireoff,[WPA2_WPA3_PSK],2025-3-24 21:59:11,10,-87,34.0850639,-117.2088013,335.90,1.50,WIFI
A2:05:D6:F7:7F:BC,lss-employee,[WPA2_WPA3_PSK],2025-3-24 21:59:11,10,-90,34.0850639,-117.2088013,335.90,1.50,WIFI
9C:05:D6:F4:47:BC,lss-wireoff,[WPA2_WPA3_PSK],2025-3-24 21:59:12,11,-77,34.0848961,-117.2088089,335.90,1.50,WIFI
A2:05:D6:F4:47:BC,lss-employee,[WPA2_WPA3_PSK],2025-3-24 21:59:12,11,-82,34.0848961,-117.2088089,335.90,1.50,WIFI
A6:05:D6:F4:47:BC,,[WPA2_PSK],2025-3-24 21:59:12,11,-82,34.0848961,-117.2088089,335.90,1.50,WIFI
A6:05:D6:F7:7D:79,,[WPA2_PSK],2025-3-24 21:59:16,1,-90,34.0842094,-117.2088089,336.30,1.50,WIFI
A6:05:D6:F3:CF:0B,,[WPA2_PSK],2025-3-24 21:59:17,2,-85,34.0840302,-117.2088089,336.30,1.50,WIFI
A2:05:D6:F3:CF:0B,lss-employee,[WPA2_WPA3_PSK],2025-3-24 21:59:17,2,-86,34.0840302,-117.2088089,336.30,1.50,WIFI
9C:05:D6:F3:CF:0B,lss-wireoff,[WPA2_WPA3_PSK],2025-3-24 21:59:17,2,-87,34.0840302,-117.2088089,336.30,1.50,WIFI
9C:05:D6:F4:46:B8,lss-wireoff,[WPA2_WPA3_PSK],2025-3-24 21:59:18,3,-83,34.0838623,-117.2088089,336.40,1.50,WIFI
A2:05:D6:F4:46:B8,lss-employee,[WPA2_WPA3_PSK],2025-3-24 21:59:18,3,-84,34.0838623,-117.2088089,336.40,1.50,WIFI
A6:05:D6:F4:46:B8,,[WPA2_PSK],2025-3-24 21:59:18,3,-84,34.0838623,-117.2088089,336.40,1.50,WIFI
A2:05:D6:F3:CD:E3,lss-employee,[WPA2_WPA3_PSK],2025-3-24 21:59:18,3,-86,34.0838623,-117.2088089,336.40,1.50,WIFI
28:70:4E:59:73:76,lss-wireoff,[WPA2_WPA3_PSK],2025-3-24 21:59:18,3,-89,34.0838623,-117.2088089,336.40,1.50,WIFI
2E:70:4E:59:73:76,lss-employee,[WPA2_WPA3_PSK],2025-3-24 21:59:18,3,-89,34.0838623,-117.2088089,336.40,1.50,WIFI
32:70:4E:59:73:76,,[WPA2_PSK],2025-3-24 21:59:18,3,-90,34.0838623,-117.2088089,336.40,1.50,WIFI
B6:53:F9:23:01:3C,STARLINK,[OPEN],2025-3-24 21:59:21,6,-81,34.0833626,-117.2088089,336.70,1.50,WIFI
B6:53:F9:83:01:3C,,[WPA2_PSK],2025-3-24 21:59:21,6,-83,34.0833626,-117.2088089,336.70,1.50,WIFI
BA:08:C2:71:53:52,Galaxy S23+ 9584,[WPA2_PSK],2025-3-24 21:59:21,6,-83,34.0833626,-117.2088089,336.70,1.50,WIFI
B6:53:F9:53:01:3C,,[WPA2_PSK],2025-3-24 21:59:21,6,-85,34.0833626,-117.2088089,336.70,1.50,WIFI
A6:05:D6:F7:81:F9,,[WPA2_PSK],2025-3-24 21:59:24,9,-87,34.0828934,-117.2088165,337.00,1.50,WIFI
9C:05:D6:F7:7C:1A,lss-wireoff,[WPA2_WPA3_PSK],2025-3-24 21:59:25,10,-82,34.0827408,-117.2088165,337.10,1.50,WIFI
A2:05:D6:F7:7C:1A,lss-employee,[WPA2_WPA3_PSK],2025-3-24 21:59:25,10,-83,34.0827408,-117.2088165,337.10,1.50,WIFI
18:7C:0B:6D:E8:88,TheSummit_Resident_WiFi,[WPA2_PSK],2025-3-24 21:59:26,11,-83,34.0825882,-117.2088165,337.20,1.50,WIFI
08:45:D1:83:1C:E1,BYOD,[WPA2],2025-3-24 21:59:26,11,-84,34.0825882,-117.2088165,337.20,1.50,WIFI
08:45:D1:83:1C:E2,Warehouse,[WPA2_PSK],2025-3-24 21:59:26,11,-84,34.0825882,-117.2088165,337.20,1.50,WIFI
08:45:D1:83:1C:E0,CorpWLAN,[WPA2],2025-3-24 21:59:26,11,-85,34.0825882,-117.2088165,337.20,1.50,WIFI
18:7C:0B:2D:E8:88,TheSummit_Guest,[OPEN],2025-3-24 21:59:26,11,-86,34.0825882,-117.2088165,337.20,1.50,WIFI
18:7C:0B:6D:DE:08,TheSummit_Resident_WiFi,[WPA2_PSK],2025-3-24 21:59:26,11,-86,34.0825882,-117.2088165,337.20,1.50,WIFI
A0:B4:39:22:CE:F8,,[OPEN],2025-3-24 21:59:29,1,-76,34.0821228,-117.2088089,337.50,1.50,WIFI
08:45:D1:83:40:A0,CorpWLAN,[WPA2],2025-3-24 21:59:29,1,-79,34.0821228,-117.2088089,337.50,1.50,WIFI
08:45:D1:83:40:A1,BYOD,[WPA2],2025-3-24 21:59:29,1,-79,34.0821228,-117.2088089,337.50,1.50,WIFI
08:45:D1:83:40:A2,Warehouse,[WPA2_PSK],2025-3-24 21:59:29,1,-79,34.0821228,-117.2088089,337.50,1.50,WIFI
08:45:D1:83:40:A3,Guestnet,[OPEN],2025-3-24 21:59:29,1,-79,34.0821228,-117.2088089,337.50,1.50,WIFI
A2:05:D6:F3:CB:07,lss-employee,[WPA2_WPA3_PSK],2025-3-24 21:59:32,3,-87,34.0816612,-117.2088165,337.80,1.50,WIFI
06:8D:DB:71:48:82,WLAN-G7,[WPA2],2025-3-24 21:59:40,11,-81,34.0803108,-117.2088165,337.40,1.50,WIFI
40:E3:D6:90:D2:A2,RedlandsWH,[WPA2_PSK],2025-3-24 21:59:40,11,-81,34.0803108,-117.2088165,337.40,1.50,WIFI
32:8D:DB:71:48:82,,[WPA2_PSK],2025-3-24 21:59:40,11,-82,34.0803108,-117.2088165,337.40,1.50,WIFI
0C:8D:DB:71:48:82,WLAN-G6,[WPA2],2025-3-24 21:59:40,11,-84,34.0803108,-117.2088165,337.40,1.50,WIFI
40:E3:D6:90:D2:A1,RedlandsGST,[WPA2_PSK],2025-3-24 21:59:40,11,-84,34.0803108,-117.2088165,337.40,1.50,WIFI
40:E3:D6:90:E0:E0,RedlandsOFC,[WPA2_PSK],2025-3-24 21:59:40,11,-85,34.0803108,-117.2088165,337.40,1.50,WIFI
40:E3:D6:90:D2:A0,RedlandsOFC,[WPA2_PSK],2025-3-24 21:59:40,11,-87,34.0803108,-117.2088165,337.40,1.50,WIFI
40:E3:D6:90:EA:C0,RedlandsOFC,[WPA2_PSK],2025-3-24 21:59:40,11,-88,34.0803108,-117.2088165,337.40,1.50,WIFI
40:E3:D6:90:EA:C1,RedlandsGST,[WPA2_PSK],2025-3-24 21:59:40,11,-88,34.0803108,-117.2088165,337.40,1.50,WIFI
40:E3:D6:90:EA:C2,RedlandsWH,[WPA2_PSK],2025-3-24 21:59:40,11,-88,34.0803108,-117.2088165,337.40,1.50,WIFI
40:E3:D6:90:EB:41,RedlandsGST,[WPA2_PSK],2025-3-24 21:59:40,11,-89,34.0803108,-117.2088165,337.40,1.50,WIFI
40:E3:D6:90:EB:40,RedlandsOFC,[WPA2_PSK],2025-3-24 21:59:40,11,-91,34.0803108,-117.2088165,337.40,1.50,WIFI
40:E3:D6:90:E0:80,RedlandsOFC,[WPA2_PSK],2025-3-24 21:59:40,11,-93,34.0803108,-117.2088165,337.40,1.50,WIFI
18:7C:0B:2D:DE:08,TheSummit_Guest,[OPEN],2025-3-24 21:59:40,11,-94,34.0803108,-117.2088165,337.40,1.50,WIFI
40:E3:D6:90:EF:61,RedlandsGST,[WPA2_PSK],2025-3-24 21:59:43,1,-79,34.0798149,-117.2088165,337.30,1.50,WIFI
40:E3:D6:90:EF:62,RedlandsWH,[WPA2_PSK],2025-3-24 21:59:43,1,-79,34.0798149,-117.2088165,337.30,1.50,WIFI
40:E3:D6:91:00:20,RedlandsOFC,[WPA2_PSK],2025-3-24 21:59:43,1,-88,34.0798149,-117.2088165,337.30,1.50,WIFI
40:E3:D6:90:EA:82,RedlandsWH,[WPA2_PSK],2025-3-24 21:59:43,1,-89,34.0798149,-117.2088165,337.30,1.50,WIFI
BE:A7:B9:40:AD:7A,WestMark Guest,[WPA2_PSK],2025-3-24 21:59:43,1,-89,34.0798149,-117.2088165,337.30,1.50,WIFI
40:E3:D6:91:00:22,RedlandsWH,[WPA2_PSK],2025-3-24 21:59:43,1,-91,34.0798149,-117.2088165,337.30,1.50,WIFI
40:E3:D6:90:E9:E1,RedlandsGST,[WPA2_PSK],2025-3-24 21:59:43,1,-93,34.0798149,-117.2088165,337.30,1.50,WIFI
F8:96:FE:37:AF:1D,myGMC7706,[WPA2_WPA3_PSK],2025-3-24 21:59:50,6,-75,34.0787811,-117.2088318,336.90,1.50,WIFI
40:E3:D6:90:DE:80,RedlandsOFC,[WPA2_PSK],2025-3-24 21:59:50,6,-82,34.0787811,-117.2088318,336.90,1.50,WIFI
40:E3:D6:90:D2:C2,RedlandsWH,[WPA2_PSK],2025-3-24 21:59:50,6,-83,34.0787811,-117.2088318,336.90,1.50,WIFI
02:54:AF:FF:C8:8E,HotspotC88E,[WPA_WPA2_PSK],2025-3-24 21:59:50,6,-84,34.0787811,-117.2088318,336.90,1.50,WIFI
40:E3:D6:90:DE:81,RedlandsGST,[WPA2_PSK],2025-3-24 21:59:50,6,-85,34.0787811,-117.2088318,336.90,1.50,WIFI
84:23:88:92:9C:B9,Relay,[WPA2_PSK],2025-3-24 21:59:50,6,-86,34.0787811,-117.2088318,336.90,1.50,WIFI
84:23:88:12:9C:B8,Marriott Bonvoy,[OPEN],2025-3-24 21:59:50,6,-87,34.0787811,-117.2088318,336.90,1.50,WIFI
34:98:B5:77:4D:31,NETGEAR85,[WPA2_PSK],2025-3-24 21:59:54,10,-68,34.0783195,-117.2088394,336.70,1.50,WIFI
70:74:14:5D:91:75,TOYOTA RAV4 MERK,[WPA2_PSK],2025-3-24 21:59:55,11,-72,34.0782356,-117.2088394,336.60,1.50,WIFI
A6:97:5C:96:3C:CB,VTECH_901C_3ccb,[WPA2_PSK],2025-3-24 21:59:55,11,-86,34.0782356,-117.2088394,336.60,1.50,WIFI
84:23:88:1C:EA:08,Marriott Bonvoy,[OPEN],2025-3-24 21:59:55,11,-90,34.0782356,-117.2088394,336.60,1.50,WIFI
F0:A7:31:07:5C:C0,PCA-WiFi_EXT,[WPA2_PSK],2025-3-24 21:59:55,11,-90,34.0782356,-117.2088394,336.60,1.50,WIFI
22:AD:56:4F:15:27,Hotspot1527,[WPA_WPA2_PSK],2025-3-24 21:59:55,11,-90,34.0782356,-117.2088394,336.60,1.50,WIFI
E4:55:A8:24:79:BA,DB Internal,[WPA2_PSK],2025-3-24 21:59:57,1,-67,34.0781021,-117.2088394,336.60,1.50,WIFI
DA:55:A8:24:79:BA,,[WPA2_PSK],2025-3-24 21:59:57,1,-67,34.0781021,-117.2088394,336.60,1.50,WIFI
E2:55:A8:24:79:BA,Dutch Vibes,[WPA2_PSK],2025-3-24 21:59:57,1,-69,34.0781021,-117.2088394,336.60,1.50,WIFI
84:23:88:1D:04:18,Marriott Bonvoy,[OPEN],2025-3-24 21:59:57,1,-84,34.0781021,-117.2088394,336.60,1.50,WIFI
84:23:88:9D:04:19,Relay,[WPA2_PSK],2025-3-24 21:59:57,1,-85,34.0781021,-117.2088394,336.60,1.50,WIFI
84:23:88:5D:04:19,MarriottBonvoy_Associate,[WPA2_PSK],2025-3-24 21:59:57,1,-85,34.0781021,-117.2088394,336.60,1.50,WIFI
40:E3:D6:91:01:C2,RedlandsWH,[WPA2_PSK],2025-3-24 21:59:57,1,-86,34.0781021,-117.2088394,336.60,1.50,WIFI
40:E3:D6:91:01:C1,RedlandsGST,[WPA2_PSK],2025-3-24 21:59:57,1,-87,34.0781021,-117.2088394,336.60,1.50,WIFI
30:1A:28:0F:25:AD,,[WPA2_PSK],2025-3-24 21:59:57,1,-91,34.0781021,-117.2088394,336.60,1.50,WIFI
04:F0:21:AB:44:D9,,[WPA2_PSK],2025-3-24 22:0:2,4,-84,34.0779800,-117.2088394,336.50,1.50,WIFI
84:23:88:A7:9C:59,Relay,[WPA2_PSK],2025-3-24 22:0:4,6,-80,34.0779762,-117.2088394,336.50,1.50,WIFI
84:23:88:27:9C:58,Marriott Bonvoy,[OPEN],2025-3-24 22:0:4,6,-82,34.0779762,-117.2088394,336.50,1.50,WIFI
84:23:88:91:A2:29,Relay,[WPA2_PSK],2025-3-24 22:0:4,6,-82,34.0779762,-117.2088394,336.50,1.50,WIFI
84:23:88:11:69:09,,[WPA2_PSK],2025-3-24 22:0:4,6,-83,34.0779762,-117.2088394,336.50,1.50,WIFI
84:23:88:91:69:09,Relay,[WPA2_PSK],2025-3-24 22:0:4,6,-86,34.0779762,-117.2088394,336.50,1.50,WIFI
FA:6D:CC:FC:6D:45,myGMC 6D45,[WPA2_PSK],2025-3-24 22:0:5,7,-90,34.0779762,-117.2088394,336.60,1.50,WIFI
84:23:88:9D:1B:79,Relay,[WPA2_PSK],2025-3-24 22:0:9,11,-80,34.0779762,-117.2088394,336.60,1.50,WIFI
84:23:88:9C:EA:09,Relay,[WPA2_PSK],2025-3-24 22:0:9,11,-81,34.0779762,-117.2088394,336.60,1.50,WIFI
84:23:88:1D:1B:79,,[WPA2_PSK],2025-3-24 22:0:9,11,-81,34.0779762,-117.2088394,336.60,1.50,WIFI
84:23:88:11:72:78,Marriott Bonvoy,[OPEN],2025-3-24 22:0:9,11,-83,34.0779762,-117.2088394,336.60,1.50,WIFI
84:23:88:5C:EA:09,MarriottBonvoy_Associate,[WPA2_PSK],2025-3-24 22:0:9,11,-84,34.0779762,-117.2088394,336.60,1.50,WIFI
84:23:88:11:A3:88,Marriott Bonvoy,[OPEN],2025-3-24 22:0:9,11,-84,34.0779762,-117.2088394,336.60,1.50,WIFI
84:23:88:91:A3:89,Relay,[WPA2_PSK],2025-3-24 22:0:9,11,-84,34.0779762,-117.2088394,336.60,1.50,WIFI
84:23:88:51:6F:49,MarriottBonvoy_Associate,[WPA2_PSK],2025-3-24 22:0:9,11,-84,34.0779762,-117.2088394,336.60,1.50,WIFI
84:23:88:91:72:79,Relay,[WPA2_PSK],2025-3-24 22:0:9,11,-85,34.0779762,-117.2088394,336.60,1.50,WIFI
84:23:88:51:72:79,MarriottBonvoy_Associate,[WPA2_PSK],2025-3-24 22:0:9,11,-85,34.0779762,-117.2088394,336.60,1.50,WIFI
84:23:88:11:72:79,,[WPA2_PSK],2025-3-24 22:0:9,11,-85,34.0779762,-117.2088394,336.60,1.50,WIFI
84:23:88:11:A3:89,,[WPA2_PSK],2025-3-24 22:0:9,11,-87,34.0779762,-117.2088394,336.60,1.50,WIFI
84:23:88:91:6F:49,Relay,[WPA2_PSK],2025-3-24 22:0:9,11,-87,34.0779762,-117.2088394,336.60,1.50,WIFI
84:23:88:11:6F:48,Marriott Bonvoy,[OPEN],2025-3-24 22:0:9,11,-89,34.0779762,-117.2088394,336.60,1.50,WIFI
84:23:88:1D:04:19,,[WPA2_PSK],2025-3-24 22:0:9,1,-76,34.0779762,-117.2088394,336.60,1.50,WIFI
84:23:88:DD:04:18,,[WPA2_PSK],2025-3-24 22:0:9,1,-78,34.0779762,-117.2088394,336.60,1.50,WIFI
3A:1A:28:0F:25:AD,,[WPA2_PSK],2025-3-24 22:0:9,1,-90,34.0779762,-117.2088394,336.60,1.50,WIFI
84:23:88:11:A2:28,Marriott Bonvoy,[OPEN],2025-3-24 22:0:18,6,-80,34.0779762,-117.2088394,336.80,1.50,WIFI
84:23:88:D1:A2:28,,[WPA2_PSK],2025-3-24 22:0:18,6,-81,34.0779762,-117.2088394,336.80,1.50,WIFI
84:23:88:11:69:08,Marriott Bonvoy,[OPEN],2025-3-24 22:0:18,6,-83,34.0779762,-117.2088394,336.80,1.50,WIFI
84:23:88:11:A2:29,,[WPA2_PSK],2025-3-24 22:0:18,6,-83,34.0779762,-117.2088394,336.80,1.50,WIFI
84:23:88:51:A2:29,MarriottBonvoy_Associate,[WPA2_PSK],2025-3-24 22:0:18,6,-83,34.0779762,-117.2088394,336.80,1.50,WIFI
84:23:88:12:9C:B9,,[WPA2_PSK],2025-3-24 22:0:18,6,-85,34.0779762,-117.2088394,336.80,1.50,WIFI
84:23:88:51:69:09,MarriottBonvoy_Associate,[WPA2_PSK],2025-3-24 22:0:18,6,-87,34.0779762,-117.2088394,336.80,1.50,WIFI
80:AF:CA:10:B5:84,Laguna-rTC,[WPA_WPA2_PSK],2025-3-24 22:0:22,10,-85,34.0779762,-117.2088394,336.80,1.50,WIFI
84:23:88:1D:1B:78,Marriott Bonvoy,[OPEN],2025-3-24 22:0:23,11,-82,34.0779762,-117.2088394,336.80,1.50,WIFI
84:23:88:DC:EA:08,,[WPA2_PSK],2025-3-24 22:0:23,11,-87,34.0779762,-117.2088394,336.80,1.50,WIFI
36:1A:28:0F:25:AD,,[WPA2_PSK],2025-3-24 22:0:25,1,-86,34.0779762,-117.2088394,336.80,1.50,WIFI
84:23:88:91:7A:A9,Relay,[WPA2_PSK],2025-3-24 22:0:25,1,-89,34.0779762,-117.2088394,336.80,1.50,WIFI
40:E3:D6:90:D3:61,RedlandsGST,[WPA2_PSK],2025-3-24 22:0:25,1,-91,34.0779762,-117.2088394,336.80,1.50,WIFI
32:E0:96:09:AA:B8,,[WPA2_PSK],2025-3-24 22:0:30,4,-85,34.0779762,-117.2088394,336.80,1.50,WIFI
18:7C:0B:2D:E4:E8,TheSummit_Guest,[OPEN],2025-3-24 22:0:32,6,-88,34.0779762,-117.2088394,336.80,1.50,WIFI
18:7C:0B:6D:E4:E8,TheSummit_Resident_WiFi,[WPA2_PSK],2025-3-24 22:0:32,6,-89,34.0779762,-117.2088394,336.80,1.50,WIFI
68:5E:1C:C3:05:24,Redlands DB,[WPA2_PSK],2025-3-24 22:0:34,8,-88,34.0779762,-117.2088394,336.80,1.50,WIFI
84:23:88:DD:1B:78,,[WPA2_PSK],2025-3-24 22:0:37,11,-83,34.0779762,-117.2088394,336.80,1.50,WIFI
84:23:88:11:9C:D8,Marriott Bonvoy,[OPEN],2025-3-24 22:0:37,11,-86,34.0779762,-117.2088394,336.80,1.50,WIFI
84:23:88:51:A3:89,MarriottBonvoy_Associate,[WPA2_PSK],2025-3-24 22:0:37,11,-88,34.0779762,-117.2088394,336.80,1.50,WIFI
84:23:88:11:7A:A8,Marriott Bonvoy,[OPEN],2025-3-24 22:0:39,1,-87,34.0779762,-117.2088394,336.80,1.50,WIFI
84:23:88:51:7A:A9,MarriottBonvoy_Associate,[WPA2_PSK],2025-3-24 22:0:39,1,-87,34.0779762,-117.2088394,336.80,1.50,WIFI
84:23:88:D2:9C:B8,,[WPA2_PSK],2025-3-24 22:0:46,6,-79,34.0779190,-117.2088394,336.80,1.50,WIFI
84:23:88:52:9C:B9,MarriottBonvoy_Associate,[WPA2_PSK],2025-3-24 22:0:46,6,-80,34.0779190,-117.2088394,336.80,1.50,WIFI
84:23:88:D1:89:D8,,[WPA2_PSK],2025-3-24 22:0:46,6,-81,34.0779190,-117.2088394,336.80,1.50,WIFI
00:54:AF:27:E4:28,HotspotE428,[WPA_WPA2_PSK],2025-3-24 22:0:49,9,-87,34.0777092,-117.2088394,336.90,1.50,WIFI
84:23:88:1C:EA:09,,[WPA2_PSK],2025-3-24 22:0:51,11,-77,34.0775032,-117.2088394,337.00,1.50,WIFI
18:7C:0B:2D:D4:18,TheSummit_Guest,[OPEN],2025-3-24 22:0:53,1,-73,34.0772552,-117.2088394,337.10,1.50,WIFI
18:7C:0B:6D:D4:18,TheSummit_Resident_WiFi,[WPA2_PSK],2025-3-24 22:0:53,1,-73,34.0772552,-117.2088394,337.10,1.50,WIFI
18:7C:0B:6D:D8:98,TheSummit_Resident_WiFi,[WPA2_PSK],2025-3-24 22:0:53,1,-74,34.0772552,-117.2088394,337.10,1.50,WIFI
18:7C:0B:2D:D8:98,TheSummit_Guest,[OPEN],2025-3-24 22:0:53,1,-74,34.0772552,-117.2088394,337.10,1.50,WIFI
94:3C:96:F6:2B:96,Frontier1908,[WPA2_PSK],2025-3-24 22:0:53,1,-74,34.0772552,-117.2088394,337.10,1.50,WIFI
18:7C:0B:6D:E0:38,TheSummit_Resident_WiFi,[WPA2_PSK],2025-3-24 22:0:53,1,-79,34.0772552,-117.2088394,337.10,1.50,WIFI
18:7C:0B:2D:E0:38,TheSummit_Guest,[OPEN],2025-3-24 22:0:53,1,-79,34.0772552,-117.2088394,337.10,1.50,WIFI
18:7C:0B:6D:E8:18,TheSummit_Resident,[WPA2_PSK],2025-3-24 22:0:53,1,-82,34.0772552,-117.2088394,337.10,1.50,WIFI
18:7C:0B:6D:DA:C8,TheSummit_Resident_WiFi,[WPA2_PSK],2025-3-24 22:0:53,1,-86,34.0772552,-117.2088394,337.10,1.50,WIFI
18:7C:0B:6D:E0:D8,TheSummit_Resident_WiFi,[WPA2_PSK],2025-3-24 22:0:53,1,-87,34.0772552,-117.2088394,337.10,1.50,WIFI
18:7C:0B:2D:DA:C8,TheSummit_Guest,[OPEN],2025-3-24 22:0:53,1,-87,34.0772552,-117.2088394,337.10,1.50,WIFI
18:7C:0B:2D:E5:88,TheSummit_Guest,[OPEN],2025-3-24 22:0:59,4,-72,34.0763817,-117.2088394,337.70,1.50,WIFI
18:7C:0B:6D:E5:88,TheSummit_Resident_WiFi,[WPA2_PSK],2025-3-24 22:0:59,4,-74,34.0763817,-117.2088394,337.70,1.50,WIFI
88:DC:96:8E:45:32,100,[WPA2_PSK],2025-3-24 22:0:59,4,-86,34.0763817,-117.2088394,337.70,1.50,WIFI
18:7C:0B:2D:DB:38,TheSummit_Guest,[OPEN],2025-3-24 22:1:1,6,-67,34.0760689,-117.2088394,338.00,1.50,WIFI
18:7C:0B:6D:DB:38,TheSummit_Resident_WiFi,[WPA2_PSK],2025-3-24 22:1:1,6,-67,34.0760689,-117.2088394,338.00,1.50,WIFI
18:7C:0B:2D:E5:38,TheSummit_Guest,[OPEN],2025-3-24 22:1:1,6,-74,34.0760689,-117.2088394,338.00,1.50,WIFI
18:7C:0B:6D:E5:38,TheSummit_Resident_WiFi,[WPA2_PSK],2025-3-24 22:1:1,6,-75,34.0760689,-117.2088394,338.00,1.50,WIFI
18:7C:0B:2D:E0:E8,TheSummit_Guest,[OPEN],2025-3-24 22:1:1,6,-76,34.0760689,-117.2088394,338.00,1.50,WIFI
18:7C:0B:6D:E0:E8,TheSummit_Resident_WiFi,[WPA2_PSK],2025-3-24 22:1:1,6,-78,34.0760689,-117.2088394,338.00,1.50,WIFI
18:7C:0B:6D:E1:A8,TheSummit_Resident_WiFi,[WPA2_PSK],2025-3-24 22:1:1,6,-78,34.0760689,-117.2088394,338.00,1.50,WIFI
18:7C:0B:2D:E1:A8,TheSummit_Guest,[OPEN],2025-3-24 22:1:1,6,-78,34.0760689,-117.2088394,338.00,1.50,WIFI
18:7C:0B:2D:E3:58,TheSummit_Guest,[OPEN],2025-3-24 22:1:1,6,-78,34.0760689,-117.2088394,338.00,1.50,WIFI
18:7C:0B:6D:E3:58,TheSummit_Resident_WiFi,[WPA2_PSK],2025-3-24 22:1:1,6,-78,34.0760689,-117.2088394,338.00,1.50,WIFI
18:7C:0B:2D:DB:C8,TheSummit_Guest,[OPEN],2025-3-24 22:1:1,6,-83,34.0760689,-117.2088394,338.00,1.50,WIFI
18:7C:0B:6D:DB:C8,TheSummit_Resident_WiFi,[WPA2_PSK],2025-3-24 22:1:1,6,-83,34.0760689,-117.2088394,338.00,1.50,WIFI
18:7C:0B:6D:E0:48,TheSummit_Resident_WiFi,[WPA2_PSK],2025-3-24 22:1:1,6,-83,34.0760689,-117.2088394,338.00,1.50,WIFI
FA:8F:CA:66:F2:D0,Hanthan room speaker.o_,[OPEN],2025-3-24 22:1:1,6,-84,34.0760689,-117.2088394,338.00,1.50,WIFI
18:7C:0B:2D:E5:E8,TheSummit_Guest,[OPEN],2025-3-24 22:1:1,6,-85,34.0760689,-117.2088394,338.00,1.50,WIFI
9C:53:22:CB:90:EB,G-Street,[WPA2_PSK],2025-3-24 22:1:4,9,-59,34.0756187,-117.2088394,338.20,1.50,WIFI
BE:53:22:CB:90:EB,,[WPA2_PSK],2025-3-24 22:1:4,9,-64,34.0756187,-117.2088394,338.20,1.50,WIFI
18:7C:0B:2D:DF:B8,TheSummit_Guest,[OPEN],2025-3-24 22:1:6,11,-66,34.0753441,-117.2088394,338.40,1.50,WIFI
18:7C:0B:6D:DF:B8,TheSummit_Resident_WiFi,[WPA2_PSK],2025-3-24 22:1:6,11,-69,34.0753441,-117.2088394,338.40,1.50,WIFI
E8:9F:80:BC:53:F2,G-Street_Ext,[WPA2_PSK],2025-3-24 22:1:6,11,-71,34.0753441,-117.2088394,338.40,1.50,WIFI
18:7C:0B:6D:E2:48,TheSummit_Resident_WiFi,[WPA2_PSK],2025-3-24 22:1:6,11,-75,34.0753441,-117.2088394,338.40,1.50,WIFI
18:7C:0B:2D:E2:48,TheSummit_Guest,[OPEN],2025-3-24 22:1:6,11,-75,34.0753441,-117.2088394,338.40,1.50,WIFI
18:7C:0B:2D:DF:48,TheSummit_Guest,[OPEN],2025-3-24 22:1:6,11,-76,34.0753441,-117.2088394,338.40,1.50,WIFI
18:7C:0B:6D:DF:48,TheSummit_Resident_WiFi,[WPA2_PSK],2025-3-24 22:1:6,11,-77,34.0753441,-117.2088394,338.40,1.50,WIFI
18:7C:0B:2D:DB:28,TheSummit_Guest,[OPEN],2025-3-24 22:1:6,11,-78,34.0753441,-117.2088394,338.40,1.50,WIFI
18:7C:0B:6D:DB:28,TheSummit_Resident_WiFi,[WPA2_PSK],2025-3-24 22:1:6,11,-78,34.0753441,-117.2088394,338.40,1.50,WIFI
18:7C:0B:6D:E5:18,TheSummit_Resident_WiFi,[WPA2_PSK],2025-3-24 22:1:6,11,-80,34.0753441,-117.2088394,338.40,1.50,WIFI
18:7C:0B:6D:E4:D8,TheSummit_Resident_WiFi,[WPA2_PSK],2025-3-24 22:1:6,11,-81,34.0753441,-117.2088394,338.40,1.50,WIFI
18:7C:0B:2D:D0:48,TheSummit_Guest,[OPEN],2025-3-24 22:1:6,11,-84,34.0753441,-117.2088394,338.40,1.50,WIFI
18:7C:0B:6D:E7:C8,TheSummit_Resident_WiFi,[WPA2_PSK],2025-3-24 22:1:6,11,-84,34.0753441,-117.2088394,338.40,1.50,WIFI
18:7C:0B:6D:D0:48,TheSummit_Resident_WiFi,[WPA2_PSK],2025-3-24 22:1:6,11,-86,34.0753441,-117.2088394,338.40,1.50,WIFI
98:18:88:BE:DD:CC,MFRM_POS,[WPA3_PSK],2025-3-24 22:1:10,1,-73,34.0748291,-117.2088394,338.60,1.50,WIFI
9E:18:88:BE:DD:CC,MFRM_GUEST,[WPA2_PSK],2025-3-24 22:1:10,1,-73,34.0748291,-117.2088394,338.60,1.50,WIFI
92:18:88:BE:DD:CC,MFRM_IOT,[WPA2_PSK],2025-3-24 22:1:10,1,-73,34.0748291,-117.2088394,338.60,1.50,WIFI
A6:18:88:BE:DD:CC,,[WPA2_PSK],2025-3-24 22:1:10,1,-74,34.0748291,-117.2088394,338.60,1.50,WIFI
18:7C:0B:6D:E3:48,TheSummit_Resident_WiFi,[WPA2_PSK],2025-3-24 22:1:10,1,-83,34.0748291,-117.2088394,338.60,1.50,WIFI
22:AD:56:31:40:37,Hotspot4037,[WPA_WPA2_PSK],2025-3-24 22:1:10,1,-85,34.0748291,-117.2088394,338.60,1.50,WIFI
FC:DB:21:54:73:4C,KeHE_Ent,[WPA2_PSK],2025-3-24 22:1:16,6,-75,34.0741043,-117.2088394,338.90,1.50,WIFI
18:7C:0B:2D:E7:B8,TheSummit_Guest,[OPEN],2025-3-24 22:1:16,6,-78,34.0741043,-117.2088394,338.90,1.50,WIFI
AC:23:16:A9:9D:81,Target Guest Wi-Fi,[OPEN],2025-3-24 22:1:16,6,-79,34.0741043,-117.2088394,338.90,1.50,WIFI
18:7C:0B:6D:E7:B8,TheSummit_Resident_WiFi,[WPA2_PSK],2025-3-24 22:1:16,6,-80,34.0741043,-117.2088394,338.90,1.50,WIFI
AC:23:16:A9:9D:84,tcguest,[WPA2],2025-3-24 22:1:16,6,-81,34.0741043,-117.2088394,338.90,1.50,WIFI
18:7C:0B:2D:DD:F8,TheSummit_Guest,[OPEN],2025-3-24 22:1:16,6,-81,34.0741043,-117.2088394,338.90,1.50,WIFI
18:7C:0B:6D:D7:28,TheSummit_Resident_WiFi,[WPA2_PSK],2025-3-24 22:1:16,6,-82,34.0741043,-117.2088394,338.90,1.50,WIFI
18:7C:0B:2D:D7:28,TheSummit_Guest,[OPEN],2025-3-24 22:1:16,6,-82,34.0741043,-117.2088394,338.90,1.50,WIFI
18:7C:0B:6D:DD:98,TheSummit_Resident_WiFi,[WPA2_PSK],2025-3-24 22:1:16,6,-85,34.0741043,-117.2088394,338.90,1.50,WIFI
4A:9E:BD:70:AE:46,DIRECT-46-HP M428fdw LJ,[WPA2_PSK],2025-3-24 22:1:16,6,-85,34.0741043,-117.2088394,338.90,1.50,WIFI
18:7C:0B:2D:DD:98,TheSummit_Guest,[OPEN],2025-3-24 22:1:16,6,-87,34.0741043,-117.2088394,338.90,1.50,WIFI
18:7C:0B:6D:DE:58,TheSummit_Resident_WiFi,[WPA2_PSK],2025-3-24 22:1:16,6,-87,34.0741043,-117.2088394,338.90,1.50,WIFI
8E:5C:60:02:1E:C9,Galaxy S24 Ultra A72F,[WPA2_PSK],2025-3-24 22:1:21,11,-78,34.0735703,-117.2088394,339.00,1.50,WIFI
A8:53:7D:CA:5E:91,Target Guest Wi-Fi,[OPEN],2025-3-24 22:1:21,11,-81,34.0735703,-117.2088394,339.00,1.50,WIFI
A8:53:7D:CA:5E:94,tcguest,[WPA2],2025-3-24 22:1:21,11,-81,34.0735703,-117.2088394,339.00,1.50,WIFI
00:15:70:94:E1:E1,101,[OPEN],2025-3-24 22:1:21,11,-82,34.0735703,-117.2088394,339.00,1.50,WIFI
A8:53:7D:CA:5E:92,DGE,[WPA2_PSK],2025-3-24 22:1:21,11,-82,34.0735703,-117.2088394,339.00,1.50,WIFI
A8:53:7D:CA:5E:93,tcwifi,[WPA2],2025-3-24 22:1:21,11,-82,34.0735703,-117.2088394,339.00,1.50,WIFI
18:7C:0B:2D:E5:18,TheSummit_Guest,[OPEN],2025-3-24 22:1:21,11,-84,34.0735703,-117.2088394,339.00,1.50,WIFI
00:15:70:94:E1:E0,108,[OPEN],2025-3-24 22:1:21,11,-85,34.0735703,-117.2088394,339.00,1.50,WIFI
66:3A:1E:32:0C:03,,[WPA_WPA2_PSK],2025-3-24 22:1:21,11,-85,34.0735703,-117.2088394,339.00,1.50,WIFI
18:7C:0B:2D:DC:68,TheSummit_Guest,[OPEN],2025-3-24 22:1:21,11,-85,34.0735703,-117.2088394,339.00,1.50,WIFI
6E:3A:1E:32:0C:03,EOS Fitness Internal,[WPA2_PSK],2025-3-24 22:1:21,11,-86,34.0735703,-117.2088394,339.00,1.50,WIFI
62:3A:1E:32:0C:03,EOS Fitness External,[WPA2_PSK],2025-3-24 22:1:21,11,-86,34.0735703,-117.2088394,339.00,1.50,WIFI
20:9C:B4:54:8F:01,Burlington Guest,[OPEN],2025-3-24 22:1:21,11,-87,34.0735703,-117.2088394,339.00,1.50,WIFI
20:9C:B4:54:8F:02,B-Secure,[WPA2],2025-3-24 22:1:21,11,-87,34.0735703,-117.2088394,339.00,1.50,WIFI
A8:53:7D:CA:5F:E4,tcguest,[WPA2],2025-3-24 22:1:25,1,-66,34.0731049,-117.2088470,339.10,1.50,WIFI
A8:53:7D:CA:5F:E1,Target Guest Wi-Fi,[OPEN],2025-3-24 22:1:25,1,-67,34.0731049,-117.2088470,339.10,1.50,WIFI
A8:53:7D:CA:5F:E2,DGE,[WPA2_PSK],2025-3-24 22:1:25,1,-67,34.0731049,-117.2088470,339.10,1.50,WIFI
A8:53:7D:CA:5F:E3,tcwifi,[WPA2],2025-3-24 22:1:25,1,-67,34.0731049,-117.2088470,339.10,1.50,WIFI
38:88:71:05:4A:3A,Verizon_M3M9YR,[WPA2_PSK],2025-3-24 22:1:25,1,-81,34.0731049,-117.2088470,339.10,1.50,WIFI
6C:63:9C:87:4D:20,Frontier4912,[WPA2_PSK],2025-3-24 22:1:25,1,-83,34.0731049,-117.2088470,339.10,1.50,WIFI
24:94:CB:1C:60:58,HOTWORX,[WPA2_PSK],2025-3-24 22:1:25,1,-84,34.0731049,-117.2088470,339.10,1.50,WIFI
6A:94:CB:1C:60:59,HOTWORX  Member,[WPA2_PSK],2025-3-24 22:1:25,1,-86,34.0731049,-117.2088470,339.10,1.50,WIFI
A8:53:7D:CA:A1:24,tcguest,[WPA2],2025-3-24 22:1:25,1,-88,34.0731049,-117.2088470,339.10,1.50,WIFI
88:DC:96:8F:10:85,100,[WPA2_PSK],2025-3-24 22:1:28,3,-86,34.0727310,-117.2088470,339.20,1.50,WIFI
FC:9C:98:77:50:C0,ARLO_VMB_2633354717,[WPA2_PSK],2025-3-24 22:1:28,3,-89,34.0727310,-117.2088470,339.20,1.50,WIFI
DE:21:F9:21:1A:96,GoodFeet_Guest,[OPEN],2025-3-24 22:1:31,6,-73,34.0724373,-117.2088470,339.20,1.50,WIFI
C8:B5:AD:2D:6E:81,Mens Wearhouse Guest,[OPEN],2025-3-24 22:1:31,6,-74,34.0724373,-117.2088470,339.20,1.50,WIFI
D6:21:F9:21:1A:96,,[WPA2_PSK],2025-3-24 22:1:31,6,-75,34.0724373,-117.2088470,339.20,1.50,WIFI
E2:21:F9:21:1A:96,,[WPA2_PSK],2025-3-24 22:1:31,6,-75,34.0724373,-117.2088470,339.20,1.50,WIFI
94:BF:C4:3C:87:28,MyEyeGuy,[WPA2_PSK],2025-3-24 22:1:31,6,-76,34.0724373,-117.2088470,339.20,1.50,WIFI
DA:21:F9:21:1A:96,,[WPA2_PSK],2025-3-24 22:1:31,6,-76,34.0724373,-117.2088470,339.20,1.50,WIFI
D0:21:F9:21:1A:96,,[WPA2_PSK],2025-3-24 22:1:31,6,-77,34.0724373,-117.2088470,339.20,1.50,WIFI
C8:B5:AD:2D:6E:84,temp_wx7,[WPA2],2025-3-24 22:1:31,6,-81,34.0724373,-117.2088470,339.20,1.50,WIFI
AA:B1:3B:0E:AA:28,DIRECT-28-HP ,[WPA2_PSK],2025-3-24 22:1:31,6,-84,34.0724373,-117.2088470,339.20,1.50,WIFI
D6:21:F9:21:1B:5C,,[WPA2_PSK],2025-3-24 22:1:31,6,-85,34.0724373,-117.2088470,339.20,1.50,WIFI
E2:21:F9:21:1B:5C,,[WPA2_PSK],2025-3-24 22:1:31,6,-88,34.0724373,-117.2088470,339.20,1.50,WIFI
A8:53:7D:CA:9D:31,Target Guest Wi-Fi,[OPEN],2025-3-24 22:1:36,11,-69,34.0722694,-117.2088470,339.40,1.50,WIFI
A8:53:7D:CA:9D:33,tcwifi,[WPA2],2025-3-24 22:1:36,11,-69,34.0722694,-117.2088470,339.40,1.50,WIFI
A8:53:7D:CA:9D:34,tcguest,[WPA2],2025-3-24 22:1:36,11,-69,34.0722694,-117.2088470,339.40,1.50,WIFI
A8:53:7D:CA:9D:32,DGE,[WPA2_PSK],2025-3-24 22:1:36,11,-70,34.0722694,-117.2088470,339.40,1.50,WIFI
0A:56:FE:56:3A:55,,[WPA2_PSK],2025-3-24 22:1:36,11,-75,34.0722694,-117.2088470,339.40,1.50,WIFI
3E:56:FE:56:3A:55,,[WPA2_PSK],2025-3-24 22:1:36,11,-76,34.0722694,-117.2088470,339.40,1.50,WIFI
34:56:FE:56:3A:55,Chili's Guest Wifi,[OPEN],2025-3-24 22:1:36,11,-78,34.0722694,-117.2088470,339.40,1.50,WIFI
C6:55:A8:AE:0D:5A,ME-WCR,[WPA2],2025-3-24 22:1:36,11,-80,34.0722694,-117.2088470,339.40,1.50,WIFI
A8:53:7D:CA:6C:A1,Target Guest Wi-Fi,[OPEN],2025-3-24 22:1:36,11,-82,34.0722694,-117.2088470,339.40,1.50,WIFI
C8:B8:2F:80:84:44,,[WPA3_PSK],2025-3-24 22:1:39,1,-67,34.0722084,-117.2088470,339.40,1.50,WIFI
C8:B8:2F:80:84:48,,[OPEN],2025-3-24 22:1:39,1,-67,34.0722084,-117.2088470,339.40,1.50,WIFI
C8:B8:2F:80:84:46,dusty,[WPA2_PSK],2025-3-24 22:1:39,1,-69,34.0722084,-117.2088470,339.40,1.50,WIFI
32:8D:DB:7A:6C:F7,,[WPA2_PSK],2025-3-24 22:1:39,1,-77,34.0722084,-117.2088470,339.40,1.50,WIFI
EE:55:A8:AE:0F:A1,ME-Utility,[WPA_WPA2_PSK],2025-3-24 22:1:39,1,-82,34.0722084,-117.2088470,339.40,1.50,WIFI
E2:55:A8:AE:0F:A1,massage envy,[WPA2_PSK],2025-3-24 22:1:39,1,-83,34.0722084,-117.2088470,339.40,1.50,WIFI
FE:55:A8:AE:0F:A1,ME-Apps,[WPA2],2025-3-24 22:1:39,1,-83,34.0722084,-117.2088470,339.40,1.50,WIFI
FA:55:A8:AE:0F:A1,,[WPA2],2025-3-24 22:1:39,1,-83,34.0722084,-117.2088470,339.40,1.50,WIFI
F6:55:A8:AE:0F:A1,ME-Staff,[WPA2_PSK],2025-3-24 22:1:39,1,-84,34.0722084,-117.2088470,339.40,1.50,WIFI
00:30:44:6E:E0:CC,IBR600C-0cb,[WPA2_PSK],2025-3-24 22:1:39,1,-89,34.0722084,-117.2088470,339.40,1.50,WIFI
00:54:AF:65:74:0A,Hotspot740A,[WPA_WPA2_PSK],2025-3-24 22:1:48,8,-79,34.0713882,-117.2088394,339.60,1.50,WIFI
1E:5F:67:ED:58:31,Netgear,[WPA2_PSK],2025-3-24 22:1:49,9,-81,34.0712814,-117.2088394,339.50,1.50,WIFI
1E:5F:67:ED:58:32,Netgear_Guest,[WPA2_PSK],2025-3-24 22:1:49,9,-83,34.0712814,-117.2088394,339.50,1.50,WIFI
F0:AB:54:44:F3:B3,Diane Cadillac,[WPA2_PSK],2025-3-24 22:1:51,11,-71,34.0711021,-117.2088394,339.50,1.50,WIFI
D4:76:A0:87:E5:FB,,[WPA2_PSK],2025-3-24 22:1:51,11,-72,34.0711021,-117.2088394,339.50,1.50,WIFI
D4:76:A0:87:E5:FA,ViFi,[WPA2_PSK],2025-3-24 22:1:51,11,-74,34.0711021,-117.2088394,339.50,1.50,WIFI
D4:76:A0:87:E5:FC,VSP4AOI,[WPA2_PSK],2025-3-24 22:1:51,11,-77,34.0711021,-117.2088394,339.50,1.50,WIFI
30:46:9A:9A:E0:04,NETGEAR,[OPEN],2025-3-24 22:1:51,11,-79,34.0711021,-117.2088394,339.50,1.50,WIFI
D4:A9:28:06:57:44,FiOS-YYVWK,[WPA2_PSK],2025-3-24 22:1:54,1,-69,34.0709190,-117.2088318,339.60,1.50,WIFI
24:41:FE:27:8D:7E,Verizon_L6FLFC,[WPA2_PSK],2025-3-24 22:1:54,1,-77,34.0709190,-117.2088318,339.60,1.50,WIFI
C0:89:AB:6E:19:D8,Frontier2048,[WPA2_PSK],2025-3-24 22:1:54,1,-90,34.0709190,-117.2088318,339.60,1.50,WIFI
00:18:0A:83:A5:80,Free WiFi,[OPEN],2025-3-24 22:2:0,6,-61,34.0707512,-117.2088318,339.50,1.50,WIFI
86:69:93:DD:91:85,DIRECT-85-HP M110 LaserJet,[WPA2_PSK],2025-3-24 22:2:0,6,-77,34.0707512,-117.2088318,339.50,1.50,WIFI
04:D5:90:12:B5:00,SBI_Guest,[OPEN],2025-3-24 22:2:5,11,-89,34.0707512,-117.2088318,339.70,1.50,WIFI
80:E5:40:ED:1A:18,Front,[WPA2_PSK],2025-3-24 22:2:8,1,-73,34.0707321,-117.2088318,339.80,1.50,WIFI
02:8D:DB:7A:6C:F7,UHC_v2,[WPA2],2025-3-24 22:2:8,1,-73,34.0707321,-117.2088318,339.80,1.50,WIFI
06:8D:DB:7A:6C:F7,MCO716,[WPA2_PSK],2025-3-24 22:2:8,1,-74,34.0707321,-117.2088318,339.80,1.50,WIFI
2C:00:AB:A8:9F:98,Frontier6976,[WPA2_PSK],2025-3-24 22:2:8,1,-85,34.0707321,-117.2088318,339.80,1.50,WIFI
18:C2:41:3C:C7:01,Ono-010,[WPA2_PSK],2025-3-24 22:2:14,6,-68,34.0703354,-117.2088318,339.90,1.50,WIFI
18:C2:41:3C:C7:02,Ono Guest,[WPA2_PSK],2025-3-24 22:2:14,6,-68,34.0703354,-117.2088318,339.90,1.50,WIFI
6A:55:D4:D6:53:DB,DIRECT-Hs-EPSON-ES-580W,[WPA2_PSK],2025-3-24 22:2:14,6,-71,34.0703354,-117.2088318,339.90,1.50,WIFI
B0:95:75:46:0F:2F,TPLINK2.4,[WPA2_PSK],2025-3-24 22:2:14,6,-77,34.0703354,-117.2088318,339.90,1.50,WIFI
FC:DB:21:5A:5D:D5,TEST123,[WPA2_PSK],2025-3-24 22:2:14,6,-81,34.0703354,-117.2088318,339.90,1.50,WIFI
A6:97:5C:A1:D9:EE,VTECH_901HD_d9ee,[WPA2_PSK],2025-3-24 22:2:14,6,-84,34.0703354,-117.2088318,339.90,1.50,WIFI
04:D5:90:12:B5:01,SBI-Office-AP,[WPA2],2025-3-24 22:2:19,11,-58,34.0699120,-117.2088318,339.80,1.50,WIFI
04:D5:90:12:B5:03,SBI-IoT,[WPA2_PSK],2025-3-24 22:2:19,11,-58,34.0699120,-117.2088318,339.80,1.50,WIFI
04:D5:90:12:B5:02,SBI-Public-IoT,[WPA2_PSK],2025-3-24 22:2:19,11,-65,34.0699120,-117.2088318,339.80,1.50,WIFI
32:8D:DB:7A:6C:A5,,[WPA2_PSK],2025-3-24 22:2:19,11,-68,34.0699120,-117.2088318,339.80,1.50,WIFI
B0:FC:88:27:6D:AC,MySpectrumWiFiB3-5G,[WPA2_PSK],2025-3-24 22:2:19,11,-75,34.0699120,-117.2088318,339.80,1.50,WIFI
5C:83:8F:FF:06:70,SN Guest,[OPEN],2025-3-24 22:2:19,11,-76,34.0699120,-117.2088318,339.80,1.50,WIFI
0C:8D:DB:7A:6C:F7,U-Haul Guest WIFI,[OPEN],2025-3-24 22:2:22,1,-60,34.0696678,-117.2088318,339.80,1.50,WIFI
E6:CB:BC:91:72:D2,smll,[WPA2],2025-3-24 22:2:22,1,-68,34.0696678,-117.2088318,339.80,1.50,WIFI
EA:CB:BC:91:72:D2,notes,[WPA2_PSK],2025-3-24 22:2:22,1,-69,34.0696678,-117.2088318,339.80,1.50,WIFI
EE:CB:BC:91:72:D2,sip,[WPA2],2025-3-24 22:2:22,1,-70,34.0696678,-117.2088318,339.80,1.50,WIFI
F8:AA:3F:ED:09:FF,SpectrumSetup-FD,[WPA2_PSK],2025-3-24 22:2:22,1,-71,34.0696678,-117.2088318,339.80,1.50,WIFI
02:18:4A:AE:A2:41,,[WPA_WPA2_PSK],2025-3-24 22:2:22,1,-76,34.0696678,-117.2088318,339.80,1.50,WIFI
02:18:4A:AE:A2:45,Gwent,[WPA2_PSK],2025-3-24 22:2:22,1,-78,34.0696678,-117.2088318,339.80,1.50,WIFI
02:18:4A:AE:A2:44,JAS,[WPA2],2025-3-24 22:2:22,1,-78,34.0696678,-117.2088318,339.80,1.50,WIFI
02:18:4A:AE:A2:4F,,[WEP],2025-3-24 22:2:22,1,-80,34.0696678,-117.2088318,339.80,1.50,WIFI
02:18:4A:AE:A2:47,Ditto,[WPA_WPA2_PSK],2025-3-24 22:2:22,1,-81,34.0696678,-117.2088318,339.80,1.50,WIFI
24:0A:C4:1B:5E:F5,IOSiX ELD: 240AC41B5EF6,[WPA2_PSK],2025-3-24 22:2:28,6,-62,34.0692329,-117.2087860,340.10,1.50,WIFI
38:88:71:13:77:0C,Verizon_G4XH4H,[WPA2_PSK],2025-3-24 22:2:28,6,-71,34.0692329,-117.2087860,340.10,1.50,WIFI
94:91:7F:25:C4:B9,MySpectrumWiFiBB-2G,[WPA2_PSK],2025-3-24 22:2:28,6,-75,34.0692329,-117.2087860,340.10,1.50,WIFI
9E:25:4A:66:2E:30,Super 8,[OPEN],2025-3-24 22:2:28,6,-76,34.0692329,-117.2087860,340.10,1.50,WIFI
50:E9:DF:27:0E:F4,T-Mobile Broadband39,[WPA2_PSK],2025-3-24 22:2:28,6,-77,34.0692329,-117.2087860,340.10,1.50,WIFI
1E:5F:67:ED:58:30,,[WPA2_PSK],2025-3-24 22:2:31,9,-80,34.0688591,-117.2087860,340.40,1.50,WIFI
68:72:51:0E:F7:A7,ABVI,[OPEN],2025-3-24 22:2:32,10,-80,34.0687218,-117.2087936,340.80,1.50,WIFI
E2:55:A8:08:EE:17,Dennys_Employee_WIFI,[WPA2_PSK],2025-3-24 22:2:33,11,-77,34.0685844,-117.2087936,341.20,1.50,WIFI
EE:55:A8:08:EE:17,dmtnet,[WPA2_PSK],2025-3-24 22:2:33,11,-77,34.0685844,-117.2087936,341.20,1.50,WIFI
F6:55:A8:08:EE:17,PRESTO,[WPA2_PSK],2025-3-24 22:2:33,11,-77,34.0685844,-117.2087936,341.20,1.50,WIFI
DA:55:A8:08:EE:17,,[WPA2_PSK],2025-3-24 22:2:33,11,-77,34.0685844,-117.2087936,341.20,1.50,WIFI
86:15:44:A8:3C:97,EPIC-BYOD,[WPA2],2025-3-24 22:2:33,11,-80,34.0685844,-117.2087936,341.20,1.50,WIFI
54:65:DE:3C:A2:10,TG1672G12,[WPA2_PSK],2025-3-24 22:2:33,11,-82,34.0685844,-117.2087936,341.20,1.50,WIFI
F6:55:A8:08:EE:2B,PRESTO,[WPA2_PSK],2025-3-24 22:2:36,1,-72,34.0682411,-117.2087936,342.80,1.50,WIFI
DA:55:A8:08:EE:2B,,[WPA2_PSK],2025-3-24 22:2:36,1,-73,34.0682411,-117.2087936,342.80,1.50,WIFI
EE:55:A8:08:EE:2B,dmtnet,[WPA2_PSK],2025-3-24 22:2:36,1,-74,34.0682411,-117.2087936,342.80,1.50,WIFI
64:05:E4:68:6C:F8,CarPlay_6cf8,[WPA2_PSK],2025-3-24 22:2:36,1,-77,34.0682411,-117.2087936,342.80,1.50,WIFI
0E:62:A6:3E:51:87,,[WPA2_PSK],2025-3-24 22:2:36,1,-81,34.0682411,-117.2087936,342.80,1.50,WIFI
C4:6E:33:EE:3A:90,Moxee Tether59_2.4G,[WPA_WPA2_PSK],2025-3-24 22:2:39,3,-73,34.0680389,-117.2087936,344.00,1.50,WIFI
12:EF:3A:C7:7B:ED,DIRECT-roku-34X-E9A28F,[WPA2_PSK],2025-3-24 22:2:39,3,-83,34.0680389,-117.2087936,344.00,1.50,WIFI
06:C4:61:91:08:B1,My VW 7142,[WPA2_PSK],2025-3-24 22:2:42,6,-60,34.0679588,-117.2087936,344.40,1.50,WIFI
98:25:4A:66:2E:30,Super 8 Office,[WPA2_PSK],2025-3-24 22:2:42,6,-80,34.0679588,-117.2087936,344.40,1.50,WIFI
9E:25:4A:66:33:86,Super 8,[OPEN],2025-3-24 22:2:42,6,-84,34.0679588,-117.2087936,344.40,1.50,WIFI
22:48:6C:BC:8D:A2,,[WPA2_PSK],2025-3-24 22:2:42,6,-86,34.0679588,-117.2087936,344.40,1.50,WIFI
98:25:4A:66:2A:A8,Super 8 Office,[WPA2_PSK],2025-3-24 22:2:42,6,-87,34.0679588,-117.2087936,344.40,1.50,WIFI
EE:2E:98:BF:C4:6F,SR4-WileySanders,[WPA2_PSK],2025-3-24 22:2:43,7,-70,34.0679474,-117.2087936,344.50,1.50,WIFI
8C:FE:74:22:02:19,,[WPA2_PSK],2025-3-24 22:2:43,7,-84,34.0679474,-117.2087936,344.50,1.50,WIFI
16:5F:67:ED:59:47,Netgear,[WPA2_PSK],2025-3-24 22:2:45,9,-80,34.0679474,-117.2087936,344.50,1.50,WIFI
16:5F:67:ED:59:40,Netgear_Guest,[WPA2_PSK],2025-3-24 22:2:45,9,-82,34.0679474,-117.2087936,344.50,1.50,WIFI
9E:25:4A:66:31:16,Super 8,[OPEN],2025-3-24 22:2:47,11,-67,34.0679436,-117.2087936,344.40,1.50,WIFI
88:15:44:A8:3C:2C,,[WPA_WPA2_PSK],2025-3-24 22:2:47,11,-88,34.0679436,-117.2087936,344.40,1.50,WIFI
8E:15:44:A8:3C:2C,,[WPA2],2025-3-24 22:2:47,11,-90,34.0679436,-117.2087936,344.40,1.50,WIFI
C4:49:BB:0C:1F:76,Levi Allan,[WPA2_PSK],2025-3-24 22:2:48,1,-73,34.0679436,-117.2087936,344.40,1.50,WIFI
00:5F:67:6F:15:60,office 2.4ghz,[WPA2_WPA3_PSK],2025-3-24 22:2:52,2,-75,34.0679207,-117.2087936,344.50,1.50,WIFI
68:72:51:2A:42:3D,ABVI,[OPEN],2025-3-24 22:2:56,6,-74,34.0679131,-117.2087936,344.60,1.50,WIFI
BC:82:5D:D0:7B:76,WiFi Hotspot 2067,[WPA2_PSK],2025-3-24 22:2:56,6,-88,34.0679131,-117.2087936,344.60,1.50,WIFI
9E:25:4A:66:2A:A8,Super 8,[OPEN],2025-3-24 22:2:56,6,-88,34.0679131,-117.2087936,344.60,1.50,WIFI
E4:55:A8:08:EE:2B,Dennys Guest Wifi,[OPEN],2025-3-24 22:3:3,1,-74,34.0679092,-117.2087936,344.60,1.50,WIFI
E2:55:A8:08:EE:2B,Dennys_Employee_WIFI,[WPA2_PSK],2025-3-24 22:3:3,1,-74,34.0679092,-117.2087936,344.60,1.50,WIFI
02:24:A5:2A:C6:67,myChevrolet0174,[WPA2_PSK],2025-3-24 22:3:3,1,-78,34.0679092,-117.2087936,344.60,1.50,WIFI
06:DB:65:D5:FF:CA,DPW-iPad-JNH4Q6VL7T,[WPA2_WPA3_PSK],2025-3-24 22:3:10,6,-67,34.0679092,-117.2087860,344.60,1.50,WIFI
68:72:51:64:68:03,ABVI,[OPEN],2025-3-24 22:3:10,6,-76,34.0679092,-117.2087860,344.60,1.50,WIFI
16:5F:67:ED:59:46,,[WPA2_PSK],2025-3-24 22:3:13,9,-78,34.0679054,-117.2087860,344.60,1.50,WIFI
0C:8D:DB:7A:6C:A5,U-Haul Guest WIFI,[OPEN],2025-3-24 22:3:15,11,-70,34.0678825,-117.2087860,344.80,1.50,WIFI
06:8D:DB:7A:6C:A5,MCO716,[WPA2_PSK],2025-3-24 22:3:15,11,-71,34.0678825,-117.2087860,344.80,1.50,WIFI
02:8D:DB:7A:6C:A5,UHC_v2,[WPA2],2025-3-24 22:3:15,11,-71,34.0678825,-117.2087860,344.80,1.50,WIFI
98:25:4A:66:31:16,Super 8 Office,[WPA2_PSK],2025-3-24 22:3:15,11,-73,34.0678825,-117.2087860,344.80,1.50,WIFI
0E:62:A6:30:98:80,,[WPA2_PSK],2025-3-24 22:3:17,1,-84,34.0678139,-117.2087860,345.20,1.50,WIFI
4A:A5:6E:48:9A:BD,Cocktailswithaview,[WPA2_PSK],2025-3-24 22:3:21,3,-89,34.0675354,-117.2087860,346.70,1.50,WIFI
22:AD:56:48:A0:62,HotspotA062,[WPA_WPA2_PSK],2025-3-24 22:3:24,6,-61,34.0672607,-117.2087860,347.70,1.50,WIFI
CE:C0:79:97:C2:DC,DIRECT-Kc-Car_febe,[WPA2_PSK],2025-3-24 22:3:24,6,-73,34.0672607,-117.2087860,347.70,1.50,WIFI
8A:5A:85:F4:0A:E7,myGMC 0ae7,[WPA2_PSK],2025-3-24 22:3:29,11,-82,34.0669632,-117.2087860,348.30,1.50,WIFI
C4:49:BB:6E:9A:4C,WiFi Hotspot 7941,[WPA2_PSK],2025-3-24 22:3:29,11,-83,34.0669632,-117.2087860,348.30,1.50,WIFI
8E:DC:97:21:31:84,REDMAZ AP2,[WPA2_PSK],2025-3-24 22:3:29,11,-85,34.0669632,-117.2087860,348.30,1.50,WIFI
9E:25:4A:66:2F:78,Super 8,[OPEN],2025-3-24 22:3:31,1,-83,34.0668640,-117.2087860,348.40,1.50,WIFI
F8:F7:D3:0B:7E:F2,office,[WPA2_PSK],2025-3-24 22:3:31,1,-84,34.0668640,-117.2087860,348.40,1.50,WIFI
00:54:AF:D0:BB:33,HotspotBB33,[WPA_WPA2_PSK],2025-3-24 22:3:31,1,-85,34.0668640,-117.2087860,348.40,1.50,WIFI
00:30:44:5A:C4:5F,IBR600C-45e,[WPA2_PSK],2025-3-24 22:3:38,6,-61,34.0662155,-117.2087936,347.80,1.50,WIFI
1E:D6:BE:9C:6D:F0,myChevrolet,[WPA2_PSK],2025-3-24 22:3:38,6,-75,34.0662155,-117.2087936,347.80,1.50,WIFI
56:47:CC:F6:21:E7,Venue 38 Guest,[WPA2_PSK],2025-3-24 22:3:38,6,-77,34.0662155,-117.2087936,347.80,1.50,WIFI
FC:12:63:E0:50:7B,SpectrumSetup-7D,[WPA2_PSK],2025-3-24 22:3:38,6,-79,34.0662155,-117.2087936,347.80,1.50,WIFI
BC:FD:0C:D6:0C:A2,V100_K7D7A502,[WPA2_PSK],2025-3-24 22:3:38,6,-81,34.0662155,-117.2087936,347.80,1.50,WIFI
B0:D8:88:DF:B7:16,Car-b716,[WPA2_PSK],2025-3-24 22:3:38,6,-84,34.0662155,-117.2087936,347.80,1.50,WIFI
44:1E:98:FD:47:18,,[WPA2_PSK],2025-3-24 22:3:39,7,-74,34.0660782,-117.2087936,347.50,1.50,WIFI
44:1E:98:3D:47:19,,[WPA2_PSK],2025-3-24 22:3:39,7,-75,34.0660782,-117.2087936,347.50,1.50,WIFI
44:1E:98:7D:47:19,,[WPA2_PSK],2025-3-24 22:3:39,7,-77,34.0660782,-117.2087936,347.50,1.50,WIFI
8C:FE:74:62:02:18,,[WPA2],2025-3-24 22:3:39,7,-84,34.0660782,-117.2087936,347.50,1.50,WIFI
38:08:FD:00:00:66,Silca-Futura_0066,[WEP],2025-3-24 22:3:41,9,-77,34.0657921,-117.2088013,346.40,1.50,WIFI
94:3C:96:FB:A6:06,Frontier2486,[WPA2_PSK],2025-3-24 22:3:43,11,-72,34.0655136,-117.2088013,345.00,1.50,WIFI
A8:97:CD:CC:60:52,Frontier1344,[WPA2_PSK],2025-3-24 22:3:45,1,-68,34.0652428,-117.2088013,343.40,1.50,WIFI
AA:3B:76:37:E5:3F,DIRECT-s3MFC-J4335DW_BRe53f,[WPA2_PSK],2025-3-24 22:3:45,1,-69,34.0652428,-117.2088013,343.40,1.50,WIFI
5A:E4:03:12:12:DF,myChevrolet 12df,[WPA2_PSK],2025-3-24 22:3:45,1,-77,34.0652428,-117.2088013,343.40,1.50,WIFI
54:47:CC:E8:10:26,Frontier2160,[WPA2_PSK],2025-3-24 22:3:45,1,-83,34.0652428,-117.2088013,343.40,1.50,WIFI
30:E2:83:A4:D0:49,TMU-060321333650102,[OPEN],2025-3-24 22:3:45,1,-85,34.0652428,-117.2088013,343.40,1.50,WIFI
60:38:E0:81:99:3E,Mr. Taco (Office),[WPA_WPA2_PSK],2025-3-24 22:3:50,4,-74,34.0645676,-117.2088165,340.80,1.50,WIFI
D6:16:EE:48:77:37,CHEVROLET3790,[WPA2_WPA3_PSK],2025-3-24 22:3:52,6,-55,34.0643082,-117.2088242,340.60,1.50,WIFI
CC:D0:83:00:F0:C2,eBOS,[OPEN],2025-3-24 22:3:52,6,-75,34.0643082,-117.2088242,340.60,1.50,WIFI
CC:D0:83:00:F0:C1,McDonalds Free WiFi,[OPEN],2025-3-24 22:3:52,6,-76,34.0643082,-117.2088242,340.60,1.50,WIFI
2C:58:4F:0D:94:22,Frontier4144,[WPA2_PSK],2025-3-24 22:3:57,11,-47,34.0639267,-117.2088394,340.50,1.50,WIFI
20:F8:5E:DD:CC:26,ADJ Airstream DMX,[WPA2_PSK],2025-3-24 22:3:57,11,-66,34.0639267,-117.2088394,340.50,1.50,WIFI
28:24:FF:A9:34:48,GM-FDP,[WPA2_PSK],2025-3-24 22:3:57,11,-89,34.0639267,-117.2088394,340.50,1.50,WIFI
C6:55:A8:20:7F:11,GMFDP,[WPA3_PSK],2025-3-24 22:3:59,1,-67,34.0638542,-117.2088470,340.50,1.50,WIFI
E4:38:83:13:89:62,,[WPA2_PSK],2025-3-24 22:3:59,1,-73,34.0638542,-117.2088470,340.50,1.50,WIFI
EE:38:83:13:89:62,TBC-Service,[WPA_WPA2_PSK],2025-3-24 22:3:59,1,-74,34.0638542,-117.2088470,340.50,1.50,WIFI
EA:38:83:13:89:62,TBC-Guest,[WPA_WPA2_PSK],2025-3-24 22:3:59,1,-74,34.0638542,-117.2088470,340.50,1.50,WIFI
F2:38:83:13:89:62,,[WPA2_PSK],2025-3-24 22:3:59,1,-75,34.0638542,-117.2088470,340.50,1.50,WIFI
EE:38:83:13:39:06,TBC-Service,[WPA_WPA2_PSK],2025-3-24 22:3:59,1,-82,34.0638542,-117.2088470,340.50,1.50,WIFI
34:20:03:D9:75:6F,Fanimation_D9756F,[OPEN],2025-3-24 22:4:2,2,-61,34.0637817,-117.2088470,340.50,1.50,WIFI
2C:05:47:1B:0F:E1,Fanimation_1B0FE1,[OPEN],2025-3-24 22:4:3,3,-64,34.0637321,-117.2088470,340.50,1.50,WIFI
34:20:03:FB:B7:D6,Fanimation_FBB7D6,[OPEN],2025-3-24 22:4:3,3,-72,34.0637321,-117.2088470,340.50,1.50,WIFI
78:D2:94:19:81:36,NETGEAR36,[WPA2_PSK],2025-3-24 22:4:3,3,-82,34.0637321,-117.2088470,340.50,1.50,WIFI
9C:3D:CF:58:DF:B6,NETGEAR00,[WPA2_PSK],2025-3-24 22:4:3,3,-85,34.0637321,-117.2088470,340.50,1.50,WIFI
C8:B4:22:8E:ED:53,MySpectrumWiFi55-2G,[WPA2_PSK],2025-3-24 22:4:11,11,-64,34.0630188,-117.2088623,339.50,1.50,WIFI
34:49:5B:D4:10:8E,MySpectrumWiFi88-2G,[WPA2_PSK],2025-3-24 22:4:11,11,-70,34.0630188,-117.2088623,339.50,1.50,WIFI
10:DA:43:3A:6E:99,ngHub_319468NB01B61,[WPA2_PSK],2025-3-24 22:4:11,11,-73,34.0630188,-117.2088623,339.50,1.50,WIFI
00:30:44:50:C4:96,RAI-SIGNAGE,[WPA2_PSK],2025-3-24 22:4:11,11,-75,34.0630188,-117.2088623,339.50,1.50,WIFI
AE:46:9D:27:E7:9B,DelEmployee,[WPA2_PSK],2025-3-24 22:4:11,11,-76,34.0630188,-117.2088623,339.50,1.50,WIFI
A8:46:9D:27:E7:9B,DelGuest,[OPEN],2025-3-24 22:4:11,11,-84,34.0630188,-117.2088623,339.50,1.50,WIFI
00:30:44:31:F6:0B,AER1600-60a,[WPA2_PSK],2025-3-24 22:4:13,1,-62,34.0627785,-117.2088623,339.50,1.50,WIFI
C2:55:A8:20:7F:11,SMW,[WPA2],2025-3-24 22:4:13,1,-72,34.0627785,-117.2088623,339.50,1.50,WIFI
C0:89:AB:4B:7E:E8,Frontier4160,[WPA2_PSK],2025-3-24 22:4:13,1,-76,34.0627785,-117.2088623,339.50,1.50,WIFI
CE:22:26:A4:A6:F4,Chevy WiFi,[WPA2_PSK],2025-3-24 22:4:13,1,-86,34.0627785,-117.2088623,339.50,1.50,WIFI
2E:4C:C6:FA:D5:3B,CMML-2c4cc6fad53b,[OPEN],2025-3-24 22:4:17,3,-90,34.0622597,-117.2088623,339.30,1.50,WIFI
AA:05:D6:50:BF:89,DontRunWithScissors,[WPA2_PSK],2025-3-24 22:4:20,6,-59,34.0618706,-117.2088623,339.30,1.50,WIFI
9C:05:D6:50:BF:89,,[WPA2_PSK],2025-3-24 22:4:20,6,-60,34.0618706,-117.2088623,339.30,1.50,WIFI
A2:05:D6:50:BF:89,,[WPA2_PSK],2025-3-24 22:4:20,6,-61,34.0618706,-117.2088623,339.30,1.50,WIFI
A6:05:D6:50:BF:89,Running,[WPA2_PSK],2025-3-24 22:4:20,6,-61,34.0618706,-117.2088623,339.30,1.50,WIFI
78:29:ED:FE:DE:61,MySpectrumWiFi63-2G,[WPA2_PSK],2025-3-24 22:4:20,6,-70,34.0618706,-117.2088623,339.30,1.50,WIFI
68:D7:9A:84:9D:3B,EDGE Wi-Fi A,[WPA2_PSK],2025-3-24 22:4:20,6,-79,34.0618706,-117.2088623,339.30,1.50,WIFI
62:E6:F0:2A:A5:99,hotspot1,[WPA2_PSK],2025-3-24 22:4:21,7,-77,34.0617523,-117.2088623,339.30,1.50,WIFI
10:DA:43:C5:44:69,NETGEAR55,[WPA2_PSK],2025-3-24 22:4:23,9,-75,34.0615578,-117.2088623,339.30,1.50,WIFI
EC:6E:79:0C:0A:14,CR202-0C0A14,[WPA2_PSK],2025-3-24 22:4:25,11,-84,34.0613861,-117.2088623,339.20,1.50,WIFI
DE:B3:70:FF:CA:36,,[WPA2_PSK],2025-3-24 22:4:27,1,-85,34.0611916,-117.2088623,339.10,1.50,WIFI
DA:33:B7:D5:E2:B2,Redlands Thrift Guest,[WPA2_PSK],2025-3-24 22:4:27,1,-85,34.0611916,-117.2088623,339.10,1.50,WIFI
84:EB:3E:F8:88:47,tlf88846,[WPA2_PSK],2025-3-24 22:4:27,1,-88,34.0611916,-117.2088623,339.10,1.50,WIFI
2E:4C:C6:FA:31:E6,CMML-2c4cc6fa31e6,[OPEN],2025-3-24 22:4:31,3,-76,34.0606346,-117.2088547,338.90,1.50,WIFI
9C:C9:EB:5A:8D:B0,VAIS,[WPA2_PSK],2025-3-24 22:4:31,3,-81,34.0606346,-117.2088547,338.90,1.50,WIFI
EA:E8:B7:17:27:51,CMML-e8e8b7172751,[OPEN],2025-3-24 22:4:31,3,-82,34.0606346,-117.2088547,338.90,1.50,WIFI
2E:4C:C6:F5:D3:E2,CMML-2c4cc6f5d3e2,[OPEN],2025-3-24 22:4:31,3,-84,34.0606346,-117.2088547,338.90,1.50,WIFI
7E:4D:8F:4D:F2:A0,DIRECT-A0-HP Color LJ 4301,[WPA2_PSK],2025-3-24 22:4:34,6,-65,34.0601120,-117.2088470,338.80,1.50,WIFI
94:10:3E:90:FB:EA,Nava Realty Group,[WPA2_PSK],2025-3-24 22:4:34,6,-68,34.0601120,-117.2088470,338.80,1.50,WIFI
7A:AC:B9:B1:5B:60,,[WPA2_PSK],2025-3-24 22:4:34,6,-72,34.0601120,-117.2088470,338.80,1.50,WIFI
74:AC:B9:B1:5B:60,ManhattanComfortWest,[WPA2_PSK],2025-3-24 22:4:34,6,-73,34.0601120,-117.2088470,338.80,1.50,WIFI
86:2A:A8:1A:99:A5,,[WPA2_PSK],2025-3-24 22:4:34,6,-74,34.0601120,-117.2088470,338.80,1.50,WIFI
80:2A:A8:1A:99:A5,drfranco,[WPA2_PSK],2025-3-24 22:4:34,6,-75,34.0601120,-117.2088470,338.80,1.50,WIFI
74:D7:CA:6F:02:C2,Car-02c2,[WPA2_PSK],2025-3-24 22:4:34,6,-76,34.0601120,-117.2088470,338.80,1.50,WIFI
74:AC:B9:B1:5E:3C,ManhattanComfortWest,[WPA2_PSK],2025-3-24 22:4:34,6,-76,34.0601120,-117.2088470,338.80,1.50,WIFI
68:D7:9A:2A:5D:77,ManhattanComfortWest,[WPA2_PSK],2025-3-24 22:4:34,6,-78,34.0601120,-117.2088470,338.80,1.50,WIFI
5A:16:D7:A7:CA:87,myChevrolet,[WPA2_PSK],2025-3-24 22:4:34,6,-80,34.0601120,-117.2088470,338.80,1.50,WIFI
A8:5E:45:61:F3:2E,ECLYPSE-812D00,[WPA2_PSK],2025-3-24 22:4:34,6,-88,34.0601120,-117.2088470,338.80,1.50,WIFI
6C:CD:D6:E5:75:DD,,[WPA2_PSK],2025-3-24 22:4:38,9,-80,34.0593529,-117.2088394,338.60,1.50,WIFI
72:CD:D6:E5:75:DD,ORBI32,[WPA2_PSK],2025-3-24 22:4:38,9,-82,34.0593529,-117.2088394,338.60,1.50,WIFI
6C:CD:D6:E5:1B:6F,ORBI32,[WPA2_PSK],2025-3-24 22:4:38,9,-83,34.0593529,-117.2088394,338.60,1.50,WIFI
24:E5:0F:60:DD:59,Union Office,[WPA2_PSK],2025-3-24 22:4:40,11,-70,34.0589676,-117.2088394,338.50,1.50,WIFI
7A:45:58:27:BC:AD,drfranco,[WPA2_PSK],2025-3-24 22:4:40,11,-74,34.0589676,-117.2088394,338.50,1.50,WIFI
78:45:58:67:BC:AD,,[WPA2_PSK],2025-3-24 22:4:40,11,-78,34.0589676,-117.2088394,338.50,1.50,WIFI
DC:8C:37:3E:10:A0,CSLWLAN,[WPA2],2025-3-24 22:4:40,11,-85,34.0589676,-117.2088394,338.50,1.50,WIFI
22:76:13:0E:4D:69,,[WPA2_PSK],2025-3-24 22:4:42,1,-76,34.0585937,-117.2088318,338.60,1.50,WIFI
A6:05:D6:50:AF:D1,Frontier0184,[WPA2_PSK],2025-3-24 22:4:42,1,-77,34.0585937,-117.2088318,338.60,1.50,WIFI
60:57:47:9C:41:B6,,[WPA_WPA2_PSK],2025-3-24 22:4:42,1,-83,34.0585937,-117.2088318,338.60,1.50,WIFI
C8:7F:54:DC:62:48,pt8844,[WPA2_PSK],2025-3-24 22:4:46,3,-90,34.0578384,-117.2088242,338.80,1.50,WIFI
34:5D:9E:C3:66:56,JDLFX_3G,[WPA2_PSK],2025-3-24 22:4:49,6,-70,34.0572739,-117.2088165,338.90,1.50,WIFI
FC:12:63:00:01:E8,SpectrumSetup-EA,[WPA2_PSK],2025-3-24 22:4:49,6,-76,34.0572739,-117.2088165,338.90,1.50,WIFI
E6:E7:49:74:FF:74,DIRECT-74-HP OfficeJet Pro 8740,[WPA2_PSK],2025-3-24 22:4:49,6,-79,34.0572739,-117.2088165,338.90,1.50,WIFI
F8:E4:FB:4B:A5:05,CGBIZPARK,[WPA_WPA2_PSK],2025-3-24 22:4:49,6,-84,34.0572739,-117.2088165,338.90,1.50,WIFI
E4:C0:E2:6E:43:EE,Kimchi,[WPA2_PSK],2025-3-24 22:4:57,1,-85,34.0560226,-117.2088089,339.30,1.50,WIFI
48:F8:B3:F0:EC:22,SlicingWater2G,[WPA2_PSK],2025-3-24 22:5:0,3,-75,34.0558014,-117.2088089,339.20,1.50,WIFI
00:25:42:ED:29:E3,BlackVue590X-ED29E3,[WPA2_PSK],2025-3-24 22:5:3,6,-57,34.0557251,-117.2088089,339.20,1.50,WIFI
64:DA:ED:1A:A3:85,HappyWifiHappyLifi,[WPA2_PSK],2025-3-24 22:5:3,6,-84,34.0557251,-117.2088089,339.20,1.50,WIFI
F0:81:75:CD:F3:1E,SpectrumSetup-18,[WPA2_PSK],2025-3-24 22:5:11,1,-73,34.0557251,-117.2088013,339.00,1.50,WIFI
00:C8:96:D0:E4:72,,[WPA_WPA2_PSK],2025-3-24 22:5:11,1,-79,34.0557251,-117.2088013,339.00,1.50,WIFI
10:8E:BA:0A:03:EB,,[WPA2_PSK],2025-3-24 22:5:11,1,-83,34.0557251,-117.2088013,339.00,1.50,WIFI
24:2D:6C:66:3B:88,montana,[WPA2_PSK],2025-3-24 22:5:17,6,-60,34.0554047,-117.2088013,338.70,1.50,WIFI
24:2D:6C:66:3B:85,,[WPA3_PSK],2025-3-24 22:5:17,6,-67,34.0554047,-117.2088013,338.70,1.50,WIFI
24:2D:6C:66:3B:8B,,[OPEN],2025-3-24 22:5:17,6,-70,34.0554047,-117.2088013,338.70,1.50,WIFI
64:DA:ED:1A:A3:87,,[OPEN],2025-3-24 22:5:17,6,-79,34.0554047,-117.2088013,338.70,1.50,WIFI
74:93:DA:57:37:21,SpectrumSetup-23,[WPA2_PSK],2025-3-24 22:5:17,6,-80,34.0554047,-117.2088013,338.70,1.50,WIFI
2C:C8:1B:2A:4A:B6,NextDVP-U000220686016,[WPA_WPA2_PSK],2025-3-24 22:5:19,8,-84,34.0551682,-117.2087936,338.40,1.50,WIFI
2C:67:BE:0F:35:FB,SpectrumSetup-35F7,[WPA2_PSK],2025-3-24 22:5:22,11,-80,34.0547295,-117.2087936,337.70,1.50,WIFI
B0:95:75:45:8B:80,MySpectrumWiFic8-2G_2.4GEXT,[WPA2_PSK],2025-3-24 22:5:22,11,-85,34.0547295,-117.2087936,337.70,1.50,WIFI
74:37:5F:8E:E7:6B,SpectrumSetup-69,[WPA2_PSK],2025-3-24 22:5:22,11,-86,34.0547295,-117.2087936,337.70,1.50,WIFI
62:E6:F0:12:5B:60,DIRECT-BMW 56554,[WPA2_PSK],2025-3-24 22:5:22,11,-86,34.0547295,-117.2087936,337.70,1.50,WIFI
C8:9E:43:55:B8:72,Frontier0032_2GEXT,[WPA2_PSK],2025-3-24 22:5:25,1,-76,34.0542221,-117.2087860,337.10,1.50,WIFI
F0:7B:65:80:AF:B3,The Dungeon,[WPA2_PSK],2025-3-24 22:5:25,1,-77,34.0542221,-117.2087860,337.10,1.50,WIFI
F0:81:75:CD:C8:EE,DJC7,[WPA2_PSK],2025-3-24 22:5:25,1,-82,34.0542221,-117.2087860,337.10,1.50,WIFI
3C:6A:9D:13:E7:AA,Elgato Key Light Air EBFB,[OPEN],2025-3-24 22:5:25,1,-85,34.0542221,-117.2087860,337.10,1.50,WIFI
74:37:5F:D9:2F:C3,Rambo's Hut,[WPA2_PSK],2025-3-24 22:5:25,1,-86,34.0542221,-117.2087860,337.10,1.50,WIFI
28:6B:B4:0F:0E:08,[range]_E30AJT7113308W,[WPA2_PSK],2025-3-24 22:5:25,1,-87,34.0542221,-117.2087860,337.10,1.50,WIFI
82:64:6F:94:B7:9C,Tineco_0218,[OPEN],2025-3-24 22:5:25,1,-88,34.0542221,-117.2087860,337.10,1.50,WIFI
D8:47:32:FC:78:D8,TP-Link_78D8,[WPA_WPA2_PSK],2025-3-24 22:5:25,2,-79,34.0542221,-117.2087860,337.10,1.50,WIFI
DE:47:32:FC:78:D8,,[WPA2_PSK],2025-3-24 22:5:25,2,-80,34.0542221,-117.2087860,337.10,1.50,WIFI
00:42:5A:73:00:C0,WarehouseC,[WPA2_PSK],2025-3-24 22:5:25,2,-81,34.0542221,-117.2087860,337.10,1.50,WIFI
6E:7F:F0:04:1F:18,AK Wifi 7,[WPA3_PSK],2025-3-24 22:5:28,3,-67,34.0536957,-117.2087784,336.60,1.50,WIFI
6E:7F:F0:04:1F:1A,,[WPA2_WPA3_PSK],2025-3-24 22:5:28,3,-70,34.0536957,-117.2087784,336.60,1.50,WIFI
6E:7F:F0:04:1F:1C,,[WPA2_PSK],2025-3-24 22:5:28,3,-73,34.0536957,-117.2087784,336.60,1.50,WIFI
6E:7F:F0:04:1F:1B,AK Network 5G,[WPA2_PSK],2025-3-24 22:5:28,3,-74,34.0536957,-117.2087784,336.60,1.50,WIFI
F0:2F:74:C1:9D:80,4Prophet,[WPA2_PSK],2025-3-24 22:5:30,5,-66,34.0533562,-117.2087708,336.50,1.50,WIFI
FC:3F:A6:F5:25:66,Deathknight,[WPA2_PSK],2025-3-24 22:5:31,6,-60,34.0531883,-117.2087708,336.50,1.50,WIFI
F0:7B:65:EB:AD:88,SpectrumSetup-AD82,[WPA2_PSK],2025-3-24 22:5:31,6,-61,34.0531883,-117.2087708,336.50,1.50,WIFI
D4:3F:32:05:40:86,210,[WPA2_PSK],2025-3-24 22:5:31,6,-61,34.0531883,-117.2087708,336.50,1.50,WIFI
D4:3F:32:05:40:83,,[WPA3_PSK],2025-3-24 22:5:31,6,-62,34.0531883,-117.2087708,336.50,1.50,WIFI
D4:3F:32:05:40:89,,[OPEN],2025-3-24 22:5:31,6,-62,34.0531883,-117.2087708,336.50,1.50,WIFI
76:A7:41:8A:D6:10,,[WPA2_PSK],2025-3-24 22:5:31,6,-68,34.0531883,-117.2087708,336.50,1.50,WIFI
A0:7F:8A:1B:BB:F4,SpectrumSetup-BBEE,[WPA2_PSK],2025-3-24 22:5:31,6,-68,34.0531883,-117.2087708,336.50,1.50,WIFI
70:A7:41:8A:D6:10,EWS Wireless ,[WPA2_PSK],2025-3-24 22:5:31,6,-69,34.0531883,-117.2087708,336.50,1.50,WIFI
7A:A7:41:8A:D6:10,,[WPA2_PSK],2025-3-24 22:5:31,6,-70,34.0531883,-117.2087708,336.50,1.50,WIFI
28:EC:22:2E:B5:69,,[OPEN],2025-3-24 22:5:31,6,-71,34.0531883,-117.2087708,336.50,1.50,WIFI
28:EC:22:2E:B5:66,The Internet Machine,[WPA2_PSK],2025-3-24 22:5:31,6,-71,34.0531883,-117.2087708,336.50,1.50,WIFI
28:EC:22:2E:B5:63,,[WPA3_PSK],2025-3-24 22:5:31,6,-72,34.0531883,-117.2087708,336.50,1.50,WIFI
D4:3F:32:8C:69:26,dontstressitsjess,[WPA2_PSK],2025-3-24 22:5:31,6,-76,34.0531883,-117.2087708,336.50,1.50,WIFI
9C:57:BC:B2:58:03,,[WPA3_PSK],2025-3-24 22:5:31,6,-76,34.0531883,-117.2087708,336.50,1.50,WIFI
9C:57:BC:B2:58:09,,[OPEN],2025-3-24 22:5:31,6,-76,34.0531883,-117.2087708,336.50,1.50,WIFI
9C:57:BC:B2:58:06,RR,[WPA2_PSK],2025-3-24 22:5:31,6,-76,34.0531883,-117.2087708,336.50,1.50,WIFI
74:93:DA:8B:CC:19,SpectrumSetup-1B,[WPA2_PSK],2025-3-24 22:5:31,6,-77,34.0531883,-117.2087708,336.50,1.50,WIFI
5C:18:DD:F9:1E:44,,[WPA_WPA2_PSK],2025-3-24 22:5:31,7,-69,34.0531883,-117.2087708,336.50,1.50,WIFI
30:60:0A:FC:28:44,,[WPA_WPA2_PSK],2025-3-24 22:5:31,7,-71,34.0531883,-117.2087708,336.50,1.50,WIFI
54:04:63:C5:77:81,,[WPA_WPA2_PSK],2025-3-24 22:5:35,9,-76,34.0526161,-117.2087631,336.70,1.50,WIFI
9A:8C:B5:39:40:B7,,[WPA2_PSK],2025-3-24 22:5:35,9,-82,34.0526161,-117.2087631,336.70,1.50,WIFI
FC:B2:D6:3D:44:57,,[WPA_WPA2_PSK],2025-3-24 22:5:35,9,-83,34.0526161,-117.2087631,336.70,1.50,WIFI
EA:07:B6:AF:F5:A9,,[WPA2_PSK],2025-3-24 22:5:36,10,-73,34.0525131,-117.2087631,336.90,1.50,WIFI
D8:07:B6:AF:F5:A9,2FAST4U,[WPA_WPA2_PSK],2025-3-24 22:5:36,10,-74,34.0525131,-117.2087631,336.90,1.50,WIFI
06:0E:3C:5B:D2:1F,DIRECT-1F-HP ENVY 5000 series,[WPA2_PSK],2025-3-24 22:5:36,10,-77,34.0525131,-117.2087631,336.90,1.50,WIFI
14:7D:05:8E:B9:1F,SpectrumSetup-1D,[WPA2_PSK],2025-3-24 22:5:37,11,-61,34.0524216,-117.2087631,336.90,1.50,WIFI
A0:55:1F:44:34:A6,SpectrumSetup-34A0,[WPA2_PSK],2025-3-24 22:5:37,11,-62,34.0524216,-117.2087631,336.90,1.50,WIFI
88:67:46:8E:E6:26,hayden,[WPA2_PSK],2025-3-24 22:5:37,11,-63,34.0524216,-117.2087631,336.90,1.50,WIFI
74:93:DA:AD:C5:B0,Fouad22,[WPA2_PSK],2025-3-24 22:5:37,11,-65,34.0524216,-117.2087631,336.90,1.50,WIFI
A0:8E:24:4D:27:E5,Matisse,[WPA2_PSK],2025-3-24 22:5:37,11,-65,34.0524216,-117.2087631,336.90,1.50,WIFI
88:67:46:8E:E6:29,,[OPEN],2025-3-24 22:5:37,11,-65,34.0524216,-117.2087631,336.90,1.50,WIFI
88:67:46:8E:E6:23,,[WPA3_PSK],2025-3-24 22:5:37,11,-66,34.0524216,-117.2087631,336.90,1.50,WIFI
28:EC:22:F5:32:23,,[WPA3_PSK],2025-3-24 22:5:37,11,-73,34.0524216,-117.2087631,336.90,1.50,WIFI
0A:A6:BC:CB:16:9D,,[WPA2_PSK],2025-3-24 22:5:37,11,-74,34.0524216,-117.2087631,336.90,1.50,WIFI
F4:52:46:D9:6E:23,JMBahia,[WPA2_PSK],2025-3-24 22:5:37,11,-76,34.0524216,-117.2087631,336.90,1.50,WIFI
88:67:46:7B:BD:23,,[WPA3_PSK],2025-3-24 22:5:37,11,-76,34.0524216,-117.2087631,336.90,1.50,WIFI
50:27:A9:29:B8:25,unequivocal,[WPA2_PSK],2025-3-24 22:5:37,11,-83,34.0524216,-117.2087631,336.90,1.50,WIFI
A4:E8:8D:0D:B5:0E,HLD_A,[WPA_WPA2_PSK],2025-3-24 22:5:37,13,-93,34.0524216,-117.2087631,336.90,1.50,WIFI
9C:57:BC:B0:C3:83,,[WPA3_PSK],2025-3-24 22:5:37,1,-50,34.0524216,-117.2087631,336.90,1.50,WIFI
9C:57:BC:B0:C3:89,,[OPEN],2025-3-24 22:5:37,1,-50,34.0524216,-117.2087631,336.90,1.50,WIFI
9C:57:BC:B0:C3:86,PM,[WPA2_PSK],2025-3-24 22:5:37,1,-51,34.0524216,-117.2087631,336.90,1.50,WIFI
74:37:5F:2E:7A:C3,SpectrumSetup-C1,[WPA2_PSK],2025-3-24 22:5:37,1,-62,34.0524216,-117.2087631,336.90,1.50,WIFI
74:37:5F:DA:CF:27,KittyKatsWifi,[WPA2_PSK],2025-3-24 22:5:37,1,-69,34.0524216,-117.2087631,336.90,1.50,WIFI
FC:B2:D6:C9:2D:AC,,[WPA_WPA2_PSK],2025-3-24 22:5:37,1,-70,34.0524216,-117.2087631,336.90,1.50,WIFI
74:37:5F:F4:88:65,GlobexCorporation,[WPA2_PSK],2025-3-24 22:5:37,1,-73,34.0524216,-117.2087631,336.90,1.50,WIFI
E0:63:DA:C4:2F:75,Legacy,[WPA2_WPA3_PSK],2025-3-24 22:5:37,1,-75,34.0524216,-117.2087631,336.90,1.50,WIFI
8A:A7:31:04:FA:9D,,[WPA2_PSK],2025-3-24 22:5:43,3,-81,34.0521965,-117.2087555,337.20,1.50,WIFI
90:91:64:24:6D:75,fleming-EXT,[WPA2_PSK],2025-3-24 22:5:44,4,-72,34.0521965,-117.2087555,337.20,1.50,WIFI
84:A0:6E:B4:DB:CE,fleming,[WPA2_PSK],2025-3-24 22:5:44,4,-77,34.0521965,-117.2087555,337.20,1.50,WIFI
18:A5:FF:A3:FF:CA,TMOBILE-FFC8,[WPA2_WPA3_PSK],2025-3-24 22:5:45,5,-68,34.0521965,-117.2087555,337.20,1.50,WIFI
C8:E3:06:6D:7D:45,mojo24,[WPA2_PSK],2025-3-24 22:5:46,6,-67,34.0521965,-117.2087555,337.10,1.50,WIFI
9C:A5:70:54:F6:85,BAINS,[WPA2_PSK],2025-3-24 22:5:46,6,-69,34.0521965,-117.2087555,337.10,1.50,WIFI
9C:A5:70:54:F6:87,,[OPEN],2025-3-24 22:5:46,6,-70,34.0521965,-117.2087555,337.10,1.50,WIFI
74:37:5F:9F:94:37,SpectrumSetup-35,[WPA2_PSK],2025-3-24 22:5:46,6,-71,34.0521965,-117.2087555,337.10,1.50,WIFI
F8:5B:3B:75:13:85,SpectrumSetup-87,[WPA2_PSK],2025-3-24 22:5:46,6,-73,34.0521965,-117.2087555,337.10,1.50,WIFI
50:27:A9:66:2D:65,MR,[WPA2_PSK],2025-3-24 22:5:46,6,-75,34.0521965,-117.2087555,337.10,1.50,WIFI
50:27:A9:66:2D:67,,[OPEN],2025-3-24 22:5:46,6,-76,34.0521965,-117.2087555,337.10,1.50,WIFI
2C:4D:54:B1:AB:20,,[WPA2_PSK],2025-3-24 22:5:47,7,-74,34.0521965,-117.2087555,337.10,1.50,WIFI
2C:4D:54:B1:AB:21,Oso Guest,[WPA2_PSK],2025-3-24 22:5:47,7,-74,34.0521965,-117.2087555,337.10,1.50,WIFI
CA:41:1E:53:58:84,,[WPA2_PSK],2025-3-24 22:5:47,7,-80,34.0521965,-117.2087555,337.10,1.50,WIFI
C4:41:1E:53:58:84,Omega,[WPA2_PSK],2025-3-24 22:5:47,7,-81,34.0521965,-117.2087555,337.10,1.50,WIFI
00:C8:96:04:8A:D8,,[WPA_WPA2_PSK],2025-3-24 22:5:48,8,-65,34.0521965,-117.2087555,337.00,1.50,WIFI
50:27:A9:29:B8:23,,[WPA3_PSK],2025-3-24 22:5:51,11,-69,34.0521965,-117.2087555,336.80,1.50,WIFI
50:27:A9:29:B8:27,,[OPEN],2025-3-24 22:5:51,11,-71,34.0521965,-117.2087555,336.80,1.50,WIFI
1A:1E:A3:2E:53:A3,SpectrumSetup-A0,[WPA2_PSK],2025-3-24 22:5:51,11,-72,34.0521965,-117.2087555,336.80,1.50,WIFI
28:EC:22:2C:66:89,,[OPEN],2025-3-24 22:5:51,11,-73,34.0521965,-117.2087555,336.80,1.50,WIFI
28:EC:22:2C:66:86,Sunshine,[WPA2_PSK],2025-3-24 22:5:51,11,-73,34.0521965,-117.2087555,336.80,1.50,WIFI
28:EC:22:2C:66:83,,[WPA3_PSK],2025-3-24 22:5:51,11,-74,34.0521965,-117.2087555,336.80,1.50,WIFI
74:37:5F:D8:5F:B3,SpectrumSetup-B1,[WPA2_PSK],2025-3-24 22:5:51,11,-78,34.0521965,-117.2087555,336.80,1.50,WIFI
12:36:C9:0F:7B:0B,,[WPA2_PSK],2025-3-24 22:5:51,11,-83,34.0521965,-117.2087555,336.80,1.50,WIFI
08:F0:1E:E8:8F:E3,,[WPA3_PSK],2025-3-24 22:5:55,1,-80,34.0522003,-117.2087555,336.70,1.50,WIFI
58:96:71:34:A3:32,Verizon_FTKQK6,[WPA2_PSK],2025-3-24 22:5:55,1,-81,34.0522003,-117.2087555,336.70,1.50,WIFI
02:71:47:E9:9D:27,,[WPA2_PSK],2025-3-24 22:5:58,4,-78,34.0522003,-117.2087555,336.60,1.50,WIFI
F0:7B:65:C2:F4:A6,SpectrumSetup-F4A0,[WPA2_PSK],2025-3-24 22:6:0,6,-67,34.0522003,-117.2087555,336.60,1.50,WIFI
00:25:CA:81:16:65,Motive AABL36MD092693,[WPA2_PSK],2025-3-24 22:6:0,6,-72,34.0522003,-117.2087555,336.60,1.50,WIFI
D4:3F:32:88:CD:03,,[WPA3_PSK],2025-3-24 22:6:0,6,-77,34.0522003,-117.2087555,336.60,1.50,WIFI
78:76:89:35:98:47,Orange House,[WPA2_PSK],2025-3-24 22:6:5,11,-70,34.0522003,-117.2087555,336.60,1.50,WIFI
78:76:89:35:98:4A,,[OPEN],2025-3-24 22:6:5,11,-71,34.0522003,-117.2087555,336.60,1.50,WIFI
F4:69:42:01:44:98,Schaffran,[WPA2_PSK],2025-3-24 22:6:9,1,-64,34.0521507,-117.2087555,336.70,1.50,WIFI
C8:C6:FE:6F:8D:69,,[OPEN],2025-3-24 22:6:9,1,-72,34.0521507,-117.2087555,336.70,1.50,WIFI
C8:C6:FE:6F:8D:66,Rio Residences,[WPA2_PSK],2025-3-24 22:6:9,1,-72,34.0521507,-117.2087555,336.70,1.50,WIFI
C8:C6:FE:6F:8D:63,,[WPA3_PSK],2025-3-24 22:6:9,1,-73,34.0521507,-117.2087555,336.70,1.50,WIFI
FC:3F:A6:FE:67:26,Casa Acosta-Segura,[WPA2_PSK],2025-3-24 22:6:14,6,-54,34.0517807,-117.2087555,337.20,1.50,WIFI
FC:3F:A6:FE:67:23,,[WPA3_PSK],2025-3-24 22:6:14,6,-55,34.0517807,-117.2087555,337.20,1.50,WIFI
FC:3F:A6:FE:67:29,,[OPEN],2025-3-24 22:6:14,6,-57,34.0517807,-117.2087555,337.20,1.50,WIFI
28:EC:22:4C:F5:23,,[WPA3_PSK],2025-3-24 22:6:14,6,-60,34.0517807,-117.2087555,337.20,1.50,WIFI
28:EC:22:4C:F5:26,AdAstra,[WPA2_PSK],2025-3-24 22:6:14,6,-61,34.0517807,-117.2087555,337.20,1.50,WIFI
28:EC:22:4C:F5:29,,[OPEN],2025-3-24 22:6:14,6,-62,34.0517807,-117.2087555,337.20,1.50,WIFI
9C:A5:70:54:F6:83,,[WPA3_PSK],2025-3-24 22:6:14,6,-64,34.0517807,-117.2087555,337.20,1.50,WIFI
D4:3F:32:88:CD:06,bbygrl,[WPA2_PSK],2025-3-24 22:6:14,6,-65,34.0517807,-117.2087555,337.20,1.50,WIFI
D4:3F:32:88:CD:09,,[OPEN],2025-3-24 22:6:14,6,-68,34.0517807,-117.2087555,337.20,1.50,WIFI
08:9B:F1:0D:A3:A7,,[OPEN],2025-3-24 22:6:14,6,-68,34.0517807,-117.2087555,337.20,1.50,WIFI
08:9B:F1:0D:A3:A5,apgwifi,[WPA2_PSK],2025-3-24 22:6:14,6,-68,34.0517807,-117.2087555,337.20,1.50,WIFI
F0:7B:65:24:17:10,Domain Expansion,[WPA2_PSK],2025-3-24 22:6:14,6,-69,34.0517807,-117.2087555,337.20,1.50,WIFI
FC:3F:A6:F8:D6:29,,[OPEN],2025-3-24 22:6:14,6,-69,34.0517807,-117.2087555,337.20,1.50,WIFI
08:9B:F1:0D:A3:A3,,[WPA3_PSK],2025-3-24 22:6:14,6,-70,34.0517807,-117.2087555,337.20,1.50,WIFI
FC:3F:A6:F8:D6:23,,[WPA3_PSK],2025-3-24 22:6:14,6,-70,34.0517807,-117.2087555,337.20,1.50,WIFI
A0:89:66:8D:EE:80,,[WPA_WPA2_PSK],2025-3-24 22:6:14,6,-71,34.0517807,-117.2087555,337.20,1.50,WIFI
FA:8F:CA:7B:D6:E8,Living Room TV.m_,[OPEN],2025-3-24 22:6:14,6,-80,34.0517807,-117.2087555,337.20,1.50,WIFI
24:94:CB:83:BC:80,Frontier8064,[WPA2_PSK],2025-3-24 22:6:14,6,-82,34.0517807,-117.2087555,337.20,1.50,WIFI
94:98:8F:5B:A2:46,ItHurtsWhenIP,[WPA2_WPA3_PSK],2025-3-24 22:6:14,6,-84,34.0517807,-117.2087555,337.20,1.50,WIFI
10:DA:43:71:65:FE,LaMerOpale2,[WPA2_PSK],2025-3-24 22:6:18,9,-72,34.0512810,-117.2087402,338.20,1.50,WIFI
46:3F:8C:6E:C7:9E,Bad Bitch Network _Guest,[WPA2_PSK],2025-3-24 22:6:18,9,-84,34.0512810,-117.2087402,338.20,1.50,WIFI
3C:37:86:3F:E8:DE,ARLO_VMB_9836958515,[WPA2_PSK],2025-3-24 22:6:20,11,-67,34.0509911,-117.2087326,338.90,1.50,WIFI
0E:36:C9:0F:7B:0B,ORBI99,[WPA2_PSK],2025-3-24 22:6:20,11,-69,34.0509911,-117.2087326,338.90,1.50,WIFI
FC:12:63:82:C4:0D,SpectrumSetup-0F,[WPA2_PSK],2025-3-24 22:6:20,11,-81,34.0509911,-117.2087326,338.90,1.50,WIFI
58:9B:4A:93:5C:67,SpectrumSetup-5C63,[WPA2_PSK],2025-3-24 22:6:20,11,-82,34.0509911,-117.2087326,338.90,1.50,WIFI
F4:52:46:ED:60:E3,SpectrumSetup-E5,[WPA2_PSK],2025-3-24 22:6:20,11,-83,34.0509911,-117.2087326,338.90,1.50,WIFI
58:96:71:41:52:A6,Verizon_GLG6FB,[WPA2_PSK],2025-3-24 22:6:20,11,-83,34.0509911,-117.2087326,338.90,1.50,WIFI
4C:AB:F8:E2:F5:DF,M and J Smoke Shop,[WPA2_PSK],2025-3-24 22:6:23,1,-66,34.0505714,-117.2087326,340.00,1.50,WIFI
BC:96:E5:80:62:47,M0liFale098,[WPA2_PSK],2025-3-24 22:6:23,1,-67,34.0505714,-117.2087326,340.00,1.50,WIFI
74:37:5F:57:02:27,SpectrumSetup-25,[WPA2_PSK],2025-3-24 22:6:23,1,-71,34.0505714,-117.2087326,340.00,1.50,WIFI
C0:3C:04:A8:FE:8F,TheDoctorsDen,[WPA2_PSK],2025-3-24 22:6:23,1,-75,34.0505714,-117.2087326,340.00,1.50,WIFI
3C:5C:F1:D7:A8:02,,[WPA3_PSK],2025-3-24 22:6:23,1,-76,34.0505714,-117.2087326,340.00,1.50,WIFI
3C:5C:F1:D7:A8:06,,[OPEN],2025-3-24 22:6:23,1,-76,34.0505714,-117.2087326,340.00,1.50,WIFI
4C:22:F3:6B:83:AB,Verizon_KS43LX,[WPA2_PSK],2025-3-24 22:6:23,1,-76,34.0505714,-117.2087326,340.00,1.50,WIFI
0E:53:D2:B7:13:85,,[WPA2_PSK],2025-3-24 22:6:23,1,-79,34.0505714,-117.2087326,340.00,1.50,WIFI
A0:7F:8A:37:0B:C5,SpectrumSetup-0BBF,[WPA2_PSK],2025-3-24 22:6:23,1,-82,34.0505714,-117.2087326,340.00,1.50,WIFI
2C:EA:DC:20:CE:71,SpectrumSetup-73,[WPA2_PSK],2025-3-24 22:6:23,1,-82,34.0505714,-117.2087326,340.00,1.50,WIFI
00:E0:20:27:DC:67,NETGEAR43_Ext,[WPA2_PSK],2025-3-24 22:6:23,2,-77,34.0505714,-117.2087326,340.00,1.50,WIFI
DE:C2:C9:B5:3A:0C,B53A0C-TS3700series,[WPA2_PSK],2025-3-24 22:6:26,3,-85,34.0501671,-117.2087250,341.50,1.50,WIFI
50:91:E3:A3:77:02,Kolby’s Network ,[WPA2_PSK],2025-3-24 22:6:27,4,-85,34.0500336,-117.2087250,342.00,1.50,WIFI
56:91:E3:A3:77:06,,[WPA2_PSK],2025-3-24 22:6:27,4,-88,34.0500336,-117.2087250,342.00,1.50,WIFI
56:91:E3:A3:77:02,,[WPA2_PSK],2025-3-24 22:6:27,4,-88,34.0500336,-117.2087250,342.00,1.50,WIFI
44:AC:85:9F:DD:09,,[OPEN],2025-3-24 22:6:29,6,-77,34.0497627,-117.2087250,343.10,1.50,WIFI
44:AC:85:9F:DD:06,LE,[WPA2_WPA3_PSK],2025-3-24 22:6:29,6,-78,34.0497627,-117.2087250,343.10,1.50,WIFI
1C:B0:44:CC:AF:B8,MySpectrumWiFiBA-2G,[WPA2_PSK],2025-3-24 22:6:29,6,-82,34.0497627,-117.2087250,343.10,1.50,WIFI
A0:7F:8A:29:43:7D,SpectrumSetup-4377,[WPA2_PSK],2025-3-24 22:6:29,6,-82,34.0497627,-117.2087250,343.10,1.50,WIFI
60:D0:2C:76:7E:83,Recover.Me-367E80,[WPA2_PSK],2025-3-24 22:6:31,8,-79,34.0494919,-117.2087250,344.00,1.50,WIFI
46:3F:8C:6F:10:66,Bad Bitch Network _Guest,[WPA2_PSK],2025-3-24 22:6:32,9,-70,34.0493469,-117.2087173,344.60,1.50,WIFI
40:3F:8C:6F:10:66,Bad Bitch Network ,[WPA2_PSK],2025-3-24 22:6:32,9,-74,34.0493469,-117.2087173,344.60,1.50,WIFI
4A:3F:8C:6F:10:66,,[WPA2_PSK],2025-3-24 22:6:32,9,-75,34.0493469,-117.2087173,344.60,1.50,WIFI
40:3F:8C:6E:C7:9E,Bad Bitch Network ,[WPA2_PSK],2025-3-24 22:6:32,9,-80,34.0493469,-117.2087173,344.60,1.50,WIFI
A2:98:B5:32:92:63,NETGEAR99-Guest,[WPA2_PSK],2025-3-24 22:6:32,9,-82,34.0493469,-117.2087173,344.60,1.50,WIFI
34:98:B5:31:86:B4,NETGEAR99,[WPA2_PSK],2025-3-24 22:6:32,9,-83,34.0493469,-117.2087173,344.60,1.50,WIFI
E6:FA:C4:27:07:70,,[WPA2_PSK],2025-3-24 22:6:32,9,-89,34.0493469,-117.2087173,344.60,1.50,WIFI
98:DA:C4:7B:FE:BC,TP-Link_FEBC,[WPA_WPA2_PSK],2025-3-24 22:6:33,10,-83,34.0491982,-117.2087173,345.00,1.50,WIFI
84:70:D7:95:3B:64,,[WPA3_PSK],2025-3-24 22:6:34,11,-73,34.0490532,-117.2087173,345.60,1.50,WIFI
84:70:D7:95:3B:67,Beau's Wifi,[WPA2_PSK],2025-3-24 22:6:34,11,-73,34.0490532,-117.2087173,345.60,1.50,WIFI
84:70:D7:95:3B:6A,,[OPEN],2025-3-24 22:6:34,11,-74,34.0490532,-117.2087173,345.60,1.50,WIFI
26:5A:4C:A8:D3:02,MRC_Guest,[WPA2_PSK],2025-3-24 22:6:34,11,-78,34.0490532,-117.2087173,345.60,1.50,WIFI
08:7B:12:5E:BB:7C,nachowifi,[WPA2_PSK],2025-3-24 22:6:34,11,-78,34.0490532,-117.2087173,345.60,1.50,WIFI
F4:52:46:78:4C:E2,Redd Cafe,[WPA2_PSK],2025-3-24 22:6:34,11,-80,34.0490532,-117.2087173,345.60,1.50,WIFI
C8:B4:22:C0:B8:F9,MySpectrumWiFiFB-2G,[WPA2_PSK],2025-3-24 22:6:34,11,-81,34.0490532,-117.2087173,345.60,1.50,WIFI
E6:9E:28:FF:EB:4C,,[WPA2_PSK],2025-3-24 22:6:34,11,-81,34.0490532,-117.2087173,345.60,1.50,WIFI
4C:AB:F8:EA:90:23,SpectrumSetup-25,[WPA2_PSK],2025-3-24 22:6:37,1,-60,34.0485802,-117.2087021,347.40,1.50,WIFI
4C:19:5D:03:C2:FD,SpectrumSetup-F7,[WPA2_PSK],2025-3-24 22:6:37,1,-66,34.0485802,-117.2087021,347.40,1.50,WIFI
4C:19:5D:B3:F2:08,SpectrumSetup-02,[WPA2_PSK],2025-3-24 22:6:37,1,-74,34.0485802,-117.2087021,347.40,1.50,WIFI
B4:FB:E4:84:D1:29,,[WPA2_PSK],2025-3-24 22:6:37,1,-74,34.0485802,-117.2087021,347.40,1.50,WIFI
B6:FB:E4:94:D1:29,MRC_Private,[WPA2_PSK],2025-3-24 22:6:37,1,-75,34.0485802,-117.2087021,347.40,1.50,WIFI
B6:FB:E4:A4:D1:29,MRC_Guest,[WPA2_PSK],2025-3-24 22:6:37,1,-76,34.0485802,-117.2087021,347.40,1.50,WIFI
60:57:47:DE:FB:80,,[WPA_WPA2_PSK],2025-3-24 22:6:37,1,-78,34.0485802,-117.2087021,347.40,1.50,WIFI
50:EB:F6:12:3D:F8,PilloWiFight,[WPA2_PSK],2025-3-24 22:6:40,3,-82,34.0481110,-117.2086945,348.70,1.50,WIFI
F0:A7:31:C8:61:F4,TP-Link_61F4,[WPA2_PSK],2025-3-24 22:6:41,4,-82,34.0479736,-117.2086868,349.00,1.50,WIFI
F2:A7:31:A8:61:F4,,[WPA2_PSK],2025-3-24 22:6:41,4,-86,34.0479736,-117.2086868,349.00,1.50,WIFI
AC:DF:9F:51:A0:82,TMOBILE-A080,[WPA2_WPA3_PSK],2025-3-24 22:6:42,5,-71,34.0478477,-117.2086868,349.10,1.50,WIFI
82:9A:4A:2F:C6:C9,,[WPA2_PSK],2025-3-24 22:6:42,5,-75,34.0478477,-117.2086868,349.10,1.50,WIFI
82:9A:4A:2F:C6:C8,Wifi,[WPA3_PSK],2025-3-24 22:6:42,5,-78,34.0478477,-117.2086868,349.10,1.50,WIFI
4C:AB:F8:45:E8:0D,SpectrumSetup-0F,[WPA2_PSK],2025-3-24 22:6:43,6,-66,34.0477409,-117.2086945,349.10,1.50,WIFI
FC:12:63:A8:92:B1,SpectrumSetup-B3,[WPA2_PSK],2025-3-24 22:6:43,6,-72,34.0477409,-117.2086945,349.10,1.50,WIFI
FC:12:63:7E:18:66,Daizy Daze,[WPA2_PSK],2025-3-24 22:6:43,6,-73,34.0477409,-117.2086945,349.10,1.50,WIFI
74:93:DA:A5:5B:05,SpectrumSetup-07,[WPA2_PSK],2025-3-24 22:6:43,6,-74,34.0477409,-117.2086945,349.10,1.50,WIFI
60:F4:19:F1:E9:26,Frontier1904_5G,[WPA2_PSK],2025-3-24 22:6:43,6,-74,34.0477409,-117.2086945,349.10,1.50,WIFI
6C:5A:B0:27:BA:1B,Turton,[WPA2_PSK],2025-3-24 22:6:44,7,-75,34.0476608,-117.2087097,349.30,1.50,WIFI
8E:5A:B0:27:BA:1B,,[WPA2_PSK],2025-3-24 22:6:44,7,-77,34.0476608,-117.2087097,349.30,1.50,WIFI
E6:46:EE:1C:66:07,mor405,[WPA2_PSK],2025-3-24 22:6:45,8,-71,34.0475998,-117.2087250,349.40,1.50,WIFI
E6:46:EE:1C:B7:83,mor405,[WPA2_PSK],2025-3-24 22:6:45,8,-74,34.0475998,-117.2087250,349.40,1.50,WIFI
E0:46:EE:1C:66:07,,[WPA2_PSK],2025-3-24 22:6:45,8,-74,34.0475998,-117.2087250,349.40,1.50,WIFI
A0:89:66:9E:B4:E8,,[WPA_WPA2_PSK],2025-3-24 22:6:45,8,-80,34.0475998,-117.2087250,349.40,1.50,WIFI
5C:18:DD:F0:8B:63,,[WPA_WPA2_PSK],2025-3-24 22:6:46,9,-80,34.0475655,-117.2087402,349.40,1.50,WIFI
4C:AB:F8:49:FE:8D,SpectrumSetup-8F,[WPA2_PSK],2025-3-24 22:6:48,11,-69,34.0475464,-117.2087555,349.40,1.50,WIFI
4C:19:5D:45:47:94,Kim’s Wifi,[WPA2_PSK],2025-3-24 22:6:48,11,-73,34.0475464,-117.2087555,349.40,1.50,WIFI
DC:69:B5:3C:09:09,,[OPEN],2025-3-24 22:6:48,11,-78,34.0475464,-117.2087555,349.40,1.50,WIFI
F8:1A:2B:1E:1B:1E,Cortex,[WPA2_PSK],2025-3-24 22:6:48,11,-78,34.0475464,-117.2087555,349.40,1.50,WIFI
78:D6:D6:5A:A5:45,YoYo,[WPA2_PSK],2025-3-24 22:6:48,11,-80,34.0475464,-117.2087555,349.40,1.50,WIFI
F8:1A:2B:01:F9:6D,192168,[WPA2_PSK],2025-3-24 22:6:48,11,-80,34.0475464,-117.2087555,349.40,1.50,WIFI
5C:FA:25:E6:DF:4E,SpectrumSetup-48,[WPA2_PSK],2025-3-24 22:6:48,11,-81,34.0475464,-117.2087555,349.40,1.50,WIFI
F0:7B:65:BC:0E:EF,Kchav's Wifi,[WPA2_PSK],2025-3-24 22:6:48,11,-82,34.0475464,-117.2087555,349.40,1.50,WIFI
40:E1:E4:46:12:09,TMOBILE-1200,[WPA2_WPA3_PSK],2025-3-24 22:6:48,11,-82,34.0475464,-117.2087555,349.40,1.50,WIFI
6C:99:61:D5:6E:FE,HayesHouse,[WPA2_PSK],2025-3-24 22:6:49,1,-66,34.0475464,-117.2087555,349.50,1.50,WIFI
C8:C6:FE:19:EB:63,,[WPA3_PSK],2025-3-24 22:6:49,1,-71,34.0475464,-117.2087555,349.50,1.50,WIFI
B4:FB:E4:11:F7:8B,Parkview - Club House,[WPA2_PSK],2025-3-24 22:6:49,1,-72,34.0475464,-117.2087555,349.50,1.50,WIFI
C8:C6:FE:19:EB:69,,[OPEN],2025-3-24 22:6:49,1,-72,34.0475464,-117.2087555,349.50,1.50,WIFI
4C:AB:F8:46:A4:31,SpectrumSetup-33,[WPA2_PSK],2025-3-24 22:6:49,1,-75,34.0475464,-117.2087555,349.50,1.50,WIFI
B6:FB:E4:11:F7:8B,Parkview - Club House Guest,[OPEN],2025-3-24 22:6:49,1,-75,34.0475464,-117.2087555,349.50,1.50,WIFI
34:53:D2:EE:54:50,mywifi,[WPA2_PSK],2025-3-24 22:6:49,1,-75,34.0475464,-117.2087555,349.50,1.50,WIFI
D8:CF:61:44:AE:0A,LeDollarBeanz,[WPA2_PSK],2025-3-24 22:6:49,1,-76,34.0475464,-117.2087555,349.50,1.50,WIFI
60:F4:19:51:8E:A3,,[WPA3_PSK],2025-3-24 22:6:49,1,-77,34.0475464,-117.2087555,349.50,1.50,WIFI
60:F4:19:51:8E:A9,,[OPEN],2025-3-24 22:6:49,1,-78,34.0475464,-117.2087555,349.50,1.50,WIFI
60:F4:19:51:8E:A6,416,[WPA2_PSK],2025-3-24 22:6:49,1,-78,34.0475464,-117.2087555,349.50,1.50,WIFI
58:9B:4A:9C:AD:92,SpectrumSetup-AD8E,[WPA2_PSK],2025-3-24 22:6:49,1,-85,34.0475464,-117.2087555,349.50,1.50,WIFI
B0:19:21:E2:C6:2B,Spectrum7177,[WPA2_PSK],2025-3-24 22:6:49,2,-73,34.0475464,-117.2087555,349.50,1.50,WIFI
54:04:63:C8:A3:F9,,[WPA_WPA2_PSK],2025-3-24 22:6:49,2,-82,34.0475464,-117.2087555,349.50,1.50,WIFI
D8:EC:5E:51:A4:CC,Silly Billy,[WPA2_PSK],2025-3-24 22:6:55,3,-71,34.0475464,-117.2087555,349.80,1.50,WIFI
DE:EC:5E:51:A4:CC,_LinksysSetup4CB-guest,[WPA2_PSK],2025-3-24 22:6:55,3,-76,34.0475464,-117.2087555,349.80,1.50,WIFI
50:91:E3:A3:77:06,Kolby’s Network ,[WPA2_PSK],2025-3-24 22:6:56,4,-76,34.0475464,-117.2087555,349.90,1.50,WIFI
F8:55:CD:66:4D:76,Hotspotskx5,[WPA_WPA2_PSK],2025-3-24 22:6:58,6,-67,34.0475464,-117.2087555,350.00,1.50,WIFI
60:F4:19:5F:39:89,,[OPEN],2025-3-24 22:6:58,6,-68,34.0475464,-117.2087555,350.00,1.50,WIFI
60:F4:19:5F:39:86,Lek & Mic,[WPA2_PSK],2025-3-24 22:6:58,6,-68,34.0475464,-117.2087555,350.00,1.50,WIFI
60:F4:19:5F:39:83,,[WPA3_PSK],2025-3-24 22:6:58,6,-69,34.0475464,-117.2087555,350.00,1.50,WIFI
60:F4:19:F1:E9:23,,[WPA3_PSK],2025-3-24 22:6:58,6,-74,34.0475464,-117.2087555,350.00,1.50,WIFI
60:F4:19:F1:E9:29,,[OPEN],2025-3-24 22:6:58,6,-75,34.0475464,-117.2087555,350.00,1.50,WIFI
F4:52:46:ED:88:6F,SpectrumSetup-71,[WPA2_PSK],2025-3-24 22:6:58,6,-80,34.0475464,-117.2087555,350.00,1.50,WIFI
4C:AB:F8:9F:4B:35,SpectrumSetup-37,[WPA2_PSK],2025-3-24 22:6:58,6,-81,34.0475464,-117.2087555,350.00,1.50,WIFI
00:C8:96:D1:18:2A,,[WPA_WPA2_PSK],2025-3-24 22:7:0,9,-77,34.0475388,-117.2087555,350.20,1.50,WIFI
E0:46:EE:39:FF:D9,NETGEAR50,[WPA2_PSK],2025-3-24 22:7:1,10,-79,34.0475121,-117.2087708,350.20,1.50,WIFI
DC:69:B5:3C:09:03,,[WPA3_PSK],2025-3-24 22:7:3,11,-71,34.0474014,-117.2088089,350.50,1.50,WIFI
88:67:46:97:9D:66,Frontier Abc,[WPA2_PSK],2025-3-24 22:7:3,11,-76,34.0474014,-117.2088089,350.50,1.50,WIFI
DC:92:72:E3:75:9F,Frontier0365,[WPA2_PSK],2025-3-24 22:7:3,11,-76,34.0474014,-117.2088089,350.50,1.50,WIFI
A8:9A:93:8D:AD:06,MySpectrumWiFi00-2G,[WPA2_PSK],2025-3-24 22:7:3,11,-79,34.0474014,-117.2088089,350.50,1.50,WIFI
B0:FC:88:79:15:EE,SPECTRE,[WPA2_PSK],2025-3-24 22:7:7,1,-76,34.0471687,-117.2086105,350.80,1.50,WIFI
4C:AB:F8:5E:5D:9B,SpectrumSetup-9D,[WPA2_PSK],2025-3-24 22:7:7,1,-80,34.0471687,-117.2086105,350.80,1.50,WIFI
82:4B:50:73:01:9C,MAZZER-30442374,[WPA2_PSK],2025-3-24 22:7:7,1,-81,34.0471687,-117.2086105,350.80,1.50,WIFI
F0:AF:85:E5:0E:30,Frontier6160,[WPA2_PSK],2025-3-24 22:7:7,1,-90,34.0471687,-117.2086105,350.80,1.50,WIFI
FA:8F:CA:8D:41:2C,JBL Bar 5.0_7914.l041,[OPEN],2025-3-24 22:7:9,3,-86,34.0470848,-117.2083664,350.60,1.50,WIFI
98:E7:F4:1C:BE:80,DIRECT-7F-HP ENVY 7640 series,[WPA2_PSK],2025-3-24 22:7:10,4,-88,34.0470352,-117.2082214,350.30,1.50,WIFI
6C:99:61:CC:3E:26,SpectrumSetup-20,[WPA2_PSK],2025-3-24 22:7:12,6,-82,34.0469246,-117.2079086,350.20,1.50,WIFI
5C:18:DD:F0:C8:73,,[WPA_WPA2_PSK],2025-3-24 22:7:14,8,-74,34.0468025,-117.2075729,350.80,1.50,WIFI
A0:89:66:94:B0:A8,,[WPA_WPA2_PSK],2025-3-24 22:7:16,10,-82,34.0467033,-117.2072372,350.80,1.50,WIFI
34:98:B5:D7:8B:62,Rubberbiscuts,[WPA2_PSK],2025-3-24 22:7:16,10,-86,34.0467033,-117.2072372,350.80,1.50,WIFI
90:D3:CF:11:30:A0,AvilesFamily,[WPA2_PSK],2025-3-24 22:7:17,11,-65,34.0466576,-117.2070923,351.00,1.50,WIFI
AC:91:9B:1D:E4:78,Edwards2,[WPA2_PSK],2025-3-24 22:7:17,11,-75,34.0466576,-117.2070923,351.00,1.50,WIFI
F4:52:46:80:EB:0D,SpectrumSetup-EB10,[WPA2_PSK],2025-3-24 22:7:17,11,-82,34.0466576,-117.2070923,351.00,1.50,WIFI
74:37:5F:D9:31:0F,SpectrumSetup-0D,[WPA2_PSK],2025-3-24 22:7:17,11,-83,34.0466576,-117.2070923,351.00,1.50,WIFI
4C:AB:F8:30:0B:39,SpectrumSetup-3B,[WPA2_PSK],2025-3-24 22:7:17,11,-84,34.0466576,-117.2070923,351.00,1.50,WIFI
16:18:D6:E7:66:C9,,[WPA2_PSK],2025-3-24 22:7:17,11,-88,34.0466576,-117.2070923,351.00,1.50,WIFI
EC:A9:40:3E:47:08,MySpectrumWiFi07-2G,[WPA2_PSK],2025-3-24 22:7:19,1,-64,34.0465889,-117.2068634,351.50,1.50,WIFI
54:04:63:C5:16:C9,,[WPA_WPA2_PSK],2025-3-24 22:7:19,1,-75,34.0465889,-117.2068634,351.50,1.50,WIFI
08:7B:12:5E:84:80,SpectrumSetup-7A,[WPA2_PSK],2025-3-24 22:7:19,1,-78,34.0465889,-117.2068634,351.50,1.50,WIFI
88:67:46:7A:F7:89,,[OPEN],2025-3-24 22:7:19,1,-79,34.0465889,-117.2068634,351.50,1.50,WIFI
88:67:46:7A:F7:86,CasaAleman,[WPA2_PSK],2025-3-24 22:7:19,1,-79,34.0465889,-117.2068634,351.50,1.50,WIFI
64:67:72:EB:DE:43,SpectrumSetup-41,[WPA2_PSK],2025-3-24 22:7:19,1,-79,34.0465889,-117.2068634,351.50,1.50,WIFI
88:67:46:7A:F7:83,,[WPA3_PSK],2025-3-24 22:7:19,1,-80,34.0465889,-117.2068634,351.50,1.50,WIFI
74:93:DA:A4:65:E1,SpectrumSetup-E3,[WPA2_PSK],2025-3-24 22:7:19,1,-83,34.0465889,-117.2068634,351.50,1.50,WIFI
AC:91:9B:C0:FD:FE,Verizon_Cruella,[WPA2_PSK],2025-3-24 22:7:19,1,-85,34.0465889,-117.2068634,351.50,1.50,WIFI
44:1C:A8:BC:05:28,WIFIBC0525,[WPA2_PSK],2025-3-24 22:7:19,1,-86,34.0465889,-117.2068634,351.50,1.50,WIFI
CA:C9:A3:4B:A5:93,Tineco_0497,[OPEN],2025-3-24 22:7:19,1,-89,34.0465889,-117.2068634,351.50,1.50,WIFI
6C:CD:D6:DB:80:FC,NETGEAR49,[WPA2_PSK],2025-3-24 22:7:19,2,-75,34.0465889,-117.2068634,351.50,1.50,WIFI
28:80:88:25:7F:01,rcdlg12GEXT,[WPA2_PSK],2025-3-24 22:7:23,3,-80,34.0463600,-117.2067337,353.10,1.50,WIFI
4C:19:5D:0C:C9:75,SpectrumSetup-6F,[WPA2_PSK],2025-3-24 22:7:26,6,-65,34.0460701,-117.2067184,354.70,1.50,WIFI
A0:89:66:94:7B:78,,[WPA_WPA2_PSK],2025-3-24 22:7:26,6,-68,34.0460701,-117.2067184,354.70,1.50,WIFI
4C:19:5D:56:8B:5A,Gracie,[WPA2_PSK],2025-3-24 22:7:26,6,-74,34.0460701,-117.2067184,354.70,1.50,WIFI
F0:81:75:FA:31:46,SpectrumSetup-40,[WPA2_PSK],2025-3-24 22:7:26,6,-74,34.0460701,-117.2067184,354.70,1.50,WIFI
34:98:B5:6D:B4:78,Casa de Esquivel,[WPA2_PSK],2025-3-24 22:7:27,7,-65,34.0459557,-117.2066803,355.20,1.50,WIFI
22:E0:19:5C:85:92,,[WPA2_PSK],2025-3-24 22:7:28,8,-77,34.0458374,-117.2066269,355.70,1.50,WIFI
A8:6E:84:34:CD:C0,caro,[WPA2_PSK],2025-3-24 22:7:29,9,-60,34.0457153,-117.2065430,356.20,1.50,WIFI
AA:6E:84:24:CD:C0,,[WPA2_PSK],2025-3-24 22:7:29,9,-64,34.0457153,-117.2065430,356.20,1.50,WIFI
00:C8:96:D1:50:92,,[WPA_WPA2_PSK],2025-3-24 22:7:29,9,-72,34.0457153,-117.2065430,356.20,1.50,WIFI
B6:39:56:6D:F3:E1,ORBI08,[WPA2_PSK],2025-3-24 22:7:29,9,-80,34.0457153,-117.2065430,356.20,1.50,WIFI
80:CC:9C:89:E9:25,NETGEAR69,[WPA2_PSK],2025-3-24 22:7:30,10,-73,34.0455933,-117.2064590,357.20,1.50,WIFI
9C:0B:05:6D:38:C4,,[WPA3_PSK],2025-3-24 22:7:31,11,-61,34.0454750,-117.2063599,358.30,1.50,WIFI
9C:0B:05:6D:38:CA,,[OPEN],2025-3-24 22:7:31,11,-61,34.0454750,-117.2063599,358.30,1.50,WIFI
9C:0B:05:6E:47:E7,MarceloWifi2,[WPA2_PSK],2025-3-24 22:7:31,11,-63,34.0454750,-117.2063599,358.30,1.50,WIFI
9C:0B:05:6D:38:C7,MarceloWifi2,[WPA2_PSK],2025-3-24 22:7:31,11,-63,34.0454750,-117.2063599,358.30,1.50,WIFI
F8:5B:3B:75:71:55,SpectrumSetup-57,[WPA2_PSK],2025-3-24 22:7:31,11,-64,34.0454750,-117.2063599,358.30,1.50,WIFI
A8:A2:37:1E:84:2B,Verizon_L3CSHG,[WPA2_PSK],2025-3-24 22:7:31,11,-65,34.0454750,-117.2063599,358.30,1.50,WIFI
9C:0B:05:6E:47:EA,,[OPEN],2025-3-24 22:7:31,11,-68,34.0454750,-117.2063599,358.30,1.50,WIFI
9C:0B:05:6E:47:E4,,[WPA3_PSK],2025-3-24 22:7:31,11,-70,34.0454750,-117.2063599,358.30,1.50,WIFI
60:F4:19:74:CF:C3,,[WPA3_PSK],2025-3-24 22:7:31,11,-71,34.0454750,-117.2063599,358.30,1.50,WIFI
60:F4:19:74:CF:C9,,[OPEN],2025-3-24 22:7:31,11,-72,34.0454750,-117.2063599,358.30,1.50,WIFI
FC:B2:D6:C7:64:54,,[WPA_WPA2_PSK],2025-3-24 22:7:31,11,-73,34.0454750,-117.2063599,358.30,1.50,WIFI
60:F4:19:74:CF:C6,Charmy,[WPA2_PSK],2025-3-24 22:7:31,11,-73,34.0454750,-117.2063599,358.30,1.50,WIFI
FC:12:63:A1:EC:9D,SpectrumSetup-9F,[WPA2_PSK],2025-3-24 22:7:31,11,-74,34.0454750,-117.2063599,358.30,1.50,WIFI
F0:7B:65:F2:8A:9D,SpectrumSetup-8A97,[WPA2_PSK],2025-3-24 22:7:31,11,-74,34.0454750,-117.2063599,358.30,1.50,WIFI
9C:3D:CF:93:3B:90,ARLO_VMB_1663536594,[WPA2_PSK],2025-3-24 22:7:31,11,-77,34.0454750,-117.2063599,358.30,1.50,WIFI
FA:8F:CA:68:FF:AB,JBL Bar 5.1_2660.l025_,[OPEN],2025-3-24 22:7:31,11,-77,34.0454750,-117.2063599,358.30,1.50,WIFI
4C:AB:F8:46:4C:41,BlueOcean,[WPA2_PSK],2025-3-24 22:7:31,11,-80,34.0454750,-117.2063599,358.30,1.50,WIFI
A8:A2:37:C8:C9:7B,Chicken Little Internet,[WPA2_PSK],2025-3-24 22:7:35,1,-72,34.0450935,-117.2060471,362.10,1.50,WIFI
74:37:5F:D9:47:DF,N O R A,[WPA2_PSK],2025-3-24 22:7:35,1,-82,34.0450935,-117.2060471,362.10,1.50,WIFI
D4:A9:28:12:28:66,BaileyBenjamin,[WPA2_PSK],2025-3-24 22:7:35,1,-90,34.0450935,-117.2060471,362.10,1.50,WIFI
E4:C3:2A:26:83:25,Adult Nerds,[WPA2_PSK],2025-3-24 22:7:37,2,-81,34.0449753,-117.2059555,362.90,1.50,WIFI
72:C3:2A:26:83:27,,[WPA2_PSK],2025-3-24 22:7:37,2,-84,34.0449753,-117.2059555,362.90,1.50,WIFI
34:60:F9:C1:11:4A,,[WPA2_PSK],2025-3-24 22:7:38,3,-81,34.0449409,-117.2059174,363.10,1.50,WIFI
A4:11:62:B5:7C:A4,ARLO_VMB_9878899527,[WPA2_PSK],2025-3-24 22:7:39,4,-92,34.0449142,-117.2059021,363.20,1.50,WIFI
C8:C6:FE:60:60:A3,,[WPA3_PSK],2025-3-24 22:7:41,6,-74,34.0448837,-117.2058716,363.40,1.50,WIFI
C8:C6:FE:60:60:A9,,[OPEN],2025-3-24 22:7:41,6,-75,34.0448837,-117.2058716,363.40,1.50,WIFI
C8:C6:FE:60:60:A6,Picasso,[WPA2_PSK],2025-3-24 22:7:41,6,-75,34.0448837,-117.2058716,363.40,1.50,WIFI
F4:52:46:F8:D7:E4,SpectrumSetup-D7E7,[WPA2_PSK],2025-3-24 22:7:41,6,-77,34.0448837,-117.2058716,363.40,1.50,WIFI
40:4C:77:01:1E:B2,ARRIS-2B85,[WPA2_PSK],2025-3-24 22:7:41,6,-82,34.0448837,-117.2058716,363.40,1.50,WIFI
88:67:46:7A:0B:A6,Casa Moreno,[WPA2_PSK],2025-3-24 22:7:41,6,-85,34.0448837,-117.2058716,363.40,1.50,WIFI
4C:19:5D:38:4A:FE,NeverLand,[WPA2_PSK],2025-3-24 22:7:41,6,-85,34.0448837,-117.2058716,363.40,1.50,WIFI
B0:FC:88:73:A0:15,spectrum130,[WPA2_PSK],2025-3-24 22:7:41,6,-86,34.0448837,-117.2058716,363.40,1.50,WIFI
BA:39:56:6C:D8:D6,,[WPA2_PSK],2025-3-24 22:7:44,9,-78,34.0448723,-117.2058640,363.60,1.50,WIFI
B6:39:56:6C:D8:D6,ORBI08,[WPA2_PSK],2025-3-24 22:7:44,9,-82,34.0448723,-117.2058640,363.60,1.50,WIFI
94:A6:7E:EB:F4:01,Canaan House,[WPA2_PSK],2025-3-24 22:7:44,9,-86,34.0448723,-117.2058640,363.60,1.50,WIFI
B6:39:56:6D:EF:6D,ORBI08,[WPA2_PSK],2025-3-24 22:7:44,9,-89,34.0448723,-117.2058640,363.60,1.50,WIFI
60:32:B1:82:54:26,Tangerino,[WPA_WPA2_PSK],2025-3-24 22:7:46,11,-77,34.0448418,-117.2058411,364.00,1.50,WIFI
4C:19:5D:AE:CE:E8,SpectrumSetup-E2,[WPA2_PSK],2025-3-24 22:7:46,11,-77,34.0448418,-117.2058411,364.00,1.50,WIFI
88:DE:7C:F7:9B:1D,SpectrumSetup-1F,[WPA2_PSK],2025-3-24 22:7:49,1,-77,34.0448074,-117.2058105,364.10,1.50,WIFI
40:47:5E:4D:E6:E6,Candelaria wifi,[WPA2_PSK],2025-3-24 22:7:49,1,-79,34.0448074,-117.2058105,364.10,1.50,WIFI
6E:A9:40:9A:F3:0C,SpectrumSetup-0B,[WPA2_PSK],2025-3-24 22:7:49,1,-79,34.0448074,-117.2058105,364.10,1.50,WIFI
34:6B:46:50:44:7A,MySpectrumWiFi74-2G,[WPA2_PSK],2025-3-24 22:7:49,1,-79,34.0448074,-117.2058105,364.10,1.50,WIFI
40:47:5E:4D:E6:E9,,[OPEN],2025-3-24 22:7:49,1,-80,34.0448074,-117.2058105,364.10,1.50,WIFI
40:47:5E:4D:E6:E3,,[WPA3_PSK],2025-3-24 22:7:49,1,-81,34.0448074,-117.2058105,364.10,1.50,WIFI
74:37:5F:A0:AC:77,HomeSweetHome,[WPA2_PSK],2025-3-24 22:7:49,1,-82,34.0448074,-117.2058105,364.10,1.50,WIFI
F8:5B:3B:D8:F1:05,Wii Sports Channel,[WPA2_PSK],2025-3-24 22:7:49,1,-84,34.0448074,-117.2058105,364.10,1.50,WIFI
90:72:40:1B:D8:92,Frosty,[WPA2_PSK],2025-3-24 22:7:49,1,-90,34.0448074,-117.2058105,364.10,1.50,WIFI
D2:9E:43:69:B2:C1,NETGEAR-Guest,[OPEN],2025-3-24 22:7:52,3,-86,34.0446510,-117.2056885,364.90,1.50,WIFI
C8:9E:43:69:B2:C1,,[WPA2_PSK],2025-3-24 22:7:52,3,-86,34.0446510,-117.2056885,364.90,1.50,WIFI
CC:CF:83:83:53:57,,[WPA_WPA2_PSK],2025-3-24 22:7:52,3,-86,34.0446510,-117.2056885,364.90,1.50,WIFI
90:70:65:02:5B:B5,,[WPA2_PSK],2025-3-24 22:7:53,4,-83,34.0445709,-117.2056274,365.40,1.50,WIFI
D8:CF:61:44:8C:C7,TLD,[WPA2_PSK],2025-3-24 22:7:55,6,-78,34.0443840,-117.2054749,366.20,1.50,WIFI
A0:64:8F:A3:AB:35,SpectrumSetup-37,[WPA2_PSK],2025-3-24 22:7:55,6,-84,34.0443840,-117.2054749,366.20,1.50,WIFI
08:F0:1E:F0:AB:C6,Ashfam,[WPA2_PSK],2025-3-24 22:7:55,6,-85,34.0443840,-117.2054749,366.20,1.50,WIFI
A4:97:33:AC:F5:E0,SpectrumSetup-E2,[WPA2_PSK],2025-3-24 22:7:55,6,-85,34.0443840,-117.2054749,366.20,1.50,WIFI
F0:81:75:E4:D6:C6,SpectrumSetup-C0,[WPA2_PSK],2025-3-24 22:7:55,6,-90,34.0443840,-117.2054749,366.20,1.50,WIFI
78:D2:94:0D:66:95,NETGEAR22,[WPA2_PSK],2025-3-24 22:7:56,7,-75,34.0442810,-117.2053909,366.60,1.50,WIFI
BA:39:56:6D:F3:E1,,[WPA2_PSK],2025-3-24 22:7:58,9,-79,34.0440521,-117.2052002,367.30,1.50,WIFI
5C:E9:31:4C:6D:1E,Frontier2816,[WPA2_PSK],2025-3-24 22:7:58,9,-85,34.0440521,-117.2052002,367.30,1.50,WIFI
00:C8:96:C3:D7:D8,,[WPA_WPA2_PSK],2025-3-24 22:7:58,9,-90,34.0440521,-117.2052002,367.30,1.50,WIFI
84:A3:29:45:E7:29,Verizon_G4F7LQ,[WPA2_PSK],2025-3-24 22:8:0,11,-86,34.0438042,-117.2049942,367.90,1.50,WIFI
9C:3D:CF:F3:87:68,ngHub_319459NB03EC5,[WPA2_PSK],2025-3-24 22:8:0,11,-88,34.0438042,-117.2049942,367.90,1.50,WIFI
CA:5A:CF:65:8E:70,DIRECT-70-HP OfficeJet Pro 8130e,[WPA2_PSK],2025-3-24 22:8:0,11,-89,34.0438042,-117.2049942,367.90,1.50,WIFI
48:5D:36:38:39:C8,FiOS-WGF9E,[WPA2_PSK],2025-3-24 22:8:0,11,-90,34.0438042,-117.2049942,367.90,1.50,WIFI
74:37:5F:C9:85:EB,Wu-Tang LAN,[WPA2_PSK],2025-3-24 22:8:0,11,-93,34.0438042,-117.2049942,367.90,1.50,WIFI
C0:3C:04:AD:12:7D,SpectrumSetup-77,[WPA2_PSK],2025-3-24 22:8:3,1,-72,34.0434227,-117.2046890,368.90,1.50,WIFI
38:81:D7:38:26:A9,Ring Setup a8,[OPEN],2025-3-24 22:8:3,1,-75,34.0434227,-117.2046890,368.90,1.50,WIFI
B0:FC:88:15:FF:26,SpectrumSetup-20,[WPA2_PSK],2025-3-24 22:8:3,1,-82,34.0434227,-117.2046890,368.90,1.50,WIFI
04:42:1A:CD:10:B8,Juicebox24,[WPA2_PSK],2025-3-24 22:8:3,1,-90,34.0434227,-117.2046890,368.90,1.50,WIFI
B6:95:75:45:BB:35,,[WPA2_PSK],2025-3-24 22:8:5,2,-88,34.0431824,-117.2044983,369.40,1.50,WIFI
AC:15:A2:B2:45:CA,Casa De Locos,[WPA2_PSK],2025-3-24 22:8:6,3,-82,34.0430679,-117.2043991,369.60,1.50,WIFI
C8:9E:43:67:19:C0,zaboura,[WPA2_PSK],2025-3-24 22:8:6,3,-83,34.0430679,-117.2043991,369.60,1.50,WIFI
CE:9E:43:67:19:C0,,[WPA2_PSK],2025-3-24 22:8:6,3,-84,34.0430679,-117.2043991,369.60,1.50,WIFI
B2:15:A2:B2:45:CA,,[WPA2_PSK],2025-3-24 22:8:6,3,-85,34.0430679,-117.2043991,369.60,1.50,WIFI
AC:15:A2:B2:45:C5,Casa De Locos,[WPA2_PSK],2025-3-24 22:8:6,3,-86,34.0430679,-117.2043991,369.60,1.50,WIFI
5C:18:DD:EB:5E:44,,[WPA_WPA2_PSK],2025-3-24 22:8:7,4,-76,34.0429687,-117.2043228,369.90,1.50,WIFI
58:D9:D5:EC:84:73,ls14bw,[WPA2_PSK],2025-3-24 22:8:7,4,-87,34.0429687,-117.2043228,369.90,1.50,WIFI
58:D9:D5:EC:84:74,Rufus,[WPA2_PSK],2025-3-24 22:8:7,4,-88,34.0429687,-117.2043228,369.90,1.50,WIFI
C8:9E:43:6B:37:B8,Jimansion,[WPA2_PSK],2025-3-24 22:8:8,5,-86,34.0428886,-117.2042542,370.30,1.50,WIFI
CE:9E:43:6B:37:B8,,[WPA2_PSK],2025-3-24 22:8:8,5,-86,34.0428886,-117.2042542,370.30,1.50,WIFI
04:95:E6:3D:6F:F3,ls14bw,[WPA2_PSK],2025-3-24 22:8:8,5,-86,34.0428886,-117.2042542,370.30,1.50,WIFI
CE:9E:43:6B:EB:36,Jimansion,[WPA2_PSK],2025-3-24 22:8:8,5,-93,34.0428886,-117.2042542,370.30,1.50,WIFI
CE:9E:43:6B:EA:52,Jimansion,[WPA2_PSK],2025-3-24 22:8:8,5,-94,34.0428886,-117.2042542,370.30,1.50,WIFI
D4:3F:32:7C:82:66,Tres Palmas ,[WPA2_PSK],2025-3-24 22:8:9,6,-81,34.0428276,-117.2041931,370.70,1.50,WIFI
D4:3F:32:7C:82:63,,[WPA3_PSK],2025-3-24 22:8:9,6,-82,34.0428276,-117.2041931,370.70,1.50,WIFI
D4:3F:32:7C:82:69,,[OPEN],2025-3-24 22:8:9,6,-82,34.0428276,-117.2041931,370.70,1.50,WIFI
5C:FA:25:C3:DF:7D,SpectrumSetup-77,[WPA2_PSK],2025-3-24 22:8:9,6,-89,34.0428276,-117.2041931,370.70,1.50,WIFI
BC:85:56:2E:47:94,HP-Print-94-LaserJet 1102,[OPEN],2025-3-24 22:8:9,6,-90,34.0428276,-117.2041931,370.70,1.50,WIFI
BC:82:5D:CF:42:41,swphoto,[WPA2_PSK],2025-3-24 22:8:9,6,-94,34.0428276,-117.2041931,370.70,1.50,WIFI
0E:36:C9:9A:2A:B9,,[WPA2_PSK],2025-3-24 22:8:12,9,-87,34.0427856,-117.2040024,371.00,1.50,WIFI
08:36:C9:9A:2A:B9,Cabin ORBI27,[WPA2_PSK],2025-3-24 22:8:12,9,-90,34.0427856,-117.2040024,371.00,1.50,WIFI
B0:4E:26:B8:F2:C6,alberthome,[WPA2_PSK],2025-3-24 22:8:13,10,-94,34.0428047,-117.2039337,371.20,1.50,WIFI
1E:39:29:59:00:5F,[LG_Refrigerator]005f,[WPA2_PSK],2025-3-24 22:8:14,11,-82,34.0428391,-117.2038727,371.10,1.50,WIFI
50:27:A9:65:38:47,,[OPEN],2025-3-24 22:8:14,11,-83,34.0428391,-117.2038727,371.10,1.50,WIFI
50:27:A9:65:38:43,,[WPA3_PSK],2025-3-24 22:8:14,11,-84,34.0428391,-117.2038727,371.10,1.50,WIFI
02:EC:DA:84:1C:D5,RUCC,[WPA2_PSK],2025-3-24 22:8:14,11,-84,34.0428391,-117.2038727,371.10,1.50,WIFI
FC:EC:DA:84:1C:D5,RUCC-guest,[OPEN],2025-3-24 22:8:14,11,-85,34.0428391,-117.2038727,371.10,1.50,WIFI
50:27:A9:65:38:45,Blossom Baby,[WPA2_PSK],2025-3-24 22:8:14,11,-86,34.0428391,-117.2038727,371.10,1.50,WIFI
02:17:1A:D5:37:06,,[WPA2_PSK],2025-3-24 22:8:14,11,-87,34.0428391,-117.2038727,371.10,1.50,WIFI
00:17:1A:D5:37:06,Winegard2ghzD53705,[WPA2_PSK],2025-3-24 22:8:14,11,-88,34.0428391,-117.2038727,371.10,1.50,WIFI
C4:04:15:1F:1D:15,NETGEAR12,[WPA2_PSK],2025-3-24 22:8:17,1,-57,34.0429840,-117.2036133,370.50,1.50,WIFI
A0:7F:8A:22:5E:A3,Malloy1412,[WPA2_PSK],2025-3-24 22:8:17,1,-74,34.0429840,-117.2036133,370.50,1.50,WIFI
FC:15:B4:6A:DE:87,HP-Print-87-Officejet 4630,[OPEN],2025-3-24 22:8:17,1,-85,34.0429840,-117.2036133,370.50,1.50,WIFI
C6:A5:11:13:55:77,,[WPA2_PSK],2025-3-24 22:8:21,4,-83,34.0432167,-117.2032013,369.60,1.50,WIFI
C8:9E:43:6B:EA:52,,[WPA2_PSK],2025-3-24 22:8:22,5,-91,34.0432777,-117.2030945,369.40,1.50,WIFI
08:B4:B1:A2:92:50,setup92500,[WPA2_PSK],2025-3-24 22:8:23,6,-72,34.0433350,-117.2029953,369.20,1.50,WIFI
84:1E:A3:28:D2:96,Redlands 2.4/5,[WPA2_PSK],2025-3-24 22:8:23,6,-77,34.0433350,-117.2029953,369.20,1.50,WIFI
BE:D7:D4:EA:AC:28,,[WPA2_PSK],2025-3-24 22:8:23,6,-79,34.0433350,-117.2029953,369.20,1.50,WIFI
64:97:14:AC:F6:48,,[OPEN],2025-3-24 22:8:23,6,-88,34.0433350,-117.2029953,369.20,1.50,WIFI
64:97:14:AC:F6:46,Frontier4944,[WPA2_PSK],2025-3-24 22:8:23,6,-88,34.0433350,-117.2029953,369.20,1.50,WIFI
14:59:C0:A1:9A:88,Hemingway2,[WPA2_PSK],2025-3-24 22:8:26,9,-78,34.0435104,-117.2026825,368.80,1.50,WIFI
86:69:93:26:02:F5,DIRECT-F5-HP ENVY 6400 series,[WPA2_PSK],2025-3-24 22:8:26,9,-88,34.0435104,-117.2026825,368.80,1.50,WIFI
FC:12:63:A1:77:85,SpectrumSetup-87,[WPA2_PSK],2025-3-24 22:8:28,11,-74,34.0436325,-117.2024689,368.40,1.50,WIFI
8E:49:62:30:D9:2F,DIRECT-roku-748-755D71,[WPA2_PSK],2025-3-24 22:8:28,11,-77,34.0436325,-117.2024689,368.40,1.50,WIFI
04:17:B6:86:AE:93,,[WPA_WPA2_PSK],2025-3-24 22:8:28,11,-79,34.0436325,-117.2024689,368.40,1.50,WIFI
40:70:09:E3:0C:10,TG1672G12,[WPA2_PSK],2025-3-24 22:8:28,11,-79,34.0436325,-117.2024689,368.40,1.50,WIFI
00:C8:96:B2:DC:40,,[WPA_WPA2_PSK],2025-3-24 22:8:28,11,-86,34.0436325,-117.2024689,368.40,1.50,WIFI
40:2B:50:80:93:28,Frontier4944,[WPA2_PSK],2025-3-24 22:8:28,11,-92,34.0436325,-117.2024689,368.40,1.50,WIFI
58:68:7A:10:AF:16,Cookie,[WPA2_WPA3_PSK],2025-3-24 22:8:31,1,-67,34.0438156,-117.2021408,367.80,1.50,WIFI
88:3D:24:AA:F1:9C,Davida,[WPA2_PSK],2025-3-24 22:8:31,1,-81,34.0438156,-117.2021408,367.80,1.50,WIFI
9A:0C:7A:D4:2C:F8,SpectrumSetup-97EB,[WPA2_PSK],2025-3-24 22:8:31,1,-83,34.0438156,-117.2021408,367.80,1.50,WIFI
9A:0C:7A:D4:3E:98,SpectrumSetup-97EB,[WPA2_PSK],2025-3-24 22:8:31,1,-83,34.0438156,-117.2021408,367.80,1.50,WIFI
8A:0C:7A:D4:3E:98,,[WPA2_PSK],2025-3-24 22:8:31,1,-84,34.0438156,-117.2021408,367.80,1.50,WIFI
AA:0C:7A:D4:3E:98,,[WPA2_PSK],2025-3-24 22:8:31,1,-84,34.0438156,-117.2021408,367.80,1.50,WIFI
88:3D:24:AA:F9:C6,Davida,[WPA2_PSK],2025-3-24 22:8:31,1,-85,34.0438156,-117.2021408,367.80,1.50,WIFI
2C:67:BE:09:97:EF,SpectrumSetup-97EB,[WPA2_PSK],2025-3-24 22:8:31,1,-85,34.0438156,-117.2021408,367.80,1.50,WIFI
8A:3D:24:AA:F9:C4,Davida-guest,[WPA2_PSK],2025-3-24 22:8:31,1,-86,34.0438156,-117.2021408,367.80,1.50,WIFI
A4:11:62:72:9A:12,ARLO_VMB_4422026869,[WPA2_PSK],2025-3-24 22:8:34,3,-74,34.0439911,-117.2018127,367.40,1.50,WIFI
66:32:B1:31:E3:3E,,[WPA2_PSK],2025-3-24 22:8:34,3,-85,34.0439911,-117.2018127,367.40,1.50,WIFI
60:32:B1:31:E8:12,DECO,[WPA2_PSK],2025-3-24 22:8:34,3,-86,34.0439911,-117.2018127,367.40,1.50,WIFI
60:32:B1:31:E3:3E,DECO,[WPA2_PSK],2025-3-24 22:8:34,3,-86,34.0439911,-117.2018127,367.40,1.50,WIFI
66:32:B1:31:F2:2A,,[WPA2_PSK],2025-3-24 22:8:34,3,-86,34.0439911,-117.2018127,367.40,1.50,WIFI
D4:3F:32:6C:47:C3,,[WPA3_PSK],2025-3-24 22:8:37,6,-69,34.0441475,-117.2015305,366.90,1.50,WIFI
D4:3F:32:6C:47:C9,,[OPEN],2025-3-24 22:8:37,6,-69,34.0441475,-117.2015305,366.90,1.50,WIFI
80:78:71:80:F3:1F,SpectrumSetup-21,[WPA2_PSK],2025-3-24 22:8:37,6,-70,34.0441475,-117.2015305,366.90,1.50,WIFI
D4:3F:32:6C:47:C6,durian,[WPA2_PSK],2025-3-24 22:8:37,6,-70,34.0441475,-117.2015305,366.90,1.50,WIFI
22:48:6C:B1:A8:3B,,[WPA2_PSK],2025-3-24 22:8:37,6,-71,34.0441475,-117.2015305,366.90,1.50,WIFI
90:CA:FA:9B:5D:1A,The Force,[WPA2_PSK],2025-3-24 22:8:37,6,-73,34.0441475,-117.2015305,366.90,1.50,WIFI
CC:2D:21:FF:71:71,Boopers,[WPA_WPA2_PSK],2025-3-24 22:8:37,6,-77,34.0441475,-117.2015305,366.90,1.50,WIFI
FC:34:97:05:D4:D0,Belle-2G,[WPA2_PSK],2025-3-24 22:8:39,8,-85,34.0442314,-117.2014008,366.90,1.50,WIFI
FC:34:97:05:D4:D1,BeOurGuest,[WPA2_WPA3_PSK],2025-3-24 22:8:39,8,-87,34.0442314,-117.2014008,366.90,1.50,WIFI
98:ED:5C:83:A7:13,TeslaPV_83A713,[WPA2_PSK],2025-3-24 22:8:40,9,-72,34.0442772,-117.2013626,366.80,1.50,WIFI
86:69:1A:94:41:B4,,[WPA2_WPA3_PSK],2025-3-24 22:8:40,9,-88,34.0442772,-117.2013626,366.80,1.50,WIFI
5E:62:8B:2E:D2:82,TheKrellMainframe,[WPA2_PSK],2025-3-24 22:8:40,9,-90,34.0442772,-117.2013626,366.80,1.50,WIFI
02:13:37:AA:3A:34,manage,[WPA2_PSK],2025-3-24 22:8:42,11,-67,34.0443459,-117.2012863,366.70,1.50,WIFI
00:13:37:AA:3A:34,Redlands Free WiFi,[OPEN],2025-3-24 22:8:42,11,-68,34.0443459,-117.2012863,366.70,1.50,WIFI
D4:05:DE:89:EE:64,,[WPA3_PSK],2025-3-24 22:8:42,11,-69,34.0443459,-117.2012863,366.70,1.50,WIFI
D4:05:DE:89:EE:67,Honn,[WPA2_PSK],2025-3-24 22:8:42,11,-69,34.0443459,-117.2012863,366.70,1.50,WIFI
D4:05:DE:89:EE:6A,,[OPEN],2025-3-24 22:8:42,11,-70,34.0443459,-117.2012863,366.70,1.50,WIFI
F8:5B:3B:CE:64:39,MandC,[WPA2_PSK],2025-3-24 22:8:42,11,-80,34.0443459,-117.2012863,366.70,1.50,WIFI
9C:0B:05:C3:67:CA,,[OPEN],2025-3-24 22:8:42,11,-80,34.0443459,-117.2012863,366.70,1.50,WIFI
68:3A:48:11:A4:C8,[fridge]_E30AJT5113389T,[WPA2_PSK],2025-3-24 22:8:44,1,-77,34.0443649,-117.2012405,366.80,1.50,WIFI
1E:67:BE:09:97:E8,,[WPA2_PSK],2025-3-24 22:8:44,1,-79,34.0443649,-117.2012405,366.80,1.50,WIFI
90:CA:FA:9B:5C:CF,The Force,[WPA2_PSK],2025-3-24 22:8:44,1,-83,34.0443649,-117.2012405,366.80,1.50,WIFI
8A:0C:7A:D4:2C:F8,,[WPA2_PSK],2025-3-24 22:8:44,1,-84,34.0443649,-117.2012405,366.80,1.50,WIFI
AA:0C:7A:D4:2C:F8,,[WPA2_PSK],2025-3-24 22:8:44,1,-85,34.0443649,-117.2012405,366.80,1.50,WIFI
A0:04:60:CE:27:AC,NETGEAR49,[WPA2_PSK],2025-3-24 22:8:44,1,-90,34.0443649,-117.2012405,366.80,1.50,WIFI
