WigleWifi-1.4,appRelease=v1.2.0,model=ESP32 Marauder,release=v1.2.0,device=ESP32 Marauder,display=SPI TFT,board=ESP32 Marauder,brand=JustCallMeKoko
MAC,SSID,AuthMode,FirstSeen,Channel,RSSI,CurrentLatitude,CurrentLongitude,AltitudeMeters,AccuracyMeters,Type
CC:40:D0:A2:8E:62,NETGEAR91,[WPA2_PSK],2025-3-28 20:52:53,1,-57,34.0447769,-117.2016525,363.90,3.25,WIFI
F4:52:46:1D:8C:B9,SpectrumSetup-BB,[WPA2_PSK],2025-3-28 20:52:53,1,-59,34.0447769,-117.2016525,363.90,3.25,WIFI
D6:9C:DD:6E:27:62,SunPower36027,[WPA2_PSK],2025-3-28 20:52:53,1,-63,34.0447769,-117.2016525,363.90,3.25,WIFI
7A:AC:B9:BD:D4:B8,BT_Magnolia_guest,[WPA2_PSK],2025-3-28 20:52:53,1,-65,34.0447769,-117.2016525,363.90,3.25,WIFI
82:AC:B9:BD:D4:B8,,[WPA2_PSK],2025-3-28 20:52:53,1,-66,34.0447769,-117.2016525,363.90,3.25,WIFI
74:AC:B9:BD:D4:B8,BT_Magnolia,[WPA2_PSK],2025-3-28 20:52:53,1,-67,34.0447769,-117.2016525,363.90,3.25,WIFI
7E:AC:B9:BD:D4:B8,iPhoneSetup,[WPA2_PSK],2025-3-28 20:52:53,1,-68,34.0447769,-117.2016525,363.90,3.25,WIFI
A0:04:60:CE:27:AC,NETGEAR49,[WPA2_PSK],2025-3-28 20:52:53,1,-77,34.0447769,-117.2016525,363.90,3.25,WIFI
3C:52:A1:5F:88:36,Frontier8432_EXT,[WPA2_PSK],2025-3-28 20:52:53,1,-82,34.0447769,-117.2016525,363.90,3.25,WIFI
3C:04:61:9B:96:F8,Frontier2416,[WPA2_PSK],2025-3-28 20:52:53,1,-84,34.0447769,-117.2016525,363.90,3.25,WIFI
A0:89:66:8D:EC:20,,[WPA_WPA2_PSK],2025-3-28 20:52:54,2,-71,34.0448189,-117.2016907,363.80,3.25,WIFI
88:57:1D:51:C7:14,[range]_E30AJT7113083P,[WPA2_PSK],2025-3-28 20:52:56,4,-78,34.0448990,-117.2017517,363.80,3.25,WIFI
82:AC:B9:BD:CB:D1,,[WPA2_PSK],2025-3-28 20:52:58,6,-66,34.0449562,-117.2017746,363.80,3.25,WIFI
74:AC:B9:BD:CB:D1,BT_Magnolia,[WPA2_PSK],2025-3-28 20:52:58,6,-69,34.0449562,-117.2017746,363.80,3.25,WIFI
7E:AC:B9:BD:CB:D1,iPhoneSetup,[WPA2_PSK],2025-3-28 20:52:58,6,-69,34.0449562,-117.2017746,363.80,3.25,WIFI
7A:AC:B9:BD:CB:D1,BT_Magnolia_guest,[WPA2_PSK],2025-3-28 20:52:58,6,-70,34.0449562,-117.2017746,363.80,3.25,WIFI
44:EA:D8:1E:24:B8,ChimePro-1E24B7,[OPEN],2025-3-28 20:52:58,6,-74,34.0449562,-117.2017746,363.80,3.25,WIFI
22:48:6C:B1:A8:3B,,[WPA2_PSK],2025-3-28 20:52:58,6,-84,34.0449562,-117.2017746,363.80,3.25,WIFI
90:CA:FA:9B:5D:1A,The Force,[WPA2_PSK],2025-3-28 20:52:58,6,-86,34.0449562,-117.2017746,363.80,3.25,WIFI
B0:BB:E5:2B:21:D6,SpectrumSetup-D0,[WPA2_PSK],2025-3-28 20:52:58,6,-88,34.0449562,-117.2017746,363.80,3.25,WIFI
C8:D3:FF:15:93:18,DIRECT-17-HP ENVY 5660 series,[WPA2_PSK],2025-3-28 20:52:58,6,-90,34.0449562,-117.2017746,363.80,3.25,WIFI
FC:34:97:05:D4:D0,Belle-2G,[WPA2_PSK],2025-3-28 20:53:0,8,-64,34.0450134,-117.2017593,363.80,3.25,WIFI
D8:C8:E9:79:87:E2,Lumiere,[WPA2_PSK],2025-3-28 20:53:0,8,-75,34.0450134,-117.2017593,363.80,3.25,WIFI
00:22:6C:A7:D7:04,,[OPEN],2025-3-28 20:53:0,8,-79,34.0450134,-117.2017593,363.80,3.25,WIFI
34:60:F9:5F:7E:1B,HandB,[WPA2_PSK],2025-3-28 20:53:1,9,-80,34.0450478,-117.2017288,364.00,2.50,WIFI
00:5F:67:8D:A1:3E,Adobo,[WPA2_PSK],2025-3-28 20:53:1,9,-88,34.0450478,-117.2017288,364.00,2.50,WIFI
66:CB:E9:7C:99:EC,[LG_Oven]99ec,[WPA2_PSK],2025-3-28 20:53:3,11,-64,34.0451164,-117.2016068,363.60,2.50,WIFI
84:A0:6E:C9:E2:16,joola-2G,[WPA2_PSK],2025-3-28 20:53:3,11,-71,34.0451164,-117.2016068,363.60,2.50,WIFI
84:1E:A3:29:7F:16,Marquez,[WPA2_PSK],2025-3-28 20:53:3,11,-77,34.0451164,-117.2016068,363.60,2.50,WIFI
5E:96:71:F3:F2:86,Verizon_Rod_guest,[WPA2_PSK],2025-3-28 20:53:3,11,-85,34.0451164,-117.2016068,363.60,2.50,WIFI
58:96:71:F3:F2:86,Virus Download,[WPA2_PSK],2025-3-28 20:53:3,11,-86,34.0451164,-117.2016068,363.60,2.50,WIFI
10:DA:43:99:AA:F6,NETGEAR29,[WPA2_PSK],2025-3-28 20:53:9,3,-87,34.0453262,-117.2012253,363.80,2.50,WIFI
28:C2:DD:BD:4C:74,WMbd4c74,[OPEN],2025-3-28 20:53:9,3,-88,34.0453262,-117.2012253,363.80,2.50,WIFI
80:69:1A:94:49:9A,Leason2.0,[WPA2_WPA3_PSK],2025-3-28 20:53:10,4,-85,34.0453529,-117.2011871,363.90,2.50,WIFI
86:69:1A:94:49:9A,,[WPA2_WPA3_PSK],2025-3-28 20:53:10,4,-86,34.0453529,-117.2011871,363.90,2.50,WIFI
9C:A5:70:9B:A0:05,Normanrose,[WPA2_PSK],2025-3-28 20:53:12,6,-73,34.0453644,-117.2011566,364.10,2.50,WIFI
9C:A5:70:9B:A0:07,,[OPEN],2025-3-28 20:53:12,6,-73,34.0453644,-117.2011566,364.10,2.50,WIFI
9C:A5:70:9B:A0:03,,[WPA3_PSK],2025-3-28 20:53:12,6,-75,34.0453644,-117.2011566,364.10,2.50,WIFI
F8:E4:FB:03:39:7E,2BPB2,[WPA2_PSK],2025-3-28 20:53:12,6,-76,34.0453644,-117.2011566,364.10,2.50,WIFI
F0:B6:61:0F:F0:C7,Pointer Wifi,[WPA2_PSK],2025-3-28 20:53:12,6,-83,34.0453644,-117.2011566,364.10,2.50,WIFI
6C:99:61:D5:FB:AE,SpectrumSetup-A8,[WPA2_PSK],2025-3-28 20:53:12,6,-88,34.0453644,-117.2011566,364.10,2.50,WIFI
F0:9F:C2:CC:90:F6,ManagementVds,[WPA2_WPA3_PSK],2025-3-28 20:53:12,6,-90,34.0453644,-117.2011566,364.10,2.50,WIFI
16:0C:6B:32:3D:8C,RPNet,[WPA2_PSK],2025-3-28 20:53:14,8,-85,34.0453644,-117.2011566,364.30,2.50,WIFI
56:60:F9:5F:7E:1B,,[WPA2_PSK],2025-3-28 20:53:15,9,-75,34.0453873,-117.2011337,364.30,2.50,WIFI
D8:EB:97:EE:2E:32,Keidel2.4-private,[WPA2_PSK],2025-3-28 20:53:16,10,-85,34.0454369,-117.2011185,364.30,2.50,WIFI
DA:EB:97:EE:2E:35,Keidel-guest2.4,[WPA2_PSK],2025-3-28 20:53:16,10,-85,34.0454369,-117.2011185,364.30,2.50,WIFI
F0:7B:65:3C:22:AA,SpectrumSetup-22A4,[WPA2_PSK],2025-3-28 20:53:17,11,-81,34.0454979,-117.2011261,364.40,2.50,WIFI
74:37:5F:DA:99:47,SpectrumSetup-45,[WPA2_PSK],2025-3-28 20:53:17,11,-83,34.0454979,-117.2011261,364.40,2.50,WIFI
34:53:D2:B6:95:0E,SpectrumSetup-08,[WPA2_PSK],2025-3-28 20:53:17,11,-85,34.0454979,-117.2011261,364.40,2.50,WIFI
7E:4D:8F:57:BE:F5,DIRECT-F5-HP OfficeJet Pro 8020,[WPA2_PSK],2025-3-28 20:53:17,11,-88,34.0454979,-117.2011261,364.40,2.50,WIFI
F4:05:95:A1:59:9E,SpectrumSetup-98,[WPA2_PSK],2025-3-28 20:53:20,1,-81,34.0457115,-117.2012711,364.10,2.50,WIFI
D8:A7:56:73:52:96,MySpectrumWiFi90-2G,[WPA2_PSK],2025-3-28 20:53:20,1,-84,34.0457115,-117.2012711,364.10,2.50,WIFI
00:CB:51:4F:64:8E,MySpectrumWiFi88-2G,[WPA2_PSK],2025-3-28 20:53:20,1,-86,34.0457115,-117.2012711,364.10,2.50,WIFI
DC:92:72:E3:69:AF,Frontier0168,[WPA2_PSK],2025-3-28 20:53:20,1,-86,34.0457115,-117.2012711,364.10,2.50,WIFI
22:E0:19:5C:07:5F,,[WPA2_PSK],2025-3-28 20:53:20,1,-88,34.0457115,-117.2012711,364.10,2.50,WIFI
BC:10:2F:5D:09:8B,[oven] Samsung,[WPA2_PSK],2025-3-28 20:53:20,1,-90,34.0457115,-117.2012711,364.10,2.50,WIFI
E4:F4:C6:15:AD:8C,wtwood,[WPA_WPA2_PSK],2025-3-28 20:53:24,4,-81,34.0460968,-117.2015686,362.10,2.50,WIFI
3C:52:82:20:57:50,DIRECT-4F-HP ENVY 7640 series,[WPA2_PSK],2025-3-28 20:53:24,4,-89,34.0460968,-117.2015686,362.10,2.50,WIFI
74:37:5F:55:FA:13,ierr2006,[WPA2_PSK],2025-3-28 20:53:26,6,-75,34.0462723,-117.2017059,361.30,2.50,WIFI
C8:E3:06:2B:EA:23,,[WPA3_PSK],2025-3-28 20:53:26,6,-79,34.0462723,-117.2017059,361.30,2.50,WIFI
C8:E3:06:2B:EA:27,,[OPEN],2025-3-28 20:53:26,6,-79,34.0462723,-117.2017059,361.30,2.50,WIFI
C8:E3:06:2B:EA:25,Wild horse,[WPA2_PSK],2025-3-28 20:53:26,6,-80,34.0462723,-117.2017059,361.30,2.50,WIFI
28:EC:22:32:61:29,,[OPEN],2025-3-28 20:53:26,6,-81,34.0462723,-117.2017059,361.30,2.50,WIFI
28:EC:22:32:61:26,net,[WPA2_PSK],2025-3-28 20:53:26,6,-81,34.0462723,-117.2017059,361.30,2.50,WIFI
28:EC:22:32:61:2F,net Guest,[WPA2_PSK],2025-3-28 20:53:26,6,-81,34.0462723,-117.2017059,361.30,2.50,WIFI
D0:6D:C9:2D:C7:86,Fruit Farm,[WPA2_PSK],2025-3-28 20:53:26,6,-81,34.0462723,-117.2017059,361.30,2.50,WIFI
88:67:46:64:0E:E3,,[WPA3_PSK],2025-3-28 20:53:26,6,-82,34.0462723,-117.2017059,361.30,2.50,WIFI
28:EC:22:32:61:23,,[WPA3_PSK],2025-3-28 20:53:26,6,-82,34.0462723,-117.2017059,361.30,2.50,WIFI
B0:FC:88:27:72:47,MAVDPT26,[WPA2_PSK],2025-3-28 20:53:26,6,-85,34.0462723,-117.2017059,361.30,2.50,WIFI
08:B4:B1:E8:C4:5C,Drug Addicts Only,[WPA2_PSK],2025-3-28 20:53:26,6,-86,34.0462723,-117.2017059,361.30,2.50,WIFI
F8:5B:3B:37:B5:54,SpectrumSetup-56,[WPA2_PSK],2025-3-28 20:53:26,6,-87,34.0462723,-117.2017059,361.30,2.50,WIFI
FC:12:63:82:4E:A1,SpectrumSetup-A3,[WPA2_PSK],2025-3-28 20:53:26,6,-91,34.0462723,-117.2017059,361.30,2.50,WIFI
FC:B2:D6:C9:2B:B4,,[WPA_WPA2_PSK],2025-3-28 20:53:29,8,-89,34.0464630,-117.2018204,360.00,2.50,WIFI
BA:39:56:6D:F3:E1,,[WPA2_PSK],2025-3-28 20:53:30,9,-84,34.0465164,-117.2018509,359.80,2.50,WIFI
B6:39:56:6C:D8:D6,ORBI08,[WPA2_PSK],2025-3-28 20:53:30,9,-86,34.0465164,-117.2018509,359.80,2.50,WIFI
BA:39:56:6D:EF:6D,,[WPA2_PSK],2025-3-28 20:53:30,9,-88,34.0465164,-117.2018509,359.80,2.50,WIFI
B6:39:56:6D:EF:6D,ORBI08,[WPA2_PSK],2025-3-28 20:53:30,9,-93,34.0465164,-117.2018509,359.80,2.50,WIFI
CC:58:30:64:D4:D6,TMOBILE-D4D1,[WPA2_WPA3_PSK],2025-3-28 20:53:32,11,-65,34.0465736,-117.2018661,359.80,2.25,WIFI
9C:05:D6:62:FA:5A,ManagementVds,[WPA2_WPA3_PSK],2025-3-28 20:53:32,11,-72,34.0465736,-117.2018661,359.80,2.25,WIFI
DC:69:B5:37:EF:26,DESPAIN,[WPA2_PSK],2025-3-28 20:53:32,11,-73,34.0465736,-117.2018661,359.80,2.25,WIFI
DC:92:72:E5:8D:AF,Frontier0087,[WPA2_PSK],2025-3-28 20:53:32,11,-77,34.0465736,-117.2018661,359.80,2.25,WIFI
60:F4:19:8B:6B:23,,[WPA3_PSK],2025-3-28 20:53:32,11,-77,34.0465736,-117.2018661,359.80,2.25,WIFI
60:F4:19:8B:6B:29,,[OPEN],2025-3-28 20:53:32,11,-77,34.0465736,-117.2018661,359.80,2.25,WIFI
08:7B:12:43:AF:E6,Frontier1383,[WPA2_PSK],2025-3-28 20:53:32,11,-90,34.0465736,-117.2018661,359.80,2.25,WIFI
24:41:FE:48:01:22,Verizon_6KNG9L,[WPA2_PSK],2025-3-28 20:53:35,1,-74,34.0466576,-117.2018433,360.50,2.25,WIFI
80:78:71:09:36:9E,Dead space,[WPA2_PSK],2025-3-28 20:53:35,1,-79,34.0466576,-117.2018433,360.50,2.25,WIFI
F4:52:46:FF:52:46,SpectrumSetup-5249,[WPA2_PSK],2025-3-28 20:53:35,1,-83,34.0466576,-117.2018433,360.50,2.25,WIFI
A8:3A:79:F5:89:A1,CK_IOT,[WPA2_PSK],2025-3-28 20:53:35,1,-83,34.0466576,-117.2018433,360.50,2.25,WIFI
C0:89:AB:4C:93:98,Frontier4992,[WPA2_PSK],2025-3-28 20:53:35,1,-84,34.0466576,-117.2018433,360.50,2.25,WIFI
44:A5:6E:7C:C2:EB,ZEPHANEEZIE,[WPA2_PSK],2025-3-28 20:53:39,4,-90,34.0467987,-117.2015381,360.00,2.25,WIFI
D0:6D:C9:39:94:06,Frontier1031,[WPA2_PSK],2025-3-28 20:53:41,6,-78,34.0468788,-117.2012711,359.70,2.25,WIFI
60:F4:19:79:6E:66,asshole,[WPA2_PSK],2025-3-28 20:53:41,6,-80,34.0468788,-117.2012711,359.70,2.25,WIFI
58:2F:F7:75:40:C6,SpectrumSetup-C0,[WPA2_PSK],2025-3-28 20:53:41,6,-87,34.0468788,-117.2012711,359.70,2.25,WIFI
20:9A:7D:1B:2B:B6,SpectrumSetup-B8,[WPA2_PSK],2025-3-28 20:53:41,6,-89,34.0468788,-117.2012711,359.70,2.25,WIFI
34:68:95:FA:1E:1B,MyWifi,[WPA_WPA2_PSK],2025-3-28 20:53:42,7,-91,34.0469246,-117.2011185,359.50,2.25,WIFI
10:0C:6B:32:3D:8C,,[WPA2_PSK],2025-3-28 20:53:43,8,-93,34.0469742,-117.2009659,359.40,2.25,WIFI
94:83:C4:05:8A:C8,HSS,[WPA2_PSK],2025-3-28 20:53:46,11,-67,34.0471802,-117.2004929,358.40,2.25,WIFI
D4:05:DE:86:98:04,,[WPA3_PSK],2025-3-28 20:53:46,11,-73,34.0471802,-117.2004929,358.40,2.25,WIFI
D4:05:DE:86:98:0A,,[OPEN],2025-3-28 20:53:46,11,-73,34.0471802,-117.2004929,358.40,2.25,WIFI
D4:05:DE:86:98:07,Zeusx,[WPA2_PSK],2025-3-28 20:53:46,11,-73,34.0471802,-117.2004929,358.40,2.25,WIFI
F0:81:75:08:78:E6,MySpectrumWiFie0-2G,[WPA2_PSK],2025-3-28 20:53:46,11,-75,34.0471802,-117.2004929,358.40,2.25,WIFI
A4:97:33:AF:F4:A0,SpectrumSetup-A2,[WPA2_PSK],2025-3-28 20:53:46,11,-80,34.0471802,-117.2004929,358.40,2.25,WIFI
4C:19:5D:84:25:3B,SpectrumSetup-35,[WPA2_PSK],2025-3-28 20:53:46,11,-87,34.0471802,-117.2004929,358.40,2.25,WIFI
90:9A:4A:47:AA:E6,joola-5G_2.4GEXT,[WPA2_PSK],2025-3-28 20:53:46,11,-89,34.0471802,-117.2004929,358.40,2.25,WIFI
54:B7:BD:B8:7A:FF,Verizon_B3N96G,[WPA2_PSK],2025-3-28 20:53:49,1,-72,34.0474205,-117.2000122,358.10,2.25,WIFI
F4:52:46:8C:88:BF,McCartneyNetwork,[WPA2_PSK],2025-3-28 20:53:49,1,-83,34.0474205,-117.2000122,358.10,2.25,WIFI
8C:85:80:66:4E:68,,[WPA_WPA2_PSK],2025-3-28 20:53:49,1,-84,34.0474205,-117.2000122,358.10,2.25,WIFI
00:54:AF:43:B7:18,HotspotB718,[WPA_WPA2_PSK],2025-3-28 20:53:52,3,-85,34.0476723,-117.1995468,358.60,2.25,WIFI
C8:7F:54:12:98:00,DeepDark,[WPA2_PSK],2025-3-28 20:53:54,5,-77,34.0478363,-117.1992493,358.70,2.25,WIFI
F0:7B:65:26:2B:67,Kats!,[WPA2_PSK],2025-3-28 20:53:55,6,-66,34.0479126,-117.1991043,358.60,2.25,WIFI
F8:5B:3B:D7:73:9F,SpectrumSetup-A1,[WPA2_PSK],2025-3-28 20:53:55,6,-71,34.0479126,-117.1991043,358.60,2.25,WIFI
90:93:5A:0D:CD:5A,Monster Club,[WPA2_PSK],2025-3-28 20:53:55,6,-76,34.0479126,-117.1991043,358.60,2.25,WIFI
74:37:5F:26:BF:83,SpectrumSetup-81,[WPA2_PSK],2025-3-28 20:53:55,6,-77,34.0479126,-117.1991043,358.60,2.25,WIFI
B0:19:21:E0:3E:23,Wifussy,[WPA2_PSK],2025-3-28 20:53:55,6,-77,34.0479126,-117.1991043,358.60,2.25,WIFI
92:93:5A:0D:CD:2A,SBG8300Guest-F9E1,[WPA2_PSK],2025-3-28 20:53:55,6,-78,34.0479126,-117.1991043,358.60,2.25,WIFI
C0:6F:98:91:C9:E3,,[WPA3_PSK],2025-3-28 20:53:55,6,-78,34.0479126,-117.1991043,358.60,2.25,WIFI
C0:6F:98:91:C9:E9,,[OPEN],2025-3-28 20:53:55,6,-79,34.0479126,-117.1991043,358.60,2.25,WIFI
C0:6F:98:91:C9:E6,Mint2Be,[WPA2_PSK],2025-3-28 20:53:55,6,-79,34.0479126,-117.1991043,358.60,2.25,WIFI
D2:19:21:E0:3E:23,,[WPA2_PSK],2025-3-28 20:53:55,6,-80,34.0479126,-117.1991043,358.60,2.25,WIFI
F4:52:46:ED:56:6F,SpectrumSetup-71,[WPA2_PSK],2025-3-28 20:53:55,6,-83,34.0479126,-117.1991043,358.60,2.25,WIFI
84:EB:3E:44:94:A5,tl4494a4,[WPA2_PSK],2025-3-28 20:53:55,6,-85,34.0479126,-117.1991043,358.60,2.25,WIFI
A0:7F:8A:5B:CA:08,SpectrumSetup-CA02,[WPA2_PSK],2025-3-28 20:53:55,6,-86,34.0479126,-117.1991043,358.60,2.25,WIFI
A4:11:62:CA:12:34,ARLO_VMB_2804592903,[WPA2_PSK],2025-3-28 20:53:58,9,-82,34.0481491,-117.1986847,358.70,2.25,WIFI
CC:40:D0:05:83:4C,NETGEAR86,[WPA2_PSK],2025-3-28 20:53:58,9,-87,34.0481491,-117.1986847,358.70,2.25,WIFI
F4:63:49:D3:63:E3,EED Franklin T10 5440,[WPA2_PSK],2025-3-28 20:53:58,9,-87,34.0481491,-117.1986847,358.70,2.25,WIFI
9A:49:14:1B:6D:C7,myGMC 6dc7,[WPA2_PSK],2025-3-28 20:54:0,11,-78,34.0483055,-117.1984253,357.90,2.25,WIFI
34:53:D2:CC:08:E2,Bartlett,[WPA2_PSK],2025-3-28 20:54:0,11,-80,34.0483055,-117.1984253,357.90,2.25,WIFI
88:DE:7C:C3:9C:71,SpectrumSetup-73,[WPA2_PSK],2025-3-28 20:54:0,11,-82,34.0483055,-117.1984253,357.90,2.25,WIFI
C8:99:B2:19:46:F3,Verizon_CR3KDB,[WPA2_PSK],2025-3-28 20:54:2,1,-64,34.0484657,-117.1981354,358.10,2.25,WIFI
F8:5B:3B:1D:C8:46,SpectrumSetup-48,[WPA2_PSK],2025-3-28 20:54:2,1,-65,34.0484657,-117.1981354,358.10,2.25,WIFI
F0:7B:65:66:CE:5F,SpectrumSetup-CF,[WPA2_PSK],2025-3-28 20:54:2,1,-73,34.0484657,-117.1981354,358.10,2.25,WIFI
F0:7B:65:F1:42:D2,SpectrumSetup-42CC,[WPA2_PSK],2025-3-28 20:54:2,1,-80,34.0484657,-117.1981354,358.10,2.25,WIFI
30:93:BC:7E:0F:F6,MySpectrumWiFif0-2G,[WPA2_PSK],2025-3-28 20:54:2,1,-86,34.0484657,-117.1981354,358.10,2.25,WIFI
2C:00:AB:A8:90:F8,Frontier3232,[WPA2_PSK],2025-3-28 20:54:2,1,-87,34.0484657,-117.1981354,358.10,2.25,WIFI
04:17:B6:C3:1A:F6,,[WPA_WPA2_PSK],2025-3-28 20:54:9,6,-61,34.0490303,-117.1971054,360.60,2.25,WIFI
F4:05:95:9F:11:1C,Fie-15g,[WPA2_PSK],2025-3-28 20:54:9,6,-63,34.0490303,-117.1971054,360.60,2.25,WIFI
D4:3F:32:97:5A:26,SilverFox,[WPA2_PSK],2025-3-28 20:54:9,6,-73,34.0490303,-117.1971054,360.60,2.25,WIFI
F0:B6:61:FB:DB:27,He-Man,[WPA2_PSK],2025-3-28 20:54:9,6,-77,34.0490303,-117.1971054,360.60,2.25,WIFI
BC:96:E5:39:1B:98,Moraleswifi,[WPA2_PSK],2025-3-28 20:54:14,11,-64,34.0494576,-117.1963272,361.80,2.25,WIFI
7C:DB:98:8D:DF:19,MySpectrumWiFi1B-2G,[WPA2_PSK],2025-3-28 20:54:14,11,-66,34.0494576,-117.1963272,361.80,2.25,WIFI
F8:08:4F:D6:10:4E,SpectrumSetup-48,[WPA2_PSK],2025-3-28 20:54:14,11,-74,34.0494576,-117.1963272,361.80,2.25,WIFI
74:37:5F:9D:E8:5B,SpectrumSetup-59,[WPA2_PSK],2025-3-28 20:54:14,11,-78,34.0494576,-117.1963272,361.80,2.25,WIFI
A0:E7:AE:88:3D:19,G36-42B1,[WPA2_WPA3_PSK],2025-3-28 20:54:14,11,-79,34.0494576,-117.1963272,361.80,2.25,WIFI
A6:97:5C:B2:9E:55,VTECH_5754_9e55,[WPA2_PSK],2025-3-28 20:54:16,1,-66,34.0496330,-117.1960068,362.40,2.25,WIFI
F8:5B:3B:4B:CB:C9,ObiDobi,[WPA2_PSK],2025-3-28 20:54:16,1,-67,34.0496330,-117.1960068,362.40,2.25,WIFI
0E:5A:25:22:87:65,SpectrumSetup-64,[WPA2_PSK],2025-3-28 20:54:16,1,-70,34.0496330,-117.1960068,362.40,2.25,WIFI
88:DE:7C:4E:1F:83,SpectrumSetup-85,[WPA2_PSK],2025-3-28 20:54:16,1,-74,34.0496330,-117.1960068,362.40,2.25,WIFI
B8:66:85:D7:C5:46,MySpectrumWiFi40-2G,[WPA2_PSK],2025-3-28 20:54:16,1,-78,34.0496330,-117.1960068,362.40,2.25,WIFI
34:53:D2:E5:FB:CC,SpectrumSetup-C6,[WPA2_PSK],2025-3-28 20:54:16,1,-79,34.0496330,-117.1960068,362.40,2.25,WIFI
F4:69:42:4E:AE:2D,rebeccaswifi,[WPA2_PSK],2025-3-28 20:54:16,1,-83,34.0496330,-117.1960068,362.40,2.25,WIFI
C8:B4:22:58:B4:15,MySpectrumWiFi17-2G,[WPA2_PSK],2025-3-28 20:54:16,1,-84,34.0496330,-117.1960068,362.40,2.25,WIFI
B0:FC:88:07:07:76,Frontier0653,[WPA2_PSK],2025-3-28 20:54:16,1,-86,34.0496330,-117.1960068,362.40,2.25,WIFI
B0:FC:88:73:C6:CA,SpectrumSetup-C4,[WPA2_PSK],2025-3-28 20:54:16,1,-87,34.0496330,-117.1960068,362.40,2.25,WIFI
34:53:D2:1C:B4:26,SpectrumSetup-20,[WPA2_PSK],2025-3-28 20:54:16,1,-88,34.0496330,-117.1960068,362.40,2.25,WIFI
F8:5B:3B:DF:B9:EE,hillfactory04,[WPA2_PSK],2025-3-28 20:54:16,1,-88,34.0496330,-117.1960068,362.40,2.25,WIFI
86:EA:ED:3B:FC:3A,,[WPA2_PSK],2025-3-28 20:54:16,1,-90,34.0496330,-117.1960068,362.40,2.25,WIFI
C8:9E:43:B5:E1:3A,ORBI86,[WPA2_PSK],2025-3-28 20:54:21,3,-67,34.0500412,-117.1952744,363.20,2.25,WIFI
CE:9E:43:B5:E1:3A,,[WPA2_PSK],2025-3-28 20:54:21,3,-69,34.0500412,-117.1952744,363.20,2.25,WIFI
CE:9E:43:B6:62:DD,ORBI86,[WPA2_PSK],2025-3-28 20:54:21,3,-73,34.0500412,-117.1952744,363.20,2.25,WIFI
A8:9A:93:BE:54:7E,Arias,[WPA2_PSK],2025-3-28 20:54:22,4,-77,34.0501213,-117.1951294,363.40,2.25,WIFI
1C:3B:F3:9C:9B:8B,CHATHOME_2G,[WPA2_PSK],2025-3-28 20:54:23,5,-82,34.0502014,-117.1949768,363.90,2.25,WIFI
F0:7B:65:EF:A4:DA,SpectrumSetup-A4D4,[WPA2_PSK],2025-3-28 20:54:24,6,-79,34.0502815,-117.1948318,364.40,2.25,WIFI
F4:52:46:B3:86:EA,SpectrumSetup-86ED,[WPA2_PSK],2025-3-28 20:54:24,6,-82,34.0502815,-117.1948318,364.40,2.25,WIFI
86:EA:ED:D2:FD:51,,[WPA2_PSK],2025-3-28 20:54:24,6,-82,34.0502815,-117.1948318,364.40,2.25,WIFI
CA:D9:D2:E5:2C:C0,DIRECT-C0-HP ENVY 5000 series,[WPA2_PSK],2025-3-28 20:54:24,6,-86,34.0502815,-117.1948318,364.40,2.25,WIFI
34:98:B5:58:6D:2C,NETGEAR50,[WPA2_PSK],2025-3-28 20:54:27,9,-68,34.0505371,-117.1943741,364.90,2.25,WIFI
CE:9E:43:A2:68:FE,chartique,[WPA2_PSK],2025-3-28 20:54:27,9,-81,34.0505371,-117.1943741,364.90,2.25,WIFI
CE:9E:43:A3:A6:3E,chartique,[WPA2_PSK],2025-3-28 20:54:27,9,-86,34.0505371,-117.1943741,364.90,2.25,WIFI
72:CC:9C:3E:C9:B7,Oktoberfest-Guest,[WPA2_PSK],2025-3-28 20:54:28,10,-86,34.0506248,-117.1942139,365.10,2.25,WIFI
8C:85:80:1B:66:8A,,[WPA_WPA2_PSK],2025-3-28 20:54:29,11,-73,34.0507126,-117.1940613,365.10,2.25,WIFI
3A:88:71:28:36:17,Verizon_7XSJ9T-IoT,[WPA2_PSK],2025-3-28 20:54:29,11,-73,34.0507126,-117.1940613,365.10,2.25,WIFI
F0:7B:65:30:C8:5A,SpectrumSetup-C854,[WPA2_PSK],2025-3-28 20:54:29,11,-74,34.0507126,-117.1940613,365.10,2.25,WIFI
74:37:5F:27:2B:9F,SpectrumSetup-9D,[WPA2_PSK],2025-3-28 20:54:29,11,-74,34.0507126,-117.1940613,365.10,2.25,WIFI
4C:AB:F8:B4:F3:33,Verizon_4J4MMD,[WPA2_PSK],2025-3-28 20:54:29,11,-76,34.0507126,-117.1940613,365.10,2.25,WIFI
F8:5B:3B:E0:03:A6,Blues clue,[WPA2_PSK],2025-3-28 20:54:29,11,-79,34.0507126,-117.1940613,365.10,2.25,WIFI
34:53:D2:B9:3E:A1,rondog200,[WPA2_PSK],2025-3-28 20:54:29,11,-81,34.0507126,-117.1940613,365.10,2.25,WIFI
82:CE:62:72:92:34,DIRECT-34-HP ENVY Photo 7100,[WPA2_PSK],2025-3-28 20:54:29,11,-85,34.0507126,-117.1940613,365.10,2.25,WIFI
BC:96:E5:BD:59:87,Home,[WPA2_PSK],2025-3-28 20:54:29,11,-87,34.0507126,-117.1940613,365.10,2.25,WIFI
98:1E:19:5A:AE:F6,MySpectrumWiFif0-2G,[WPA2_PSK],2025-3-28 20:54:32,1,-51,34.0509758,-117.1935806,365.60,2.00,WIFI
F4:52:46:95:4D:C4,BelizeanQueen23,[WPA2_PSK],2025-3-28 20:54:32,1,-70,34.0509758,-117.1935806,365.60,2.00,WIFI
4C:AB:F8:59:18:95,SpectrumSetup-97,[WPA2_PSK],2025-3-28 20:54:32,1,-71,34.0509758,-117.1935806,365.60,2.00,WIFI
F4:52:46:F7:EB:3B,The Wi-fi,[WPA2_PSK],2025-3-28 20:54:32,1,-72,34.0509758,-117.1935806,365.60,2.00,WIFI
50:09:59:C5:D2:B2,resortstyleliving,[WPA2_PSK],2025-3-28 20:54:32,1,-73,34.0509758,-117.1935806,365.60,2.00,WIFI
F0:7B:65:6C:79:72,SpectrumSetup-F3,[WPA2_PSK],2025-3-28 20:54:32,1,-78,34.0509758,-117.1935806,365.60,2.00,WIFI
DA:31:34:CE:5A:5F,,[WPA2_PSK],2025-3-28 20:54:32,1,-79,34.0509758,-117.1935806,365.60,2.00,WIFI
94:91:7F:89:AA:82,SpectrumSetup-84,[WPA2_PSK],2025-3-28 20:54:32,1,-80,34.0509758,-117.1935806,365.60,2.00,WIFI
98:ED:5C:FF:69:24,TeslaPV_FF6924,[WPA2_PSK],2025-3-28 20:54:35,3,-77,34.0512466,-117.1930923,365.90,2.00,WIFI
88:DE:7C:C6:AD:59,SpectrumSetup-5B,[WPA2_PSK],2025-3-28 20:54:38,6,-64,34.0515137,-117.1926117,368.20,2.00,WIFI
88:DE:7C:D3:F7:AD,SpectrumSetup-AF,[WPA2_PSK],2025-3-28 20:54:38,6,-71,34.0515137,-117.1926117,368.20,2.00,WIFI
F4:52:46:88:04:4E,StayHumble100,[WPA2_PSK],2025-3-28 20:54:38,6,-77,34.0515137,-117.1926117,368.20,2.00,WIFI
5C:FA:25:BA:CA:2F,Prettylynn,[WPA2_PSK],2025-3-28 20:54:38,6,-83,34.0515137,-117.1926117,368.20,2.00,WIFI
24:5A:4C:85:BE:67,SW,[WPA2_WPA3_PSK],2025-3-28 20:54:38,6,-84,34.0515137,-117.1926117,368.20,2.00,WIFI
F0:7B:65:C2:63:1C,SpectrumSetup-6316,[WPA2_PSK],2025-3-28 20:54:38,6,-85,34.0515137,-117.1926117,368.20,2.00,WIFI
D4:5D:64:9D:C3:B0,ASUS_B0,[OPEN],2025-3-28 20:54:38,6,-86,34.0515137,-117.1926117,368.20,2.00,WIFI
4C:19:5D:49:A8:14,Jakes Wifi,[WPA2_PSK],2025-3-28 20:54:38,6,-87,34.0515137,-117.1926117,368.20,2.00,WIFI
30:93:BC:81:15:F6,PEARLY WHITES,[WPA2_PSK],2025-3-28 20:54:38,6,-89,34.0515137,-117.1926117,368.20,2.00,WIFI
E0:09:BF:52:1B:B2,WVC9BDNBXFKMPDR2,[OPEN],2025-3-28 20:54:38,7,-80,34.0515137,-117.1926117,368.20,2.00,WIFI
6C:CD:D6:0D:B6:B1,NETGEAR89,[WPA2_PSK],2025-3-28 20:54:40,8,-85,34.0516853,-117.1922989,370.30,2.00,WIFI
80:AF:CA:1D:A0:7A,redlandsENDO 2G,[WPA_WPA2_PSK],2025-3-28 20:54:41,9,-86,34.0517654,-117.1921463,370.80,2.00,WIFI
A0:36:BC:1B:A3:38,PaddysPub,[WPA2_PSK],2025-3-28 20:54:41,9,-88,34.0517654,-117.1921463,370.80,2.00,WIFI
6C:CD:D6:EB:F5:AF,ATS_ORBI,[WPA2_PSK],2025-3-28 20:54:41,9,-90,34.0517654,-117.1921463,370.80,2.00,WIFI
DE:03:98:08:8F:6A,AT_401_RAC_056905_WW_8f6a,[WPA2_PSK],2025-3-28 20:54:43,11,-72,34.0519142,-117.1918640,371.70,2.00,WIFI
4E:BC:E9:D6:BE:85,AT_401_RAC_056905_WW_be85,[WPA2_PSK],2025-3-28 20:54:43,11,-76,34.0519142,-117.1918640,371.70,2.00,WIFI
74:93:DA:BA:E2:6D,SpectrumSetup-6F,[WPA2_PSK],2025-3-28 20:54:43,11,-77,34.0519142,-117.1918640,371.70,2.00,WIFI
D0:6D:C9:27:10:B6,Frontier1637,[WPA2_PSK],2025-3-28 20:54:43,11,-85,34.0519142,-117.1918640,371.70,2.00,WIFI
C8:E3:06:6C:0D:03,,[WPA3_PSK],2025-3-28 20:54:43,11,-88,34.0519142,-117.1918640,371.70,2.00,WIFI
38:8B:59:DC:A0:BC,711wifi10,[WPA2_PSK],2025-3-28 20:54:43,11,-89,34.0519142,-117.1918640,371.70,2.00,WIFI
A0:7F:8A:0A:8E:9A,DollyWolly1133,[WPA2_PSK],2025-3-28 20:54:46,1,-66,34.0521126,-117.1915207,372.60,2.00,WIFI
A0:7F:8A:32:B0:5C,Daviddarkhold1,[WPA2_PSK],2025-3-28 20:54:46,1,-69,34.0521126,-117.1915207,372.60,2.00,WIFI
74:37:5F:70:63:2B,SpectrumSetup-29,[WPA2_PSK],2025-3-28 20:54:46,1,-78,34.0521126,-117.1915207,372.60,2.00,WIFI
22:48:6C:5B:9E:FA,,[WPA2_PSK],2025-3-28 20:54:46,1,-84,34.0521126,-117.1915207,372.60,2.00,WIFI
CC:CF:83:48:70:70,,[WPA_WPA2_PSK],2025-3-28 20:54:46,1,-86,34.0521126,-117.1915207,372.60,2.00,WIFI
10:CE:A9:8B:2C:F7,Vive-017d485e,[WPA2_PSK],2025-3-28 20:54:51,5,-95,34.0523109,-117.1912231,372.80,2.00,WIFI
72:CD:D6:C2:38:21,PSD,[WPA2_PSK],2025-3-28 20:54:52,6,-66,34.0523186,-117.1912003,372.90,2.00,WIFI
76:CD:D6:C2:38:21,,[WPA2_PSK],2025-3-28 20:54:52,6,-67,34.0523186,-117.1912003,372.90,2.00,WIFI
2A:C5:C8:A3:4E:A6,DIRECT-A6-HP Color LJ 3301,[WPA2_PSK],2025-3-28 20:54:52,6,-84,34.0523186,-117.1912003,372.90,2.00,WIFI
D8:CF:61:46:5D:EF,SpectrumSetup-5DE9,[WPA2_PSK],2025-3-28 20:54:52,6,-85,34.0523186,-117.1912003,372.90,2.00,WIFI
62:6D:C7:07:CD:9B,DIRECT-9b-HP M277 LaserJet,[WPA2_PSK],2025-3-28 20:54:52,6,-86,34.0523186,-117.1912003,372.90,2.00,WIFI
A6:97:5C:D1:4E:C5,VTECH_5866_4ec5,[WPA2_PSK],2025-3-28 20:54:52,6,-91,34.0523186,-117.1912003,372.90,2.00,WIFI
40:47:5E:53:DA:E9,,[OPEN],2025-3-28 20:54:57,11,-76,34.0523186,-117.1912003,372.80,2.00,WIFI
40:47:5E:53:DA:E6,qhmwifi,[WPA2_PSK],2025-3-28 20:54:57,11,-76,34.0523186,-117.1912003,372.80,2.00,WIFI
40:47:5E:53:DA:EF,qhmwifi Guest,[WPA2_PSK],2025-3-28 20:54:57,11,-77,34.0523186,-117.1912003,372.80,2.00,WIFI
54:AF:97:05:DD:22,QHMWIFI-7-Randy's Office 2.4GHz,[WPA2_PSK],2025-3-28 20:54:57,11,-78,34.0523186,-117.1912003,372.80,2.00,WIFI
28:EC:22:9B:C4:03,,[WPA3_PSK],2025-3-28 20:54:57,11,-79,34.0523186,-117.1912003,372.80,2.00,WIFI
28:EC:22:9B:C4:09,,[OPEN],2025-3-28 20:54:57,11,-80,34.0523186,-117.1912003,372.80,2.00,WIFI
40:47:5E:53:DA:E3,,[WPA3_PSK],2025-3-28 20:54:57,11,-80,34.0523186,-117.1912003,372.80,2.00,WIFI
28:EC:22:9B:C4:06,qhmwifi,[WPA2_PSK],2025-3-28 20:54:57,11,-81,34.0523186,-117.1912003,372.80,2.00,WIFI
28:EC:22:9B:C4:0F,qhmwifi Guest,[WPA2_PSK],2025-3-28 20:54:57,11,-81,34.0523186,-117.1912003,372.80,2.00,WIFI
28:EC:22:AA:1F:8F,qhmwifi Guest,[WPA2_PSK],2025-3-28 20:54:57,11,-83,34.0523186,-117.1912003,372.80,2.00,WIFI
28:EC:22:AA:1F:89,,[OPEN],2025-3-28 20:54:57,11,-84,34.0523186,-117.1912003,372.80,2.00,WIFI
28:EC:22:AA:1F:83,,[WPA3_PSK],2025-3-28 20:54:57,11,-85,34.0523186,-117.1912003,372.80,2.00,WIFI
38:E1:F4:95:F4:76,AyalaWiFi,[WPA2_WPA3_PSK],2025-3-28 20:54:57,11,-87,34.0523186,-117.1912003,372.80,2.00,WIFI
1E:7B:65:AE:E4:A8,,[WPA2_PSK],2025-3-28 20:54:57,11,-87,34.0523186,-117.1912003,372.80,2.00,WIFI
1E:7B:65:AE:E4:A9,,[WPA2_PSK],2025-3-28 20:54:57,11,-89,34.0523186,-117.1912003,372.80,2.00,WIFI
18:B1:69:D4:A0:D0,PCH,[WPA2_PSK],2025-3-28 20:55:4,3,-93,34.0525093,-117.1910172,373.60,2.00,WIFI
5C:18:DD:EB:5E:E4,,[WPA_WPA2_PSK],2025-3-28 20:55:5,4,-87,34.0525627,-117.1910324,373.70,2.00,WIFI
50:27:A9:E3:76:63,,[WPA3_PSK],2025-3-28 20:55:7,6,-81,34.0526962,-117.1911392,373.80,2.00,WIFI
58:9B:4A:87:B0:40,MisterCabral,[WPA2_PSK],2025-3-28 20:55:7,6,-81,34.0526962,-117.1911392,373.80,2.00,WIFI
74:93:DA:57:8F:D5,SpectrumSetup-D7,[WPA2_PSK],2025-3-28 20:55:7,6,-82,34.0526962,-117.1911392,373.80,2.00,WIFI
76:CD:D6:C1:1E:63,,[WPA2_PSK],2025-3-28 20:55:7,6,-83,34.0526962,-117.1911392,373.80,2.00,WIFI
9C:AD:97:C5:D0:EC,HP-Print-ec-LaserJet Pro M201dw,[WPA2_PSK],2025-3-28 20:55:7,6,-86,34.0526962,-117.1911392,373.80,2.00,WIFI
FC:12:63:B7:71:EF,SpectrumSetup-F1,[WPA2_PSK],2025-3-28 20:55:7,6,-87,34.0526962,-117.1911392,373.80,2.00,WIFI
78:76:89:09:F6:C7,The One Piece,[WPA2_PSK],2025-3-28 20:55:7,6,-89,34.0526962,-117.1911392,373.80,2.00,WIFI
60:57:47:58:FA:9B,,[WPA_WPA2_PSK],2025-3-28 20:55:7,7,-88,34.0526962,-117.1911392,373.80,2.00,WIFI
66:A4:B7:91:A2:3A,,[WPA2_PSK],2025-3-28 20:55:9,8,-84,34.0528793,-117.1912766,373.70,2.00,WIFI
60:A4:B7:91:A2:3A,JELP2,[WPA2_PSK],2025-3-28 20:55:9,8,-88,34.0528793,-117.1912766,373.70,2.00,WIFI
28:80:88:33:05:55,NETGEAR43,[WPA2_PSK],2025-3-28 20:55:11,10,-75,34.0531044,-117.1914673,373.20,2.00,WIFI
2A:80:88:33:05:56,NETGEAR43-Guest,[WPA2_PSK],2025-3-28 20:55:11,10,-75,34.0531044,-117.1914673,373.20,2.00,WIFI
7C:8B:CA:59:42:68,bluerock,[WPA2_PSK],2025-3-28 20:55:11,10,-82,34.0531044,-117.1914673,373.20,2.00,WIFI
3E:61:B4:19:EB:C7,,[WPA2_PSK],2025-3-28 20:55:11,10,-86,34.0531044,-117.1914673,373.20,2.00,WIFI
C0:A0:BB:EC:61:0E,dlink-610E,[WPA_WPA2_PSK],2025-3-28 20:55:11,10,-91,34.0531044,-117.1914673,373.20,2.00,WIFI
54:04:63:CB:E3:61,,[WPA_WPA2_PSK],2025-3-28 20:55:12,11,-75,34.0532227,-117.1915588,373.20,2.00,WIFI
A4:11:62:57:CA:B2,ARLO_VMB_3092728225,[WPA2_PSK],2025-3-28 20:55:12,11,-76,34.0532227,-117.1915588,373.20,2.00,WIFI
F0:B6:61:8D:E0:67,nacho,[WPA2_PSK],2025-3-28 20:55:12,11,-79,34.0532227,-117.1915588,373.20,2.00,WIFI
F0:B6:61:8D:E0:64,,[WPA3_PSK],2025-3-28 20:55:12,11,-80,34.0532227,-117.1915588,373.20,2.00,WIFI
F0:B6:61:8D:E0:6A,,[OPEN],2025-3-28 20:55:12,11,-80,34.0532227,-117.1915588,373.20,2.00,WIFI
28:BD:89:E8:F4:88,Hyperdrive,[WPA2_PSK],2025-3-28 20:55:12,11,-85,34.0532227,-117.1915588,373.20,2.00,WIFI
C0:89:AB:21:BA:48,The Last Homely House east of th,[WPA2_PSK],2025-3-28 20:55:12,11,-87,34.0532227,-117.1915588,373.20,2.00,WIFI
62:89:AB:21:BA:49,Guest6848,[WPA2_PSK],2025-3-28 20:55:12,11,-87,34.0532227,-117.1915588,373.20,2.00,WIFI
F8:1A:2B:28:91:93,Hyperdrive,[WPA2_PSK],2025-3-28 20:55:12,11,-89,34.0532227,-117.1915588,373.20,2.00,WIFI
B0:FC:88:06:F7:C6,Frontier0398,[WPA2_PSK],2025-3-28 20:55:12,11,-90,34.0532227,-117.1915588,373.20,2.00,WIFI
DC:69:B5:A1:41:26,Maldearcy,[WPA2_PSK],2025-3-28 20:55:15,1,-67,34.0536003,-117.1918640,373.00,2.00,WIFI
DC:69:B5:A1:41:23,,[WPA3_PSK],2025-3-28 20:55:15,1,-68,34.0536003,-117.1918640,373.00,2.00,WIFI
DC:69:B5:A1:41:29,,[OPEN],2025-3-28 20:55:15,1,-68,34.0536003,-117.1918640,373.00,2.00,WIFI
48:D6:D5:C3:E0:C1,Hyperdrive,[WPA2_PSK],2025-3-28 20:55:15,1,-72,34.0536003,-117.1918640,373.00,2.00,WIFI
F4:05:95:A8:C0:C0,SpectrumSetup-BA,[WPA2_PSK],2025-3-28 20:55:15,1,-73,34.0536003,-117.1918640,373.00,2.00,WIFI
7C:DB:98:B3:77:91,SpectrumSetup-93,[WPA2_PSK],2025-3-28 20:55:15,1,-78,34.0536003,-117.1918640,373.00,2.00,WIFI
FC:12:63:B3:FB:7F,letsgoBroncos68,[WPA2_PSK],2025-3-28 20:55:15,1,-81,34.0536003,-117.1918640,373.00,2.00,WIFI
0C:83:CC:C6:7C:19,tlc67c19,[WPA2_PSK],2025-3-28 20:55:15,1,-82,34.0536003,-117.1918640,373.00,2.00,WIFI
E4:8E:10:E5:2F:A4,,[WPA_WPA2_PSK],2025-3-28 20:55:15,1,-83,34.0536003,-117.1918640,373.00,2.00,WIFI
58:9B:4A:98:24:E9,SpectrumSetup-24E5,[WPA2_PSK],2025-3-28 20:55:15,1,-84,34.0536003,-117.1918640,373.00,2.00,WIFI
2C:67:BE:11:30:DB,SpectrumSetup-A8,[WPA2_PSK],2025-3-28 20:55:15,1,-91,34.0536003,-117.1918640,373.00,2.00,WIFI
94:18:65:E4:F9:D4,NETGEAR36,[WPA2_PSK],2025-3-28 20:55:18,3,-79,34.0539970,-117.1921768,372.30,2.00,WIFI
F0:A8:82:19:6A:2E,8B5064JC,[WPA2_PSK],2025-3-28 20:55:21,6,-57,34.0543823,-117.1924820,371.70,2.00,WIFI
20:9A:7D:1F:B1:36,SpectrumSetup-30,[WPA2_PSK],2025-3-28 20:55:21,6,-64,34.0543823,-117.1924820,371.70,2.00,WIFI
C0:6F:98:00:67:43,,[WPA3_PSK],2025-3-28 20:55:21,6,-68,34.0543823,-117.1924820,371.70,2.00,WIFI
C0:6F:98:00:67:49,,[OPEN],2025-3-28 20:55:21,6,-68,34.0543823,-117.1924820,371.70,2.00,WIFI
C0:6F:98:00:67:46,Ollie’s Home,[WPA2_PSK],2025-3-28 20:55:21,6,-68,34.0543823,-117.1924820,371.70,2.00,WIFI
FC:12:63:A8:AC:0D,SpectrumSetup-0F,[WPA2_PSK],2025-3-28 20:55:21,6,-70,34.0543823,-117.1924820,371.70,2.00,WIFI
50:27:A9:0E:87:AB,Krames Guest,[WPA2_PSK],2025-3-28 20:55:21,6,-70,34.0543823,-117.1924820,371.70,2.00,WIFI
34:98:B5:58:D2:B8,Toriuta,[WPA2_PSK],2025-3-28 20:55:22,7,-63,34.0545044,-117.1925735,371.30,2.00,WIFI
0C:1C:57:6C:45:EE,,[WPA2_PSK],2025-3-28 20:55:22,7,-79,34.0545044,-117.1925735,371.30,2.00,WIFI
86:2A:FD:69:8D:1D,DIRECT-1D-HP ENVY 5000 series,[WPA2_PSK],2025-3-28 20:55:22,7,-80,34.0545044,-117.1925735,371.30,2.00,WIFI
C8:C6:FE:24:8E:A6,NathRich,[WPA2_WPA3_PSK],2025-3-28 20:55:26,11,-71,34.0549622,-117.1927872,370.50,2.00,WIFI
F0:B6:61:82:E9:07,Frontier3632,[WPA2_PSK],2025-3-28 20:55:26,11,-73,34.0549622,-117.1927872,370.50,2.00,WIFI
28:EC:22:97:DF:69,,[OPEN],2025-3-28 20:55:26,11,-73,34.0549622,-117.1927872,370.50,2.00,WIFI
28:EC:22:97:DF:66,NathRich,[WPA2_WPA3_PSK],2025-3-28 20:55:26,11,-74,34.0549622,-117.1927872,370.50,2.00,WIFI
F0:B6:61:82:E9:0A,,[OPEN],2025-3-28 20:55:26,11,-74,34.0549622,-117.1927872,370.50,2.00,WIFI
74:37:5F:DA:49:33,SpectrumSetup-31,[WPA2_PSK],2025-3-28 20:55:26,11,-75,34.0549622,-117.1927872,370.50,2.00,WIFI
F0:B6:61:82:E9:04,,[WPA3_PSK],2025-3-28 20:55:26,11,-76,34.0549622,-117.1927872,370.50,2.00,WIFI
08:7B:12:4B:F9:3F,Museum of Redlands Free WiFi,[WPA2_PSK],2025-3-28 20:55:26,11,-79,34.0549622,-117.1927872,370.50,2.00,WIFI
7C:DB:98:B9:88:FF,MySpectrumWiFi01-2G,[WPA2_PSK],2025-3-28 20:55:26,11,-79,34.0549622,-117.1927872,370.50,2.00,WIFI
9C:3D:CF:6D:8E:16,NTGR_VMB_1526256054,[WPA2_PSK],2025-3-28 20:55:26,11,-80,34.0549622,-117.1927872,370.50,2.00,WIFI
24:94:CB:7D:5B:F8,Frontier0128,[WPA2_PSK],2025-3-28 20:55:26,11,-87,34.0549622,-117.1927872,370.50,2.00,WIFI
74:37:5F:C9:08:BF,SpectrumSetup-BD,[WPA2_PSK],2025-3-28 20:55:26,11,-88,34.0549622,-117.1927872,370.50,2.00,WIFI
D2:6D:C9:37:5A:E7,Guest0809,[WPA2_PSK],2025-3-28 20:55:26,11,-92,34.0549622,-117.1927872,370.50,2.00,WIFI
4C:AB:F8:49:EB:19,Gertrude,[WPA2_PSK],2025-3-28 20:55:30,1,-66,34.0553932,-117.1926651,370.20,2.00,WIFI
44:AC:85:9C:FB:E9,,[OPEN],2025-3-28 20:55:30,1,-71,34.0553932,-117.1926651,370.20,2.00,WIFI
44:AC:85:9C:FB:E6,Frontier3366,[WPA2_PSK],2025-3-28 20:55:30,1,-73,34.0553932,-117.1926651,370.20,2.00,WIFI
4C:AB:F8:4A:F8:85,SpectrumSetup-87,[WPA2_PSK],2025-3-28 20:55:30,1,-77,34.0553932,-117.1926651,370.20,2.00,WIFI
B0:FC:88:53:22:AD,SpectrumSetup-A7,[WPA2_PSK],2025-3-28 20:55:30,1,-79,34.0553932,-117.1926651,370.20,2.00,WIFI
A4:97:33:AF:E2:94,SpectrumSetup-96,[WPA2_PSK],2025-3-28 20:55:30,1,-83,34.0553932,-117.1926651,370.20,2.00,WIFI
4A:63:FC:42:CC:79,Zamora-5G,[WPA2_PSK],2025-3-28 20:55:30,1,-88,34.0553932,-117.1926651,370.20,2.00,WIFI
D4:CA:6E:AD:3B:C8,EA-J94213700161PE,[WPA_WPA2_PSK],2025-3-28 20:55:30,1,-90,34.0553932,-117.1926651,370.20,2.00,WIFI
BC:10:2F:A7:92:D8,[fridge]_E30AJT5133672L,[WPA2_PSK],2025-3-28 20:55:30,1,-91,34.0553932,-117.1926651,370.20,2.00,WIFI
10:DA:43:AE:6A:7A,NETGEAR29,[WPA2_PSK],2025-3-28 20:55:33,3,-66,34.0556946,-117.1924591,370.00,2.00,WIFI
E8:9F:80:DF:96:42,Scajaquada2,[WPA2_PSK],2025-3-28 20:55:33,3,-71,34.0556946,-117.1924591,370.00,2.00,WIFI
EE:9F:80:DF:96:42,Scajaquada2Guest,[WPA2_PSK],2025-3-28 20:55:33,3,-73,34.0556946,-117.1924591,370.00,2.00,WIFI
F2:9F:80:DF:96:42,,[WPA2_PSK],2025-3-28 20:55:33,3,-73,34.0556946,-117.1924591,370.00,2.00,WIFI
58:EF:68:0E:D8:EB,7empest,[WPA2_PSK],2025-3-28 20:55:34,4,-73,34.0558052,-117.1923752,369.90,2.00,WIFI
5A:EF:68:0E:D8:EC,Linksys04357-guest,[OPEN],2025-3-28 20:55:34,4,-75,34.0558052,-117.1923752,369.90,2.00,WIFI
5A:EF:68:0E:D8:ED,,[WPA2_PSK],2025-3-28 20:55:34,4,-78,34.0558052,-117.1923752,369.90,2.00,WIFI
28:EC:22:EC:FA:C6,Frontier147,[WPA2_PSK],2025-3-28 20:55:36,6,-59,34.0559998,-117.1921921,369.70,2.00,WIFI
28:EC:22:EC:FA:C9,,[OPEN],2025-3-28 20:55:36,6,-61,34.0559998,-117.1921921,369.70,2.00,WIFI
18:A5:FF:A2:E3:96,Hollowcastle13,[WPA2_WPA3_PSK],2025-3-28 20:55:36,6,-71,34.0559998,-117.1921921,369.70,2.00,WIFI
50:27:A9:0E:87:A3,,[WPA3_PSK],2025-3-28 20:55:36,6,-77,34.0559998,-117.1921921,369.70,2.00,WIFI
50:27:A9:0E:87:A7,,[OPEN],2025-3-28 20:55:36,6,-77,34.0559998,-117.1921921,369.70,2.00,WIFI
50:27:A9:0E:87:A5,Krames,[WPA2_PSK],2025-3-28 20:55:36,6,-77,34.0559998,-117.1921921,369.70,2.00,WIFI
C0:6F:98:16:B6:E6,The Crazy Diamond,[WPA2_PSK],2025-3-28 20:55:36,6,-80,34.0559998,-117.1921921,369.70,2.00,WIFI
18:A5:FF:11:54:78,TMOBILE-5476,[WPA2_WPA3_PSK],2025-3-28 20:55:36,6,-80,34.0559998,-117.1921921,369.70,2.00,WIFI
C0:6F:98:16:B6:E9,,[OPEN],2025-3-28 20:55:36,6,-80,34.0559998,-117.1921921,369.70,2.00,WIFI
5C:A5:BC:48:04:25,Thisismine,[WPA2_PSK],2025-3-28 20:55:36,6,-83,34.0559998,-117.1921921,369.70,2.00,WIFI
5C:A5:BC:48:55:65,Thisismine,[WPA2_PSK],2025-3-28 20:55:36,6,-85,34.0559998,-117.1921921,369.70,2.00,WIFI
FC:12:63:CC:F5:E3,SpectrumSetup-C0,[WPA2_PSK],2025-3-28 20:55:36,6,-85,34.0559998,-117.1921921,369.70,2.00,WIFI
C8:7F:54:B3:98:A8,Winternet is Coming,[WPA2_PSK],2025-3-28 20:55:38,8,-83,34.0561905,-117.1919861,369.90,2.00,WIFI
A0:04:60:05:5B:48,Mermaid Oasis_EXT,[WPA2_PSK],2025-3-28 20:55:39,9,-88,34.0562859,-117.1918793,370.20,2.00,WIFI
4A:BA:4E:67:C0:19,DIRECT-19-HP ENVY Photo 7100,[WPA2_PSK],2025-3-28 20:55:39,9,-89,34.0562859,-117.1918793,370.20,2.00,WIFI
24:4B:FE:71:8F:70,Snowdog,[WPA2_PSK],2025-3-28 20:55:40,10,-80,34.0563812,-117.1917725,370.40,2.00,WIFI
24:4B:FE:71:8F:71,Mi Casa Su Casa,[WPA2_PSK],2025-3-28 20:55:40,10,-82,34.0563812,-117.1917725,370.40,2.00,WIFI
36:23:03:CB:2A:19,,[WPA2_PSK],2025-3-28 20:55:41,11,-69,34.0564728,-117.1916733,370.70,2.00,WIFI
30:23:03:CB:2A:19,livelaughlove,[WPA2_PSK],2025-3-28 20:55:41,11,-70,34.0564728,-117.1916733,370.70,2.00,WIFI
F8:5B:3B:20:0C:1B,SpectrumSetup-1D,[WPA2_PSK],2025-3-28 20:55:41,11,-81,34.0564728,-117.1916733,370.70,2.00,WIFI
C4:8E:8F:E5:31:0A,WIFIE53106,[WPA2_PSK],2025-3-28 20:55:41,11,-82,34.0564728,-117.1916733,370.70,2.00,WIFI
14:B7:F8:E5:D6:0E,TWCS-2.4G,[WPA2_PSK],2025-3-28 20:55:41,11,-86,34.0564728,-117.1916733,370.70,2.00,WIFI
7E:8A:20:B1:B2:87,RedlandAutoPlaza-Guest,[WPA_WPA2_PSK],2025-3-28 20:55:43,1,-79,34.0566521,-117.1914902,371.40,2.00,WIFI
82:8A:20:B1:B2:87,RAPSecure,[WPA_WPA2_PSK],2025-3-28 20:55:43,1,-79,34.0566521,-117.1914902,371.40,2.00,WIFI
78:8A:20:B1:B2:87,SD,[WPA_WPA2_PSK],2025-3-28 20:55:43,1,-80,34.0566521,-117.1914902,371.40,2.00,WIFI
86:8A:20:B1:B2:87,AutoBliss,[WPA2_PSK],2025-3-28 20:55:43,1,-80,34.0566521,-117.1914902,371.40,2.00,WIFI
DC:92:72:E3:6E:EF,Frontier0258,[WPA2_PSK],2025-3-28 20:55:50,6,-87,34.0570335,-117.1911545,371.20,2.00,WIFI
AE:8B:A9:24:BC:3E,Thrive Guest,[WPA2_PSK],2025-3-28 20:55:50,6,-88,34.0570335,-117.1911545,371.20,2.00,WIFI
AC:8B:A9:24:BC:3E,Thrive,[WPA2_PSK],2025-3-28 20:55:50,6,-91,34.0570335,-117.1911545,371.20,2.00,WIFI
C2:FB:E4:14:E1:53,,[WPA2_PSK],2025-3-28 20:55:50,6,-92,34.0570335,-117.1911545,371.20,2.00,WIFI
D2:40:D0:5F:C3:9A,ORBI56,[WPA2_PSK],2025-3-28 20:55:51,7,-86,34.0570107,-117.1910782,371.40,2.00,WIFI
C8:7F:54:94:DD:18,Mermaid Oasis,[WPA2_PSK],2025-3-28 20:55:53,9,-71,34.0569725,-117.1908951,371.40,2.00,WIFI
A0:36:BC:1E:6F:F0,Snowdog,[WPA2_PSK],2025-3-28 20:55:54,10,-67,34.0569534,-117.1908035,371.60,2.00,WIFI
9E:AE:D3:F5:BF:E6,DIRECT-D3F53FE6,[WPA2_PSK],2025-3-28 20:55:54,10,-88,34.0569534,-117.1908035,371.60,2.00,WIFI
10:62:E5:C0:86:01,DIRECT-00-HP OfficeJet Pro 8720,[WPA2_PSK],2025-3-28 20:55:55,11,-77,34.0569305,-117.1907196,371.70,2.00,WIFI
34:6B:46:2D:54:6E,MySpectrumWiFi68-2G,[WPA2_PSK],2025-3-28 20:55:55,11,-79,34.0569305,-117.1907196,371.70,2.00,WIFI
38:06:E6:04:21:C3,Verizon_QZ9Z76,[WPA2_PSK],2025-3-28 20:55:57,1,-68,34.0568924,-117.1905594,371.70,2.00,WIFI
3A:1A:52:8C:F9:5F,DIRECT-528C795F,[WPA2_PSK],2025-3-28 20:55:57,1,-69,34.0568924,-117.1905594,371.70,2.00,WIFI
26:18:D6:47:20:67,,[WPA2_PSK],2025-3-28 20:55:57,1,-69,34.0568924,-117.1905594,371.70,2.00,WIFI
4C:19:5D:4C:FD:EB,SpectrumSetup-E5,[WPA2_PSK],2025-3-28 20:55:57,1,-73,34.0568924,-117.1905594,371.70,2.00,WIFI
AC:8B:A9:24:12:32,Thrive,[WPA2_PSK],2025-3-28 20:55:57,1,-86,34.0568924,-117.1905594,371.70,2.00,WIFI
78:76:89:32:AB:A4,,[WPA3_PSK],2025-3-28 20:56:4,6,-66,34.0567436,-117.1900177,371.30,2.00,WIFI
78:76:89:32:AB:AA,,[OPEN],2025-3-28 20:56:4,6,-67,34.0567436,-117.1900177,371.30,2.00,WIFI
78:76:89:32:AB:A7,chip'swifi,[WPA2_PSK],2025-3-28 20:56:4,6,-68,34.0567436,-117.1900177,371.30,2.00,WIFI
34:5D:9E:C3:3D:B6,Frontier0048,[WPA2_PSK],2025-3-28 20:56:4,6,-73,34.0567436,-117.1900177,371.30,2.00,WIFI
26:18:D6:47:10:84,,[WPA2_PSK],2025-3-28 20:56:4,6,-73,34.0567436,-117.1900177,371.30,2.00,WIFI
06:18:D6:47:10:84,Advantage1,[WPA2_PSK],2025-3-28 20:56:4,6,-74,34.0567436,-117.1900177,371.30,2.00,WIFI
04:18:D6:47:10:84,Guest-Advantage,[WPA2_PSK],2025-3-28 20:56:4,6,-75,34.0567436,-117.1900177,371.30,2.00,WIFI
FA:8F:CA:53:E4:E3,PlayFi2Device30D1491899.h049,[OPEN],2025-3-28 20:56:4,6,-79,34.0567436,-117.1900177,371.30,2.00,WIFI
AE:AE:19:09:83:69,,[WPA2_PSK],2025-3-28 20:56:4,6,-86,34.0567436,-117.1900177,371.30,2.00,WIFI
A0:89:66:EA:5C:44,,[WPA_WPA2_PSK],2025-3-28 20:56:4,7,-85,34.0567436,-117.1900177,371.30,2.00,WIFI
08:33:ED:B2:BC:20,ATT-WIFI-7672,[WPA2_WPA3_PSK],2025-3-28 20:56:7,9,-78,34.0566788,-117.1897888,371.20,2.00,WIFI
FA:92:BF:67:52:BA,RedlandAutoPlaza-Guest,[WPA_WPA2_PSK],2025-3-28 20:56:9,11,-73,34.0566368,-117.1895981,371.30,2.00,WIFI
F4:92:BF:67:52:BA,SD,[WPA_WPA2_PSK],2025-3-28 20:56:9,11,-74,34.0566368,-117.1895981,371.30,2.00,WIFI
02:92:BF:67:52:BA,AutoBliss,[WPA2_PSK],2025-3-28 20:56:9,11,-76,34.0566368,-117.1895981,371.30,2.00,WIFI
00:25:F0:79:D6:DC,tl79d6dc,[WPA2_PSK],2025-3-28 20:56:9,11,-81,34.0566368,-117.1895981,371.30,2.00,WIFI
D0:6D:C9:22:97:A6,Frontier0402,[WPA2_PSK],2025-3-28 20:56:11,1,-69,34.0565720,-117.1893997,371.20,2.00,WIFI
FA:B4:6A:11:8B:38,DIRECT-38-HP M479fdw Color LJ,[WPA2_PSK],2025-3-28 20:56:11,1,-81,34.0565720,-117.1893997,371.20,2.00,WIFI
D0:6D:C9:34:C4:16,Frontier0088,[WPA2_PSK],2025-3-28 20:56:11,1,-82,34.0565720,-117.1893997,371.20,2.00,WIFI
16:18:D6:47:20:67,TStats_IoT,[WPA2_PSK],2025-3-28 20:56:11,1,-82,34.0565720,-117.1893997,371.20,2.00,WIFI
04:18:D6:47:20:67,Guest-Advantage,[WPA2_PSK],2025-3-28 20:56:11,1,-83,34.0565720,-117.1893997,371.20,2.00,WIFI
F4:52:46:9F:97:14,Mine,[WPA2_PSK],2025-3-28 20:56:11,1,-85,34.0565720,-117.1893997,371.20,2.00,WIFI
D8:33:B7:D7:EA:61,Frontier2528,[WPA2_PSK],2025-3-28 20:56:11,1,-89,34.0565720,-117.1893997,371.20,2.00,WIFI
3E:64:CF:2F:6B:11,,[WPA2_PSK],2025-3-28 20:56:16,4,-88,34.0564537,-117.1888733,371.80,1.75,WIFI
DA:B3:70:A3:3D:56,Kubo-Guest Alt,[WPA2_PSK],2025-3-28 20:56:18,6,-73,34.0564194,-117.1886368,372.00,2.00,WIFI
DA:B3:70:93:3D:56,,[WPA2_PSK],2025-3-28 20:56:18,6,-74,34.0564194,-117.1886368,372.00,2.00,WIFI
98:C8:54:A7:28:03,Verizon_NH7XKQ,[WPA2_PSK],2025-3-28 20:56:18,6,-75,34.0564194,-117.1886368,372.00,2.00,WIFI
DA:B3:70:B3:3D:56,Kubo-Guest,[OPEN],2025-3-28 20:56:18,6,-78,34.0564194,-117.1886368,372.00,2.00,WIFI
F0:9F:C2:31:4C:90,Kubo-Secure,[WPA2_PSK],2025-3-28 20:56:18,6,-83,34.0564194,-117.1886368,372.00,2.00,WIFI
F6:9F:C2:31:4C:90,,[WPA2_PSK],2025-3-28 20:56:18,6,-83,34.0564194,-117.1886368,372.00,2.00,WIFI
08:33:ED:BE:FC:FD,Iseewhatyouredoing,[WPA2_PSK],2025-3-28 20:56:18,6,-87,34.0564194,-117.1886368,372.00,2.00,WIFI
5A:E4:03:73:60:B4,Denali WiFi,[WPA2_PSK],2025-3-28 20:56:19,7,-66,34.0564079,-117.1885223,372.10,2.00,WIFI
B8:69:F4:CC:43:73,NCV Phones,[WPA2_PSK],2025-3-28 20:56:20,8,-77,34.0564003,-117.1884003,372.20,2.00,WIFI
5C:18:DD:F0:A9:33,,[WPA_WPA2_PSK],2025-3-28 20:56:20,8,-78,34.0564003,-117.1884003,372.20,2.00,WIFI
A8:42:A1:1F:14:A5,Echelon,[WPA2_PSK],2025-3-28 20:56:21,9,-85,34.0563965,-117.1882706,372.20,2.00,WIFI
AA:42:A1:2F:14:A5,,[WPA2_PSK],2025-3-28 20:56:21,9,-89,34.0563965,-117.1882706,372.20,2.00,WIFI
18:E8:29:64:8C:F6,ASOFFICE_IoT,[WPA2_PSK],2025-3-28 20:56:23,11,-76,34.0564003,-117.1880188,372.30,1.75,WIFI
E6:CB:BC:92:C1:0D,PA Guest,[WPA_WPA2_PSK],2025-3-28 20:56:23,11,-77,34.0564003,-117.1880188,372.30,1.75,WIFI
F2:CB:BC:92:C1:0D,PA_MiniX,[WPA_WPA2_PSK],2025-3-28 20:56:23,11,-77,34.0564003,-117.1880188,372.30,1.75,WIFI
0C:EA:C9:4C:8E:88,Frontier8208,[WPA2_PSK],2025-3-28 20:56:23,11,-77,34.0564003,-117.1880188,372.30,1.75,WIFI
FA:CB:BC:92:C1:0D,PA_Corp,[WPA2],2025-3-28 20:56:23,11,-79,34.0564003,-117.1880188,372.30,1.75,WIFI
D8:EC:5E:F2:47:D2,cccenterforhealing,[WPA2_PSK],2025-3-28 20:56:23,11,-84,34.0564003,-117.1880188,372.30,1.75,WIFI
6E:D7:9A:C7:8D:3E,iedsgguest,[WPA2_PSK],2025-3-28 20:56:23,11,-87,34.0564003,-117.1880188,372.30,1.75,WIFI
08:D5:9D:00:D7:A6,MySpectrumWiFia0-2G,[WPA2_PSK],2025-3-28 20:56:26,1,-71,34.0564003,-117.1876450,372.40,1.75,WIFI
78:DA:6E:E6:76:1C,ASTEST,[WPA_WPA2_PSK],2025-3-28 20:56:26,1,-80,34.0564003,-117.1876450,372.40,1.75,WIFI
AC:E2:D3:C1:D9:AA,DIRECT-A5-HP OfficeJet Pro 8710,[WPA2_PSK],2025-3-28 20:56:26,1,-84,34.0564003,-117.1876450,372.40,1.75,WIFI
2C:58:4F:5A:9F:A8,Frontier3360,[WPA2_PSK],2025-3-28 20:56:26,1,-85,34.0564003,-117.1876450,372.40,1.75,WIFI
04:42:1A:12:A9:E9,Frontier7680,[WPA2_PSK],2025-3-28 20:56:28,2,-83,34.0563927,-117.1874619,372.80,1.75,WIFI
18:D6:C7:48:63:40,TP-LINK_Extender_2.4GHz,[OPEN],2025-3-28 20:56:28,2,-84,34.0563927,-117.1874619,372.80,1.75,WIFI
94:18:65:5B:37:F0,AISemployee,[WPA2_PSK],2025-3-28 20:56:30,4,-76,34.0563889,-117.1873169,373.10,1.75,WIFI
C4:EB:39:7B:4C:21,Frontier2528,[WPA2_PSK],2025-3-28 20:56:32,6,-71,34.0563965,-117.1872330,373.50,1.75,WIFI
4C:AB:F8:A0:2B:1D,Babymamatrap,[WPA2_PSK],2025-3-28 20:56:32,6,-76,34.0563965,-117.1872330,373.50,1.75,WIFI
FC:3F:DB:EE:CC:20,DIRECT-1F-HP OfficeJet Pro 8720,[WPA2_PSK],2025-3-28 20:56:32,6,-81,34.0563965,-117.1872330,373.50,1.75,WIFI
FA:92:BF:64:29:95,,[WPA2_PSK],2025-3-28 20:56:32,6,-87,34.0563965,-117.1872330,373.50,1.75,WIFI
F4:92:BF:64:29:95,DTLA Insurance Solutions,[WPA2_PSK],2025-3-28 20:56:32,6,-88,34.0563965,-117.1872330,373.50,1.75,WIFI
06:0E:3C:0C:11:D1,DIRECT-D1-HP BHHS Perrie Print,[WPA2_PSK],2025-3-28 20:56:32,6,-88,34.0563965,-117.1872330,373.50,1.75,WIFI
2C:00:AB:A8:A4:38,Frontier8160,[WPA2_PSK],2025-3-28 20:56:37,11,-74,34.0563965,-117.1872101,373.40,1.75,WIFI
72:D7:9A:C7:90:BC,,[WPA2_PSK],2025-3-28 20:56:37,11,-96,34.0563965,-117.1872101,373.40,1.75,WIFI
D0:6D:C9:2E:70:26,Frontier2528,[WPA2_PSK],2025-3-28 20:56:40,1,-79,34.0563927,-117.1872101,373.40,1.75,WIFI
54:04:63:CB:E6:21,,[WPA_WPA2_PSK],2025-3-28 20:56:42,2,-88,34.0563927,-117.1872101,373.40,1.75,WIFI
38:88:71:14:D1:E0,Verizon_W7JG79,[WPA2_PSK],2025-3-28 20:56:46,6,-77,34.0563927,-117.1872101,373.40,1.75,WIFI
D0:6D:C9:39:6F:E6,Frontier0452,[WPA2_PSK],2025-3-28 20:56:46,6,-81,34.0563927,-117.1872101,373.40,1.75,WIFI
9E:30:5B:63:E2:FD,DIRECT-fd-HP M281 LaserJet,[WPA2_PSK],2025-3-28 20:56:46,6,-88,34.0563927,-117.1872101,373.40,1.75,WIFI
74:93:DA:57:4B:31,SpectrumSetup-33,[WPA2_PSK],2025-3-28 20:56:46,6,-89,34.0563927,-117.1872101,373.40,1.75,WIFI
68:D7:9A:C7:8D:3E,IEDSG-UB,[WPA2_PSK],2025-3-28 20:56:51,11,-93,34.0563927,-117.1872101,373.50,1.75,WIFI
98:F7:81:DD:A1:B8,Frontier9776,[WPA2_PSK],2025-3-28 20:56:54,1,-83,34.0563927,-117.1872101,373.50,1.75,WIFI
48:E1:E9:25:0F:C5,Meross_SW_0FC5,[OPEN],2025-3-28 20:56:54,1,-90,34.0563927,-117.1872101,373.50,1.75,WIFI
9E:AE:D3:CB:D1:07,DIRECT-D3CB5107,[WPA2_PSK],2025-3-28 20:56:54,1,-91,34.0563927,-117.1872101,373.50,1.75,WIFI
04:92:26:81:D6:C8,Frontier7680,[WPA2_PSK],2025-3-28 20:56:56,2,-90,34.0563927,-117.1872101,373.60,1.75,WIFI
94:53:30:0E:33:AA,HP-Print-aa-LaserJet Pro M201dw,[OPEN],2025-3-28 20:57:0,6,-84,34.0563927,-117.1872101,373.70,1.75,WIFI
E4:8E:10:7B:CC:CC,,[WPA_WPA2_PSK],2025-3-28 20:57:1,7,-88,34.0563927,-117.1872101,373.60,1.75,WIFI
94:3C:96:FA:9B:36,Frontier1358,[WPA2_PSK],2025-3-28 20:57:5,11,-85,34.0563927,-117.1872101,373.50,1.75,WIFI
00:1D:43:10:03:C2,AISemployee-EXT,[WPA2_PSK],2025-3-28 20:57:5,11,-86,34.0563927,-117.1872101,373.50,1.75,WIFI
6E:D7:9A:C7:93:5C,iedsgguest,[WPA2_PSK],2025-3-28 20:57:5,11,-87,34.0563927,-117.1872101,373.50,1.75,WIFI
72:D7:9A:C7:93:5C,,[WPA2_PSK],2025-3-28 20:57:5,11,-87,34.0563927,-117.1872101,373.50,1.75,WIFI
72:D7:9A:C7:8D:3E,,[WPA2_PSK],2025-3-28 20:57:5,11,-88,34.0563927,-117.1872101,373.50,1.75,WIFI
D8:EC:5E:F2:26:02,cccenterforhealing,[WPA2_PSK],2025-3-28 20:57:5,11,-89,34.0563927,-117.1872101,373.50,1.75,WIFI
10:2C:B1:2E:25:2E,,[WPA_WPA2_PSK],2025-3-28 20:57:5,11,-89,34.0563927,-117.1872101,373.50,1.75,WIFI
94:91:7F:79:22:45,MySpectrumWiFi47-2G,[WPA2_PSK],2025-3-28 20:57:5,11,-90,34.0563927,-117.1872101,373.50,1.75,WIFI
68:D7:9A:C7:93:5C,IEDSG-UB,[WPA2_PSK],2025-3-28 20:57:5,11,-90,34.0563927,-117.1872101,373.50,1.75,WIFI
C8:99:B2:B5:72:8F,Verizon_9C4ZQ6,[WPA2_PSK],2025-3-28 20:57:5,11,-91,34.0563927,-117.1872101,373.50,1.75,WIFI
AC:E2:D3:C1:D9:72,DIRECT-6E-HP OfficeJet Pro 8710,[WPA2_PSK],2025-3-28 20:57:15,6,-87,34.0563927,-117.1872025,373.30,1.75,WIFI
FE:92:BF:64:29:95,,[WPA2_PSK],2025-3-28 20:57:15,6,-89,34.0563927,-117.1872025,373.30,1.75,WIFI
F4:52:46:ED:90:03,SpectrumSetup-05,[WPA2_PSK],2025-3-28 20:57:15,6,-90,34.0563927,-117.1872025,373.30,1.75,WIFI
68:D7:9A:D1:50:26,osi-redlands_2G,[WPA2_PSK],2025-3-28 20:57:15,6,-92,34.0563927,-117.1872025,373.30,1.75,WIFI
DE:EC:5E:F2:47:D2,,[WPA2_PSK],2025-3-28 20:57:20,11,-92,34.0563927,-117.1872025,373.20,1.75,WIFI
38:88:71:0C:7C:9E,Verizon_H3F6HT,[WPA2_PSK],2025-3-28 20:57:20,11,-92,34.0563927,-117.1872025,373.20,1.75,WIFI
1A:E8:29:64:8C:F6,,[WPA2_PSK],2025-3-28 20:57:34,11,-91,34.0563927,-117.1872025,373.40,1.75,WIFI
44:D4:53:85:3E:B6,SpectrumSetup-B0,[WPA2_PSK],2025-3-28 20:57:34,11,-95,34.0563927,-117.1872025,373.40,1.75,WIFI
3C:37:86:CB:04:DF,NETGEAR88,[WPA2_PSK],2025-3-28 20:57:54,3,-90,34.0563927,-117.1872025,373.10,1.75,WIFI
84:EB:3E:F7:64:13,tlf76412,[WPA2_PSK],2025-3-28 20:58:19,1,-94,34.0563889,-117.1872025,373.00,1.75,WIFI
C4:41:1E:8D:48:CA,DTLA Insurance Solutions_Ext,[WPA2_PSK],2025-3-28 20:58:25,6,-88,34.0563889,-117.1872025,373.00,1.75,WIFI
24:A0:74:77:79:20,Echelon-Up,[WPA_WPA2_PSK],2025-3-28 20:58:39,6,-94,34.0563889,-117.1872025,372.90,1.75,WIFI
68:D7:9A:C7:90:BC,IEDSG-UB,[WPA2_PSK],2025-3-28 20:58:44,11,-92,34.0563889,-117.1872025,372.90,1.75,WIFI
6E:D7:9A:C7:90:BC,iedsgguest,[WPA2_PSK],2025-3-28 20:58:44,11,-93,34.0563889,-117.1872025,372.90,1.75,WIFI
00:C8:96:CD:77:22,,[WPA_WPA2_PSK],2025-3-28 20:59:51,8,-85,34.0563889,-117.1871948,372.40,1.75,WIFI
AC:8B:A9:97:F3:88,SD,[WPA_WPA2_PSK],2025-3-28 21:0:24,1,-86,34.0563889,-117.1872025,372.40,1.75,WIFI
DE:EC:5E:F2:26:02,,[WPA2_PSK],2025-3-28 21:0:36,11,-89,34.0563889,-117.1872025,372.40,1.75,WIFI
B6:8B:A9:97:F3:88,RAPSecure,[WPA_WPA2_PSK],2025-3-28 21:0:38,1,-88,34.0563889,-117.1872025,372.40,1.75,WIFI
B2:8B:A9:97:F3:88,RedlandAutoPlaza-Guest,[WPA_WPA2_PSK],2025-3-28 21:0:38,1,-89,34.0563889,-117.1872025,372.40,1.75,WIFI
A4:11:62:34:65:9D,c9f20ef299376934afac75701f5f8c62,[WPA2_PSK],2025-3-28 21:1:18,11,-94,34.0563889,-117.1872025,372.20,1.75,WIFI
BA:8B:A9:97:F3:88,AutoBliss,[WPA2_PSK],2025-3-28 21:2:3,1,-87,34.0563850,-117.1872025,372.20,1.75,WIFI
02:16:78:29:F6:50,ASUS-2.4G-ext,[WPA2_PSK],2025-3-28 21:2:28,11,-94,34.0563850,-117.1872025,372.30,1.75,WIFI
DE:CB:BC:92:C1:0D,,[WPA2_PSK],2025-3-28 21:2:56,11,-90,34.0563850,-117.1871948,372.20,1.50,WIFI
5A:E4:03:1E:99:A7,myGMC 99A7,[WPA2_PSK],2025-3-28 21:4:31,7,-89,34.0563850,-117.1871948,372.20,1.50,WIFI
EA:CB:BC:92:C1:0D,PANet Corp,[WPA2],2025-3-28 21:5:59,11,-89,34.0563889,-117.1871948,372.40,1.50,WIFI
EE:CB:BC:92:C1:0D,panet2,[WPA2_PSK],2025-3-28 21:5:59,11,-89,34.0563889,-117.1871948,372.40,1.50,WIFI
00:54:AF:E6:0B:C0,Hotspot0BC0,[WPA_WPA2_PSK],2025-3-28 21:9:29,11,-84,34.0563927,-117.1871872,372.60,1.75,WIFI
E0:37:BF:1F:25:BE,BMW65035 CarPlay,[WPA_WPA2_PSK],2025-3-28 21:12:32,11,-87,34.0563927,-117.1871872,372.70,1.50,WIFI
E0:2D:F0:70:59:B1,TOYOTA RAV4-2.4g_7059b1,[WPA2_PSK],2025-3-28 21:14:12,1,-73,34.0564003,-117.1871872,372.60,1.50,WIFI
78:29:ED:E1:8B:FD,Saverinos Free,[WPA2_PSK],2025-3-28 21:14:47,6,-93,34.0564003,-117.1871872,372.60,1.50,WIFI
2A:0F:EB:F9:59:E9,Duro Family,[WPA2_PSK],2025-3-28 21:15:6,11,-84,34.0564003,-117.1871872,372.60,1.50,WIFI
F6:CB:BC:92:C1:0D,PA_TimeClock,[WPA2],2025-3-28 21:15:6,11,-87,34.0564003,-117.1871872,372.60,1.50,WIFI
FE:CB:BC:92:C1:0D,PA EGuest,[WPA_WPA2_PSK],2025-3-28 21:15:6,11,-89,34.0564003,-117.1871872,372.60,1.50,WIFI
C4:49:BB:36:33:C2,daldama,[WPA2_PSK],2025-3-28 21:16:25,6,-86,34.0564079,-117.1871872,372.70,1.50,WIFI
2E:DC:AD:C3:C5:55,myChevrolet,[WPA2_PSK],2025-3-28 21:16:44,11,-82,34.0564079,-117.1871872,372.70,1.50,WIFI
00:92:A5:F3:7F:F5,myChevrolet1200,[WPA2_PSK],2025-3-28 21:22:1,6,-94,34.0564117,-117.1871796,372.80,1.50,WIFI
2E:D1:C6:7B:72:F7,DIRECT-ku-Car_9189,[WPA2_PSK],2025-3-28 21:24:36,6,-72,34.0564079,-117.1871872,372.90,1.50,WIFI
44:37:0B:68:F1:26,ROVE_R2-4K_68f126,[WPA_WPA2_PSK],2025-3-28 21:25:54,1,-68,34.0564003,-117.1871796,372.80,1.50,WIFI
84:69:93:F5:65:6B,DIRECT-6A-HP OfficeJet 200,[WPA2_PSK],2025-3-28 21:26:14,6,-90,34.0564003,-117.1871796,372.90,1.50,WIFI
4A:A6:AE:E3:14:E1,A God amongst men,[WPA2_WPA3_PSK],2025-3-28 21:26:36,1,-83,34.0564003,-117.1871872,373.00,1.50,WIFI
66:3F:40:62:42:73,HONDA9833,[WPA2_WPA3_PSK],2025-3-28 21:30:26,6,-79,34.0564003,-117.1871872,373.50,1.50,WIFI
B2:00:73:64:96:3C,myChevrolet 963c,[WPA2_PSK],2025-3-28 21:30:31,11,-86,34.0564003,-117.1871872,373.50,1.50,WIFI
32:B4:B8:2A:9C:DD,My VW 9280,[WPA2_PSK],2025-3-28 21:30:40,6,-68,34.0564003,-117.1871872,373.50,1.75,WIFI
F4:63:49:CD:2E:D8,Franklin T10 7518,[WPA2_PSK],2025-3-28 21:31:14,1,-84,34.0564041,-117.1871872,373.50,1.75,WIFI
2C:58:4F:20:24:B8,Frontier0800,[WPA2_PSK],2025-3-28 21:33:7,1,-96,34.0564079,-117.1871948,373.60,1.50,WIFI
00:54:AF:3B:82:33,Hotspot8233,[WPA_WPA2_PSK],2025-3-28 21:34:46,1,-85,34.0564041,-117.1871872,373.70,1.50,WIFI
5A:E4:03:29:99:55,myBrightdrop 9955,[WPA2_PSK],2025-3-28 21:35:8,7,-89,34.0564003,-117.1871872,373.80,1.75,WIFI
E8:AD:A6:3A:CE:46,MySpectrumWiFi40-2G,[WPA2_PSK],2025-3-28 21:38:42,11,-97,34.0564003,-117.1871872,373.50,1.75,WIFI
34:A6:EF:43:8E:20,V300_8EA8A202,[WPA2_PSK],2025-3-28 21:39:47,6,-92,34.0564041,-117.1871872,373.60,1.75,WIFI
2A:03:EB:97:60:77,myChevrolet9764,[WPA2_PSK],2025-3-28 21:45:18,1,-82,34.0563965,-117.1871796,373.40,1.75,WIFI
2E:D1:C6:80:B7:94,My VW 3434,[WPA2_PSK],2025-3-28 21:46:48,6,-90,34.0563965,-117.1871872,373.50,1.75,WIFI
8E:53:E6:05:D0:6E,myGMC D06E,[WPA2_PSK],2025-3-28 21:47:59,7,-84,34.0563927,-117.1871872,373.50,2.00,WIFI
A8:9A:93:B3:9E:1E,MySpectrumWiFi18-2G,[WPA2_PSK],2025-3-28 21:48:3,11,-92,34.0563927,-117.1871872,373.50,2.00,WIFI
DC:FE:23:AD:06:99,MB Hotspot 62576,[WPA2_PSK],2025-3-28 21:49:36,6,-85,34.0563927,-117.1871872,373.50,2.00,WIFI
66:E2:20:48:F4:DD,DIRECT-BMW 39141,[WPA2_PSK],2025-3-28 21:49:41,11,-89,34.0563927,-117.1871872,373.50,2.00,WIFI
74:6F:F7:F1:24:24,VaaH-144700,[WPA2_PSK],2025-3-28 21:49:47,3,-80,34.0563927,-117.1871872,373.50,2.00,WIFI
4C:19:5D:4F:01:6A,SpectrumSetup-64,[WPA2_PSK],2025-3-28 21:49:50,6,-88,34.0563927,-117.1871872,373.50,2.00,WIFI
02:54:AF:EE:3C:DF,Hotspot3CDF,[WPA_WPA2_PSK],2025-3-28 21:52:25,6,-88,34.0563927,-117.1871948,373.40,1.75,WIFI
E8:97:9A:CC:5E:22,7c6d07e3,[WPA2_PSK],2025-3-28 21:53:40,11,-84,34.0563965,-117.1871948,373.20,1.75,WIFI
BC:EE:7B:C4:93:10,ASUS,[WPA2_PSK],2025-3-28 21:53:54,11,-90,34.0561562,-117.1869812,373.30,1.75,WIFI
88:57:1D:85:43:77,[range]_E30AJT7113384E,[WPA2_PSK],2025-3-28 21:54:1,4,-86,34.0560493,-117.1872177,371.90,1.75,WIFI
DC:69:B5:97:5C:C6,ruufy,[WPA2_PSK],2025-3-28 21:54:8,11,-65,34.0560493,-117.1877365,370.80,1.75,WIFI
DC:69:B5:97:5C:CF,ruufy Guest,[WPA2_PSK],2025-3-28 21:54:8,11,-66,34.0560493,-117.1877365,370.80,1.75,WIFI
D6:E2:2F:94:C5:CD,,[WPA2_PSK],2025-3-28 21:54:8,11,-67,34.0560493,-117.1877365,370.80,1.75,WIFI
DC:69:B5:97:5C:C3,,[WPA3_PSK],2025-3-28 21:54:8,11,-69,34.0560493,-117.1877365,370.80,1.75,WIFI
DC:69:B5:97:5C:C9,,[OPEN],2025-3-28 21:54:8,11,-69,34.0560493,-117.1877365,370.80,1.75,WIFI
CA:3A:6B:F5:F4:14,,[WPA2_PSK],2025-3-28 21:54:8,11,-83,34.0560493,-117.1877365,370.80,1.75,WIFI
98:1E:19:27:C2:7E,CCMFTCC-2G,[WPA2_PSK],2025-3-28 21:54:8,11,-88,34.0560493,-117.1877365,370.80,1.75,WIFI
DA:31:34:86:B2:A9,,[WPA2_PSK],2025-3-28 21:54:13,2,-75,34.0560188,-117.1879807,370.10,1.75,WIFI
48:D2:4F:F7:08:36,Spectrum26,[WPA2_PSK],2025-3-28 21:54:17,6,-73,34.0558205,-117.1880264,371.60,1.75,WIFI
24:5A:4C:1B:EA:64,Silver,[WPA2_PSK],2025-3-28 21:54:17,6,-74,34.0558205,-117.1880264,371.60,1.75,WIFI
2A:5A:4C:1B:EA:64,,[WPA2_PSK],2025-3-28 21:54:17,6,-78,34.0558205,-117.1880264,371.60,1.75,WIFI
78:76:89:2D:10:44,,[WPA3_PSK],2025-3-28 21:54:22,11,-70,34.0555611,-117.1880112,374.80,1.75,WIFI
78:76:89:2D:10:4A,,[OPEN],2025-3-28 21:54:22,11,-70,34.0555611,-117.1880112,374.80,1.75,WIFI
78:76:89:2D:10:47,gomez_0003,[WPA2_PSK],2025-3-28 21:54:22,11,-75,34.0555611,-117.1880112,374.80,1.75,WIFI
F0:81:75:FA:70:56,1CharlieMack2,[WPA2_PSK],2025-3-28 21:54:22,11,-77,34.0555611,-117.1880112,374.80,1.75,WIFI
44:AD:B1:5E:4D:26,SpectrumSetup-20,[WPA2_PSK],2025-3-28 21:54:22,11,-80,34.0555611,-117.1880112,374.80,1.75,WIFI
A8:A7:95:EA:12:71,Gracey,[WPA2_PSK],2025-3-28 21:54:22,11,-87,34.0555611,-117.1880112,374.80,1.75,WIFI
C8:63:FC:9B:6B:F8,MySpectrumWiFiF7-2G,[WPA2_PSK],2025-3-28 21:54:25,1,-67,34.0554085,-117.1879044,375.10,1.75,WIFI
D4:3F:32:02:76:66,plantparty,[WPA2_PSK],2025-3-28 21:54:25,1,-69,34.0554085,-117.1879044,375.10,1.75,WIFI
D4:3F:32:02:76:63,,[WPA3_PSK],2025-3-28 21:54:25,1,-72,34.0554085,-117.1879044,375.10,1.75,WIFI
DC:4B:A1:E0:2E:71,The Daniels,[WPA2_PSK],2025-3-28 21:54:25,1,-81,34.0554085,-117.1879044,375.10,1.75,WIFI
00:E0:20:73:25:9F,RANGEXTD,[OPEN],2025-3-28 21:54:25,1,-86,34.0554085,-117.1879044,375.10,1.75,WIFI
88:57:1D:5E:4F:78,[fridge]_E30AJT5133222Z,[WPA2_PSK],2025-3-28 21:54:25,1,-90,34.0554085,-117.1879044,375.10,1.75,WIFI
60:D2:48:0D:2B:68,Frontier1280,[WPA2_PSK],2025-3-28 21:54:25,1,-90,34.0554085,-117.1879044,375.10,1.75,WIFI
60:32:B1:30:8D:31,Brittany 2.4,[WPA_WPA2_PSK],2025-3-28 21:54:26,2,-91,34.0553398,-117.1878662,375.10,1.75,WIFI
CC:CF:83:CF:CE:2B,,[WPA_WPA2_PSK],2025-3-28 21:54:28,3,-84,34.0552063,-117.1877518,375.20,1.75,WIFI
16:0C:6B:31:D4:20,,[WPA2_PSK],2025-3-28 21:54:29,4,-85,34.0551453,-117.1876984,375.30,1.75,WIFI
58:32:77:58:CA:32,PSD-IT-Hotspot-2g,[WPA2_PSK],2025-3-28 21:54:29,4,-88,34.0551453,-117.1876984,375.30,1.75,WIFI
FA:8F:CA:95:7C:99,My Room  TV.v_,[OPEN],2025-3-28 21:54:31,6,-68,34.0550117,-117.1875916,375.40,1.75,WIFI
EC:74:27:1E:D7:05,Bill,[WPA2_PSK],2025-3-28 21:54:31,6,-79,34.0550117,-117.1875916,375.40,1.75,WIFI
92:CD:B6:2B:BF:61,DIRECT-61-HP M102 LaserJet,[WPA2_PSK],2025-3-28 21:54:31,6,-80,34.0550117,-117.1875916,375.40,1.75,WIFI
20:23:51:6E:44:F8,NEB Office,[WPA2_PSK],2025-3-28 21:54:31,6,-85,34.0550117,-117.1875916,375.40,1.75,WIFI
26:23:51:6E:44:F8,NEB Office_Guest,[WPA2_PSK],2025-3-28 21:54:31,6,-86,34.0550117,-117.1875916,375.40,1.75,WIFI
9E:30:5B:2A:CD:31,DIRECT-31-HP M102 LaserJet,[WPA2_PSK],2025-3-28 21:54:31,6,-88,34.0550117,-117.1875916,375.40,1.75,WIFI
B6:B5:B6:35:48:C2,DIRECT-c2-HP M203 LaserJet,[WPA2_PSK],2025-3-28 21:54:31,6,-88,34.0550117,-117.1875916,375.40,1.75,WIFI
3A:98:B5:A9:F8:4D,ORBI99,[WPA2_PSK],2025-3-28 21:54:33,8,-91,34.0548706,-117.1874924,375.70,1.75,WIFI
34:98:B5:A9:F8:4D,,[WPA2_PSK],2025-3-28 21:54:33,8,-92,34.0548706,-117.1874924,375.70,1.75,WIFI
30:60:0A:3C:5F:60,,[WPA_WPA2_PSK],2025-3-28 21:54:34,9,-88,34.0547981,-117.1874466,375.80,1.75,WIFI
08:33:ED:FC:DB:1F,Cat,[WPA2_PSK],2025-3-28 21:54:36,11,-68,34.0546951,-117.1873703,375.70,1.75,WIFI
54:47:CC:E8:66:F6,Frontier1497,[WPA2_PSK],2025-3-28 21:54:36,11,-82,34.0546951,-117.1873703,375.70,1.75,WIFI
4C:19:5D:95:AC:27,SpectrumSetup-21,[WPA2_PSK],2025-3-28 21:54:36,11,-82,34.0546951,-117.1873703,375.70,1.75,WIFI
F0:81:75:08:4E:4E,MySpectrumWiFi48-2G,[WPA2_PSK],2025-3-28 21:54:36,11,-86,34.0546951,-117.1873703,375.70,1.75,WIFI
1C:BF:CE:27:CB:10,FiOS-DPIEI-PRO,[WPA2_PSK],2025-3-28 21:54:36,11,-86,34.0546951,-117.1873703,375.70,1.75,WIFI
4C:19:5D:4C:B2:28,ME Connect,[WPA2_PSK],2025-3-28 21:54:36,11,-89,34.0546951,-117.1873703,375.70,1.75,WIFI
48:4A:E9:2A:8C:60,hs-net,[WPA2],2025-3-28 21:54:36,11,-91,34.0546951,-117.1873703,375.70,1.75,WIFI
DC:69:B5:A2:4E:E3,,[WPA3_PSK],2025-3-28 21:54:39,1,-74,34.0546341,-117.1873169,376.00,1.75,WIFI
DC:69:B5:A2:4E:E6,Luna space,[WPA2_PSK],2025-3-28 21:54:39,1,-75,34.0546341,-117.1873169,376.00,1.75,WIFI
76:58:F3:BB:EC:1A,,[WPA2_PSK],2025-3-28 21:54:39,1,-83,34.0546341,-117.1873169,376.00,1.75,WIFI
74:37:5F:32:DD:BF,SpectrumSetup-BD,[WPA2_PSK],2025-3-28 21:54:39,1,-87,34.0546341,-117.1873169,376.00,1.75,WIFI
9C:3D:CF:6F:28:C0,ARLO_VMB_1742320153,[WPA2_PSK],2025-3-28 21:54:42,3,-87,34.0545769,-117.1873016,376.40,1.75,WIFI
A0:04:60:15:63:EE,NETGEAR62,[WPA2_PSK],2025-3-28 21:54:42,3,-87,34.0545769,-117.1873016,376.40,1.75,WIFI
CA:2C:4F:AD:BF:0C,HiSmart-01-ca2c4fadbf0c,[OPEN],2025-3-28 21:54:42,3,-91,34.0545769,-117.1873016,376.40,1.75,WIFI
16:0C:6B:35:31:E2,Schaepper Psychiatry,[WPA2_PSK],2025-3-28 21:54:43,4,-60,34.0545387,-117.1873245,376.50,1.75,WIFI
10:0C:6B:31:D4:20,Schaepper Psychiatry,[WPA2_PSK],2025-3-28 21:54:43,4,-74,34.0545387,-117.1873245,376.50,1.75,WIFI
64:97:14:0C:8E:8F,Redlands Surgery Center Guest,[WPA2_PSK],2025-3-28 21:54:45,6,-73,34.0544624,-117.1874542,377.60,1.75,WIFI
08:33:ED:FA:5D:C1,DG1670AF2,[WPA2_PSK],2025-3-28 21:54:45,6,-74,34.0544624,-117.1874542,377.60,1.75,WIFI
EC:74:27:1E:D7:03,,[WPA3_PSK],2025-3-28 21:54:45,6,-74,34.0544624,-117.1874542,377.60,1.75,WIFI
64:97:14:0C:8E:89,,[OPEN],2025-3-28 21:54:45,6,-74,34.0544624,-117.1874542,377.60,1.75,WIFI
64:97:14:0C:8E:86,Redlands Surgery Center,[WPA2_PSK],2025-3-28 21:54:45,6,-74,34.0544624,-117.1874542,377.60,1.75,WIFI
64:97:14:0F:8F:8F,Redlands Surgery Center Guest,[WPA2_PSK],2025-3-28 21:54:45,6,-82,34.0544624,-117.1874542,377.60,1.75,WIFI
26:5A:4C:C8:C8:22,,[WPA2_PSK],2025-3-28 21:54:45,6,-86,34.0544624,-117.1874542,377.60,1.75,WIFI
98:42:65:FA:38:AA,CasaDeTodd,[WPA2_PSK],2025-3-28 21:54:45,6,-88,34.0544624,-117.1874542,377.60,1.75,WIFI
9C:C9:EB:EF:D7:81,MILLING,[WPA2_PSK],2025-3-28 21:54:46,7,-89,34.0544128,-117.1875534,377.90,1.75,WIFI
A2:C9:EB:F6:BD:67,RFD-Milling,[WPA2_PSK],2025-3-28 21:54:47,8,-86,34.0543556,-117.1876526,378.10,1.75,WIFI
14:EB:B6:2C:1B:0E,Majestic Dental,[WPA2_PSK],2025-3-28 21:54:48,9,-77,34.0542908,-117.1877747,378.00,1.75,WIFI
1A:EB:B6:2C:1B:0E,Majestic Dental_Guest,[WPA2_PSK],2025-3-28 21:54:48,9,-83,34.0542908,-117.1877747,378.00,1.75,WIFI
E4:8E:10:43:0B:48,,[WPA_WPA2_PSK],2025-3-28 21:54:48,9,-91,34.0542908,-117.1877747,378.00,1.75,WIFI
60:38:E0:74:11:A0,LPL07303,[WPA_WPA2_PSK],2025-3-28 21:54:49,10,-76,34.0542221,-117.1879044,377.90,1.75,WIFI
66:38:E0:74:11:A0,LPL07303-guest,[OPEN],2025-3-28 21:54:49,10,-78,34.0542221,-117.1879044,377.90,1.75,WIFI
9C:C9:EB:EF:D8:86,MILLING,[WPA2_PSK],2025-3-28 21:54:49,10,-84,34.0542221,-117.1879044,377.90,1.75,WIFI
9E:C9:EB:EF:D8:87,RFD-Guest,[WPA2_PSK],2025-3-28 21:54:49,10,-84,34.0542221,-117.1879044,377.90,1.75,WIFI
04:D4:C4:35:EB:20,InnerGlow,[WPA2_PSK],2025-3-28 21:54:49,10,-84,34.0542221,-117.1879044,377.90,1.75,WIFI
9E:C9:EB:EF:D8:80,RFD-PRIVATE-5,[WPA2_PSK],2025-3-28 21:54:49,10,-84,34.0542221,-117.1879044,377.90,1.75,WIFI
4C:AB:F8:B7:95:A2,COB WIFI,[WPA2_PSK],2025-3-28 21:54:50,11,-84,34.0541496,-117.1880417,377.80,1.75,WIFI
48:5D:36:9F:DD:84,FiOS-DPIEI,[WPA2_PSK],2025-3-28 21:54:50,11,-87,34.0541496,-117.1880417,377.80,1.75,WIFI
2C:67:BE:0F:B6:11,SpectrumSetup-B60D,[WPA2_PSK],2025-3-28 21:54:50,11,-87,34.0541496,-117.1880417,377.80,1.75,WIFI
2C:95:69:71:83:18,Frontier6048,[WPA2_PSK],2025-3-28 21:54:50,11,-91,34.0541496,-117.1880417,377.80,1.75,WIFI
40:47:5E:07:90:E6,Frontier8560,[WPA2_PSK],2025-3-28 21:54:53,1,-71,34.0539246,-117.1884308,377.40,1.75,WIFI
C0:6F:98:05:F8:43,,[WPA3_PSK],2025-3-28 21:54:53,1,-74,34.0539246,-117.1884308,377.40,1.75,WIFI
C0:6F:98:05:F8:46,421Brookside,[WPA2_PSK],2025-3-28 21:54:53,1,-75,34.0539246,-117.1884308,377.40,1.75,WIFI
F4:B8:5E:50:E9:F8,SMA3008305964,[WPA2_PSK],2025-3-28 21:54:53,1,-75,34.0539246,-117.1884308,377.40,1.75,WIFI
C0:6F:98:05:F8:49,,[OPEN],2025-3-28 21:54:53,1,-75,34.0539246,-117.1884308,377.40,1.75,WIFI
7A:45:58:9F:E8:C0,NETGEAR88-5G-1,[WPA2_PSK],2025-3-28 21:54:53,1,-81,34.0539246,-117.1884308,377.40,1.75,WIFI
F0:B6:61:B5:F4:A7,Casa de las gatitas,[WPA2_PSK],2025-3-28 21:54:53,1,-83,34.0539246,-117.1884308,377.40,1.75,WIFI
D0:6D:C9:37:30:A6,Frontier0110,[WPA2_PSK],2025-3-28 21:54:53,1,-87,34.0539246,-117.1884308,377.40,1.75,WIFI
60:A4:4C:D4:CC:08,GKSNetwork,[WPA2_PSK],2025-3-28 21:54:53,1,-92,34.0539246,-117.1884308,377.40,1.75,WIFI
90:09:D0:37:D0:5A,RMD,[WPA2_PSK],2025-3-28 21:54:53,2,-70,34.0539246,-117.1884308,377.40,1.75,WIFI
B2:09:D0:37:D0:5A,RMDGuest,[WPA2_PSK],2025-3-28 21:54:53,2,-75,34.0539246,-117.1884308,377.40,1.75,WIFI
A6:09:D0:37:D0:5A,,[WPA2_PSK],2025-3-28 21:54:53,2,-80,34.0539246,-117.1884308,377.40,1.75,WIFI
1C:AF:F7:D8:D5:39,john2,[WEP],2025-3-28 21:54:58,5,-77,34.0535774,-117.1890793,375.90,1.75,WIFI
A4:97:33:D1:36:3D,SpectrumSetup-3F,[WPA2_PSK],2025-3-28 21:54:59,6,-71,34.0534973,-117.1892166,375.70,1.75,WIFI
78:45:58:2A:90:7A,The 1st Best,[WPA2_PSK],2025-3-28 21:54:59,6,-83,34.0534973,-117.1892166,375.70,1.75,WIFI
7E:45:58:2A:90:7A,The 4th best,[WPA2_PSK],2025-3-28 21:54:59,6,-84,34.0534973,-117.1892166,375.70,1.75,WIFI
DC:92:72:E3:73:FF,Frontier0339,[WPA2_PSK],2025-3-28 21:54:59,6,-86,34.0534973,-117.1892166,375.70,1.75,WIFI
84:1E:A3:D1:37:36,SpectrumSetup-30,[WPA2_PSK],2025-3-28 21:54:59,6,-89,34.0534973,-117.1892166,375.70,1.75,WIFI
4C:19:5D:8D:C9:60,SpectrumSetup-5A,[WPA2_PSK],2025-3-28 21:54:59,6,-91,34.0534973,-117.1892166,375.70,1.75,WIFI
9E:C9:EB:EF:D7:82,RFD-PRIVATE-5,[WPA2_PSK],2025-3-28 21:55:0,7,-86,34.0534210,-117.1893616,375.70,1.75,WIFI
72:CD:D6:EB:F5:AF,,[WPA2_PSK],2025-3-28 21:55:2,9,-85,34.0532646,-117.1896286,375.50,1.75,WIFI
2C:EA:DC:22:6D:D5,Samantha,[WPA2_PSK],2025-3-28 21:55:4,11,-67,34.0531120,-117.1899109,375.30,1.75,WIFI
BC:96:E5:82:63:54,Wifi4cocomelon,[WPA2_PSK],2025-3-28 21:55:4,11,-67,34.0531120,-117.1899109,375.30,1.75,WIFI
5C:FA:25:E0:FC:0D,SpectrumSetup-07,[WPA2_PSK],2025-3-28 21:55:4,11,-70,34.0531120,-117.1899109,375.30,1.75,WIFI
74:37:5F:A0:F0:93,Rockys home,[WPA2_PSK],2025-3-28 21:55:4,11,-70,34.0531120,-117.1899109,375.30,1.75,WIFI
F4:69:42:4C:CD:F5,SpectrumSetup-F7,[WPA2_PSK],2025-3-28 21:55:4,11,-72,34.0531120,-117.1899109,375.30,1.75,WIFI
A0:7F:8A:18:03:32,CRISPO12,[WPA2_PSK],2025-3-28 21:55:4,11,-73,34.0531120,-117.1899109,375.30,1.75,WIFI
D4:A9:28:06:59:EC,LGINC,[WPA2_PSK],2025-3-28 21:55:4,11,-84,34.0531120,-117.1899109,375.30,1.75,WIFI
D8:33:B7:D8:BC:51,Frontier0790,[WPA2_PSK],2025-3-28 21:55:7,1,-77,34.0528641,-117.1903687,374.70,1.75,WIFI
74:37:5F:8E:DD:B7,SpectrumSetup-B5,[WPA2_PSK],2025-3-28 21:55:7,1,-80,34.0528641,-117.1903687,374.70,1.75,WIFI
2C:67:BE:01:CF:B0,SpectrumSetup-59,[WPA2_PSK],2025-3-28 21:55:7,1,-87,34.0528641,-117.1903687,374.70,1.75,WIFI
A8:97:CD:DD:C9:C8,Frontier2448,[WPA2_PSK],2025-3-28 21:55:7,1,-89,34.0528641,-117.1903687,374.70,1.75,WIFI
2C:6B:7D:63:F3:02,Vive-017d4b17,[WPA2_PSK],2025-3-28 21:55:9,2,-86,34.0527039,-117.1906662,374.10,1.75,WIFI
30:60:0A:25:3D:8C,,[WPA_WPA2_PSK],2025-3-28 21:55:9,2,-94,34.0527039,-117.1906662,374.10,1.75,WIFI
72:D7:9A:3B:93:9B,,[WPA2_WPA3_PSK],2025-3-28 21:55:13,6,-84,34.0523758,-117.1912537,373.20,1.75,WIFI
50:27:A9:E3:76:65,The Last Homely House east of th,[WPA2_PSK],2025-3-28 21:55:13,6,-85,34.0523758,-117.1912537,373.20,1.75,WIFI
50:27:A9:E3:76:67,,[OPEN],2025-3-28 21:55:13,6,-86,34.0523758,-117.1912537,373.20,1.75,WIFI
68:D7:9A:3B:93:9B,EmmersonBartlett703  ,[WPA2_PSK],2025-3-28 21:55:13,6,-90,34.0523758,-117.1912537,373.20,1.75,WIFI
06:0E:3C:09:FD:9E,DIRECT-9E-HP M428fdw LJ,[WPA2_PSK],2025-3-28 21:55:13,6,-90,34.0523758,-117.1912537,373.20,1.75,WIFI
72:CD:D6:C1:1E:63,PSD,[WPA2_PSK],2025-3-28 21:55:13,6,-91,34.0523758,-117.1912537,373.20,1.75,WIFI
FA:6D:CC:F4:63:25,myGMC 6325,[WPA2_PSK],2025-3-28 21:55:14,7,-87,34.0522957,-117.1914063,372.70,1.75,WIFI
88:DC:97:0C:90:90,SGH WAP,[WPA2_PSK],2025-3-28 21:55:17,10,-88,34.0520401,-117.1918716,371.50,1.75,WIFI
F0:B6:61:1C:7E:B0,Whiskey10 Guest,[WPA2_PSK],2025-3-28 21:55:18,11,-68,34.0519524,-117.1920319,371.10,1.75,WIFI
F0:B6:61:1C:7E:A7,Godly10,[WPA2_PSK],2025-3-28 21:55:18,11,-70,34.0519524,-117.1920319,371.10,1.75,WIFI
4C:AB:F8:59:39:E1,SpectrumSetup-E3,[WPA2_PSK],2025-3-28 21:55:18,11,-78,34.0519524,-117.1920319,371.10,1.75,WIFI
F0:B6:61:1C:7E:A4,,[WPA3_PSK],2025-3-28 21:55:18,11,-80,34.0519524,-117.1920319,371.10,1.75,WIFI
F0:B6:61:1C:7E:AA,,[OPEN],2025-3-28 21:55:18,11,-81,34.0519524,-117.1920319,371.10,1.75,WIFI
D0:6D:C9:2D:CA:06,Frontier0985,[WPA2_PSK],2025-3-28 21:55:18,11,-85,34.0519524,-117.1920319,371.10,1.75,WIFI
4C:22:F3:94:57:43,Verizon_4RN76H,[WPA2_PSK],2025-3-28 21:55:18,11,-88,34.0519524,-117.1920319,371.10,1.75,WIFI
76:90:BC:2C:AD:CA,Verizon_7XSJ9T-IoT,[WPA2_PSK],2025-3-28 21:55:18,11,-92,34.0519524,-117.1920319,371.10,1.75,WIFI
60:D5:61:13:FD:74,,[WPA2_PSK],2025-3-28 21:55:20,13,-94,34.0517883,-117.1923370,371.20,1.75,WIFI
26:5A:4C:95:DC:55,Elite_Guest,[WPA2_WPA3_PSK],2025-3-28 21:55:22,1,-67,34.0516205,-117.1926346,371.00,1.75,WIFI
24:5A:4C:85:DC:55,SW,[WPA2_WPA3_PSK],2025-3-28 21:55:22,1,-69,34.0516205,-117.1926346,371.00,1.75,WIFI
26:5A:4C:A5:DC:55,,[WPA2_PSK],2025-3-28 21:55:22,1,-72,34.0516205,-117.1926346,371.00,1.75,WIFI
D0:6D:C9:39:6C:B6,Frontier0401,[WPA2_PSK],2025-3-28 21:55:22,1,-76,34.0516205,-117.1926346,371.00,1.75,WIFI
E8:D2:FF:B2:FC:66,SpectrumSetup-60,[WPA2_PSK],2025-3-28 21:55:22,1,-82,34.0516205,-117.1926346,371.00,1.75,WIFI
AE:AE:19:D3:77:F1,,[WPA2_PSK],2025-3-28 21:55:22,1,-83,34.0516205,-117.1926346,371.00,1.75,WIFI
FC:B2:D6:BA:5A:A0,,[WPA_WPA2_PSK],2025-3-28 21:55:24,3,-88,34.0514488,-117.1929398,370.80,1.75,WIFI
4C:AB:F8:6D:AA:D0,SpectrumSetup-D2,[WPA2_PSK],2025-3-28 21:55:27,6,-75,34.0511971,-117.1933899,369.20,1.75,WIFI
52:26:EF:A1:7F:0A,My VW 9963,[WPA2_PSK],2025-3-28 21:55:27,6,-80,34.0511971,-117.1933899,369.20,1.75,WIFI
2C:67:BE:02:1E:D4,CasaOlvera31,[WPA2_PSK],2025-3-28 21:55:27,6,-80,34.0511971,-117.1933899,369.20,1.75,WIFI
FC:DB:21:5A:83:11,TEST123,[WPA2_PSK],2025-3-28 21:55:27,6,-84,34.0511971,-117.1933899,369.20,1.75,WIFI
34:53:D2:19:40:7E,SpectrumSetup-78,[WPA2_PSK],2025-3-28 21:55:27,6,-86,34.0511971,-117.1933899,369.20,1.75,WIFI
20:9A:7D:20:83:56,SpectrumSetup-50,[WPA2_PSK],2025-3-28 21:55:27,6,-91,34.0511971,-117.1933899,369.20,1.75,WIFI
AA:6E:84:22:A8:BB,,[WPA2_PSK],2025-3-28 21:55:29,8,-80,34.0510330,-117.1936874,368.80,1.75,WIFI
A8:6E:84:62:A8:BB,TP-Link A8BB,[WPA2_PSK],2025-3-28 21:55:29,8,-82,34.0510330,-117.1936874,368.80,1.75,WIFI
D2:9E:43:A2:68:FE,,[WPA2_PSK],2025-3-28 21:55:30,9,-75,34.0509491,-117.1938400,368.80,1.75,WIFI
54:65:DE:76:22:00,Tannya,[WPA_WPA2_PSK],2025-3-28 21:55:32,11,-80,34.0508003,-117.1941147,368.90,1.75,WIFI
38:88:71:18:36:17,Verizon_7XSJ9T,[WPA2_WPA3_PSK],2025-3-28 21:55:32,11,-82,34.0508003,-117.1941147,368.90,1.75,WIFI
F8:5B:3B:95:09:5D,SpectrumSetup-5F,[WPA2_PSK],2025-3-28 21:55:32,11,-84,34.0508003,-117.1941147,368.90,1.75,WIFI
74:90:BC:0C:AD:CA,Verizon_7XSJ9T,[WPA2_WPA3_PSK],2025-3-28 21:55:32,11,-85,34.0508003,-117.1941147,368.90,1.75,WIFI
FC:12:63:A3:1B:1E,Verizon_T34XD9,[WPA2_PSK],2025-3-28 21:55:32,11,-88,34.0508003,-117.1941147,368.90,1.75,WIFI
B0:7F:B9:FA:C6:EE,MySpectrumWiFi10-2G_EXT,[WPA2_PSK],2025-3-28 21:55:32,11,-88,34.0508003,-117.1941147,368.90,1.75,WIFI
4C:AB:F8:45:E8:F1,PalmTree.Wifi,[WPA2_PSK],2025-3-28 21:55:35,1,-78,34.0505829,-117.1944962,369.40,1.75,WIFI
34:53:D2:C1:58:5B,SpectrumSetup-55,[WPA2_PSK],2025-3-28 21:55:35,1,-84,34.0505829,-117.1944962,369.40,1.75,WIFI
F0:7B:65:6C:8D:67,SpectrumSetup-8D61,[WPA2_PSK],2025-3-28 21:55:35,1,-87,34.0505829,-117.1944962,369.40,1.75,WIFI
74:37:5F:9F:AD:37,SpectrumSetup-35,[WPA2_PSK],2025-3-28 21:55:35,1,-87,34.0505829,-117.1944962,369.40,1.75,WIFI
F0:7B:65:E6:6F:6F,BigDogsBirdNest,[WPA2_PSK],2025-3-28 21:55:35,1,-88,34.0505829,-117.1944962,369.40,1.75,WIFI
F0:7B:65:F1:42:D2,SpectrumSetup-42CC,[WPA2_PSK],2025-3-28 21:55:35,1,-90,34.0505829,-117.1944962,369.40,1.75,WIFI
D6:E2:2F:CD:CD:90,,[WPA2_PSK],2025-3-28 21:55:38,3,-90,34.0503578,-117.1948929,368.80,1.75,WIFI
E4:C3:2A:75:85:E7,SPECTRUM1,[WPA_WPA2_PSK],2025-3-28 21:55:39,4,-84,34.0502815,-117.1950302,368.40,1.75,WIFI
B0:BB:E5:31:B9:56,SpectrumSetup-50,[WPA2_PSK],2025-3-28 21:55:41,6,-68,34.0501366,-117.1952896,367.60,1.75,WIFI
E4:C0:E2:70:1F:1E,SpectrumSetup-18,[WPA2_PSK],2025-3-28 21:55:41,6,-91,34.0501366,-117.1952896,367.60,1.75,WIFI
F0:7B:65:95:34:0E,A_J,[WPA2_PSK],2025-3-28 21:55:41,6,-92,34.0501366,-117.1952896,367.60,1.75,WIFI
54:AF:97:06:42:EF,TP-Link_42F0,[WPA2_PSK],2025-3-28 21:55:43,8,-75,34.0499840,-117.1955643,367.50,1.75,WIFI
F0:A7:31:67:75:5B,wanna get pizza?,[WPA2_PSK],2025-3-28 21:55:44,9,-75,34.0499077,-117.1957016,367.50,1.75,WIFI
A0:E7:AE:88:3D:19,G36-42B1,[WPA2_WPA3_PSK],2025-3-28 21:55:46,11,-59,34.0497627,-117.1959610,367.50,1.75,WIFI
A2:E7:AE:88:3D:20,,[OPEN],2025-3-28 21:55:46,11,-59,34.0497627,-117.1959610,367.50,1.75,WIFI
E8:ED:05:5E:DB:00,Golf & Guitars,[WPA2_PSK],2025-3-28 21:55:46,11,-73,34.0497627,-117.1959610,367.50,1.75,WIFI
38:88:71:0D:58:34,Verizon_F79NJT,[WPA2_PSK],2025-3-28 21:55:46,11,-74,34.0497627,-117.1959610,367.50,1.75,WIFI
54:07:7D:7C:DB:26,SpectrumSetup-85_2GEXT,[WPA2_PSK],2025-3-28 21:55:46,11,-81,34.0497627,-117.1959610,367.50,1.75,WIFI
20:9A:7D:0F:10:5E,hopper86,[WPA2_PSK],2025-3-28 21:55:46,11,-82,34.0497627,-117.1959610,367.50,1.75,WIFI
F8:AA:3F:D2:2B:0F,SpectrumSetup-0D,[WPA2_PSK],2025-3-28 21:55:46,11,-85,34.0497627,-117.1959610,367.50,1.75,WIFI
C8:B4:22:58:B4:15,MySpectrumWiFi17-2G,[WPA2_PSK],2025-3-28 21:55:49,1,-63,34.0495605,-117.1963348,367.40,1.75,WIFI
A4:97:33:5F:C4:45,SpectrumSetup-47,[WPA2_PSK],2025-3-28 21:55:49,1,-70,34.0495605,-117.1963348,367.40,1.75,WIFI
14:7D:05:4E:07:C3,SpectrumSetup-C1,[WPA2_PSK],2025-3-28 21:55:49,1,-72,34.0495605,-117.1963348,367.40,1.75,WIFI
F4:52:46:D9:43:35,SpectrumSetup-4338,[WPA2_PSK],2025-3-28 21:55:49,1,-74,34.0495605,-117.1963348,367.40,1.75,WIFI
4C:19:5D:84:13:B0,SpectrumSetup-AA,[WPA2_PSK],2025-3-28 21:55:49,1,-81,34.0495605,-117.1963348,367.40,1.75,WIFI
58:96:71:92:EE:BA,Verizon_7KPL3L,[WPA2_PSK],2025-3-28 21:55:49,1,-81,34.0495605,-117.1963348,367.40,1.75,WIFI
CC:58:30:F7:8D:A6,TMOBILE-8DA1,[WPA2_WPA3_PSK],2025-3-28 21:55:49,1,-85,34.0495605,-117.1963348,367.40,1.75,WIFI
F8:08:4F:D1:13:DE,Mia540,[WPA2_PSK],2025-3-28 21:55:49,1,-87,34.0495605,-117.1963348,367.40,1.75,WIFI
1A:93:7F:AA:CA:C4,SunPower50275,[WPA2_PSK],2025-3-28 21:55:49,1,-89,34.0495605,-117.1963348,367.40,1.75,WIFI
04:17:B6:C3:1A:F6,,[WPA_WPA2_PSK],2025-3-28 21:55:55,6,-69,34.0491524,-117.1970749,365.70,1.75,WIFI
80:78:71:49:B3:CD,SpectrumSetup-CF,[WPA2_PSK],2025-3-28 21:55:55,6,-74,34.0491524,-117.1970749,365.70,1.75,WIFI
F0:B6:61:FB:DB:2A,,[OPEN],2025-3-28 21:55:55,6,-78,34.0491524,-117.1970749,365.70,1.75,WIFI
F0:B6:61:FB:DB:27,He-Man,[WPA2_PSK],2025-3-28 21:55:55,6,-78,34.0491524,-117.1970749,365.70,1.75,WIFI
F0:B6:61:FB:DB:24,,[WPA3_PSK],2025-3-28 21:55:55,6,-79,34.0491524,-117.1970749,365.70,1.75,WIFI
D4:3F:32:97:5A:26,SilverFox,[WPA2_PSK],2025-3-28 21:55:55,6,-80,34.0491524,-117.1970749,365.70,1.75,WIFI
F8:5B:3B:1D:C8:46,SpectrumSetup-48,[WPA2_PSK],2025-3-28 21:55:55,6,-80,34.0491524,-117.1970749,365.70,1.75,WIFI
C0:D7:AA:EB:0C:8F,TMOBILE-0C8D,[WPA2_WPA3_PSK],2025-3-28 21:55:58,9,-76,34.0490227,-117.1973114,365.30,1.75,WIFI
A4:11:62:CA:12:34,ARLO_VMB_2804592903,[WPA2_PSK],2025-3-28 21:55:58,9,-80,34.0490227,-117.1973114,365.30,1.75,WIFI
F4:52:46:DE:52:5E,Cowboys,[WPA2_PSK],2025-3-28 21:56:0,11,-74,34.0489769,-117.1973953,364.80,1.75,WIFI
14:C9:CF:DD:86:BB,YADA_DVR21_4K_dd86bb,[WPA_WPA2_PSK],2025-3-28 21:56:0,11,-82,34.0489769,-117.1973953,364.80,1.75,WIFI
58:96:71:F3:F2:86,Virus Download,[WPA2_PSK],2025-3-28 21:56:0,11,-84,34.0489769,-117.1973953,364.80,1.75,WIFI
F0:7B:65:66:CE:5F,SpectrumSetup-CF,[WPA2_PSK],2025-3-28 21:56:3,1,-65,34.0489616,-117.1974258,364.50,1.75,WIFI
C8:99:B2:19:46:F3,Verizon_CR3KDB,[WPA2_PSK],2025-3-28 21:56:3,1,-81,34.0489616,-117.1974258,364.50,1.75,WIFI
8C:85:80:66:4E:68,,[WPA_WPA2_PSK],2025-3-28 21:56:3,1,-90,34.0489616,-117.1974258,364.50,1.75,WIFI
6A:19:21:57:AD:0E,Bens 2G,[WPA2_PSK],2025-3-28 21:56:5,2,-72,34.0489578,-117.1974258,364.60,1.75,WIFI
D4:3F:32:97:5A:29,,[OPEN],2025-3-28 21:56:9,6,-74,34.0489273,-117.1974792,364.40,1.75,WIFI
D4:3F:32:97:5A:23,,[WPA3_PSK],2025-3-28 21:56:9,6,-75,34.0489273,-117.1974792,364.40,1.75,WIFI
74:37:5F:26:BF:83,SpectrumSetup-81,[WPA2_PSK],2025-3-28 21:56:9,6,-85,34.0489273,-117.1974792,364.40,1.75,WIFI
F4:05:95:9F:11:1C,Fie-15g,[WPA2_PSK],2025-3-28 21:56:9,6,-85,34.0489273,-117.1974792,364.40,1.75,WIFI
4E:A5:6E:45:A3:06,,[WPA2_PSK],2025-3-28 21:56:11,8,-85,34.0489044,-117.1975174,364.30,1.75,WIFI
AC:DF:9F:60:A7:DE,TMOBILE-A7DC,[WPA2_WPA3_PSK],2025-3-28 21:56:11,8,-86,34.0489044,-117.1975174,364.30,1.75,WIFI
CE:40:D0:7D:51:58,IYBI-Guest,[WPA2_PSK],2025-3-28 21:56:12,9,-81,34.0489006,-117.1975250,364.30,1.75,WIFI
CC:40:D0:7D:51:5F,IYBI,[WPA2_PSK],2025-3-28 21:56:12,9,-82,34.0489006,-117.1975250,364.30,1.75,WIFI
CC:40:D0:05:83:4C,NETGEAR86,[WPA2_PSK],2025-3-28 21:56:12,9,-84,34.0489006,-117.1975250,364.30,1.75,WIFI
92:C9:E3:CB:71:4F,DrMRedlandsBest,[WPA2_WPA3_PSK],2025-3-28 21:56:13,10,-84,34.0488968,-117.1975327,364.30,1.75,WIFI
2E:AA:8E:A9:FE:1E,,[WPA_WPA2_PSK],2025-3-28 21:56:14,11,-92,34.0488853,-117.1975632,364.30,1.75,WIFI
78:61:7C:05:FC:62,WiFi Hotspot 2329,[WPA2_PSK],2025-3-28 21:56:17,1,-71,34.0487862,-117.1977386,364.20,1.75,WIFI
F0:7B:65:BC:FB:11,Jacksonfam,[WPA2_PSK],2025-3-28 21:56:17,1,-79,34.0487862,-117.1977386,364.20,1.75,WIFI
72:66:9D:AC:8A:3E,DIRECT-roku-P7S-6EA7D6,[WPA2_PSK],2025-3-28 21:56:17,1,-79,34.0487862,-117.1977386,364.20,1.75,WIFI
C4:49:BB:42:D0:14,WiFi Hotspot 6059,[WPA2_PSK],2025-3-28 21:56:17,1,-83,34.0487862,-117.1977386,364.20,1.75,WIFI
02:24:A5:4C:10:40,myChevrolet0212,[WPA2_PSK],2025-3-28 21:56:17,1,-87,34.0487862,-117.1977386,364.20,1.75,WIFI
84:1E:A3:CB:20:46,MooMooMeadows,[WPA2_PSK],2025-3-28 21:56:17,1,-88,34.0487862,-117.1977386,364.20,1.75,WIFI
38:2C:4A:51:8C:48,CellSpot_2.4GHz_8C48,[WPA2_PSK],2025-3-28 21:56:19,2,-89,34.0486870,-117.1979141,363.90,1.75,WIFI
64:DA:ED:09:A9:43,,[WPA3_PSK],2025-3-28 21:56:23,6,-68,34.0484390,-117.1983566,363.30,2.00,WIFI
64:DA:ED:09:A9:47,,[OPEN],2025-3-28 21:56:23,6,-68,34.0484390,-117.1983566,363.30,2.00,WIFI
64:DA:ED:09:A9:45,Wilson Clinic,[WPA2_PSK],2025-3-28 21:56:23,6,-68,34.0484390,-117.1983566,363.30,2.00,WIFI
58:9B:4A:A5:02:8B,SpectrumSetup-0287,[WPA2_PSK],2025-3-28 21:56:23,6,-69,34.0484390,-117.1983566,363.30,2.00,WIFI
64:DA:ED:0C:A5:C7,,[OPEN],2025-3-28 21:56:23,6,-76,34.0484390,-117.1983566,363.30,2.00,WIFI
64:DA:ED:0C:A5:C5,Wilson Clinic,[WPA2_PSK],2025-3-28 21:56:23,6,-76,34.0484390,-117.1983566,363.30,2.00,WIFI
64:DA:ED:0C:A5:C3,,[WPA3_PSK],2025-3-28 21:56:23,6,-78,34.0484390,-117.1983566,363.30,2.00,WIFI
84:EB:3E:44:94:A5,tl4494a4,[WPA2_PSK],2025-3-28 21:56:23,6,-79,34.0484390,-117.1983566,363.30,2.00,WIFI
A0:8E:24:7D:72:A3,,[WPA3_PSK],2025-3-28 21:56:23,6,-81,34.0484390,-117.1983566,363.30,2.00,WIFI
A0:8E:24:7D:72:A7,,[OPEN],2025-3-28 21:56:23,6,-81,34.0484390,-117.1983566,363.30,2.00,WIFI
64:DA:ED:0E:13:C7,,[OPEN],2025-3-28 21:56:23,6,-84,34.0484390,-117.1983566,363.30,2.00,WIFI
92:93:5A:0D:CD:2A,SBG8300Guest-F9E1,[WPA2_PSK],2025-3-28 21:56:23,6,-87,34.0484390,-117.1983566,363.30,2.00,WIFI
F4:52:46:B3:E4:FA,SpectrumSetup-E4FD,[WPA2_PSK],2025-3-28 21:56:23,6,-89,34.0484390,-117.1983566,363.30,2.00,WIFI
98:C8:54:AA:32:28,Verizon_W3GQ76,[WPA2_PSK],2025-3-28 21:56:23,6,-89,34.0484390,-117.1983566,363.30,2.00,WIFI
58:EF:68:A3:A0:53,sgt409sbsd,[WPA2_PSK],2025-3-28 21:56:25,8,-91,34.0482979,-117.1986389,363.10,2.00,WIFI
00:C8:96:CD:64:C2,,[WPA_WPA2_PSK],2025-3-28 21:56:26,9,-80,34.0482178,-117.1987839,362.60,2.00,WIFI
B0:A7:B9:4A:14:FC,Ziprick,[WPA_WPA2_PSK],2025-3-28 21:56:26,9,-86,34.0482178,-117.1987839,362.60,2.00,WIFI
B6:A7:B9:4A:14:FD,Ziprick Guest,[WPA_WPA2_PSK],2025-3-28 21:56:26,9,-89,34.0482178,-117.1987839,362.60,2.00,WIFI
C0:C9:E3:CB:71:4C,M3_OfficeLink,[WPA2_WPA3_PSK],2025-3-28 21:56:27,10,-74,34.0481377,-117.1989212,362.40,2.00,WIFI
74:37:5F:9E:81:47,SpectrumSetup-45,[WPA2_PSK],2025-3-28 21:56:28,11,-77,34.0480614,-117.1990662,362.60,2.00,WIFI
9A:9C:27:E7:3C:C2,SpectrumSetup-C1,[WPA2_PSK],2025-3-28 21:56:28,11,-80,34.0480614,-117.1990662,362.60,2.00,WIFI
34:53:D2:EF:A6:DE,JohnRambo,[WPA2_PSK],2025-3-28 21:56:28,11,-83,34.0480614,-117.1990662,362.60,2.00,WIFI
14:7D:05:94:E9:F3,Fuck you donkey 5g,[WPA2_PSK],2025-3-28 21:56:28,11,-85,34.0480614,-117.1990662,362.60,2.00,WIFI
58:9B:4A:AF:BE:CE,Spectrum 217,[WPA2_PSK],2025-3-28 21:56:28,11,-87,34.0480614,-117.1990662,362.60,2.00,WIFI
A0:55:1F:9D:D9:00,SpectrumSetup-D8FA,[WPA2_PSK],2025-3-28 21:56:28,11,-90,34.0480614,-117.1990662,362.60,2.00,WIFI
2C:EA:DC:95:FD:6B,SpectrumSetup-6D,[WPA2_PSK],2025-3-28 21:56:31,1,-72,34.0478287,-117.1994705,363.00,2.00,WIFI
80:78:71:78:9C:AD,arashi,[WPA2_PSK],2025-3-28 21:56:31,1,-77,34.0478287,-117.1994705,363.00,2.00,WIFI
58:2F:F7:F3:42:7D,SpectrumSetup-77,[WPA2_PSK],2025-3-28 21:56:31,1,-79,34.0478287,-117.1994705,363.00,2.00,WIFI
54:B7:BD:B8:7A:FF,Verizon_B3N96G,[WPA2_PSK],2025-3-28 21:56:31,1,-80,34.0478287,-117.1994705,363.00,2.00,WIFI
A6:83:2A:54:0C:16,Work Phone,[WPA2_PSK],2025-3-28 21:56:31,1,-89,34.0478287,-117.1994705,363.00,2.00,WIFI
80:78:71:D8:20:26,SpectrumSetup-28,[WPA2_PSK],2025-3-28 21:56:31,1,-91,34.0478287,-117.1994705,363.00,2.00,WIFI
00:C8:96:D1:21:52,,[WPA_WPA2_PSK],2025-3-28 21:56:31,2,-82,34.0478287,-117.1994705,363.00,2.00,WIFI
94:18:65:D2:FC:4F,Adulting101,[WPA2_PSK],2025-3-28 21:56:34,3,-70,34.0476074,-117.1998825,362.60,2.00,WIFI
60:F4:19:79:6E:66,asshole,[WPA2_PSK],2025-3-28 21:56:37,6,-64,34.0473785,-117.2003250,362.70,2.00,WIFI
D0:6D:C9:39:94:06,Frontier1031,[WPA2_PSK],2025-3-28 21:56:37,6,-67,34.0473785,-117.2003250,362.70,2.00,WIFI
60:F4:19:79:6E:63,,[WPA3_PSK],2025-3-28 21:56:37,6,-70,34.0473785,-117.2003250,362.70,2.00,WIFI
60:F4:19:79:6E:69,,[OPEN],2025-3-28 21:56:37,6,-70,34.0473785,-117.2003250,362.70,2.00,WIFI
DC:69:B5:E2:A1:A9,,[OPEN],2025-3-28 21:56:37,6,-75,34.0473785,-117.2003250,362.70,2.00,WIFI
98:1E:19:29:93:7E,MySpectrumWiFi78-2G,[WPA2_PSK],2025-3-28 21:56:37,6,-76,34.0473785,-117.2003250,362.70,2.00,WIFI
AC:E2:D3:E2:AF:76,DIRECT-75-HP OfficeJet Pro 6960,[WPA2_PSK],2025-3-28 21:56:37,6,-77,34.0473785,-117.2003250,362.70,2.00,WIFI
B0:FC:88:27:72:47,MAVDPT26,[WPA2_PSK],2025-3-28 21:56:37,6,-81,34.0473785,-117.2003250,362.70,2.00,WIFI
C8:E3:06:2B:EA:27,,[OPEN],2025-3-28 21:56:37,6,-84,34.0473785,-117.2003250,362.70,2.00,WIFI
9C:7B:EF:E1:E8:58,DIRECT-56-HP DeskJet 2600 series,[WPA2_PSK],2025-3-28 21:56:37,6,-86,34.0473785,-117.2003250,362.70,2.00,WIFI
56:60:F9:5F:7E:1B,,[WPA2_PSK],2025-3-28 21:56:41,9,-79,34.0470695,-117.2009735,363.50,1.75,WIFI
34:60:F9:5F:7E:1B,HandB,[WPA2_PSK],2025-3-28 21:56:41,9,-79,34.0470695,-117.2009735,363.50,1.75,WIFI
CC:58:30:64:D4:D6,TMOBILE-D4D1,[WPA2_WPA3_PSK],2025-3-28 21:56:43,11,-67,34.0469360,-117.2013092,363.70,1.75,WIFI
9C:05:D6:62:FA:5A,ManagementVds,[WPA2_WPA3_PSK],2025-3-28 21:56:43,11,-72,34.0469360,-117.2013092,363.70,1.75,WIFI
74:37:5F:DA:99:47,SpectrumSetup-45,[WPA2_PSK],2025-3-28 21:56:43,11,-73,34.0469360,-117.2013092,363.70,1.75,WIFI
88:67:46:6F:6E:C9,,[OPEN],2025-3-28 21:56:43,11,-77,34.0469360,-117.2013092,363.70,1.75,WIFI
88:67:46:6F:6E:C6,Rp,[WPA2_PSK],2025-3-28 21:56:43,11,-77,34.0469360,-117.2013092,363.70,1.75,WIFI
88:67:46:6F:6E:C3,,[WPA3_PSK],2025-3-28 21:56:43,11,-78,34.0469360,-117.2013092,363.70,1.75,WIFI
F0:7B:65:3C:22:AA,SpectrumSetup-22A4,[WPA2_PSK],2025-3-28 21:56:43,11,-79,34.0469360,-117.2013092,363.70,1.75,WIFI
9E:8C:D7:7D:82:1E,,[WPA2_PSK],2025-3-28 21:56:43,11,-79,34.0469360,-117.2013092,363.70,1.75,WIFI
DC:69:B5:37:EF:23,,[WPA3_PSK],2025-3-28 21:56:43,11,-80,34.0469360,-117.2013092,363.70,1.75,WIFI
DC:69:B5:37:EF:26,DESPAIN,[WPA2_PSK],2025-3-28 21:56:43,11,-80,34.0469360,-117.2013092,363.70,1.75,WIFI
D4:05:DE:86:98:07,Zeusx,[WPA2_PSK],2025-3-28 21:56:43,11,-81,34.0469360,-117.2013092,363.70,1.75,WIFI
D4:05:DE:84:8E:A4,,[WPA3_PSK],2025-3-28 21:56:43,11,-82,34.0469360,-117.2013092,363.70,1.75,WIFI
D4:05:DE:86:98:04,,[WPA3_PSK],2025-3-28 21:56:43,11,-82,34.0469360,-117.2013092,363.70,1.75,WIFI
B0:FC:88:57:1E:A1,apt13canyouquietdown,[WPA2_PSK],2025-3-28 21:56:43,11,-84,34.0469360,-117.2013092,363.70,1.75,WIFI
D4:05:DE:86:98:0A,,[OPEN],2025-3-28 21:56:43,11,-86,34.0469360,-117.2013092,363.70,1.75,WIFI
F0:81:75:08:78:E6,MySpectrumWiFie0-2G,[WPA2_PSK],2025-3-28 21:56:43,11,-88,34.0469360,-117.2013092,363.70,1.75,WIFI
D0:6D:C9:2D:C7:86,Fruit Farm,[WPA2_PSK],2025-3-28 21:56:46,1,-79,34.0467987,-117.2017212,363.70,1.75,WIFI
A8:3A:79:F5:89:A3,CK_STAGE,[WPA2_PSK],2025-3-28 21:56:46,1,-84,34.0467987,-117.2017212,363.70,1.75,WIFI
A8:3A:79:F5:89:A4,CK_MGR,[WPA2_PSK],2025-3-28 21:56:46,1,-86,34.0467987,-117.2017212,363.70,1.75,WIFI
F4:05:95:D7:90:D9,SpectrumSetup-D3,[WPA2_PSK],2025-3-28 21:56:46,1,-89,34.0467987,-117.2017212,363.70,1.75,WIFI
3C:52:82:20:57:50,DIRECT-4F-HP ENVY 7640 series,[WPA2_PSK],2025-3-28 21:56:50,4,-90,34.0467377,-117.2019730,362.60,1.75,WIFI
74:37:5F:55:FA:13,ierr2006,[WPA2_PSK],2025-3-28 21:56:52,6,-59,34.0466537,-117.2020187,361.80,1.75,WIFI
28:EC:22:32:61:23,,[WPA3_PSK],2025-3-28 21:56:52,6,-82,34.0466537,-117.2020187,361.80,1.75,WIFI
28:EC:22:32:61:29,,[OPEN],2025-3-28 21:56:52,6,-84,34.0466537,-117.2020187,361.80,1.75,WIFI
20:9A:7D:1B:2B:B6,SpectrumSetup-B8,[WPA2_PSK],2025-3-28 21:56:52,6,-89,34.0466537,-117.2020187,361.80,1.75,WIFI
F8:AA:3F:F4:D1:37,SpectrumSetup-35,[WPA2_PSK],2025-3-28 21:56:52,6,-89,34.0466537,-117.2020187,361.80,1.75,WIFI
94:18:65:DD:13:87,WorkLarry,[WPA2_PSK],2025-3-28 21:56:56,10,-85,34.0463524,-117.2018585,362.20,2.00,WIFI
DC:69:B5:37:EF:29,,[OPEN],2025-3-28 21:56:58,11,-82,34.0461617,-117.2017212,363.00,2.00,WIFI
60:F4:19:8B:6B:26,Logan Wifi,[WPA2_PSK],2025-3-28 21:56:58,11,-84,34.0461617,-117.2017212,363.00,2.00,WIFI
34:53:D2:B6:95:0E,SpectrumSetup-08,[WPA2_PSK],2025-3-28 21:56:58,11,-89,34.0461617,-117.2017212,363.00,2.00,WIFI
84:1E:A3:29:7F:16,Marquez,[WPA2_PSK],2025-3-28 21:56:58,11,-91,34.0461617,-117.2017212,363.00,2.00,WIFI
C0:89:AB:4C:93:98,Frontier4992,[WPA2_PSK],2025-3-28 21:57:2,1,-80,34.0457344,-117.2013931,364.90,2.00,WIFI
BC:10:2F:5D:09:8B,[oven] Samsung,[WPA2_PSK],2025-3-28 21:57:2,1,-90,34.0457344,-117.2013931,364.90,2.00,WIFI
22:E0:19:5C:07:5F,,[WPA2_PSK],2025-3-28 21:57:2,1,-92,34.0457344,-117.2013931,364.90,2.00,WIFI
D8:A7:56:73:52:96,MySpectrumWiFi90-2G,[WPA2_PSK],2025-3-28 21:57:2,1,-95,34.0457344,-117.2013931,364.90,2.00,WIFI
A0:36:BC:75:07:58,Ramirez Router,[WPA2_PSK],2025-3-28 21:57:4,3,-89,34.0455704,-117.2012558,365.60,2.00,WIFI
C6:C9:E3:8D:C5:86,,[WPA2_PSK],2025-3-28 21:57:4,3,-91,34.0455704,-117.2012558,365.60,2.00,WIFI
A4:11:62:72:9A:12,ARLO_VMB_4422026869,[WPA2_PSK],2025-3-28 21:57:4,3,-92,34.0455704,-117.2012558,365.60,2.00,WIFI
80:69:1A:94:41:18,Leason2.0,[WPA2_WPA3_PSK],2025-3-28 21:57:5,4,-90,34.0455093,-117.2012177,365.80,2.00,WIFI
82:D2:94:A3:AC:31,,[WPA2_PSK],2025-3-28 21:57:5,4,-91,34.0455093,-117.2012177,365.80,2.00,WIFI
88:57:1D:51:C7:14,[range]_E30AJT7113083P,[WPA2_PSK],2025-3-28 21:57:5,4,-92,34.0455093,-117.2012177,365.80,2.00,WIFI
9C:A5:70:9B:A0:05,Normanrose,[WPA2_PSK],2025-3-28 21:57:7,6,-70,34.0454063,-117.2012024,365.40,2.00,WIFI
9C:A5:70:9B:A0:03,,[WPA3_PSK],2025-3-28 21:57:7,6,-78,34.0454063,-117.2012024,365.40,2.00,WIFI
F8:E4:FB:03:39:7E,2BPB2,[WPA2_PSK],2025-3-28 21:57:7,6,-81,34.0454063,-117.2012024,365.40,2.00,WIFI
9C:A5:70:9B:A0:07,,[OPEN],2025-3-28 21:57:7,6,-83,34.0454063,-117.2012024,365.40,2.00,WIFI
C6:8E:8F:5C:3E:15,DIRECT-15-HP M277 LaserJet,[WPA2_PSK],2025-3-28 21:57:7,6,-85,34.0454063,-117.2012024,365.40,2.00,WIFI
6C:99:61:D5:FB:AE,SpectrumSetup-A8,[WPA2_PSK],2025-3-28 21:57:7,6,-87,34.0454063,-117.2012024,365.40,2.00,WIFI
7E:AC:B9:BD:CB:D1,iPhoneSetup,[WPA2_PSK],2025-3-28 21:57:7,6,-88,34.0454063,-117.2012024,365.40,2.00,WIFI
58:2F:F7:75:40:C6,SpectrumSetup-C0,[WPA2_PSK],2025-3-28 21:57:7,6,-89,34.0454063,-117.2012024,365.40,2.00,WIFI
FC:34:97:05:D4:D0,Belle-2G,[WPA2_PSK],2025-3-28 21:57:9,8,-88,34.0453186,-117.2012787,364.90,2.00,WIFI
FC:34:97:05:D4:D1,BeOurGuest,[WPA2_WPA3_PSK],2025-3-28 21:57:9,8,-89,34.0453186,-117.2012787,364.90,2.00,WIFI
5C:E9:31:4C:6D:1E,Frontier2816,[WPA2_PSK],2025-3-28 21:57:10,9,-89,34.0452805,-117.2013626,364.90,2.00,WIFI
62:E9:31:4C:6D:1E,,[WPA2_PSK],2025-3-28 21:57:10,9,-89,34.0452805,-117.2013626,364.90,2.00,WIFI
58:2F:F7:68:A1:56,SpectrumSetup-50,[WPA2_PSK],2025-3-28 21:57:12,11,-71,34.0451851,-117.2015457,365.10,2.00,WIFI
22:3E:A4:04:CF:C2,,[WPA2_PSK],2025-3-28 21:57:12,11,-74,34.0451851,-117.2015457,365.10,2.00,WIFI
9C:0B:05:C3:67:C4,,[WPA3_PSK],2025-3-28 21:57:12,11,-79,34.0451851,-117.2015457,365.10,2.00,WIFI
9C:0B:05:C3:67:CA,,[OPEN],2025-3-28 21:57:12,11,-79,34.0451851,-117.2015457,365.10,2.00,WIFI
9C:0B:05:C3:67:C7,GeorgeYaz,[WPA2_PSK],2025-3-28 21:57:12,11,-80,34.0451851,-117.2015457,365.10,2.00,WIFI
00:54:AF:D5:29:B1,Hotspot29B1,[WPA_WPA2_PSK],2025-3-28 21:57:12,11,-82,34.0451851,-117.2015457,365.10,2.00,WIFI
30:8D:99:FB:51:2F,HP-Print-2F-ENVY 4500 series,[OPEN],2025-3-28 21:57:12,11,-83,34.0451851,-117.2015457,365.10,2.00,WIFI
66:CB:E9:7C:99:EC,[LG_Oven]99ec,[WPA2_PSK],2025-3-28 21:57:12,11,-85,34.0451851,-117.2015457,365.10,2.00,WIFI
9C:C8:FC:01:AE:48,Roberts,[WPA2_PSK],2025-3-28 21:57:12,11,-93,34.0451851,-117.2015457,365.10,2.00,WIFI
F8:F5:32:4C:34:08,Frontier0816,[WPA2_PSK],2025-3-28 21:57:12,11,-94,34.0451851,-117.2015457,365.10,2.00,WIFI
F4:52:46:1D:8C:B9,SpectrumSetup-BB,[WPA2_PSK],2025-3-28 21:57:15,1,-74,34.0450439,-117.2017822,365.30,2.00,WIFI
CC:40:D0:A2:8E:62,NETGEAR91,[WPA2_PSK],2025-3-28 21:57:15,1,-79,34.0450439,-117.2017822,365.30,2.00,WIFI
A0:04:60:CE:27:AC,NETGEAR49,[WPA2_PSK],2025-3-28 21:57:15,1,-81,34.0450439,-117.2017822,365.30,2.00,WIFI
74:AC:B9:BD:D4:B8,BT_Magnolia,[WPA2_PSK],2025-3-28 21:57:15,1,-84,34.0450439,-117.2017822,365.30,2.00,WIFI
34:53:D2:52:09:CE,SpectrumSetup-C8,[WPA2_PSK],2025-3-28 21:57:15,1,-90,34.0450439,-117.2017822,365.30,2.00,WIFI
C2:84:7D:D5:F5:14,SunPower07386,[WPA2_PSK],2025-3-28 21:57:15,1,-92,34.0450439,-117.2017822,365.30,2.00,WIFI
D6:9C:DD:6E:27:62,SunPower36027,[WPA2_PSK],2025-3-28 21:57:15,1,-96,34.0450439,-117.2017822,365.30,2.00,WIFI
04:B6:BE:46:60:CE,,[WPA_WPA2_PSK],2025-3-28 21:57:16,2,-86,34.0449944,-117.2018127,365.30,2.00,WIFI
3E:94:ED:44:8C:0E,,[WPA2_PSK],2025-3-28 21:57:16,2,-92,34.0449944,-117.2018127,365.30,2.00,WIFI
54:04:63:FB:12:D8,,[WPA_WPA2_PSK],2025-3-28 21:57:18,3,-81,34.0448952,-117.2018127,365.50,2.00,WIFI
22:48:6C:B1:A8:3B,,[WPA2_PSK],2025-3-28 21:57:21,6,-71,34.0447044,-117.2016830,366.30,2.00,WIFI
D4:3F:32:6C:47:C6,durian,[WPA2_PSK],2025-3-28 21:57:21,6,-77,34.0447044,-117.2016830,366.30,2.00,WIFI
D4:3F:32:6C:47:C9,,[OPEN],2025-3-28 21:57:21,6,-77,34.0447044,-117.2016830,366.30,2.00,WIFI
90:CA:FA:9B:5D:1A,The Force,[WPA2_PSK],2025-3-28 21:57:21,6,-88,34.0447044,-117.2016830,366.30,2.00,WIFI
44:EA:D8:1E:24:B8,ChimePro-1E24B7,[OPEN],2025-3-28 21:57:21,6,-91,34.0447044,-117.2016830,366.30,2.00,WIFI
7A:AC:B9:BD:CB:D1,BT_Magnolia_guest,[WPA2_PSK],2025-3-28 21:57:21,6,-92,34.0447044,-117.2016830,366.30,2.00,WIFI
00:22:6C:A7:D1:04,,[OPEN],2025-3-28 21:57:23,8,-92,34.0445709,-117.2015839,366.80,2.00,WIFI
86:69:1A:94:41:B4,,[WPA2_WPA3_PSK],2025-3-28 21:57:24,9,-86,34.0445137,-117.2015457,367.00,2.00,WIFI
80:69:1A:94:41:B4,Leason2.0,[WPA2_WPA3_PSK],2025-3-28 21:57:24,9,-87,34.0445137,-117.2015457,367.00,2.00,WIFI
02:13:37:AA:3A:34,manage,[WPA2_PSK],2025-3-28 21:57:26,11,-74,34.0444221,-117.2014694,367.40,2.00,WIFI
00:13:37:AA:3A:34,Redlands Free WiFi,[OPEN],2025-3-28 21:57:26,11,-76,34.0444221,-117.2014694,367.40,2.00,WIFI
84:A0:6E:C9:E2:16,joola-2G,[WPA2_PSK],2025-3-28 21:57:26,11,-84,34.0444221,-117.2014694,367.40,2.00,WIFI
00:17:1A:D5:37:06,Winegard2ghzD53705,[WPA2_PSK],2025-3-28 21:57:26,11,-90,34.0444221,-117.2014694,367.40,2.00,WIFI
00:C8:96:B2:DC:40,,[WPA_WPA2_PSK],2025-3-28 21:57:26,11,-91,34.0444221,-117.2014694,367.40,2.00,WIFI
1E:67:BE:09:97:E8,,[WPA2_PSK],2025-3-28 21:57:29,1,-73,34.0443573,-117.2014084,367.60,2.00,WIFI
2C:67:BE:09:97:EF,SpectrumSetup-97EB,[WPA2_PSK],2025-3-28 21:57:29,1,-74,34.0443573,-117.2014084,367.60,2.00,WIFI
1E:67:BE:09:97:E9,,[WPA2_PSK],2025-3-28 21:57:29,1,-75,34.0443573,-117.2014084,367.60,2.00,WIFI
58:68:7A:10:AF:16,Cookie,[WPA2_WPA3_PSK],2025-3-28 21:57:29,1,-80,34.0443573,-117.2014084,367.60,2.00,WIFI
AA:0C:7A:D4:3E:98,,[WPA2_PSK],2025-3-28 21:57:29,1,-84,34.0443573,-117.2014084,367.60,2.00,WIFI
9A:0C:7A:D4:3E:98,SpectrumSetup-97EB,[WPA2_PSK],2025-3-28 21:57:29,1,-85,34.0443573,-117.2014084,367.60,2.00,WIFI
8A:0C:7A:D4:3E:98,,[WPA2_PSK],2025-3-28 21:57:29,1,-86,34.0443573,-117.2014084,367.60,2.00,WIFI
68:3A:48:11:A4:C8,[fridge]_E30AJT5113389T,[WPA2_PSK],2025-3-28 21:57:29,1,-90,34.0443573,-117.2014084,367.60,2.00,WIFI
10:DA:43:99:AA:F6,NETGEAR29,[WPA2_PSK],2025-3-28 21:57:32,3,-85,34.0443611,-117.2012939,367.20,2.00,WIFI
66:32:B1:31:E8:12,,[WPA2_PSK],2025-3-28 21:57:32,3,-95,34.0443611,-117.2012939,367.20,2.00,WIFI
90:CA:FA:9B:59:3C,The Force,[WPA2_PSK],2025-3-28 21:57:35,6,-70,34.0443764,-117.2012177,367.50,2.00,WIFI
D4:3F:32:6C:47:C3,,[WPA3_PSK],2025-3-28 21:57:35,6,-80,34.0443764,-117.2012177,367.50,2.00,WIFI
5A:E4:03:80:6C:A7,Buttercup,[WPA2_PSK],2025-3-28 21:57:36,7,-81,34.0443764,-117.2012177,367.40,2.00,WIFI
00:22:6C:A7:DA:30,,[OPEN],2025-3-28 21:57:37,8,-91,34.0443764,-117.2012177,367.40,2.00,WIFI
98:ED:5C:83:A7:13,TeslaPV_83A713,[WPA2_PSK],2025-3-28 21:57:39,10,-73,34.0443764,-117.2012177,367.30,2.00,WIFI
D4:05:DE:89:EE:64,,[WPA3_PSK],2025-3-28 21:57:40,11,-72,34.0443802,-117.2012177,367.30,2.00,WIFI
D4:05:DE:89:EE:6A,,[OPEN],2025-3-28 21:57:40,11,-72,34.0443802,-117.2012177,367.30,2.00,WIFI
D4:05:DE:89:EE:67,Honn,[WPA2_PSK],2025-3-28 21:57:40,11,-72,34.0443802,-117.2012177,367.30,2.00,WIFI
02:17:1A:D5:37:06,,[WPA2_PSK],2025-3-28 21:57:40,11,-87,34.0443802,-117.2012177,367.30,2.00,WIFI
F8:5B:3B:CE:64:39,MandC,[WPA2_PSK],2025-3-28 21:57:40,11,-93,34.0443802,-117.2012177,367.30,2.00,WIFI
90:CA:FA:9B:5C:CF,The Force,[WPA2_PSK],2025-3-28 21:57:43,1,-71,34.0443802,-117.2012177,367.20,2.00,WIFI
C4:8E:8F:E4:98:76,WIFIE49872,[WPA2_PSK],2025-3-28 21:57:54,11,-96,34.0443840,-117.2012100,367.10,2.00,WIFI
04:B6:BE:86:B3:34,,[WPA_WPA2_PSK],2025-3-28 21:57:57,1,-86,34.0443840,-117.2012100,367.10,2.00,WIFI
66:32:B1:31:F2:2A,,[WPA2_PSK],2025-3-28 21:58:0,3,-88,34.0443840,-117.2012024,367.20,2.00,WIFI
8A:0C:7A:D4:2C:F8,,[WPA2_PSK],2025-3-28 21:58:11,1,-88,34.0443802,-117.2012024,367.30,2.00,WIFI
AA:0C:7A:D4:2C:F8,,[WPA2_PSK],2025-3-28 21:58:11,1,-88,34.0443802,-117.2012024,367.30,2.00,WIFI
66:32:B1:31:E3:3E,,[WPA2_PSK],2025-3-28 21:58:14,3,-94,34.0443802,-117.2012024,367.30,2.00,WIFI
02:24:A5:B9:28:E0,myChevrolet7666,[WPA2_PSK],2025-3-28 21:58:25,1,-84,34.0443802,-117.2012024,367.00,2.00,WIFI
60:32:B1:31:F2:2A,DECO,[WPA2_PSK],2025-3-28 21:58:28,3,-90,34.0443802,-117.2012024,366.90,2.00,WIFI
2E:80:88:D7:76:8B,Cohen,[WPA2_PSK],2025-3-28 21:58:34,9,-93,34.0443802,-117.2012024,366.80,2.00,WIFI
C6:A5:11:13:4D:0C,,[WPA2_PSK],2025-3-28 21:58:43,4,-93,34.0443802,-117.2012024,366.70,2.00,WIFI
60:32:B1:31:E8:12,DECO,[WPA2_PSK],2025-3-28 21:58:56,3,-92,34.0443802,-117.2012024,366.80,2.00,WIFI
