WigleWifi-1.4,appRelease=v1.2.0,model=ESP32 Marauder,release=v1.2.0,device=ESP32 Marauder,display=SPI TFT,board=ESP32 Marauder,brand=JustCallMeKoko
MAC,SSID,AuthMode,FirstSeen,Channel,RSSI,CurrentLatitude,CurrentLongitude,AltitudeMeters,AccuracyMeters,Type
98:ED:5C:83:A7:13,TeslaPV_83A713,[WPA2_PSK],2025-12-16 1:49:27,3,-92,34.0443993,-117.2011948,365.40,2.75,WIFI
90:CA:FA:9B:5D:1A,The Force,[WPA2_PSK],2025-12-16 1:49:30,6,-87,34.0443993,-117.2011948,365.30,2.75,WIFI
90:CA:FA:9B:59:3C,The Force,[WPA2_PSK],2025-12-16 1:49:30,6,-88,34.0443993,-117.2011948,365.30,2.75,WIFI
D4:3F:32:6C:47:C6,durian,[WPA2_PSK],2025-12-16 1:49:35,11,-87,34.0443993,-117.2011948,365.20,2.25,WIFI
D4:3F:32:6C:47:C3,,[WPA3_PSK],2025-12-16 1:49:35,11,-88,34.0443993,-117.2011948,365.20,2.25,WIFI
D4:3F:32:6C:47:C9,,[OPEN],2025-12-16 1:49:35,11,-88,34.0443993,-117.2011948,365.20,2.25,WIFI
90:CA:FA:9B:5C:CF,The Force,[WPA2_PSK],2025-12-16 1:49:35,11,-91,34.0443993,-117.2011948,365.20,2.25,WIFI
A4:11:62:72:9A:12,ARLO_VMB_4422026869,[WPA2_PSK],2025-12-16 1:49:35,11,-93,34.0443993,-117.2011948,365.20,2.25,WIFI
F8:5B:3B:CE:64:39,MandC,[WPA2_PSK],2025-12-16 1:49:49,11,-97,34.0443916,-117.2012253,364.90,2.00,WIFI
1E:67:BE:09:97:E9,,[WPA2_PSK],2025-12-16 1:49:52,1,-91,34.0443916,-117.2012329,364.90,2.00,WIFI
2C:67:BE:09:97:EF,SpectrumSetup-97EB,[WPA2_PSK],2025-12-16 1:49:52,1,-91,34.0443916,-117.2012329,364.90,2.00,WIFI
54:04:63:FB:12:D8,,[WPA_WPA2_PSK],2025-12-16 1:49:52,1,-94,34.0443916,-117.2012329,364.90,2.00,WIFI
D4:05:DE:89:EE:6A,,[OPEN],2025-12-16 1:50:3,11,-84,34.0443993,-117.2013245,364.50,2.00,WIFI
D4:05:DE:89:EE:67,Blossom,[WPA2_PSK],2025-12-16 1:50:3,11,-85,34.0443993,-117.2013245,364.50,2.00,WIFI
D4:05:DE:89:EE:64,,[WPA3_PSK],2025-12-16 1:50:3,11,-87,34.0443993,-117.2013245,364.50,2.00,WIFI
7A:AC:B9:BD:CB:D1,BT_Magnolia_guest,[WPA2_PSK],2025-12-16 1:50:12,6,-93,34.0448189,-117.2016907,362.90,2.00,WIFI
74:AC:B9:BD:CB:D1,BT_Magnolia,[WPA2_PSK],2025-12-16 1:50:12,6,-94,34.0448189,-117.2016907,362.90,2.00,WIFI
44:AC:85:6E:45:C6,Normanrose,[WPA2_PSK],2025-12-16 1:50:31,11,-89,34.0453796,-117.2011414,361.90,2.00,WIFI
44:AC:85:6E:45:C9,,[OPEN],2025-12-16 1:50:31,11,-90,34.0453796,-117.2011414,361.90,2.00,WIFI
BC:42:8C:BE:0C:EC,MY SENTRA8914,[WPA2_PSK],2025-12-16 1:50:31,11,-93,34.0453796,-117.2011414,361.90,2.00,WIFI
66:CB:E9:7C:99:EC,[LG_Oven]99ec,[WPA2_PSK],2025-12-16 1:50:31,11,-94,34.0453796,-117.2011414,361.90,2.00,WIFI
A0:89:66:E1:74:AC,,[WPA_WPA2_PSK],2025-12-16 1:50:33,1,-92,34.0453796,-117.2011414,361.90,2.00,WIFI
A0:04:60:CE:27:A6,NETGEAR76,[WPA2_PSK],2025-12-16 1:50:33,1,-93,34.0453796,-117.2011414,361.90,2.00,WIFI
C4:8E:8F:E4:98:76,WIFIE49872,[WPA2_PSK],2025-12-16 1:50:33,1,-94,34.0453796,-117.2011414,361.90,2.00,WIFI
34:60:F9:5F:7E:1B,HandB,[WPA2_PSK],2025-12-16 1:50:42,8,-91,34.0453796,-117.2011337,361.70,2.00,WIFI
7E:4D:8F:57:BE:F5,DIRECT-F5-HP OfficeJet Pro 8020,[WPA2_PSK],2025-12-16 1:50:47,1,-92,34.0453796,-117.2011337,361.50,2.00,WIFI
56:60:F9:5F:7E:1B,,[WPA2_PSK],2025-12-16 1:50:56,8,-91,34.0453796,-117.2011261,361.40,2.00,WIFI
9C:C8:FC:01:AE:48,Roberts,[WPA2_PSK],2025-12-16 1:51:1,1,-91,34.0453796,-117.2011261,361.40,1.75,WIFI
F0:81:75:08:78:E6,MySpectrumWiFie0-2G,[WPA2_PSK],2025-12-16 1:51:15,1,-88,34.0462875,-117.2016983,357.50,1.75,WIFI
FC:12:63:B7:33:03,Lakers Nation,[WPA2_PSK],2025-12-16 1:51:15,1,-91,34.0462875,-117.2016983,357.50,1.75,WIFI
F0:7B:65:3C:22:AA,SpectrumSetup-22A4,[WPA2_PSK],2025-12-16 1:51:27,11,-85,34.0465813,-117.2018585,356.30,1.75,WIFI
D0:6D:C9:2D:C7:86,Fruit Farm,[WPA2_PSK],2025-12-16 1:51:41,11,-90,34.0467911,-117.2015610,356.20,1.75,WIFI
9C:05:D6:62:FA:5A,ManagementVds,[WPA2_WPA3_PSK],2025-12-16 1:51:43,1,-79,34.0468674,-117.2013092,356.00,1.75,WIFI
CC:CF:83:48:E9:F0,,[WPA_WPA2_PSK],2025-12-16 1:51:43,1,-91,34.0468674,-117.2013092,356.00,1.75,WIFI
58:96:71:0C:71:EA,EMZ3,[WPA2_PSK],2025-12-16 1:51:50,6,-89,34.0472450,-117.2003708,354.80,1.75,WIFI
F4:52:46:BD:F3:A5,Hashslingingslasher,[WPA2_PSK],2025-12-16 1:51:50,6,-90,34.0472450,-117.2003708,354.80,1.75,WIFI
C8:7F:54:12:98:00,DeepDark,[WPA2_PSK],2025-12-16 1:52:0,2,-92,34.0478706,-117.1991882,355.60,1.75,WIFI
8C:85:80:66:4E:68,,[WPA_WPA2_PSK],2025-12-16 1:52:1,3,-82,34.0478897,-117.1991577,355.70,1.75,WIFI
0C:82:47:4D:29:C8,,[WPA_WPA2_PSK],2025-12-16 1:52:3,5,-81,34.0479012,-117.1991425,355.50,1.75,WIFI
F8:5B:3B:D7:73:9F,SpectrumSetup-A1,[WPA2_PSK],2025-12-16 1:52:4,6,-89,34.0479050,-117.1991348,355.60,1.75,WIFI
34:68:95:FA:1E:1B,MyWifi,[WPA_WPA2_PSK],2025-12-16 1:52:5,7,-94,34.0479050,-117.1991348,355.60,1.75,WIFI
90:CD:B6:A1:22:2D,WIFIA12229,[WPA2_PSK],2025-12-16 1:52:9,11,-79,34.0480537,-117.1988831,356.10,1.75,WIFI
58:9B:4A:A5:02:8B,SpectrumSetup-0287,[WPA2_PSK],2025-12-16 1:52:11,1,-90,34.0481644,-117.1986694,356.40,1.75,WIFI
CC:40:D0:7D:51:5F,IYBI,[WPA2_PSK],2025-12-16 1:52:17,5,-88,34.0485840,-117.1978989,358.00,1.75,WIFI
CC:40:D0:05:83:4C,NETGEAR86,[WPA2_PSK],2025-12-16 1:52:17,5,-89,34.0485840,-117.1978989,358.00,1.75,WIFI
A4:11:62:CA:12:34,ARLO_VMB_2804592903,[WPA2_PSK],2025-12-16 1:52:17,5,-93,34.0485840,-117.1978989,358.00,1.75,WIFI
F0:7B:65:95:34:0E,A_J,[WPA2_PSK],2025-12-16 1:52:23,11,-87,34.0490913,-117.1969757,359.80,1.75,WIFI
7C:DB:98:8D:DF:19,MySpectrumWiFi1B-2G,[WPA2_PSK],2025-12-16 1:52:23,11,-90,34.0490913,-117.1969757,359.80,1.75,WIFI
4C:19:5D:2C:9F:97,SpectrumSetup-42CC,[WPA2_PSK],2025-12-16 1:52:26,1,-81,34.0493431,-117.1965179,360.10,1.75,WIFI
80:78:71:49:B3:CD,SpectrumSetup-CF,[WPA2_PSK],2025-12-16 1:52:26,1,-81,34.0493431,-117.1965179,360.10,1.75,WIFI
14:7D:05:4E:07:C3,SpectrumSetup-C1,[WPA2_PSK],2025-12-16 1:52:26,1,-82,34.0493431,-117.1965179,360.10,1.75,WIFI
84:1E:A3:21:A0:B6,SpectrumSetup-B0,[WPA2_PSK],2025-12-16 1:52:26,1,-91,34.0493431,-117.1965179,360.10,1.75,WIFI
A8:13:0B:A4:FB:C5,,[WPA3_PSK],2025-12-16 1:52:32,6,-87,34.0498466,-117.1956100,361.10,1.75,WIFI
72:CC:9C:3E:C9:B7,Oktoberfest-Guest,[WPA2_PSK],2025-12-16 1:52:33,7,-81,34.0499344,-117.1954498,361.10,1.75,WIFI
88:DE:7C:B5:47:2C,Gogorouterrangers,[WPA2_PSK],2025-12-16 1:52:40,1,-83,34.0505447,-117.1943359,363.00,1.75,WIFI
24:41:FE:B7:88:BA,Verizon_N6FHD3,[WPA2_PSK],2025-12-16 1:52:40,1,-83,34.0505447,-117.1943359,363.00,1.75,WIFI
4C:AB:F8:59:18:95,SpectrumSetup-97,[WPA2_PSK],2025-12-16 1:52:40,1,-88,34.0505447,-117.1943359,363.00,1.75,WIFI
74:37:5F:27:3D:37,SincereParis,[WPA2_PSK],2025-12-16 1:52:40,1,-91,34.0505447,-117.1943359,363.00,1.75,WIFI
94:18:65:EC:AF:22,Frontier1637,[WPA2_PSK],2025-12-16 1:52:49,9,-90,34.0512657,-117.1930237,364.10,1.75,WIFI
24:5A:4C:85:DC:55,SW,[WPA2_PSK],2025-12-16 1:52:51,11,-84,34.0514030,-117.1927643,364.60,1.75,WIFI
26:5A:4C:A5:DC:55,SW-IOT,[WPA2_PSK],2025-12-16 1:52:51,11,-84,34.0514030,-117.1927643,364.60,1.75,WIFI
26:5A:4C:95:DC:55,LinkZone,[WPA2_PSK],2025-12-16 1:52:51,11,-85,34.0514030,-117.1927643,364.60,1.75,WIFI
26:5A:4C:B5:DC:55,,[WPA2_PSK],2025-12-16 1:52:51,11,-85,34.0514030,-117.1927643,364.60,1.75,WIFI
26:5A:4C:C5:DC:55,SmilesRedlands-Guest,[WPA2_PSK],2025-12-16 1:52:51,11,-86,34.0514030,-117.1927643,364.60,1.75,WIFI
60:D5:61:13:FD:74,,[WPA2_PSK],2025-12-16 1:52:53,13,-95,34.0515442,-117.1925201,365.40,1.75,WIFI
74:37:5F:70:63:2B,SpectrumSetup-29,[WPA2_PSK],2025-12-16 1:52:54,1,-72,34.0516090,-117.1923904,365.40,1.75,WIFI
2A:97:CD:74:82:23,lazorfamily,[WPA2_PSK],2025-12-16 1:52:54,1,-91,34.0516090,-117.1923904,365.40,1.75,WIFI
94:F7:17:E8:F9:A8,,[WPA_WPA2_PSK],2025-12-16 1:52:54,1,-92,34.0516090,-117.1923904,365.40,1.75,WIFI
98:1E:19:6C:2B:1E,MySpectrumWiFi18-2G,[WPA2_PSK],2025-12-16 1:53:6,11,-92,34.0521507,-117.1914291,368.60,1.75,WIFI
A0:7F:8A:32:B0:5C,Daviddarkhold1,[WPA2_PSK],2025-12-16 1:53:6,11,-95,34.0521507,-117.1914291,368.60,1.75,WIFI
A0:7F:8A:0A:8E:9A,DollyWolly1133,[WPA2_PSK],2025-12-16 1:53:9,1,-86,34.0522957,-117.1912155,369.00,1.75,WIFI
BC:EE:7B:7D:87:D0,Wea_2g,[WPA2_PSK],2025-12-16 1:53:17,8,-89,34.0523605,-117.1911011,369.60,1.75,WIFI
38:E1:F4:95:F4:77,AyalaWiFi,[WPA2_WPA3_PSK],2025-12-16 1:53:23,1,-94,34.0523605,-117.1910934,369.70,1.75,WIFI
9C:AD:97:C5:D0:EC,HP-Print-ec-LaserJet Pro M201dw,[WPA2_PSK],2025-12-16 1:53:29,6,-95,34.0523643,-117.1910934,369.80,1.75,WIFI
D4:5D:64:9D:C3:B0,ASUS_B0,[OPEN],2025-12-16 1:53:30,7,-93,34.0523643,-117.1910934,369.90,1.75,WIFI
F4:69:42:4C:CD:F5,SpectrumSetup-F7,[WPA2_PSK],2025-12-16 1:53:37,1,-92,34.0523682,-117.1911011,370.10,1.50,WIFI
54:04:63:CB:E3:61,,[WPA_WPA2_PSK],2025-12-16 1:53:51,1,-93,34.0528603,-117.1912155,369.70,1.50,WIFI
00:C8:96:C3:D5:D8,,[WPA_WPA2_PSK],2025-12-16 1:53:51,1,-95,34.0528603,-117.1912155,369.70,1.50,WIFI
80:69:1A:22:A0:36,Wifi4cocomelon,[WPA2_WPA3_PSK],2025-12-16 1:53:56,5,-84,34.0533829,-117.1916504,368.50,1.50,WIFI
86:69:1A:22:A0:36,,[WPA2_PSK],2025-12-16 1:53:56,5,-84,34.0533829,-117.1916504,368.50,1.50,WIFI
92:86:DD:E6:2B:01,,[WPA2_PSK],2025-12-16 1:53:56,5,-91,34.0533829,-117.1916504,368.50,1.50,WIFI
8C:86:DD:E6:2B:01,Hyperdrive,[WPA2_PSK],2025-12-16 1:53:56,5,-94,34.0533829,-117.1916504,368.50,1.50,WIFI
FC:12:63:B3:FB:7F,letsgoBroncos68,[WPA2_PSK],2025-12-16 1:54:2,11,-87,34.0540504,-117.1922073,366.40,1.50,WIFI
18:A9:ED:FD:E8:89,,[OPEN],2025-12-16 1:54:5,1,-80,34.0543976,-117.1924896,365.30,1.50,WIFI
18:A9:ED:FD:E8:86,Mailander,[WPA2_PSK],2025-12-16 1:54:5,1,-80,34.0543976,-117.1924896,365.30,1.50,WIFI
FC:B2:D6:70:B1:32,,[WPA_WPA2_PSK],2025-12-16 1:54:5,1,-88,34.0543976,-117.1924896,365.30,1.50,WIFI
9C:3D:CF:6D:8E:16,NTGR_VMB_1526256054,[WPA2_PSK],2025-12-16 1:54:11,6,-88,34.0551071,-117.1927872,363.40,1.50,WIFI
08:7B:12:4B:F9:3F,Museum of Redlands Free WiFi,[WPA2_PSK],2025-12-16 1:54:11,6,-94,34.0551071,-117.1927872,363.40,1.50,WIFI
D4:CA:6E:AD:3B:C8,EA-J94213700161PE,[WPA_WPA2_PSK],2025-12-16 1:54:19,1,-91,34.0559731,-117.1922073,364.60,1.50,WIFI
72:7F:F0:1F:3A:63,brylor,[WPA2_WPA3_PSK],2025-12-16 1:54:22,3,-92,34.0562859,-117.1918793,365.20,1.50,WIFI
72:7F:F0:1F:3A:64,,[WPA2_PSK],2025-12-16 1:54:22,3,-92,34.0562859,-117.1918793,365.20,1.50,WIFI
D4:3F:32:8D:C7:23,,[WPA3_PSK],2025-12-16 1:54:25,6,-85,34.0565720,-117.1915665,366.00,1.50,WIFI
D4:3F:32:8D:C7:29,,[OPEN],2025-12-16 1:54:25,6,-86,34.0565720,-117.1915665,366.00,1.50,WIFI
D4:3F:32:8D:C7:26,TARDIS,[WPA2_PSK],2025-12-16 1:54:25,6,-87,34.0565720,-117.1915665,366.00,1.50,WIFI
FC:12:63:A1:DF:A1,SpectrumSetup-A3,[WPA2_PSK],2025-12-16 1:54:25,6,-91,34.0565720,-117.1915665,366.00,1.50,WIFI
24:41:FE:8F:AF:9D,Verizon_34SX6P,[WPA2_PSK],2025-12-16 1:54:25,6,-93,34.0565720,-117.1915665,366.00,1.50,WIFI
A8:3A:79:F5:B7:45,CK_STORE,[WPA2],2025-12-16 1:54:33,1,-90,34.0573502,-117.1912994,364.70,1.50,WIFI
94:F7:17:7C:F9:00,,[WPA_WPA2_PSK],2025-12-16 1:54:33,1,-92,34.0573502,-117.1912994,364.70,1.50,WIFI
A0:89:66:9D:B6:D0,,[WPA_WPA2_PSK],2025-12-16 1:55:1,1,-90,34.0594902,-117.1913147,363.70,1.50,WIFI
64:D9:C2:4A:A8:43,,[WPA3_PSK],2025-12-16 1:55:12,11,-84,34.0596275,-117.1909409,364.80,1.50,WIFI
64:D9:C2:4A:A8:46,EskoCasa,[WPA2_PSK],2025-12-16 1:55:12,11,-84,34.0596275,-117.1909409,364.80,1.50,WIFI
64:D9:C2:4A:A8:49,,[OPEN],2025-12-16 1:55:12,11,-85,34.0596275,-117.1909409,364.80,1.50,WIFI
A0:EE:EE:DB:17:98,,[WPA_WPA2_PSK],2025-12-16 1:55:15,1,-86,34.0596199,-117.1905975,365.10,1.50,WIFI
88:DE:7C:ED:7F:88,SpectrumSetup-8A,[WPA2_PSK],2025-12-16 1:55:15,1,-92,34.0596199,-117.1905975,365.10,1.50,WIFI
B8:66:85:65:15:EE,MySpectrumWiFie8-2G,[WPA2_PSK],2025-12-16 1:55:21,6,-90,34.0596085,-117.1897964,365.80,1.50,WIFI
58:96:71:92:66:52,Verizon_PYG7TY,[WPA2_PSK],2025-12-16 1:55:21,6,-91,34.0596085,-117.1897964,365.80,1.50,WIFI
B0:4E:26:55:37:71,Avengers.. ASSEMBLE,[WPA_WPA2_PSK],2025-12-16 1:55:25,10,-81,34.0596123,-117.1892548,366.10,1.50,WIFI
24:5A:4C:EA:1D:B2,iwatcherplus.com,[OPEN],2025-12-16 1:55:26,11,-91,34.0596123,-117.1891174,366.20,1.50,WIFI
8C:83:94:34:92:E9,Verizon_KSQ369,[WPA2_PSK],2025-12-16 1:55:26,11,-94,34.0596123,-117.1891174,366.20,1.50,WIFI
68:D7:9A:87:97:C9,BHHS Redlands,[WPA2_PSK],2025-12-16 1:55:40,11,-90,34.0596085,-117.1881485,367.00,1.50,WIFI
6E:D7:9A:87:97:C9,Active IT Solutions,[WPA2_PSK],2025-12-16 1:55:40,11,-94,34.0596085,-117.1881485,367.00,1.50,WIFI
A8:B0:88:6C:F2:68,PPeeroredlands,[WPA2_PSK],2025-12-16 1:55:43,1,-82,34.0596085,-117.1878662,367.50,1.50,WIFI
A8:B0:88:6C:F2:66,,[WPA3_PSK],2025-12-16 1:55:43,1,-89,34.0596085,-117.1878662,367.50,1.50,WIFI
B6:52:46:DA:84:8E,WSGuest,[WPA2_PSK],2025-12-16 1:55:43,1,-91,34.0596085,-117.1878662,367.50,1.50,WIFI
F0:81:75:BD:66:E6,MySpectrumWiFie0-2G,[WPA2_PSK],2025-12-16 1:55:43,1,-91,34.0596085,-117.1878662,367.50,1.50,WIFI
F4:05:95:E7:0A:41,SpectrumSetup-3B,[WPA2_PSK],2025-12-16 1:55:54,11,-91,34.0596085,-117.1874542,367.10,1.50,WIFI
60:22:32:24:0A:22,Magic Tongue,[WPA2_PSK],2025-12-16 1:55:55,1,-85,34.0596085,-117.1873779,367.20,1.50,WIFI
66:22:32:24:0A:22,Rui's Shanghai Bistro,[WPA2_PSK],2025-12-16 1:55:55,1,-88,34.0596085,-117.1873779,367.20,1.50,WIFI
F4:52:46:DA:84:8E,WholesomeSmiles,[WPA2_PSK],2025-12-16 1:55:55,1,-96,34.0596085,-117.1873779,367.20,1.50,WIFI
C8:B4:22:03:2D:6B,MySpectrumWiFi6D-2G,[WPA2_PSK],2025-12-16 1:56:3,6,-90,34.0596199,-117.1866226,368.10,1.50,WIFI
54:AF:97:06:3D:FB,S3XY NAIL LOUNGE,[WPA2_PSK],2025-12-16 1:56:14,3,-89,34.0604553,-117.1863861,368.50,1.50,WIFI
A8:9A:93:B2:0D:7E,MySpectrumWiFi78-2G,[WPA2_PSK],2025-12-16 1:56:17,6,-89,34.0607986,-117.1863861,368.50,1.50,WIFI
88:DE:7C:2F:D3:94,SpectrumSetup-96,[WPA2_PSK],2025-12-16 1:56:22,11,-81,34.0611687,-117.1863861,368.30,1.50,WIFI
C8:B4:22:A1:87:2D,MySpectrumWiFi2F-2G,[WPA2_PSK],2025-12-16 1:56:22,11,-82,34.0611687,-117.1863861,368.30,1.50,WIFI
62:E6:F0:03:87:DA,myChevrolet 87da,[WPA2_PSK],2025-12-16 1:56:22,11,-88,34.0611687,-117.1863861,368.30,1.50,WIFI
30:93:BC:7D:69:D6,MySpectrumWiFid0-2G,[WPA2_PSK],2025-12-16 1:56:24,1,-88,34.0612144,-117.1863785,368.40,1.50,WIFI
BA:AF:97:06:3D:FD,,[WPA2_PSK],2025-12-16 1:56:28,3,-87,34.0612335,-117.1863708,368.90,1.50,WIFI
10:0C:6B:3C:19:18,ORBI63,[WPA2_PSK],2025-12-16 1:56:34,9,-77,34.0612373,-117.1863708,369.20,1.75,WIFI
16:0C:6B:3C:19:18,,[WPA2_PSK],2025-12-16 1:56:34,9,-77,34.0612373,-117.1863708,369.20,1.75,WIFI
7C:0C:F6:0C:69:B2,Dash-8922,[WPA2_PSK],2025-12-16 1:57:4,11,-94,34.0612450,-117.1831818,373.80,1.50,WIFI
A4:97:33:4C:C6:E5,SpectrumSetup-E7,[WPA2_PSK],2025-12-16 1:57:13,6,-92,34.0610161,-117.1831894,373.90,1.50,WIFI
7A:45:58:99:B2:7B,creatif-guest,[WPA2_PSK],2025-12-16 1:57:27,6,-92,34.0609741,-117.1832962,373.50,1.50,WIFI
78:45:58:B9:B2:7B,creatif-redlands,[WPA2_PSK],2025-12-16 1:57:27,6,-93,34.0609741,-117.1832962,373.50,1.50,WIFI
7A:45:58:A9:B2:7B,,[WPA2_PSK],2025-12-16 1:57:27,6,-94,34.0609741,-117.1832962,373.50,1.50,WIFI
D0:57:94:FD:87:7E,MySpectrumWiFi78-2G,[WPA2_PSK],2025-12-16 1:57:32,11,-91,34.0609932,-117.1832962,373.70,1.50,WIFI
B2:00:73:1A:0D:CC,myChevrolet,[WPA2_PSK],2025-12-16 2:0:49,11,-93,34.0609703,-117.1832962,375.50,1.50,WIFI
40:D5:21:67:44:C2,myBuick2618,[WPA2_WPA3_PSK],2025-12-16 2:1:40,6,-91,34.0609665,-117.1832962,375.70,1.50,WIFI
F8:F5:32:D3:53:E0,Frontier6336,[WPA2_PSK],2025-12-16 2:2:16,1,-81,34.0609245,-117.1827927,375.40,1.50,WIFI
78:45:58:B9:B2:AE,creatif-redlands,[WPA2_PSK],2025-12-16 2:2:22,6,-93,34.0609283,-117.1827393,375.40,1.50,WIFI
7A:45:58:A9:B2:AE,,[WPA2_PSK],2025-12-16 2:2:22,6,-93,34.0609283,-117.1827393,375.40,1.50,WIFI
98:1E:19:52:BF:AE,MySpectrumWiFia8-2G,[WPA2_PSK],2025-12-16 2:2:30,1,-88,34.0609283,-117.1827164,375.60,1.50,WIFI
7A:45:58:A9:AE:40,,[WPA2_PSK],2025-12-16 2:2:36,6,-94,34.0609283,-117.1827164,375.60,1.50,WIFI
88:DC:96:32:36:80,,[WPA2_PSK],2025-12-16 2:2:41,11,-94,34.0609055,-117.1826630,375.60,1.50,WIFI
16:CB:19:8F:85:51,DIRECT-51-HP OfficeJet Pro 8020,[WPA2_PSK],2025-12-16 2:2:44,1,-87,34.0607910,-117.1826553,375.70,1.50,WIFI
0C:B8:15:18:30:09,Twinkly_183009,[OPEN],2025-12-16 2:2:44,1,-94,34.0607910,-117.1826553,375.70,1.50,WIFI
A8:5B:F7:96:66:82,,[WPA2_PSK],2025-12-16 2:2:50,6,-92,34.0602837,-117.1826477,376.10,1.50,WIFI
A8:5B:F7:96:66:83,DV-Tester,[WPA2_PSK],2025-12-16 2:2:50,6,-92,34.0602837,-117.1826477,376.10,1.50,WIFI
E6:63:DA:7D:5D:F7,VLB_Office,[WPA2_PSK],2025-12-16 2:2:58,1,-94,34.0596008,-117.1826477,376.70,1.50,WIFI
A6:D7:3C:95:88:64,DIRECT-3C-EPSON-950864,[WPA2_PSK],2025-12-16 2:2:58,1,-94,34.0596008,-117.1826477,376.70,1.50,WIFI
1C:3B:F3:15:19:5B,TP-LINK_Smart Plug_195B,[OPEN],2025-12-16 2:3:4,6,-89,34.0590782,-117.1826477,377.20,1.50,WIFI
74:93:DA:44:8A:11,SpectrumSetup-13,[WPA2_PSK],2025-12-16 2:3:4,6,-91,34.0590782,-117.1826477,377.20,1.50,WIFI
74:FE:CE:CC:4B:F7,GreenSleeves Wifi,[WPA2_PSK],2025-12-16 2:3:15,3,-88,34.0581589,-117.1826477,377.40,1.50,WIFI
72:FE:CE:CC:4B:F1,,[WPA2_PSK],2025-12-16 2:3:15,3,-88,34.0581589,-117.1826477,377.40,1.50,WIFI
18:60:41:25:AD:B0,TMOBILE-ADAE,[WPA2_WPA3_PSK],2025-12-16 2:3:15,3,-88,34.0581589,-117.1826477,377.40,1.50,WIFI
1A:60:41:75:AD:B0,,[WPA2_WPA3_PSK],2025-12-16 2:3:15,3,-90,34.0581589,-117.1826477,377.40,1.50,WIFI
12:3F:0B:58:B5:89,,[WPA2_PSK],2025-12-16 2:3:18,6,-85,34.0579720,-117.1826553,377.70,1.50,WIFI
2C:3F:0B:58:B5:89,Lois Lauer - Wireless,[WPA2_PSK],2025-12-16 2:3:18,6,-86,34.0579720,-117.1826553,377.70,1.50,WIFI
D8:8E:D4:88:61:10,TheThreeStags_guest,[WPA2_PSK],2025-12-16 2:3:18,6,-86,34.0579720,-117.1826553,377.70,1.50,WIFI
D8:8E:D4:88:61:07,TheThreeStags_private,[WPA2_PSK],2025-12-16 2:3:18,6,-87,34.0579720,-117.1826553,377.70,1.50,WIFI
B2:8B:A9:5E:C8:02,FCH-Staff,[WPA2_PSK],2025-12-16 2:3:24,1,-76,34.0576553,-117.1826630,377.40,1.50,WIFI
AC:8B:A9:5E:C8:02,FCH-Admin,[WPA2_PSK],2025-12-16 2:3:24,1,-77,34.0576553,-117.1826630,377.40,1.50,WIFI
12:E8:A7:F2:7F:96,Kimberly M,[WPA2_PSK],2025-12-16 2:3:24,1,-88,34.0576553,-117.1826630,377.40,1.50,WIFI
98:1E:19:5E:6C:56,MySpectrumWiFi50-2G,[WPA2_PSK],2025-12-16 2:3:24,1,-90,34.0576553,-117.1826630,377.40,1.50,WIFI
94:A6:7E:5B:32:AE,MySpectrumWiFi82-2G,[WPA2_PSK],2025-12-16 2:3:37,11,-87,34.0575027,-117.1826630,377.60,1.50,WIFI
08:7B:12:40:08:A6,Frontier0731,[WPA2_PSK],2025-12-16 2:3:37,11,-89,34.0575027,-117.1826630,377.60,1.50,WIFI
E8:AD:A6:55:F0:06,MySpectrumWiFi00-2G,[WPA2_PSK],2025-12-16 2:3:46,6,-96,34.0574989,-117.1826630,377.70,1.50,WIFI
B2:8B:A9:5F:AB:56,FCH-Staff,[WPA2_PSK],2025-12-16 2:4:0,6,-92,34.0574951,-117.1826553,377.80,1.50,WIFI
E8:9F:80:73:27:44,J & M Income Tax,[WPA2_PSK],2025-12-16 2:4:3,9,-89,34.0574951,-117.1826553,377.90,1.50,WIFI
04:C4:61:01:E5:32,TOYOTA Camry_E532610104C4,[WPA2_PSK],2025-12-16 2:4:5,11,-75,34.0574951,-117.1826553,378.00,1.50,WIFI
98:03:CF:76:19:D5,EUKI-X11-7619d5,[WPA2_PSK],2025-12-16 2:4:5,11,-80,34.0574951,-117.1826553,378.00,1.50,WIFI
A8:6E:84:F9:C3:3A,Briggs&Coops,[WPA2_WPA3_PSK],2025-12-16 2:4:13,5,-91,34.0574951,-117.1826553,378.20,1.50,WIFI
AE:6E:84:F9:C3:3A,,[WPA2_PSK],2025-12-16 2:4:13,5,-91,34.0574951,-117.1826553,378.20,1.50,WIFI
AC:8B:A9:5F:AB:56,FCH-Admin,[WPA2_PSK],2025-12-16 2:4:14,6,-90,34.0574951,-117.1826553,378.20,1.50,WIFI
D2:21:F9:1C:91:F2,,[WPA2_PSK],2025-12-16 2:4:21,1,-92,34.0574951,-117.1826553,378.20,1.50,WIFI
D0:21:F9:5C:91:F2,shopsuey,[WPA2_PSK],2025-12-16 2:4:21,1,-93,34.0574951,-117.1826553,378.20,1.50,WIFI
AC:8B:A9:5F:B4:22,FCH-Admin,[WPA2_PSK],2025-12-16 2:4:42,6,-91,34.0574951,-117.1826553,378.40,1.50,WIFI
B2:8B:A9:5F:B4:22,FCH-Staff,[WPA2_PSK],2025-12-16 2:4:42,6,-92,34.0574951,-117.1826553,378.40,1.50,WIFI
9C:C9:EB:E8:72:3E,The best wifi around,[OPEN],2025-12-16 2:4:49,1,-82,34.0573158,-117.1826630,378.50,1.50,WIFI
A0:89:66:EA:79:0C,,[WPA_WPA2_PSK],2025-12-16 2:4:49,1,-86,34.0573158,-117.1826630,378.50,1.50,WIFI
74:D7:CA:B9:4D:A3,FOXY ROXY,[WPA2_PSK],2025-12-16 2:4:53,3,-90,34.0570107,-117.1826630,378.40,1.50,WIFI
DC:92:72:E3:47:5F,Frontier0569,[WPA2_PSK],2025-12-16 2:4:56,6,-81,34.0567513,-117.1826706,378.50,1.50,WIFI
88:DE:7C:54:55:B5,honeyhabits,[WPA2_PSK],2025-12-16 2:4:56,6,-92,34.0567513,-117.1826706,378.50,1.50,WIFI
74:37:5F:CA:E0:7B,SpectrumSetup-79,[WPA2_PSK],2025-12-16 2:5:3,1,-89,34.0561562,-117.1826630,379.00,1.50,WIFI
00:C8:96:CD:6A:BA,,[WPA_WPA2_PSK],2025-12-16 2:5:3,1,-90,34.0561562,-117.1826630,379.00,1.50,WIFI
14:7D:05:E7:6F:7F,SpectrumSetup-7D,[WPA2_PSK],2025-12-16 2:5:10,6,-90,34.0557175,-117.1826706,379.80,1.50,WIFI
DC:92:72:E4:1A:1F,Frontier0566,[WPA2_PSK],2025-12-16 2:5:15,11,-86,34.0556793,-117.1826782,379.80,1.50,WIFI
60:B7:6E:D7:60:A9,Kissui,[WPA2_PSK],2025-12-16 2:5:15,11,-89,34.0556793,-117.1826782,379.80,1.50,WIFI
60:B7:6E:D7:60:9E,Kissui,[WPA2_PSK],2025-12-16 2:5:15,11,-92,34.0556793,-117.1826782,379.80,1.50,WIFI
DC:EF:09:E6:25:C9,Christians Wifi,[WPA2_PSK],2025-12-16 2:5:17,1,-95,34.0556831,-117.1826782,379.90,1.50,WIFI
C0:89:AB:20:A6:78,Frontier6240,[WPA2_PSK],2025-12-16 2:5:24,6,-88,34.0555992,-117.1829605,379.30,1.50,WIFI
F4:52:46:ED:90:03,SpectrumSetup-05,[WPA2_PSK],2025-12-16 2:5:24,6,-93,34.0555992,-117.1829605,379.30,1.50,WIFI
20:23:51:6E:44:F8,NEB Office,[WPA2_PSK],2025-12-16 2:5:52,6,-93,34.0548325,-117.1867371,375.70,1.50,WIFI
26:23:51:6E:44:F8,NEB Office_Guest,[WPA2_PSK],2025-12-16 2:5:52,6,-95,34.0548325,-117.1867371,375.70,1.50,WIFI
C4:01:7C:58:C2:B3,island-18C2B0,[WPA2_PSK],2025-12-16 2:6:0,1,-91,34.0542564,-117.1877747,375.10,1.50,WIFI
10:0C:6B:35:31:E2,,[WPA2_PSK],2025-12-16 2:6:2,2,-88,34.0541115,-117.1880341,374.40,1.50,WIFI
16:0C:6B:35:31:E2,Schaepper Psychiatry,[WPA2_PSK],2025-12-16 2:6:2,2,-88,34.0541115,-117.1880341,374.40,1.50,WIFI
14:EB:B6:2C:1B:0E,Majestic Dental,[WPA2_PSK],2025-12-16 2:6:2,2,-91,34.0541115,-117.1880341,374.40,1.50,WIFI
C8:99:B2:18:5E:53,Verizon_4BFX9N,[WPA2_PSK],2025-12-16 2:6:6,6,-93,34.0538330,-117.1885452,373.60,1.50,WIFI
9C:C9:EB:EF:D8:86,MILLING,[WPA2_PSK],2025-12-16 2:6:10,10,-90,34.0535545,-117.1890411,372.50,1.50,WIFI
9E:C9:EB:EF:D8:80,RFD-PRIVATE-5,[WPA2_PSK],2025-12-16 2:6:10,10,-91,34.0535545,-117.1890411,372.50,1.50,WIFI
9E:C9:EB:EF:D8:87,RFD-Guest,[WPA2_PSK],2025-12-16 2:6:10,10,-91,34.0535545,-117.1890411,372.50,1.50,WIFI
1C:61:B4:19:EB:C7,TEAM_PEETA,[WPA2_PSK],2025-12-16 2:6:18,4,-90,34.0530205,-117.1900101,369.90,1.50,WIFI
2C:67:BE:01:CF:B0,SpectrumSetup-59,[WPA2_PSK],2025-12-16 2:6:20,6,-90,34.0529213,-117.1901932,369.50,1.50,WIFI
F0:7B:65:D8:6C:B4,SpectrumSetup-6CAE,[WPA2_PSK],2025-12-16 2:6:20,6,-94,34.0529213,-117.1901932,369.50,1.50,WIFI
B0:19:21:23:ED:4E,FiOS-R5L06_EXT,[WPA2_PSK],2025-12-16 2:6:25,11,-89,34.0526466,-117.1906891,368.00,1.50,WIFI
72:CD:D6:C2:38:21,PSD,[WPA2_PSK],2025-12-16 2:6:25,11,-95,34.0526466,-117.1906891,368.00,1.50,WIFI
88:DE:7C:C6:AD:59,SpectrumSetup-5B,[WPA2_PSK],2025-12-16 2:6:34,6,-91,34.0520592,-117.1917419,365.50,1.50,WIFI
22:48:6C:5B:9E:FA,,[WPA2_PSK],2025-12-16 2:6:34,6,-93,34.0520592,-117.1917419,365.50,1.50,WIFI
2C:67:BE:1E:EA:64,Avila’s,[WPA2_PSK],2025-12-16 2:6:40,11,-89,34.0516815,-117.1924286,363.30,1.50,WIFI
54:65:DE:76:22:00,Tannya,[WPA_WPA2_PSK],2025-12-16 2:6:49,6,-95,34.0510635,-117.1935349,359.20,1.50,WIFI
CE:9E:43:A3:A6:3E,chartique,[WPA2_PSK],2025-12-16 2:6:51,8,-85,34.0509224,-117.1937790,358.60,1.50,WIFI
CE:9E:43:A2:68:FE,chartique,[WPA2_PSK],2025-12-16 2:6:51,8,-94,34.0509224,-117.1937790,358.60,1.50,WIFI
A0:8A:06:C6:33:49,SpectrumSetup-334C,[WPA2_PSK],2025-12-16 2:6:54,11,-93,34.0507278,-117.1941223,358.40,1.50,WIFI
80:CC:9C:3E:C9:B6,Oktoberfest,[WPA2_PSK],2025-12-16 2:7:4,7,-86,34.0500450,-117.1953659,357.40,1.50,WIFI
F2:A7:31:27:75:5B,,[WPA2_PSK],2025-12-16 2:7:6,9,-92,34.0499001,-117.1956253,357.30,1.50,WIFI
F0:7B:65:EF:A4:DA,SpectrumSetup-A4D4,[WPA2_PSK],2025-12-16 2:7:8,11,-87,34.0497551,-117.1958847,357.40,1.50,WIFI
0E:5A:25:22:87:65,SpectrumSetup-64,[WPA2_PSK],2025-12-16 2:7:8,11,-88,34.0497551,-117.1958847,357.40,1.50,WIFI
E8:ED:05:5E:DB:00,Golf & Guitars,[WPA2_PSK],2025-12-16 2:7:8,11,-92,34.0497551,-117.1958847,357.40,1.50,WIFI
E4:C0:E2:70:1F:1E,SpectrumSetup-18,[WPA2_PSK],2025-12-16 2:7:8,11,-92,34.0497551,-117.1958847,357.40,1.50,WIFI
74:37:5F:DA:46:A3,Kat,[WPA2_PSK],2025-12-16 2:7:8,11,-92,34.0497551,-117.1958847,357.40,1.50,WIFI
88:DE:7C:32:E4:F9,SpectrumSetup-FB,[WPA2_PSK],2025-12-16 2:7:11,1,-86,34.0495453,-117.1962814,357.60,1.50,WIFI
58:96:71:D0:CC:8E,Verizon_X3FT6K,[WPA2_PSK],2025-12-16 2:7:11,1,-86,34.0495453,-117.1962814,357.60,1.50,WIFI
04:17:B6:C3:1A:F6,,[WPA_WPA2_PSK],2025-12-16 2:7:14,3,-86,34.0493355,-117.1966553,357.40,1.50,WIFI
12:7B:65:CC:0B:8D,,[WPA2_PSK],2025-12-16 2:7:25,1,-90,34.0486984,-117.1978073,355.10,1.50,WIFI
98:C8:54:AA:32:28,Verizon_W3GQ76,[WPA2_PSK],2025-12-16 2:7:31,6,-90,34.0486450,-117.1979065,355.40,1.50,WIFI
84:1E:A3:29:25:06,SpectrumSetup-00,[WPA2_PSK],2025-12-16 2:7:31,6,-91,34.0486450,-117.1979065,355.40,1.50,WIFI
2C:67:BE:6A:66:C4,Innerpeace,[WPA2_PSK],2025-12-16 2:7:31,6,-93,34.0486450,-117.1979065,355.40,1.50,WIFI
3A:F9:F5:BD:8A:52,BMW 49861,[WPA2_WPA3_PSK],2025-12-16 2:7:36,11,-91,34.0486374,-117.1979218,355.40,1.50,WIFI
F0:7B:65:CC:0B:8C,Casa de Pineda-Fi,[WPA2_PSK],2025-12-16 2:7:39,1,-95,34.0485725,-117.1980286,355.20,1.50,WIFI
84:EB:3E:44:94:A5,tl4494a4,[WPA2_PSK],2025-12-16 2:7:45,6,-96,34.0483093,-117.1985245,355.00,1.50,WIFI
20:3A:0C:2D:E1:89,,[OPEN],2025-12-16 2:7:53,1,-85,34.0477791,-117.1994858,354.90,1.50,WIFI
20:3A:0C:2D:E1:86,Rambo13,[WPA2_PSK],2025-12-16 2:7:53,1,-85,34.0477791,-117.1994858,354.90,1.50,WIFI
BC:96:E5:87:49:57,SpectrumSetup-9231,[WPA2_PSK],2025-12-16 2:7:53,1,-92,34.0477791,-117.1994858,354.90,1.50,WIFI
80:69:1A:0A:50:C9,_LinksysSetup0C8,[WPA2_PSK],2025-12-16 2:7:56,3,-82,34.0475502,-117.1999054,354.60,1.50,WIFI
86:69:1A:0A:50:C9,,[WPA2_PSK],2025-12-16 2:7:56,3,-82,34.0475502,-117.1999054,354.60,1.50,WIFI
F4:05:95:D7:90:D9,SpectrumSetup-D3,[WPA2_PSK],2025-12-16 2:8:4,11,-95,34.0469551,-117.2011795,356.30,1.50,WIFI
2C:67:BE:0A:1B:ED,SpectrumSetup-1BE9,[WPA2_PSK],2025-12-16 2:8:4,11,-96,34.0469551,-117.2011795,356.30,1.50,WIFI
CC:58:30:64:D4:D7,TMOBILE-D4D1,[WPA2_WPA3_PSK],2025-12-16 2:8:7,1,-70,34.0468178,-117.2015839,356.70,1.50,WIFI
24:41:FE:48:01:22,Verizon_6KNG9L,[WPA2_PSK],2025-12-16 2:8:13,6,-94,34.0467262,-117.2019119,357.00,1.50,WIFI
34:53:D2:B6:95:0E,SpectrumSetup-08,[WPA2_PSK],2025-12-16 2:8:21,1,-94,34.0464554,-117.2019043,356.70,1.50,WIFI
7A:AC:B9:BD:D4:B8,BT_Magnolia_guest,[WPA2_PSK],2025-12-16 2:8:41,6,-94,34.0452042,-117.2014618,362.10,1.50,WIFI
44:EA:D8:1E:24:B8,ChimePro-1E24B7,[OPEN],2025-12-16 2:8:41,6,-95,34.0452042,-117.2014618,362.10,1.50,WIFI
74:AC:B9:BD:D4:B8,BT_Magnolia,[WPA2_PSK],2025-12-16 2:8:41,6,-95,34.0452042,-117.2014618,362.10,1.50,WIFI
F4:52:46:1D:8C:B9,Gaston,[WPA2_PSK],2025-12-16 2:8:49,1,-90,34.0448990,-117.2017899,362.90,1.50,WIFI
A0:04:60:CE:27:AC,NETGEAR49,[WPA2_PSK],2025-12-16 2:8:49,1,-92,34.0448990,-117.2017899,362.90,1.50,WIFI
CC:40:D0:A2:8E:62,NETGEAR91,[WPA2_PSK],2025-12-16 2:8:49,1,-95,34.0448990,-117.2017899,362.90,1.50,WIFI
D6:47:CC:7F:68:AE,SpectrumSetup-21,[WPA2_PSK],2025-12-16 2:9:0,11,-91,34.0443649,-117.2013626,365.10,1.50,WIFI
B2:4A:39:F2:27:62,,[OPEN],2025-12-16 2:9:0,11,-94,34.0443649,-117.2013626,365.10,1.50,WIFI
