WigleWifi-1.4,appRelease=v1.2.0,model=ESP32 Marauder,release=v1.2.0,device=ESP32 Marauder,display=SPI TFT,board=ESP32 Marauder,brand=JustCallMeKoko
MAC,SSID,AuthMode,FirstSeen,Channel,RSSI,CurrentLatitude,CurrentLongitude,AltitudeMeters,AccuracyMeters,Type
90:CA:FA:9B:5C:CF,The Force,[WPA2_PSK],2025-3-26 0:25:11,1,-79,34.0443535,-117.2012177,375.00,1.75,WIFI
1E:67:BE:09:97:E8,,[WPA2_PSK],2025-3-26 0:25:11,1,-83,34.0443535,-117.2012177,375.00,1.75,WIFI
1E:67:BE:09:97:E9,,[WPA2_PSK],2025-3-26 0:25:11,1,-83,34.0443535,-117.2012177,375.00,1.75,WIFI
2C:67:BE:09:97:EF,SpectrumSetup-97EB,[WPA2_PSK],2025-3-26 0:25:11,1,-85,34.0443535,-117.2012177,375.00,1.75,WIFI
8A:0C:7A:D4:3E:98,,[WPA2_PSK],2025-3-26 0:25:11,1,-87,34.0443535,-117.2012177,375.00,1.75,WIFI
9A:0C:7A:D4:3E:98,SpectrumSetup-97EB,[WPA2_PSK],2025-3-26 0:25:11,1,-87,34.0443535,-117.2012177,375.00,1.75,WIFI
1C:E8:9E:23:09:58,[dryer]_E30AJT3103266R,[WPA2_PSK],2025-3-26 0:25:11,1,-89,34.0443535,-117.2012177,375.00,1.75,WIFI
34:53:D2:52:09:CE,SpectrumSetup-C8,[WPA2_PSK],2025-3-26 0:25:11,1,-89,34.0443535,-117.2012177,375.00,1.75,WIFI
D6:9C:DD:6E:27:62,SunPower36027,[WPA2_PSK],2025-3-26 0:25:11,1,-90,34.0443535,-117.2012177,375.00,1.75,WIFI
68:3A:48:11:A4:C8,[fridge]_E30AJT5113389T,[WPA2_PSK],2025-3-26 0:25:11,1,-91,34.0443535,-117.2012177,375.00,1.75,WIFI
FC:34:97:05:D4:D0,Belle-2G,[WPA2_PSK],2025-3-26 0:25:12,2,-79,34.0443535,-117.2012177,374.90,1.75,WIFI
FC:34:97:05:D4:D1,BeOurGuest,[WPA2_WPA3_PSK],2025-3-26 0:25:12,2,-79,34.0443535,-117.2012177,374.90,1.75,WIFI
98:ED:5C:83:A7:13,TeslaPV_83A713,[WPA2_PSK],2025-3-26 0:25:13,3,-58,34.0443535,-117.2012177,374.90,1.75,WIFI
90:CA:FA:9B:59:3C,The Force,[WPA2_PSK],2025-3-26 0:25:16,6,-64,34.0443535,-117.2012253,374.80,1.75,WIFI
56:13:79:C7:1D:8E,DIRECT-8e-HP M281 LaserJet,[WPA2_PSK],2025-3-26 0:25:16,6,-67,34.0443535,-117.2012253,374.80,1.75,WIFI
90:CA:FA:9B:5D:1A,The Force,[WPA2_PSK],2025-3-26 0:25:16,6,-70,34.0443535,-117.2012253,374.80,1.75,WIFI
D4:3F:32:6C:47:C6,durian,[WPA2_PSK],2025-3-26 0:25:16,6,-70,34.0443535,-117.2012253,374.80,1.75,WIFI
D4:3F:32:6C:47:C3,,[WPA3_PSK],2025-3-26 0:25:16,6,-72,34.0443535,-117.2012253,374.80,1.75,WIFI
D4:3F:32:6C:47:C9,,[OPEN],2025-3-26 0:25:16,6,-72,34.0443535,-117.2012253,374.80,1.75,WIFI
A4:11:62:72:9A:12,ARLO_VMB_4422026869,[WPA2_PSK],2025-3-26 0:25:16,6,-75,34.0443535,-117.2012253,374.80,1.75,WIFI
58:2F:F7:75:40:C6,SpectrumSetup-C0,[WPA2_PSK],2025-3-26 0:25:16,6,-87,34.0443535,-117.2012253,374.80,1.75,WIFI
80:69:1A:94:41:B4,Leason2.0,[WPA2_WPA3_PSK],2025-3-26 0:25:19,9,-86,34.0443497,-117.2012405,374.70,1.75,WIFI
00:13:37:AA:3A:34,Redlands Free WiFi,[OPEN],2025-3-26 0:25:21,11,-55,34.0443497,-117.2012405,374.70,1.75,WIFI
02:13:37:AA:3A:34,manage,[WPA2_PSK],2025-3-26 0:25:21,11,-57,34.0443497,-117.2012405,374.70,1.75,WIFI
F4:52:46:1D:8C:B9,SpectrumSetup-BB,[WPA2_PSK],2025-3-26 0:25:21,11,-78,34.0443497,-117.2012405,374.70,1.75,WIFI
54:04:63:FB:12:D8,,[WPA_WPA2_PSK],2025-3-26 0:25:27,3,-77,34.0443497,-117.2012405,374.60,1.75,WIFI
66:32:B1:31:E3:3E,,[WPA2_PSK],2025-3-26 0:25:27,3,-91,34.0443497,-117.2012405,374.60,1.75,WIFI
86:69:1A:94:41:B4,,[WPA2_WPA3_PSK],2025-3-26 0:25:33,9,-85,34.0443459,-117.2012405,374.50,1.75,WIFI
22:3E:A4:04:CF:C2,,[WPA2_PSK],2025-3-26 0:25:35,11,-77,34.0443459,-117.2012405,374.50,1.75,WIFI
D4:05:DE:89:EE:67,Honn,[WPA2_PSK],2025-3-26 0:25:35,11,-80,34.0443459,-117.2012405,374.50,1.75,WIFI
D4:05:DE:89:EE:6A,,[OPEN],2025-3-26 0:25:35,11,-81,34.0443459,-117.2012405,374.50,1.75,WIFI
F8:5B:3B:CE:64:39,MandC,[WPA2_PSK],2025-3-26 0:25:35,11,-83,34.0443459,-117.2012405,374.50,1.75,WIFI
02:17:1A:D5:37:06,,[WPA2_PSK],2025-3-26 0:25:35,11,-84,34.0443459,-117.2012405,374.50,1.75,WIFI
00:17:1A:D5:37:06,Winegard2ghzD53705,[WPA2_PSK],2025-3-26 0:25:35,11,-86,34.0443459,-117.2012405,374.50,1.75,WIFI
9C:0B:05:C3:67:C7,GeorgeYaz,[WPA2_PSK],2025-3-26 0:25:35,11,-88,34.0443459,-117.2012405,374.50,1.75,WIFI
9A:0C:7A:D4:2C:F8,SpectrumSetup-97EB,[WPA2_PSK],2025-3-26 0:25:36,1,-82,34.0443459,-117.2012405,374.50,1.75,WIFI
AA:0C:7A:D4:3E:98,,[WPA2_PSK],2025-3-26 0:25:36,1,-85,34.0443459,-117.2012405,374.50,1.75,WIFI
04:B6:BE:46:60:CE,,[WPA_WPA2_PSK],2025-3-26 0:25:40,2,-81,34.0443459,-117.2012329,374.50,1.75,WIFI
66:32:B1:31:E8:12,,[WPA2_PSK],2025-3-26 0:25:41,3,-87,34.0443459,-117.2012329,374.50,1.75,WIFI
80:78:71:80:F3:1F,SpectrumSetup-21,[WPA2_PSK],2025-3-26 0:25:44,6,-85,34.0443459,-117.2012329,374.40,1.75,WIFI
2E:80:88:D7:76:8B,Cohen,[WPA2_PSK],2025-3-26 0:25:47,9,-88,34.0443459,-117.2012405,374.40,1.75,WIFI
5E:62:8B:2E:D2:82,TheKrellMainframe,[WPA2_PSK],2025-3-26 0:25:47,9,-89,34.0443459,-117.2012405,374.40,1.75,WIFI
D4:05:DE:89:EE:64,,[WPA3_PSK],2025-3-26 0:25:49,11,-86,34.0443459,-117.2012405,374.30,1.75,WIFI
60:45:CB:5C:8F:31,Voldemort_2.4,[WPA2_PSK],2025-3-26 0:25:49,11,-90,34.0443459,-117.2012405,374.30,1.75,WIFI
F8:F5:32:4C:34:08,Frontier0816,[WPA2_PSK],2025-3-26 0:25:49,11,-92,34.0443459,-117.2012405,374.30,1.75,WIFI
58:68:7A:10:AF:16,Cookie,[WPA2_WPA3_PSK],2025-3-26 0:25:51,1,-83,34.0443497,-117.2012405,374.30,1.75,WIFI
22:48:6C:B1:A8:3B,,[WPA2_PSK],2025-3-26 0:25:58,6,-81,34.0443497,-117.2012329,374.10,1.50,WIFI
5C:62:8B:EE:D2:82,,[WPA_WPA2_PSK],2025-3-26 0:26:1,9,-89,34.0443459,-117.2012405,374.10,1.50,WIFI
D8:EB:97:EE:2E:32,Keidel2.4-private,[WPA2_PSK],2025-3-26 0:26:2,10,-83,34.0443459,-117.2012482,374.00,1.50,WIFI
DA:EB:97:EE:2E:35,Keidel-guest2.4,[WPA2_PSK],2025-3-26 0:26:2,10,-86,34.0443459,-117.2012482,374.00,1.50,WIFI
9C:0B:05:C3:67:C4,,[WPA3_PSK],2025-3-26 0:26:3,11,-78,34.0443459,-117.2012634,374.00,1.50,WIFI
9C:0B:05:C3:67:CA,,[OPEN],2025-3-26 0:26:3,11,-78,34.0443459,-117.2012634,374.00,1.50,WIFI
7E:AC:B9:BD:D4:B8,iPhoneSetup,[WPA2_PSK],2025-3-26 0:26:5,1,-88,34.0443344,-117.2012939,373.80,1.50,WIFI
A0:04:60:CE:27:AC,NETGEAR49,[WPA2_PSK],2025-3-26 0:26:5,1,-90,34.0443344,-117.2012939,373.80,1.50,WIFI
D8:C8:E9:79:87:E2,Lumiere,[WPA2_PSK],2025-3-26 0:26:8,2,-88,34.0443268,-117.2013474,373.50,1.50,WIFI
00:22:6C:A7:D1:04,,[OPEN],2025-3-26 0:26:8,2,-91,34.0443268,-117.2013474,373.50,1.50,WIFI
10:DA:43:99:AA:F6,NETGEAR29,[WPA2_PSK],2025-3-26 0:26:9,3,-87,34.0443230,-117.2013550,373.40,1.50,WIFI
60:32:B1:31:F2:2A,DECO,[WPA2_PSK],2025-3-26 0:26:9,3,-88,34.0443230,-117.2013550,373.40,1.50,WIFI
60:F4:19:01:28:A6,WZWMK,[WPA2_PSK],2025-3-26 0:26:12,6,-81,34.0443153,-117.2013702,373.30,1.50,WIFI
60:F4:19:01:28:A3,,[WPA3_PSK],2025-3-26 0:26:12,6,-82,34.0443153,-117.2013702,373.30,1.50,WIFI
74:AC:B9:BD:CB:D1,BT_Magnolia,[WPA2_PSK],2025-3-26 0:26:12,6,-91,34.0443153,-117.2013702,373.30,1.50,WIFI
00:C8:96:B2:DC:40,,[WPA_WPA2_PSK],2025-3-26 0:26:17,11,-90,34.0443993,-117.2014008,372.40,1.50,WIFI
CC:40:D0:A2:8E:62,NETGEAR91,[WPA2_PSK],2025-3-26 0:26:19,1,-71,34.0444832,-117.2014694,371.90,1.50,WIFI
74:AC:B9:BD:D4:B8,BT_Magnolia,[WPA2_PSK],2025-3-26 0:26:19,1,-78,34.0444832,-117.2014694,371.90,1.50,WIFI
7A:AC:B9:BD:D4:B8,BT_Magnolia_guest,[WPA2_PSK],2025-3-26 0:26:19,1,-80,34.0444832,-117.2014694,371.90,1.50,WIFI
F8:CA:59:94:B5:2B,AWI-736893,[WPA2_PSK],2025-3-26 0:26:19,1,-85,34.0444832,-117.2014694,371.90,1.50,WIFI
AE:AE:19:40:10:73,,[WPA2_PSK],2025-3-26 0:26:19,1,-88,34.0444832,-117.2014694,371.90,1.50,WIFI
A0:89:66:8D:EC:20,,[WPA_WPA2_PSK],2025-3-26 0:26:22,2,-86,34.0446472,-117.2016220,371.00,1.50,WIFI
88:57:1D:51:C7:14,[range]_E30AJT7113083P,[WPA2_PSK],2025-3-26 0:26:24,4,-86,34.0447655,-117.2017136,370.30,1.50,WIFI
82:AC:B9:BD:CB:D1,,[WPA2_PSK],2025-3-26 0:26:26,6,-73,34.0448570,-117.2017670,369.90,1.50,WIFI
7E:AC:B9:BD:CB:D1,iPhoneSetup,[WPA2_PSK],2025-3-26 0:26:26,6,-76,34.0448570,-117.2017670,369.90,1.50,WIFI
44:EA:D8:1E:24:B8,ChimePro-1E24B7,[OPEN],2025-3-26 0:26:26,6,-77,34.0448570,-117.2017670,369.90,1.50,WIFI
7A:AC:B9:BD:CB:D1,BT_Magnolia_guest,[WPA2_PSK],2025-3-26 0:26:26,6,-77,34.0448570,-117.2017670,369.90,1.50,WIFI
84:1E:A3:29:7F:16,Marquez,[WPA2_PSK],2025-3-26 0:26:31,11,-88,34.0450287,-117.2017212,369.20,1.50,WIFI
D0:6D:C9:39:94:06,Frontier1031,[WPA2_PSK],2025-3-26 0:26:33,1,-90,34.0451088,-117.2015915,368.60,1.50,WIFI
80:69:1A:94:41:18,Leason2.0,[WPA2_WPA3_PSK],2025-3-26 0:26:38,4,-86,34.0453072,-117.2012329,368.50,1.50,WIFI
86:69:1A:94:41:18,,[WPA2_WPA3_PSK],2025-3-26 0:26:38,4,-86,34.0453072,-117.2012329,368.50,1.50,WIFI
80:69:1A:94:49:9A,Leason2.0,[WPA2_WPA3_PSK],2025-3-26 0:26:38,4,-88,34.0453072,-117.2012329,368.50,1.50,WIFI
80:69:1A:95:12:0F,Leason2.0,[WPA2_WPA3_PSK],2025-3-26 0:26:39,5,-89,34.0453262,-117.2011948,368.20,1.50,WIFI
9C:A5:70:9B:A0:05,Normanrose,[WPA2_PSK],2025-3-26 0:26:40,6,-67,34.0453415,-117.2011642,367.90,1.50,WIFI
9C:A5:70:9B:A0:07,,[OPEN],2025-3-26 0:26:40,6,-68,34.0453415,-117.2011642,367.90,1.50,WIFI
9C:A5:70:9B:A0:03,,[WPA3_PSK],2025-3-26 0:26:40,6,-69,34.0453415,-117.2011642,367.90,1.50,WIFI
D0:16:7C:8D:8B:E7,,[OPEN],2025-3-26 0:26:40,6,-74,34.0453415,-117.2011642,367.90,1.50,WIFI
D0:16:7C:8D:8B:E3,,[WPA3_PSK],2025-3-26 0:26:40,6,-74,34.0453415,-117.2011642,367.90,1.50,WIFI
F0:9F:C2:CC:90:F6,ManagementVds,[WPA2_WPA3_PSK],2025-3-26 0:26:40,6,-77,34.0453415,-117.2011642,367.90,1.50,WIFI
F8:E4:FB:03:39:7E,2BPB2,[WPA2_PSK],2025-3-26 0:26:40,6,-80,34.0453415,-117.2011642,367.90,1.50,WIFI
16:0C:6B:32:3D:8C,RPNet,[WPA2_PSK],2025-3-26 0:26:42,8,-83,34.0453453,-117.2011566,367.80,1.50,WIFI
10:0C:6B:32:3D:8C,,[WPA2_PSK],2025-3-26 0:26:42,8,-84,34.0453453,-117.2011566,367.80,1.50,WIFI
10:DA:43:CD:7C:1E,NETGEAR95,[WPA2_PSK],2025-3-26 0:26:42,8,-90,34.0453453,-117.2011566,367.80,1.50,WIFI
34:60:F9:5F:7E:1B,HandB,[WPA2_PSK],2025-3-26 0:26:43,9,-78,34.0453453,-117.2011566,367.70,1.50,WIFI
56:60:F9:5F:7E:1B,,[WPA2_PSK],2025-3-26 0:26:43,9,-78,34.0453453,-117.2011566,367.70,1.50,WIFI
C4:8E:8F:E4:98:76,WIFIE49872,[WPA2_PSK],2025-3-26 0:26:45,11,-75,34.0453453,-117.2011566,367.60,1.50,WIFI
7E:4D:8F:57:BE:F5,DIRECT-F5-HP OfficeJet Pro 8020,[WPA2_PSK],2025-3-26 0:26:45,11,-80,34.0453453,-117.2011566,367.60,1.50,WIFI
84:A0:6E:C9:E2:16,joola-2G,[WPA2_PSK],2025-3-26 0:26:45,11,-84,34.0453453,-117.2011566,367.60,1.50,WIFI
80:69:1A:94:49:40,Leason2.0,[WPA2_WPA3_PSK],2025-3-26 0:26:47,1,-82,34.0453453,-117.2011566,367.50,1.50,WIFI
86:69:1A:94:49:40,,[WPA2_WPA3_PSK],2025-3-26 0:26:47,1,-82,34.0453453,-117.2011566,367.50,1.50,WIFI
F0:7B:65:3C:22:AA,SpectrumSetup-22A4,[WPA2_PSK],2025-3-26 0:26:54,6,-72,34.0455475,-117.2011795,366.20,1.50,WIFI
88:67:46:64:0E:E9,,[OPEN],2025-3-26 0:26:54,6,-80,34.0455475,-117.2011795,366.20,1.50,WIFI
C0:C9:E3:CB:71:4C,M3_OfficeLink,[WPA2_WPA3_PSK],2025-3-26 0:26:58,10,-81,34.0458946,-117.2014465,364.20,1.50,WIFI
94:18:65:DD:13:87,WorkLarry,[WPA2_PSK],2025-3-26 0:26:58,10,-83,34.0458946,-117.2014465,364.20,1.50,WIFI
88:67:46:6F:6E:C6,Rp,[WPA2_PSK],2025-3-26 0:26:59,11,-80,34.0459976,-117.2015305,363.60,1.50,WIFI
F4:05:95:A1:59:9E,SpectrumSetup-98,[WPA2_PSK],2025-3-26 0:26:59,11,-84,34.0459976,-117.2015305,363.60,1.50,WIFI
94:98:8F:53:01:26,TMOBILE-0121,[WPA2_WPA3_PSK],2025-3-26 0:26:59,11,-85,34.0459976,-117.2015305,363.60,1.50,WIFI
4C:19:5D:60:75:09,COPFAMILY,[WPA2_PSK],2025-3-26 0:27:3,1,-66,34.0463600,-117.2017899,361.80,1.50,WIFI
24:41:FE:48:01:22,Verizon_6KNG9L,[WPA2_PSK],2025-3-26 0:27:3,1,-75,34.0463600,-117.2017899,361.80,1.50,WIFI
FC:12:63:B7:33:03,SpectrumSetup-05 TT,[WPA2_PSK],2025-3-26 0:27:3,1,-78,34.0463600,-117.2017899,361.80,1.50,WIFI
58:9B:4A:99:F8:3E,SpectrumSetup-F83A,[WPA2_PSK],2025-3-26 0:27:3,1,-80,34.0463600,-117.2017899,361.80,1.50,WIFI
34:98:B5:01:FA:AC,NETGEAR_EXT,[OPEN],2025-3-26 0:27:3,1,-82,34.0463600,-117.2017899,361.80,1.50,WIFI
FA:8F:CA:6E:4F:61,Polk MagniFi Max-1769.d,[OPEN],2025-3-26 0:27:3,1,-83,34.0463600,-117.2017899,361.80,1.50,WIFI
B0:FC:88:31:A7:17,SpectrumSetup-11,[WPA2_PSK],2025-3-26 0:27:3,1,-83,34.0463600,-117.2017899,361.80,1.50,WIFI
94:18:65:D2:FC:4F,Adulting101,[WPA2_PSK],2025-3-26 0:27:5,3,-82,34.0464935,-117.2018661,361.40,1.50,WIFI
E4:F4:C6:15:AD:8C,wtwood,[WPA_WPA2_PSK],2025-3-26 0:27:6,4,-82,34.0465355,-117.2018738,361.40,1.50,WIFI
DC:92:72:E5:8D:AF,Frontier0087,[WPA2_PSK],2025-3-26 0:27:8,6,-68,34.0465889,-117.2018738,361.20,1.50,WIFI
08:B4:B1:E8:C4:5C,Drug Addicts Only,[WPA2_PSK],2025-3-26 0:27:8,6,-77,34.0465889,-117.2018738,361.20,1.50,WIFI
74:37:5F:55:FA:13,ierr2006,[WPA2_PSK],2025-3-26 0:27:8,6,-80,34.0465889,-117.2018738,361.20,1.50,WIFI
88:67:46:64:0E:E3,,[WPA3_PSK],2025-3-26 0:27:8,6,-80,34.0465889,-117.2018738,361.20,1.50,WIFI
F8:AA:3F:F4:D1:37,SpectrumSetup-35,[WPA2_PSK],2025-3-26 0:27:8,6,-84,34.0465889,-117.2018738,361.20,1.50,WIFI
F0:81:75:C0:58:AE,SpectrumSetup-A8,[WPA2_PSK],2025-3-26 0:27:8,6,-84,34.0465889,-117.2018738,361.20,1.50,WIFI
F4:52:46:ED:AA:AF,SpectrumSetup-B1,[WPA2_PSK],2025-3-26 0:27:8,6,-85,34.0465889,-117.2018738,361.20,1.50,WIFI
94:E8:C5:20:93:B0,Brook Side Market,[WPA2_PSK],2025-3-26 0:27:8,6,-85,34.0465889,-117.2018738,361.20,1.50,WIFI
54:04:63:C8:A4:F9,,[WPA_WPA2_PSK],2025-3-26 0:27:8,7,-84,34.0465889,-117.2018738,361.20,1.50,WIFI
B0:39:56:D5:15:7A,NETGEAR73,[WPA2_PSK],2025-3-26 0:27:10,8,-85,34.0466614,-117.2018433,360.70,1.50,WIFI
6C:CD:D6:FC:50:9A,NETGEAR57,[WPA2_PSK],2025-3-26 0:27:10,8,-88,34.0466614,-117.2018433,360.70,1.50,WIFI
A0:36:BC:75:07:58,Ramirez Router,[WPA2_PSK],2025-3-26 0:27:10,8,-88,34.0466614,-117.2018433,360.70,1.50,WIFI
CC:58:30:64:D4:D6,TMOBILE-D4D1,[WPA2_WPA3_PSK],2025-3-26 0:27:13,11,-61,34.0467606,-117.2015991,360.70,1.50,WIFI
DC:69:B5:37:EF:26,DESPAIN,[WPA2_PSK],2025-3-26 0:27:13,11,-64,34.0467606,-117.2015991,360.70,1.50,WIFI
DC:69:B5:37:EF:23,,[WPA3_PSK],2025-3-26 0:27:13,11,-64,34.0467606,-117.2015991,360.70,1.50,WIFI
60:F4:19:8B:6B:23,,[WPA3_PSK],2025-3-26 0:27:13,11,-64,34.0467606,-117.2015991,360.70,1.50,WIFI
DC:69:B5:37:EF:29,,[OPEN],2025-3-26 0:27:13,11,-65,34.0467606,-117.2015991,360.70,1.50,WIFI
B0:FC:88:57:1E:A1,apt13canyouquietdown,[WPA2_PSK],2025-3-26 0:27:13,11,-69,34.0467606,-117.2015991,360.70,1.50,WIFI
9C:05:D6:62:FA:5A,ManagementVds,[WPA2_WPA3_PSK],2025-3-26 0:27:13,11,-74,34.0467606,-117.2015991,360.70,1.50,WIFI
A0:55:1F:19:A6:8C,SpectrumSetup-A686,[WPA2_PSK],2025-3-26 0:27:13,11,-76,34.0467606,-117.2015991,360.70,1.50,WIFI
B0:FC:88:27:72:47,MAVDPT26,[WPA2_PSK],2025-3-26 0:27:13,11,-78,34.0467606,-117.2015991,360.70,1.50,WIFI
74:37:5F:DA:99:47,SpectrumSetup-45,[WPA2_PSK],2025-3-26 0:27:13,11,-83,34.0467606,-117.2015991,360.70,1.50,WIFI
F4:52:46:FF:52:46,SpectrumSetup-5249,[WPA2_PSK],2025-3-26 0:27:13,11,-85,34.0467606,-117.2015991,360.70,1.50,WIFI
80:78:71:09:36:9E,Dead space,[WPA2_PSK],2025-3-26 0:27:13,1,-70,34.0467606,-117.2015991,360.70,1.50,WIFI
D0:6D:C9:2D:C7:86,Fruit Farm,[WPA2_PSK],2025-3-26 0:27:13,1,-71,34.0467606,-117.2015991,360.70,1.50,WIFI
DC:92:72:E3:69:AF,Frontier0168,[WPA2_PSK],2025-3-26 0:27:13,1,-81,34.0467606,-117.2015991,360.70,1.50,WIFI
00:18:05:10:21:05,,[WPA2_PSK],2025-3-26 0:27:13,1,-82,34.0467606,-117.2015991,360.70,1.50,WIFI
F4:52:46:BD:F3:A5,Hashslingingslasher,[WPA2_PSK],2025-3-26 0:27:13,1,-83,34.0467606,-117.2015991,360.70,1.50,WIFI
14:7D:05:94:72:BF,TINOCO5G,[WPA2_PSK],2025-3-26 0:27:13,1,-83,34.0467606,-117.2015991,360.70,1.50,WIFI
60:F4:19:79:6E:66,asshole,[WPA2_PSK],2025-3-26 0:27:22,6,-67,34.0470963,-117.2006912,359.50,1.50,WIFI
AC:E2:D3:E2:AF:76,DIRECT-75-HP OfficeJet Pro 6960,[WPA2_PSK],2025-3-26 0:27:22,6,-73,34.0470963,-117.2006912,359.50,1.50,WIFI
DC:69:B5:E2:A1:A9,,[OPEN],2025-3-26 0:27:22,6,-73,34.0470963,-117.2006912,359.50,1.50,WIFI
DC:69:B5:E2:A1:A6,gordswifi,[WPA2_PSK],2025-3-26 0:27:22,6,-73,34.0470963,-117.2006912,359.50,1.50,WIFI
98:1E:19:29:93:7E,MySpectrumWiFi78-2G,[WPA2_PSK],2025-3-26 0:27:22,6,-76,34.0470963,-117.2006912,359.50,1.50,WIFI
60:F4:19:79:6E:69,,[OPEN],2025-3-26 0:27:22,6,-76,34.0470963,-117.2006912,359.50,1.50,WIFI
F8:5B:3B:37:B5:54,SpectrumSetup-56,[WPA2_PSK],2025-3-26 0:27:22,6,-77,34.0470963,-117.2006912,359.50,1.50,WIFI
C8:E3:06:2B:EA:25,Wild horse,[WPA2_PSK],2025-3-26 0:27:22,6,-83,34.0470963,-117.2006912,359.50,1.50,WIFI
34:53:D2:EF:A6:DE,JohnRambo,[WPA2_PSK],2025-3-26 0:27:22,6,-85,34.0470963,-117.2006912,359.50,1.50,WIFI
C0:6F:98:91:C9:E9,,[OPEN],2025-3-26 0:27:22,6,-86,34.0470963,-117.2006912,359.50,1.50,WIFI
00:C8:96:CD:64:C2,,[WPA_WPA2_PSK],2025-3-26 0:27:25,9,-79,34.0473137,-117.2002335,358.80,1.50,WIFI
B0:A7:B9:4A:14:FC,Ziprick,[WPA_WPA2_PSK],2025-3-26 0:27:25,9,-83,34.0473137,-117.2002335,358.80,1.50,WIFI
B6:A7:B9:4A:14:FD,Ziprick Guest,[WPA_WPA2_PSK],2025-3-26 0:27:25,9,-84,34.0473137,-117.2002335,358.80,1.50,WIFI
C8:7F:54:12:98:00,DeepDark,[WPA2_PSK],2025-3-26 0:27:26,10,-61,34.0473938,-117.2000732,358.90,1.50,WIFI
92:C9:E3:CB:71:4F,DrMRedlandsBest,[WPA2_WPA3_PSK],2025-3-26 0:27:26,10,-76,34.0473938,-117.2000732,358.90,1.50,WIFI
74:37:5F:9E:81:47,SpectrumSetup-45,[WPA2_PSK],2025-3-26 0:27:27,11,-67,34.0474701,-117.1999054,359.00,1.50,WIFI
58:2F:F7:F3:42:7D,SpectrumSetup-77,[WPA2_PSK],2025-3-26 0:27:27,11,-77,34.0474701,-117.1999054,359.00,1.50,WIFI
4C:AB:F8:9F:85:CD,SpectrumSetup-CF,[WPA2_PSK],2025-3-26 0:27:27,11,-78,34.0474701,-117.1999054,359.00,1.50,WIFI
38:94:ED:FB:6A:47,Virkelighet,[WPA2_PSK],2025-3-26 0:27:27,11,-79,34.0474701,-117.1999054,359.00,1.50,WIFI
4C:19:5D:84:25:3B,SpectrumSetup-35,[WPA2_PSK],2025-3-26 0:27:27,11,-88,34.0474701,-117.1999054,359.00,1.50,WIFI
8C:85:80:66:4E:68,,[WPA_WPA2_PSK],2025-3-26 0:27:29,1,-68,34.0476494,-117.1995850,359.20,1.50,WIFI
F4:52:46:8C:88:BF,McCartneyNetwork,[WPA2_PSK],2025-3-26 0:27:29,1,-77,34.0476494,-117.1995850,359.20,1.50,WIFI
BC:96:E5:87:97:FB,SpectrumSetup-97F7,[WPA2_PSK],2025-3-26 0:27:29,1,-81,34.0476494,-117.1995850,359.20,1.50,WIFI
C8:99:B2:19:46:F3,Verizon_CR3KDB,[WPA2_PSK],2025-3-26 0:27:29,1,-82,34.0476494,-117.1995850,359.20,1.50,WIFI
FC:B2:D6:86:61:9D,,[WPA_WPA2_PSK],2025-3-26 0:27:32,2,-83,34.0479164,-117.1990967,359.10,1.50,WIFI
F8:55:CD:66:D2:91,HotspotERvv,[WPA_WPA2_PSK],2025-3-26 0:27:36,6,-58,34.0482559,-117.1984711,359.60,1.50,WIFI
64:DA:ED:0C:A5:C7,,[OPEN],2025-3-26 0:27:36,6,-68,34.0482559,-117.1984711,359.60,1.50,WIFI
64:DA:ED:0C:A5:C5,Wilson Clinic,[WPA2_PSK],2025-3-26 0:27:36,6,-68,34.0482559,-117.1984711,359.60,1.50,WIFI
74:37:5F:26:BF:83,SpectrumSetup-81,[WPA2_PSK],2025-3-26 0:27:36,6,-69,34.0482559,-117.1984711,359.60,1.50,WIFI
64:DA:ED:0C:A5:C3,,[WPA3_PSK],2025-3-26 0:27:36,6,-69,34.0482559,-117.1984711,359.60,1.50,WIFI
84:EB:3E:44:94:A5,tl4494a4,[WPA2_PSK],2025-3-26 0:27:36,6,-72,34.0482559,-117.1984711,359.60,1.50,WIFI
84:1E:A3:CB:20:46,MooMooMeadows,[WPA2_PSK],2025-3-26 0:27:36,6,-75,34.0482559,-117.1984711,359.60,1.50,WIFI
64:DA:ED:09:A9:47,,[OPEN],2025-3-26 0:27:36,6,-77,34.0482559,-117.1984711,359.60,1.50,WIFI
58:9B:4A:A5:02:8B,SpectrumSetup-0287,[WPA2_PSK],2025-3-26 0:27:36,6,-77,34.0482559,-117.1984711,359.60,1.50,WIFI
64:DA:ED:09:A9:43,,[WPA3_PSK],2025-3-26 0:27:36,6,-78,34.0482559,-117.1984711,359.60,1.50,WIFI
66:05:E4:8E:5D:37,myChevrolet,[WPA2_PSK],2025-3-26 0:27:36,6,-82,34.0482559,-117.1984711,359.60,1.50,WIFI
CC:40:D0:05:83:4C,NETGEAR86,[WPA2_PSK],2025-3-26 0:27:40,9,-72,34.0485992,-117.1978531,360.30,1.50,WIFI
A4:11:62:CA:12:34,ARLO_VMB_2804592903,[WPA2_PSK],2025-3-26 0:27:40,9,-74,34.0485992,-117.1978531,360.30,1.50,WIFI
C0:D7:AA:EB:0C:8F,TMOBILE-0C8D,[WPA2_WPA3_PSK],2025-3-26 0:27:40,9,-82,34.0485992,-117.1978531,360.30,1.50,WIFI
F4:52:46:DE:52:5E,Cowboys,[WPA2_PSK],2025-3-26 0:27:42,11,-73,34.0487709,-117.1975327,360.90,1.50,WIFI
F4:52:46:D9:43:35,SpectrumSetup-4338,[WPA2_PSK],2025-3-26 0:27:42,11,-75,34.0487709,-117.1975327,360.90,1.50,WIFI
F4:05:95:9F:11:1C,Fie-15g,[WPA2_PSK],2025-3-26 0:27:42,11,-81,34.0487709,-117.1975327,360.90,1.50,WIFI
88:DE:7C:32:E4:F9,SpectrumSetup-FB,[WPA2_PSK],2025-3-26 0:27:45,1,-48,34.0490341,-117.1970673,361.80,1.50,WIFI
C8:B4:22:58:B4:15,MySpectrumWiFi17-2G,[WPA2_PSK],2025-3-26 0:27:45,1,-71,34.0490341,-117.1970673,361.80,1.50,WIFI
F4:69:42:4E:AE:2D,rebeccaswifi,[WPA2_PSK],2025-3-26 0:27:45,1,-74,34.0490341,-117.1970673,361.80,1.50,WIFI
A6:97:5C:B2:9E:55,VTECH_5754_9e55,[WPA2_PSK],2025-3-26 0:27:45,1,-75,34.0490341,-117.1970673,361.80,1.50,WIFI
9C:C8:FC:09:E5:80,Frontier9264,[WPA2_PSK],2025-3-26 0:27:45,1,-79,34.0490341,-117.1970673,361.80,1.50,WIFI
F8:08:4F:D6:10:4E,SpectrumSetup-48,[WPA2_PSK],2025-3-26 0:27:45,1,-80,34.0490341,-117.1970673,361.80,1.50,WIFI
B0:FC:88:66:CD:4C,SpectrumSetup-46,[WPA2_PSK],2025-3-26 0:27:45,1,-81,34.0490341,-117.1970673,361.80,1.50,WIFI
A0:89:66:EA:76:9C,,[WPA_WPA2_PSK],2025-3-26 0:27:45,1,-85,34.0490341,-117.1970673,361.80,1.50,WIFI
30:93:BC:7E:0F:F6,MySpectrumWiFif0-2G,[WPA2_PSK],2025-3-26 0:27:45,1,-88,34.0490341,-117.1970673,361.80,1.50,WIFI
36:23:03:17:72:8B,,[WPA2_PSK],2025-3-26 0:27:49,4,-79,34.0493851,-117.1964264,362.70,1.50,WIFI
30:23:03:17:72:8B,Wy Mifi,[WPA2_PSK],2025-3-26 0:27:49,4,-89,34.0493851,-117.1964264,362.70,1.50,WIFI
CE:88:26:0E:3D:7A,TEG-WW9,[WPA2_PSK],2025-3-26 0:27:50,5,-85,34.0494728,-117.1962662,362.90,1.50,WIFI
80:78:71:49:B3:CD,SpectrumSetup-CF,[WPA2_PSK],2025-3-26 0:27:51,6,-61,34.0495605,-117.1961060,363.00,1.50,WIFI
84:1E:A3:21:A0:B6,SpectrumSetup-B0,[WPA2_PSK],2025-3-26 0:27:51,6,-61,34.0495605,-117.1961060,363.00,1.50,WIFI
58:9B:4A:AF:C4:7D,Casa_Romero,[WPA2_PSK],2025-3-26 0:27:51,6,-64,34.0495605,-117.1961060,363.00,1.50,WIFI
F0:7B:65:F1:42:D2,SpectrumSetup-42CC,[WPA2_PSK],2025-3-26 0:27:51,6,-67,34.0495605,-117.1961060,363.00,1.50,WIFI
CC:58:30:65:53:56,TMOBILE-5351,[WPA2_WPA3_PSK],2025-3-26 0:27:51,6,-69,34.0495605,-117.1961060,363.00,1.50,WIFI
84:1E:A3:2E:B2:C6,SpectrumSetup-C0,[WPA2_PSK],2025-3-26 0:27:51,6,-69,34.0495605,-117.1961060,363.00,1.50,WIFI
4C:19:5D:84:13:B0,SpectrumSetup-AA,[WPA2_PSK],2025-3-26 0:27:51,6,-74,34.0495605,-117.1961060,363.00,1.50,WIFI
CE:9E:43:B6:62:DD,ORBI86,[WPA2_PSK],2025-3-26 0:27:53,8,-78,34.0497360,-117.1957855,363.00,1.50,WIFI
F0:A7:31:67:75:5B,wanna get pizza?,[WPA2_PSK],2025-3-26 0:27:54,9,-75,34.0498276,-117.1956253,363.10,1.50,WIFI
72:CC:9C:3E:C9:B7,Oktoberfest-Guest,[WPA2_PSK],2025-3-26 0:27:55,10,-57,34.0499191,-117.1954575,363.30,1.50,WIFI
80:CC:9C:3E:C9:B6,Oktoberfest,[WPA2_PSK],2025-3-26 0:27:55,10,-58,34.0499191,-117.1954575,363.30,1.50,WIFI
54:B8:0A:37:1A:1E,DeathStar,[WPA_WPA2_PSK],2025-3-26 0:27:56,11,-60,34.0500069,-117.1952896,363.60,1.50,WIFI
AC:91:9B:F5:01:32,Verizon_H4T9NC,[WPA2_PSK],2025-3-26 0:27:56,11,-64,34.0500069,-117.1952896,363.60,1.50,WIFI
F0:7B:65:EF:A4:DA,SpectrumSetup-A4D4,[WPA2_PSK],2025-3-26 0:27:56,11,-71,34.0500069,-117.1952896,363.60,1.50,WIFI
F4:52:46:F7:EB:3B,The Wi-fi,[WPA2_PSK],2025-3-26 0:27:56,11,-82,34.0500069,-117.1952896,363.60,1.50,WIFI
8C:85:80:1B:66:8A,,[WPA_WPA2_PSK],2025-3-26 0:27:56,11,-90,34.0500069,-117.1952896,363.60,1.50,WIFI
B0:FC:88:73:C6:CA,SpectrumSetup-C4,[WPA2_PSK],2025-3-26 0:27:59,1,-66,34.0502892,-117.1947861,363.70,1.50,WIFI
B8:66:85:D7:C5:46,MySpectrumWiFi40-2G,[WPA2_PSK],2025-3-26 0:27:59,1,-72,34.0502892,-117.1947861,363.70,1.50,WIFI
C8:D3:FF:FE:6D:AB,DIRECT-AA-HP ENVY 4520 series,[WPA2_PSK],2025-3-26 0:27:59,1,-74,34.0502892,-117.1947861,363.70,1.50,WIFI
4C:19:5D:49:A8:14,Jakes Wifi,[WPA2_PSK],2025-3-26 0:27:59,1,-79,34.0502892,-117.1947861,363.70,1.50,WIFI
4C:22:F3:94:57:43,Verizon_4RN76H,[WPA2_PSK],2025-3-26 0:27:59,1,-79,34.0502892,-117.1947861,363.70,1.50,WIFI
9C:C9:EB:19:1D:76,MySpectrumWiFi28-2G_EXT,[WPA2_PSK],2025-3-26 0:27:59,1,-80,34.0502892,-117.1947861,363.70,1.50,WIFI
5C:FA:25:BA:CA:2F,Prettylynn,[WPA2_PSK],2025-3-26 0:27:59,1,-82,34.0502892,-117.1947861,363.70,1.50,WIFI
9C:C9:EB:44:D9:EB,NETGEAR50,[WPA2_PSK],2025-3-26 0:27:59,1,-85,34.0502892,-117.1947861,363.70,1.50,WIFI
FC:B2:D6:BA:5A:A0,,[WPA_WPA2_PSK],2025-3-26 0:28:2,3,-83,34.0505753,-117.1942749,363.90,1.50,WIFI
A8:9A:93:BE:54:7E,Arias,[WPA2_PSK],2025-3-26 0:28:3,4,-64,34.0506668,-117.1940994,364.10,1.50,WIFI
74:FE:CE:A7:83:48,SpectrumSetup-60,[WPA2_PSK],2025-3-26 0:28:3,4,-86,34.0506668,-117.1940994,364.10,1.50,WIFI
50:09:59:C5:D2:B2,resortstyleliving,[WPA2_PSK],2025-3-26 0:28:5,6,-58,34.0508575,-117.1937637,364.30,1.50,WIFI
4C:AB:F8:6D:AA:D0,SpectrumSetup-D2,[WPA2_PSK],2025-3-26 0:28:5,6,-67,34.0508575,-117.1937637,364.30,1.50,WIFI
4C:AB:F8:45:E8:F1,PalmTree.Wifi,[WPA2_PSK],2025-3-26 0:28:5,6,-75,34.0508575,-117.1937637,364.30,1.50,WIFI
A4:97:33:4D:0F:05,SpectrumSetup-07,[WPA2_PSK],2025-3-26 0:28:5,6,-79,34.0508575,-117.1937637,364.30,1.50,WIFI
E8:D3:EB:DD:D4:06,Idontknow,[WPA2_PSK],2025-3-26 0:28:5,6,-80,34.0508575,-117.1937637,364.30,1.50,WIFI
78:D6:D6:BF:54:65,TP-LINK_1B8B_5G,[WPA2_PSK],2025-3-26 0:28:5,6,-80,34.0508575,-117.1937637,364.30,1.50,WIFI
C8:B4:22:19:B3:A2,MySpectrumWiFiA4-2G,[WPA2_PSK],2025-3-26 0:28:5,6,-82,34.0508575,-117.1937637,364.30,1.50,WIFI
08:33:ED:BE:CB:A5,ED'S INTERNET,[WPA2_PSK],2025-3-26 0:28:5,6,-90,34.0508575,-117.1937637,364.30,1.50,WIFI
CE:9E:43:A2:68:FE,chartique,[WPA2_PSK],2025-3-26 0:28:8,9,-57,34.0511360,-117.1932449,364.70,1.50,WIFI
CE:9E:43:A3:A6:3E,chartique,[WPA2_PSK],2025-3-26 0:28:8,9,-82,34.0511360,-117.1932449,364.70,1.50,WIFI
A4:11:62:82:08:8A,ARLO_VMB_5113416967,[WPA2_PSK],2025-3-26 0:28:8,9,-89,34.0511360,-117.1932449,364.70,1.50,WIFI
C8:B4:22:D0:81:15,SpectrumSetup-17,[WPA2_PSK],2025-3-26 0:28:10,11,-65,34.0513229,-117.1929016,365.50,1.50,WIFI
54:65:DE:76:22:00,Tannya,[WPA_WPA2_PSK],2025-3-26 0:28:10,11,-70,34.0513229,-117.1929016,365.50,1.50,WIFI
4E:BC:E9:D6:BE:85,AT_401_RAC_056905_WW_be85,[WPA2_PSK],2025-3-26 0:28:10,11,-85,34.0513229,-117.1929016,365.50,1.50,WIFI
38:88:71:18:36:17,Verizon_7XSJ9T,[WPA2_WPA3_PSK],2025-3-26 0:28:10,11,-85,34.0513229,-117.1929016,365.50,1.50,WIFI
60:D5:61:13:FD:74,,[WPA2_PSK],2025-3-26 0:28:11,13,-87,34.0514145,-117.1927338,366.20,1.50,WIFI
74:37:5F:70:63:2B,SpectrumSetup-29,[WPA2_PSK],2025-3-26 0:28:13,1,-55,34.0515862,-117.1924210,367.40,1.50,WIFI
2A:97:CD:74:82:23,lazorfamily,[WPA2_PSK],2025-3-26 0:28:13,1,-73,34.0515862,-117.1924210,367.40,1.50,WIFI
24:94:CB:7C:92:B8,Frontier8608,[WPA2_PSK],2025-3-26 0:28:13,1,-76,34.0515862,-117.1924210,367.40,1.50,WIFI
80:CC:9C:96:F1:42,Elite_Guest,[WPA2_PSK],2025-3-26 0:28:13,1,-82,34.0515862,-117.1924210,367.40,1.50,WIFI
24:5A:4C:85:DC:55,SW,[WPA2_WPA3_PSK],2025-3-26 0:28:13,1,-83,34.0515862,-117.1924210,367.40,1.50,WIFI
A0:7F:8A:0A:8E:9A,DollyWolly1133,[WPA2_PSK],2025-3-26 0:28:13,1,-84,34.0515862,-117.1924210,367.40,1.50,WIFI
0C:83:CC:F8:50:84,tlf85085,[WPA2_PSK],2025-3-26 0:28:13,1,-84,34.0515862,-117.1924210,367.40,1.50,WIFI
4C:19:5D:8D:C9:60,SpectrumSetup-5A,[WPA2_PSK],2025-3-26 0:28:13,1,-86,34.0515862,-117.1924210,367.40,1.50,WIFI
98:1E:19:6C:2B:1E,MySpectrumWiFi18-2G,[WPA2_PSK],2025-3-26 0:28:13,1,-87,34.0515862,-117.1924210,367.40,1.50,WIFI
34:98:B5:C1:D5:8C,NETGEAR37,[WPA2_PSK],2025-3-26 0:28:13,2,-69,34.0515862,-117.1924210,367.40,1.50,WIFI
74:93:DA:57:8F:D5,SpectrumSetup-D7,[WPA2_PSK],2025-3-26 0:28:19,6,-74,34.0520248,-117.1916428,369.70,1.50,WIFI
88:DE:7C:C6:AD:59,SpectrumSetup-5B,[WPA2_PSK],2025-3-26 0:28:19,6,-79,34.0520248,-117.1916428,369.70,1.50,WIFI
76:CD:D6:C2:38:21,,[WPA2_PSK],2025-3-26 0:28:19,6,-80,34.0520248,-117.1916428,369.70,1.50,WIFI
72:CD:D6:C2:38:21,PSD,[WPA2_PSK],2025-3-26 0:28:19,6,-81,34.0520248,-117.1916428,369.70,1.50,WIFI
F8:5B:3B:31:0C:DC,DellaDonna,[WPA2_PSK],2025-3-26 0:28:19,6,-81,34.0520248,-117.1916428,369.70,1.50,WIFI
C8:99:B2:B3:32:0F,muldywebb,[WPA2_PSK],2025-3-26 0:28:19,6,-87,34.0520248,-117.1916428,369.70,1.50,WIFI
F0:81:75:CF:C1:C6,SpectrumSetup-C0,[WPA2_PSK],2025-3-26 0:28:19,6,-91,34.0520248,-117.1916428,369.70,1.50,WIFI
D2:9E:43:A2:68:FE,,[WPA2_PSK],2025-3-26 0:28:22,9,-90,34.0521545,-117.1914063,369.50,1.50,WIFI
40:47:5E:53:DA:E6,qhmwifi,[WPA2_PSK],2025-3-26 0:28:24,11,-73,34.0522041,-117.1913223,369.20,1.50,WIFI
40:47:5E:53:DA:EF,qhmwifi Guest,[WPA2_PSK],2025-3-26 0:28:24,11,-73,34.0522041,-117.1913223,369.20,1.50,WIFI
40:47:5E:53:DA:E3,,[WPA3_PSK],2025-3-26 0:28:24,11,-74,34.0522041,-117.1913223,369.20,1.50,WIFI
40:47:5E:53:DA:E9,,[OPEN],2025-3-26 0:28:24,11,-74,34.0522041,-117.1913223,369.20,1.50,WIFI
74:93:DA:BA:E2:6D,SpectrumSetup-6F,[WPA2_PSK],2025-3-26 0:28:24,11,-78,34.0522041,-117.1913223,369.20,1.50,WIFI
A8:97:CD:DD:C9:C8,Frontier2448,[WPA2_PSK],2025-3-26 0:28:24,11,-84,34.0522041,-117.1913223,369.20,1.50,WIFI
A0:7F:8A:32:B0:5C,Daviddarkhold1,[WPA2_PSK],2025-3-26 0:28:25,1,-69,34.0522156,-117.1912994,369.30,1.50,WIFI
58:9B:4A:87:B0:40,MisterCabral,[WPA2_PSK],2025-3-26 0:28:25,1,-85,34.0522156,-117.1912994,369.30,1.50,WIFI
FC:12:63:D7:62:2E,SpectrumSetup-30,[WPA2_PSK],2025-3-26 0:28:25,1,-86,34.0522156,-117.1912994,369.30,1.50,WIFI
D4:5D:64:9D:C3:B0,ASUS_B0,[OPEN],2025-3-26 0:28:33,6,-73,34.0522194,-117.1912918,369.20,1.50,WIFI
28:38:5C:74:6C:AF,HotspotmMmg,[WPA_WPA2_PSK],2025-3-26 0:28:33,6,-77,34.0522194,-117.1912918,369.20,1.50,WIFI
72:D7:9A:3B:93:9B,,[WPA2_WPA3_PSK],2025-3-26 0:28:33,6,-83,34.0522194,-117.1912918,369.20,1.50,WIFI
68:D7:9A:3B:93:9B,EmmersonBartlett703  ,[WPA2_PSK],2025-3-26 0:28:33,6,-84,34.0522194,-117.1912918,369.20,1.50,WIFI
9C:AD:97:C5:D0:EC,HP-Print-ec-LaserJet Pro M201dw,[WPA2_PSK],2025-3-26 0:28:33,6,-88,34.0522194,-117.1912918,369.20,1.50,WIFI
A0:36:BC:1B:A3:38,PaddysPub,[WPA2_PSK],2025-3-26 0:28:36,9,-85,34.0522194,-117.1912918,369.10,1.50,WIFI
AA:3B:76:03:0B:49,DIRECT-49-HP M283 LaserJet,[WPA2_PSK],2025-3-26 0:28:38,11,-79,34.0522308,-117.1912689,368.90,1.50,WIFI
54:AF:97:05:DD:22,QHMWIFI-7-Randy's Office 2.4GHz,[WPA2_PSK],2025-3-26 0:28:38,11,-81,34.0522308,-117.1912689,368.90,1.50,WIFI
28:EC:22:9B:C4:0F,qhmwifi Guest,[WPA2_PSK],2025-3-26 0:28:38,11,-82,34.0522308,-117.1912689,368.90,1.50,WIFI
4C:AB:F8:25:27:3F,Wirefoxterriers,[WPA2_PSK],2025-3-26 0:28:38,11,-84,34.0522308,-117.1912689,368.90,1.50,WIFI
88:67:46:8D:F7:03,,[WPA3_PSK],2025-3-26 0:28:41,1,-85,34.0523224,-117.1911011,369.00,1.50,WIFI
74:37:5F:A5:9C:CB,SpectrumSetup-C9,[WPA2_PSK],2025-3-26 0:28:41,1,-88,34.0523224,-117.1911011,369.00,1.50,WIFI
FA:B4:6A:69:03:EF,DIRECT-EF-HP OfficeJet Pro 7720,[WPA2_PSK],2025-3-26 0:28:43,2,-83,34.0524216,-117.1909256,369.30,1.50,WIFI
F0:7B:65:D8:6C:B4,SpectrumSetup-6CAE,[WPA2_PSK],2025-3-26 0:28:47,6,-60,34.0526772,-117.1904755,370.10,1.50,WIFI
06:0E:3C:09:FD:9E,DIRECT-9E-HP M428fdw LJ,[WPA2_PSK],2025-3-26 0:28:47,6,-71,34.0526772,-117.1904755,370.10,1.50,WIFI
2C:67:BE:01:CF:B0,SpectrumSetup-59,[WPA2_PSK],2025-3-26 0:28:47,6,-71,34.0526772,-117.1904755,370.10,1.50,WIFI
2C:EA:DC:22:6D:D5,Samantha,[WPA2_PSK],2025-3-26 0:28:47,6,-73,34.0526772,-117.1904755,370.10,1.50,WIFI
A4:97:33:D1:36:3D,SpectrumSetup-3F,[WPA2_PSK],2025-3-26 0:28:47,6,-74,34.0526772,-117.1904755,370.10,1.50,WIFI
28:EC:22:E7:FA:C6,Urbancarpfam,[WPA2_PSK],2025-3-26 0:28:47,6,-74,34.0526772,-117.1904755,370.10,1.50,WIFI
66:22:32:9B:B0:A2,RG Guest,[WPA2_PSK],2025-3-26 0:28:47,6,-74,34.0526772,-117.1904755,370.10,1.50,WIFI
DA:0F:99:8A:05:F7,DIRECT-f7-HP M452 LaserJet,[WPA2_PSK],2025-3-26 0:28:47,6,-80,34.0526772,-117.1904755,370.10,1.50,WIFI
88:DE:7C:F7:10:29,Vargasfam,[WPA2_PSK],2025-3-26 0:28:47,6,-83,34.0526772,-117.1904755,370.10,1.50,WIFI
94:18:65:67:C2:F3,NETGEAR06,[WPA2_PSK],2025-3-26 0:28:50,9,-82,34.0528870,-117.1900864,370.90,1.50,WIFI
CC:28:AA:63:B8:B0,ASUS22,[WPA2_PSK],2025-3-26 0:28:50,9,-85,34.0528870,-117.1900864,370.90,1.50,WIFI
C0:A0:BB:EC:61:0E,dlink-610E,[WPA_WPA2_PSK],2025-3-26 0:28:51,10,-75,34.0529671,-117.1899414,371.20,1.50,WIFI
BC:96:E5:82:63:54,Wifi4cocomelon,[WPA2_PSK],2025-3-26 0:28:52,11,-75,34.0530472,-117.1897888,371.40,1.50,WIFI
E2:63:DA:43:F1:EB,RSDAC_MR,[WPA2_PSK],2025-3-26 0:28:52,11,-77,34.0530472,-117.1897888,371.40,1.50,WIFI
38:E1:F4:95:F4:76,AyalaWiFi,[WPA2_WPA3_PSK],2025-3-26 0:28:52,11,-79,34.0530472,-117.1897888,371.40,1.50,WIFI
52:57:9C:E3:F1:F2,DIRECT-Dw-EPSON-WF-4830 Series,[WPA2_PSK],2025-3-26 0:28:52,11,-80,34.0530472,-117.1897888,371.40,1.50,WIFI
DA:40:D0:5F:E7:94,ClonchTJDDSGuest,[WPA2_PSK],2025-3-26 0:28:52,11,-83,34.0530472,-117.1897888,371.40,1.50,WIFI
E2:63:DA:53:F1:EB,,[WPA2_PSK],2025-3-26 0:28:52,11,-83,34.0530472,-117.1897888,371.40,1.50,WIFI
A0:7F:8A:2A:CC:E4,SpectrumSetup-CCDE,[WPA2_PSK],2025-3-26 0:28:55,1,-87,34.0533066,-117.1893234,372.10,1.50,WIFI
00:35:FF:2B:44:21,SMA3008304352,[WPA2_PSK],2025-3-26 0:28:55,1,-91,34.0533066,-117.1893234,372.10,1.50,WIFI
10:D7:B0:EA:B3:DE,SpectrumSetup-D8,[WPA2_PSK],2025-3-26 0:28:55,1,-92,34.0533066,-117.1893234,372.10,1.50,WIFI
90:09:D0:37:D0:5A,RMD,[WPA2_PSK],2025-3-26 0:28:57,2,-77,34.0534897,-117.1889954,372.60,1.50,WIFI
A6:09:D0:37:D0:5A,,[WPA2_PSK],2025-3-26 0:28:57,2,-77,34.0534897,-117.1889954,372.60,1.50,WIFI
B2:09:D0:37:D0:5A,RMDGuest,[WPA2_PSK],2025-3-26 0:28:57,2,-83,34.0534897,-117.1889954,372.60,1.50,WIFI
14:EB:B6:2C:1B:0E,Majestic Dental,[WPA2_PSK],2025-3-26 0:28:59,4,-75,34.0536652,-117.1886749,373.10,1.50,WIFI
1E:EB:B6:2C:1B:0E,,[WPA2_PSK],2025-3-26 0:28:59,4,-76,34.0536652,-117.1886749,373.10,1.50,WIFI
04:17:B6:D6:C3:95,,[WPA_WPA2_PSK],2025-3-26 0:28:59,4,-81,34.0536652,-117.1886749,373.10,1.50,WIFI
16:0C:6B:35:31:E2,Schaepper Psychiatry,[WPA2_PSK],2025-3-26 0:28:59,4,-84,34.0536652,-117.1886749,373.10,1.50,WIFI
64:97:14:0F:8F:8F,Redlands Surgery Center Guest,[WPA2_PSK],2025-3-26 0:29:1,6,-65,34.0538330,-117.1883698,373.60,1.50,WIFI
64:97:14:0F:8F:89,,[OPEN],2025-3-26 0:29:1,6,-67,34.0538330,-117.1883698,373.60,1.50,WIFI
64:97:14:10:69:C6,Redlands Surgery Center,[WPA2_PSK],2025-3-26 0:29:1,6,-68,34.0538330,-117.1883698,373.60,1.50,WIFI
9C:3D:CF:6F:28:C0,ARLO_VMB_1742320153,[WPA2_PSK],2025-3-26 0:29:1,6,-68,34.0538330,-117.1883698,373.60,1.50,WIFI
64:97:14:0F:8F:83,,[WPA3_PSK],2025-3-26 0:29:1,6,-68,34.0538330,-117.1883698,373.60,1.50,WIFI
64:97:14:0F:8F:86,Redlands Surgery Center,[WPA2_PSK],2025-3-26 0:29:1,6,-69,34.0538330,-117.1883698,373.60,1.50,WIFI
64:97:14:0C:8E:89,,[OPEN],2025-3-26 0:29:1,6,-69,34.0538330,-117.1883698,373.60,1.50,WIFI
64:97:14:0C:8E:83,,[WPA3_PSK],2025-3-26 0:29:1,6,-70,34.0538330,-117.1883698,373.60,1.50,WIFI
64:97:14:0C:8E:86,Redlands Surgery Center,[WPA2_PSK],2025-3-26 0:29:1,6,-72,34.0538330,-117.1883698,373.60,1.50,WIFI
64:97:14:10:2C:A6,Redlands Surgery Center,[WPA2_PSK],2025-3-26 0:29:1,6,-74,34.0538330,-117.1883698,373.60,1.50,WIFI
64:97:14:10:2C:AF,Redlands Surgery Center Guest,[WPA2_PSK],2025-3-26 0:29:1,6,-74,34.0538330,-117.1883698,373.60,1.50,WIFI
98:E7:F4:AF:68:F5,DIRECT-F3-HP ENVY 7640 series,[WPA2_PSK],2025-3-26 0:29:1,6,-74,34.0538330,-117.1883698,373.60,1.50,WIFI
C0:6F:98:05:F8:43,,[WPA3_PSK],2025-3-26 0:29:1,6,-81,34.0538330,-117.1883698,373.60,1.50,WIFI
C0:6F:98:05:F8:49,,[OPEN],2025-3-26 0:29:1,6,-81,34.0538330,-117.1883698,373.60,1.50,WIFI
C0:6F:98:05:F8:46,421Brookside,[WPA2_PSK],2025-3-26 0:29:1,6,-81,34.0538330,-117.1883698,373.60,1.50,WIFI
00:7F:28:3C:73:7C,4RGM7,[WPA2_PSK],2025-3-26 0:29:1,6,-82,34.0538330,-117.1883698,373.60,1.50,WIFI
40:ED:00:12:09:3E,Renaissance MD,[WPA2_WPA3_PSK],2025-3-26 0:29:1,6,-83,34.0538330,-117.1883698,373.60,1.50,WIFI
46:ED:00:12:09:3E,Renaissance MD Guest,[WPA2_WPA3_PSK],2025-3-26 0:29:1,6,-84,34.0538330,-117.1883698,373.60,1.50,WIFI
A6:C9:EB:F6:BD:67,,[WPA2_PSK],2025-3-26 0:29:4,8,-84,34.0540733,-117.1879272,374.20,1.50,WIFI
34:98:B5:A7:F1:2B,,[WPA2_PSK],2025-3-26 0:29:4,8,-88,34.0540733,-117.1879272,374.20,1.50,WIFI
3A:98:B5:A7:F1:2B,ORBI99,[WPA2_PSK],2025-3-26 0:29:4,8,-88,34.0540733,-117.1879272,374.20,1.50,WIFI
3A:98:B5:A4:B0:0A,ORBI99,[WPA2_PSK],2025-3-26 0:29:4,8,-89,34.0540733,-117.1879272,374.20,1.50,WIFI
66:38:E0:74:11:A0,LPL07303-guest,[OPEN],2025-3-26 0:29:6,10,-81,34.0542374,-117.1876297,374.40,1.50,WIFI
60:38:E0:74:11:A0,LPL07303,[WPA_WPA2_PSK],2025-3-26 0:29:6,10,-83,34.0542374,-117.1876297,374.40,1.50,WIFI
DC:4B:A1:E0:2E:71,The Daniels,[WPA2_PSK],2025-3-26 0:29:7,11,-63,34.0543175,-117.1874847,374.60,1.50,WIFI
1C:BF:CE:27:CB:10,FiOS-DPIEI-PRO,[WPA2_PSK],2025-3-26 0:29:7,11,-67,34.0543175,-117.1874847,374.60,1.50,WIFI
4C:19:5D:95:AC:27,SpectrumSetup-21,[WPA2_PSK],2025-3-26 0:29:7,11,-70,34.0543175,-117.1874847,374.60,1.50,WIFI
EC:74:27:16:35:23,,[WPA3_PSK],2025-3-26 0:29:7,11,-80,34.0543175,-117.1874847,374.60,1.50,WIFI
EC:74:27:16:35:25,Bill,[WPA2_PSK],2025-3-26 0:29:7,11,-81,34.0543175,-117.1874847,374.60,1.50,WIFI
48:5D:36:9F:DD:84,FiOS-DPIEI,[WPA2_PSK],2025-3-26 0:29:7,11,-87,34.0543175,-117.1874847,374.60,1.50,WIFI
D4:A9:28:0B:8A:BA,SP Admin,[WPA2_PSK],2025-3-26 0:29:7,11,-88,34.0543175,-117.1874847,374.60,1.50,WIFI
D0:6D:C9:37:B5:06,Frontier0278,[WPA2_PSK],2025-3-26 0:29:7,11,-89,34.0543175,-117.1874847,374.60,1.50,WIFI
C4:EB:39:7B:4C:21,Frontier2528,[WPA2_PSK],2025-3-26 0:29:10,1,-74,34.0545425,-117.1870728,374.80,1.50,WIFI
B4:0F:3B:2E:41:A1,,[WPA_WPA2_PSK],2025-3-26 0:29:10,1,-81,34.0545425,-117.1870728,374.80,1.50,WIFI
48:5D:36:9F:EE:D8,FiOS-LMLRJ,[WPA2_PSK],2025-3-26 0:29:10,1,-85,34.0545425,-117.1870728,374.80,1.50,WIFI
48:00:33:8A:B1:4D,TC8717T47,[WPA2_PSK],2025-3-26 0:29:10,1,-87,34.0545425,-117.1870728,374.80,1.50,WIFI
24:F2:7F:05:82:00,hs-net,[WPA2],2025-3-26 0:29:10,1,-87,34.0545425,-117.1870728,374.80,1.50,WIFI
DC:69:B5:A2:4E:E3,,[WPA3_PSK],2025-3-26 0:29:10,1,-88,34.0545425,-117.1870728,374.80,1.50,WIFI
4C:AB:F8:A0:2B:1D,Babymamatrap,[WPA2_PSK],2025-3-26 0:29:10,1,-89,34.0545425,-117.1870728,374.80,1.50,WIFI
10:0C:6B:35:31:E2,,[WPA2_PSK],2025-3-26 0:29:14,4,-75,34.0548286,-117.1865692,374.60,1.50,WIFI
F4:52:46:ED:90:03,SpectrumSetup-05,[WPA2_PSK],2025-3-26 0:29:16,6,-71,34.0549774,-117.1863098,373.90,1.50,WIFI
50:27:A9:E1:4C:05,banda,[WPA2_PSK],2025-3-26 0:29:16,6,-74,34.0549774,-117.1863098,373.90,1.50,WIFI
72:D7:9A:71:81:6C,,[WPA2_PSK],2025-3-26 0:29:16,6,-81,34.0549774,-117.1863098,373.90,1.50,WIFI
6E:D7:9A:71:81:6C,Pure Gold WiFi,[WPA2_PSK],2025-3-26 0:29:16,6,-83,34.0549774,-117.1863098,373.90,1.50,WIFI
D4:76:A0:1A:EF:F9,Cortner_TLAN,[WPA2_PSK],2025-3-26 0:29:16,6,-84,34.0549774,-117.1863098,373.90,1.50,WIFI
FC:3F:DB:EE:CC:20,DIRECT-1F-HP OfficeJet Pro 8720,[WPA2_PSK],2025-3-26 0:29:16,6,-85,34.0549774,-117.1863098,373.90,1.50,WIFI
00:13:EF:70:05:18,PGBK1,[WPA2_PSK],2025-3-26 0:29:16,6,-88,34.0549774,-117.1863098,373.90,1.50,WIFI
B8:69:F4:CC:43:73,NCV Phones,[WPA2_PSK],2025-3-26 0:29:18,8,-86,34.0551376,-117.1860733,372.90,1.50,WIFI
94:3C:96:FA:9B:36,Frontier1358,[WPA2_PSK],2025-3-26 0:29:21,11,-82,34.0553246,-117.1857605,372.30,1.50,WIFI
D0:6D:C9:37:17:A6,Frontier0619,[WPA2_PSK],2025-3-26 0:29:24,1,-81,34.0554008,-117.1856232,372.40,1.50,WIFI
AE:46:9D:1D:EF:06,Cinema Secure,[WPA2_PSK],2025-3-26 0:29:24,1,-84,34.0554008,-117.1856232,372.40,1.50,WIFI
06:01:21:33:52:A5,MissionPeds,[WPA2_PSK],2025-3-26 0:29:24,1,-84,34.0554008,-117.1856232,372.40,1.50,WIFI
96:46:9D:1D:EF:06,,[WPA2_PSK],2025-3-26 0:29:24,1,-85,34.0554008,-117.1856232,372.40,1.50,WIFI
00:01:21:33:52:A5,MissionGuest,[WPA2_PSK],2025-3-26 0:29:24,1,-85,34.0554008,-117.1856232,372.40,1.50,WIFI
BA:46:9D:1D:EF:06,Cinema Staff,[WPA2_PSK],2025-3-26 0:29:24,1,-86,34.0554008,-117.1856232,372.40,1.50,WIFI
B6:46:9D:1D:EF:06,,[WPA2_PSK],2025-3-26 0:29:24,1,-86,34.0554008,-117.1856232,372.40,1.50,WIFI
04:42:1A:12:A9:E9,Frontier7680,[WPA2_PSK],2025-3-26 0:29:24,2,-87,34.0554008,-117.1856232,372.40,1.50,WIFI
50:27:A9:E1:4C:03,,[WPA3_PSK],2025-3-26 0:29:30,6,-85,34.0555801,-117.1855698,372.40,1.50,WIFI
68:D7:9A:C7:8D:3E,IEDSG-UB,[WPA2_PSK],2025-3-26 0:29:35,11,-85,34.0560532,-117.1857529,371.10,1.50,WIFI
6E:D7:9A:C7:8D:3E,iedsgguest,[WPA2_PSK],2025-3-26 0:29:35,11,-88,34.0560532,-117.1857529,371.10,1.50,WIFI
72:D7:9A:C7:8D:3E,,[WPA2_PSK],2025-3-26 0:29:35,11,-88,34.0560532,-117.1857529,371.10,1.50,WIFI
D8:33:B7:D7:EA:61,Frontier2528,[WPA2_PSK],2025-3-26 0:29:38,1,-71,34.0564117,-117.1857452,371.00,1.50,WIFI
AE:46:9D:1D:EF:2A,Cinema Secure,[WPA2_PSK],2025-3-26 0:29:38,1,-76,34.0564117,-117.1857452,371.00,1.50,WIFI
A8:46:9D:1D:EF:2A,Cinema Guest,[OPEN],2025-3-26 0:29:38,1,-77,34.0564117,-117.1857452,371.00,1.50,WIFI
BA:46:9D:1D:EF:2A,Cinema Staff,[WPA2_PSK],2025-3-26 0:29:38,1,-78,34.0564117,-117.1857452,371.00,1.50,WIFI
A6:46:9D:1D:EF:2A,,[WPA2_PSK],2025-3-26 0:29:38,1,-80,34.0564117,-117.1857452,371.00,1.50,WIFI
A2:46:9D:1D:EF:2A,,[WPA2_PSK],2025-3-26 0:29:38,1,-81,34.0564117,-117.1857452,371.00,1.50,WIFI
9E:AE:D3:CB:D1:07,DIRECT-D3CB5107,[WPA2_PSK],2025-3-26 0:29:38,1,-83,34.0564117,-117.1857452,371.00,1.50,WIFI
BE:46:9D:1D:EF:06,,[WPA2_PSK],2025-3-26 0:29:38,1,-84,34.0564117,-117.1857452,371.00,1.50,WIFI
A6:46:9D:1D:EF:06,,[WPA2_PSK],2025-3-26 0:29:38,1,-85,34.0564117,-117.1857452,371.00,1.50,WIFI
12:B1:DF:B8:69:80,DIRECT-80-HP M227f LaserJet,[WPA2_PSK],2025-3-26 0:29:38,1,-87,34.0564117,-117.1857452,371.00,1.50,WIFI
54:04:63:CB:E6:21,,[WPA_WPA2_PSK],2025-3-26 0:29:38,2,-90,34.0564117,-117.1857452,371.00,1.50,WIFI
E8:9F:80:A9:09:E4,sunset_wifi,[WPA2_PSK],2025-3-26 0:29:41,3,-88,34.0567398,-117.1857452,370.80,1.50,WIFI
B0:6A:41:98:77:B1,Redlands Urgent Care-Corporate,[WPA2_PSK],2025-3-26 0:29:44,6,-78,34.0569458,-117.1857452,370.80,1.50,WIFI
B0:6A:41:98:76:1A,Redlands Urgent Care-Corporate,[WPA2_PSK],2025-3-26 0:29:44,6,-80,34.0569458,-117.1857452,370.80,1.50,WIFI
20:F3:75:3C:1E:02,Verizon-1E06,[WPA2_PSK],2025-3-26 0:29:44,6,-81,34.0569458,-117.1857452,370.80,1.50,WIFI
4A:5F:99:AE:11:2A,DIRECT-2a-HP M281 LaserJet,[WPA2_PSK],2025-3-26 0:29:44,6,-85,34.0569458,-117.1857452,370.80,1.50,WIFI
C8:B4:22:03:2D:6B,MySpectrumWiFi6D-2G,[WPA2_PSK],2025-3-26 0:29:44,6,-88,34.0569458,-117.1857452,370.80,1.50,WIFI
94:A6:7E:29:6A:C6,Verizon-1E06_2GEXT,[WPA2_PSK],2025-3-26 0:29:44,6,-91,34.0569458,-117.1857452,370.80,1.50,WIFI
00:C8:96:CD:77:22,,[WPA_WPA2_PSK],2025-3-26 0:29:46,8,-87,34.0569992,-117.1857376,370.80,1.50,WIFI
B0:6A:41:98:7B:79,setup7B790,[WPA2_PSK],2025-3-26 0:29:49,11,-65,34.0569992,-117.1857376,370.80,1.50,WIFI
A8:6B:AD:6F:BB:54,SETUP,[OPEN],2025-3-26 0:29:49,11,-81,34.0569992,-117.1857376,370.80,1.50,WIFI
02:16:78:29:F6:50,ASUS-2.4G-ext,[WPA2_PSK],2025-3-26 0:29:49,11,-91,34.0569992,-117.1857376,370.80,1.50,WIFI
A8:46:9D:1D:EF:06,Cinema Guest,[OPEN],2025-3-26 0:29:52,1,-75,34.0569992,-117.1857376,370.80,1.50,WIFI
A2:46:9D:1D:EF:06,,[WPA2_PSK],2025-3-26 0:29:52,1,-75,34.0569992,-117.1857376,370.80,1.50,WIFI
BA:46:9D:1D:EF:26,Cinema Staff,[WPA2_PSK],2025-3-26 0:29:52,1,-86,34.0569992,-117.1857376,370.80,1.50,WIFI
D0:6D:C9:39:6F:E6,Frontier0452,[WPA2_PSK],2025-3-26 0:29:52,1,-87,34.0569992,-117.1857376,370.80,1.50,WIFI
18:9C:27:7F:38:68,Frontier3728,[WPA2_PSK],2025-3-26 0:29:58,6,-83,34.0569954,-117.1857376,370.90,1.50,WIFI
94:FF:3C:B4:4C:EB,Firestone Complete Free WiFi,[OPEN],2025-3-26 0:29:58,6,-88,34.0569954,-117.1857376,370.90,1.50,WIFI
BE:46:9D:1D:EF:2A,,[WPA2_PSK],2025-3-26 0:30:6,1,-76,34.0569954,-117.1857376,371.10,1.50,WIFI
B6:46:9D:1D:EF:2A,,[WPA2_PSK],2025-3-26 0:30:6,1,-76,34.0569954,-117.1857376,371.10,1.50,WIFI
96:46:9D:1D:EF:2A,,[WPA2_PSK],2025-3-26 0:30:6,1,-77,34.0569954,-117.1857376,371.10,1.50,WIFI
C0:EA:E4:D4:F8:42,RUCcorporateWAP,[WPA_WPA2_PSK],2025-3-26 0:30:6,1,-84,34.0569954,-117.1857376,371.10,1.50,WIFI
2E:D1:C6:E8:A5:65,My VW 7559,[WPA2_PSK],2025-3-26 0:30:12,6,-77,34.0572815,-117.1857452,371.90,1.50,WIFI
00:30:44:25:CA:5F,FEMS,[WPA2_PSK],2025-3-26 0:30:17,11,-70,34.0578079,-117.1857834,371.40,1.50,WIFI
9C:05:D6:77:D0:1B,Unify Escape,[WPA2_PSK],2025-3-26 0:30:20,1,-87,34.0581017,-117.1859207,370.70,1.50,WIFI
A2:05:D6:77:D0:1B,EscapeCraftBreweryGuest,[OPEN],2025-3-26 0:30:20,1,-87,34.0581017,-117.1859207,370.70,1.50,WIFI
8C:5A:25:6E:2E:B2,Verizon-2EB6,[WPA2_PSK],2025-3-26 0:30:26,6,-88,34.0583344,-117.1860657,370.40,1.50,WIFI
9E:05:D6:2C:D2:89,,[WPA2_PSK],2025-3-26 0:30:32,1,-89,34.0583496,-117.1860657,371.00,1.50,WIFI
22:AD:56:27:2E:F7,Hotspot2EF7,[WPA_WPA2_PSK],2025-3-26 0:30:45,11,-90,34.0585556,-117.1861572,370.40,1.75,WIFI
68:D7:9A:8A:BF:21,,[WPA2_PSK],2025-3-26 0:30:46,1,-76,34.0586281,-117.1862030,370.40,1.75,WIFI
76:D7:9A:8A:BF:21,JRiley-IoT,[WPA2_PSK],2025-3-26 0:30:46,1,-80,34.0586281,-117.1862030,370.40,1.75,WIFI
6E:D7:9A:8A:BF:21,JRiley-Corporate,[WPA2_PSK],2025-3-26 0:30:46,1,-81,34.0586281,-117.1862030,370.40,1.75,WIFI
00:30:44:A1:D4:64,R1900-463,[WPA2_PSK],2025-3-26 0:30:46,1,-82,34.0586281,-117.1862030,370.40,1.75,WIFI
3C:62:F0:DB:EB:7B,Eatmybutt,[WPA2_WPA3_PSK],2025-3-26 0:30:50,2,-81,34.0589676,-117.1862946,370.70,1.50,WIFI
5A:E4:03:FB:AE:A9,Audi_MMI_7769,[WPA2_PSK],2025-3-26 0:30:54,6,-82,34.0593033,-117.1863174,370.40,1.50,WIFI
84:A0:6E:CA:3C:8E,RedLands Ramen-2G,[WPA2_PSK],2025-3-26 0:30:54,6,-82,34.0593033,-117.1863174,370.40,1.50,WIFI
66:22:32:24:0A:6E,Rui's Shanghai Bistro,[WPA2_PSK],2025-3-26 0:30:54,6,-87,34.0593033,-117.1863174,370.40,1.50,WIFI
E0:63:DA:31:BB:BF,REDLANDSRAMENPOS,[WPA2_PSK],2025-3-26 0:30:54,6,-89,34.0593033,-117.1863174,370.40,1.50,WIFI
14:42:FC:84:94:57,Vive-017d837a-#5693,[WPA2_PSK],2025-3-26 0:30:55,7,-84,34.0593643,-117.1863174,370.20,1.50,WIFI
BA:AF:97:06:3D:FD,,[WPA2_PSK],2025-3-26 0:30:56,8,-75,34.0594063,-117.1863174,370.20,1.50,WIFI
CC:40:D0:FC:0C:C9,NETGEAR15,[WPA2_PSK],2025-3-26 0:30:58,10,-89,34.0594521,-117.1863251,370.20,1.50,WIFI
66:22:32:23:F5:5A,Rui's Shanghai Bistro,[WPA2_PSK],2025-3-26 0:30:59,11,-77,34.0594749,-117.1863251,370.30,1.50,WIFI
60:22:32:23:F5:5A,Magic Tongue,[WPA2_PSK],2025-3-26 0:30:59,11,-78,34.0594749,-117.1863251,370.30,1.50,WIFI
9C:0B:05:25:5B:E7,Dafne,[WPA2_PSK],2025-3-26 0:30:59,11,-84,34.0594749,-117.1863251,370.30,1.50,WIFI
9C:0B:05:25:5B:EA,,[OPEN],2025-3-26 0:30:59,11,-85,34.0594749,-117.1863251,370.30,1.50,WIFI
A0:7F:8A:4B:BC:27,SpectrumSetup-BC21,[WPA2_PSK],2025-3-26 0:30:59,11,-88,34.0594749,-117.1863251,370.30,1.50,WIFI
84:A0:6E:B3:07:0E,Redlands Wingstop 2.4,[WPA2_PSK],2025-3-26 0:30:59,11,-89,34.0594749,-117.1863251,370.30,1.50,WIFI
E6:CB:BC:91:61:C9,smll,[WPA2],2025-3-26 0:31:1,1,-78,34.0595093,-117.1863251,370.20,1.50,WIFI
EE:CB:BC:91:61:C9,sip,[WPA2],2025-3-26 0:31:1,1,-78,34.0595093,-117.1863251,370.20,1.50,WIFI
E0:CB:BC:91:61:C9,Starbucks WiFi,[OPEN],2025-3-26 0:31:1,1,-79,34.0595093,-117.1863251,370.20,1.50,WIFI
EA:CB:BC:91:61:C9,notes,[WPA2_PSK],2025-3-26 0:31:1,1,-79,34.0595093,-117.1863251,370.20,1.50,WIFI
4C:19:5D:B4:1B:18,SpectrumSetup-12,[WPA2_PSK],2025-3-26 0:31:1,1,-85,34.0595093,-117.1863251,370.20,1.50,WIFI
30:93:BC:7D:69:D6,MySpectrumWiFid0-2G,[WPA2_PSK],2025-3-26 0:31:1,1,-88,34.0595093,-117.1863251,370.20,1.50,WIFI
C4:49:BB:2F:63:B8,WiFi Hotspot 0380,[WPA2_PSK],2025-3-26 0:31:1,1,-89,34.0595093,-117.1863251,370.20,1.50,WIFI
5C:FA:25:ED:10:38,SpectrumSetup-32,[WPA2_PSK],2025-3-26 0:31:1,1,-89,34.0595093,-117.1863251,370.20,1.50,WIFI
34:60:F9:5D:0B:A2,Plant Power Office,[WPA2_PSK],2025-3-26 0:31:8,6,-89,34.0595093,-117.1863251,370.50,1.50,WIFI
94:A6:7E:EC:2B:90,NETGEAR54,[WPA2_PSK],2025-3-26 0:31:11,9,-89,34.0595093,-117.1863174,370.50,1.50,WIFI
16:11:32:D3:86:19,,[WPA2_PSK],2025-3-26 0:31:11,9,-90,34.0595093,-117.1863174,370.50,1.50,WIFI
E0:CB:BC:34:16:DD,Luna Grill Free WiFi,[OPEN],2025-3-26 0:31:13,11,-77,34.0595169,-117.1863174,370.50,1.50,WIFI
E6:CB:BC:34:16:DD,,[WPA2_PSK],2025-3-26 0:31:13,11,-78,34.0595169,-117.1863174,370.50,1.50,WIFI
EA:CB:BC:34:16:DD,LG48,[WPA2_PSK],2025-3-26 0:31:13,11,-78,34.0595169,-117.1863174,370.50,1.50,WIFI
EE:CB:BC:34:16:DD,,[WPA2_PSK],2025-3-26 0:31:13,11,-78,34.0595169,-117.1863174,370.50,1.50,WIFI
DE:CB:BC:34:16:DD,,[WPA2_PSK],2025-3-26 0:31:13,11,-78,34.0595169,-117.1863174,370.50,1.50,WIFI
C6:CB:BC:34:16:DD,,[WPA2_PSK],2025-3-26 0:31:13,11,-82,34.0595169,-117.1863174,370.50,1.50,WIFI
6A:22:32:23:F5:5A,,[WPA2_PSK],2025-3-26 0:31:13,11,-83,34.0595169,-117.1863174,370.50,1.50,WIFI
2A:03:EB:2A:E5:8A,Lyssiask,[WPA2_PSK],2025-3-26 0:31:16,1,-89,34.0595589,-117.1862793,370.60,1.50,WIFI
1A:E8:29:94:A0:13,Hairajuku Guest,[WPA2_PSK],2025-3-26 0:31:16,1,-90,34.0595589,-117.1862793,370.60,1.50,WIFI
BC:10:2F:9D:6D:4D,[fridge]_E30AJT5133349Y,[WPA2_PSK],2025-3-26 0:31:16,1,-91,34.0595589,-117.1862793,370.60,1.50,WIFI
64:67:72:45:78:76,TMOBILE-7874,[WPA2_WPA3_PSK],2025-3-26 0:31:18,2,-84,34.0595856,-117.1861725,370.20,1.50,WIFI
BC:A5:11:D9:F6:A7,NETGEAR89,[WPA2_PSK],2025-3-26 0:31:20,4,-76,34.0595856,-117.1860123,370.40,1.50,WIFI
CE:9E:43:9B:04:E0,CookieWiFi,[WPA2_PSK],2025-3-26 0:31:20,4,-89,34.0595856,-117.1860123,370.40,1.50,WIFI
94:91:7F:E1:91:65,MySpectrumWiFi67-2G,[WPA2_PSK],2025-3-26 0:31:22,6,-87,34.0595932,-117.1858902,370.90,1.50,WIFI
54:AF:97:06:3D:FB,S3XY NAIL LOUNGE,[WPA2_PSK],2025-3-26 0:31:24,8,-82,34.0595932,-117.1857986,371.10,1.50,WIFI
B0:95:75:7C:A6:B6,ML_Wifi_EXT,[WPA2_PSK],2025-3-26 0:31:26,10,-76,34.0595818,-117.1857452,371.30,1.50,WIFI
94:18:65:5F:DB:31,NETGEAR42,[WPA2_PSK],2025-3-26 0:31:26,10,-86,34.0595818,-117.1857452,371.30,1.50,WIFI
80:CC:9C:F4:06:9C,NETGEAR42,[WPA2_PSK],2025-3-26 0:31:26,10,-86,34.0595818,-117.1857452,371.30,1.50,WIFI
E0:CB:BC:91:62:22,Starbucks WiFi,[OPEN],2025-3-26 0:31:41,11,-74,34.0592995,-117.1858597,370.90,1.75,WIFI
E6:CB:BC:91:62:22,smll,[WPA2],2025-3-26 0:31:41,11,-75,34.0592995,-117.1858597,370.90,1.75,WIFI
EA:CB:BC:91:62:22,notes,[WPA2_PSK],2025-3-26 0:31:41,11,-75,34.0592995,-117.1858597,370.90,1.75,WIFI
EE:CB:BC:91:62:22,sip,[WPA2],2025-3-26 0:31:41,11,-75,34.0592995,-117.1858597,370.90,1.75,WIFI
66:E2:20:A3:CC:F4,DIRECT-MBUX 91649,[WPA2_PSK],2025-3-26 0:31:41,11,-80,34.0592995,-117.1858597,370.90,1.75,WIFI
AC:DF:9F:16:BF:02,TMOBILE-BF00,[WPA2_WPA3_PSK],2025-3-26 0:31:49,5,-84,34.0593262,-117.1858826,370.60,1.50,WIFI
4C:19:5D:4F:01:6A,SpectrumSetup-64,[WPA2_PSK],2025-3-26 0:32:4,6,-91,34.0593376,-117.1858826,370.80,1.50,WIFI
C4:49:BB:70:65:66,Impala,[WPA2_PSK],2025-3-26 0:32:12,1,-90,34.0593376,-117.1858826,371.30,1.50,WIFI
7C:0C:F6:07:F8:51,Dash-1949,[WPA2_PSK],2025-3-26 0:32:23,11,-90,34.0593414,-117.1858826,371.90,1.50,WIFI
96:46:9D:1D:EF:31,,[WPA2_PSK],2025-3-26 0:32:40,1,-84,34.0593414,-117.1858902,372.60,1.50,WIFI
A8:46:9D:1D:EF:31,Cinema Guest,[OPEN],2025-3-26 0:32:40,1,-85,34.0593414,-117.1858902,372.60,1.50,WIFI
AE:46:9D:1D:EF:31,Cinema Secure,[WPA2_PSK],2025-3-26 0:32:40,1,-86,34.0593414,-117.1858902,372.60,1.50,WIFI
BA:46:9D:1D:EF:31,Cinema Staff,[WPA2_PSK],2025-3-26 0:32:40,1,-86,34.0593414,-117.1858902,372.60,1.50,WIFI
D8:A7:56:70:DF:36,MySpectrumWiFi30-2G,[WPA2_PSK],2025-3-26 0:33:5,11,-91,34.0593414,-117.1858978,372.70,1.50,WIFI
32:B4:B8:2B:3C:69,My VW 4340,[WPA2_PSK],2025-3-26 0:33:14,6,-87,34.0593414,-117.1858978,372.90,1.50,WIFI
00:30:44:4C:B9:BE,E300-9bc,[WPA2_PSK],2025-3-26 0:33:28,6,-91,34.0593414,-117.1858978,373.20,1.50,WIFI
64:CB:E9:F2:9F:57,RESU_64CBE9F29F56,[WPA_WPA2_PSK],2025-3-26 0:33:53,3,-91,34.0593414,-117.1858978,373.50,1.50,WIFI
02:30:44:1C:19:D1,SUNLINE,[WPA_WPA2_PSK],2025-3-26 0:34:3,1,-94,34.0593414,-117.1858978,373.50,1.50,WIFI
9E:93:4E:AE:87:D3,DIRECT-HoXerox B205,[WPA2_PSK],2025-3-26 0:34:22,4,-92,34.0593414,-117.1858978,373.40,1.50,WIFI
02:54:AF:D1:4D:6F,Hotspot4D6F,[WPA_WPA2_PSK],2025-3-26 0:34:43,11,-91,34.0593414,-117.1858978,373.20,1.50,WIFI
A2:46:9D:1D:EF:31,,[WPA2_PSK],2025-3-26 0:35:0,1,-87,34.0593414,-117.1858978,373.10,1.50,WIFI
12:D3:CF:17:8B:A1,,[WPA2_PSK],2025-3-26 0:35:20,6,-90,34.0593414,-117.1858978,373.10,1.50,WIFI
22:68:7E:54:08:CF,SpectrumSetup-CE,[WPA2_PSK],2025-3-26 0:35:34,6,-90,34.0593414,-117.1858978,373.00,1.50,WIFI
9A:49:14:7D:72:B4,Audi_MMI_2733,[WPA2_PSK],2025-3-26 0:35:48,6,-86,34.0593452,-117.1858978,372.70,1.50,WIFI
02:24:A5:2A:99:69,myChevrolet7833,[WPA2_PSK],2025-3-26 0:36:24,1,-90,34.0593452,-117.1858978,372.40,1.50,WIFI
00:54:AF:40:57:C7,Hotspot57C7,[WPA_WPA2_PSK],2025-3-26 0:36:40,2,-86,34.0593452,-117.1858978,372.40,1.50,WIFI
BC:82:5D:3C:48:76,Chiakowsky,[WPA2_PSK],2025-3-26 0:37:18,1,-89,34.0593452,-117.1858978,372.40,1.50,WIFI
00:54:AF:68:CF:EB,HotspotCFEB,[WPA_WPA2_PSK],2025-3-26 0:37:54,6,-91,34.0593452,-117.1858902,372.40,1.50,WIFI
22:AD:56:45:22:E1,Hotspot22E1,[WPA_WPA2_PSK],2025-3-26 0:38:8,6,-72,34.0593452,-117.1858978,372.30,1.50,WIFI
5A:E4:03:29:97:C9,myChevrolet 97C9,[WPA2_PSK],2025-3-26 0:38:9,7,-91,34.0593452,-117.1858978,372.30,1.50,WIFI
18:E8:29:94:A0:13,Hairajuku,[WPA2_PSK],2025-3-26 0:39:11,1,-91,34.0593414,-117.1858978,372.40,1.50,WIFI
A6:D5:05:34:B1:CF,DAVID CHEVY,[WPA2_WPA3_PSK],2025-3-26 0:39:18,6,-74,34.0593414,-117.1858978,372.40,1.50,WIFI
72:D7:9A:8A:BF:21,JRiley-POS,[WPA2_PSK],2025-3-26 0:39:25,1,-91,34.0593414,-117.1858978,372.30,1.50,WIFI
10:BB:F3:9D:3E:D2,M300_CB9010,[WPA2_PSK],2025-3-26 0:40:5,11,-85,34.0593414,-117.1858978,372.20,1.50,WIFI
02:D3:CF:17:8B:A1,,[WPA2_PSK],2025-3-26 0:40:43,6,-91,34.0593414,-117.1858978,372.20,1.50,WIFI
A8:43:A4:A6:2F:BB,CARDV-LZT-2fbb,[WPA2_PSK],2025-3-26 0:40:53,3,-89,34.0593414,-117.1858978,372.20,1.50,WIFI
FA:6D:CC:E6:47:C5,myGMC 47C5,[WPA2_PSK],2025-3-26 0:41:11,7,-85,34.0593414,-117.1858978,372.20,1.50,WIFI
BC:82:5D:6E:79:55,WiFi Hotspot 5305,[WPA2_PSK],2025-3-26 0:41:32,1,-89,34.0593414,-117.1858978,372.10,1.50,WIFI
A6:46:9D:1D:EF:31,,[WPA2_PSK],2025-3-26 0:41:46,1,-86,34.0593414,-117.1858978,372.00,1.50,WIFI
BE:46:9D:1D:EF:31,,[WPA2_PSK],2025-3-26 0:41:46,1,-86,34.0593414,-117.1858978,372.00,1.50,WIFI
B6:46:9D:1D:EF:31,,[WPA2_PSK],2025-3-26 0:42:14,1,-89,34.0593414,-117.1858978,371.90,1.50,WIFI
02:9D:6B:06:3D:03,DIRECT-G6-Car_cf24,[WPA2_PSK],2025-3-26 0:43:7,11,-80,34.0593452,-117.1859055,371.80,1.50,WIFI
56:F8:2A:5D:18:AD,Audi_MMI_0418,[WPA2_PSK],2025-3-26 0:44:25,6,-87,34.0593529,-117.1858978,371.80,1.50,WIFI
22:AD:56:47:E0:81,HotspotE081,[WPA_WPA2_PSK],2025-3-26 0:44:58,11,-95,34.0593529,-117.1858978,371.80,1.50,WIFI
14:F5:F9:6A:C8:E4,M300_0963AC,[WPA2_PSK],2025-3-26 0:45:40,11,-91,34.0593529,-117.1858978,371.70,1.50,WIFI
22:AD:56:43:C1:2C,HotspotC12C,[WPA_WPA2_PSK],2025-3-26 0:46:10,1,-86,34.0593529,-117.1858978,371.70,1.50,WIFI
C2:C4:F9:6E:82:FC,myChevrolet 81FB,[WPA2_PSK],2025-3-26 0:46:33,8,-90,34.0593529,-117.1859055,371.80,1.50,WIFI
F8:08:4F:D1:76:16,MySpectrumWiFi10-2G,[WPA2_PSK],2025-3-26 0:46:38,1,-91,34.0593491,-117.1859055,371.80,1.50,WIFI
FA:8F:CA:5A:D6:7B,Family Room TV.v,[OPEN],2025-3-26 0:46:59,6,-88,34.0593491,-117.1859055,371.80,1.50,WIFI
00:54:AF:CA:9D:3D,Hotspot9D3D,[WPA_WPA2_PSK],2025-3-26 0:47:35,1,-92,34.0593529,-117.1859055,371.90,1.50,WIFI
7C:0C:F6:0B:D0:E8,Dash-1897,[WPA2_PSK],2025-3-26 0:47:46,11,-83,34.0593491,-117.1859055,371.90,1.50,WIFI
FE:26:28:78:BC:12,Mommy's Hotspot,[WPA2_PSK],2025-3-26 0:48:3,1,-93,34.0593491,-117.1859055,372.00,1.50,WIFI
22:AD:56:4B:1D:DD,Hotspot1DDD,[WPA_WPA2_PSK],2025-3-26 0:48:15,11,-89,34.0593491,-117.1859055,372.00,1.50,WIFI
C4:49:BB:5B:A5:2E,Zim Truck,[WPA2_PSK],2025-3-26 0:49:0,1,-89,34.0593529,-117.1859055,371.90,1.50,WIFI
62:E6:F0:DB:79:55,myChevrolet 7955,[WPA2_PSK],2025-3-26 0:49:14,1,-90,34.0593529,-117.1859055,372.00,1.50,WIFI
C8:FE:0F:70:1B:81,Peztio-Q4-701b81,[WPA2_PSK],2025-3-26 0:49:25,11,-86,34.0593529,-117.1859055,372.10,1.50,WIFI
00:25:CA:6B:DC:35,sdp5g,[WPA2_PSK],2025-3-26 0:49:28,1,-89,34.0593529,-117.1859055,372.10,1.50,WIFI
D2:9E:43:9B:04:E0,,[WPA2_PSK],2025-3-26 0:50:14,4,-90,34.0593491,-117.1859055,372.20,1.50,WIFI
32:68:7E:54:08:CF,,[WPA2_PSK],2025-3-26 0:50:30,6,-91,34.0592918,-117.1859283,371.50,1.50,WIFI
A2:46:9D:1D:EF:4E,,[WPA2_PSK],2025-3-26 0:51:6,1,-89,34.0594330,-117.1857758,373.20,1.50,WIFI
A6:46:9D:1D:EF:4E,,[WPA2_PSK],2025-3-26 0:51:6,1,-89,34.0594330,-117.1857758,373.20,1.50,WIFI
B6:46:9D:1D:EF:4E,,[WPA2_PSK],2025-3-26 0:51:20,1,-83,34.0594292,-117.1857758,373.70,1.50,WIFI
BA:46:9D:1D:EF:4E,Cinema Staff,[WPA2_PSK],2025-3-26 0:51:20,1,-84,34.0594292,-117.1857758,373.70,1.50,WIFI
BE:46:9D:1D:EF:4E,,[WPA2_PSK],2025-3-26 0:51:20,1,-84,34.0594292,-117.1857758,373.70,1.50,WIFI
06:30:44:66:64:58,Wall_E,[WPA2_PSK],2025-3-26 0:51:40,6,-69,34.0595894,-117.1850815,376.00,1.75,WIFI
00:30:44:66:64:58,TeslaWiFi_Mercury,[WPA2],2025-3-26 0:51:40,6,-70,34.0595894,-117.1850815,376.00,1.75,WIFI
26:5A:4C:98:D5:B0,,[WPA2_PSK],2025-3-26 0:51:40,6,-76,34.0595894,-117.1850815,376.00,1.75,WIFI
80:CC:9C:9F:46:F7,NETGEAR42,[WPA2_PSK],2025-3-26 0:51:44,10,-62,34.0596008,-117.1846085,377.30,2.00,WIFI
7C:DB:98:11:C2:B5,MySpectrumWiFib7-2G,[WPA2_PSK],2025-3-26 0:51:45,11,-91,34.0596046,-117.1844788,377.70,1.75,WIFI
94:91:7F:25:A4:2D,MySpectrumWiFi2F-2G,[WPA2_PSK],2025-3-26 0:51:48,1,-83,34.0596161,-117.1841049,378.20,1.75,WIFI
6E:22:32:10:2D:EA,Viva Redlands Guest,[WPA2_PSK],2025-3-26 0:51:48,1,-89,34.0596161,-117.1841049,378.20,1.75,WIFI
E0:63:DA:7D:5D:F7,VivaSecure,[WPA2_PSK],2025-3-26 0:51:54,6,-78,34.0596161,-117.1833420,379.80,1.50,WIFI
EE:63:DA:7D:5D:F7,Viva Redlands Guest,[WPA2_PSK],2025-3-26 0:51:54,6,-80,34.0596161,-117.1833420,379.80,1.50,WIFI
D0:6D:C9:39:E9:06,Frontier0518,[WPA2_PSK],2025-3-26 0:51:54,6,-81,34.0596161,-117.1833420,379.80,1.50,WIFI
EA:63:DA:7D:5D:F7,VLB_Office,[WPA2_PSK],2025-3-26 0:51:54,6,-82,34.0596161,-117.1833420,379.80,1.50,WIFI
98:03:8A:65:31:AD,SS_NLCS_1542,[WPA2_PSK],2025-3-26 0:51:57,9,-89,34.0596161,-117.1830673,380.70,1.50,WIFI
2A:7E:80:EF:F0:59,,[WPA2_PSK],2025-3-26 0:51:57,9,-92,34.0596161,-117.1830673,380.70,1.50,WIFI
14:7D:05:9D:DB:CF,SpectrumSetup-CD,[WPA2_PSK],2025-3-26 0:51:59,11,-57,34.0596161,-117.1829758,381.30,1.50,WIFI
00:0E:8F:72:F1:A4,iHub_00603503aad5,[WPA2_PSK],2025-3-26 0:51:59,11,-77,34.0596161,-117.1829758,381.30,1.50,WIFI
7C:DB:98:46:B6:4D,MySpectrumWiFi4F-2G,[WPA2_PSK],2025-3-26 0:51:59,11,-83,34.0596161,-117.1829758,381.30,1.50,WIFI
80:2A:A8:4A:2B:87,ASLC,[WPA2_PSK],2025-3-26 0:51:59,11,-84,34.0596161,-117.1829758,381.30,1.50,WIFI
42:6D:82:CE:8D:AD,Samsung Galaxy Flip_5230,[WPA2_PSK],2025-3-26 0:51:59,11,-87,34.0596161,-117.1829758,381.30,1.50,WIFI
32:24:A9:B3:C7:15,DIRECT-15-HP OfficeJet Pro 7740,[WPA2_PSK],2025-3-26 0:51:59,11,-88,34.0596161,-117.1829758,381.30,1.50,WIFI
6A:22:32:10:2D:EA,VLB_Office,[WPA2_PSK],2025-3-26 0:52:0,1,-80,34.0596161,-117.1829681,381.30,1.50,WIFI
66:22:32:10:2D:EA,,[WPA2_PSK],2025-3-26 0:52:0,1,-80,34.0596161,-117.1829681,381.30,1.50,WIFI
DA:55:A8:1A:99:80,,[WPA2_PSK],2025-3-26 0:52:0,1,-81,34.0596161,-117.1829681,381.30,1.50,WIFI
60:22:32:10:2D:EA,VivaSecure,[WPA2_PSK],2025-3-26 0:52:0,1,-82,34.0596161,-117.1829681,381.30,1.50,WIFI
AA:48:FA:D8:26:2D,ESP_D8262D,[OPEN],2025-3-26 0:52:0,1,-87,34.0596161,-117.1829681,381.30,1.50,WIFI
00:0A:86:B3:68:36,i550_Entrematic,[WPA2_PSK],2025-3-26 0:52:0,1,-89,34.0596161,-117.1829681,381.30,1.50,WIFI
E6:63:DA:7D:5D:F7,,[WPA2_PSK],2025-3-26 0:52:8,6,-74,34.0596161,-117.1829605,381.80,1.50,WIFI
00:30:44:37:87:2A,,[WPA2_PSK],2025-3-26 0:52:8,6,-78,34.0596161,-117.1829605,381.80,1.50,WIFI
A8:5B:F7:97:87:42,,[WPA2_PSK],2025-3-26 0:52:8,6,-91,34.0596161,-117.1829605,381.80,1.50,WIFI
62:00:AB:D8:1E:79,ANYTIME FITNESS GUEST,[WPA2_PSK],2025-3-26 0:52:11,9,-91,34.0596123,-117.1829605,381.90,1.50,WIFI
A6:D7:3C:95:88:64,DIRECT-3C-EPSON-950864,[WPA2_PSK],2025-3-26 0:52:15,1,-88,34.0596123,-117.1829605,381.90,1.50,WIFI
CC:CF:83:AD:35:D4,,[WPA_WPA2_PSK],2025-3-26 0:52:15,1,-90,34.0596123,-117.1829605,381.90,1.50,WIFI
C8:B4:22:1A:26:24,MySpectrumWiFi26-2G,[WPA2_PSK],2025-3-26 0:52:22,6,-71,34.0596123,-117.1829605,382.00,1.50,WIFI
2C:00:AB:D8:1E:78,ANYTIME FITNESS STAFF,[WPA2_PSK],2025-3-26 0:52:25,9,-91,34.0596123,-117.1829605,382.00,1.50,WIFI
B2:5C:DA:FC:F0:D1,DIRECT-D1-HP OfficeJet Pro 9020,[WPA2_PSK],2025-3-26 0:52:39,9,-88,34.0596161,-117.1829300,382.10,1.50,WIFI
82:2A:A8:4A:2B:87,Patient Wireless,[WPA2_PSK],2025-3-26 0:52:41,11,-77,34.0596161,-117.1828995,382.20,1.50,WIFI
00:C8:96:CD:52:B2,,[WPA_WPA2_PSK],2025-3-26 0:52:49,5,-83,34.0595436,-117.1826630,383.00,1.50,WIFI
66:4E:D7:E9:52:D3,DIRECT-D3-HP OfficeJet Pro 9010,[WPA2_PSK],2025-3-26 0:52:50,6,-81,34.0594864,-117.1826477,383.00,1.50,WIFI
18:EE:86:21:0B:06,INS-FG2000-0B06,[WPA2_WPA3_PSK],2025-3-26 0:52:50,6,-87,34.0594864,-117.1826477,383.00,1.50,WIFI
1E:EE:86:21:0B:06,INS-FG2000-Guest-0B05,[WPA2_WPA3_PSK],2025-3-26 0:52:50,6,-87,34.0594864,-117.1826477,383.00,1.50,WIFI
9E:05:D6:15:D0:06,,[WPA2_PSK],2025-3-26 0:52:50,6,-87,34.0594864,-117.1826477,383.00,1.50,WIFI
0C:7B:C8:A7:95:96,SSW01,[WPA2],2025-3-26 0:52:55,11,-77,34.0591507,-117.1826477,383.00,1.50,WIFI
0A:7B:C8:A7:95:96,SSW02,[WPA2_PSK],2025-3-26 0:52:55,11,-77,34.0591507,-117.1826477,383.00,1.50,WIFI
06:7B:C8:A7:95:96,SSW03,[WPA2_WPA3_PSK],2025-3-26 0:52:55,11,-78,34.0591507,-117.1826477,383.00,1.50,WIFI
32:7B:C8:A7:95:96,,[WPA2_PSK],2025-3-26 0:52:55,11,-78,34.0591507,-117.1826477,383.00,1.50,WIFI
74:37:5F:EF:BD:97,SpectrumSetup-95,[WPA2_PSK],2025-3-26 0:52:55,11,-80,34.0591507,-117.1826477,383.00,1.50,WIFI
98:1E:19:5E:6C:56,MySpectrumWiFi50-2G,[WPA2_PSK],2025-3-26 0:52:55,11,-87,34.0591507,-117.1826477,383.00,1.50,WIFI
70:A7:41:76:2F:A7,Overland-Private ,[WPA2_PSK],2025-3-26 0:52:57,1,-77,34.0590134,-117.1826477,383.40,1.50,WIFI
D0:57:94:FE:12:3E,MySpectrumWiFi38-2G,[WPA2_PSK],2025-3-26 0:52:57,1,-81,34.0590134,-117.1826477,383.40,1.50,WIFI
12:3F:0B:58:B5:89,,[WPA2_PSK],2025-3-26 0:52:57,1,-81,34.0590134,-117.1826477,383.40,1.50,WIFI
72:A7:41:46:2F:A7,,[WPA2_PSK],2025-3-26 0:52:57,1,-82,34.0590134,-117.1826477,383.40,1.50,WIFI
72:A7:41:26:2F:A7,Overland Guest,[OPEN],2025-3-26 0:52:57,1,-83,34.0590134,-117.1826477,383.40,1.50,WIFI
72:A7:41:36:2F:A7,Camera,[WPA2_PSK],2025-3-26 0:52:57,1,-84,34.0590134,-117.1826477,383.40,1.50,WIFI
B0:D8:88:28:DF:5C,Mazda_,[WPA2_PSK],2025-3-26 0:52:57,1,-93,34.0590134,-117.1826477,383.40,1.50,WIFI
30:23:03:B9:3B:B2,Linksys03497,[WPA2_PSK],2025-3-26 0:53:2,4,-76,34.0586166,-117.1826553,383.30,1.50,WIFI
A8:6E:84:F3:B3:E3,TP-Link_B3E3,[WPA2_PSK],2025-3-26 0:53:7,9,-71,34.0581703,-117.1826553,382.90,1.50,WIFI
AA:6E:84:A3:B3:E3,,[WPA2_PSK],2025-3-26 0:53:7,9,-75,34.0581703,-117.1826553,382.90,1.50,WIFI
94:A6:7E:5B:32:AE,MySpectrumWiFi82-2G,[WPA2_PSK],2025-3-26 0:53:9,11,-62,34.0580025,-117.1826630,382.70,1.50,WIFI
E8:9F:80:73:27:44,J & M Income Tax,[WPA2_PSK],2025-3-26 0:53:9,11,-72,34.0580025,-117.1826630,382.70,1.50,WIFI
24:94:CB:3E:F6:40,Frontier0864,[WPA2_PSK],2025-3-26 0:53:9,11,-74,34.0580025,-117.1826630,382.70,1.50,WIFI
2C:3F:0B:58:B6:1F,Lois Lauer - Wireless,[WPA2_PSK],2025-3-26 0:53:9,11,-80,34.0580025,-117.1826630,382.70,1.50,WIFI
2C:7E:81:94:5A:18,Kouture,[WPA2_PSK],2025-3-26 0:53:11,1,-70,34.0578499,-117.1826782,382.70,1.50,WIFI
62:7E:81:94:5A:19,Kouture_Guest,[WPA2_PSK],2025-3-26 0:53:11,1,-73,34.0578499,-117.1826782,382.70,1.50,WIFI
D0:21:F9:5C:91:F2,shopsuey,[WPA2_PSK],2025-3-26 0:53:11,1,-79,34.0578499,-117.1826782,382.70,1.50,WIFI
D2:21:F9:2C:91:F2,,[WPA2_PSK],2025-3-26 0:53:11,1,-79,34.0578499,-117.1826782,382.70,1.50,WIFI
08:7B:12:40:08:A6,Frontier0731,[WPA2_PSK],2025-3-26 0:53:11,1,-82,34.0578499,-117.1826782,382.70,1.50,WIFI
24:1F:BD:71:FA:A0,OPS_WIFI,[WPA2],2025-3-26 0:53:11,1,-85,34.0578499,-117.1826782,382.70,1.50,WIFI
2C:3F:0B:58:B5:EB,Lois Lauer - Wireless,[WPA2_PSK],2025-3-26 0:53:18,6,-69,34.0575562,-117.1826859,383.10,1.50,WIFI
12:3F:0B:58:B5:EB,,[WPA2_PSK],2025-3-26 0:53:18,6,-69,34.0575562,-117.1826859,383.10,1.50,WIFI
D8:8E:D4:88:61:07,TheThreeStags_private,[WPA2_PSK],2025-3-26 0:53:18,6,-72,34.0575562,-117.1826859,383.10,1.50,WIFI
D8:8E:D4:88:61:10,TheThreeStags_guest,[WPA2_PSK],2025-3-26 0:53:18,6,-73,34.0575562,-117.1826859,383.10,1.50,WIFI
B2:8B:A9:5F:AB:56,FCH-Staff,[WPA2_PSK],2025-3-26 0:53:18,6,-74,34.0575562,-117.1826859,383.10,1.50,WIFI
AC:8B:A9:5F:AB:56,FCH-Admin,[WPA2_PSK],2025-3-26 0:53:18,6,-75,34.0575562,-117.1826859,383.10,1.50,WIFI
B0:BB:E5:33:62:86,SpectrumSetup-80,[WPA2_PSK],2025-3-26 0:53:18,6,-82,34.0575562,-117.1826859,383.10,1.50,WIFI
72:FE:CE:CC:4B:F1,,[WPA2_PSK],2025-3-26 0:53:20,8,-72,34.0575523,-117.1826859,383.10,1.50,WIFI
74:FE:CE:CC:4B:F7,GreenSleeves Wifi,[WPA2_PSK],2025-3-26 0:53:20,8,-73,34.0575523,-117.1826859,383.10,1.50,WIFI
7C:78:B2:66:7F:47,WYZE_2232F87076283959,[WPA_WPA2_PSK],2025-3-26 0:53:23,11,-73,34.0575523,-117.1826859,383.00,1.50,WIFI
66:E0:03:BF:47:F9,,[WPA2_PSK],2025-3-26 0:53:23,11,-79,34.0575523,-117.1826859,383.00,1.50,WIFI
AC:8B:A9:5F:2B:1E,FCH-Admin,[WPA2_PSK],2025-3-26 0:53:23,11,-80,34.0575523,-117.1826859,383.00,1.50,WIFI
B2:8B:A9:5F:2B:1E,FCH-Staff,[WPA2_PSK],2025-3-26 0:53:23,11,-82,34.0575523,-117.1826859,383.00,1.50,WIFI
F8:F5:32:79:66:B0,Frontier2912,[WPA2_PSK],2025-3-26 0:53:23,11,-83,34.0575523,-117.1826859,383.00,1.50,WIFI
94:91:7F:24:A2:D5,MySpectrumWiFid7-2G,[WPA2_PSK],2025-3-26 0:53:23,11,-84,34.0575523,-117.1826859,383.00,1.50,WIFI
B2:8B:A9:5F:A4:2A,FCH-Staff,[WPA2_PSK],2025-3-26 0:53:23,11,-88,34.0575523,-117.1826859,383.00,1.50,WIFI
2C:3F:0B:58:B5:89,Lois Lauer - Wireless,[WPA2_PSK],2025-3-26 0:53:26,1,-69,34.0575523,-117.1826859,382.90,1.75,WIFI
78:76:89:FF:F3:A6,,[OPEN],2025-3-26 0:53:26,1,-86,34.0575523,-117.1826859,382.90,1.75,WIFI
7C:63:05:F1:26:8C,BLINK-DU2X,[OPEN],2025-3-26 0:53:32,6,-74,34.0575485,-117.1826859,383.00,1.75,WIFI
66:97:33:AC:16:1C,MadeFromSkratch_Guest,[WPA2_PSK],2025-3-26 0:53:32,6,-89,34.0575485,-117.1826859,383.00,1.75,WIFI
12:3F:0B:58:B6:1F,,[WPA2_PSK],2025-3-26 0:53:37,11,-72,34.0575485,-117.1826859,383.10,1.50,WIFI
E8:AD:A6:55:F0:06,MySpectrumWiFi00-2G,[WPA2_PSK],2025-3-26 0:53:40,1,-79,34.0575485,-117.1826859,383.20,1.50,WIFI
B2:8B:A9:5F:A9:C2,FCH-Staff,[WPA2_PSK],2025-3-26 0:53:40,1,-90,34.0575485,-117.1826859,383.20,1.50,WIFI
CC:CF:83:CF:DD:93,,[WPA_WPA2_PSK],2025-3-26 0:53:42,2,-82,34.0575485,-117.1826859,383.20,1.50,WIFI
DE:C2:C9:A6:4A:94,DIRECT-2j94-TS7700series,[WPA2_PSK],2025-3-26 0:53:43,3,-86,34.0575485,-117.1826859,383.20,1.50,WIFI
00:30:44:36:FC:0D,496Wifi,[WPA2_PSK],2025-3-26 0:53:46,6,-75,34.0575485,-117.1826782,383.30,1.50,WIFI
AC:8B:A9:5F:B4:22,FCH-Admin,[WPA2_PSK],2025-3-26 0:53:46,6,-79,34.0575485,-117.1826782,383.30,1.50,WIFI
B2:8B:A9:5F:B4:22,FCH-Staff,[WPA2_PSK],2025-3-26 0:53:46,6,-79,34.0575485,-117.1826782,383.30,1.50,WIFI
9C:C9:EB:E8:72:3E,The best wifi around,[OPEN],2025-3-26 0:53:54,1,-77,34.0574303,-117.1826859,382.80,1.50,WIFI
88:DE:7C:54:55:B5,honeyhabits,[WPA2_PSK],2025-3-26 0:53:54,1,-82,34.0574303,-117.1826859,382.80,1.50,WIFI
78:45:58:D7:00:3E,shopsuey,[WPA2_PSK],2025-3-26 0:53:54,1,-86,34.0574303,-117.1826859,382.80,1.50,WIFI
E8:1D:A8:07:E2:98,REB,[WPA2_PSK],2025-3-26 0:53:57,3,-86,34.0572090,-117.1826782,383.10,1.50,WIFI
DC:92:72:E3:47:5F,Frontier0569,[WPA2_PSK],2025-3-26 0:54:0,6,-62,34.0569496,-117.1826859,383.70,1.50,WIFI
9C:57:BC:7C:FF:A6,KluddesRedlands,[WPA2_PSK],2025-3-26 0:54:0,6,-66,34.0569496,-117.1826859,383.70,1.50,WIFI
9C:57:BC:7C:FF:AF,KluddesGuest,[WPA2_PSK],2025-3-26 0:54:0,6,-67,34.0569496,-117.1826859,383.70,1.50,WIFI
D4:05:DE:A7:E4:E4,,[WPA3_PSK],2025-3-26 0:54:0,6,-70,34.0569496,-117.1826859,383.70,1.50,WIFI
D4:05:DE:A7:E4:EA,,[OPEN],2025-3-26 0:54:0,6,-70,34.0569496,-117.1826859,383.70,1.50,WIFI
F0:B6:61:A5:B5:8A,,[OPEN],2025-3-26 0:54:0,6,-71,34.0569496,-117.1826859,383.70,1.50,WIFI
F0:B6:61:A5:B5:87,FalcFi-upstairs,[WPA2_PSK],2025-3-26 0:54:0,6,-71,34.0569496,-117.1826859,383.70,1.50,WIFI
D4:05:DE:A7:E4:E7,FalcFi-upstairs,[WPA2_PSK],2025-3-26 0:54:0,6,-71,34.0569496,-117.1826859,383.70,1.50,WIFI
F0:B6:61:A5:B5:84,,[WPA3_PSK],2025-3-26 0:54:0,6,-72,34.0569496,-117.1826859,383.70,1.50,WIFI
9C:57:BC:7C:FF:A3,,[WPA3_PSK],2025-3-26 0:54:0,6,-72,34.0569496,-117.1826859,383.70,1.50,WIFI
D4:05:DE:AA:40:44,,[WPA3_PSK],2025-3-26 0:54:0,6,-77,34.0569496,-117.1826859,383.70,1.50,WIFI
D4:05:DE:AA:40:47,FalcFi-upstairs,[WPA2_PSK],2025-3-26 0:54:0,6,-77,34.0569496,-117.1826859,383.70,1.50,WIFI
D4:05:DE:AA:40:4A,,[OPEN],2025-3-26 0:54:0,6,-78,34.0569496,-117.1826859,383.70,1.50,WIFI
50:EB:F6:A2:00:D8,Darbys1964,[WPA2_PSK],2025-3-26 0:54:0,7,-67,34.0569496,-117.1826859,383.70,1.50,WIFI
A0:89:66:EA:79:0C,,[WPA_WPA2_PSK],2025-3-26 0:54:5,11,-77,34.0564728,-117.1826859,383.80,1.50,WIFI
00:C8:96:CD:6A:BA,,[WPA_WPA2_PSK],2025-3-26 0:54:5,11,-80,34.0564728,-117.1826859,383.80,1.50,WIFI
C0:89:AB:29:B0:88,Frontier8640,[WPA2_PSK],2025-3-26 0:54:5,11,-81,34.0564728,-117.1826859,383.80,1.50,WIFI
4A:5F:99:89:B6:60,DIRECT-60-HP M148f LaserJet,[WPA2_PSK],2025-3-26 0:54:5,11,-81,34.0564728,-117.1826859,383.80,1.50,WIFI
D0:6D:C9:39:66:D6,HarloandState,[WPA2_PSK],2025-3-26 0:54:5,11,-81,34.0564728,-117.1826859,383.80,1.50,WIFI
74:37:5F:CA:E0:7B,SpectrumSetup-79,[WPA2_PSK],2025-3-26 0:54:5,11,-83,34.0564728,-117.1826859,383.80,1.50,WIFI
FC:12:63:B4:72:C3,MySpectrumWiFif8-2G,[WPA2_PSK],2025-3-26 0:54:7,1,-66,34.0562782,-117.1826859,383.50,1.50,WIFI
DC:92:72:E4:1A:1F,Frontier0566,[WPA2_PSK],2025-3-26 0:54:7,1,-83,34.0562782,-117.1826859,383.50,1.50,WIFI
0C:EA:C9:97:81:58,Kith,[WPA2_PSK],2025-3-26 0:54:7,1,-84,34.0562782,-117.1826859,383.50,1.50,WIFI
6C:CD:D6:FC:8A:B6,cheesewalla admin,[WPA2_PSK],2025-3-26 0:54:10,2,-55,34.0560150,-117.1826935,383.60,1.50,WIFI
E2:55:7D:47:9A:4E,Redlands Vendor,[WPA2_PSK],2025-3-26 0:54:14,6,-67,34.0557632,-117.1827011,383.80,1.50,WIFI
E2:55:7D:47:9A:41,,[WPA_WPA2_PSK],2025-3-26 0:54:14,6,-68,34.0557632,-117.1827011,383.80,1.50,WIFI
E2:55:7D:47:9A:4D,Redlands IoT,[WPA2_PSK],2025-3-26 0:54:14,6,-68,34.0557632,-117.1827011,383.80,1.50,WIFI
B0:FC:88:06:E7:76,Frontier0136,[WPA2_PSK],2025-3-26 0:54:14,6,-69,34.0557632,-117.1827011,383.80,1.50,WIFI
E2:55:7D:47:9A:40,RedCity,[WPA_WPA2_PSK],2025-3-26 0:54:14,6,-69,34.0557632,-117.1827011,383.80,1.50,WIFI
E2:55:7D:47:9A:46,Redlands-BYOD,[WPA_WPA2_PSK],2025-3-26 0:54:14,6,-69,34.0557632,-117.1827011,383.80,1.50,WIFI
E2:55:7D:47:9A:42,CityThatWorks,[WPA2],2025-3-26 0:54:14,6,-70,34.0557632,-117.1827011,383.80,1.50,WIFI
F4:92:BF:6A:02:E1,KithShop,[WPA2_PSK],2025-3-26 0:54:14,6,-77,34.0557632,-117.1827011,383.80,1.50,WIFI
A4:13:4E:D7:DA:11,BatterRebellion 2.4,[WPA2_PSK],2025-3-26 0:54:14,6,-77,34.0557632,-117.1827011,383.80,1.50,WIFI
F4:52:46:9D:D0:1E,Rally Forward,[WPA2_PSK],2025-3-26 0:54:14,6,-78,34.0557632,-117.1827011,383.80,1.50,WIFI
FA:92:BF:6A:02:E1,,[WPA2_PSK],2025-3-26 0:54:14,6,-78,34.0557632,-117.1827011,383.80,1.50,WIFI
E2:55:7D:48:5F:F6,Redlands-BYOD,[WPA_WPA2_PSK],2025-3-26 0:54:20,11,-57,34.0553017,-117.1826782,383.00,1.50,WIFI
E2:55:7D:48:5F:FD,Redlands IoT,[WPA2_PSK],2025-3-26 0:54:20,11,-57,34.0553017,-117.1826782,383.00,1.50,WIFI
E2:55:7D:48:5F:F0,RedCity,[WPA_WPA2_PSK],2025-3-26 0:54:20,11,-58,34.0553017,-117.1826782,383.00,1.50,WIFI
E2:55:7D:48:5F:F1,,[WPA_WPA2_PSK],2025-3-26 0:54:20,11,-58,34.0553017,-117.1826782,383.00,1.50,WIFI
E2:55:7D:48:5F:F2,CityThatWorks,[WPA2],2025-3-26 0:54:20,11,-59,34.0553017,-117.1826782,383.00,1.50,WIFI
54:04:63:FB:00:20,,[WPA_WPA2_PSK],2025-3-26 0:54:20,11,-76,34.0553017,-117.1826782,383.00,1.50,WIFI
6C:AE:F6:BC:3B:A4,,[WPA3_PSK],2025-3-26 0:54:20,11,-82,34.0553017,-117.1826782,383.00,1.50,WIFI
9E:A3:A9:89:63:03,,[WPA2_PSK],2025-3-26 0:54:20,13,-89,34.0553017,-117.1826782,383.00,1.50,WIFI
1C:B0:44:20:B3:F5,MySpectrumWiFif7-2G,[WPA2_PSK],2025-3-26 0:54:23,1,-72,34.0550270,-117.1826172,382.60,1.50,WIFI
F0:7F:06:D7:E7:80,redlandspd,[WPA2],2025-3-26 0:54:23,1,-76,34.0550270,-117.1826172,382.60,1.50,WIFI
F0:7F:06:D7:E7:81,rpdguest,[WPA2_PSK],2025-3-26 0:54:23,1,-77,34.0550270,-117.1826172,382.60,1.50,WIFI
9E:15:44:67:8B:E6,City of Redlands WiFi,[OPEN],2025-3-26 0:54:23,1,-79,34.0550270,-117.1826172,382.60,1.50,WIFI
08:7B:12:4A:46:42,SpectrumSetup-3C,[WPA2_PSK],2025-3-26 0:54:23,1,-81,34.0550270,-117.1826172,382.60,1.50,WIFI
EE:55:A8:A2:DD:B9,CONFIRE,[WPA2_PSK],2025-3-26 0:54:23,1,-81,34.0550270,-117.1826172,382.60,1.50,WIFI
EA:55:A8:A2:DD:B9,CONFIRE-Guest,[WPA2_PSK],2025-3-26 0:54:23,1,-81,34.0550270,-117.1826172,382.60,1.50,WIFI
E2:55:7D:48:51:20,RedCity,[WPA_WPA2_PSK],2025-3-26 0:54:23,1,-82,34.0550270,-117.1826172,382.60,1.50,WIFI
E2:55:7D:48:51:2D,Redlands IoT,[WPA2_PSK],2025-3-26 0:54:23,1,-82,34.0550270,-117.1826172,382.60,1.50,WIFI
D8:A7:56:97:00:BE,MySpectrumWiFib8-2G,[WPA2_PSK],2025-3-26 0:54:23,1,-82,34.0550270,-117.1826172,382.60,1.50,WIFI
DA:55:A8:A2:DD:B9,,[WPA2_PSK],2025-3-26 0:54:23,1,-82,34.0550270,-117.1826172,382.60,1.50,WIFI
98:1E:19:4E:5A:66,MySpectrumWiFi60-2G,[WPA2_PSK],2025-3-26 0:54:23,1,-85,34.0550270,-117.1826172,382.60,1.50,WIFI
F0:7F:06:8F:B0:A1,rpdguest,[WPA2_PSK],2025-3-26 0:54:23,1,-86,34.0550270,-117.1826172,382.60,1.50,WIFI
74:37:5F:50:1C:7F,SpectrumSetup-7D,[WPA2_PSK],2025-3-26 0:54:23,1,-86,34.0550270,-117.1826172,382.60,1.50,WIFI
E2:55:7D:48:51:21,,[WPA_WPA2_PSK],2025-3-26 0:54:23,1,-88,34.0550270,-117.1826172,382.60,1.50,WIFI
84:34:97:AF:8B:0D,HP-Print-0D-Officejet Pro 8600,[OPEN],2025-3-26 0:54:23,1,-89,34.0550270,-117.1826172,382.60,1.50,WIFI
EC:BD:1D:CD:9B:81,rpdguest,[WPA2_PSK],2025-3-26 0:54:23,1,-90,34.0550270,-117.1826172,382.60,1.50,WIFI
48:22:54:31:8D:F1,MySpectrumWiFi98-2G_EXT,[WPA2_PSK],2025-3-26 0:54:23,2,-80,34.0550270,-117.1826172,382.60,1.50,WIFI
9C:A2:F4:75:FA:2F,opticsneural,[WPA2_PSK],2025-3-26 0:54:27,3,-84,34.0546494,-117.1823730,382.30,1.50,WIFI
10:0C:6B:F7:99:A8,whitefrog,[WPA2_PSK],2025-3-26 0:54:28,4,-85,34.0545502,-117.1822968,382.40,1.50,WIFI
10:0C:6B:59:CD:3C,whitefrog,[WPA2_PSK],2025-3-26 0:54:28,4,-88,34.0545502,-117.1822968,382.40,1.50,WIFI
C0:D7:AA:EB:7C:DF,TMOBILE-7CDD,[WPA2_WPA3_PSK],2025-3-26 0:54:29,5,-78,34.0544548,-117.1822205,382.50,1.50,WIFI
FC:12:63:82:53:1D,SpectrumSetup-1F,[WPA2_PSK],2025-3-26 0:54:30,6,-55,34.0543594,-117.1821442,382.60,1.50,WIFI
A4:97:33:45:54:81,Root CS,[WPA2_PSK],2025-3-26 0:54:30,6,-58,34.0543594,-117.1821442,382.60,1.50,WIFI
7A:45:58:A3:29:3C,,[WPA2_PSK],2025-3-26 0:54:30,6,-67,34.0543594,-117.1821442,382.60,1.50,WIFI
7A:45:58:93:29:3C,,[WPA2_PSK],2025-3-26 0:54:30,6,-68,34.0543594,-117.1821442,382.60,1.50,WIFI
78:45:58:F3:29:3C,FPR Control,[WPA2_PSK],2025-3-26 0:54:30,6,-70,34.0543594,-117.1821442,382.60,1.50,WIFI
F4:3C:3B:C7:47:7F,Shark_RV2500WX-NA-f43c3bc7477f,[OPEN],2025-3-26 0:54:30,6,-77,34.0543594,-117.1821442,382.60,1.50,WIFI
EC:BD:1D:E3:D2:41,rpdguest,[WPA2_PSK],2025-3-26 0:54:30,6,-84,34.0543594,-117.1821442,382.60,1.50,WIFI
EC:BD:1D:E3:D2:40,redlandspd,[WPA2],2025-3-26 0:54:30,6,-85,34.0543594,-117.1821442,382.60,1.50,WIFI
6A:62:8B:42:B2:68,Paulson Ortho_MLO,[WPA3_PSK],2025-3-26 0:54:30,6,-90,34.0543594,-117.1821442,382.60,1.50,WIFI
F4:63:49:E7:55:30,Franklin T10 4208,[WPA2_PSK],2025-3-26 0:54:32,8,-87,34.0541687,-117.1819839,382.80,1.50,WIFI
38:94:ED:6B:BA:58,Fox Lobby,[WPA2_PSK],2025-3-26 0:54:33,9,-67,34.0540733,-117.1819077,382.90,1.50,WIFI
80:CC:9C:3E:9B:71,VIGILANS,[WPA2_PSK],2025-3-26 0:54:33,9,-92,34.0540733,-117.1819077,382.90,1.50,WIFI
00:80:92:69:91:98,08137MX-M365N,[WPA_PSK],2025-3-26 0:54:35,11,-73,34.0538902,-117.1817627,383.30,1.50,WIFI
86:2A:A8:47:05:05,Methodist Guest,[OPEN],2025-3-26 0:54:35,11,-74,34.0538902,-117.1817627,383.30,1.50,WIFI
8A:2A:A8:47:05:05,,[WPA2_PSK],2025-3-26 0:54:35,11,-74,34.0538902,-117.1817627,383.30,1.50,WIFI
80:2A:A8:47:05:05,Church-Staff,[WPA2_PSK],2025-3-26 0:54:35,11,-75,34.0538902,-117.1817627,383.30,1.50,WIFI
24:1F:BD:D3:20:C0,VL Wifi,[WPA_WPA2_PSK],2025-3-26 0:54:35,11,-76,34.0538902,-117.1817627,383.30,1.50,WIFI
8E:2A:A8:47:05:05,RFC-Media,[WPA2_PSK],2025-3-26 0:54:35,11,-77,34.0538902,-117.1817627,383.30,1.50,WIFI
0C:80:63:64:DE:FA,300,[WPA_WPA2_PSK],2025-3-26 0:54:35,11,-78,34.0538902,-117.1817627,383.30,1.50,WIFI
C6:9E:28:DA:FC:5F,,[WPA2],2025-3-26 0:54:35,11,-81,34.0538902,-117.1817627,383.30,1.50,WIFI
32:D1:6B:0C:5C:B9,,[WPA2_PSK],2025-3-26 0:54:35,11,-88,34.0538902,-117.1817627,383.30,1.50,WIFI
98:F7:81:D5:9E:82,Frontier4672,[WPA2_PSK],2025-3-26 0:54:35,11,-89,34.0538902,-117.1817627,383.30,1.50,WIFI
9E:A3:A9:8E:39:45,,[WPA2_PSK],2025-3-26 0:54:35,13,-88,34.0538902,-117.1817627,383.30,1.50,WIFI
14:7D:05:4E:53:A7,CLM,[WPA2_PSK],2025-3-26 0:54:38,1,-69,34.0536346,-117.1815567,384.00,1.50,WIFI
9E:05:D6:3D:83:5D,,[WPA2_PSK],2025-3-26 0:54:38,1,-84,34.0536346,-117.1815567,384.00,1.50,WIFI
9E:05:D6:1D:83:5D,Methodist Guest,[OPEN],2025-3-26 0:54:38,1,-86,34.0536346,-117.1815567,384.00,1.50,WIFI
88:DE:7C:A3:0E:B1,SpectrumSetup-B3,[WPA2_PSK],2025-3-26 0:54:38,1,-86,34.0536346,-117.1815567,384.00,1.50,WIFI
78:8A:20:81:DB:92,DiehlOrthodontics,[WPA2_PSK],2025-3-26 0:54:38,1,-89,34.0536346,-117.1815567,384.00,1.50,WIFI
34:98:B5:67:88:0C,NETGEAR12,[WPA2_PSK],2025-3-26 0:54:41,3,-73,34.0533752,-117.1813507,384.90,1.50,WIFI
5C:62:8B:42:B8:C8,Paulson Ortho,[WPA2_PSK],2025-3-26 0:54:42,4,-80,34.0532799,-117.1812820,385.10,1.50,WIFI
6A:62:8B:42:B8:C8,Paulson Ortho_MLO,[WPA3_PSK],2025-3-26 0:54:42,4,-89,34.0532799,-117.1812820,385.10,1.50,WIFI
5C:62:8B:42:B2:68,Paulson Ortho,[WPA2_PSK],2025-3-26 0:54:44,6,-60,34.0530891,-117.1811295,385.60,1.50,WIFI
66:62:8B:42:B2:68,,[WPA2_PSK],2025-3-26 0:54:44,6,-63,34.0530891,-117.1811295,385.60,1.50,WIFI
62:62:8B:42:B2:68,Paulson Ortho-guest,[WPA2_PSK],2025-3-26 0:54:44,6,-64,34.0530891,-117.1811295,385.60,1.50,WIFI
7C:DB:98:EB:44:EE,MySpectrumWiFiF0-2G,[WPA2_PSK],2025-3-26 0:54:44,6,-76,34.0530891,-117.1811295,385.60,1.50,WIFI
3C:52:82:1F:FF:B7,DIRECT-B6-HP ENVY 7640 series,[WPA2_PSK],2025-3-26 0:54:44,6,-85,34.0530891,-117.1811295,385.60,1.50,WIFI
8E:15:44:A8:37:C1,,[WPA2],2025-3-26 0:54:44,6,-88,34.0530891,-117.1811295,385.60,1.50,WIFI
FC:12:63:8F:09:55,Spectrum-76,[WPA2_PSK],2025-3-26 0:54:44,6,-91,34.0530891,-117.1811295,385.60,1.50,WIFI
6E:D7:9A:74:A7:00,CajonSt,[WPA2_PSK],2025-3-26 0:54:44,6,-94,34.0530891,-117.1811295,385.60,1.50,WIFI
3E:94:ED:69:57:9C,Primemill,[WPA2_PSK],2025-3-26 0:54:48,10,-67,34.0527534,-117.1808853,386.70,1.50,WIFI
38:94:ED:69:57:9C,,[WPA2_PSK],2025-3-26 0:54:48,10,-68,34.0527534,-117.1808853,386.70,1.50,WIFI
38:94:ED:58:1D:17,Primemill,[WPA2_PSK],2025-3-26 0:54:48,10,-70,34.0527534,-117.1808853,386.70,1.50,WIFI
3E:94:ED:58:1D:17,,[WPA2_PSK],2025-3-26 0:54:48,10,-70,34.0527534,-117.1808853,386.70,1.50,WIFI
3E:94:ED:69:56:D4,Primemill,[WPA2_PSK],2025-3-26 0:54:48,10,-75,34.0527534,-117.1808853,386.70,1.50,WIFI
FE:EC:DA:BA:45:FA,WANG GUEST,[WPA2_PSK],2025-3-26 0:54:49,11,-70,34.0526886,-117.1808395,386.90,1.50,WIFI
4C:19:5D:92:F9:43,SpectrumSetup-3D,[WPA2_PSK],2025-3-26 0:54:49,11,-77,34.0526886,-117.1808395,386.90,1.50,WIFI
A0:64:8F:EA:53:71,MySpectrumWiFi73-2G,[WPA2_PSK],2025-3-26 0:54:49,11,-77,34.0526886,-117.1808395,386.90,1.50,WIFI
82:15:44:A8:3C:0A,EPIC-GUEST,[OPEN],2025-3-26 0:54:49,11,-81,34.0526886,-117.1808395,386.90,1.50,WIFI
B6:15:44:A8:3C:0A,,[WPA2],2025-3-26 0:54:49,11,-82,34.0526886,-117.1808395,386.90,1.50,WIFI
88:15:44:A8:3B:D5,CJN-Secure,[WPA_WPA2_PSK],2025-3-26 0:54:49,11,-83,34.0526886,-117.1808395,386.90,1.50,WIFI
88:15:44:A8:3C:0A,,[WPA_WPA2_PSK],2025-3-26 0:54:49,11,-84,34.0526886,-117.1808395,386.90,1.50,WIFI
82:15:44:A8:3B:D5,EPIC-GUEST,[OPEN],2025-3-26 0:54:49,11,-85,34.0526886,-117.1808395,386.90,1.50,WIFI
7E:8A:20:87:58:69,CajonSt,[WPA2_PSK],2025-3-26 0:54:49,11,-87,34.0526886,-117.1808395,386.90,1.50,WIFI
78:8A:20:87:58:69,WBnet,[WPA2_PSK],2025-3-26 0:54:49,11,-88,34.0526886,-117.1808395,386.90,1.50,WIFI
60:F4:19:59:BB:E6,Sabs,[WPA2_PSK],2025-3-26 0:54:50,1,-74,34.0526352,-117.1808014,386.90,1.50,WIFI
C4:A8:16:0E:4D:05,,[WPA3_PSK],2025-3-26 0:54:50,1,-79,34.0526352,-117.1808014,386.90,1.50,WIFI
F8:E4:FB:D0:22:DB,,[OPEN],2025-3-26 0:54:50,1,-81,34.0526352,-117.1808014,386.90,1.50,WIFI
8E:15:44:A8:37:95,,[WPA2],2025-3-26 0:54:50,1,-83,34.0526352,-117.1808014,386.90,1.50,WIFI
86:15:44:A8:37:95,,[WPA2],2025-3-26 0:54:50,1,-83,34.0526352,-117.1808014,386.90,1.50,WIFI
B6:15:44:A8:37:95,,[WPA2],2025-3-26 0:54:50,1,-85,34.0526352,-117.1808014,386.90,1.50,WIFI
F0:9F:C2:A4:48:B1,2peasinapod,[WPA2_PSK],2025-3-26 0:54:50,1,-85,34.0526352,-117.1808014,386.90,1.50,WIFI
F6:9F:C2:A4:48:B1,,[WPA2_PSK],2025-3-26 0:54:50,1,-85,34.0526352,-117.1808014,386.90,1.50,WIFI
82:15:44:A8:37:95,EPIC-GUEST,[OPEN],2025-3-26 0:54:50,1,-86,34.0526352,-117.1808014,386.90,1.50,WIFI
8A:15:04:F9:25:12,EPIC-GUEST,[OPEN],2025-3-26 0:54:50,1,-88,34.0526352,-117.1808014,386.90,1.50,WIFI
F4:05:95:D6:FB:F6,valerieceleryy,[WPA2_PSK],2025-3-26 0:54:50,1,-89,34.0526352,-117.1808014,386.90,1.50,WIFI
C4:04:15:1E:15:0F,TheMissionRedlands,[WPA2_PSK],2025-3-26 0:54:56,3,-79,34.0524712,-117.1806717,387.30,1.50,WIFI
9C:3D:CF:1F:0B:A6,ARLO_VMB_1741448156,[WPA2_PSK],2025-3-26 0:54:56,3,-85,34.0524712,-117.1806717,387.30,1.50,WIFI
AC:DF:9F:5C:1D:16,TheShadowRealm,[WPA2_WPA3_PSK],2025-3-26 0:54:57,4,-85,34.0524597,-117.1806641,387.30,1.50,WIFI
AC:DF:9F:4F:5A:BE,Violet,[WPA2_WPA3_PSK],2025-3-26 0:54:58,5,-86,34.0524483,-117.1806564,387.40,1.50,WIFI
86:15:44:A8:37:C1,EPIC-BYOD,[WPA2],2025-3-26 0:54:59,6,-65,34.0524368,-117.1806488,387.40,1.50,WIFI
B6:15:44:A8:37:C1,,[WPA2],2025-3-26 0:54:59,6,-65,34.0524368,-117.1806488,387.40,1.50,WIFI
88:15:44:A8:37:C1,CJN-Secure,[WPA_WPA2_PSK],2025-3-26 0:54:59,6,-66,34.0524368,-117.1806488,387.40,1.50,WIFI
82:15:44:A8:37:C1,EPIC-GUEST,[OPEN],2025-3-26 0:54:59,6,-66,34.0524368,-117.1806488,387.40,1.50,WIFI
C8:C6:FE:26:14:06,Lil Wills,[WPA2_PSK],2025-3-26 0:54:59,6,-79,34.0524368,-117.1806488,387.40,1.50,WIFI
8E:15:44:A8:3C:0A,,[WPA2],2025-3-26 0:55:4,11,-71,34.0524368,-117.1806412,387.10,1.50,WIFI
86:15:44:A8:3C:0A,,[WPA2],2025-3-26 0:55:4,11,-73,34.0524368,-117.1806412,387.10,1.50,WIFI
78:29:ED:4E:0F:AD,MySpectrumWiFiAF-2G,[WPA2_PSK],2025-3-26 0:55:4,11,-73,34.0524368,-117.1806412,387.10,1.50,WIFI
DC:F5:1B:55:C7:C1,Verizon_GQD394,[WPA2_PSK],2025-3-26 0:55:4,11,-76,34.0524368,-117.1806412,387.10,1.50,WIFI
82:15:44:A8:3C:49,EPIC-GUEST,[OPEN],2025-3-26 0:55:4,11,-87,34.0524368,-117.1806412,387.10,1.50,WIFI
88:15:44:A8:3C:49,,[WPA_WPA2_PSK],2025-3-26 0:55:4,11,-87,34.0524368,-117.1806412,387.10,1.50,WIFI
8E:15:44:A8:3C:49,,[WPA2],2025-3-26 0:55:4,11,-88,34.0524368,-117.1806412,387.10,1.50,WIFI
86:15:44:A8:3C:49,,[WPA2],2025-3-26 0:55:4,11,-88,34.0524368,-117.1806412,387.10,1.50,WIFI
88:15:44:A8:37:95,CJN-Secure,[WPA_WPA2_PSK],2025-3-26 0:55:6,1,-72,34.0524368,-117.1806412,387.10,1.50,WIFI
84:1B:5E:D4:0A:B5,Cajon RX 2g,[WPA2_PSK],2025-3-26 0:55:6,1,-74,34.0524368,-117.1806412,387.10,1.50,WIFI
60:F4:19:59:BB:E9,,[OPEN],2025-3-26 0:55:6,1,-77,34.0524368,-117.1806412,387.10,1.50,WIFI
60:F4:19:59:BB:E3,,[WPA3_PSK],2025-3-26 0:55:6,1,-78,34.0524368,-117.1806412,387.10,1.50,WIFI
C4:A8:16:0E:4D:0B,,[OPEN],2025-3-26 0:55:6,1,-79,34.0524368,-117.1806412,387.10,1.50,WIFI
C4:A8:16:0E:4D:08,MySkincareStudio,[WPA2_PSK],2025-3-26 0:55:6,1,-79,34.0524368,-117.1806412,387.10,1.50,WIFI
40:2B:50:89:90:08,Frontier3968,[WPA2_PSK],2025-3-26 0:55:6,1,-87,34.0524368,-117.1806412,387.10,1.50,WIFI
C8:C6:FE:26:14:03,,[WPA3_PSK],2025-3-26 0:55:13,6,-72,34.0524406,-117.1806412,387.10,1.50,WIFI
30:60:0A:25:3B:B4,,[WPA_WPA2_PSK],2025-3-26 0:55:13,6,-83,34.0524406,-117.1806412,387.10,1.50,WIFI
4C:AB:F8:47:7A:0D,SpectrumSetup-0F,[WPA2_PSK],2025-3-26 0:55:13,6,-84,34.0524406,-117.1806412,387.10,1.50,WIFI
6C:CD:D6:D4:B3:58,VIGILANS,[WPA2_PSK],2025-3-26 0:55:16,9,-83,34.0524406,-117.1806412,387.20,1.50,WIFI
4C:19:5D:08:C8:7A,Lotus and Chivo,[WPA2_PSK],2025-3-26 0:55:21,1,-84,34.0524406,-117.1806335,387.40,1.50,WIFI
62:62:8B:42:B8:C8,Paulson Ortho-guest,[WPA2_PSK],2025-3-26 0:55:25,4,-87,34.0524406,-117.1806335,387.60,1.50,WIFI
FA:38:69:BB:C8:24,My VW 3815,[WPA2_PSK],2025-3-26 0:55:27,6,-71,34.0524406,-117.1806335,387.70,1.50,WIFI
5C:18:DD:F0:AE:73,,[WPA_WPA2_PSK],2025-3-26 0:55:29,8,-75,34.0524406,-117.1806335,387.70,1.50,WIFI
38:94:ED:69:56:D4,,[WPA2_PSK],2025-3-26 0:55:31,10,-76,34.0524406,-117.1806335,387.70,1.50,WIFI
86:15:44:A8:3B:D5,,[WPA2],2025-3-26 0:55:32,11,-75,34.0524406,-117.1806335,387.70,1.50,WIFI
B6:15:44:A8:3B:D5,,[WPA2],2025-3-26 0:55:32,11,-76,34.0524406,-117.1806335,387.70,1.50,WIFI
8E:15:44:A8:3B:D5,,[WPA2],2025-3-26 0:55:32,11,-77,34.0524406,-117.1806335,387.70,1.50,WIFI
00:18:05:19:EE:57,inhand,[WPA2_PSK],2025-3-26 0:55:32,11,-85,34.0524406,-117.1806335,387.70,1.50,WIFI
82:15:44:A8:3C:42,EPIC-GUEST,[OPEN],2025-3-26 0:55:32,11,-86,34.0524406,-117.1806335,387.70,1.50,WIFI
88:15:44:A8:3C:42,CJN-Secure,[WPA_WPA2_PSK],2025-3-26 0:55:32,11,-87,34.0524406,-117.1806335,387.70,1.50,WIFI
B6:15:44:A8:3C:42,,[WPA2],2025-3-26 0:55:32,11,-88,34.0524406,-117.1806335,387.70,1.50,WIFI
C8:C6:FE:26:14:09,,[OPEN],2025-3-26 0:55:41,6,-71,34.0524406,-117.1806335,387.40,1.50,WIFI
74:90:BC:53:8A:03,Verizon_XJH64D,[WPA2_PSK],2025-3-26 0:55:41,6,-88,34.0524406,-117.1806335,387.40,1.50,WIFI
8E:15:44:A8:3C:42,EPIC-WLAN,[WPA2],2025-3-26 0:55:46,11,-87,34.0524368,-117.1806335,387.20,1.50,WIFI
B6:15:44:A8:3C:49,,[WPA2],2025-3-26 0:55:46,11,-89,34.0524368,-117.1806335,387.20,1.50,WIFI
18:1B:EB:46:49:49,76WJ8,[WPA2_PSK],2025-3-26 0:55:48,1,-86,34.0524368,-117.1806335,387.20,1.50,WIFI
78:29:ED:E1:DE:A1,SpectrumSetup-A3,[WPA2_PSK],2025-3-26 0:55:48,1,-88,34.0524368,-117.1806335,387.20,1.50,WIFI
46:52:A1:90:5F:EE,,[WPA2_PSK],2025-3-26 0:55:50,2,-90,34.0524368,-117.1806335,387.20,1.50,WIFI
AC:8B:A9:9D:28:94,Cajon Dental,[WPA2_PSK],2025-3-26 0:56:1,1,-77,34.0524368,-117.1806335,386.80,1.50,WIFI
A0:8C:FD:5E:BB:AF,DIRECT-B6-HP OfficeJet Pro 8710,[WPA2_PSK],2025-3-26 0:56:8,6,-86,34.0524368,-117.1806335,386.60,1.50,WIFI
86:2A:A8:D7:E7:E3,CajonSt,[WPA2_PSK],2025-3-26 0:56:15,1,-84,34.0524368,-117.1806335,386.60,1.50,WIFI
CE:40:D0:85:A7:44,gchan-Guest,[WPA2_PSK],2025-3-26 0:56:18,2,-87,34.0524406,-117.1806335,386.50,1.50,WIFI
AE:DF:9F:7C:1D:16,,[WPA2_WPA3_PSK],2025-3-26 0:56:20,4,-69,34.0524445,-117.1806259,386.60,1.50,WIFI
34:98:B5:96:3E:7D,ShoOtingStar,[WPA2_PSK],2025-3-26 0:56:21,5,-75,34.0524445,-117.1806259,386.50,1.50,WIFI
80:3F:5D:2F:1B:BC,@WAVLINK_BB,[WPA_WPA2_PSK],2025-3-26 0:56:29,13,-89,34.0524559,-117.1806183,384.30,1.50,WIFI
B2:8B:A9:9D:28:94,,[WPA2_PSK],2025-3-26 0:56:29,1,-74,34.0524559,-117.1806183,384.30,1.50,WIFI
6A:9A:87:0F:0C:81,,[WPA2_PSK],2025-3-26 0:56:29,1,-87,34.0524559,-117.1806183,384.30,1.50,WIFI
E8:D2:FF:B2:A7:5E,SpectrumSetup-58,[WPA2_PSK],2025-3-26 0:56:29,1,-88,34.0524559,-117.1806183,384.30,1.50,WIFI
86:25:4A:65:8A:26,rockys castle _Guest,[WPA2_PSK],2025-3-26 0:56:34,4,-80,34.0524597,-117.1806183,383.30,1.50,WIFI
86:25:4A:65:8A:25,rockys castle ,[WPA2_PSK],2025-3-26 0:56:34,4,-81,34.0524597,-117.1806183,383.30,1.50,WIFI
44:AD:B1:46:18:66,SpectrumSetup-60,[WPA2_PSK],2025-3-26 0:56:36,6,-84,34.0524559,-117.1806183,383.30,1.50,WIFI
5C:62:8B:42:B1:30,Paulson Ortho,[WPA2_PSK],2025-3-26 0:56:40,10,-81,34.0524521,-117.1806107,383.40,1.50,WIFI
14:7D:05:4E:1A:93,SpectrumSetup-80,[WPA2_PSK],2025-3-26 0:56:58,1,-89,34.0524788,-117.1804810,379.30,1.50,WIFI
38:94:ED:84:A2:DC,Amped_Network_2GEXT,[WPA_WPA2_PSK],2025-3-26 0:56:58,1,-92,34.0524788,-117.1804810,379.30,1.50,WIFI
AC:8B:A9:9D:09:AB,Cajon Dental,[WPA2_PSK],2025-3-26 0:57:4,6,-36,34.0524864,-117.1804428,381.60,1.50,WIFI
B2:8B:A9:9D:09:AB,,[WPA2_PSK],2025-3-26 0:57:4,6,-36,34.0524864,-117.1804428,381.60,1.50,WIFI
E0:63:DA:3D:15:B6,SONG_DDS,[WPA2_PSK],2025-3-26 0:57:4,6,-65,34.0524864,-117.1804428,381.60,1.50,WIFI
E6:63:DA:3D:15:B6,,[WPA2_PSK],2025-3-26 0:57:4,6,-65,34.0524864,-117.1804428,381.60,1.50,WIFI
EA:63:DA:3D:15:B6,,[WPA2_PSK],2025-3-26 0:57:4,6,-70,34.0524864,-117.1804428,381.60,1.50,WIFI
4C:19:5D:B4:57:48,SpectrumSetup-42,[WPA2_PSK],2025-3-26 0:57:4,6,-75,34.0524864,-117.1804428,381.60,1.50,WIFI
CC:40:D0:85:A7:43,gchan-2.4,[WPA2_PSK],2025-3-26 0:57:15,2,-69,34.0525246,-117.1804123,384.30,1.50,WIFI
FA:D0:27:3F:F8:14,DIRECT-273F7814,[WPA2_PSK],2025-3-26 0:57:15,2,-79,34.0525246,-117.1804123,384.30,1.50,WIFI
E0:63:DA:3D:0E:B6,SONG_DDS,[WPA2_PSK],2025-3-26 0:57:24,11,-71,34.0525360,-117.1803894,386.30,1.50,WIFI
E6:63:DA:3D:0E:B6,,[WPA2_PSK],2025-3-26 0:57:24,11,-72,34.0525360,-117.1803894,386.30,1.50,WIFI
EA:63:DA:3D:0E:B6,,[WPA2_PSK],2025-3-26 0:57:24,11,-74,34.0525360,-117.1803894,386.30,1.50,WIFI
3C:52:82:F8:88:A6,DIRECT-A5-HP OfficeJet 3830,[WPA2_PSK],2025-3-26 0:57:24,11,-91,34.0525360,-117.1803894,386.30,1.50,WIFI
32:24:A9:56:47:A2,DIRECT-A2-HP OfficeJet Pro 8210,[WPA2_PSK],2025-3-26 0:57:26,1,-91,34.0525475,-117.1803894,386.10,1.50,WIFI
BE:F4:D4:24:4F:44,DIRECT-44-HP M283 LaserJet,[WPA2_PSK],2025-3-26 0:57:40,1,-90,34.0525589,-117.1803589,387.40,1.50,WIFI
3C:37:86:7E:E2:86,NETGEAR84,[WPA2_PSK],2025-3-26 0:57:48,7,-92,34.0525513,-117.1803741,388.70,1.50,WIFI
8A:15:04:F9:25:10,,[WPA_WPA2_PSK],2025-3-26 0:57:54,1,-88,34.0525513,-117.1803741,389.20,1.50,WIFI
FA:8F:CA:5A:A5:FF,Master bedroom speaker.l057_,[OPEN],2025-3-26 0:59:52,6,-88,34.0525284,-117.1803818,388.30,1.50,WIFI
